--- wii64 perf log ---
mark: diag received dynacore line
mark: diag requested core: dynarec
mark: pad replay records: 1
selftest:
  raw[0]=51283091612431255
  raw[1]=51283091612431256
  raw[2]=51283091612431269
  raw[3]=51283091612431281
  raw[4]=51283091612431294
  delta[0]=0us
  delta[1]=0us
  delta[2]=0us
  delta[3]=0us
mark: audio quality: accurate
mark: audio modes: n64=0 output=0 mixer=0 latency=2 sync=0
mark: diag applied core: dynarec
mark: HBC agent ready
mark: loadROM: enter
mark: loadROM: before rom_read
mark: ROMCache_load: enter
mark: ROMCache_load: before first read
mark: ROMCache_load: first read returned
mark: ROMCache_load: byte_swap_type set
mark: ROMCache_load: first byte_swap done
menufps: 61.9
mark: ROMCache_load: loop exited normally
mark: ROMCache_load: elapsed_us=508757 bytes=16777216 vm=0
mark: loadROM: after rom_read
mark: loadROM: before init_memory
mark: loadROM: after init_memory
mark: loadROM: before romOpen_gfx
mark: loadROM: after romOpen_gfx / before romOpen_audio
mark: loadROM: after romOpen_audio / before romOpen_input
mark: loadROM: after romOpen_input / before cpu_init
mark: loadROM: after cpu_init
menufps: 1.0
fps: 0.1
first_vi: vi0_retrace=216
vis: 0.1
cpu: exceptions=0 cacheResets=0 batches=0 verts=0 texStalls=0 recompiles=0 underruns=0 overruns=0 sleep_us=0 queue_ms=0
mark: CPU core dispatch: dynarec
vis: 60.0
cpu: exceptions=1472 cacheResets=1 batches=0 verts=0 texStalls=0 recompiles=421 underruns=0 overruns=0 sleep_us=109484 queue_ms=130
fps: 3.1
vis: 60.0
cpu: exceptions=2356 cacheResets=1 batches=0 verts=0 texStalls=0 recompiles=425 underruns=0 overruns=0 sleep_us=455890 queue_ms=124
fps: 60.9
vis: 60.0
cpu: exceptions=2626 cacheResets=1 batches=0 verts=0 texStalls=0 recompiles=425 underruns=0 overruns=0 sleep_us=884495 queue_ms=129
fps: 60.0
vis: 60.0
cpu: exceptions=2919 cacheResets=1 batches=0 verts=0 texStalls=0 recompiles=468 underruns=0 overruns=0 sleep_us=1292801 queue_ms=126
vis: 60.0
cpu: exceptions=3299 cacheResets=1 batches=0 verts=0 texStalls=0 recompiles=468 underruns=0 overruns=0 sleep_us=1601203 queue_ms=130
fps: 14.7
vis: 51.3
cpu: exceptions=3628 cacheResets=1 batches=1934 verts=51708 texStalls=0 recompiles=742 underruns=0 overruns=0 sleep_us=1753120 queue_ms=51
fps: 57.1
vis: 60.0
cpu: exceptions=3919 cacheResets=1 batches=8714 verts=229188 texStalls=0 recompiles=763 underruns=0 overruns=0 sleep_us=1793782 queue_ms=55
fps: 60.0
vis: 60.0
cpu: exceptions=4214 cacheResets=1 batches=15486 verts=406620 texStalls=0 recompiles=771 underruns=0 overruns=0 sleep_us=1833689 queue_ms=51
fps: 60.0
vis: 60.0
cpu: exceptions=4513 cacheResets=1 batches=22236 verts=583920 texStalls=0 recompiles=775 underruns=0 overruns=0 sleep_us=1874159 queue_ms=57
fps: 60.0
vis: 60.0
cpu: exceptions=4804 cacheResets=1 batches=28986 verts=761220 texStalls=0 recompiles=775 underruns=0 overruns=0 sleep_us=1918409 queue_ms=52
fps: 60.0
vis: 60.0
cpu: exceptions=5093 cacheResets=1 batches=35736 verts=938520 texStalls=0 recompiles=775 underruns=0 overruns=0 sleep_us=1965152 queue_ms=50
fps: 60.0
vis: 60.0
cpu: exceptions=5387 cacheResets=1 batches=42486 verts=1115820 texStalls=0 recompiles=775 underruns=0 overruns=0 sleep_us=2008024 queue_ms=54
fps: 60.0
vis: 60.0
cpu: exceptions=5674 cacheResets=1 batches=49236 verts=1293120 texStalls=0 recompiles=777 underruns=0 overruns=0 sleep_us=2057443 queue_ms=51
fps: 60.0
vis: 60.0
cpu: exceptions=5968 cacheResets=1 batches=55986 verts=1470420 texStalls=0 recompiles=777 underruns=0 overruns=0 sleep_us=2098086 queue_ms=56
fps: 60.0
vis: 60.0
cpu: exceptions=6266 cacheResets=1 batches=62736 verts=1647720 texStalls=0 recompiles=777 underruns=0 overruns=0 sleep_us=2136126 queue_ms=53
fps: 60.0
vis: 60.0
cpu: exceptions=6560 cacheResets=1 batches=69486 verts=1825020 texStalls=0 recompiles=777 underruns=0 overruns=0 sleep_us=2173630 queue_ms=57
fps: 60.0
vis: 60.0
cpu: exceptions=6858 cacheResets=1 batches=76236 verts=2002320 texStalls=0 recompiles=777 underruns=0 overruns=0 sleep_us=2207573 queue_ms=54
fps: 60.0
vis: 60.0
cpu: exceptions=7151 cacheResets=1 batches=82986 verts=2179620 texStalls=0 recompiles=777 underruns=0 overruns=0 sleep_us=2243594 queue_ms=59
fps: 60.0
vis: 60.0
cpu: exceptions=7442 cacheResets=1 batches=89736 verts=2356920 texStalls=0 recompiles=777 underruns=0 overruns=0 sleep_us=2283751 queue_ms=55
fps: 59.9
vis: 60.0
cpu: exceptions=7732 cacheResets=1 batches=96486 verts=2534220 texStalls=0 recompiles=777 underruns=0 overruns=0 sleep_us=2325860 queue_ms=52
fps: 60.0
vis: 60.0
cpu: exceptions=8021 cacheResets=1 batches=103236 verts=2711520 texStalls=0 recompiles=777 underruns=0 overruns=0 sleep_us=2373470 queue_ms=56
fps: 59.8
vis: 60.0
cpu: exceptions=8318 cacheResets=1 batches=109986 verts=2888820 texStalls=0 recompiles=777 underruns=0 overruns=0 sleep_us=2411033 queue_ms=53
fps: 60.2
vis: 60.0
cpu: exceptions=8611 cacheResets=1 batches=116736 verts=3066120 texStalls=0 recompiles=777 underruns=0 overruns=0 sleep_us=2437241 queue_ms=58
fps: 60.0
vis: 60.0
cpu: exceptions=8924 cacheResets=1 batches=123486 verts=3243420 texStalls=0 recompiles=777 underruns=0 overruns=0 sleep_us=2443895 queue_ms=55
fps: 59.9
vis: 60.0
cpu: exceptions=9242 cacheResets=1 batches=130236 verts=3420720 texStalls=0 recompiles=777 underruns=0 overruns=0 sleep_us=2447250 queue_ms=50
fps: 60.0
vis: 60.0
cpu: exceptions=9560 cacheResets=1 batches=136986 verts=3598020 texStalls=0 recompiles=777 underruns=0 overruns=0 sleep_us=2452866 queue_ms=56
fps: 60.0
vis: 60.0
cpu: exceptions=9873 cacheResets=1 batches=143736 verts=3775320 texStalls=0 recompiles=777 underruns=0 overruns=0 sleep_us=2458805 queue_ms=52
fps: 60.0
vis: 60.0
cpu: exceptions=10182 cacheResets=1 batches=150486 verts=3952620 texStalls=0 recompiles=777 underruns=0 overruns=0 sleep_us=2468891 queue_ms=57
fps: 59.5
vis: 58.9
cpu: exceptions=10494 cacheResets=1 batches=157588 verts=4141185 texStalls=0 recompiles=777 underruns=0 overruns=0 sleep_us=2482169 queue_ms=45
fps: 54.6
vis: 54.9
cpu: exceptions=10782 cacheResets=1 batches=165848 verts=4369749 texStalls=0 recompiles=777 underruns=1 overruns=0 sleep_us=2482169 queue_ms=7
fps: 56.3
vis: 55.9
cpu: exceptions=11080 cacheResets=1 batches=174108 verts=4598313 texStalls=0 recompiles=778 underruns=4 overruns=0 sleep_us=2482169 queue_ms=7
fps: 52.9
vis: 52.9
cpu: exceptions=11382 cacheResets=1 batches=182073 verts=4818714 texStalls=0 recompiles=785 underruns=11 overruns=0 sleep_us=2482169 queue_ms=7
fps: 53.4
vis: 53.5
cpu: exceptions=11676 cacheResets=1 batches=190038 verts=5039115 texStalls=0 recompiles=787 underruns=17 overruns=0 sleep_us=2482169 queue_ms=7
fps: 53.9
vis: 53.9
cpu: exceptions=11966 cacheResets=1 batches=198003 verts=5259516 texStalls=0 recompiles=787 underruns=22 overruns=0 sleep_us=2482169 queue_ms=7
fps: 53.3
vis: 53.1
cpu: exceptions=12273 cacheResets=1 batches=205968 verts=5479917 texStalls=0 recompiles=790 underruns=28 overruns=0 sleep_us=2482169 queue_ms=7
fps: 53.6
vis: 53.6
cpu: exceptions=12567 cacheResets=1 batches=213933 verts=5700318 texStalls=0 recompiles=790 underruns=33 overruns=0 sleep_us=2482169 queue_ms=8
fps: 54.0
vis: 54.1
cpu: exceptions=12869 cacheResets=1 batches=222193 verts=5928882 texStalls=0 recompiles=790 underruns=40 overruns=0 sleep_us=2482169 queue_ms=15
fps: 54.9
vis: 55.1
cpu: exceptions=13176 cacheResets=1 batches=230273 verts=6152016 texStalls=0 recompiles=790 underruns=44 overruns=0 sleep_us=2482169 queue_ms=15
fps: 56.9
vis: 56.9
cpu: exceptions=13478 cacheResets=1 batches=238306 verts=6372996 texStalls=0 recompiles=790 underruns=47 overruns=0 sleep_us=2482169 queue_ms=12
fps: 57.8
vis: 58.0
cpu: exceptions=13776 cacheResets=1 batches=246339 verts=6593976 texStalls=0 recompiles=790 underruns=49 overruns=0 sleep_us=2482169 queue_ms=19
fps: 58.4
vis: 58.5
cpu: exceptions=14090 cacheResets=1 batches=254649 verts=6822576 texStalls=0 recompiles=790 underruns=51 overruns=0 sleep_us=2482169 queue_ms=24
fps: 57.6
vis: 57.7
cpu: exceptions=14395 cacheResets=1 batches=262682 verts=7043556 texStalls=0 recompiles=790 underruns=53 overruns=0 sleep_us=2482169 queue_ms=22
fps: 58.7
vis: 58.5
cpu: exceptions=14703 cacheResets=1 batches=270992 verts=7272156 texStalls=0 recompiles=790 underruns=54 overruns=0 sleep_us=2482214 queue_ms=17
fps: 57.8
vis: 57.5
cpu: exceptions=15013 cacheResets=1 batches=279025 verts=7493136 texStalls=0 recompiles=790 underruns=56 overruns=0 sleep_us=2482214 queue_ms=16
fps: 56.5
vis: 56.7
cpu: exceptions=15322 cacheResets=1 batches=287058 verts=7714116 texStalls=0 recompiles=790 underruns=59 overruns=0 sleep_us=2482214 queue_ms=13
fps: 57.3
vis: 57.4
cpu: exceptions=15622 cacheResets=1 batches=295091 verts=7935096 texStalls=0 recompiles=790 underruns=62 overruns=0 sleep_us=2482214 queue_ms=19
fps: 57.9
vis: 58.0
cpu: exceptions=15921 cacheResets=1 batches=303124 verts=8156076 texStalls=0 recompiles=790 underruns=64 overruns=0 sleep_us=2482214 queue_ms=17
fps: 58.2
vis: 58.2
cpu: exceptions=16225 cacheResets=1 batches=311434 verts=8384676 texStalls=0 recompiles=790 underruns=65 overruns=0 sleep_us=2482214 queue_ms=14
fps: 58.8
vis: 60.0
cpu: exceptions=16525 cacheResets=1 batches=319786 verts=8613528 texStalls=0 recompiles=790 underruns=66 overruns=0 sleep_us=2482214 queue_ms=9
fps: 59.1
vis: 58.9
cpu: exceptions=16828 cacheResets=1 batches=328276 verts=8843208 texStalls=0 recompiles=790 underruns=68 overruns=0 sleep_us=2482214 queue_ms=24
fps: 57.9
vis: 58.0
cpu: exceptions=17132 cacheResets=1 batches=336766 verts=9072888 texStalls=0 recompiles=790 underruns=69 overruns=0 sleep_us=2482214 queue_ms=11
fps: 58.1
vis: 57.7
cpu: exceptions=17431 cacheResets=1 batches=344973 verts=9294912 texStalls=0 recompiles=790 underruns=71 overruns=0 sleep_us=2482214 queue_ms=9
fps: 56.7
vis: 56.7
cpu: exceptions=17734 cacheResets=1 batches=353180 verts=9516936 texStalls=0 recompiles=790 underruns=75 overruns=0 sleep_us=2482214 queue_ms=16
fps: 57.3
vis: 57.3
cpu: exceptions=18033 cacheResets=1 batches=361387 verts=9738960 texStalls=0 recompiles=790 underruns=77 overruns=0 sleep_us=2482214 queue_ms=13
fps: 57.8
vis: 57.8
cpu: exceptions=18331 cacheResets=1 batches=369594 verts=9960984 texStalls=0 recompiles=790 underruns=79 overruns=0 sleep_us=2482214 queue_ms=19
fps: 58.0
vis: 58.0
cpu: exceptions=18633 cacheResets=1 batches=378120 verts=10192185 texStalls=0 recompiles=790 underruns=81 overruns=0 sleep_us=2482214 queue_ms=16
fps: 56.2
vis: 56.2
cpu: exceptions=18930 cacheResets=1 batches=386675 verts=10428912 texStalls=0 recompiles=790 underruns=85 overruns=0 sleep_us=2482214 queue_ms=22
fps: 57.2
vis: 57.3
cpu: exceptions=19219 cacheResets=1 batches=395238 verts=10665639 texStalls=0 recompiles=790 underruns=87 overruns=0 sleep_us=2482214 queue_ms=12
fps: 56.2
vis: 56.3
cpu: exceptions=19516 cacheResets=1 batches=403793 verts=10902366 texStalls=0 recompiles=790 underruns=90 overruns=0 sleep_us=2482214 queue_ms=8
fps: 56.2
vis: 56.3
cpu: exceptions=19813 cacheResets=1 batches=412348 verts=11139093 texStalls=0 recompiles=790 underruns=94 overruns=0 sleep_us=2482214 queue_ms=16
fps: 55.1
vis: 54.9
cpu: exceptions=20108 cacheResets=1 batches=420608 verts=11367657 texStalls=0 recompiles=790 underruns=99 overruns=0 sleep_us=2482214 queue_ms=14
mark: stop reason: chain guest VI limit
mark: stop_it requested
audio: alist_resample_calls=28071 alist_resample_samples=3565888 alist_zoh_calls=0 alist_zoh_samples=0 musyx_subframes=0 musyx_voices=0 musyx_voice_peak=0
audio_stages: adpcm_calls=27644 adpcm_samples=3310960 envmix_calls=28071 envmix_samples=3565888 mix_calls=158224 mix_samples=21109440 musyx_fx_calls=0 musyx_fx_taps=0 output_calls=1797 output_samples=958992
audio_envmix: exp_calls=28071 ge_calls=0 lin_calls=0 nead_calls=0 exp_steady=11984 ge_steady=0 lin_steady=0
audio_gaps: nead_mats=0 nead_efz=0 resample_flag2=0 musyx_ptr10=0
audio_output: stream_requests=5034 stream_fed=3329 input_hz=32006 playback_hz=32006 queue_peak_ms=154
vm_io: read_ahead=1 reads=0 hits=0 read_bytes=0 writes=0 write_bytes=0 errors=0
subsystem_time: stage=rsp_gfx calls=1710 timed_calls=1710 period=1 timed_us=15431266
subsystem_time: stage=rsp_audio calls=1798 timed_calls=1798 period=1 timed_us=2250214
subsystem_time: stage=rsp_other calls=0 timed_calls=0 period=1 timed_us=0
subsystem_time: stage=lookup calls=7642326 timed_calls=60175 period=127 timed_us=5713
subsystem_time: stage=compile calls=790 timed_calls=790 period=1 timed_us=133377
subsystem_time: stage=dispatch calls=7541327 timed_calls=59380 period=127 timed_us=21644
subsystem_time: stage=execute_inclusive calls=7541327 timed_calls=59380 period=127 timed_us=213019
subsystem_time: stage=rom_copy calls=2330 timed_calls=2330 period=1 timed_us=7936
subsystem_time: stage=present calls=1799 timed_calls=1799 period=1 timed_us=33041
subsystem_time: stage=limiter calls=781 timed_calls=781 period=1 timed_us=2483244
subsystem_time: stage=vm_fault calls=0 timed_calls=0 period=1 timed_us=0
subsystem_time: stage=vm_victim calls=0 timed_calls=0 period=1 timed_us=0
subsystem_time: stage=vm_read calls=0 timed_calls=0 period=1 timed_us=0
subsystem_time: stage=vm_write calls=0 timed_calls=0 period=1 timed_us=0
subsystem_time: stage=tex_hash calls=358516 timed_calls=358516 period=1 timed_us=4530127
subsystem_time: stage=tex_lookup calls=358516 timed_calls=358516 period=1 timed_us=95191
subsystem_time: stage=tex_load calls=144 timed_calls=144 period=1 timed_us=31116
subsystem_time: stage=tex_activate calls=358516 timed_calls=358516 period=1 timed_us=188086
subsystem_time: stage=draw_triangles calls=424148 timed_calls=424148 period=1 timed_us=1411485
subsystem_time: stage=draw_rect calls=6880 timed_calls=6880 period=1 timed_us=162007
subsystem_time: stage=gfx_list calls=1710 timed_calls=1710 period=1 timed_us=15430874
subsystem_time: stage=gfx_command calls=12857316 timed_calls=101238 period=127 timed_us=118857
subsystem_time: stage=vertex calls=6708872 timed_calls=52825 period=127 timed_us=15442
subsystem_time: stage=gfx_state calls=395428 timed_calls=3113 period=127 timed_us=44351
subsystem_time: stage=gx_wait calls=0 timed_calls=0 period=1 timed_us=0
subsystem_time: stage=dma_pi calls=3329 timed_calls=3329 period=1 timed_us=36373
subsystem_time: stage=dma_sp calls=7016 timed_calls=7016 period=1 timed_us=2682
subsystem_time: stage=dma_si calls=8078 timed_calls=8078 period=1 timed_us=55034
subsystem_time: stage=tlb_translate calls=0 timed_calls=0 period=127 timed_us=0
subsystem_time: stage=pif calls=8079 timed_calls=8079 period=1 timed_us=55558
subsystem_time: stage=input calls=7108 timed_calls=7108 period=1 timed_us=48943
subsystem_time: stage=guest_interrupt calls=23997 timed_calls=23997 period=1 timed_us=2533277
subsystem_time: stage=interpreter_inclusive calls=0 timed_calls=0 period=1 timed_us=0
subsystem_time: stage=audio_submit calls=1798 timed_calls=1798 period=1 timed_us=4802
subsystem_time: stage=audio_callback calls=19041 timed_calls=19041 period=1 timed_us=5171
subsystem_time: stage=memory_slow calls=1573630 timed_calls=12390 period=127 timed_us=194258
subsystem_time: stage=jit_invalidate calls=100999 timed_calls=795 period=127 timed_us=120
audio_time: stage=resample sampled_calls=221 sampled_samples=28928 sampled_us=2483
audio_time: stage=zoh sampled_calls=0 sampled_samples=0 sampled_us=0
audio_time: stage=adpcm sampled_calls=217 sampled_samples=25584 sampled_us=1890
audio_time: stage=envmix_exp sampled_calls=221 sampled_samples=28928 sampled_us=6113
audio_time: stage=envmix_ge sampled_calls=0 sampled_samples=0 sampled_us=0
audio_time: stage=envmix_lin sampled_calls=0 sampled_samples=0 sampled_us=0
audio_time: stage=envmix_nead sampled_calls=0 sampled_samples=0 sampled_us=0
audio_time: stage=mix sampled_calls=1245 sampled_samples=166048 sampled_us=3542
audio_time: stage=musyx_voice sampled_calls=0 sampled_samples=0 sampled_us=0
audio_time: stage=musyx_fx sampled_calls=0 sampled_samples=0 sampled_us=0
audio_time: stage=output sampled_calls=14 sampled_samples=7456 sampled_us=32
game: n=1/2 how=vis vis=1800 vi_rate=60 vi0_retrace=216 wall_us=31054119 sleep_us=2482214 avg_vis=57.10 avg_fps=55.39 exceptions=20232 cacheResets=1 recompiles=790 batches=424148 verts=11465613 texStalls=0 treeDepthMax=12 underruns=100 overruns=0 queue_peak_ms=130 dsp_avg=3.88 dsp_peak=5.55 pmc1=22632138677 pmc2=0 pmc3=0 pmc4=0 mmcr0=00000042 mmcr1=00000000 heap_used=10839896 heap_free=34824 arena1_free=577536 arena2_free=577472 flushes=5 flush_us=3564 padtrace=4 rom=sd:/wii64/roms/Pokemon Snap.rom
=== chain 1/2 end vis=1800 how=vis rom=sd:/wii64/roms/Pokemon Snap.rom ===
mark: pad replay records: 22
mark: loadROM: enter
mark: loadROM: before rom_read
mark: ROMCache_load: enter
mark: ROMCache_load: before first read
mark: ROMCache_load: first read returned
mark: ROMCache_load: byte_swap_type set
mark: ROMCache_load: first byte_swap done
menufps: 0.0
mark: ROMCache_load: loop exited normally
mark: ROMCache_load: elapsed_us=428871 bytes=13893632 vm=0
mark: loadROM: after rom_read
mark: loadROM: before init_memory
mark: loadROM: after init_memory
mark: loadROM: before romOpen_gfx
mark: loadROM: after romOpen_gfx / before romOpen_audio
mark: loadROM: after romOpen_audio / before romOpen_input
mark: loadROM: after romOpen_input / before cpu_init
mark: loadROM: after cpu_init
menufps: 7.7
fps: 4.2
first_vi: vi0_retrace=2289
vis: 3.4
cpu: exceptions=0 cacheResets=0 batches=0 verts=0 texStalls=0 recompiles=0 underruns=0 overruns=0 sleep_us=0 queue_ms=0
mark: CPU core dispatch: dynarec
vis: 60.0
cpu: exceptions=1030 cacheResets=1 batches=0 verts=0 texStalls=0 recompiles=316 underruns=2 overruns=0 sleep_us=105703 queue_ms=95
vis: 60.0
cpu: exceptions=1330 cacheResets=1 batches=0 verts=0 texStalls=0 recompiles=316 underruns=2 overruns=0 sleep_us=577703 queue_ms=91
vis: 60.0
cpu: exceptions=1630 cacheResets=1 batches=0 verts=0 texStalls=0 recompiles=331 underruns=2 overruns=0 sleep_us=1048026 queue_ms=99
vis: 60.0
cpu: exceptions=1929 cacheResets=1 batches=0 verts=0 texStalls=0 recompiles=331 underruns=2 overruns=0 sleep_us=1519824 queue_ms=95
vis: 60.0
cpu: exceptions=2229 cacheResets=1 batches=0 verts=0 texStalls=0 recompiles=331 underruns=2 overruns=0 sleep_us=1991611 queue_ms=91
vis: 60.0
cpu: exceptions=2528 cacheResets=1 batches=0 verts=0 texStalls=0 recompiles=331 underruns=2 overruns=0 sleep_us=2463223 queue_ms=99
vis: 60.0
cpu: exceptions=2864 cacheResets=1 batches=0 verts=0 texStalls=0 recompiles=344 underruns=2 overruns=0 sleep_us=2926309 queue_ms=94
fps: 0.8
vis: 60.0
cpu: exceptions=3438 cacheResets=1 batches=64 verts=4140 texStalls=0 recompiles=468 underruns=2 overruns=0 sleep_us=3340878 queue_ms=100
fps: 1.6
vis: 60.0
cpu: exceptions=3543 cacheResets=1 batches=576 verts=37260 texStalls=0 recompiles=528 underruns=4 overruns=0 sleep_us=3557184 queue_ms=17
fps: 31.0
vis: 60.0
cpu: exceptions=3684 cacheResets=1 batches=1536 verts=99360 texStalls=0 recompiles=528 underruns=4 overruns=0 sleep_us=3710267 queue_ms=25
fps: 30.0
vis: 60.0
cpu: exceptions=3820 cacheResets=1 batches=2304 verts=149040 texStalls=0 recompiles=566 underruns=4 overruns=0 sleep_us=3862121 queue_ms=20
vis: 60.0
cpu: exceptions=3916 cacheResets=1 batches=2304 verts=149040 texStalls=0 recompiles=566 underruns=4 overruns=0 sleep_us=3992597 queue_ms=28
fps: 3.8
vis: 60.0
cpu: exceptions=4015 cacheResets=1 batches=2424 verts=149760 texStalls=0 recompiles=598 underruns=5 overruns=0 sleep_us=4226055 queue_ms=34
fps: 1.7
vis: 57.2
cpu: exceptions=4117 cacheResets=1 batches=2904 verts=152640 texStalls=0 recompiles=610 underruns=8 overruns=0 sleep_us=4546666 queue_ms=7
fps: 29.5
vis: 58.4
cpu: exceptions=4333 cacheResets=1 batches=4704 verts=163440 texStalls=0 recompiles=611 underruns=10 overruns=0 sleep_us=4567110 queue_ms=22
fps: 29.2
vis: 58.4
cpu: exceptions=4533 cacheResets=1 batches=6504 verts=174240 texStalls=0 recompiles=614 underruns=11 overruns=0 sleep_us=4581618 queue_ms=18
fps: 28.9
vis: 57.9
cpu: exceptions=4726 cacheResets=1 batches=8304 verts=185040 texStalls=0 recompiles=614 underruns=12 overruns=0 sleep_us=4594916 queue_ms=4
fps: 29.1
vis: 58.1
cpu: exceptions=4917 cacheResets=1 batches=10104 verts=195840 texStalls=0 recompiles=614 underruns=14 overruns=0 sleep_us=4606745 queue_ms=10
fps: 29.2
vis: 58.5
cpu: exceptions=5098 cacheResets=1 batches=11904 verts=206640 texStalls=0 recompiles=614 underruns=15 overruns=0 sleep_us=4620311 queue_ms=16
fps: 29.2
vis: 58.5
cpu: exceptions=5272 cacheResets=1 batches=13704 verts=217440 texStalls=0 recompiles=618 underruns=16 overruns=0 sleep_us=4634060 queue_ms=13
vis: 60.0
cpu: exceptions=5445 cacheResets=1 batches=15024 verts=225360 texStalls=0 recompiles=625 underruns=18 overruns=0 sleep_us=4654513 queue_ms=29
vis: 60.0
cpu: exceptions=5596 cacheResets=1 batches=15024 verts=225360 texStalls=0 recompiles=625 underruns=18 overruns=0 sleep_us=4734251 queue_ms=35
vis: 60.0
cpu: exceptions=5703 cacheResets=1 batches=15024 verts=225360 texStalls=0 recompiles=631 underruns=18 overruns=0 sleep_us=4896278 queue_ms=32
fps: 7.3
vis: 57.4
cpu: exceptions=5826 cacheResets=1 batches=15024 verts=225360 texStalls=0 recompiles=674 underruns=19 overruns=0 sleep_us=5080841 queue_ms=28
fps: 30.8
vis: 58.8
cpu: exceptions=6032 cacheResets=1 batches=15024 verts=225360 texStalls=0 recompiles=674 underruns=19 overruns=0 sleep_us=5138522 queue_ms=13
fps: 29.4
vis: 58.8
cpu: exceptions=6220 cacheResets=1 batches=15024 verts=225360 texStalls=0 recompiles=674 underruns=20 overruns=0 sleep_us=5194640 queue_ms=19
fps: 29.4
vis: 58.9
cpu: exceptions=6395 cacheResets=1 batches=15024 verts=225360 texStalls=0 recompiles=674 underruns=21 overruns=0 sleep_us=5257153 queue_ms=16
fps: 29.5
vis: 58.9
cpu: exceptions=6576 cacheResets=1 batches=15024 verts=225360 texStalls=0 recompiles=674 underruns=21 overruns=0 sleep_us=5321122 queue_ms=11
fps: 29.4
vis: 58.9
cpu: exceptions=6745 cacheResets=1 batches=15024 verts=225360 texStalls=0 recompiles=674 underruns=22 overruns=0 sleep_us=5385358 queue_ms=8
fps: 29.4
vis: 58.3
cpu: exceptions=6914 cacheResets=1 batches=15024 verts=225360 texStalls=0 recompiles=681 underruns=23 overruns=0 sleep_us=5449594 queue_ms=15
fps: 29.1
vis: 58.8
cpu: exceptions=7088 cacheResets=1 batches=15024 verts=225360 texStalls=0 recompiles=686 underruns=24 overruns=0 sleep_us=5495789 queue_ms=10
fps: 29.4
vis: 58.9
cpu: exceptions=7256 cacheResets=1 batches=15024 verts=225360 texStalls=0 recompiles=686 underruns=25 overruns=0 sleep_us=5553625 queue_ms=17
fps: 29.5
vis: 58.9
cpu: exceptions=7476 cacheResets=1 batches=15024 verts=225360 texStalls=0 recompiles=686 underruns=26 overruns=0 sleep_us=5650369 queue_ms=8
fps: 29.5
vis: 59.0
cpu: exceptions=7652 cacheResets=1 batches=15024 verts=225360 texStalls=0 recompiles=686 underruns=27 overruns=0 sleep_us=5721228 queue_ms=5
fps: 29.5
vis: 59.0
cpu: exceptions=7828 cacheResets=1 batches=15024 verts=225360 texStalls=0 recompiles=686 underruns=28 overruns=0 sleep_us=5794076 queue_ms=12
fps: 29.5
vis: 59.0
cpu: exceptions=7999 cacheResets=1 batches=15024 verts=225360 texStalls=0 recompiles=686 underruns=29 overruns=0 sleep_us=5867126 queue_ms=19
fps: 29.4
vis: 58.9
cpu: exceptions=8170 cacheResets=1 batches=15024 verts=225360 texStalls=0 recompiles=686 underruns=30 overruns=0 sleep_us=5937481 queue_ms=14
fps: 29.4
vis: 59.0
cpu: exceptions=8336 cacheResets=1 batches=15024 verts=225360 texStalls=0 recompiles=686 underruns=30 overruns=0 sleep_us=6010056 queue_ms=11
fps: 29.5
vis: 59.0
cpu: exceptions=8507 cacheResets=1 batches=15024 verts=225360 texStalls=0 recompiles=686 underruns=31 overruns=0 sleep_us=6092478 queue_ms=17
fps: 29.5
vis: 59.0
cpu: exceptions=8671 cacheResets=1 batches=15024 verts=225360 texStalls=0 recompiles=688 underruns=32 overruns=0 sleep_us=6200242 queue_ms=13
fps: 29.5
vis: 59.1
cpu: exceptions=8827 cacheResets=1 batches=15024 verts=225360 texStalls=0 recompiles=688 underruns=32 overruns=0 sleep_us=6305843 queue_ms=10
fps: 29.4
vis: 58.9
cpu: exceptions=9004 cacheResets=1 batches=15024 verts=225360 texStalls=0 recompiles=688 underruns=33 overruns=0 sleep_us=6396584 queue_ms=16
fps: 29.5
vis: 59.0
cpu: exceptions=9188 cacheResets=1 batches=15024 verts=225360 texStalls=0 recompiles=688 underruns=34 overruns=0 sleep_us=6460039 queue_ms=11
fps: 29.5
vis: 59.0
cpu: exceptions=9355 cacheResets=1 batches=15024 verts=225360 texStalls=0 recompiles=688 underruns=34 overruns=0 sleep_us=6546727 queue_ms=7
fps: 29.5
vis: 59.0
cpu: exceptions=9511 cacheResets=1 batches=15024 verts=225360 texStalls=0 recompiles=688 underruns=35 overruns=0 sleep_us=6640945 queue_ms=14
fps: 29.5
vis: 59.1
cpu: exceptions=9667 cacheResets=1 batches=15024 verts=225360 texStalls=0 recompiles=688 underruns=36 overruns=0 sleep_us=6736483 queue_ms=21
fps: 29.5
vis: 59.0
cpu: exceptions=9826 cacheResets=1 batches=15024 verts=225360 texStalls=0 recompiles=688 underruns=36 overruns=0 sleep_us=6831822 queue_ms=5
fps: 29.5
vis: 59.1
cpu: exceptions=9982 cacheResets=1 batches=15024 verts=225360 texStalls=0 recompiles=688 underruns=37 overruns=0 sleep_us=6934995 queue_ms=13
fps: 29.5
vis: 59.0
cpu: exceptions=10142 cacheResets=1 batches=15024 verts=225360 texStalls=0 recompiles=688 underruns=38 overruns=0 sleep_us=7040018 queue_ms=19
fps: 29.5
vis: 59.1
cpu: exceptions=10296 cacheResets=1 batches=15024 verts=225360 texStalls=0 recompiles=688 underruns=38 overruns=0 sleep_us=7147905 queue_ms=3
fps: 29.5
vis: 59.1
cpu: exceptions=10449 cacheResets=1 batches=15024 verts=225360 texStalls=0 recompiles=688 underruns=39 overruns=0 sleep_us=7246194 queue_ms=10
fps: 29.5
vis: 59.1
cpu: exceptions=10601 cacheResets=1 batches=15024 verts=225360 texStalls=0 recompiles=688 underruns=40 overruns=0 sleep_us=7348580 queue_ms=17
fps: 29.5
vis: 58.9
cpu: exceptions=10769 cacheResets=1 batches=15024 verts=225360 texStalls=0 recompiles=688 underruns=40 overruns=0 sleep_us=7454306 queue_ms=2
fps: 29.5
vis: 58.9
cpu: exceptions=10963 cacheResets=1 batches=15024 verts=225360 texStalls=0 recompiles=688 underruns=41 overruns=0 sleep_us=7521210 queue_ms=8
fps: 29.5
vis: 58.9
cpu: exceptions=11147 cacheResets=1 batches=15024 verts=225360 texStalls=0 recompiles=688 underruns=42 overruns=0 sleep_us=7578242 queue_ms=16
fps: 29.5
vis: 58.9
cpu: exceptions=11325 cacheResets=1 batches=15024 verts=225360 texStalls=0 recompiles=688 underruns=43 overruns=0 sleep_us=7648995 queue_ms=11
fps: 29.5
vis: 58.9
cpu: exceptions=11502 cacheResets=1 batches=15024 verts=225360 texStalls=0 recompiles=688 underruns=43 overruns=0 sleep_us=7721206 queue_ms=8
fps: 29.4
vis: 59.0
cpu: exceptions=11677 cacheResets=1 batches=15024 verts=225360 texStalls=0 recompiles=688 underruns=44 overruns=0 sleep_us=7794661 queue_ms=4
fps: 29.5
vis: 59.0
cpu: exceptions=11852 cacheResets=1 batches=15024 verts=225360 texStalls=0 recompiles=688 underruns=45 overruns=0 sleep_us=7866612 queue_ms=11
fps: 29.5
vis: 58.9
cpu: exceptions=12021 cacheResets=1 batches=15024 verts=225360 texStalls=0 recompiles=692 underruns=46 overruns=0 sleep_us=7938186 queue_ms=17
vis: 60.0
cpu: exceptions=12176 cacheResets=1 batches=15024 verts=225360 texStalls=0 recompiles=692 underruns=47 overruns=0 sleep_us=8018203 queue_ms=24
vis: 60.0
cpu: exceptions=12302 cacheResets=1 batches=15024 verts=225360 texStalls=0 recompiles=692 underruns=47 overruns=0 sleep_us=8100274 queue_ms=31
vis: 60.0
cpu: exceptions=12431 cacheResets=1 batches=15024 verts=225360 texStalls=0 recompiles=692 underruns=47 overruns=0 sleep_us=8303554 queue_ms=28
fps: 4.5
vis: 56.8
cpu: exceptions=12624 cacheResets=1 batches=15024 verts=225360 texStalls=0 recompiles=720 underruns=49 overruns=0 sleep_us=8380214 queue_ms=40
fps: 30.7
vis: 56.0
cpu: exceptions=12810 cacheResets=1 batches=15024 verts=225360 texStalls=0 recompiles=721 underruns=50 overruns=0 sleep_us=8410752 queue_ms=13
fps: 26.8
vis: 53.8
cpu: exceptions=13021 cacheResets=1 batches=15024 verts=225360 texStalls=0 recompiles=721 underruns=55 overruns=0 sleep_us=8423922 queue_ms=7
fps: 27.9
vis: 57.7
cpu: exceptions=13223 cacheResets=1 batches=15024 verts=225360 texStalls=0 recompiles=721 underruns=57 overruns=0 sleep_us=8441962 queue_ms=14
fps: 28.1
vis: 56.5
cpu: exceptions=13434 cacheResets=1 batches=15024 verts=225360 texStalls=0 recompiles=721 underruns=59 overruns=0 sleep_us=8461709 queue_ms=21
fps: 29.5
vis: 58.6
cpu: exceptions=13615 cacheResets=1 batches=15024 verts=225360 texStalls=0 recompiles=721 underruns=59 overruns=0 sleep_us=8523248 queue_ms=5
fps: 29.2
vis: 58.4
cpu: exceptions=13803 cacheResets=1 batches=15024 verts=225360 texStalls=0 recompiles=730 underruns=61 overruns=0 sleep_us=8576054 queue_ms=11
fps: 29.3
vis: 58.7
cpu: exceptions=13987 cacheResets=1 batches=15024 verts=225360 texStalls=0 recompiles=731 underruns=62 overruns=0 sleep_us=8631094 queue_ms=18
fps: 29.5
vis: 58.8
cpu: exceptions=14169 cacheResets=1 batches=15024 verts=225360 texStalls=0 recompiles=731 underruns=62 overruns=0 sleep_us=8705632 queue_ms=4
fps: 28.9
vis: 57.7
cpu: exceptions=14368 cacheResets=1 batches=15024 verts=225360 texStalls=0 recompiles=731 underruns=63 overruns=0 sleep_us=8764346 queue_ms=0
fps: 29.3
vis: 59.0
cpu: exceptions=14545 cacheResets=1 batches=15024 verts=225360 texStalls=0 recompiles=731 underruns=65 overruns=0 sleep_us=8841187 queue_ms=6
fps: 29.5
vis: 58.9
cpu: exceptions=14722 cacheResets=1 batches=15024 verts=225360 texStalls=0 recompiles=731 underruns=66 overruns=0 sleep_us=8920056 queue_ms=13
fps: 29.6
vis: 58.9
cpu: exceptions=14892 cacheResets=1 batches=15024 verts=225360 texStalls=0 recompiles=731 underruns=66 overruns=0 sleep_us=9013640 queue_ms=9
fps: 29.4
vis: 59.1
cpu: exceptions=15065 cacheResets=1 batches=15024 verts=225360 texStalls=0 recompiles=731 underruns=67 overruns=0 sleep_us=9098251 queue_ms=5
fps: 29.6
vis: 59.1
cpu: exceptions=15226 cacheResets=1 batches=15024 verts=225360 texStalls=0 recompiles=731 underruns=68 overruns=0 sleep_us=9203725 queue_ms=13
fps: 29.6
vis: 58.9
cpu: exceptions=15387 cacheResets=1 batches=15024 verts=225360 texStalls=0 recompiles=731 underruns=69 overruns=0 sleep_us=9310057 queue_ms=20
fps: 29.3
vis: 58.7
cpu: exceptions=15578 cacheResets=1 batches=15024 verts=225360 texStalls=0 recompiles=732 underruns=69 overruns=0 sleep_us=9375383 queue_ms=5
fps: 28.8
vis: 60.0
cpu: exceptions=15738 cacheResets=1 batches=15024 verts=225360 texStalls=0 recompiles=732 underruns=71 overruns=0 sleep_us=9449812 queue_ms=32
vis: 60.0
cpu: exceptions=15849 cacheResets=1 batches=15024 verts=225360 texStalls=0 recompiles=733 underruns=71 overruns=0 sleep_us=9555551 queue_ms=29
vis: 60.0
cpu: exceptions=16001 cacheResets=1 batches=15024 verts=225360 texStalls=0 recompiles=733 underruns=71 overruns=0 sleep_us=9728350 queue_ms=25
vis: 60.0
cpu: exceptions=16163 cacheResets=1 batches=15024 verts=225360 texStalls=0 recompiles=734 underruns=71 overruns=0 sleep_us=9882019 queue_ms=32
fps: 1.7
vis: 58.7
cpu: exceptions=16351 cacheResets=1 batches=15024 verts=225360 texStalls=0 recompiles=761 underruns=73 overruns=0 sleep_us=9888340 queue_ms=39
fps: 31.8
vis: 58.9
cpu: exceptions=16534 cacheResets=1 batches=15024 verts=225360 texStalls=0 recompiles=761 underruns=73 overruns=0 sleep_us=9941316 queue_ms=36
fps: 29.4
vis: 58.8
cpu: exceptions=16709 cacheResets=1 batches=15024 verts=225360 texStalls=0 recompiles=761 underruns=73 overruns=0 sleep_us=9998474 queue_ms=32
fps: 29.5
vis: 58.9
cpu: exceptions=16891 cacheResets=1 batches=15024 verts=225360 texStalls=0 recompiles=761 underruns=73 overruns=0 sleep_us=10054434 queue_ms=16
fps: 29.4
vis: 58.9
cpu: exceptions=17063 cacheResets=1 batches=15024 verts=225360 texStalls=0 recompiles=761 underruns=73 overruns=0 sleep_us=10117066 queue_ms=13
fps: 29.4
vis: 58.3
cpu: exceptions=17241 cacheResets=1 batches=15024 verts=225360 texStalls=0 recompiles=767 underruns=75 overruns=0 sleep_us=10171610 queue_ms=20
fps: 29.1
vis: 58.7
cpu: exceptions=17416 cacheResets=1 batches=15024 verts=225360 texStalls=0 recompiles=767 underruns=76 overruns=0 sleep_us=10201985 queue_ms=16
fps: 29.4
vis: 58.7
cpu: exceptions=17587 cacheResets=1 batches=15024 verts=225360 texStalls=0 recompiles=767 underruns=77 overruns=0 sleep_us=10238976 queue_ms=23
fps: 29.4
vis: 58.8
cpu: exceptions=17760 cacheResets=1 batches=15024 verts=225360 texStalls=0 recompiles=767 underruns=77 overruns=0 sleep_us=10292478 queue_ms=7
fps: 29.4
vis: 58.8
cpu: exceptions=17928 cacheResets=1 batches=15024 verts=225360 texStalls=0 recompiles=767 underruns=78 overruns=0 sleep_us=10341047 queue_ms=14
fps: 29.4
vis: 58.8
cpu: exceptions=18101 cacheResets=1 batches=15024 verts=225360 texStalls=0 recompiles=767 underruns=79 overruns=0 sleep_us=10382447 queue_ms=10
fps: 29.4
vis: 58.8
cpu: exceptions=18270 cacheResets=1 batches=15024 verts=225360 texStalls=0 recompiles=767 underruns=80 overruns=0 sleep_us=10432174 queue_ms=17
fps: 29.4
vis: 58.9
cpu: exceptions=18447 cacheResets=1 batches=15024 verts=225360 texStalls=0 recompiles=767 underruns=81 overruns=0 sleep_us=10491450 queue_ms=13
fps: 29.4
vis: 59.0
cpu: exceptions=18609 cacheResets=1 batches=15024 verts=225360 texStalls=0 recompiles=767 underruns=82 overruns=0 sleep_us=10574917 queue_ms=19
fps: 29.5
vis: 59.0
cpu: exceptions=18765 cacheResets=1 batches=15024 verts=225360 texStalls=0 recompiles=767 underruns=83 overruns=0 sleep_us=10667137 queue_ms=15
fps: 29.5
vis: 58.9
cpu: exceptions=18927 cacheResets=1 batches=15024 verts=225360 texStalls=0 recompiles=767 underruns=83 overruns=0 sleep_us=10753673 queue_ms=10
fps: 29.4
vis: 60.0
cpu: exceptions=20076 cacheResets=1 batches=15024 verts=225360 texStalls=0 recompiles=777 underruns=84 overruns=0 sleep_us=10802911 queue_ms=17
vis: 60.0
cpu: exceptions=20244 cacheResets=1 batches=15024 verts=225360 texStalls=0 recompiles=829 underruns=84 overruns=0 sleep_us=11048338 queue_ms=24
vis: 60.0
cpu: exceptions=20340 cacheResets=1 batches=15024 verts=225360 texStalls=0 recompiles=829 underruns=84 overruns=0 sleep_us=11365628 queue_ms=20
vis: 60.0
cpu: exceptions=20529 cacheResets=1 batches=15024 verts=225360 texStalls=0 recompiles=1016 underruns=85 overruns=0 sleep_us=11654160 queue_ms=37
vis: 60.0
cpu: exceptions=20604 cacheResets=1 batches=15024 verts=225360 texStalls=0 recompiles=1016 underruns=86 overruns=0 sleep_us=12082852 queue_ms=3
fps: 3.6
vis: 59.4
cpu: exceptions=20822 cacheResets=1 batches=20006 verts=271884 texStalls=0 recompiles=1373 underruns=88 overruns=0 sleep_us=12086850 queue_ms=35
fps: 31.8
vis: 57.6
cpu: exceptions=21060 cacheResets=1 batches=25618 verts=323376 texStalls=0 recompiles=1405 underruns=88 overruns=0 sleep_us=12099710 queue_ms=20
fps: 28.5
vis: 53.9
cpu: exceptions=21341 cacheResets=1 batches=31151 verts=373206 texStalls=0 recompiles=1410 underruns=92 overruns=0 sleep_us=12105103 queue_ms=5
fps: 26.7
vis: 51.9
cpu: exceptions=21633 cacheResets=1 batches=36442 verts=420396 texStalls=0 recompiles=1410 underruns=98 overruns=0 sleep_us=12110124 queue_ms=10
fps: 25.6
vis: 50.5
cpu: exceptions=21951 cacheResets=1 batches=41889 verts=468522 texStalls=0 recompiles=1411 underruns=105 overruns=0 sleep_us=12115189 queue_ms=3
fps: 25.5
vis: 53.5
cpu: exceptions=22263 cacheResets=1 batches=47043 verts=516078 texStalls=0 recompiles=1417 underruns=111 overruns=0 sleep_us=12120171 queue_ms=14
fps: 27.9
vis: 58.7
cpu: exceptions=22573 cacheResets=1 batches=51376 verts=559896 texStalls=0 recompiles=1417 underruns=112 overruns=0 sleep_us=12168971 queue_ms=11
fps: 29.6
vis: 60.0
cpu: exceptions=22884 cacheResets=1 batches=54879 verts=597546 texStalls=0 recompiles=1421 underruns=113 overruns=0 sleep_us=12217037 queue_ms=17
fps: 29.6
vis: 58.9
cpu: exceptions=23197 cacheResets=1 batches=58272 verts=636912 texStalls=0 recompiles=1421 underruns=113 overruns=0 sleep_us=12267418 queue_ms=13
fps: 29.5
vis: 58.9
cpu: exceptions=23508 cacheResets=1 batches=61278 verts=672768 texStalls=0 recompiles=1435 underruns=114 overruns=0 sleep_us=12322822 queue_ms=10
fps: 29.4
vis: 58.7
cpu: exceptions=23807 cacheResets=1 batches=64218 verts=708228 texStalls=0 recompiles=1502 underruns=115 overruns=0 sleep_us=12369543 queue_ms=16
fps: 29.3
vis: 58.8
cpu: exceptions=24110 cacheResets=1 batches=67132 verts=743532 texStalls=0 recompiles=1504 underruns=116 overruns=0 sleep_us=12421297 queue_ms=11
fps: 29.4
vis: 58.9
cpu: exceptions=24429 cacheResets=1 batches=70001 verts=778566 texStalls=0 recompiles=1504 underruns=117 overruns=0 sleep_us=12497816 queue_ms=17
fps: 29.5
vis: 59.0
cpu: exceptions=24729 cacheResets=1 batches=72900 verts=813780 texStalls=0 recompiles=1504 underruns=118 overruns=0 sleep_us=12584350 queue_ms=14
fps: 29.5
vis: 59.0
cpu: exceptions=25016 cacheResets=1 batches=75835 verts=849210 texStalls=0 recompiles=1504 underruns=118 overruns=0 sleep_us=12683144 queue_ms=10
fps: 29.5
vis: 59.0
cpu: exceptions=25302 cacheResets=1 batches=78822 verts=884952 texStalls=0 recompiles=1506 underruns=119 overruns=0 sleep_us=12779010 queue_ms=16
fps: 29.5
vis: 58.9
cpu: exceptions=25584 cacheResets=1 batches=81821 verts=920766 texStalls=0 recompiles=1506 underruns=120 overruns=0 sleep_us=12877246 queue_ms=13
fps: 29.4
vis: 57.2
cpu: exceptions=25857 cacheResets=1 batches=84618 verts=954180 texStalls=0 recompiles=1599 underruns=121 overruns=0 sleep_us=12955365 queue_ms=1
fps: 27.4
vis: 54.8
cpu: exceptions=26192 cacheResets=1 batches=87744 verts=989568 texStalls=0 recompiles=1602 underruns=125 overruns=0 sleep_us=12959890 queue_ms=8
fps: 27.3
vis: 55.1
cpu: exceptions=26526 cacheResets=1 batches=90693 verts=1023894 texStalls=0 recompiles=1603 underruns=129 overruns=0 sleep_us=12964510 queue_ms=4
fps: 27.8
vis: 56.1
cpu: exceptions=26874 cacheResets=1 batches=93544 verts=1058820 texStalls=0 recompiles=1617 underruns=132 overruns=0 sleep_us=12969139 queue_ms=11
fps: 28.0
vis: 56.7
cpu: exceptions=27218 cacheResets=1 batches=96378 verts=1093644 texStalls=0 recompiles=1620 underruns=135 overruns=0 sleep_us=12973839 queue_ms=6
fps: 28.5
vis: 59.5
cpu: exceptions=27537 cacheResets=1 batches=99141 verts=1128042 texStalls=0 recompiles=1621 underruns=136 overruns=0 sleep_us=12990366 queue_ms=13
fps: 29.8
vis: 59.6
cpu: exceptions=27840 cacheResets=1 batches=101819 verts=1161930 texStalls=0 recompiles=1623 underruns=136 overruns=0 sleep_us=13011121 queue_ms=10
fps: 29.8
vis: 59.6
cpu: exceptions=28143 cacheResets=1 batches=104500 verts=1195836 texStalls=0 recompiles=1624 underruns=136 overruns=0 sleep_us=13035198 queue_ms=16
fps: 29.8
vis: 59.6
cpu: exceptions=28456 cacheResets=1 batches=107181 verts=1229742 texStalls=0 recompiles=1624 underruns=136 overruns=0 sleep_us=13069658 queue_ms=11
fps: 29.9
vis: 59.7
cpu: exceptions=28735 cacheResets=1 batches=109795 verts=1263246 texStalls=0 recompiles=1627 underruns=137 overruns=0 sleep_us=13106077 queue_ms=19
fps: 29.8
vis: 59.8
cpu: exceptions=28997 cacheResets=1 batches=112290 verts=1294608 texStalls=0 recompiles=1628 underruns=137 overruns=0 sleep_us=13151067 queue_ms=14
fps: 30.0
vis: 59.6
cpu: exceptions=29261 cacheResets=1 batches=114915 verts=1326540 texStalls=0 recompiles=1630 underruns=137 overruns=0 sleep_us=13199602 queue_ms=11
fps: 29.9
vis: 59.7
cpu: exceptions=29533 cacheResets=1 batches=117381 verts=1356222 texStalls=0 recompiles=1632 underruns=137 overruns=0 sleep_us=13244938 queue_ms=18
fps: 29.8
vis: 59.9
cpu: exceptions=29795 cacheResets=1 batches=119736 verts=1384653 texStalls=0 recompiles=1632 underruns=137 overruns=0 sleep_us=13293108 queue_ms=13
fps: 30.0
vis: 59.9
cpu: exceptions=30050 cacheResets=1 batches=121900 verts=1410462 texStalls=0 recompiles=1632 underruns=137 overruns=0 sleep_us=13365411 queue_ms=8
fps: 30.4
vis: 59.7
cpu: exceptions=30308 cacheResets=1 batches=124219 verts=1437201 texStalls=0 recompiles=1636 underruns=138 overruns=0 sleep_us=13429032 queue_ms=25
fps: 29.2
vis: 59.6
cpu: exceptions=30593 cacheResets=1 batches=126719 verts=1465362 texStalls=0 recompiles=1636 underruns=138 overruns=0 sleep_us=13464834 queue_ms=22
fps: 29.9
vis: 59.8
cpu: exceptions=30867 cacheResets=1 batches=129310 verts=1496253 texStalls=0 recompiles=1636 underruns=138 overruns=0 sleep_us=13518826 queue_ms=17
fps: 29.9
vis: 59.7
cpu: exceptions=31144 cacheResets=1 batches=131961 verts=1528908 texStalls=0 recompiles=1636 underruns=138 overruns=0 sleep_us=13568042 queue_ms=14
fps: 29.7
vis: 59.8
cpu: exceptions=31411 cacheResets=1 batches=134444 verts=1560447 texStalls=0 recompiles=1642 underruns=138 overruns=0 sleep_us=13618681 queue_ms=10
fps: 30.0
vis: 59.8
cpu: exceptions=31672 cacheResets=1 batches=136726 verts=1590123 texStalls=0 recompiles=1642 underruns=138 overruns=0 sleep_us=13677174 queue_ms=16
fps: 29.9
vis: 59.9
cpu: exceptions=31925 cacheResets=1 batches=139089 verts=1620285 texStalls=0 recompiles=1642 underruns=138 overruns=0 sleep_us=13749749 queue_ms=11
fps: 29.9
vis: 59.8
cpu: exceptions=32179 cacheResets=1 batches=141535 verts=1650657 texStalls=0 recompiles=1642 underruns=138 overruns=0 sleep_us=13811193 queue_ms=18
fps: 29.9
vis: 59.9
cpu: exceptions=32448 cacheResets=1 batches=143423 verts=1673901 texStalls=0 recompiles=1656 underruns=138 overruns=0 sleep_us=13859137 queue_ms=14
fps: 30.0
vis: 60.0
cpu: exceptions=32691 cacheResets=1 batches=145136 verts=1695879 texStalls=0 recompiles=1657 underruns=138 overruns=0 sleep_us=13927448 queue_ms=11
fps: 30.0
vis: 60.0
cpu: exceptions=32940 cacheResets=1 batches=146871 verts=1717989 texStalls=0 recompiles=1660 underruns=138 overruns=0 sleep_us=13998134 queue_ms=17
fps: 29.9
vis: 59.8
cpu: exceptions=33197 cacheResets=1 batches=148624 verts=1740243 texStalls=0 recompiles=1660 underruns=138 overruns=0 sleep_us=14050982 queue_ms=13
fps: 30.0
vis: 59.9
cpu: exceptions=33437 cacheResets=1 batches=150343 verts=1762302 texStalls=0 recompiles=1663 underruns=138 overruns=0 sleep_us=14109280 queue_ms=20
fps: 30.0
vis: 59.6
cpu: exceptions=33679 cacheResets=1 batches=152176 verts=1784997 texStalls=0 recompiles=1669 underruns=138 overruns=0 sleep_us=14161197 queue_ms=16
fps: 29.5
vis: 59.8
cpu: exceptions=33955 cacheResets=1 batches=154033 verts=1807164 texStalls=0 recompiles=1684 underruns=138 overruns=0 sleep_us=14183930 queue_ms=13
fps: 30.1
vis: 59.4
cpu: exceptions=34229 cacheResets=1 batches=155901 verts=1829397 texStalls=0 recompiles=1685 underruns=138 overruns=0 sleep_us=14219898 queue_ms=9
fps: 29.7
vis: 59.8
cpu: exceptions=34497 cacheResets=1 batches=157842 verts=1852068 texStalls=0 recompiles=1687 underruns=139 overruns=0 sleep_us=14251819 queue_ms=16
fps: 30.0
vis: 59.9
cpu: exceptions=34710 cacheResets=1 batches=159697 verts=1874223 texStalls=0 recompiles=1687 underruns=139 overruns=0 sleep_us=14326698 queue_ms=22
fps: 30.0
vis: 60.0
cpu: exceptions=34921 cacheResets=1 batches=161003 verts=1888674 texStalls=0 recompiles=1688 underruns=139 overruns=0 sleep_us=14429391 queue_ms=19
fps: 30.0
vis: 60.0
cpu: exceptions=35109 cacheResets=1 batches=162171 verts=1902297 texStalls=0 recompiles=1688 underruns=139 overruns=0 sleep_us=14543719 queue_ms=25
fps: 30.5
vis: 60.0
cpu: exceptions=35310 cacheResets=1 batches=163337 verts=1915908 texStalls=0 recompiles=1688 underruns=139 overruns=0 sleep_us=14647209 queue_ms=22
fps: 29.4
vis: 60.0
cpu: exceptions=35534 cacheResets=1 batches=164497 verts=1929483 texStalls=0 recompiles=1689 underruns=139 overruns=0 sleep_us=14739334 queue_ms=18
fps: 30.5
vis: 60.0
cpu: exceptions=35740 cacheResets=1 batches=165593 verts=1942674 texStalls=0 recompiles=1689 underruns=139 overruns=0 sleep_us=14836068 queue_ms=25
fps: 29.5
vis: 60.0
cpu: exceptions=35952 cacheResets=1 batches=166699 verts=1955925 texStalls=0 recompiles=1689 underruns=139 overruns=0 sleep_us=14930958 queue_ms=21
vis: 60.0
cpu: exceptions=36170 cacheResets=1 batches=167781 verts=1969032 texStalls=0 recompiles=1689 underruns=139 overruns=0 sleep_us=15025513 queue_ms=28
fps: 30.5
vis: 60.0
cpu: exceptions=36388 cacheResets=1 batches=168880 verts=1982241 texStalls=0 recompiles=1689 underruns=139 overruns=0 sleep_us=15118934 queue_ms=24
fps: 29.5
vis: 60.0
cpu: exceptions=36608 cacheResets=1 batches=169988 verts=1995504 texStalls=0 recompiles=1712 underruns=139 overruns=0 sleep_us=15203064 queue_ms=31
fps: 30.0
vis: 60.0
cpu: exceptions=36821 cacheResets=1 batches=171090 verts=2008731 texStalls=0 recompiles=1713 underruns=139 overruns=0 sleep_us=15290903 queue_ms=26
fps: 30.0
vis: 60.0
cpu: exceptions=37035 cacheResets=1 batches=172189 verts=2021940 texStalls=0 recompiles=1719 underruns=139 overruns=0 sleep_us=15381284 queue_ms=34
fps: 30.5
vis: 60.0
cpu: exceptions=37247 cacheResets=1 batches=173275 verts=2035071 texStalls=0 recompiles=1719 underruns=139 overruns=0 sleep_us=15476021 queue_ms=29
fps: 29.4
vis: 60.0
cpu: exceptions=37460 cacheResets=1 batches=174369 verts=2048250 texStalls=0 recompiles=1727 underruns=139 overruns=0 sleep_us=15568788 queue_ms=35
fps: 30.0
vis: 60.0
cpu: exceptions=37669 cacheResets=1 batches=175452 verts=2061171 texStalls=0 recompiles=1730 underruns=139 overruns=0 sleep_us=15661776 queue_ms=31
fps: 30.0
vis: 60.0
cpu: exceptions=37885 cacheResets=1 batches=176526 verts=2074086 texStalls=0 recompiles=1730 underruns=139 overruns=0 sleep_us=15753329 queue_ms=28
fps: 30.6
vis: 60.0
cpu: exceptions=38104 cacheResets=1 batches=177617 verts=2087247 texStalls=0 recompiles=1731 underruns=139 overruns=0 sleep_us=15846914 queue_ms=34
vis: 60.0
cpu: exceptions=38418 cacheResets=1 batches=179277 verts=2107350 texStalls=0 recompiles=1731 underruns=139 overruns=0 sleep_us=16001787 queue_ms=38
fps: 30.0
vis: 60.0
cpu: exceptions=38622 cacheResets=1 batches=180353 verts=2120253 texStalls=0 recompiles=1731 underruns=139 overruns=0 sleep_us=16098157 queue_ms=34
fps: 30.6
vis: 60.0
cpu: exceptions=38821 cacheResets=1 batches=181432 verts=2133174 texStalls=0 recompiles=1731 underruns=139 overruns=0 sleep_us=16200838 queue_ms=41
fps: 29.4
vis: 60.0
cpu: exceptions=39024 cacheResets=1 batches=182503 verts=2146215 texStalls=0 recompiles=1732 underruns=139 overruns=0 sleep_us=16302868 queue_ms=37
fps: 30.5
vis: 60.0
cpu: exceptions=39247 cacheResets=1 batches=183596 verts=2159388 texStalls=0 recompiles=1732 underruns=139 overruns=0 sleep_us=16402267 queue_ms=43
fps: 29.4
vis: 60.0
cpu: exceptions=39465 cacheResets=1 batches=184666 verts=2172207 texStalls=0 recompiles=1732 underruns=139 overruns=0 sleep_us=16505141 queue_ms=39
fps: 30.5
vis: 60.0
cpu: exceptions=39671 cacheResets=1 batches=185747 verts=2185212 texStalls=0 recompiles=1732 underruns=139 overruns=0 sleep_us=16616376 queue_ms=36
fps: 29.5
vis: 60.0
cpu: exceptions=39887 cacheResets=1 batches=186827 verts=2198307 texStalls=0 recompiles=1732 underruns=139 overruns=0 sleep_us=16718781 queue_ms=43
fps: 30.5
mark: stop reason: chain guest VI limit
mark: stop_it requested
audio: alist_resample_calls=199273 alist_resample_samples=29731992 alist_zoh_calls=0 alist_zoh_samples=0 musyx_subframes=0 musyx_voices=0 musyx_voice_peak=0
audio_stages: adpcm_calls=211696 adpcm_samples=32205856 envmix_calls=199273 envmix_samples=29731992 mix_calls=32040 mix_samples=12303360 musyx_fx_calls=0 musyx_fx_taps=0 output_calls=5366 output_samples=2401248
audio_envmix: exp_calls=0 ge_calls=0 lin_calls=0 nead_calls=199273 exp_steady=0 ge_steady=0 lin_steady=0
audio_gaps: nead_mats=0 nead_efz=0 resample_flag2=0 musyx_ptr10=0
audio_output: stream_requests=10197 stream_fed=8334 input_hz=26807 playback_hz=26807 queue_peak_ms=122
vm_io: read_ahead=1 reads=0 hits=0 read_bytes=0 writes=0 write_bytes=0 errors=0
subsystem_time: stage=rsp_gfx calls=2328 timed_calls=2328 period=1 timed_us=41651251
subsystem_time: stage=rsp_audio calls=5340 timed_calls=5340 period=1 timed_us=8479805
subsystem_time: stage=rsp_other calls=0 timed_calls=0 period=1 timed_us=0
subsystem_time: stage=lookup calls=17736086 timed_calls=139654 period=127 timed_us=10242
subsystem_time: stage=compile calls=1732 timed_calls=1732 period=1 timed_us=302823
subsystem_time: stage=dispatch calls=17684602 timed_calls=139248 period=127 timed_us=52138
subsystem_time: stage=execute_inclusive calls=17684602 timed_calls=139248 period=127 timed_us=481227
subsystem_time: stage=rom_copy calls=15225 timed_calls=15225 period=1 timed_us=17938
subsystem_time: stage=present calls=5399 timed_calls=5399 period=1 timed_us=44625
subsystem_time: stage=limiter calls=2932 timed_calls=2932 period=1 timed_us=16817706
subsystem_time: stage=vm_fault calls=0 timed_calls=0 period=1 timed_us=0
subsystem_time: stage=vm_victim calls=0 timed_calls=0 period=1 timed_us=0
subsystem_time: stage=vm_read calls=0 timed_calls=0 period=1 timed_us=0
subsystem_time: stage=vm_write calls=0 timed_calls=0 period=1 timed_us=0
subsystem_time: stage=tex_hash calls=349279 timed_calls=349279 period=1 timed_us=3618513
subsystem_time: stage=tex_lookup calls=349279 timed_calls=349279 period=1 timed_us=327052
subsystem_time: stage=tex_load calls=2375 timed_calls=2375 period=1 timed_us=303752
subsystem_time: stage=tex_activate calls=349279 timed_calls=349279 period=1 timed_us=90168
subsystem_time: stage=draw_triangles calls=187849 timed_calls=187849 period=1 timed_us=424894
subsystem_time: stage=draw_rect calls=218805 timed_calls=218805 period=1 timed_us=2899336
subsystem_time: stage=gfx_list calls=2328 timed_calls=2328 period=1 timed_us=41650686
subsystem_time: stage=gfx_command calls=5716782 timed_calls=45014 period=127 timed_us=354964
subsystem_time: stage=vertex calls=1477944 timed_calls=11637 period=127 timed_us=3193
subsystem_time: stage=gfx_state calls=436091 timed_calls=3433 period=127 timed_us=39199
subsystem_time: stage=gx_wait calls=0 timed_calls=0 period=1 timed_us=0
subsystem_time: stage=dma_pi calls=15225 timed_calls=15225 period=1 timed_us=149083
subsystem_time: stage=dma_sp calls=15336 timed_calls=15336 period=1 timed_us=4932
subsystem_time: stage=dma_si calls=3886 timed_calls=3886 period=1 timed_us=99934
subsystem_time: stage=tlb_translate calls=0 timed_calls=0 period=127 timed_us=0
subsystem_time: stage=pif calls=3887 timed_calls=3887 period=1 timed_us=99547
subsystem_time: stage=input calls=9312 timed_calls=9312 period=1 timed_us=95688
subsystem_time: stage=guest_interrupt calls=53948 timed_calls=53948 period=1 timed_us=16894563
subsystem_time: stage=interpreter_inclusive calls=0 timed_calls=0 period=1 timed_us=0
subsystem_time: stage=audio_submit calls=5366 timed_calls=5366 period=1 timed_us=12313
subsystem_time: stage=audio_callback calls=54454 timed_calls=54454 period=1 timed_us=12389
subsystem_time: stage=memory_slow calls=2185213 timed_calls=17206 period=127 timed_us=294246
subsystem_time: stage=jit_invalidate calls=51484 timed_calls=405 period=127 timed_us=57
audio_time: stage=resample sampled_calls=1569 sampled_samples=233992 sampled_us=20157
audio_time: stage=zoh sampled_calls=0 sampled_samples=0 sampled_us=0
audio_time: stage=adpcm sampled_calls=1666 sampled_samples=254320 sampled_us=18807
audio_time: stage=envmix_exp sampled_calls=0 sampled_samples=0 sampled_us=0
audio_time: stage=envmix_ge sampled_calls=0 sampled_samples=0 sampled_us=0
audio_time: stage=envmix_lin sampled_calls=0 sampled_samples=0 sampled_us=0
audio_time: stage=envmix_nead sampled_calls=1569 sampled_samples=233992 sampled_us=23093
audio_time: stage=mix sampled_calls=252 sampled_samples=96768 sampled_us=2040
audio_time: stage=musyx_voice sampled_calls=0 sampled_samples=0 sampled_us=0
audio_time: stage=musyx_fx sampled_calls=0 sampled_samples=0 sampled_us=0
audio_time: stage=output sampled_calls=42 sampled_samples=18832 sampled_us=84
game: n=2/2 how=vis vis=5400 vi_rate=60 vi0_retrace=2289 wall_us=91556851 sleep_us=16813931 avg_vis=58.70 avg_fps=27.99 exceptions=40085 cacheResets=1 recompiles=1732 batches=187849 verts=2210613 texStalls=0 treeDepthMax=14 underruns=139 overruns=0 queue_peak_ms=100 dsp_avg=3.90 dsp_peak=6.60 pmc1=66729011231 pmc2=0 pmc3=0 pmc4=0 mmcr0=00000042 mmcr1=00000000 heap_used=10907096 heap_free=33160 arena1_free=512000 arena2_free=577472 flushes=11 flush_us=9492 padtrace=21 rom=sd:/wii64/roms/Mario Kart 64.v64
=== chain 2/2 end vis=5400 how=vis rom=sd:/wii64/roms/Mario Kart 64.v64 ===
