--- wii64 perf log ---
mark: diag received dynacore line
mark: diag requested core: dynarec
mark: pad replay records: 1
selftest:
  raw[0]=51283065429179276
  raw[1]=51283065429179276
  raw[2]=51283065429179289
  raw[3]=51283065429179302
  raw[4]=51283065429179315
  delta[0]=0us
  delta[1]=0us
  delta[2]=0us
  delta[3]=0us
mark: audio quality: accurate
mark: audio modes: n64=0 output=0 mixer=0 latency=2 sync=0
mark: diag applied core: dynarec
mark: HBC agent ready
mark: loadROM: enter
mark: loadROM: before rom_read
mark: ROMCache_load: enter
mark: ROMCache_load: before first read
mark: ROMCache_load: first read returned
mark: ROMCache_load: byte_swap_type set
mark: ROMCache_load: first byte_swap done
mark: ROMCache_load: loop exited normally
mark: ROMCache_load: elapsed_us=258700 bytes=8388608 vm=0
mark: loadROM: after rom_read
mark: loadROM: before init_memory
mark: loadROM: after init_memory
mark: loadROM: before romOpen_gfx
mark: loadROM: after romOpen_gfx / before romOpen_audio
mark: loadROM: after romOpen_audio / before romOpen_input
mark: loadROM: after romOpen_input / before cpu_init
mark: loadROM: after cpu_init
menufps: 5.7
fps: 0.1
first_vi: vi0_retrace=201
vis: 0.1
cpu: exceptions=0 cacheResets=0 batches=0 verts=0 texStalls=0 recompiles=0 underruns=0 overruns=0 sleep_us=0 queue_ms=0
mark: CPU core dispatch: dynarec
vis: 60.0
cpu: exceptions=60 cacheResets=1 batches=0 verts=0 texStalls=0 recompiles=163 underruns=2 overruns=0 sleep_us=89472 queue_ms=39
fps: 1.2
vis: 60.0
cpu: exceptions=216 cacheResets=1 batches=0 verts=0 texStalls=0 recompiles=207 underruns=2 overruns=0 sleep_us=543591 queue_ms=34
vis: 60.0
cpu: exceptions=516 cacheResets=1 batches=0 verts=0 texStalls=0 recompiles=207 underruns=2 overruns=0 sleep_us=1009446 queue_ms=39
vis: 60.0
cpu: exceptions=815 cacheResets=1 batches=0 verts=0 texStalls=0 recompiles=233 underruns=2 overruns=0 sleep_us=1472961 queue_ms=35
vis: 60.0
cpu: exceptions=1068 cacheResets=1 batches=0 verts=0 texStalls=0 recompiles=287 underruns=2 overruns=0 sleep_us=1927364 queue_ms=32
vis: 60.0
cpu: exceptions=1139 cacheResets=1 batches=0 verts=0 texStalls=0 recompiles=288 underruns=3 overruns=0 sleep_us=2331132 queue_ms=0
fps: 0.4
vis: 57.8
cpu: exceptions=1282 cacheResets=1 batches=0 verts=0 texStalls=0 recompiles=508 underruns=6 overruns=0 sleep_us=2517958 queue_ms=20
vis: 51.0
cpu: exceptions=1424 cacheResets=1 batches=0 verts=0 texStalls=0 recompiles=732 underruns=8 overruns=0 sleep_us=2687056 queue_ms=3
fps: 1.6
vis: 60.0
cpu: exceptions=1612 cacheResets=1 batches=3470 verts=86430 texStalls=0 recompiles=834 underruns=10 overruns=0 sleep_us=2812257 queue_ms=70
fps: 21.5
vis: 60.0
cpu: exceptions=1796 cacheResets=1 batches=6940 verts=172860 texStalls=0 recompiles=835 underruns=10 overruns=0 sleep_us=3008646 queue_ms=68
fps: 20.0
vis: 60.0
cpu: exceptions=1991 cacheResets=1 batches=10410 verts=259290 texStalls=0 recompiles=836 underruns=10 overruns=0 sleep_us=3199388 queue_ms=72
fps: 20.0
vis: 60.0
cpu: exceptions=2189 cacheResets=1 batches=13932 verts=345876 texStalls=0 recompiles=837 underruns=10 overruns=0 sleep_us=3385382 queue_ms=69
fps: 20.0
vis: 60.0
cpu: exceptions=2383 cacheResets=1 batches=17633 verts=432999 texStalls=0 recompiles=840 underruns=10 overruns=0 sleep_us=3576831 queue_ms=73
fps: 20.0
vis: 60.0
cpu: exceptions=2602 cacheResets=1 batches=21427 verts=520401 texStalls=0 recompiles=843 underruns=10 overruns=0 sleep_us=3742236 queue_ms=70
fps: 20.0
vis: 60.0
cpu: exceptions=2838 cacheResets=1 batches=25297 verts=608031 texStalls=0 recompiles=844 underruns=10 overruns=0 sleep_us=3901813 queue_ms=66
fps: 20.0
vis: 60.0
cpu: exceptions=3089 cacheResets=1 batches=29229 verts=695847 texStalls=0 recompiles=844 underruns=10 overruns=0 sleep_us=4052998 queue_ms=71
fps: 20.0
vis: 60.0
cpu: exceptions=3368 cacheResets=1 batches=33213 verts=786171 texStalls=0 recompiles=845 underruns=10 overruns=0 sleep_us=4181468 queue_ms=67
fps: 20.0
vis: 60.0
cpu: exceptions=3651 cacheResets=1 batches=37129 verts=877299 texStalls=0 recompiles=845 underruns=10 overruns=0 sleep_us=4315147 queue_ms=73
fps: 20.0
vis: 60.0
cpu: exceptions=3925 cacheResets=1 batches=40785 verts=968247 texStalls=0 recompiles=845 underruns=10 overruns=0 sleep_us=4455307 queue_ms=69
fps: 20.0
vis: 60.0
cpu: exceptions=4189 cacheResets=1 batches=44355 verts=1058937 texStalls=0 recompiles=845 underruns=10 overruns=0 sleep_us=4602820 queue_ms=65
fps: 20.0
vis: 60.0
cpu: exceptions=4460 cacheResets=1 batches=47925 verts=1149627 texStalls=0 recompiles=845 underruns=10 overruns=0 sleep_us=4746184 queue_ms=71
fps: 19.9
vis: 60.0
cpu: exceptions=4731 cacheResets=1 batches=51497 verts=1240323 texStalls=0 recompiles=845 underruns=10 overruns=0 sleep_us=4884783 queue_ms=66
fps: 20.0
vis: 60.0
cpu: exceptions=5011 cacheResets=1 batches=55122 verts=1331799 texStalls=0 recompiles=846 underruns=10 overruns=0 sleep_us=5014568 queue_ms=73
fps: 19.9
vis: 60.0
cpu: exceptions=5320 cacheResets=1 batches=58815 verts=1423758 texStalls=0 recompiles=848 underruns=10 overruns=0 sleep_us=5120445 queue_ms=68
fps: 20.0
vis: 60.0
cpu: exceptions=5612 cacheResets=1 batches=62574 verts=1515879 texStalls=0 recompiles=856 underruns=10 overruns=0 sleep_us=5234014 queue_ms=64
fps: 20.1
vis: 60.0
cpu: exceptions=5839 cacheResets=1 batches=66563 verts=1608909 texStalls=0 recompiles=863 underruns=10 overruns=0 sleep_us=5384301 queue_ms=70
fps: 20.1
vis: 60.0
cpu: exceptions=6044 cacheResets=1 batches=70638 verts=1702617 texStalls=0 recompiles=864 underruns=10 overruns=0 sleep_us=5552887 queue_ms=67
fps: 20.0
vis: 60.0
cpu: exceptions=6212 cacheResets=1 batches=74504 verts=1795887 texStalls=0 recompiles=866 underruns=10 overruns=0 sleep_us=5732412 queue_ms=71
fps: 19.9
vis: 60.0
cpu: exceptions=6455 cacheResets=1 batches=78205 verts=1888362 texStalls=0 recompiles=866 underruns=10 overruns=0 sleep_us=5879461 queue_ms=68
fps: 20.0
vis: 60.0
cpu: exceptions=6634 cacheResets=1 batches=81863 verts=1980294 texStalls=0 recompiles=866 underruns=10 overruns=0 sleep_us=6054422 queue_ms=73
fps: 20.0
vis: 60.0
cpu: exceptions=6821 cacheResets=1 batches=85497 verts=2071905 texStalls=0 recompiles=866 underruns=10 overruns=0 sleep_us=6223427 queue_ms=69
fps: 20.0
vis: 60.0
cpu: exceptions=7021 cacheResets=1 batches=89128 verts=2163498 texStalls=0 recompiles=866 underruns=10 overruns=0 sleep_us=6390137 queue_ms=75
fps: 20.0
vis: 60.0
cpu: exceptions=7221 cacheResets=1 batches=92784 verts=2255154 texStalls=0 recompiles=867 underruns=10 overruns=0 sleep_us=6565715 queue_ms=71
fps: 20.0
vis: 60.0
cpu: exceptions=7400 cacheResets=1 batches=96918 verts=2348496 texStalls=0 recompiles=868 underruns=10 overruns=0 sleep_us=6739891 queue_ms=67
fps: 20.0
vis: 60.0
cpu: exceptions=7602 cacheResets=1 batches=101257 verts=2442312 texStalls=0 recompiles=868 underruns=10 overruns=0 sleep_us=6900316 queue_ms=73
vis: 60.0
cpu: exceptions=7789 cacheResets=1 batches=105552 verts=2535777 texStalls=0 recompiles=869 underruns=10 overruns=0 sleep_us=7071342 queue_ms=68
fps: 20.0
vis: 60.0
cpu: exceptions=7989 cacheResets=1 batches=109863 verts=2629338 texStalls=0 recompiles=869 underruns=10 overruns=0 sleep_us=7235426 queue_ms=74
fps: 20.0
vis: 60.0
cpu: exceptions=8182 cacheResets=1 batches=114176 verts=2723019 texStalls=0 recompiles=869 underruns=10 overruns=0 sleep_us=7403276 queue_ms=71
fps: 20.0
vis: 60.0
cpu: exceptions=8370 cacheResets=1 batches=118514 verts=2816892 texStalls=0 recompiles=869 underruns=10 overruns=0 sleep_us=7573269 queue_ms=75
fps: 20.0
vis: 60.0
cpu: exceptions=8579 cacheResets=1 batches=122837 verts=2910741 texStalls=0 recompiles=869 underruns=10 overruns=0 sleep_us=7730662 queue_ms=72
fps: 20.0
vis: 60.0
cpu: exceptions=8810 cacheResets=1 batches=127135 verts=3004539 texStalls=0 recompiles=869 underruns=10 overruns=0 sleep_us=7877091 queue_ms=67
fps: 20.0
vis: 60.0
cpu: exceptions=9054 cacheResets=1 batches=131420 verts=3098415 texStalls=0 recompiles=869 underruns=10 overruns=0 sleep_us=8018094 queue_ms=74
fps: 20.0
vis: 60.0
cpu: exceptions=9309 cacheResets=1 batches=135646 verts=3192480 texStalls=0 recompiles=869 underruns=10 overruns=0 sleep_us=8145409 queue_ms=69
fps: 20.0
vis: 60.0
cpu: exceptions=9551 cacheResets=1 batches=139839 verts=3286356 texStalls=0 recompiles=869 underruns=10 overruns=0 sleep_us=8287726 queue_ms=75
fps: 20.0
vis: 60.0
cpu: exceptions=9746 cacheResets=1 batches=143838 verts=3379386 texStalls=0 recompiles=870 underruns=10 overruns=0 sleep_us=8453086 queue_ms=71
fps: 20.0
vis: 60.0
cpu: exceptions=9917 cacheResets=1 batches=147904 verts=3472722 texStalls=0 recompiles=870 underruns=10 overruns=0 sleep_us=8635030 queue_ms=67
fps: 20.0
vis: 60.0
cpu: exceptions=10113 cacheResets=1 batches=152265 verts=3566742 texStalls=0 recompiles=870 underruns=10 overruns=0 sleep_us=8803424 queue_ms=73
fps: 20.0
vis: 60.0
cpu: exceptions=10319 cacheResets=1 batches=156421 verts=3660048 texStalls=0 recompiles=870 underruns=10 overruns=0 sleep_us=8961991 queue_ms=68
fps: 20.1
vis: 60.0
cpu: exceptions=10512 cacheResets=1 batches=160557 verts=3753306 texStalls=0 recompiles=870 underruns=10 overruns=0 sleep_us=9130824 queue_ms=74
fps: 19.9
vis: 60.0
cpu: exceptions=10721 cacheResets=1 batches=164680 verts=3846813 texStalls=0 recompiles=870 underruns=10 overruns=0 sleep_us=9292256 queue_ms=71
fps: 20.0
vis: 60.0
cpu: exceptions=10929 cacheResets=1 batches=168845 verts=3940446 texStalls=0 recompiles=870 underruns=10 overruns=0 sleep_us=9451641 queue_ms=75
fps: 20.0
vis: 60.0
cpu: exceptions=11131 cacheResets=1 batches=172860 verts=4033608 texStalls=0 recompiles=870 underruns=10 overruns=0 sleep_us=9619978 queue_ms=72
fps: 20.0
vis: 60.0
cpu: exceptions=11327 cacheResets=1 batches=176878 verts=4127280 texStalls=0 recompiles=870 underruns=10 overruns=0 sleep_us=9791343 queue_ms=68
fps: 20.0
vis: 60.0
cpu: exceptions=11535 cacheResets=1 batches=181177 verts=4221945 texStalls=0 recompiles=870 underruns=10 overruns=0 sleep_us=9946739 queue_ms=73
fps: 20.0
vis: 60.0
cpu: exceptions=11726 cacheResets=1 batches=185444 verts=4315707 texStalls=0 recompiles=876 underruns=10 overruns=0 sleep_us=10118785 queue_ms=70
fps: 19.9
vis: 60.0
cpu: exceptions=11922 cacheResets=1 batches=189619 verts=4408797 texStalls=0 recompiles=877 underruns=10 overruns=0 sleep_us=10289757 queue_ms=75
vis: 60.0
cpu: exceptions=12114 cacheResets=1 batches=193782 verts=4501491 texStalls=0 recompiles=877 underruns=10 overruns=0 sleep_us=10462592 queue_ms=72
fps: 20.0
vis: 60.0
cpu: exceptions=12287 cacheResets=1 batches=198072 verts=4594344 texStalls=0 recompiles=877 underruns=10 overruns=0 sleep_us=10646016 queue_ms=76
fps: 20.0
vis: 60.0
cpu: exceptions=12493 cacheResets=1 batches=202493 verts=4687587 texStalls=0 recompiles=877 underruns=10 overruns=0 sleep_us=10808497 queue_ms=73
fps: 20.0
vis: 60.0
cpu: exceptions=12691 cacheResets=1 batches=207155 verts=4781562 texStalls=0 recompiles=877 underruns=10 overruns=0 sleep_us=10977247 queue_ms=68
mark: stop reason: chain guest VI limit
mark: stop_it requested
audio: alist_resample_calls=63276 alist_resample_samples=8441360 alist_zoh_calls=0 alist_zoh_samples=0 musyx_subframes=0 musyx_voices=0 musyx_voice_peak=0
audio_stages: adpcm_calls=49627 adpcm_samples=6551440 envmix_calls=49244 envmix_samples=6569232 mix_calls=46230 mix_samples=14044192 musyx_fx_calls=0 musyx_fx_taps=0 output_calls=1762 output_samples=939568
audio_envmix: exp_calls=49244 ge_calls=0 lin_calls=0 nead_calls=0 exp_steady=40198 ge_steady=0 lin_steady=0
audio_gaps: nead_mats=0 nead_efz=0 resample_flag2=0 musyx_ptr10=0
audio_output: stream_requests=5016 stream_fed=3255 input_hz=32006 playback_hz=32006 queue_peak_ms=94
vm_io: read_ahead=1 reads=0 hits=0 read_bytes=0 writes=0 write_bytes=0 errors=0
subsystem_time: stage=rsp_gfx calls=524 timed_calls=524 period=1 timed_us=7405647
subsystem_time: stage=rsp_audio calls=1754 timed_calls=1754 period=1 timed_us=2848100
subsystem_time: stage=rsp_other calls=0 timed_calls=0 period=1 timed_us=0
subsystem_time: stage=lookup calls=3908259 timed_calls=30773 period=127 timed_us=2808
subsystem_time: stage=compile calls=877 timed_calls=877 period=1 timed_us=274943
subsystem_time: stage=dispatch calls=3908222 timed_calls=30773 period=127 timed_us=13550
subsystem_time: stage=execute_inclusive calls=3908222 timed_calls=30773 period=127 timed_us=225328
subsystem_time: stage=rom_copy calls=5187 timed_calls=5187 period=1 timed_us=6292
subsystem_time: stage=present calls=1799 timed_calls=1799 period=1 timed_us=22570
subsystem_time: stage=limiter calls=1240 timed_calls=1240 period=1 timed_us=10986092
subsystem_time: stage=vm_fault calls=0 timed_calls=0 period=1 timed_us=0
subsystem_time: stage=vm_victim calls=0 timed_calls=0 period=1 timed_us=0
subsystem_time: stage=vm_read calls=0 timed_calls=0 period=1 timed_us=0
subsystem_time: stage=vm_write calls=0 timed_calls=0 period=1 timed_us=0
subsystem_time: stage=tex_hash calls=158048 timed_calls=158048 period=1 timed_us=2911467
subsystem_time: stage=tex_lookup calls=158048 timed_calls=158048 period=1 timed_us=127136
subsystem_time: stage=tex_load calls=178 timed_calls=178 period=1 timed_us=19171
subsystem_time: stage=tex_activate calls=158048 timed_calls=158048 period=1 timed_us=84206
subsystem_time: stage=draw_triangles calls=207618 timed_calls=207618 period=1 timed_us=614253
subsystem_time: stage=draw_rect calls=6256 timed_calls=6256 period=1 timed_us=67888
subsystem_time: stage=gfx_list calls=524 timed_calls=524 period=1 timed_us=7405520
subsystem_time: stage=gfx_command calls=3519773 timed_calls=27714 period=127 timed_us=58462
subsystem_time: stage=vertex calls=2294846 timed_calls=18069 period=127 timed_us=5650
subsystem_time: stage=gfx_state calls=165169 timed_calls=1300 period=127 timed_us=26069
subsystem_time: stage=gx_wait calls=0 timed_calls=0 period=1 timed_us=0
subsystem_time: stage=dma_pi calls=5187 timed_calls=5187 period=1 timed_us=51351
subsystem_time: stage=dma_sp calls=4556 timed_calls=4556 period=1 timed_us=1617
subsystem_time: stage=dma_si calls=1041 timed_calls=1041 period=1 timed_us=33891
subsystem_time: stage=tlb_translate calls=0 timed_calls=0 period=127 timed_us=0
subsystem_time: stage=pif calls=1042 timed_calls=1042 period=1 timed_us=33589
subsystem_time: stage=input calls=2096 timed_calls=2096 period=1 timed_us=32857
subsystem_time: stage=guest_interrupt calls=18419 timed_calls=18419 period=1 timed_us=11020088
subsystem_time: stage=interpreter_inclusive calls=0 timed_calls=0 period=1 timed_us=0
subsystem_time: stage=audio_submit calls=1762 timed_calls=1762 period=1 timed_us=5047
subsystem_time: stage=audio_callback calls=18556 timed_calls=18556 period=1 timed_us=5067
subsystem_time: stage=memory_slow calls=1212985 timed_calls=9551 period=127 timed_us=80166
subsystem_time: stage=jit_invalidate calls=37 timed_calls=0 period=127 timed_us=0
audio_time: stage=resample sampled_calls=498 sampled_samples=66416 sampled_us=5705
audio_time: stage=zoh sampled_calls=0 sampled_samples=0 sampled_us=0
audio_time: stage=adpcm sampled_calls=390 sampled_samples=51824 sampled_us=3864
audio_time: stage=envmix_exp sampled_calls=387 sampled_samples=51680 sampled_us=8501
audio_time: stage=envmix_ge sampled_calls=0 sampled_samples=0 sampled_us=0
audio_time: stage=envmix_lin sampled_calls=0 sampled_samples=0 sampled_us=0
audio_time: stage=envmix_nead sampled_calls=0 sampled_samples=0 sampled_us=0
audio_time: stage=mix sampled_calls=364 sampled_samples=109984 sampled_us=2308
audio_time: stage=musyx_voice sampled_calls=0 sampled_samples=0 sampled_us=0
audio_time: stage=musyx_fx sampled_calls=0 sampled_samples=0 sampled_us=0
audio_time: stage=output sampled_calls=13 sampled_samples=6928 sampled_us=30
game: n=1/1 how=vis vis=1800 vi_rate=60 vi0_retrace=201 wall_us=30116225 sleep_us=10984400 avg_vis=58.83 avg_fps=18.57 exceptions=12706 cacheResets=1 recompiles=877 batches=207618 verts=4790958 texStalls=0 treeDepthMax=12 underruns=10 overruns=0 queue_peak_ms=76 dsp_avg=3.72 dsp_peak=5.15 pmc1=21947928735 pmc2=0 pmc3=0 pmc4=0 mmcr0=00000042 mmcr1=00000000 heap_used=10848696 heap_free=34216 arena1_free=569344 arena2_free=577472 flushes=5 flush_us=3543 padtrace=4 rom=sd:/wii64/roms/Wave Race 64 - Kawasaki Jet Ski (USA) (Rev 1).z64
=== chain 1/1 end vis=1800 how=vis rom=sd:/wii64/roms/Wave Race 64 - Kawasaki Jet Ski (USA) (Rev 1).z64 ===
