--- wii64 perf log ---
mark: diag config: wiiload arguments
mark: wiiload dynacore argument received
mark: diag received dynacore line
mark: diag requested core: dynarec
mark: pad replay records: 1
selftest:
  raw[0]=51281864532371314
  raw[1]=51281864532371318
  raw[2]=51281864532371330
  raw[3]=51281864532371343
  raw[4]=51281864532371356
  delta[0]=0us
  delta[1]=0us
  delta[2]=0us
  delta[3]=0us
mark: audio quality: accurate
mark: audio modes: n64=0 output=0 mixer=0 latency=2 sync=0
mark: diag applied core: dynarec
mark: HBC agent ready
mark: loadROM: enter
mark: loadROM: before rom_read
mark: ROMCache_load: enter
mark: ROMCache_load: before first read
mark: ROMCache_load: first read returned
mark: ROMCache_load: byte_swap_type set
mark: ROMCache_load: first byte_swap done
menufps: 10.3
menufps: 8.1
menufps: 7.9
mark: ROMCache_load: loop exited normally
mark: ROMCache_load: elapsed_us=1944538 bytes=8388608 vm=0
mark: loadROM: after rom_read
mark: loadROM: before init_memory
mark: loadROM: after init_memory
mark: loadROM: before romOpen_gfx
mark: loadROM: after romOpen_gfx / before romOpen_audio
mark: loadROM: after romOpen_audio / before romOpen_input
mark: loadROM: after romOpen_input / before cpu_init
mark: loadROM: after cpu_init
menufps: 1.2
fps: 0.0
first_vi: vi0_retrace=318
vis: 0.0
cpu: exceptions=0 cacheResets=0 batches=0 verts=0 texStalls=0 recompiles=0 underruns=0 overruns=0 sleep_us=0 queue_ms=0
mark: CPU core dispatch: dynarec
vis: 60.0
cpu: exceptions=240 cacheResets=1 batches=0 verts=0 texStalls=0 recompiles=189 underruns=1 overruns=0 sleep_us=261877 queue_ms=91
vis: 60.0
cpu: exceptions=540 cacheResets=1 batches=0 verts=0 texStalls=0 recompiles=198 underruns=1 overruns=0 sleep_us=741500 queue_ms=96
vis: 60.0
cpu: exceptions=840 cacheResets=1 batches=0 verts=0 texStalls=0 recompiles=204 underruns=1 overruns=0 sleep_us=1221239 queue_ms=93
vis: 60.0
cpu: exceptions=1134 cacheResets=1 batches=0 verts=0 texStalls=0 recompiles=204 underruns=1 overruns=0 sleep_us=1701492 queue_ms=88
fps: 0.5
vis: 60.0
cpu: exceptions=1430 cacheResets=1 batches=414 verts=9387 texStalls=0 recompiles=468 underruns=2 overruns=0 sleep_us=2047042 queue_ms=11
fps: 20.0
vis: 60.0
cpu: exceptions=1587 cacheResets=1 batches=2484 verts=56322 texStalls=0 recompiles=475 underruns=2 overruns=0 sleep_us=2466404 queue_ms=9
fps: 30.0
vis: 60.0
cpu: exceptions=1751 cacheResets=1 batches=4554 verts=103257 texStalls=0 recompiles=478 underruns=2 overruns=0 sleep_us=2884678 queue_ms=15
fps: 30.0
vis: 60.0
cpu: exceptions=1893 cacheResets=1 batches=6624 verts=150192 texStalls=0 recompiles=478 underruns=2 overruns=0 sleep_us=3311991 queue_ms=11
fps: 30.0
vis: 60.0
cpu: exceptions=2035 cacheResets=1 batches=8694 verts=197127 texStalls=0 recompiles=478 underruns=2 overruns=0 sleep_us=3739034 queue_ms=16
fps: 30.0
vis: 60.0
cpu: exceptions=2177 cacheResets=1 batches=10767 verts=244080 texStalls=0 recompiles=489 underruns=2 overruns=0 sleep_us=4164798 queue_ms=13
fps: 30.0
vis: 60.0
cpu: exceptions=2318 cacheResets=1 batches=12574 verts=284835 texStalls=0 recompiles=498 underruns=2 overruns=0 sleep_us=4595191 queue_ms=9
vis: 60.0
cpu: exceptions=2637 cacheResets=1 batches=12574 verts=284835 texStalls=0 recompiles=675 underruns=3 overruns=0 sleep_us=4802795 queue_ms=23
vis: 60.0
cpu: exceptions=2727 cacheResets=1 batches=12574 verts=284835 texStalls=0 recompiles=733 underruns=3 overruns=0 sleep_us=5036168 queue_ms=19
vis: 60.0
cpu: exceptions=2817 cacheResets=1 batches=12574 verts=284835 texStalls=0 recompiles=784 underruns=3 overruns=0 sleep_us=5332575 queue_ms=25
fps: 4.9
vis: 60.0
cpu: exceptions=2960 cacheResets=1 batches=13906 verts=302151 texStalls=0 recompiles=910 underruns=5 overruns=0 sleep_us=5596168 queue_ms=8
fps: 15.2
vis: 60.0
cpu: exceptions=3117 cacheResets=1 batches=18793 verts=366438 texStalls=0 recompiles=910 underruns=5 overruns=0 sleep_us=5771662 queue_ms=13
fps: 30.0
vis: 60.0
cpu: exceptions=3272 cacheResets=1 batches=23673 verts=430431 texStalls=0 recompiles=927 underruns=5 overruns=0 sleep_us=5946291 queue_ms=8
fps: 30.0
vis: 60.0
cpu: exceptions=3435 cacheResets=1 batches=28536 verts=494304 texStalls=0 recompiles=927 underruns=5 overruns=0 sleep_us=6121595 queue_ms=14
fps: 30.0
vis: 60.0
cpu: exceptions=3590 cacheResets=1 batches=33398 verts=558171 texStalls=0 recompiles=927 underruns=5 overruns=0 sleep_us=6306977 queue_ms=10
fps: 29.2
mark: stop reason: chain guest VI limit
mark: stop_it requested
audio: alist_resample_calls=4708 alist_resample_samples=601568 alist_zoh_calls=0 alist_zoh_samples=0 musyx_subframes=0 musyx_voices=0 musyx_voice_peak=0
audio_stages: adpcm_calls=4434 adpcm_samples=509312 envmix_calls=4142 envmix_samples=553024 mix_calls=2300 mix_samples=736000 musyx_fx_calls=0 musyx_fx_taps=0 output_calls=576 output_samples=306992
audio_envmix: exp_calls=4142 ge_calls=0 lin_calls=0 nead_calls=0 exp_steady=3446 ge_steady=0 lin_steady=0
audio_gaps: nead_mats=0 nead_efz=0 resample_flag2=0 musyx_ptr10=0
audio_output: stream_requests=2767 stream_fed=1065 input_hz=32006 playback_hz=32006 queue_peak_ms=114
vm_io: read_ahead=1 reads=0 hits=0 read_bytes=0 writes=0 write_bytes=0 errors=0
subsystem_time: stage=rsp_gfx calls=176 timed_calls=176 period=1 timed_us=625257
subsystem_time: stage=rsp_audio calls=575 timed_calls=575 period=1 timed_us=132492
subsystem_time: stage=rsp_other calls=0 timed_calls=0 period=1 timed_us=0
subsystem_time: stage=lookup calls=2255315 timed_calls=17758 period=127 timed_us=2361
subsystem_time: stage=compile calls=927 timed_calls=927 period=1 timed_us=105136
subsystem_time: stage=dispatch calls=2250907 timed_calls=17723 period=127 timed_us=5795
subsystem_time: stage=execute_inclusive calls=2250907 timed_calls=17723 period=127 timed_us=64120
subsystem_time: stage=rom_copy calls=672 timed_calls=672 period=1 timed_us=17549
subsystem_time: stage=present calls=599 timed_calls=599 period=1 timed_us=12257
subsystem_time: stage=limiter calls=579 timed_calls=579 period=1 timed_us=6468612
subsystem_time: stage=vm_fault calls=0 timed_calls=0 period=1 timed_us=0
subsystem_time: stage=vm_victim calls=0 timed_calls=0 period=1 timed_us=0
subsystem_time: stage=vm_read calls=0 timed_calls=0 period=1 timed_us=0
subsystem_time: stage=vm_write calls=0 timed_calls=0 period=1 timed_us=0
subsystem_time: stage=tex_hash calls=10161 timed_calls=10161 period=1 timed_us=96566
subsystem_time: stage=tex_lookup calls=10161 timed_calls=10161 period=1 timed_us=1776
subsystem_time: stage=tex_load calls=37 timed_calls=37 period=1 timed_us=2233
subsystem_time: stage=tex_activate calls=10161 timed_calls=10161 period=1 timed_us=4530
subsystem_time: stage=draw_triangles calls=37943 timed_calls=37943 period=1 timed_us=90557
subsystem_time: stage=draw_rect calls=810 timed_calls=810 period=1 timed_us=6037
subsystem_time: stage=gfx_list calls=176 timed_calls=176 period=1 timed_us=624957
subsystem_time: stage=gfx_command calls=440620 timed_calls=3469 period=127 timed_us=4977
subsystem_time: stage=vertex calls=429922 timed_calls=3385 period=127 timed_us=790
subsystem_time: stage=gfx_state calls=25769 timed_calls=202 period=127 timed_us=1014
subsystem_time: stage=gx_wait calls=0 timed_calls=0 period=1 timed_us=0
subsystem_time: stage=dma_pi calls=672 timed_calls=672 period=1 timed_us=33556
subsystem_time: stage=dma_sp calls=1502 timed_calls=1502 period=1 timed_us=1007
subsystem_time: stage=dma_si calls=821 timed_calls=821 period=1 timed_us=4310
subsystem_time: stage=tlb_translate calls=200897 timed_calls=1581 period=127 timed_us=73
subsystem_time: stage=pif calls=822 timed_calls=822 period=1 timed_us=3783
subsystem_time: stage=input calls=704 timed_calls=704 period=1 timed_us=3001
subsystem_time: stage=guest_interrupt calls=4387 timed_calls=4387 period=1 timed_us=6521928
subsystem_time: stage=interpreter_inclusive calls=0 timed_calls=0 period=1 timed_us=0
subsystem_time: stage=audio_submit calls=576 timed_calls=576 period=1 timed_us=6363
subsystem_time: stage=audio_callback calls=6289 timed_calls=6289 period=1 timed_us=3567
subsystem_time: stage=memory_slow calls=404881 timed_calls=3188 period=127 timed_us=15481
subsystem_time: stage=jit_invalidate calls=4408 timed_calls=34 period=127 timed_us=4
audio_time: stage=resample sampled_calls=37 sampled_samples=4800 sampled_us=201
audio_time: stage=zoh sampled_calls=0 sampled_samples=0 sampled_us=0
audio_time: stage=adpcm sampled_calls=34 sampled_samples=3632 sampled_us=158
audio_time: stage=envmix_exp sampled_calls=32 sampled_samples=4264 sampled_us=324
audio_time: stage=envmix_ge sampled_calls=0 sampled_samples=0 sampled_us=0
audio_time: stage=envmix_lin sampled_calls=0 sampled_samples=0 sampled_us=0
audio_time: stage=envmix_nead sampled_calls=0 sampled_samples=0 sampled_us=0
audio_time: stage=mix sampled_calls=18 sampled_samples=5760 sampled_us=98
audio_time: stage=musyx_voice sampled_calls=0 sampled_samples=0 sampled_us=0
audio_time: stage=musyx_fx sampled_calls=0 sampled_samples=0 sampled_us=0
audio_time: stage=output sampled_calls=4 sampled_samples=2144 sampled_us=39
game: n=1/5 how=vis vis=600 vi_rate=60 vi0_retrace=318 wall_us=10183493 sleep_us=6466938 avg_vis=57.00 avg_fps=22.12 exceptions=3755 cacheResets=1 recompiles=927 batches=37943 verts=617823 texStalls=0 treeDepthMax=14 underruns=7 overruns=0 queue_peak_ms=96 dsp_avg=1.52 dsp_peak=1.70 pmc1=2550640918 pmc2=2614786681 pmc3=0 pmc4=0 mmcr0=00000042 mmcr1=00000000 heap_used=10848668 heap_free=37704 arena1_free=565248 arena2_free=577472 flushes=3 flush_us=28181 padtrace=4 rom=sd:/wii64/roms/Super Mario 64.v64
=== chain 1/5 end vis=600 how=vis rom=sd:/wii64/roms/Super Mario 64.v64 ===
mark: pad replay records: 18
mark: loadROM: enter
mark: loadROM: before rom_read
mark: ROMCache_load: enter
mark: ROMCache_load: before first read
mark: ROMCache_load: first read returned
mark: ROMCache_load: byte_swap_type set
mark: ROMCache_load: first byte_swap done
menufps: 0.1
menufps: 8.4
menufps: 8.3
menufps: 8.0
menufps: 8.3
menufps: 8.3
mark: ROMCache_load: loop exited normally
mark: ROMCache_load: elapsed_us=3106513 bytes=13893632 vm=0
mark: loadROM: after rom_read
mark: loadROM: before init_memory
mark: loadROM: after init_memory
mark: loadROM: before romOpen_gfx
mark: loadROM: after romOpen_gfx / before romOpen_audio
mark: loadROM: after romOpen_audio / before romOpen_input
mark: loadROM: after romOpen_input / before cpu_init
mark: loadROM: after cpu_init
menufps: 0.9
fps: 1.4
first_vi: vi0_retrace=1320
vis: 4.2
cpu: exceptions=0 cacheResets=0 batches=0 verts=0 texStalls=0 recompiles=0 underruns=0 overruns=0 sleep_us=0 queue_ms=0
mark: CPU core dispatch: dynarec
vis: 60.0
cpu: exceptions=1029 cacheResets=1 batches=0 verts=0 texStalls=0 recompiles=316 underruns=1 overruns=0 sleep_us=141157 queue_ms=52
vis: 60.0
cpu: exceptions=1329 cacheResets=1 batches=0 verts=0 texStalls=0 recompiles=316 underruns=1 overruns=0 sleep_us=615138 queue_ms=59
vis: 60.0
cpu: exceptions=1629 cacheResets=1 batches=0 verts=0 texStalls=0 recompiles=331 underruns=1 overruns=0 sleep_us=1087252 queue_ms=56
vis: 60.0
cpu: exceptions=1928 cacheResets=1 batches=0 verts=0 texStalls=0 recompiles=331 underruns=1 overruns=0 sleep_us=1560879 queue_ms=63
vis: 60.0
cpu: exceptions=2228 cacheResets=1 batches=0 verts=0 texStalls=0 recompiles=331 underruns=1 overruns=0 sleep_us=2034453 queue_ms=59
vis: 60.0
cpu: exceptions=2528 cacheResets=1 batches=0 verts=0 texStalls=0 recompiles=331 underruns=1 overruns=0 sleep_us=2508035 queue_ms=56
vis: 60.0
cpu: exceptions=2864 cacheResets=1 batches=0 verts=0 texStalls=0 recompiles=344 underruns=1 overruns=0 sleep_us=2975394 queue_ms=62
fps: 0.8
vis: 60.0
cpu: exceptions=3437 cacheResets=1 batches=64 verts=4140 texStalls=0 recompiles=468 underruns=1 overruns=0 sleep_us=3401111 queue_ms=57
fps: 1.6
vis: 60.0
cpu: exceptions=3542 cacheResets=1 batches=576 verts=37260 texStalls=0 recompiles=528 underruns=3 overruns=0 sleep_us=3644689 queue_ms=17
fps: 31.0
vis: 60.0
cpu: exceptions=3683 cacheResets=1 batches=1536 verts=99360 texStalls=0 recompiles=528 underruns=3 overruns=0 sleep_us=3796572 queue_ms=14
fps: 30.0
vis: 60.0
cpu: exceptions=3819 cacheResets=1 batches=2304 verts=149040 texStalls=0 recompiles=566 underruns=3 overruns=0 sleep_us=3967712 queue_ms=20
vis: 60.0
cpu: exceptions=3915 cacheResets=1 batches=2304 verts=149040 texStalls=0 recompiles=566 underruns=3 overruns=0 sleep_us=4214950 queue_ms=17
fps: 3.9
vis: 60.0
cpu: exceptions=4014 cacheResets=1 batches=2424 verts=149760 texStalls=0 recompiles=598 underruns=4 overruns=0 sleep_us=4523302 queue_ms=34
fps: 1.7
vis: 57.9
cpu: exceptions=4116 cacheResets=1 batches=2904 verts=152640 texStalls=0 recompiles=610 underruns=7 overruns=0 sleep_us=4867258 queue_ms=7
fps: 29.9
vis: 58.7
cpu: exceptions=4330 cacheResets=1 batches=4704 verts=163440 texStalls=0 recompiles=611 underruns=8 overruns=0 sleep_us=4925136 queue_ms=11
fps: 29.4
vis: 58.7
cpu: exceptions=4531 cacheResets=1 batches=6504 verts=174240 texStalls=0 recompiles=614 underruns=9 overruns=0 sleep_us=4980060 queue_ms=8
fps: 29.4
vis: 58.8
cpu: exceptions=4724 cacheResets=1 batches=8304 verts=185040 texStalls=0 recompiles=614 underruns=10 overruns=0 sleep_us=5031643 queue_ms=15
fps: 29.4
vis: 58.8
cpu: exceptions=4918 cacheResets=1 batches=10104 verts=195840 texStalls=0 recompiles=614 underruns=11 overruns=0 sleep_us=5083821 queue_ms=10
fps: 29.4
vis: 58.8
cpu: exceptions=5097 cacheResets=1 batches=11904 verts=206640 texStalls=0 recompiles=614 underruns=12 overruns=0 sleep_us=5140050 queue_ms=16
fps: 28.5
vis: 58.8
cpu: exceptions=5275 cacheResets=1 batches=13704 verts=217440 texStalls=0 recompiles=618 underruns=14 overruns=0 sleep_us=5195119 queue_ms=13
vis: 60.0
cpu: exceptions=5455 cacheResets=1 batches=15024 verts=225360 texStalls=0 recompiles=625 underruns=15 overruns=0 sleep_us=5281515 queue_ms=19
vis: 60.0
cpu: exceptions=5606 cacheResets=1 batches=15024 verts=225360 texStalls=0 recompiles=625 underruns=15 overruns=0 sleep_us=5493703 queue_ms=25
vis: 60.0
cpu: exceptions=5778 cacheResets=1 batches=15024 verts=225360 texStalls=0 recompiles=633 underruns=15 overruns=0 sleep_us=5964142 queue_ms=26
vis: 60.0
cpu: exceptions=5977 cacheResets=1 batches=15024 verts=225360 texStalls=0 recompiles=674 underruns=15 overruns=0 sleep_us=6053087 queue_ms=33
fps: 31.8
vis: 60.0
cpu: exceptions=6166 cacheResets=1 batches=15024 verts=225360 texStalls=0 recompiles=674 underruns=15 overruns=0 sleep_us=6134163 queue_ms=29
fps: 30.0
vis: 60.0
cpu: exceptions=6344 cacheResets=1 batches=15024 verts=225360 texStalls=0 recompiles=674 underruns=15 overruns=0 sleep_us=6217066 queue_ms=37
fps: 30.0
vis: 60.0
cpu: exceptions=6507 cacheResets=1 batches=15024 verts=225360 texStalls=0 recompiles=674 underruns=15 overruns=0 sleep_us=6303132 queue_ms=33
fps: 30.0
vis: 60.0
cpu: exceptions=6681 cacheResets=1 batches=15024 verts=225360 texStalls=0 recompiles=674 underruns=15 overruns=0 sleep_us=6389010 queue_ms=40
fps: 30.0
vis: 60.0
cpu: exceptions=6855 cacheResets=1 batches=15024 verts=225360 texStalls=0 recompiles=674 underruns=15 overruns=0 sleep_us=6476031 queue_ms=37
fps: 30.0
vis: 60.0
cpu: exceptions=7018 cacheResets=1 batches=15024 verts=225360 texStalls=0 recompiles=686 underruns=15 overruns=0 sleep_us=6550770 queue_ms=43
fps: 30.0
vis: 60.0
cpu: exceptions=7191 cacheResets=1 batches=15024 verts=225360 texStalls=0 recompiles=686 underruns=15 overruns=0 sleep_us=6626923 queue_ms=38
fps: 30.0
vis: 60.0
cpu: exceptions=7356 cacheResets=1 batches=15024 verts=225360 texStalls=0 recompiles=686 underruns=15 overruns=0 sleep_us=6719944 queue_ms=35
fps: 30.0
vis: 60.0
cpu: exceptions=7527 cacheResets=1 batches=15024 verts=225360 texStalls=0 recompiles=686 underruns=15 overruns=0 sleep_us=6812819 queue_ms=42
fps: 30.0
vis: 60.0
cpu: exceptions=7694 cacheResets=1 batches=15024 verts=225360 texStalls=0 recompiles=686 underruns=15 overruns=0 sleep_us=6906918 queue_ms=38
fps: 30.0
vis: 60.0
cpu: exceptions=7871 cacheResets=1 batches=15024 verts=225360 texStalls=0 recompiles=686 underruns=15 overruns=0 sleep_us=7001643 queue_ms=45
fps: 30.0
vis: 60.0
cpu: exceptions=8049 cacheResets=1 batches=15024 verts=225360 texStalls=0 recompiles=686 underruns=15 overruns=0 sleep_us=7095435 queue_ms=41
fps: 30.0
vis: 60.0
cpu: exceptions=8211 cacheResets=1 batches=15024 verts=225360 texStalls=0 recompiles=686 underruns=15 overruns=0 sleep_us=7190829 queue_ms=48
fps: 30.0
vis: 60.0
cpu: exceptions=8384 cacheResets=1 batches=15024 verts=225360 texStalls=0 recompiles=686 underruns=15 overruns=0 sleep_us=7284822 queue_ms=44
fps: 30.0
vis: 60.0
cpu: exceptions=8554 cacheResets=1 batches=15024 verts=225360 texStalls=0 recompiles=686 underruns=15 overruns=0 sleep_us=7393548 queue_ms=51
fps: 29.1
vis: 60.0
cpu: exceptions=8712 cacheResets=1 batches=15024 verts=225360 texStalls=0 recompiles=688 underruns=15 overruns=0 sleep_us=7510825 queue_ms=36
fps: 30.0
vis: 60.0
cpu: exceptions=8874 cacheResets=1 batches=15024 verts=225360 texStalls=0 recompiles=688 underruns=15 overruns=0 sleep_us=7624150 queue_ms=31
fps: 30.0
vis: 60.0
cpu: exceptions=9057 cacheResets=1 batches=15024 verts=225360 texStalls=0 recompiles=688 underruns=15 overruns=0 sleep_us=7721184 queue_ms=38
fps: 30.0
vis: 60.0
cpu: exceptions=9242 cacheResets=1 batches=15024 verts=225360 texStalls=0 recompiles=688 underruns=15 overruns=0 sleep_us=7810923 queue_ms=34
vis: 60.0
cpu: exceptions=9399 cacheResets=1 batches=15024 verts=225360 texStalls=0 recompiles=688 underruns=15 overruns=0 sleep_us=7919185 queue_ms=29
fps: 30.0
vis: 60.0
cpu: exceptions=9555 cacheResets=1 batches=15024 verts=225360 texStalls=0 recompiles=688 underruns=15 overruns=0 sleep_us=8028669 queue_ms=37
fps: 30.0
vis: 60.0
cpu: exceptions=9711 cacheResets=1 batches=15024 verts=225360 texStalls=0 recompiles=688 underruns=15 overruns=0 sleep_us=8138794 queue_ms=33
fps: 30.0
vis: 60.0
cpu: exceptions=9869 cacheResets=1 batches=15024 verts=225360 texStalls=0 recompiles=688 underruns=15 overruns=0 sleep_us=8249397 queue_ms=39
fps: 30.0
vis: 60.0
cpu: exceptions=10027 cacheResets=1 batches=15024 verts=225360 texStalls=0 recompiles=688 underruns=15 overruns=0 sleep_us=8364116 queue_ms=34
fps: 30.0
vis: 60.0
cpu: exceptions=10184 cacheResets=1 batches=15024 verts=225360 texStalls=0 recompiles=688 underruns=15 overruns=0 sleep_us=8479988 queue_ms=41
fps: 30.0
vis: 60.0
cpu: exceptions=10339 cacheResets=1 batches=15024 verts=225360 texStalls=0 recompiles=688 underruns=15 overruns=0 sleep_us=8595457 queue_ms=37
fps: 29.9
vis: 60.0
cpu: exceptions=10494 cacheResets=1 batches=15024 verts=225360 texStalls=0 recompiles=688 underruns=15 overruns=0 sleep_us=8704709 queue_ms=43
fps: 30.0
vis: 60.0
cpu: exceptions=10644 cacheResets=1 batches=15024 verts=225360 texStalls=0 recompiles=688 underruns=15 overruns=0 sleep_us=8824013 queue_ms=39
fps: 30.0
vis: 60.0
cpu: exceptions=10833 cacheResets=1 batches=15024 verts=225360 texStalls=0 recompiles=688 underruns=15 overruns=0 sleep_us=8927000 queue_ms=47
fps: 29.9
vis: 60.0
cpu: exceptions=11028 cacheResets=1 batches=15024 verts=225360 texStalls=0 recompiles=688 underruns=15 overruns=0 sleep_us=9013456 queue_ms=42
fps: 30.0
vis: 60.0
cpu: exceptions=11208 cacheResets=1 batches=15024 verts=225360 texStalls=0 recompiles=688 underruns=15 overruns=0 sleep_us=9099898 queue_ms=48
fps: 30.0
vis: 60.0
cpu: exceptions=11384 cacheResets=1 batches=15024 verts=225360 texStalls=0 recompiles=688 underruns=15 overruns=0 sleep_us=9193110 queue_ms=45
fps: 30.0
vis: 60.0
cpu: exceptions=11560 cacheResets=1 batches=15024 verts=225360 texStalls=0 recompiles=688 underruns=15 overruns=0 sleep_us=9286973 queue_ms=41
fps: 30.0
vis: 60.0
cpu: exceptions=11732 cacheResets=1 batches=15024 verts=225360 texStalls=0 recompiles=688 underruns=15 overruns=0 sleep_us=9381706 queue_ms=48
fps: 30.0
vis: 60.0
cpu: exceptions=11905 cacheResets=1 batches=15024 verts=225360 texStalls=0 recompiles=688 underruns=15 overruns=0 sleep_us=9475202 queue_ms=44
fps: 29.5
vis: 60.0
cpu: exceptions=12078 cacheResets=1 batches=15024 verts=225360 texStalls=0 recompiles=692 underruns=15 overruns=0 sleep_us=9563848 queue_ms=39
vis: 60.0
cpu: exceptions=12205 cacheResets=1 batches=15024 verts=225360 texStalls=0 recompiles=692 underruns=15 overruns=0 sleep_us=9765239 queue_ms=36
vis: 60.0
cpu: exceptions=12330 cacheResets=1 batches=15024 verts=225360 texStalls=0 recompiles=692 underruns=15 overruns=0 sleep_us=9982008 queue_ms=43
vis: 60.0
cpu: exceptions=12476 cacheResets=1 batches=15024 verts=225360 texStalls=0 recompiles=694 underruns=15 overruns=0 sleep_us=10301378 queue_ms=39
fps: 5.0
vis: 60.0
cpu: exceptions=12667 cacheResets=1 batches=15024 verts=225360 texStalls=0 recompiles=720 underruns=15 overruns=0 sleep_us=10362930 queue_ms=47
fps: 32.0
vis: 58.8
cpu: exceptions=12890 cacheResets=1 batches=15024 verts=225360 texStalls=0 recompiles=721 underruns=15 overruns=0 sleep_us=10395485 queue_ms=32
fps: 29.3
vis: 60.0
cpu: exceptions=13102 cacheResets=1 batches=15024 verts=225360 texStalls=0 recompiles=721 underruns=15 overruns=0 sleep_us=10422720 queue_ms=39
fps: 30.1
vis: 57.5
cpu: exceptions=13300 cacheResets=1 batches=15024 verts=225360 texStalls=0 recompiles=721 underruns=15 overruns=0 sleep_us=10471766 queue_ms=18
fps: 28.8
vis: 58.8
cpu: exceptions=13498 cacheResets=1 batches=15024 verts=225360 texStalls=0 recompiles=721 underruns=16 overruns=0 sleep_us=10543569 queue_ms=14
fps: 29.4
vis: 58.8
cpu: exceptions=13682 cacheResets=1 batches=15024 verts=225360 texStalls=0 recompiles=721 underruns=16 overruns=0 sleep_us=10629884 queue_ms=11
fps: 29.5
vis: 58.9
cpu: exceptions=13873 cacheResets=1 batches=15024 verts=225360 texStalls=0 recompiles=731 underruns=17 overruns=0 sleep_us=10703377 queue_ms=17
fps: 29.4
vis: 59.1
cpu: exceptions=14049 cacheResets=1 batches=15024 verts=225360 texStalls=0 recompiles=731 underruns=18 overruns=0 sleep_us=10804357 queue_ms=13
fps: 29.5
vis: 58.8
cpu: exceptions=14235 cacheResets=1 batches=15024 verts=225360 texStalls=0 recompiles=731 underruns=19 overruns=0 sleep_us=10904912 queue_ms=19
fps: 29.4
vis: 59.1
cpu: exceptions=14433 cacheResets=1 batches=15024 verts=225360 texStalls=0 recompiles=731 underruns=19 overruns=0 sleep_us=10985503 queue_ms=5
fps: 29.7
vis: 59.1
cpu: exceptions=14607 cacheResets=1 batches=15024 verts=225360 texStalls=0 recompiles=731 underruns=20 overruns=0 sleep_us=11092316 queue_ms=12
fps: 29.5
vis: 59.2
cpu: exceptions=14779 cacheResets=1 batches=15024 verts=225360 texStalls=0 recompiles=731 underruns=20 overruns=0 sleep_us=11200638 queue_ms=7
fps: 29.6
vis: 59.1
cpu: exceptions=14955 cacheResets=1 batches=15024 verts=225360 texStalls=0 recompiles=731 underruns=21 overruns=0 sleep_us=11309471 queue_ms=14
fps: 29.5
vis: 59.1
cpu: exceptions=15123 cacheResets=1 batches=15024 verts=225360 texStalls=0 recompiles=731 underruns=22 overruns=0 sleep_us=11426047 queue_ms=10
fps: 29.6
vis: 59.1
cpu: exceptions=15279 cacheResets=1 batches=15024 verts=225360 texStalls=0 recompiles=731 underruns=22 overruns=0 sleep_us=11550146 queue_ms=5
fps: 29.5
vis: 59.0
cpu: exceptions=15450 cacheResets=1 batches=15024 verts=225360 texStalls=0 recompiles=731 underruns=23 overruns=0 sleep_us=11662832 queue_ms=11
fps: 28.5
vis: 60.0
cpu: exceptions=15638 cacheResets=1 batches=15024 verts=225360 texStalls=0 recompiles=732 underruns=25 overruns=0 sleep_us=11762495 queue_ms=19
vis: 60.0
cpu: exceptions=15760 cacheResets=1 batches=15024 verts=225360 texStalls=0 recompiles=732 underruns=25 overruns=0 sleep_us=11957748 queue_ms=15
vis: 60.0
cpu: exceptions=15896 cacheResets=1 batches=15024 verts=225360 texStalls=0 recompiles=733 underruns=25 overruns=0 sleep_us=12178489 queue_ms=21
vis: 60.0
cpu: exceptions=16045 cacheResets=1 batches=15024 verts=225360 texStalls=0 recompiles=734 underruns=25 overruns=0 sleep_us=12491380 queue_ms=17
fps: 6.4
vis: 58.7
cpu: exceptions=16224 cacheResets=1 batches=15024 verts=225360 texStalls=0 recompiles=761 underruns=27 overruns=0 sleep_us=12613230 queue_ms=45
fps: 31.7
vis: 59.0
cpu: exceptions=16400 cacheResets=1 batches=15024 verts=225360 texStalls=0 recompiles=761 underruns=27 overruns=0 sleep_us=12698346 queue_ms=30
fps: 29.4
vis: 59.0
cpu: exceptions=16577 cacheResets=1 batches=15024 verts=225360 texStalls=0 recompiles=761 underruns=27 overruns=0 sleep_us=12784229 queue_ms=26
fps: 29.5
vis: 59.0
cpu: exceptions=16757 cacheResets=1 batches=15024 verts=225360 texStalls=0 recompiles=761 underruns=27 overruns=0 sleep_us=12872355 queue_ms=22
fps: 29.5
vis: 59.0
cpu: exceptions=16928 cacheResets=1 batches=15024 verts=225360 texStalls=0 recompiles=761 underruns=27 overruns=0 sleep_us=12964341 queue_ms=7
fps: 29.5
vis: 59.0
cpu: exceptions=17099 cacheResets=1 batches=15024 verts=225360 texStalls=0 recompiles=761 underruns=28 overruns=0 sleep_us=13053394 queue_ms=14
fps: 29.5
vis: 58.9
cpu: exceptions=17274 cacheResets=1 batches=15024 verts=225360 texStalls=0 recompiles=767 underruns=28 overruns=0 sleep_us=13130491 queue_ms=10
fps: 29.4
vis: 58.9
cpu: exceptions=17442 cacheResets=1 batches=15024 verts=225360 texStalls=0 recompiles=767 underruns=29 overruns=0 sleep_us=13198041 queue_ms=7
fps: 29.5
vis: 58.9
cpu: exceptions=17618 cacheResets=1 batches=15024 verts=225360 texStalls=0 recompiles=767 underruns=30 overruns=0 sleep_us=13274528 queue_ms=14
fps: 29.5
vis: 59.0
cpu: exceptions=17791 cacheResets=1 batches=15024 verts=225360 texStalls=0 recompiles=767 underruns=31 overruns=0 sleep_us=13357969 queue_ms=10
fps: 29.5
vis: 58.9
cpu: exceptions=17978 cacheResets=1 batches=15024 verts=225360 texStalls=0 recompiles=767 underruns=31 overruns=0 sleep_us=13437069 queue_ms=6
fps: 29.4
vis: 59.0
cpu: exceptions=18150 cacheResets=1 batches=15024 verts=225360 texStalls=0 recompiles=767 underruns=32 overruns=0 sleep_us=13514728 queue_ms=12
fps: 29.5
vis: 58.9
cpu: exceptions=18316 cacheResets=1 batches=15024 verts=225360 texStalls=0 recompiles=767 underruns=33 overruns=0 sleep_us=13598091 queue_ms=8
fps: 29.5
vis: 59.0
cpu: exceptions=18489 cacheResets=1 batches=15024 verts=225360 texStalls=0 recompiles=767 underruns=34 overruns=0 sleep_us=13692869 queue_ms=16
fps: 29.5
vis: 59.1
cpu: exceptions=18644 cacheResets=1 batches=15024 verts=225360 texStalls=0 recompiles=767 underruns=34 overruns=0 sleep_us=13803411 queue_ms=12
fps: 29.6
vis: 59.1
cpu: exceptions=18803 cacheResets=1 batches=15024 verts=225360 texStalls=0 recompiles=767 underruns=35 overruns=0 sleep_us=13911990 queue_ms=8
fps: 28.6
vis: 59.0
cpu: exceptions=18979 cacheResets=1 batches=15024 verts=225360 texStalls=0 recompiles=767 underruns=37 overruns=0 sleep_us=14006432 queue_ms=16
fps: 29.5
vis: 58.9
cpu: exceptions=19155 cacheResets=1 batches=15024 verts=225360 texStalls=0 recompiles=767 underruns=38 overruns=0 sleep_us=14090258 queue_ms=11
fps: 29.5
vis: 59.0
cpu: exceptions=19317 cacheResets=1 batches=15024 verts=225360 texStalls=0 recompiles=767 underruns=38 overruns=0 sleep_us=14185661 queue_ms=7
fps: 29.5
vis: 59.0
cpu: exceptions=19471 cacheResets=1 batches=15024 verts=225360 texStalls=0 recompiles=767 underruns=39 overruns=0 sleep_us=14283355 queue_ms=14
fps: 29.5
vis: 59.0
cpu: exceptions=19629 cacheResets=1 batches=15024 verts=225360 texStalls=0 recompiles=767 underruns=40 overruns=0 sleep_us=14381427 queue_ms=10
fps: 29.5
vis: 59.1
cpu: exceptions=19784 cacheResets=1 batches=15024 verts=225360 texStalls=0 recompiles=767 underruns=40 overruns=0 sleep_us=14484494 queue_ms=6
fps: 29.5
vis: 59.0
cpu: exceptions=19938 cacheResets=1 batches=15024 verts=225360 texStalls=0 recompiles=767 underruns=41 overruns=0 sleep_us=14596030 queue_ms=12
fps: 29.5
vis: 59.0
cpu: exceptions=20089 cacheResets=1 batches=15024 verts=225360 texStalls=0 recompiles=767 underruns=42 overruns=0 sleep_us=14706040 queue_ms=8
fps: 29.5
vis: 59.1
cpu: exceptions=20244 cacheResets=1 batches=15024 verts=225360 texStalls=0 recompiles=767 underruns=42 overruns=0 sleep_us=14817300 queue_ms=4
fps: 29.6
vis: 59.1
cpu: exceptions=20398 cacheResets=1 batches=15024 verts=225360 texStalls=0 recompiles=767 underruns=43 overruns=0 sleep_us=14927446 queue_ms=11
fps: 29.5
vis: 59.1
cpu: exceptions=20552 cacheResets=1 batches=15024 verts=225360 texStalls=0 recompiles=767 underruns=44 overruns=0 sleep_us=15035622 queue_ms=19
fps: 29.5
vis: 58.9
cpu: exceptions=20736 cacheResets=1 batches=15024 verts=225360 texStalls=0 recompiles=767 underruns=45 overruns=0 sleep_us=15124732 queue_ms=14
fps: 29.5
vis: 58.9
cpu: exceptions=20925 cacheResets=1 batches=15024 verts=225360 texStalls=0 recompiles=767 underruns=45 overruns=0 sleep_us=15204131 queue_ms=9
fps: 29.5
vis: 59.0
cpu: exceptions=21101 cacheResets=1 batches=15024 verts=225360 texStalls=0 recompiles=767 underruns=46 overruns=0 sleep_us=15283873 queue_ms=4
fps: 29.5
vis: 58.9
cpu: exceptions=21273 cacheResets=1 batches=15024 verts=225360 texStalls=0 recompiles=767 underruns=47 overruns=0 sleep_us=15366725 queue_ms=11
fps: 29.4
vis: 59.0
cpu: exceptions=21439 cacheResets=1 batches=15024 verts=225360 texStalls=0 recompiles=767 underruns=48 overruns=0 sleep_us=15450460 queue_ms=17
fps: 29.5
vis: 59.0
cpu: exceptions=21619 cacheResets=1 batches=15024 verts=225360 texStalls=0 recompiles=767 underruns=49 overruns=0 sleep_us=15533033 queue_ms=14
fps: 29.5
vis: 59.0
cpu: exceptions=21787 cacheResets=1 batches=15024 verts=225360 texStalls=0 recompiles=767 underruns=49 overruns=0 sleep_us=15615789 queue_ms=10
fps: 29.5
vis: 59.0
cpu: exceptions=21959 cacheResets=1 batches=15024 verts=225360 texStalls=0 recompiles=767 underruns=50 overruns=0 sleep_us=15698962 queue_ms=17
fps: 29.5
vis: 59.0
cpu: exceptions=22129 cacheResets=1 batches=15024 verts=225360 texStalls=0 recompiles=767 underruns=51 overruns=0 sleep_us=15783719 queue_ms=12
fps: 28.6
vis: 59.0
cpu: exceptions=22299 cacheResets=1 batches=15024 verts=225360 texStalls=0 recompiles=767 underruns=53 overruns=0 sleep_us=15866499 queue_ms=8
fps: 29.5
vis: 58.9
cpu: exceptions=22472 cacheResets=1 batches=15024 verts=225360 texStalls=0 recompiles=767 underruns=54 overruns=0 sleep_us=15948256 queue_ms=15
fps: 29.5
vis: 59.0
cpu: exceptions=22641 cacheResets=1 batches=15024 verts=225360 texStalls=0 recompiles=767 underruns=54 overruns=0 sleep_us=16032064 queue_ms=11
fps: 29.5
vis: 58.9
cpu: exceptions=22818 cacheResets=1 batches=15024 verts=225360 texStalls=0 recompiles=767 underruns=55 overruns=0 sleep_us=16115485 queue_ms=7
fps: 29.4
vis: 59.0
cpu: exceptions=22990 cacheResets=1 batches=15024 verts=225360 texStalls=0 recompiles=767 underruns=56 overruns=0 sleep_us=16197940 queue_ms=14
fps: 29.4
vis: 58.9
cpu: exceptions=23158 cacheResets=1 batches=15024 verts=225360 texStalls=0 recompiles=767 underruns=57 overruns=0 sleep_us=16281627 queue_ms=20
fps: 29.5
vis: 59.0
cpu: exceptions=23333 cacheResets=1 batches=15024 verts=225360 texStalls=0 recompiles=767 underruns=57 overruns=0 sleep_us=16377524 queue_ms=6
fps: 29.5
vis: 59.1
cpu: exceptions=23489 cacheResets=1 batches=15024 verts=225360 texStalls=0 recompiles=767 underruns=58 overruns=0 sleep_us=16488050 queue_ms=13
fps: 29.6
vis: 59.1
cpu: exceptions=23648 cacheResets=1 batches=15024 verts=225360 texStalls=0 recompiles=767 underruns=59 overruns=0 sleep_us=16597629 queue_ms=20
fps: 29.5
vis: 59.1
cpu: exceptions=23800 cacheResets=1 batches=15024 verts=225360 texStalls=0 recompiles=767 underruns=59 overruns=0 sleep_us=16710113 queue_ms=6
fps: 29.5
vis: 59.0
cpu: exceptions=23957 cacheResets=1 batches=15024 verts=225360 texStalls=0 recompiles=767 underruns=60 overruns=0 sleep_us=16818320 queue_ms=12
fps: 29.5
vis: 59.0
cpu: exceptions=24112 cacheResets=1 batches=15024 verts=225360 texStalls=0 recompiles=767 underruns=60 overruns=0 sleep_us=16924236 queue_ms=8
fps: 29.5
vis: 59.1
cpu: exceptions=24264 cacheResets=1 batches=15024 verts=225360 texStalls=0 recompiles=767 underruns=61 overruns=0 sleep_us=17035162 queue_ms=15
fps: 29.6
vis: 59.1
cpu: exceptions=24421 cacheResets=1 batches=15024 verts=225360 texStalls=0 recompiles=767 underruns=62 overruns=0 sleep_us=17146694 queue_ms=11
fps: 29.5
vis: 59.1
cpu: exceptions=24575 cacheResets=1 batches=15024 verts=225360 texStalls=0 recompiles=767 underruns=62 overruns=0 sleep_us=17256762 queue_ms=8
fps: 29.5
vis: 59.0
cpu: exceptions=24731 cacheResets=1 batches=15024 verts=225360 texStalls=0 recompiles=767 underruns=63 overruns=0 sleep_us=17368418 queue_ms=15
fps: 29.5
vis: 59.0
cpu: exceptions=24886 cacheResets=1 batches=15024 verts=225360 texStalls=0 recompiles=767 underruns=64 overruns=0 sleep_us=17478494 queue_ms=11
fps: 29.5
vis: 59.1
cpu: exceptions=25041 cacheResets=1 batches=15024 verts=225360 texStalls=0 recompiles=767 underruns=64 overruns=0 sleep_us=17589898 queue_ms=7
fps: 29.5
vis: 59.1
cpu: exceptions=25193 cacheResets=1 batches=15024 verts=225360 texStalls=0 recompiles=767 underruns=65 overruns=0 sleep_us=17700993 queue_ms=14
fps: 29.5
vis: 59.1
cpu: exceptions=25343 cacheResets=1 batches=15024 verts=225360 texStalls=0 recompiles=767 underruns=66 overruns=0 sleep_us=17812321 queue_ms=20
fps: 27.9
vis: 58.9
cpu: exceptions=25527 cacheResets=1 batches=15024 verts=225360 texStalls=0 recompiles=767 underruns=68 overruns=0 sleep_us=17906505 queue_ms=16
fps: 29.5
vis: 58.9
cpu: exceptions=25721 cacheResets=1 batches=15024 verts=225360 texStalls=0 recompiles=767 underruns=69 overruns=0 sleep_us=17985216 queue_ms=13
fps: 29.5
vis: 58.9
cpu: exceptions=25893 cacheResets=1 batches=15024 verts=225360 texStalls=0 recompiles=767 underruns=70 overruns=0 sleep_us=18065677 queue_ms=19
fps: 29.5
vis: 58.9
cpu: exceptions=26066 cacheResets=1 batches=15024 verts=225360 texStalls=0 recompiles=767 underruns=70 overruns=0 sleep_us=18147730 queue_ms=3
fps: 29.5
vis: 59.0
cpu: exceptions=26238 cacheResets=1 batches=15024 verts=225360 texStalls=0 recompiles=767 underruns=71 overruns=0 sleep_us=18231651 queue_ms=10
fps: 29.4
vis: 59.0
cpu: exceptions=26415 cacheResets=1 batches=15024 verts=225360 texStalls=0 recompiles=767 underruns=72 overruns=0 sleep_us=18314495 queue_ms=17
fps: 29.5
vis: 59.0
cpu: exceptions=26590 cacheResets=1 batches=15024 verts=225360 texStalls=0 recompiles=767 underruns=73 overruns=0 sleep_us=18397406 queue_ms=13
fps: 29.5
vis: 59.0
cpu: exceptions=26765 cacheResets=1 batches=15024 verts=225360 texStalls=0 recompiles=767 underruns=73 overruns=0 sleep_us=18479721 queue_ms=8
fps: 29.5
vis: 59.0
cpu: exceptions=26939 cacheResets=1 batches=15024 verts=225360 texStalls=0 recompiles=767 underruns=74 overruns=0 sleep_us=18564351 queue_ms=16
fps: 29.5
vis: 58.9
cpu: exceptions=27105 cacheResets=1 batches=15024 verts=225360 texStalls=0 recompiles=767 underruns=75 overruns=0 sleep_us=18647000 queue_ms=11
fps: 29.4
vis: 58.9
cpu: exceptions=27288 cacheResets=1 batches=15024 verts=225360 texStalls=0 recompiles=767 underruns=75 overruns=0 sleep_us=18726072 queue_ms=6
fps: 29.5
vis: 59.0
cpu: exceptions=27467 cacheResets=1 batches=15024 verts=225360 texStalls=0 recompiles=767 underruns=76 overruns=0 sleep_us=18804160 queue_ms=13
fps: 29.5
vis: 58.9
cpu: exceptions=27646 cacheResets=1 batches=15024 verts=225360 texStalls=0 recompiles=767 underruns=77 overruns=0 sleep_us=18887882 queue_ms=10
fps: 29.4
vis: 58.9
cpu: exceptions=27822 cacheResets=1 batches=15024 verts=225360 texStalls=0 recompiles=767 underruns=78 overruns=0 sleep_us=18969992 queue_ms=16
fps: 29.5
vis: 58.9
cpu: exceptions=27994 cacheResets=1 batches=15024 verts=225360 texStalls=0 recompiles=767 underruns=79 overruns=0 sleep_us=19054194 queue_ms=11
fps: 29.5
vis: 59.0
cpu: exceptions=28164 cacheResets=1 batches=15024 verts=225360 texStalls=0 recompiles=767 underruns=79 overruns=0 sleep_us=19148201 queue_ms=8
fps: 29.6
vis: 59.1
cpu: exceptions=28320 cacheResets=1 batches=15024 verts=225360 texStalls=0 recompiles=767 underruns=80 overruns=0 sleep_us=19258820 queue_ms=14
fps: 29.5
vis: 59.0
cpu: exceptions=28481 cacheResets=1 batches=15024 verts=225360 texStalls=0 recompiles=767 underruns=81 overruns=0 sleep_us=19367803 queue_ms=22
fps: 29.5
vis: 59.0
cpu: exceptions=28655 cacheResets=1 batches=15024 verts=225360 texStalls=0 recompiles=767 underruns=81 overruns=0 sleep_us=19463273 queue_ms=7
fps: 29.4
vis: 58.9
cpu: exceptions=28833 cacheResets=1 batches=15024 verts=225360 texStalls=0 recompiles=767 underruns=82 overruns=0 sleep_us=19547503 queue_ms=14
fps: 28.7
vis: 59.0
cpu: exceptions=29001 cacheResets=1 batches=15024 verts=225360 texStalls=0 recompiles=767 underruns=84 overruns=0 sleep_us=19642532 queue_ms=9
fps: 29.5
vis: 59.0
cpu: exceptions=29155 cacheResets=1 batches=15024 verts=225360 texStalls=0 recompiles=767 underruns=85 overruns=0 sleep_us=19740997 queue_ms=16
fps: 29.5
fps: 29.5
vis: 59.0
cpu: exceptions=29409 cacheResets=1 batches=15024 verts=225360 texStalls=0 recompiles=767 underruns=86 overruns=0 sleep_us=19902668 queue_ms=14
fps: 29.5
vis: 59.0
cpu: exceptions=29571 cacheResets=1 batches=15024 verts=225360 texStalls=0 recompiles=767 underruns=87 overruns=0 sleep_us=20010892 queue_ms=10
fps: 29.5
vis: 59.1
cpu: exceptions=29722 cacheResets=1 batches=15024 verts=225360 texStalls=0 recompiles=767 underruns=87 overruns=0 sleep_us=20123642 queue_ms=6
fps: 29.5
vis: 59.0
cpu: exceptions=29880 cacheResets=1 batches=15024 verts=225360 texStalls=0 recompiles=767 underruns=88 overruns=0 sleep_us=20232216 queue_ms=13
fps: 29.5
vis: 59.0
cpu: exceptions=30035 cacheResets=1 batches=15024 verts=225360 texStalls=0 recompiles=767 underruns=89 overruns=0 sleep_us=20342754 queue_ms=19
fps: 29.5
vis: 59.1
cpu: exceptions=30186 cacheResets=1 batches=15024 verts=225360 texStalls=0 recompiles=767 underruns=90 overruns=0 sleep_us=20453949 queue_ms=16
fps: 29.4
vis: 58.9
cpu: exceptions=30351 cacheResets=1 batches=15024 verts=225360 texStalls=0 recompiles=767 underruns=90 overruns=0 sleep_us=20564748 queue_ms=11
fps: 29.5
vis: 58.9
cpu: exceptions=30545 cacheResets=1 batches=15024 verts=225360 texStalls=0 recompiles=767 underruns=91 overruns=0 sleep_us=20640334 queue_ms=17
fps: 29.4
vis: 58.9
cpu: exceptions=30737 cacheResets=1 batches=15024 verts=225360 texStalls=0 recompiles=767 underruns=92 overruns=0 sleep_us=20713173 queue_ms=14
fps: 29.5
vis: 59.0
cpu: exceptions=30916 cacheResets=1 batches=15024 verts=225360 texStalls=0 recompiles=767 underruns=92 overruns=0 sleep_us=20793556 queue_ms=9
fps: 29.5
vis: 58.9
cpu: exceptions=31087 cacheResets=1 batches=15024 verts=225360 texStalls=0 recompiles=767 underruns=93 overruns=0 sleep_us=20880574 queue_ms=5
fps: 29.5
vis: 58.9
cpu: exceptions=31267 cacheResets=1 batches=15024 verts=225360 texStalls=0 recompiles=767 underruns=94 overruns=0 sleep_us=20960076 queue_ms=12
fps: 29.5
vis: 59.0
cpu: exceptions=31438 cacheResets=1 batches=15024 verts=225360 texStalls=0 recompiles=767 underruns=95 overruns=0 sleep_us=21043470 queue_ms=19
fps: 29.5
vis: 58.9
cpu: exceptions=31615 cacheResets=1 batches=15024 verts=225360 texStalls=0 recompiles=767 underruns=95 overruns=0 sleep_us=21126201 queue_ms=4
fps: 29.5
vis: 59.0
cpu: exceptions=31789 cacheResets=1 batches=15024 verts=225360 texStalls=0 recompiles=767 underruns=96 overruns=0 sleep_us=21212368 queue_ms=10
fps: 29.5
vis: 58.9
cpu: exceptions=31972 cacheResets=1 batches=15024 verts=225360 texStalls=0 recompiles=767 underruns=97 overruns=0 sleep_us=21291652 queue_ms=17
fps: 29.5
vis: 58.9
cpu: exceptions=32146 cacheResets=1 batches=15024 verts=225360 texStalls=0 recompiles=767 underruns=98 overruns=0 sleep_us=21374481 queue_ms=12
mark: stop reason: chain guest VI limit
mark: stop_it requested
audio: alist_resample_calls=186969 alist_resample_samples=27897128 alist_zoh_calls=0 alist_zoh_samples=0 musyx_subframes=0 musyx_voices=0 musyx_voice_peak=0
audio_stages: adpcm_calls=190199 adpcm_samples=29347440 envmix_calls=186969 envmix_samples=27897128 mix_calls=32118 mix_samples=12333312 musyx_fx_calls=0 musyx_fx_taps=0 output_calls=5371 output_samples=2403664
audio_envmix: exp_calls=0 ge_calls=0 lin_calls=0 nead_calls=186969 exp_steady=0 ge_steady=0 lin_steady=0
audio_gaps: nead_mats=0 nead_efz=0 resample_flag2=0 musyx_ptr10=0
audio_output: stream_requests=10192 stream_fed=8346 input_hz=26807 playback_hz=26807 queue_peak_ms=83
vm_io: read_ahead=1 reads=0 hits=0 read_bytes=0 writes=0 write_bytes=0 errors=0
subsystem_time: stage=rsp_gfx calls=2393 timed_calls=2393 period=1 timed_us=50467448
subsystem_time: stage=rsp_audio calls=5353 timed_calls=5353 period=1 timed_us=4531277
subsystem_time: stage=rsp_other calls=0 timed_calls=0 period=1 timed_us=0
subsystem_time: stage=lookup calls=9373746 timed_calls=73809 period=127 timed_us=11312
subsystem_time: stage=compile calls=767 timed_calls=767 period=1 timed_us=99376
subsystem_time: stage=dispatch calls=9372157 timed_calls=73796 period=127 timed_us=22862
subsystem_time: stage=execute_inclusive calls=9372157 timed_calls=73796 period=127 timed_us=789082
subsystem_time: stage=rom_copy calls=7189 timed_calls=7189 period=1 timed_us=84173
subsystem_time: stage=present calls=5399 timed_calls=5399 period=1 timed_us=109015
subsystem_time: stage=limiter calls=2947 timed_calls=2947 period=1 timed_us=21448553
subsystem_time: stage=vm_fault calls=0 timed_calls=0 period=1 timed_us=0
subsystem_time: stage=vm_victim calls=0 timed_calls=0 period=1 timed_us=0
subsystem_time: stage=vm_read calls=0 timed_calls=0 period=1 timed_us=0
subsystem_time: stage=vm_write calls=0 timed_calls=0 period=1 timed_us=0
subsystem_time: stage=tex_hash calls=422336 timed_calls=422336 period=1 timed_us=2262380
subsystem_time: stage=tex_lookup calls=422336 timed_calls=422336 period=1 timed_us=590940
subsystem_time: stage=tex_load calls=1157 timed_calls=1157 period=1 timed_us=67251
subsystem_time: stage=tex_activate calls=422336 timed_calls=422336 period=1 timed_us=40129
subsystem_time: stage=draw_triangles calls=15024 timed_calls=15024 period=1 timed_us=32618
subsystem_time: stage=draw_rect calls=440328 timed_calls=440328 period=1 timed_us=4987685
subsystem_time: stage=gfx_list calls=2393 timed_calls=2393 period=1 timed_us=50462878
subsystem_time: stage=gfx_command calls=4358456 timed_calls=34318 period=127 timed_us=399447
subsystem_time: stage=vertex calls=114996 timed_calls=905 period=127 timed_us=239
subsystem_time: stage=gfx_state calls=453120 timed_calls=3567 period=127 timed_us=28249
subsystem_time: stage=gx_wait calls=0 timed_calls=0 period=1 timed_us=0
subsystem_time: stage=dma_pi calls=7189 timed_calls=7189 period=1 timed_us=165367
subsystem_time: stage=dma_sp calls=15492 timed_calls=15492 period=1 timed_us=12297
subsystem_time: stage=dma_si calls=3951 timed_calls=3951 period=1 timed_us=53344
subsystem_time: stage=tlb_translate calls=0 timed_calls=0 period=127 timed_us=0
subsystem_time: stage=pif calls=3952 timed_calls=3952 period=1 timed_us=49625
subsystem_time: stage=input calls=9572 timed_calls=9572 period=1 timed_us=42305
subsystem_time: stage=guest_interrupt calls=41890 timed_calls=41890 period=1 timed_us=21764413
subsystem_time: stage=interpreter_inclusive calls=0 timed_calls=0 period=1 timed_us=0
subsystem_time: stage=audio_submit calls=5371 timed_calls=5371 period=1 timed_us=53296
subsystem_time: stage=audio_callback calls=54288 timed_calls=54288 period=1 timed_us=33153
subsystem_time: stage=memory_slow calls=1753579 timed_calls=13807 period=127 timed_us=505048
subsystem_time: stage=jit_invalidate calls=1589 timed_calls=12 period=127 timed_us=1
audio_time: stage=resample sampled_calls=1472 sampled_samples=219496 sampled_us=9214
audio_time: stage=zoh sampled_calls=0 sampled_samples=0 sampled_us=0
audio_time: stage=adpcm sampled_calls=1497 sampled_samples=231904 sampled_us=9674
audio_time: stage=envmix_exp sampled_calls=0 sampled_samples=0 sampled_us=0
audio_time: stage=envmix_ge sampled_calls=0 sampled_samples=0 sampled_us=0
audio_time: stage=envmix_lin sampled_calls=0 sampled_samples=0 sampled_us=0
audio_time: stage=envmix_nead sampled_calls=1472 sampled_samples=219496 sampled_us=13124
audio_time: stage=mix sampled_calls=252 sampled_samples=96768 sampled_us=1582
audio_time: stage=musyx_voice sampled_calls=0 sampled_samples=0 sampled_us=0
audio_time: stage=musyx_fx sampled_calls=0 sampled_samples=0 sampled_us=0
audio_time: stage=output sampled_calls=42 sampled_samples=18704 sampled_us=344
game: n=2/5 how=vis vis=5400 vi_rate=60 vi0_retrace=1320 wall_us=91321233 sleep_us=21439171 avg_vis=59.01 avg_fps=28.45 exceptions=32280 cacheResets=1 recompiles=767 batches=15024 verts=225360 texStalls=0 treeDepthMax=14 underruns=99 overruns=0 queue_peak_ms=63 dsp_avg=1.51 dsp_peak=1.80 pmc1=50779751450 pmc2=47467405047 pmc3=0 pmc4=0 mmcr0=00000042 mmcr1=00000000 heap_used=10836060 heap_free=50312 arena1_free=565248 arena2_free=577472 flushes=10 flush_us=150793 padtrace=17 rom=sd:/wii64/roms/Mario Kart 64.v64
=== chain 2/5 end vis=5400 how=vis rom=sd:/wii64/roms/Mario Kart 64.v64 ===
mark: pad replay records: 11
mark: loadROM: enter
mark: loadROM: before rom_read
mark: ROMCache_load: enter
menufps: 0.0
menufps: 0.2
mark: ROMCache_load: before first read
mark: ROMCache_load: first read returned
mark: ROMCache_load: byte_swap_type set
mark: ROMCache_load: first byte_swap done
menufps: 0.2
menufps: 8.4
menufps: 8.3
menufps: 8.3
menufps: 8.3
menufps: 8.1
menufps: 7.9
menufps: 2.1
menufps: 1.3
menufps: 1.3
menufps: 1.3
menufps: 1.3
menufps: 1.3
menufps: 1.3
menufps: 3.6
menufps: 8.2
menufps: 8.3
menufps: 8.3
menufps: 8.3
mark: ROMCache_load: loop exited normally
mark: ROMCache_load: preflush_us=17200263 writes=2040 bytes=16711680
mark: ROMCache_load: elapsed_us=39142423 bytes=33554432 vm=1
mark: loadROM: after rom_read
mark: loadROM: before init_memory
mark: loadROM: after init_memory
mark: loadROM: before romOpen_gfx
mark: loadROM: after romOpen_gfx / before romOpen_audio
mark: loadROM: after romOpen_audio / before romOpen_input
mark: loadROM: after romOpen_input / before cpu_init
mark: loadROM: after cpu_init
menufps: 0.2
menufps: 0.7
fps: 0.3
first_vi: vi0_retrace=9347
vis: 0.6
cpu: exceptions=0 cacheResets=0 batches=0 verts=0 texStalls=0 recompiles=0 underruns=0 overruns=0 sleep_us=0 queue_ms=0
mark: CPU core dispatch: dynarec
vis: 60.0
cpu: exceptions=421 cacheResets=1 batches=0 verts=0 texStalls=0 recompiles=315 underruns=0 overruns=0 sleep_us=187704 queue_ms=0
vis: 60.0
cpu: exceptions=661 cacheResets=1 batches=0 verts=0 texStalls=0 recompiles=315 underruns=0 overruns=0 sleep_us=677563 queue_ms=0
vis: 60.0
cpu: exceptions=2154 cacheResets=1 batches=0 verts=0 texStalls=0 recompiles=336 underruns=0 overruns=0 sleep_us=1131142 queue_ms=0
fps: 0.5
vis: 60.0
cpu: exceptions=2416 cacheResets=1 batches=0 verts=0 texStalls=0 recompiles=660 underruns=1 overruns=0 sleep_us=1585274 queue_ms=5
fps: 55.8
vis: 60.0
cpu: exceptions=2622 cacheResets=1 batches=0 verts=0 texStalls=0 recompiles=786 underruns=1 overruns=0 sleep_us=1972668 queue_ms=10
fps: 60.0
vis: 60.0
cpu: exceptions=2787 cacheResets=1 batches=0 verts=0 texStalls=0 recompiles=786 underruns=1 overruns=0 sleep_us=2407361 queue_ms=6
fps: 62.0
vis: 60.0
cpu: exceptions=2952 cacheResets=1 batches=0 verts=0 texStalls=0 recompiles=791 underruns=1 overruns=0 sleep_us=2842197 queue_ms=12
fps: 60.0
vis: 60.0
cpu: exceptions=3117 cacheResets=1 batches=0 verts=0 texStalls=0 recompiles=791 underruns=1 overruns=0 sleep_us=3277405 queue_ms=8
fps: 60.0
vis: 60.0
cpu: exceptions=3282 cacheResets=1 batches=0 verts=0 texStalls=0 recompiles=791 underruns=1 overruns=0 sleep_us=3712616 queue_ms=4
vis: 60.0
cpu: exceptions=3447 cacheResets=1 batches=0 verts=0 texStalls=0 recompiles=805 underruns=1 overruns=0 sleep_us=4147606 queue_ms=9
fps: 58.3
vis: 60.0
cpu: exceptions=3614 cacheResets=1 batches=0 verts=0 texStalls=0 recompiles=805 underruns=1 overruns=0 sleep_us=4570802 queue_ms=5
fps: 54.1
vis: 60.0
cpu: exceptions=3794 cacheResets=1 batches=0 verts=0 texStalls=0 recompiles=807 underruns=1 overruns=0 sleep_us=5005726 queue_ms=11
fps: 60.0
vis: 60.0
cpu: exceptions=3974 cacheResets=1 batches=0 verts=0 texStalls=0 recompiles=807 underruns=1 overruns=0 sleep_us=5440998 queue_ms=7
fps: 60.0
vis: 60.0
cpu: exceptions=4154 cacheResets=1 batches=0 verts=0 texStalls=0 recompiles=807 underruns=1 overruns=0 sleep_us=5876343 queue_ms=13
fps: 60.0
vis: 60.0
cpu: exceptions=4334 cacheResets=1 batches=0 verts=0 texStalls=0 recompiles=807 underruns=1 overruns=0 sleep_us=6311319 queue_ms=8
fps: 60.0
vis: 60.0
cpu: exceptions=4515 cacheResets=1 batches=0 verts=0 texStalls=0 recompiles=808 underruns=1 overruns=0 sleep_us=6733405 queue_ms=5
fps: 54.2
vis: 60.0
cpu: exceptions=4695 cacheResets=1 batches=0 verts=0 texStalls=0 recompiles=809 underruns=1 overruns=0 sleep_us=7168444 queue_ms=10
fps: 62.0
vis: 60.0
cpu: exceptions=4875 cacheResets=1 batches=0 verts=0 texStalls=0 recompiles=809 underruns=1 overruns=0 sleep_us=7603759 queue_ms=7
fps: 60.0
vis: 60.0
cpu: exceptions=5055 cacheResets=1 batches=0 verts=0 texStalls=0 recompiles=809 underruns=1 overruns=0 sleep_us=8039083 queue_ms=11
fps: 60.0
vis: 60.0
cpu: exceptions=5235 cacheResets=1 batches=0 verts=0 texStalls=0 recompiles=811 underruns=1 overruns=0 sleep_us=8474046 queue_ms=8
fps: 56.8
vis: 58.8
cpu: exceptions=5509 cacheResets=1 batches=0 verts=0 texStalls=0 recompiles=1101 underruns=3 overruns=0 sleep_us=8840989 queue_ms=5
vis: 60.0
cpu: exceptions=5767 cacheResets=1 batches=0 verts=0 texStalls=0 recompiles=1125 underruns=4 overruns=0 sleep_us=9117153 queue_ms=18
vis: 60.0
cpu: exceptions=6019 cacheResets=1 batches=0 verts=0 texStalls=0 recompiles=1125 underruns=4 overruns=0 sleep_us=9407602 queue_ms=15
vis: 59.6
cpu: exceptions=6260 cacheResets=1 batches=0 verts=0 texStalls=0 recompiles=1125 underruns=4 overruns=0 sleep_us=9710302 queue_ms=11
vis: 60.0
cpu: exceptions=6486 cacheResets=1 batches=0 verts=0 texStalls=0 recompiles=1125 underruns=4 overruns=0 sleep_us=10004587 queue_ms=7
vis: 60.0
cpu: exceptions=6707 cacheResets=1 batches=0 verts=0 texStalls=0 recompiles=1125 underruns=4 overruns=0 sleep_us=10286710 queue_ms=12
vis: 60.0
cpu: exceptions=6927 cacheResets=1 batches=0 verts=0 texStalls=0 recompiles=1125 underruns=4 overruns=0 sleep_us=10578298 queue_ms=9
fps: 6.6
vis: 58.9
cpu: exceptions=7132 cacheResets=1 batches=373 verts=8757 texStalls=0 recompiles=1295 underruns=4 overruns=0 sleep_us=10842473 queue_ms=5
fps: 148.1
vis: 60.0
cpu: exceptions=7406 cacheResets=1 batches=5968 verts=140112 texStalls=0 recompiles=1419 underruns=5 overruns=0 sleep_us=10980657 queue_ms=10
mark: stop reason: chain guest VI limit
mark: stop_it requested
vis: 57.2
cpu: exceptions=7667 cacheResets=1 batches=11190 verts=262710 texStalls=0 recompiles=1420 underruns=6 overruns=0 sleep_us=11116166 queue_ms=8
audio: alist_resample_calls=643 alist_resample_samples=78816 alist_zoh_calls=0 alist_zoh_samples=0 musyx_subframes=0 musyx_voices=0 musyx_voice_peak=0
audio_stages: adpcm_calls=643 adpcm_samples=57600 envmix_calls=643 envmix_samples=78816 mix_calls=31250 mix_samples=4170080 musyx_fx_calls=0 musyx_fx_taps=0 output_calls=781 output_samples=417008
audio_envmix: exp_calls=643 ge_calls=0 lin_calls=0 nead_calls=0 exp_steady=570 ge_steady=0 lin_steady=0
audio_gaps: nead_mats=0 nead_efz=0 resample_flag2=0 musyx_ptr10=0
audio_output: stream_requests=4018 stream_fed=1447 input_hz=32006 playback_hz=32006 queue_peak_ms=36
vm_io: read_ahead=1 reads=110 hits=423 read_bytes=3604480 writes=0 write_bytes=0 errors=0
subsystem_time: stage=rsp_gfx calls=652 timed_calls=652 period=1 timed_us=615313
subsystem_time: stage=rsp_audio calls=781 timed_calls=781 period=1 timed_us=160038
subsystem_time: stage=rsp_other calls=0 timed_calls=0 period=1 timed_us=0
subsystem_time: stage=lookup calls=1084269 timed_calls=8537 period=127 timed_us=1596
subsystem_time: stage=compile calls=1420 timed_calls=1420 period=1 timed_us=88350
subsystem_time: stage=dispatch calls=1062067 timed_calls=8362 period=127 timed_us=3581
subsystem_time: stage=execute_inclusive calls=1062067 timed_calls=8362 period=127 timed_us=137488
subsystem_time: stage=rom_copy calls=1098 timed_calls=1098 period=1 timed_us=449094
subsystem_time: stage=present calls=899 timed_calls=899 period=1 timed_us=15755
subsystem_time: stage=limiter calls=867 timed_calls=867 period=1 timed_us=11118632
subsystem_time: stage=vm_fault calls=533 timed_calls=533 period=1 timed_us=441313
subsystem_time: stage=vm_victim calls=533 timed_calls=533 period=1 timed_us=635
subsystem_time: stage=vm_read calls=110 timed_calls=110 period=1 timed_us=416083
subsystem_time: stage=vm_write calls=0 timed_calls=0 period=1 timed_us=0
subsystem_time: stage=tex_hash calls=18330 timed_calls=18330 period=1 timed_us=208033
subsystem_time: stage=tex_lookup calls=18330 timed_calls=18330 period=1 timed_us=3663
subsystem_time: stage=tex_load calls=71 timed_calls=71 period=1 timed_us=11628
subsystem_time: stage=tex_activate calls=18330 timed_calls=18330 period=1 timed_us=4990
subsystem_time: stage=draw_triangles calls=11190 timed_calls=11190 period=1 timed_us=35860
subsystem_time: stage=draw_rect calls=8888 timed_calls=8888 period=1 timed_us=179272
subsystem_time: stage=gfx_list calls=652 timed_calls=652 period=1 timed_us=614400
subsystem_time: stage=gfx_command calls=455315 timed_calls=3585 period=127 timed_us=4732
subsystem_time: stage=vertex calls=139050 timed_calls=1094 period=127 timed_us=415
subsystem_time: stage=gfx_state calls=20078 timed_calls=158 period=127 timed_us=2125
subsystem_time: stage=gx_wait calls=0 timed_calls=0 period=1 timed_us=0
subsystem_time: stage=dma_pi calls=1098 timed_calls=1098 period=1 timed_us=461912
subsystem_time: stage=dma_sp calls=2866 timed_calls=2866 period=1 timed_us=1864
subsystem_time: stage=dma_si calls=2784 timed_calls=2784 period=1 timed_us=12383
subsystem_time: stage=tlb_translate calls=0 timed_calls=0 period=127 timed_us=0
subsystem_time: stage=pif calls=2785 timed_calls=2785 period=1 timed_us=11170
subsystem_time: stage=input calls=2360 timed_calls=2360 period=1 timed_us=9163
subsystem_time: stage=guest_interrupt calls=10456 timed_calls=10456 period=1 timed_us=11186987
subsystem_time: stage=interpreter_inclusive calls=0 timed_calls=0 period=1 timed_us=0
subsystem_time: stage=audio_submit calls=781 timed_calls=781 period=1 timed_us=7088
subsystem_time: stage=audio_callback calls=10048 timed_calls=10048 period=1 timed_us=4436
subsystem_time: stage=memory_slow calls=657722 timed_calls=5178 period=127 timed_us=3912
subsystem_time: stage=jit_invalidate calls=22202 timed_calls=174 period=127 timed_us=39
audio_time: stage=resample sampled_calls=5 sampled_samples=656 sampled_us=28
audio_time: stage=zoh sampled_calls=0 sampled_samples=0 sampled_us=0
audio_time: stage=adpcm sampled_calls=5 sampled_samples=496 sampled_us=24
audio_time: stage=envmix_exp sampled_calls=5 sampled_samples=656 sampled_us=60
audio_time: stage=envmix_ge sampled_calls=0 sampled_samples=0 sampled_us=0
audio_time: stage=envmix_lin sampled_calls=0 sampled_samples=0 sampled_us=0
audio_time: stage=envmix_nead sampled_calls=0 sampled_samples=0 sampled_us=0
audio_time: stage=mix sampled_calls=246 sampled_samples=32752 sampled_us=545
audio_time: stage=musyx_voice sampled_calls=0 sampled_samples=0 sampled_us=0
audio_time: stage=musyx_fx sampled_calls=0 sampled_samples=0 sampled_us=0
audio_time: stage=output sampled_calls=6 sampled_samples=3168 sampled_us=43
game: n=3/5 how=vis vis=900 vi_rate=60 vi0_retrace=9347 wall_us=15212330 sleep_us=11116166 avg_vis=57.90 avg_fps=54.93 exceptions=7668 cacheResets=1 recompiles=1420 batches=11190 verts=262710 texStalls=0 treeDepthMax=25 underruns=6 overruns=0 queue_peak_ms=18 dsp_avg=1.54 dsp_peak=3.60 pmc1=2548413284 pmc2=2660706053 pmc3=0 pmc4=0 mmcr0=00000042 mmcr1=00000000 heap_used=10875100 heap_free=35848 arena1_free=540672 arena2_free=577472 flushes=3 flush_us=35137 padtrace=5 rom=sd:/wii64/roms/Mario Party.v64
=== chain 3/5 end vis=900 how=vis rom=sd:/wii64/roms/Mario Party.v64 ===
mark: pad replay records: 11
mark: loadROM: enter
mark: loadROM: before rom_read
mark: ROMCache_load: enter
mark: ROMCache_load: before first read
mark: ROMCache_load: first read returned
mark: ROMCache_load: byte_swap_type set
mark: ROMCache_load: first byte_swap done
menufps: 0.1
menufps: 8.3
menufps: 8.0
menufps: 8.1
menufps: 7.5
menufps: 8.3
menufps: 8.0
menufps: 3.4
menufps: 1.3
menufps: 1.3
menufps: 1.2
menufps: 1.3
menufps: 1.3
menufps: 1.2
menufps: 3.8
menufps: 8.3
menufps: 8.3
menufps: 8.3
menufps: 7.9
mark: ROMCache_load: loop exited normally
mark: ROMCache_load: preflush_us=17332043 writes=2040 bytes=16711680
mark: ROMCache_load: elapsed_us=29940144 bytes=33554432 vm=1
mark: loadROM: after rom_read
mark: loadROM: before init_memory
mark: loadROM: after init_memory
mark: loadROM: before romOpen_gfx
mark: loadROM: after romOpen_gfx / before romOpen_audio
mark: loadROM: after romOpen_audio / before romOpen_input
mark: loadROM: after romOpen_input / before cpu_init
mark: loadROM: after cpu_init
menufps: 0.2
menufps: 0.7
first_vi: vi0_retrace=12268
mark: CPU core dispatch: dynarec
vis: 50.0
cpu: exceptions=417 cacheResets=1 batches=0 verts=0 texStalls=0 recompiles=309 underruns=0 overruns=0 sleep_us=177177 queue_ms=0
vis: 50.0
cpu: exceptions=657 cacheResets=1 batches=0 verts=0 texStalls=0 recompiles=309 underruns=0 overruns=0 sleep_us=667766 queue_ms=0
vis: 50.0
cpu: exceptions=3133 cacheResets=1 batches=0 verts=0 texStalls=0 recompiles=333 underruns=0 overruns=0 sleep_us=1097987 queue_ms=0
vis: 50.0
cpu: exceptions=3373 cacheResets=1 batches=0 verts=0 texStalls=0 recompiles=333 underruns=0 overruns=0 sleep_us=1588151 queue_ms=0
fps: 0.4
vis: 49.1
cpu: exceptions=3641 cacheResets=1 batches=0 verts=0 texStalls=0 recompiles=924 underruns=2 overruns=0 sleep_us=1910699 queue_ms=11
fps: 34.9
vis: 50.0
cpu: exceptions=3789 cacheResets=1 batches=0 verts=0 texStalls=0 recompiles=965 underruns=2 overruns=0 sleep_us=2307440 queue_ms=18
fps: 50.0
vis: 50.0
cpu: exceptions=3941 cacheResets=1 batches=0 verts=0 texStalls=0 recompiles=965 underruns=2 overruns=0 sleep_us=2709230 queue_ms=14
fps: 50.0
vis: 50.0
cpu: exceptions=4089 cacheResets=1 batches=0 verts=0 texStalls=0 recompiles=972 underruns=2 overruns=0 sleep_us=3115996 queue_ms=20
fps: 50.0
vis: 50.0
cpu: exceptions=4241 cacheResets=1 batches=0 verts=0 texStalls=0 recompiles=972 underruns=2 overruns=0 sleep_us=3517745 queue_ms=17
fps: 50.0
vis: 50.0
cpu: exceptions=4389 cacheResets=1 batches=0 verts=0 texStalls=0 recompiles=972 underruns=2 overruns=0 sleep_us=3925006 queue_ms=15
fps: 48.4
vis: 50.0
cpu: exceptions=4541 cacheResets=1 batches=0 verts=0 texStalls=0 recompiles=972 underruns=3 overruns=0 sleep_us=4327066 queue_ms=11
fps: 50.0
vis: 50.0
cpu: exceptions=4689 cacheResets=1 batches=0 verts=0 texStalls=0 recompiles=972 underruns=3 overruns=0 sleep_us=4734434 queue_ms=8
fps: 49.9
vis: 50.0
cpu: exceptions=4847 cacheResets=1 batches=0 verts=0 texStalls=0 recompiles=1001 underruns=3 overruns=0 sleep_us=5119737 queue_ms=15
fps: 50.0
vis: 50.0
cpu: exceptions=4995 cacheResets=1 batches=0 verts=0 texStalls=0 recompiles=1002 underruns=3 overruns=0 sleep_us=5520105 queue_ms=12
fps: 50.0
vis: 50.0
cpu: exceptions=5147 cacheResets=1 batches=0 verts=0 texStalls=0 recompiles=1002 underruns=3 overruns=0 sleep_us=5914684 queue_ms=18
fps: 50.0
vis: 50.0
cpu: exceptions=5295 cacheResets=1 batches=0 verts=0 texStalls=0 recompiles=1002 underruns=3 overruns=0 sleep_us=6315046 queue_ms=14
fps: 50.0
vis: 50.0
cpu: exceptions=5447 cacheResets=1 batches=0 verts=0 texStalls=0 recompiles=1002 underruns=3 overruns=0 sleep_us=6709518 queue_ms=21
vis: 50.0
cpu: exceptions=5595 cacheResets=1 batches=0 verts=0 texStalls=0 recompiles=1002 underruns=3 overruns=0 sleep_us=7109899 queue_ms=18
fps: 50.0
vis: 50.0
cpu: exceptions=5747 cacheResets=1 batches=0 verts=0 texStalls=0 recompiles=1002 underruns=3 overruns=0 sleep_us=7504244 queue_ms=23
fps: 50.0
vis: 50.0
cpu: exceptions=5895 cacheResets=1 batches=0 verts=0 texStalls=0 recompiles=1002 underruns=3 overruns=0 sleep_us=7904478 queue_ms=22
fps: 50.0
vis: 50.0
cpu: exceptions=6047 cacheResets=1 batches=0 verts=0 texStalls=0 recompiles=1002 underruns=3 overruns=0 sleep_us=8298933 queue_ms=19
fps: 50.0
vis: 50.0
cpu: exceptions=6195 cacheResets=1 batches=0 verts=0 texStalls=0 recompiles=1002 underruns=3 overruns=0 sleep_us=8699310 queue_ms=24
fps: 50.0
vis: 50.0
cpu: exceptions=6347 cacheResets=1 batches=0 verts=0 texStalls=0 recompiles=1002 underruns=3 overruns=0 sleep_us=9093776 queue_ms=21
fps: 50.0
vis: 50.0
cpu: exceptions=6495 cacheResets=1 batches=0 verts=0 texStalls=0 recompiles=1002 underruns=3 overruns=0 sleep_us=9494052 queue_ms=27
fps: 50.0
vis: 50.0
cpu: exceptions=6650 cacheResets=1 batches=0 verts=0 texStalls=0 recompiles=1143 underruns=3 overruns=0 sleep_us=9872409 queue_ms=24
fps: 50.0
vis: 50.0
cpu: exceptions=6802 cacheResets=1 batches=0 verts=0 texStalls=0 recompiles=1143 underruns=3 overruns=0 sleep_us=10265966 queue_ms=30
fps: 50.0
vis: 50.0
cpu: exceptions=7022 cacheResets=1 batches=0 verts=0 texStalls=0 recompiles=1205 underruns=3 overruns=0 sleep_us=10681754 queue_ms=27
fps: 35.0
vis: 50.0
cpu: exceptions=7206 cacheResets=1 batches=0 verts=0 texStalls=0 recompiles=1245 underruns=4 overruns=0 sleep_us=11103622 queue_ms=12
fps: 43.9
vis: 50.0
cpu: exceptions=7355 cacheResets=1 batches=0 verts=0 texStalls=0 recompiles=1254 underruns=4 overruns=0 sleep_us=11531443 queue_ms=10
fps: 50.0
vis: 50.0
cpu: exceptions=7507 cacheResets=1 batches=0 verts=0 texStalls=0 recompiles=1254 underruns=4 overruns=0 sleep_us=11970924 queue_ms=16
fps: 49.0
vis: 50.0
cpu: exceptions=7655 cacheResets=1 batches=0 verts=0 texStalls=0 recompiles=1256 underruns=5 overruns=0 sleep_us=12412942 queue_ms=13
fps: 50.0
vis: 50.0
cpu: exceptions=7807 cacheResets=1 batches=0 verts=0 texStalls=0 recompiles=1256 underruns=5 overruns=0 sleep_us=12852820 queue_ms=9
fps: 50.0
vis: 50.0
cpu: exceptions=7955 cacheResets=1 batches=0 verts=0 texStalls=0 recompiles=1256 underruns=5 overruns=0 sleep_us=13295294 queue_ms=16
fps: 50.0
vis: 50.0
cpu: exceptions=8106 cacheResets=1 batches=0 verts=0 texStalls=0 recompiles=1256 underruns=5 overruns=0 sleep_us=13735220 queue_ms=13
fps: 50.1
vis: 50.0
cpu: exceptions=8254 cacheResets=1 batches=0 verts=0 texStalls=0 recompiles=1258 underruns=5 overruns=0 sleep_us=14188388 queue_ms=9
fps: 46.0
mark: stop reason: chain guest VI limit
mark: stop_it requested
audio: alist_resample_calls=262 alist_resample_samples=38912 alist_zoh_calls=0 alist_zoh_samples=0 musyx_subframes=0 musyx_voices=0 musyx_voice_peak=0
audio_stages: adpcm_calls=262 adpcm_samples=26816 envmix_calls=262 envmix_samples=38912 mix_calls=34450 mix_samples=5036320 musyx_fx_calls=0 musyx_fx_taps=0 output_calls=784 output_samples=503008
audio_envmix: exp_calls=262 ge_calls=0 lin_calls=0 nead_calls=0 exp_steady=262 ge_steady=0 lin_steady=0
audio_gaps: nead_mats=0 nead_efz=0 resample_flag2=0 musyx_ptr10=0
audio_output: stream_requests=4449 stream_fed=1746 input_hz=31995 playback_hz=31995 queue_peak_ms=53
vm_io: read_ahead=1 reads=44 hits=235 read_bytes=1441792 writes=0 write_bytes=0 errors=0
subsystem_time: stage=rsp_gfx calls=766 timed_calls=766 period=1 timed_us=690041
subsystem_time: stage=rsp_audio calls=785 timed_calls=785 period=1 timed_us=182113
subsystem_time: stage=rsp_other calls=0 timed_calls=0 period=1 timed_us=0
subsystem_time: stage=lookup calls=1426700 timed_calls=11233 period=127 timed_us=2089
subsystem_time: stage=compile calls=1258 timed_calls=1258 period=1 timed_us=77182
subsystem_time: stage=dispatch calls=1415983 timed_calls=11149 period=127 timed_us=4547
subsystem_time: stage=execute_inclusive calls=1415983 timed_calls=11149 period=127 timed_us=85108
subsystem_time: stage=rom_copy calls=124 timed_calls=124 period=1 timed_us=183896
subsystem_time: stage=present calls=899 timed_calls=899 period=1 timed_us=20193
subsystem_time: stage=limiter calls=877 timed_calls=877 period=1 timed_us=14571830
subsystem_time: stage=vm_fault calls=279 timed_calls=279 period=1 timed_us=177763
subsystem_time: stage=vm_victim calls=279 timed_calls=279 period=1 timed_us=286
subsystem_time: stage=vm_read calls=44 timed_calls=44 period=1 timed_us=164684
subsystem_time: stage=vm_write calls=0 timed_calls=0 period=1 timed_us=0
subsystem_time: stage=tex_hash calls=26023 timed_calls=26023 period=1 timed_us=328878
subsystem_time: stage=tex_lookup calls=26023 timed_calls=26023 period=1 timed_us=12468
subsystem_time: stage=tex_load calls=96 timed_calls=96 period=1 timed_us=19110
subsystem_time: stage=tex_activate calls=26023 timed_calls=26023 period=1 timed_us=2432
subsystem_time: stage=draw_triangles calls=0 timed_calls=0 period=1 timed_us=0
subsystem_time: stage=draw_rect calls=26159 timed_calls=26159 period=1 timed_us=486333
subsystem_time: stage=gfx_list calls=766 timed_calls=766 period=1 timed_us=688993
subsystem_time: stage=gfx_command calls=385939 timed_calls=3038 period=127 timed_us=5150
subsystem_time: stage=vertex calls=0 timed_calls=0 period=127 timed_us=0
subsystem_time: stage=gfx_state calls=26159 timed_calls=205 period=127 timed_us=3202
subsystem_time: stage=gx_wait calls=0 timed_calls=0 period=1 timed_us=0
subsystem_time: stage=dma_pi calls=124 timed_calls=124 period=1 timed_us=192675
subsystem_time: stage=dma_sp calls=3102 timed_calls=3102 period=1 timed_us=2108
subsystem_time: stage=dma_si calls=4122 timed_calls=4122 period=1 timed_us=17087
subsystem_time: stage=tlb_translate calls=0 timed_calls=0 period=127 timed_us=0
subsystem_time: stage=pif calls=4123 timed_calls=4123 period=1 timed_us=15141
subsystem_time: stage=input calls=3180 timed_calls=3180 period=1 timed_us=12247
subsystem_time: stage=guest_interrupt calls=10676 timed_calls=10676 period=1 timed_us=14659972
subsystem_time: stage=interpreter_inclusive calls=0 timed_calls=0 period=1 timed_us=0
subsystem_time: stage=audio_submit calls=784 timed_calls=784 period=1 timed_us=8678
subsystem_time: stage=audio_callback calls=11971 timed_calls=11971 period=1 timed_us=5551
subsystem_time: stage=memory_slow calls=438944 timed_calls=3456 period=127 timed_us=10990
subsystem_time: stage=jit_invalidate calls=10717 timed_calls=84 period=127 timed_us=20
audio_time: stage=resample sampled_calls=2 sampled_samples=304 sampled_us=12
audio_time: stage=zoh sampled_calls=0 sampled_samples=0 sampled_us=0
audio_time: stage=adpcm sampled_calls=2 sampled_samples=208 sampled_us=8
audio_time: stage=envmix_exp sampled_calls=2 sampled_samples=304 sampled_us=25
audio_time: stage=envmix_ge sampled_calls=0 sampled_samples=0 sampled_us=0
audio_time: stage=envmix_lin sampled_calls=0 sampled_samples=0 sampled_us=0
audio_time: stage=envmix_nead sampled_calls=0 sampled_samples=0 sampled_us=0
audio_time: stage=mix sampled_calls=271 sampled_samples=39248 sampled_us=650
audio_time: stage=musyx_voice sampled_calls=0 sampled_samples=0 sampled_us=0
audio_time: stage=musyx_fx sampled_calls=0 sampled_samples=0 sampled_us=0
audio_time: stage=output sampled_calls=6 sampled_samples=3856 sampled_us=53
game: n=4/5 how=vis vis=900 vi_rate=50 vi0_retrace=12268 wall_us=18191007 sleep_us=14569261 avg_vis=49.97 avg_fps=47.02 exceptions=8400 cacheResets=1 recompiles=1258 batches=0 verts=0 texStalls=0 treeDepthMax=17 underruns=5 overruns=0 queue_peak_ms=30 dsp_avg=1.43 dsp_peak=1.65 pmc1=2378727268 pmc2=2224105109 pmc3=0 pmc4=0 mmcr0=00000042 mmcr1=00000000 heap_used=10863836 heap_free=83976 arena1_free=503808 arena2_free=577472 flushes=4 flush_us=50655 padtrace=4 rom=sd:/wii64/roms/Mario Party 2 (E) (M5) [!].z64
=== chain 4/5 end vis=900 how=vis rom=sd:/wii64/roms/Mario Party 2 (E) (M5) [!].z64 ===
mark: pad replay records: 11
mark: loadROM: enter
mark: loadROM: before rom_read
mark: ROMCache_load: enter
mark: ROMCache_load: before first read
mark: ROMCache_load: first read returned
mark: ROMCache_load: byte_swap_type set
mark: ROMCache_load: first byte_swap done
menufps: 0.1
menufps: 8.4
menufps: 7.8
menufps: 8.3
menufps: 8.3
menufps: 8.3
menufps: 8.1
menufps: 2.1
menufps: 1.3
menufps: 1.3
menufps: 1.2
menufps: 1.3
menufps: 1.3
menufps: 1.2
menufps: 3.7
menufps: 8.3
menufps: 8.3
menufps: 8.4
menufps: 7.9
mark: ROMCache_load: loop exited normally
mark: ROMCache_load: preflush_us=17370507 writes=2040 bytes=16711680
mark: ROMCache_load: elapsed_us=29949782 bytes=33554432 vm=1
mark: loadROM: after rom_read
mark: loadROM: before init_memory
mark: loadROM: after init_memory
mark: loadROM: before romOpen_gfx
mark: loadROM: after romOpen_gfx / before romOpen_audio
mark: loadROM: after romOpen_audio / before romOpen_input
mark: loadROM: after romOpen_input / before cpu_init
mark: loadROM: after cpu_init
menufps: 0.2
menufps: 0.7
first_vi: vi0_retrace=15364
mark: CPU core dispatch: dynarec
vis: 50.0
cpu: exceptions=1752 cacheResets=1 batches=0 verts=0 texStalls=0 recompiles=367 underruns=0 overruns=0 sleep_us=134048 queue_ms=0
fps: 1.3
vis: 50.0
cpu: exceptions=2780 cacheResets=1 batches=0 verts=0 texStalls=0 recompiles=807 underruns=1 overruns=0 sleep_us=490650 queue_ms=47
fps: 33.8
vis: 50.0
cpu: exceptions=2995 cacheResets=1 batches=0 verts=0 texStalls=0 recompiles=1244 underruns=1 overruns=0 sleep_us=792126 queue_ms=26
fps: 49.7
vis: 50.0
cpu: exceptions=3128 cacheResets=1 batches=0 verts=0 texStalls=0 recompiles=1253 underruns=1 overruns=0 sleep_us=1193540 queue_ms=28
fps: 50.3
vis: 50.0
cpu: exceptions=3284 cacheResets=1 batches=0 verts=0 texStalls=0 recompiles=1267 underruns=1 overruns=0 sleep_us=1574473 queue_ms=45
fps: 49.9
vis: 50.0
cpu: exceptions=3442 cacheResets=1 batches=0 verts=0 texStalls=0 recompiles=1269 underruns=1 overruns=0 sleep_us=1950391 queue_ms=47
fps: 50.1
vis: 50.0
cpu: exceptions=3592 cacheResets=1 batches=0 verts=0 texStalls=0 recompiles=1277 underruns=1 overruns=0 sleep_us=2319836 queue_ms=29
fps: 49.8
vis: 50.0
cpu: exceptions=3739 cacheResets=1 batches=0 verts=0 texStalls=0 recompiles=1277 underruns=1 overruns=0 sleep_us=2698180 queue_ms=37
fps: 50.2
vis: 50.0
cpu: exceptions=3890 cacheResets=1 batches=0 verts=0 texStalls=0 recompiles=1278 underruns=1 overruns=0 sleep_us=3073864 queue_ms=45
fps: 49.9
vis: 50.0
cpu: exceptions=4033 cacheResets=1 batches=0 verts=0 texStalls=0 recompiles=1279 underruns=1 overruns=0 sleep_us=3450886 queue_ms=50
fps: 50.1
vis: 50.0
cpu: exceptions=4183 cacheResets=1 batches=0 verts=0 texStalls=0 recompiles=1279 underruns=1 overruns=0 sleep_us=3825466 queue_ms=29
vis: 50.0
cpu: exceptions=4333 cacheResets=1 batches=0 verts=0 texStalls=0 recompiles=1280 underruns=1 overruns=0 sleep_us=4207257 queue_ms=46
fps: 49.8
vis: 50.0
cpu: exceptions=4492 cacheResets=1 batches=0 verts=0 texStalls=0 recompiles=1313 underruns=1 overruns=0 sleep_us=4568779 queue_ms=48
fps: 50.1
vis: 50.0
cpu: exceptions=4641 cacheResets=1 batches=0 verts=0 texStalls=0 recompiles=1315 underruns=1 overruns=0 sleep_us=4936348 queue_ms=59
fps: 50.0
vis: 50.0
cpu: exceptions=4781 cacheResets=1 batches=0 verts=0 texStalls=0 recompiles=1318 underruns=1 overruns=0 sleep_us=5301715 queue_ms=38
fps: 48.7
vis: 50.0
cpu: exceptions=4919 cacheResets=1 batches=0 verts=0 texStalls=0 recompiles=1318 underruns=1 overruns=0 sleep_us=5674629 queue_ms=31
fps: 50.0
vis: 50.0
cpu: exceptions=5061 cacheResets=1 batches=0 verts=0 texStalls=0 recompiles=1318 underruns=1 overruns=0 sleep_us=6049907 queue_ms=47
fps: 50.1
vis: 50.0
cpu: exceptions=5206 cacheResets=1 batches=0 verts=0 texStalls=0 recompiles=1318 underruns=1 overruns=0 sleep_us=6432636 queue_ms=44
fps: 49.9
vis: 50.0
cpu: exceptions=5357 cacheResets=1 batches=0 verts=0 texStalls=0 recompiles=1318 underruns=1 overruns=0 sleep_us=6806827 queue_ms=23
fps: 50.1
vis: 50.0
cpu: exceptions=5503 cacheResets=1 batches=0 verts=0 texStalls=0 recompiles=1318 underruns=1 overruns=0 sleep_us=7182086 queue_ms=39
fps: 49.9
vis: 50.0
cpu: exceptions=5650 cacheResets=1 batches=0 verts=0 texStalls=0 recompiles=1318 underruns=1 overruns=0 sleep_us=7554499 queue_ms=41
fps: 50.0
vis: 50.0
cpu: exceptions=5792 cacheResets=1 batches=0 verts=0 texStalls=0 recompiles=1318 underruns=1 overruns=0 sleep_us=7933445 queue_ms=52
fps: 49.9
vis: 50.0
cpu: exceptions=5945 cacheResets=1 batches=0 verts=0 texStalls=0 recompiles=1318 underruns=1 overruns=0 sleep_us=8305005 queue_ms=31
fps: 50.1
vis: 50.0
cpu: exceptions=6094 cacheResets=1 batches=0 verts=0 texStalls=0 recompiles=1318 underruns=1 overruns=0 sleep_us=8672967 queue_ms=42
fps: 49.9
vis: 50.0
cpu: exceptions=6254 cacheResets=1 batches=0 verts=0 texStalls=0 recompiles=1425 underruns=1 overruns=0 sleep_us=9027006 queue_ms=50
fps: 50.1
vis: 50.0
cpu: exceptions=6435 cacheResets=1 batches=0 verts=0 texStalls=0 recompiles=1436 underruns=1 overruns=0 sleep_us=9392917 queue_ms=61
fps: 50.2
vis: 50.0
cpu: exceptions=6579 cacheResets=1 batches=0 verts=0 texStalls=0 recompiles=1457 underruns=1 overruns=0 sleep_us=9817237 queue_ms=34
fps: 46.4
vis: 50.0
cpu: exceptions=6749 cacheResets=1 batches=0 verts=0 texStalls=0 recompiles=1475 underruns=1 overruns=0 sleep_us=10228507 queue_ms=51
fps: 50.0
vis: 50.0
cpu: exceptions=6889 cacheResets=1 batches=0 verts=0 texStalls=0 recompiles=1475 underruns=1 overruns=0 sleep_us=10674967 queue_ms=53
fps: 50.0
vis: 50.0
cpu: exceptions=7024 cacheResets=1 batches=0 verts=0 texStalls=0 recompiles=1477 underruns=1 overruns=0 sleep_us=11123784 queue_ms=55
fps: 50.0
vis: 50.0
cpu: exceptions=7164 cacheResets=1 batches=0 verts=0 texStalls=0 recompiles=1477 underruns=1 overruns=0 sleep_us=11571055 queue_ms=43
fps: 50.0
vis: 50.0
cpu: exceptions=7300 cacheResets=1 batches=0 verts=0 texStalls=0 recompiles=1477 underruns=1 overruns=0 sleep_us=12020419 queue_ms=45
fps: 50.0
vis: 50.0
cpu: exceptions=7439 cacheResets=1 batches=0 verts=0 texStalls=0 recompiles=1482 underruns=1 overruns=0 sleep_us=12467310 queue_ms=62
fps: 50.2
vis: 50.0
cpu: exceptions=7574 cacheResets=1 batches=0 verts=0 texStalls=0 recompiles=1484 underruns=1 overruns=0 sleep_us=12922860 queue_ms=64
fps: 46.0
vis: 50.0
cpu: exceptions=7715 cacheResets=1 batches=0 verts=0 texStalls=0 recompiles=1484 underruns=1 overruns=0 sleep_us=13350159 queue_ms=46
fps: 48.7
mark: stop reason: chain guest VI limit
mark: stop_it requested
audio: alist_resample_calls=19920 alist_resample_samples=3665280 alist_zoh_calls=0 alist_zoh_samples=0 musyx_subframes=0 musyx_voices=0 musyx_voice_peak=0
audio_stages: adpcm_calls=20583 adpcm_samples=3302304 envmix_calls=19920 envmix_samples=3665280 mix_calls=30350 mix_samples=5584400 musyx_fx_calls=0 musyx_fx_taps=0 output_calls=652 output_samples=557520
audio_envmix: exp_calls=0 ge_calls=0 lin_calls=19920 nead_calls=0 exp_steady=0 ge_steady=0 lin_steady=10752
audio_gaps: nead_mats=0 nead_efz=0 resample_flag2=0 musyx_ptr10=0
audio_output: stream_requests=3809 stream_fed=1933 input_hz=31995 playback_hz=31995 queue_peak_ms=94
vm_io: read_ahead=1 reads=44 hits=253 read_bytes=1441792 writes=0 write_bytes=0 errors=0
subsystem_time: stage=rsp_gfx calls=848 timed_calls=848 period=1 timed_us=700473
subsystem_time: stage=rsp_audio calls=653 timed_calls=653 period=1 timed_us=824814
subsystem_time: stage=rsp_other calls=0 timed_calls=0 period=1 timed_us=0
subsystem_time: stage=lookup calls=1453132 timed_calls=11441 period=127 timed_us=2320
subsystem_time: stage=compile calls=1485 timed_calls=1485 period=1 timed_us=94181
subsystem_time: stage=dispatch calls=1449861 timed_calls=11416 period=127 timed_us=4528
subsystem_time: stage=execute_inclusive calls=1449861 timed_calls=11416 period=127 timed_us=77181
subsystem_time: stage=rom_copy calls=724 timed_calls=724 period=1 timed_us=193229
subsystem_time: stage=present calls=899 timed_calls=899 period=1 timed_us=19922
subsystem_time: stage=limiter calls=880 timed_calls=880 period=1 timed_us=13766144
subsystem_time: stage=vm_fault calls=297 timed_calls=297 period=1 timed_us=178202
subsystem_time: stage=vm_victim calls=297 timed_calls=297 period=1 timed_us=306
subsystem_time: stage=vm_read calls=44 timed_calls=44 period=1 timed_us=164307
subsystem_time: stage=vm_write calls=0 timed_calls=0 period=1 timed_us=0
subsystem_time: stage=tex_hash calls=25845 timed_calls=25845 period=1 timed_us=329135
subsystem_time: stage=tex_lookup calls=25845 timed_calls=25845 period=1 timed_us=14113
subsystem_time: stage=tex_load calls=106 timed_calls=106 period=1 timed_us=21061
subsystem_time: stage=tex_activate calls=25845 timed_calls=25845 period=1 timed_us=2672
subsystem_time: stage=draw_triangles calls=0 timed_calls=0 period=1 timed_us=0
subsystem_time: stage=draw_rect calls=26284 timed_calls=26284 period=1 timed_us=491477
subsystem_time: stage=gfx_list calls=848 timed_calls=848 period=1 timed_us=699334
subsystem_time: stage=gfx_command calls=397619 timed_calls=3130 period=127 timed_us=5426
subsystem_time: stage=vertex calls=0 timed_calls=0 period=127 timed_us=0
subsystem_time: stage=gfx_state calls=26284 timed_calls=206 period=127 timed_us=3031
subsystem_time: stage=gx_wait calls=0 timed_calls=0 period=1 timed_us=0
subsystem_time: stage=dma_pi calls=724 timed_calls=724 period=1 timed_us=209631
subsystem_time: stage=dma_sp calls=3002 timed_calls=3002 period=1 timed_us=2272
subsystem_time: stage=dma_si calls=3519 timed_calls=3519 period=1 timed_us=18288
subsystem_time: stage=tlb_translate calls=0 timed_calls=0 period=127 timed_us=0
subsystem_time: stage=pif calls=3520 timed_calls=3520 period=1 timed_us=16290
subsystem_time: stage=input calls=3508 timed_calls=3508 period=1 timed_us=13508
subsystem_time: stage=guest_interrupt calls=10565 timed_calls=10565 period=1 timed_us=13843488
subsystem_time: stage=interpreter_inclusive calls=0 timed_calls=0 period=1 timed_us=0
subsystem_time: stage=audio_submit calls=652 timed_calls=652 period=1 timed_us=9815
subsystem_time: stage=audio_callback calls=11320 timed_calls=11320 period=1 timed_us=6444
subsystem_time: stage=memory_slow calls=492698 timed_calls=3879 period=127 timed_us=14738
subsystem_time: stage=jit_invalidate calls=3271 timed_calls=25 period=127 timed_us=2
audio_time: stage=resample sampled_calls=156 sampled_samples=28704 sampled_us=1114
audio_time: stage=zoh sampled_calls=0 sampled_samples=0 sampled_us=0
audio_time: stage=adpcm sampled_calls=162 sampled_samples=27264 sampled_us=1126
audio_time: stage=envmix_exp sampled_calls=0 sampled_samples=0 sampled_us=0
audio_time: stage=envmix_ge sampled_calls=0 sampled_samples=0 sampled_us=0
audio_time: stage=envmix_lin sampled_calls=156 sampled_samples=28704 sampled_us=2953
audio_time: stage=envmix_nead sampled_calls=0 sampled_samples=0 sampled_us=0
audio_time: stage=mix sampled_calls=238 sampled_samples=43792 sampled_us=736
audio_time: stage=musyx_voice sampled_calls=0 sampled_samples=0 sampled_us=0
audio_time: stage=musyx_fx sampled_calls=0 sampled_samples=0 sampled_us=0
audio_time: stage=output sampled_calls=5 sampled_samples=4232 sampled_us=65
game: n=5/5 how=vis vis=900 vi_rate=50 vi0_retrace=15364 wall_us=18164503 sleep_us=13763420 avg_vis=50.00 avg_fps=47.80 exceptions=7848 cacheResets=1 recompiles=1485 batches=0 verts=0 texStalls=0 treeDepthMax=18 underruns=1 overruns=0 queue_peak_ms=64 dsp_avg=1.50 dsp_peak=1.65 pmc1=2964673343 pmc2=2840326075 pmc3=0 pmc4=0 mmcr0=00000042 mmcr1=00000000 heap_used=10877564 heap_free=70248 arena1_free=503808 arena2_free=577472 flushes=4 flush_us=43145 padtrace=4 rom=sd:/wii64/roms/Mario Party 3 (E) (M4) [!].z64
=== chain 5/5 end vis=900 how=vis rom=sd:/wii64/roms/Mario Party 3 (E) (M4) [!].z64 ===
