--- wii64 perf log ---
mark: diag received dynacore line
mark: diag requested core: dynarec
mark: pad replay records: 1
selftest:
  raw[0]=51283145133182926
  raw[1]=51283145133182927
  raw[2]=51283145133182940
  raw[3]=51283145133182953
  raw[4]=51283145133182965
  delta[0]=0us
  delta[1]=0us
  delta[2]=0us
  delta[3]=0us
mark: audio quality: accurate
mark: audio modes: n64=0 output=0 mixer=0 latency=2 sync=0
mark: diag applied core: dynarec
mark: HBC agent ready
mark: loadROM: enter
mark: loadROM: before rom_read
mark: ROMCache_load: enter
menufps: 0.4
mark: ROMCache_load: before first read
mark: ROMCache_load: first read returned
mark: ROMCache_load: byte_swap_type set
mark: ROMCache_load: first byte_swap done
menufps: 0.2
menufps: 55.1
menufps: 1.4
menufps: 1.4
menufps: 1.4
menufps: 1.4
menufps: 1.4
menufps: 1.4
menufps: 1.4
menufps: 21.4
mark: ROMCache_load: loop exited normally
menufps: 12.6
menufps: 1.1
menufps: 1.1
menufps: 1.1
menufps: 1.1
menufps: 1.1
menufps: 1.1
menufps: 1.1
menufps: 1.1
menufps: 1.1
menufps: 1.1
menufps: 1.1
menufps: 1.1
menufps: 1.1
menufps: 1.1
menufps: 1.1
menufps: 1.1
menufps: 1.1
menufps: 1.1
menufps: 1.1
mark: ROMCache_load: preflush_us=18135745 writes=2040 bytes=16711680
mark: ROMCache_load: elapsed_us=34642151 bytes=33554432 vm=1
mark: loadROM: after rom_read
mark: loadROM: before init_memory
mark: loadROM: after init_memory
mark: loadROM: before romOpen_gfx
mark: loadROM: after romOpen_gfx / before romOpen_audio
mark: loadROM: after romOpen_audio / before romOpen_input
mark: loadROM: after romOpen_input / before cpu_init
mark: loadROM: after cpu_init
menufps: 3.4
menufps: 1.0
menufps: 1.0
fps: 0.1
first_vi: vi0_retrace=2266
vis: 0.1
cpu: exceptions=0 cacheResets=0 batches=0 verts=0 texStalls=0 recompiles=0 underruns=0 overruns=0 sleep_us=0 queue_ms=0
mark: CPU core dispatch: dynarec
vis: 60.0
cpu: exceptions=420 cacheResets=1 batches=0 verts=0 texStalls=0 recompiles=315 underruns=0 overruns=0 sleep_us=194075 queue_ms=0
vis: 60.0
cpu: exceptions=660 cacheResets=1 batches=0 verts=0 texStalls=0 recompiles=315 underruns=0 overruns=0 sleep_us=682762 queue_ms=0
vis: 60.0
cpu: exceptions=2154 cacheResets=1 batches=0 verts=0 texStalls=0 recompiles=336 underruns=0 overruns=0 sleep_us=1127022 queue_ms=0
fps: 0.5
vis: 60.0
cpu: exceptions=2416 cacheResets=1 batches=0 verts=0 texStalls=0 recompiles=660 underruns=1 overruns=0 sleep_us=1575778 queue_ms=14
vis: 60.0
cpu: exceptions=2622 cacheResets=1 batches=0 verts=0 texStalls=0 recompiles=786 underruns=1 overruns=0 sleep_us=1946525 queue_ms=10
fps: 56.3
vis: 60.0
cpu: exceptions=2787 cacheResets=1 batches=0 verts=0 texStalls=0 recompiles=786 underruns=1 overruns=0 sleep_us=2380346 queue_ms=15
fps: 60.0
vis: 60.0
cpu: exceptions=2952 cacheResets=1 batches=0 verts=0 texStalls=0 recompiles=791 underruns=1 overruns=0 sleep_us=2814111 queue_ms=12
fps: 60.0
vis: 60.0
cpu: exceptions=3117 cacheResets=1 batches=0 verts=0 texStalls=0 recompiles=791 underruns=1 overruns=0 sleep_us=3248153 queue_ms=8
fps: 60.0
vis: 60.0
cpu: exceptions=3282 cacheResets=1 batches=0 verts=0 texStalls=0 recompiles=791 underruns=1 overruns=0 sleep_us=3682229 queue_ms=13
fps: 60.0
vis: 60.0
cpu: exceptions=3447 cacheResets=1 batches=0 verts=0 texStalls=0 recompiles=804 underruns=1 overruns=0 sleep_us=4116677 queue_ms=9
fps: 60.2
vis: 60.0
cpu: exceptions=3614 cacheResets=1 batches=0 verts=0 texStalls=0 recompiles=804 underruns=1 overruns=0 sleep_us=4526309 queue_ms=14
fps: 54.0
vis: 60.0
cpu: exceptions=3794 cacheResets=1 batches=0 verts=0 texStalls=0 recompiles=805 underruns=1 overruns=0 sleep_us=4960175 queue_ms=11
fps: 60.0
vis: 60.0
cpu: exceptions=3974 cacheResets=1 batches=0 verts=0 texStalls=0 recompiles=806 underruns=1 overruns=0 sleep_us=5394239 queue_ms=16
fps: 60.0
vis: 60.0
cpu: exceptions=4154 cacheResets=1 batches=0 verts=0 texStalls=0 recompiles=806 underruns=1 overruns=0 sleep_us=5828497 queue_ms=13
fps: 60.0
vis: 60.0
cpu: exceptions=4334 cacheResets=1 batches=0 verts=0 texStalls=0 recompiles=806 underruns=1 overruns=0 sleep_us=6262580 queue_ms=17
fps: 60.2
vis: 60.0
cpu: exceptions=4515 cacheResets=1 batches=0 verts=0 texStalls=0 recompiles=807 underruns=1 overruns=0 sleep_us=6671408 queue_ms=14
fps: 54.0
vis: 60.0
cpu: exceptions=4695 cacheResets=1 batches=0 verts=0 texStalls=0 recompiles=808 underruns=1 overruns=0 sleep_us=7105496 queue_ms=10
fps: 60.0
vis: 60.0
cpu: exceptions=4875 cacheResets=1 batches=0 verts=0 texStalls=0 recompiles=808 underruns=1 overruns=0 sleep_us=7539841 queue_ms=16
fps: 60.0
vis: 60.0
cpu: exceptions=5055 cacheResets=1 batches=0 verts=0 texStalls=0 recompiles=808 underruns=1 overruns=0 sleep_us=7974207 queue_ms=11
fps: 59.9
mark: stop reason: chain guest VI limit
mark: stop_it requested
audio: alist_resample_calls=0 alist_resample_samples=0 alist_zoh_calls=0 alist_zoh_samples=0 musyx_subframes=0 musyx_voices=0 musyx_voice_peak=0
audio_stages: adpcm_calls=0 adpcm_samples=0 envmix_calls=0 envmix_samples=0 mix_calls=19250 mix_samples=2569280 musyx_fx_calls=0 musyx_fx_taps=0 output_calls=481 output_samples=256928
audio_envmix: exp_calls=0 ge_calls=0 lin_calls=0 nead_calls=0 exp_steady=0 ge_steady=0 lin_steady=0
audio_gaps: nead_mats=0 nead_efz=0 resample_flag2=0 musyx_ptr10=0
audio_output: stream_requests=3428 stream_fed=891 input_hz=32006 playback_hz=32006 queue_peak_ms=35
vm_io: read_ahead=1 reads=37 hits=230 read_bytes=1212416 writes=0 write_bytes=0 errors=0
subsystem_time: stage=rsp_gfx calls=472 timed_calls=472 period=1 timed_us=275037
subsystem_time: stage=rsp_audio calls=481 timed_calls=481 period=1 timed_us=137837
subsystem_time: stage=rsp_other calls=0 timed_calls=0 period=1 timed_us=0
subsystem_time: stage=lookup calls=558881 timed_calls=4400 period=127 timed_us=516
subsystem_time: stage=compile calls=810 timed_calls=810 period=1 timed_us=55805
subsystem_time: stage=dispatch calls=551734 timed_calls=4344 period=127 timed_us=2664
subsystem_time: stage=execute_inclusive calls=551734 timed_calls=4344 period=127 timed_us=39282
subsystem_time: stage=rom_copy calls=37 timed_calls=37 period=1 timed_us=147421
subsystem_time: stage=present calls=599 timed_calls=599 period=1 timed_us=6783
subsystem_time: stage=limiter calls=579 timed_calls=579 period=1 timed_us=8394182
subsystem_time: stage=vm_fault calls=267 timed_calls=267 period=1 timed_us=146238
subsystem_time: stage=vm_victim calls=267 timed_calls=267 period=1 timed_us=66
subsystem_time: stage=vm_read calls=37 timed_calls=37 period=1 timed_us=144947
subsystem_time: stage=vm_write calls=0 timed_calls=0 period=1 timed_us=0
subsystem_time: stage=tex_hash calls=8560 timed_calls=8560 period=1 timed_us=167811
subsystem_time: stage=tex_lookup calls=8560 timed_calls=8560 period=1 timed_us=1446
subsystem_time: stage=tex_load calls=36 timed_calls=36 period=1 timed_us=10930
subsystem_time: stage=tex_activate calls=8560 timed_calls=8560 period=1 timed_us=1005
subsystem_time: stage=draw_triangles calls=0 timed_calls=0 period=1 timed_us=0
subsystem_time: stage=draw_rect calls=8656 timed_calls=8656 period=1 timed_us=221374
subsystem_time: stage=gfx_list calls=472 timed_calls=472 period=1 timed_us=274920
subsystem_time: stage=gfx_command calls=138800 timed_calls=1092 period=127 timed_us=1943
subsystem_time: stage=vertex calls=0 timed_calls=0 period=127 timed_us=0
subsystem_time: stage=gfx_state calls=8656 timed_calls=68 period=127 timed_us=1736
subsystem_time: stage=gx_wait calls=0 timed_calls=0 period=1 timed_us=0
subsystem_time: stage=dma_pi calls=37 timed_calls=37 period=1 timed_us=156117
subsystem_time: stage=dma_sp calls=1906 timed_calls=1906 period=1 timed_us=676
subsystem_time: stage=dma_si calls=2654 timed_calls=2654 period=1 timed_us=9292
subsystem_time: stage=tlb_translate calls=0 timed_calls=0 period=127 timed_us=0
subsystem_time: stage=pif calls=2655 timed_calls=2655 period=1 timed_us=8775
subsystem_time: stage=input calls=1972 timed_calls=1972 period=1 timed_us=7568
subsystem_time: stage=guest_interrupt calls=6691 timed_calls=6691 period=1 timed_us=8406295
subsystem_time: stage=interpreter_inclusive calls=0 timed_calls=0 period=1 timed_us=0
subsystem_time: stage=audio_submit calls=481 timed_calls=481 period=1 timed_us=1266
subsystem_time: stage=audio_callback calls=6880 timed_calls=6880 period=1 timed_us=1523
subsystem_time: stage=memory_slow calls=254915 timed_calls=2007 period=127 timed_us=2753
subsystem_time: stage=jit_invalidate calls=7147 timed_calls=56 period=127 timed_us=10
audio_time: stage=resample sampled_calls=0 sampled_samples=0 sampled_us=0
audio_time: stage=zoh sampled_calls=0 sampled_samples=0 sampled_us=0
audio_time: stage=adpcm sampled_calls=0 sampled_samples=0 sampled_us=0
audio_time: stage=envmix_exp sampled_calls=0 sampled_samples=0 sampled_us=0
audio_time: stage=envmix_ge sampled_calls=0 sampled_samples=0 sampled_us=0
audio_time: stage=envmix_lin sampled_calls=0 sampled_samples=0 sampled_us=0
audio_time: stage=envmix_nead sampled_calls=0 sampled_samples=0 sampled_us=0
audio_time: stage=mix sampled_calls=151 sampled_samples=20000 sampled_us=418
audio_time: stage=musyx_voice sampled_calls=0 sampled_samples=0 sampled_us=0
audio_time: stage=musyx_fx sampled_calls=0 sampled_samples=0 sampled_us=0
audio_time: stage=output sampled_calls=3 sampled_samples=1584 sampled_us=6
game: n=1/2 how=vis vis=600 vi_rate=60 vi0_retrace=2266 wall_us=10007036 sleep_us=8393409 avg_vis=57.00 avg_fps=52.07 exceptions=5228 cacheResets=1 recompiles=810 batches=0 verts=0 texStalls=0 treeDepthMax=14 underruns=1 overruns=0 queue_peak_ms=17 dsp_avg=3.79 dsp_peak=4.85 pmc1=7292344140 pmc2=0 pmc3=0 pmc4=0 mmcr0=00000042 mmcr1=00000000 heap_used=10837240 heap_free=34696 arena1_free=577536 arena2_free=577472 flushes=3 flush_us=1695 padtrace=4 rom=sd:/wii64/roms/Mario Party (USA).z64
=== chain 1/2 end vis=600 how=vis rom=sd:/wii64/roms/Mario Party (USA).z64 ===
mark: pad replay records: 1
mark: loadROM: enter
mark: loadROM: before rom_read
mark: ROMCache_load: enter
mark: ROMCache_load: before first read
mark: ROMCache_load: first read returned
mark: ROMCache_load: byte_swap_type set
mark: ROMCache_load: first byte_swap done
menufps: 0.2
mark: ROMCache_load: loop exited normally
mark: ROMCache_load: elapsed_us=257849 bytes=8388608 vm=0
mark: loadROM: after rom_read
mark: loadROM: before init_memory
mark: loadROM: after init_memory
mark: loadROM: before romOpen_gfx
mark: loadROM: after romOpen_gfx / before romOpen_audio
mark: loadROM: after romOpen_audio / before romOpen_input
mark: loadROM: after romOpen_input / before cpu_init
mark: loadROM: after cpu_init
menufps: 13.5
menufps: 1.0
menufps: 1.0
fps: 5.7
first_vi: vi0_retrace=3075
vis: 7.5
cpu: exceptions=0 cacheResets=0 batches=0 verts=0 texStalls=0 recompiles=0 underruns=0 overruns=0 sleep_us=0 queue_ms=0
mark: CPU core dispatch: dynarec
vis: 60.0
cpu: exceptions=240 cacheResets=1 batches=0 verts=0 texStalls=0 recompiles=189 underruns=2 overruns=0 sleep_us=260843 queue_ms=91
vis: 60.0
cpu: exceptions=540 cacheResets=1 batches=0 verts=0 texStalls=0 recompiles=198 underruns=2 overruns=0 sleep_us=740863 queue_ms=96
vis: 60.0
cpu: exceptions=840 cacheResets=1 batches=0 verts=0 texStalls=0 recompiles=204 underruns=2 overruns=0 sleep_us=1221041 queue_ms=93
vis: 60.0
cpu: exceptions=1135 cacheResets=1 batches=0 verts=0 texStalls=0 recompiles=204 underruns=2 overruns=0 sleep_us=1701716 queue_ms=97
fps: 0.5
vis: 60.0
cpu: exceptions=1431 cacheResets=1 batches=414 verts=9387 texStalls=0 recompiles=468 underruns=3 overruns=0 sleep_us=1996165 queue_ms=11
fps: 20.6
vis: 60.0
cpu: exceptions=1588 cacheResets=1 batches=2484 verts=56322 texStalls=0 recompiles=475 underruns=3 overruns=0 sleep_us=2418983 queue_ms=18
fps: 29.8
vis: 60.0
cpu: exceptions=1752 cacheResets=1 batches=4554 verts=103257 texStalls=0 recompiles=478 underruns=3 overruns=0 sleep_us=2839743 queue_ms=15
fps: 30.1
vis: 60.0
cpu: exceptions=1894 cacheResets=1 batches=6624 verts=150192 texStalls=0 recompiles=478 underruns=3 overruns=0 sleep_us=3271864 queue_ms=11
fps: 30.0
vis: 60.0
cpu: exceptions=2036 cacheResets=1 batches=8694 verts=197127 texStalls=0 recompiles=478 underruns=3 overruns=0 sleep_us=3702931 queue_ms=16
fps: 30.0
vis: 60.0
cpu: exceptions=2178 cacheResets=1 batches=10767 verts=244080 texStalls=0 recompiles=489 underruns=3 overruns=0 sleep_us=4132769 queue_ms=13
fps: 30.0
vis: 60.0
cpu: exceptions=2319 cacheResets=1 batches=12574 verts=284835 texStalls=0 recompiles=498 underruns=3 overruns=0 sleep_us=4567413 queue_ms=18
vis: 60.0
cpu: exceptions=2638 cacheResets=1 batches=12574 verts=284835 texStalls=0 recompiles=675 underruns=4 overruns=0 sleep_us=4731178 queue_ms=23
vis: 60.0
cpu: exceptions=2728 cacheResets=1 batches=12574 verts=284835 texStalls=0 recompiles=733 underruns=4 overruns=0 sleep_us=4898864 queue_ms=19
vis: 60.0
cpu: exceptions=2818 cacheResets=1 batches=12574 verts=284835 texStalls=0 recompiles=784 underruns=4 overruns=0 sleep_us=5121202 queue_ms=25
fps: 3.9
vis: 60.0
cpu: exceptions=2961 cacheResets=1 batches=13862 verts=302151 texStalls=0 recompiles=910 underruns=6 overruns=0 sleep_us=5330753 queue_ms=8
fps: 15.1
vis: 60.0
cpu: exceptions=3118 cacheResets=1 batches=18588 verts=366462 texStalls=0 recompiles=910 underruns=6 overruns=0 sleep_us=5496714 queue_ms=13
fps: 30.0
vis: 60.0
cpu: exceptions=3273 cacheResets=1 batches=23299 verts=430431 texStalls=0 recompiles=927 underruns=6 overruns=0 sleep_us=5663135 queue_ms=8
fps: 30.0
vis: 60.0
cpu: exceptions=3436 cacheResets=1 batches=27987 verts=494244 texStalls=0 recompiles=927 underruns=6 overruns=0 sleep_us=5830807 queue_ms=14
fps: 30.0
vis: 60.0
cpu: exceptions=3591 cacheResets=1 batches=32693 verts=558165 texStalls=0 recompiles=927 underruns=6 overruns=0 sleep_us=6010197 queue_ms=10
fps: 29.9
mark: stop reason: chain guest VI limit
mark: stop_it requested
audio: alist_resample_calls=4708 alist_resample_samples=601568 alist_zoh_calls=0 alist_zoh_samples=0 musyx_subframes=0 musyx_voices=0 musyx_voice_peak=0
audio_stages: adpcm_calls=4434 adpcm_samples=509312 envmix_calls=4142 envmix_samples=553024 mix_calls=2300 mix_samples=736000 musyx_fx_calls=0 musyx_fx_taps=0 output_calls=576 output_samples=306992
audio_envmix: exp_calls=4142 ge_calls=0 lin_calls=0 nead_calls=0 exp_steady=3446 ge_steady=0 lin_steady=0
audio_gaps: nead_mats=0 nead_efz=0 resample_flag2=0 musyx_ptr10=0
audio_output: stream_requests=2756 stream_fed=1065 input_hz=32006 playback_hz=32006 queue_peak_ms=116
vm_io: read_ahead=1 reads=0 hits=0 read_bytes=0 writes=0 write_bytes=0 errors=0
subsystem_time: stage=rsp_gfx calls=176 timed_calls=176 period=1 timed_us=662619
subsystem_time: stage=rsp_audio calls=575 timed_calls=575 period=1 timed_us=211467
subsystem_time: stage=rsp_other calls=0 timed_calls=0 period=1 timed_us=0
subsystem_time: stage=lookup calls=2255052 timed_calls=17756 period=127 timed_us=1627
subsystem_time: stage=compile calls=927 timed_calls=927 period=1 timed_us=126251
subsystem_time: stage=dispatch calls=2250644 timed_calls=17721 period=127 timed_us=8950
subsystem_time: stage=execute_inclusive calls=2250644 timed_calls=17721 period=127 timed_us=33205
subsystem_time: stage=rom_copy calls=672 timed_calls=672 period=1 timed_us=2892
subsystem_time: stage=present calls=599 timed_calls=599 period=1 timed_us=5793
subsystem_time: stage=limiter calls=573 timed_calls=573 period=1 timed_us=6168131
subsystem_time: stage=vm_fault calls=0 timed_calls=0 period=1 timed_us=0
subsystem_time: stage=vm_victim calls=0 timed_calls=0 period=1 timed_us=0
subsystem_time: stage=vm_read calls=0 timed_calls=0 period=1 timed_us=0
subsystem_time: stage=vm_write calls=0 timed_calls=0 period=1 timed_us=0
subsystem_time: stage=tex_hash calls=10154 timed_calls=10154 period=1 timed_us=130916
subsystem_time: stage=tex_lookup calls=10154 timed_calls=10154 period=1 timed_us=1603
subsystem_time: stage=tex_load calls=37 timed_calls=37 period=1 timed_us=3562
subsystem_time: stage=tex_activate calls=10154 timed_calls=10154 period=1 timed_us=5290
subsystem_time: stage=draw_triangles calls=37078 timed_calls=37078 period=1 timed_us=90945
subsystem_time: stage=draw_rect calls=810 timed_calls=810 period=1 timed_us=5029
subsystem_time: stage=gfx_list calls=176 timed_calls=176 period=1 timed_us=662568
subsystem_time: stage=gfx_command calls=440445 timed_calls=3468 period=127 timed_us=5165
subsystem_time: stage=vertex calls=429894 timed_calls=3384 period=127 timed_us=1132
subsystem_time: stage=gfx_state calls=25762 timed_calls=202 period=127 timed_us=1279
subsystem_time: stage=gx_wait calls=0 timed_calls=0 period=1 timed_us=0
subsystem_time: stage=dma_pi calls=672 timed_calls=672 period=1 timed_us=24654
subsystem_time: stage=dma_sp calls=1502 timed_calls=1502 period=1 timed_us=555
subsystem_time: stage=dma_si calls=821 timed_calls=821 period=1 timed_us=4516
subsystem_time: stage=tlb_translate calls=200897 timed_calls=1581 period=127 timed_us=115
subsystem_time: stage=pif calls=822 timed_calls=822 period=1 timed_us=4308
subsystem_time: stage=input calls=704 timed_calls=704 period=1 timed_us=3955
subsystem_time: stage=guest_interrupt calls=4393 timed_calls=4393 period=1 timed_us=6178850
subsystem_time: stage=interpreter_inclusive calls=0 timed_calls=0 period=1 timed_us=0
subsystem_time: stage=audio_submit calls=576 timed_calls=576 period=1 timed_us=1614
subsystem_time: stage=audio_callback calls=6199 timed_calls=6199 period=1 timed_us=1673
subsystem_time: stage=memory_slow calls=404933 timed_calls=3188 period=127 timed_us=3611
subsystem_time: stage=jit_invalidate calls=4408 timed_calls=34 period=127 timed_us=5
audio_time: stage=resample sampled_calls=37 sampled_samples=4800 sampled_us=408
audio_time: stage=zoh sampled_calls=0 sampled_samples=0 sampled_us=0
audio_time: stage=adpcm sampled_calls=34 sampled_samples=3632 sampled_us=267
audio_time: stage=envmix_exp sampled_calls=32 sampled_samples=4264 sampled_us=530
audio_time: stage=envmix_ge sampled_calls=0 sampled_samples=0 sampled_us=0
audio_time: stage=envmix_lin sampled_calls=0 sampled_samples=0 sampled_us=0
audio_time: stage=envmix_nead sampled_calls=0 sampled_samples=0 sampled_us=0
audio_time: stage=mix sampled_calls=18 sampled_samples=5760 sampled_us=119
audio_time: stage=musyx_voice sampled_calls=0 sampled_samples=0 sampled_us=0
audio_time: stage=musyx_fx sampled_calls=0 sampled_samples=0 sampled_us=0
audio_time: stage=output sampled_calls=4 sampled_samples=2144 sampled_us=9
game: n=2/2 how=vis vis=600 vi_rate=60 vi0_retrace=3075 wall_us=10007140 sleep_us=6167404 avg_vis=57.38 avg_fps=22.56 exceptions=3756 cacheResets=1 recompiles=927 batches=37078 verts=617781 texStalls=0 treeDepthMax=14 underruns=6 overruns=0 queue_peak_ms=97 dsp_avg=3.48 dsp_peak=4.70 pmc1=7292555390 pmc2=0 pmc3=0 pmc4=0 mmcr0=00000042 mmcr1=00000000 heap_used=10849464 heap_free=34760 arena1_free=565248 arena2_free=577472 flushes=3 flush_us=2142 padtrace=0 rom=sd:/wii64/roms/Super Mario 64.v64
=== chain 2/2 end vis=600 how=vis rom=sd:/wii64/roms/Super Mario 64.v64 ===
