--- wii64 perf log ---
mark: diag received dynacore line
mark: diag requested core: dynarec
mark: pad replay records: 1
selftest:
  raw[0]=51282976673429087
  raw[1]=51282976673429088
  raw[2]=51282976673429101
  raw[3]=51282976673429113
  raw[4]=51282976673429126
  delta[0]=0us
  delta[1]=0us
  delta[2]=0us
  delta[3]=0us
mark: audio quality: accurate
mark: audio modes: n64=0 output=0 mixer=0 latency=2 sync=0
mark: diag applied core: dynarec
mark: HBC agent ready
mark: loadROM: enter
mark: loadROM: before rom_read
mark: ROMCache_load: enter
menufps: 0.4
mark: ROMCache_load: before first read
mark: ROMCache_load: first read returned
mark: ROMCache_load: byte_swap_type set
mark: ROMCache_load: first byte_swap done
menufps: 0.2
menufps: 55.1
menufps: 1.4
menufps: 1.4
menufps: 1.4
menufps: 1.4
menufps: 1.4
menufps: 1.4
menufps: 1.4
menufps: 21.4
mark: ROMCache_load: loop exited normally
mark: ROMCache_load: preflush_us=17876544 writes=2040 bytes=16711680
mark: ROMCache_load: elapsed_us=34383748 bytes=33554432 vm=1
mark: loadROM: after rom_read
mark: loadROM: before init_memory
mark: loadROM: after init_memory
mark: loadROM: before romOpen_gfx
mark: loadROM: after romOpen_gfx / before romOpen_audio
mark: loadROM: after romOpen_audio / before romOpen_input
mark: loadROM: after romOpen_input / before cpu_init
mark: loadROM: after cpu_init
menufps: 0.8
menufps: 0.7
fps: 0.0
first_vi: vi0_retrace=2247
vis: 0.0
cpu: exceptions=0 cacheResets=0 batches=0 verts=0 texStalls=0 recompiles=0 underruns=0 overruns=0 sleep_us=0 queue_ms=0
mark: CPU core dispatch: dynarec
vis: 60.0
cpu: exceptions=34 cacheResets=1 batches=0 verts=0 texStalls=0 recompiles=82 underruns=0 overruns=0 sleep_us=283184 queue_ms=0
vis: 60.0
cpu: exceptions=64 cacheResets=1 batches=0 verts=0 texStalls=0 recompiles=82 underruns=0 overruns=0 sleep_us=592540 queue_ms=0
vis: 60.0
cpu: exceptions=94 cacheResets=1 batches=0 verts=0 texStalls=0 recompiles=82 underruns=0 overruns=0 sleep_us=899935 queue_ms=0
vis: 60.0
cpu: exceptions=207 cacheResets=1 batches=0 verts=0 texStalls=0 recompiles=182 underruns=0 overruns=0 sleep_us=1136641 queue_ms=0
vis: 60.0
cpu: exceptions=247 cacheResets=1 batches=0 verts=0 texStalls=0 recompiles=188 underruns=0 overruns=0 sleep_us=1392915 queue_ms=0
vis: 60.0
cpu: exceptions=289 cacheResets=1 batches=0 verts=0 texStalls=0 recompiles=188 underruns=0 overruns=0 sleep_us=1645738 queue_ms=0
vis: 60.0
cpu: exceptions=319 cacheResets=1 batches=0 verts=0 texStalls=0 recompiles=188 underruns=0 overruns=0 sleep_us=1896886 queue_ms=0
vis: 60.0
cpu: exceptions=396 cacheResets=1 batches=0 verts=0 texStalls=0 recompiles=314 underruns=2 overruns=0 sleep_us=2317424 queue_ms=24
vis: 60.0
cpu: exceptions=473 cacheResets=1 batches=0 verts=0 texStalls=0 recompiles=323 underruns=2 overruns=0 sleep_us=2766517 queue_ms=15
vis: 60.0
cpu: exceptions=548 cacheResets=1 batches=0 verts=0 texStalls=0 recompiles=323 underruns=2 overruns=0 sleep_us=3220002 queue_ms=19
vis: 60.0
cpu: exceptions=747 cacheResets=1 batches=0 verts=0 texStalls=0 recompiles=434 underruns=3 overruns=0 sleep_us=3408112 queue_ms=37
vis: 60.0
cpu: exceptions=973 cacheResets=1 batches=0 verts=0 texStalls=0 recompiles=434 underruns=3 overruns=0 sleep_us=3583277 queue_ms=41
vis: 60.0
cpu: exceptions=1160 cacheResets=1 batches=0 verts=0 texStalls=0 recompiles=448 underruns=3 overruns=0 sleep_us=3784940 queue_ms=33
vis: 59.0
cpu: exceptions=1397 cacheResets=1 batches=0 verts=0 texStalls=0 recompiles=515 underruns=3 overruns=0 sleep_us=3949624 queue_ms=24
vis: 60.0
cpu: exceptions=1696 cacheResets=1 batches=650 verts=9246 texStalls=0 recompiles=1254 underruns=5 overruns=0 sleep_us=4088653 queue_ms=120
fps: 31.4
vis: 60.0
cpu: exceptions=1970 cacheResets=1 batches=1535 verts=21576 texStalls=0 recompiles=1255 underruns=5 overruns=0 sleep_us=4444945 queue_ms=124
fps: 30.0
vis: 60.0
cpu: exceptions=2247 cacheResets=1 batches=2420 verts=33906 texStalls=0 recompiles=1276 underruns=5 overruns=0 sleep_us=4791347 queue_ms=128
fps: 30.0
vis: 60.0
cpu: exceptions=2524 cacheResets=1 batches=3305 verts=46236 texStalls=0 recompiles=1279 underruns=5 overruns=0 sleep_us=5161123 queue_ms=120
fps: 30.0
vis: 60.0
cpu: exceptions=2799 cacheResets=1 batches=4190 verts=58566 texStalls=0 recompiles=1280 underruns=5 overruns=0 sleep_us=5531151 queue_ms=124
fps: 30.0
vis: 60.0
cpu: exceptions=3085 cacheResets=1 batches=5075 verts=70896 texStalls=0 recompiles=1300 underruns=5 overruns=0 sleep_us=5880668 queue_ms=128
fps: 30.0
vis: 60.0
cpu: exceptions=3368 cacheResets=1 batches=5960 verts=83226 texStalls=0 recompiles=1300 underruns=5 overruns=0 sleep_us=6229649 queue_ms=120
fps: 30.0
vis: 60.0
cpu: exceptions=3648 cacheResets=1 batches=6845 verts=95556 texStalls=0 recompiles=1302 underruns=5 overruns=0 sleep_us=6585317 queue_ms=124
fps: 30.0
vis: 60.0
cpu: exceptions=3929 cacheResets=1 batches=7691 verts=107406 texStalls=0 recompiles=1351 underruns=5 overruns=0 sleep_us=6940239 queue_ms=128
fps: 30.1
vis: 60.0
cpu: exceptions=4202 cacheResets=1 batches=7991 verts=112536 texStalls=0 recompiles=1366 underruns=5 overruns=0 sleep_us=7318044 queue_ms=120
fps: 30.0
vis: 60.0
cpu: exceptions=4356 cacheResets=1 batches=8098 verts=115719 texStalls=0 recompiles=1383 underruns=5 overruns=0 sleep_us=7682015 queue_ms=124
fps: 30.0
vis: 60.0
cpu: exceptions=4503 cacheResets=1 batches=8503 verts=142944 texStalls=0 recompiles=1384 underruns=5 overruns=0 sleep_us=8042114 queue_ms=128
fps: 30.0
vis: 60.0
cpu: exceptions=4651 cacheResets=1 batches=8908 verts=170169 texStalls=0 recompiles=1386 underruns=5 overruns=0 sleep_us=8407991 queue_ms=133
fps: 30.0
vis: 60.0
cpu: exceptions=4798 cacheResets=1 batches=9313 verts=197394 texStalls=0 recompiles=1387 underruns=5 overruns=0 sleep_us=8787189 queue_ms=124
fps: 30.0
vis: 60.0
cpu: exceptions=4944 cacheResets=1 batches=9718 verts=224619 texStalls=0 recompiles=1387 underruns=5 overruns=0 sleep_us=9160256 queue_ms=128
fps: 30.0
vis: 60.0
cpu: exceptions=5094 cacheResets=1 batches=10123 verts=251844 texStalls=0 recompiles=1389 underruns=5 overruns=0 sleep_us=9526212 queue_ms=133
fps: 30.0
vis: 60.0
cpu: exceptions=5252 cacheResets=1 batches=10528 verts=279069 texStalls=0 recompiles=1410 underruns=5 overruns=0 sleep_us=9867948 queue_ms=137
fps: 29.9
vis: 60.0
cpu: exceptions=5400 cacheResets=1 batches=11263 verts=312504 texStalls=0 recompiles=1413 underruns=5 overruns=0 sleep_us=10123482 queue_ms=128
fps: 30.0
vis: 60.0
cpu: exceptions=5547 cacheResets=1 batches=11998 verts=345939 texStalls=0 recompiles=1427 underruns=5 overruns=0 sleep_us=10402451 queue_ms=133
fps: 30.0
vis: 60.0
cpu: exceptions=5696 cacheResets=1 batches=12733 verts=379374 texStalls=0 recompiles=1428 underruns=5 overruns=0 sleep_us=10674697 queue_ms=137
fps: 30.0
vis: 60.0
cpu: exceptions=5842 cacheResets=1 batches=13468 verts=412809 texStalls=0 recompiles=1428 underruns=5 overruns=0 sleep_us=10936016 queue_ms=128
fps: 16.0
vis: 60.0
cpu: exceptions=6085 cacheResets=1 batches=13517 verts=415038 texStalls=0 recompiles=1521 underruns=5 overruns=0 sleep_us=11133796 queue_ms=133
vis: 60.0
cpu: exceptions=6309 cacheResets=1 batches=13517 verts=415038 texStalls=0 recompiles=1624 underruns=5 overruns=0 sleep_us=11284468 queue_ms=137
fps: 1.2
vis: 60.0
cpu: exceptions=6421 cacheResets=1 batches=14419 verts=437046 texStalls=0 recompiles=1668 underruns=5 overruns=0 sleep_us=11457096 queue_ms=141
fps: 24.4
vis: 60.0
cpu: exceptions=6563 cacheResets=1 batches=14749 verts=442356 texStalls=0 recompiles=1670 underruns=5 overruns=0 sleep_us=11760188 queue_ms=133
fps: 29.9
vis: 60.0
cpu: exceptions=6706 cacheResets=1 batches=15366 verts=455895 texStalls=0 recompiles=1672 underruns=5 overruns=0 sleep_us=12071442 queue_ms=137
fps: 29.9
vis: 60.0
cpu: exceptions=6850 cacheResets=1 batches=17136 verts=502380 texStalls=0 recompiles=1672 underruns=5 overruns=0 sleep_us=12350023 queue_ms=141
fps: 30.0
vis: 60.0
cpu: exceptions=6996 cacheResets=1 batches=18906 verts=548865 texStalls=0 recompiles=1673 underruns=5 overruns=0 sleep_us=12627264 queue_ms=133
fps: 30.1
vis: 60.0
cpu: exceptions=7138 cacheResets=1 batches=19619 verts=565149 texStalls=0 recompiles=1673 underruns=5 overruns=0 sleep_us=12936667 queue_ms=137
fps: 30.0
vis: 60.0
cpu: exceptions=7279 cacheResets=1 batches=19949 verts=570459 texStalls=0 recompiles=1673 underruns=5 overruns=0 sleep_us=13258061 queue_ms=141
fps: 29.4
vis: 60.0
cpu: exceptions=7428 cacheResets=1 batches=22519 verts=651978 texStalls=0 recompiles=1690 underruns=5 overruns=0 sleep_us=13481837 queue_ms=133
fps: 30.0
vis: 60.0
cpu: exceptions=7576 cacheResets=1 batches=27649 verts=820593 texStalls=0 recompiles=1690 underruns=5 overruns=0 sleep_us=13612093 queue_ms=137
fps: 30.0
vis: 60.0
cpu: exceptions=7721 cacheResets=1 batches=32779 verts=989208 texStalls=0 recompiles=1690 underruns=5 overruns=0 sleep_us=13746041 queue_ms=141
fps: 30.0
vis: 60.0
cpu: exceptions=7866 cacheResets=1 batches=37909 verts=1157823 texStalls=0 recompiles=1690 underruns=5 overruns=0 sleep_us=13881581 queue_ms=146
fps: 30.0
vis: 60.0
cpu: exceptions=8011 cacheResets=1 batches=42953 verts=1324974 texStalls=0 recompiles=1690 underruns=5 overruns=0 sleep_us=14029758 queue_ms=137
fps: 30.0
vis: 60.0
cpu: exceptions=8159 cacheResets=1 batches=48053 verts=1493229 texStalls=0 recompiles=1691 underruns=5 overruns=0 sleep_us=14166422 queue_ms=141
fps: 30.0
vis: 60.0
cpu: exceptions=8303 cacheResets=1 batches=53153 verts=1661484 texStalls=0 recompiles=1691 underruns=5 overruns=0 sleep_us=14308173 queue_ms=146
fps: 30.0
vis: 60.0
cpu: exceptions=8448 cacheResets=1 batches=58253 verts=1829739 texStalls=0 recompiles=1691 underruns=5 overruns=0 sleep_us=14446647 queue_ms=150
fps: 30.0
vis: 60.0
cpu: exceptions=8596 cacheResets=1 batches=63397 verts=1998060 texStalls=0 recompiles=1691 underruns=5 overruns=0 sleep_us=14582802 queue_ms=141
fps: 30.0
vis: 60.0
cpu: exceptions=8742 cacheResets=1 batches=68557 verts=2166405 texStalls=0 recompiles=1691 underruns=5 overruns=0 sleep_us=14711697 queue_ms=146
fps: 30.0
vis: 60.0
cpu: exceptions=8886 cacheResets=1 batches=73717 verts=2334750 texStalls=0 recompiles=1691 underruns=5 overruns=0 sleep_us=14851090 queue_ms=150
fps: 30.0
vis: 60.0
cpu: exceptions=9034 cacheResets=1 batches=78863 verts=2503011 texStalls=0 recompiles=1691 underruns=5 overruns=0 sleep_us=14985154 queue_ms=141
fps: 30.0
vis: 60.0
cpu: exceptions=9179 cacheResets=1 batches=83993 verts=2671176 texStalls=0 recompiles=1691 underruns=5 overruns=0 sleep_us=15121288 queue_ms=146
fps: 30.0
vis: 60.0
cpu: exceptions=9323 cacheResets=1 batches=89123 verts=2839341 texStalls=0 recompiles=1691 underruns=5 overruns=0 sleep_us=15253284 queue_ms=150
fps: 30.0
vis: 60.0
cpu: exceptions=9469 cacheResets=1 batches=94253 verts=3007506 texStalls=0 recompiles=1691 underruns=5 overruns=0 sleep_us=15390449 queue_ms=154
fps: 30.0
mark: stop reason: chain guest VI limit
mark: stop_it requested
audio: alist_resample_calls=23575 alist_resample_samples=4337800 alist_zoh_calls=0 alist_zoh_samples=0 musyx_subframes=0 musyx_voices=0 musyx_voice_peak=0
audio_stages: adpcm_calls=14419 adpcm_samples=1667152 envmix_calls=17229 envmix_samples=3170136 mix_calls=126920 mix_samples=23353280 musyx_fx_calls=0 musyx_fx_taps=0 output_calls=792 output_samples=583096
audio_envmix: exp_calls=0 ge_calls=0 lin_calls=17229 nead_calls=0 exp_steady=0 ge_steady=0 lin_steady=15522
audio_gaps: nead_mats=0 nead_efz=0 resample_flag2=0 musyx_ptr10=0
audio_output: stream_requests=5473 stream_fed=2014 input_hz=22047 playback_hz=22047 queue_peak_ms=186
vm_io: read_ahead=1 reads=100 hits=313 read_bytes=3276800 writes=0 write_bytes=0 errors=0
subsystem_time: stage=rsp_gfx calls=650 timed_calls=650 period=1 timed_us=3037216
subsystem_time: stage=rsp_audio calls=793 timed_calls=793 period=1 timed_us=1582940
subsystem_time: stage=rsp_other calls=1 timed_calls=1 period=1 timed_us=0
subsystem_time: stage=lookup calls=4474679 timed_calls=35233 period=127 timed_us=2764
subsystem_time: stage=compile calls=1694 timed_calls=1694 period=1 timed_us=308496
subsystem_time: stage=dispatch calls=4471848 timed_calls=35211 period=127 timed_us=13776
subsystem_time: stage=execute_inclusive calls=4471848 timed_calls=35211 period=127 timed_us=183522
subsystem_time: stage=rom_copy calls=2082 timed_calls=2082 period=1 timed_us=401377
subsystem_time: stage=present calls=1799 timed_calls=1799 period=1 timed_us=164699
subsystem_time: stage=limiter calls=1701 timed_calls=1701 period=1 timed_us=15518078
subsystem_time: stage=vm_fault calls=413 timed_calls=413 period=1 timed_us=393765
subsystem_time: stage=vm_victim calls=413 timed_calls=413 period=1 timed_us=102
subsystem_time: stage=vm_read calls=100 timed_calls=100 period=1 timed_us=391767
subsystem_time: stage=vm_write calls=0 timed_calls=0 period=1 timed_us=0
subsystem_time: stage=tex_hash calls=60704 timed_calls=60704 period=1 timed_us=649901
subsystem_time: stage=tex_lookup calls=60704 timed_calls=60704 period=1 timed_us=18116
subsystem_time: stage=tex_load calls=193 timed_calls=193 period=1 timed_us=21143
subsystem_time: stage=tex_activate calls=60704 timed_calls=60704 period=1 timed_us=29715
subsystem_time: stage=draw_triangles calls=99045 timed_calls=99045 period=1 timed_us=355181
subsystem_time: stage=draw_rect calls=4196 timed_calls=4196 period=1 timed_us=23483
subsystem_time: stage=gfx_list calls=650 timed_calls=650 period=1 timed_us=3037047
subsystem_time: stage=gfx_command calls=1695593 timed_calls=13351 period=127 timed_us=24129
subsystem_time: stage=vertex calls=1229827 timed_calls=9683 period=127 timed_us=4336
subsystem_time: stage=gfx_state calls=119018 timed_calls=937 period=127 timed_us=7040
subsystem_time: stage=gx_wait calls=0 timed_calls=0 period=1 timed_us=0
subsystem_time: stage=dma_pi calls=2082 timed_calls=2082 period=1 timed_us=434705
subsystem_time: stage=dma_sp calls=2886 timed_calls=2886 period=1 timed_us=911
subsystem_time: stage=dma_si calls=1763 timed_calls=1763 period=1 timed_us=20884
subsystem_time: stage=tlb_translate calls=0 timed_calls=0 period=127 timed_us=0
subsystem_time: stage=pif calls=1764 timed_calls=1764 period=1 timed_us=20617
subsystem_time: stage=input calls=2036 timed_calls=2036 period=1 timed_us=19541
subsystem_time: stage=guest_interrupt calls=11059 timed_calls=11059 period=1 timed_us=15692984
subsystem_time: stage=interpreter_inclusive calls=0 timed_calls=0 period=1 timed_us=0
subsystem_time: stage=audio_submit calls=793 timed_calls=793 period=1 timed_us=2718
subsystem_time: stage=audio_callback calls=19095 timed_calls=19095 period=1 timed_us=3266
subsystem_time: stage=memory_slow calls=1927392 timed_calls=15176 period=127 timed_us=28810
subsystem_time: stage=jit_invalidate calls=2831 timed_calls=22 period=127 timed_us=3
audio_time: stage=resample sampled_calls=185 sampled_samples=34040 sampled_us=2728
audio_time: stage=zoh sampled_calls=0 sampled_samples=0 sampled_us=0
audio_time: stage=adpcm sampled_calls=113 sampled_samples=13392 sampled_us=1024
audio_time: stage=envmix_exp sampled_calls=0 sampled_samples=0 sampled_us=0
audio_time: stage=envmix_ge sampled_calls=0 sampled_samples=0 sampled_us=0
audio_time: stage=envmix_lin sampled_calls=135 sampled_samples=24840 sampled_us=3193
audio_time: stage=envmix_nead sampled_calls=0 sampled_samples=0 sampled_us=0
audio_time: stage=mix sampled_calls=999 sampled_samples=183816 sampled_us=3902
audio_time: stage=musyx_voice sampled_calls=0 sampled_samples=0 sampled_us=0
audio_time: stage=musyx_fx sampled_calls=0 sampled_samples=0 sampled_us=0
audio_time: stage=output sampled_calls=6 sampled_samples=4416 sampled_us=18
game: n=1/1 how=vis vis=1800 vi_rate=60 vi0_retrace=2247 wall_us=30288023 sleep_us=15515817 avg_vis=58.98 avg_fps=28.27 exceptions=9606 cacheResets=1 recompiles=1694 batches=99045 verts=3164580 texStalls=0 treeDepthMax=17 underruns=5 overruns=0 queue_peak_ms=154 dsp_avg=3.77 dsp_peak=4.65 pmc1=22071788043 pmc2=0 pmc3=0 pmc4=0 mmcr0=00000042 mmcr1=00000000 heap_used=10905528 heap_free=34728 arena1_free=512000 arena2_free=577472 flushes=5 flush_us=3503 padtrace=4 rom=sd:/wii64/roms/Donkey Kong 64 (USA).z64
=== chain 1/1 end vis=1800 how=vis rom=sd:/wii64/roms/Donkey Kong 64 (USA).z64 ===
