--- wii64 perf log ---
mark: diag config: wiiload arguments
mark: wiiload dynacore argument received
mark: diag received dynacore line
mark: diag requested core: dynarec
mark: pad replay records: 1
selftest:
  raw[0]=51279848603949548
  raw[1]=51279848603949548
  raw[2]=51279848603949564
  raw[3]=51279848603949575
  raw[4]=51279848603949585
  delta[0]=0us
  delta[1]=0us
  delta[2]=0us
  delta[3]=0us
mark: audio quality: accurate
mark: audio modes: n64=0 output=0 mixer=0 latency=2 sync=0
mark: diag applied core: dynarec
mark: HBC agent ready
mark: loadROM: enter
mark: loadROM: before rom_read
mark: ROMCache_load: enter
mark: ROMCache_load: before first read
mark: ROMCache_load: first read returned
mark: ROMCache_load: byte_swap_type set
mark: ROMCache_load: first byte_swap done
menufps: 10.3
menufps: 8.1
menufps: 7.9
mark: ROMCache_load: loop exited normally
mark: ROMCache_load: elapsed_us=1945803 bytes=8388608 vm=0
mark: loadROM: after rom_read
mark: loadROM: before init_memory
mark: loadROM: after init_memory
mark: loadROM: before romOpen_gfx
mark: loadROM: after romOpen_gfx / before romOpen_audio
mark: loadROM: after romOpen_audio / before romOpen_input
mark: loadROM: after romOpen_input / before cpu_init
mark: loadROM: after cpu_init
menufps: 1.2
fps: 0.1
first_vi: vi0_retrace=318
vis: 0.1
cpu: exceptions=0 cacheResets=0 batches=0 verts=0 texStalls=0 recompiles=0 underruns=0 overruns=0 sleep_us=0 queue_ms=0
mark: CPU core dispatch: dynarec
vis: 60.0
cpu: exceptions=240 cacheResets=1 batches=0 verts=0 texStalls=0 recompiles=189 underruns=1 overruns=0 sleep_us=264328 queue_ms=91
vis: 60.0
cpu: exceptions=540 cacheResets=1 batches=0 verts=0 texStalls=0 recompiles=198 underruns=1 overruns=0 sleep_us=744766 queue_ms=96
vis: 60.0
cpu: exceptions=840 cacheResets=1 batches=0 verts=0 texStalls=0 recompiles=204 underruns=1 overruns=0 sleep_us=1225226 queue_ms=93
vis: 60.0
cpu: exceptions=1134 cacheResets=1 batches=0 verts=0 texStalls=0 recompiles=204 underruns=1 overruns=0 sleep_us=1706217 queue_ms=88
fps: 0.5
vis: 60.0
cpu: exceptions=1429 cacheResets=1 batches=414 verts=9387 texStalls=0 recompiles=468 underruns=2 overruns=0 sleep_us=2056913 queue_ms=11
fps: 20.0
vis: 60.0
cpu: exceptions=1586 cacheResets=1 batches=2484 verts=56322 texStalls=0 recompiles=475 underruns=2 overruns=0 sleep_us=2478486 queue_ms=9
fps: 30.0
vis: 60.0
cpu: exceptions=1750 cacheResets=1 batches=4554 verts=103257 texStalls=0 recompiles=478 underruns=2 overruns=0 sleep_us=2898928 queue_ms=15
fps: 30.0
vis: 60.0
cpu: exceptions=1892 cacheResets=1 batches=6624 verts=150192 texStalls=0 recompiles=478 underruns=2 overruns=0 sleep_us=3328232 queue_ms=11
fps: 30.0
vis: 60.0
cpu: exceptions=2034 cacheResets=1 batches=8694 verts=197127 texStalls=0 recompiles=478 underruns=2 overruns=0 sleep_us=3757217 queue_ms=16
fps: 30.0
vis: 60.0
cpu: exceptions=2176 cacheResets=1 batches=10767 verts=244080 texStalls=0 recompiles=489 underruns=2 overruns=0 sleep_us=4184994 queue_ms=13
fps: 30.0
vis: 60.0
cpu: exceptions=2317 cacheResets=1 batches=12574 verts=284835 texStalls=0 recompiles=498 underruns=2 overruns=0 sleep_us=4617246 queue_ms=9
vis: 60.0
cpu: exceptions=2636 cacheResets=1 batches=12574 verts=284835 texStalls=0 recompiles=675 underruns=3 overruns=0 sleep_us=4831947 queue_ms=23
vis: 60.0
cpu: exceptions=2726 cacheResets=1 batches=12574 verts=284835 texStalls=0 recompiles=733 underruns=3 overruns=0 sleep_us=5075397 queue_ms=19
vis: 60.0
cpu: exceptions=2816 cacheResets=1 batches=12574 verts=284835 texStalls=0 recompiles=784 underruns=3 overruns=0 sleep_us=5372169 queue_ms=25
fps: 4.9
vis: 60.0
cpu: exceptions=2959 cacheResets=1 batches=13906 verts=302151 texStalls=0 recompiles=910 underruns=5 overruns=0 sleep_us=5640545 queue_ms=8
fps: 15.2
vis: 60.0
cpu: exceptions=3116 cacheResets=1 batches=18792 verts=366432 texStalls=0 recompiles=910 underruns=5 overruns=0 sleep_us=5819402 queue_ms=13
fps: 30.0
vis: 60.0
cpu: exceptions=3271 cacheResets=1 batches=23669 verts=430407 texStalls=0 recompiles=927 underruns=5 overruns=0 sleep_us=5997641 queue_ms=8
fps: 30.0
vis: 60.0
cpu: exceptions=3434 cacheResets=1 batches=28533 verts=494286 texStalls=0 recompiles=927 underruns=5 overruns=0 sleep_us=6176026 queue_ms=14
fps: 30.0
vis: 60.0
cpu: exceptions=3589 cacheResets=1 batches=33398 verts=558171 texStalls=0 recompiles=927 underruns=5 overruns=0 sleep_us=6364283 queue_ms=10
fps: 29.1
vis: 60.0
cpu: exceptions=3760 cacheResets=1 batches=38259 verts=622032 texStalls=0 recompiles=927 underruns=7 overruns=0 sleep_us=6538375 queue_ms=15
fps: 29.9
vis: 60.0
cpu: exceptions=3972 cacheResets=1 batches=43125 verts=685923 texStalls=0 recompiles=928 underruns=7 overruns=0 sleep_us=6698803 queue_ms=12
fps: 30.0
vis: 60.0
cpu: exceptions=4195 cacheResets=1 batches=47994 verts=749832 texStalls=0 recompiles=928 underruns=7 overruns=0 sleep_us=6844975 queue_ms=8
fps: 30.0
vis: 60.0
cpu: exceptions=4422 cacheResets=1 batches=52850 verts=813663 texStalls=0 recompiles=928 underruns=7 overruns=0 sleep_us=6993985 queue_ms=13
fps: 30.0
vis: 60.0
cpu: exceptions=4642 cacheResets=1 batches=57725 verts=877608 texStalls=0 recompiles=928 underruns=7 overruns=0 sleep_us=7144623 queue_ms=9
fps: 30.0
vis: 60.0
cpu: exceptions=4856 cacheResets=1 batches=62583 verts=941451 texStalls=0 recompiles=928 underruns=7 overruns=0 sleep_us=7300905 queue_ms=15
fps: 30.0
vis: 60.0
cpu: exceptions=5075 cacheResets=1 batches=67452 verts=1005360 texStalls=0 recompiles=928 underruns=7 overruns=0 sleep_us=7454800 queue_ms=10
fps: 30.0
vis: 60.0
cpu: exceptions=5292 cacheResets=1 batches=72318 verts=1069251 texStalls=0 recompiles=928 underruns=7 overruns=0 sleep_us=7606941 queue_ms=16
fps: 30.0
vis: 60.0
cpu: exceptions=5518 cacheResets=1 batches=77188 verts=1133166 texStalls=0 recompiles=928 underruns=7 overruns=0 sleep_us=7754789 queue_ms=13
fps: 30.0
vis: 60.0
cpu: exceptions=5751 cacheResets=1 batches=82049 verts=1197027 texStalls=0 recompiles=928 underruns=7 overruns=0 sleep_us=7899887 queue_ms=17
fps: 30.0
mark: stop reason: chain guest VI limit
mark: stop_it requested
vis: 57.5
cpu: exceptions=5977 cacheResets=1 batches=86588 verts=1256643 texStalls=0 recompiles=928 underruns=8 overruns=0 sleep_us=8034496 queue_ms=7
audio: alist_resample_calls=16766 alist_resample_samples=2210288 alist_zoh_calls=0 alist_zoh_samples=0 musyx_subframes=0 musyx_voices=0 musyx_voice_peak=0
audio_stages: adpcm_calls=16492 adpcm_samples=2666048 envmix_calls=16200 envmix_samples=2161744 mix_calls=3500 mix_samples=1120000 musyx_fx_calls=0 musyx_fx_taps=0 output_calls=876 output_samples=467088
audio_envmix: exp_calls=16200 ge_calls=0 lin_calls=0 nead_calls=0 exp_steady=13256 ge_steady=0 lin_steady=0
audio_gaps: nead_mats=0 nead_efz=0 resample_flag2=0 musyx_ptr10=0
audio_output: stream_requests=3324 stream_fed=1621 input_hz=32006 playback_hz=32006 queue_peak_ms=114
vm_io: read_ahead=1 reads=0 hits=0 read_bytes=0 writes=0 write_bytes=0 errors=0
subsystem_time: stage=rsp_gfx calls=326 timed_calls=326 period=1 timed_us=1476451
subsystem_time: stage=rsp_audio calls=875 timed_calls=875 period=1 timed_us=429125
subsystem_time: stage=rsp_other calls=0 timed_calls=0 period=1 timed_us=0
subsystem_time: stage=lookup calls=4328676 timed_calls=34084 period=127 timed_us=5007
subsystem_time: stage=compile calls=928 timed_calls=928 period=1 timed_us=105240
subsystem_time: stage=dispatch calls=4324118 timed_calls=34048 period=127 timed_us=10351
subsystem_time: stage=execute_inclusive calls=4324118 timed_calls=34048 period=127 timed_us=42805
subsystem_time: stage=rom_copy calls=1548 timed_calls=1548 period=1 timed_us=25109
subsystem_time: stage=present calls=899 timed_calls=899 period=1 timed_us=18478
subsystem_time: stage=limiter calls=880 timed_calls=880 period=1 timed_us=8037002
subsystem_time: stage=vm_fault calls=0 timed_calls=0 period=1 timed_us=0
subsystem_time: stage=vm_victim calls=0 timed_calls=0 period=1 timed_us=0
subsystem_time: stage=vm_read calls=0 timed_calls=0 period=1 timed_us=0
subsystem_time: stage=vm_write calls=0 timed_calls=0 period=1 timed_us=0
subsystem_time: stage=tex_hash calls=29106 timed_calls=29106 period=1 timed_us=282690
subsystem_time: stage=tex_lookup calls=29106 timed_calls=29106 period=1 timed_us=6047
subsystem_time: stage=tex_load calls=37 timed_calls=37 period=1 timed_us=2221
subsystem_time: stage=tex_activate calls=29106 timed_calls=29106 period=1 timed_us=12921
subsystem_time: stage=draw_triangles calls=86588 timed_calls=86588 period=1 timed_us=198348
subsystem_time: stage=draw_rect calls=2010 timed_calls=2010 period=1 timed_us=14798
audio_time: stage=resample sampled_calls=132 sampled_samples=17488 sampled_us=747
audio_time: stage=zoh sampled_calls=0 sampled_samples=0 sampled_us=0
audio_time: stage=adpcm sampled_calls=129 sampled_samples=20784 sampled_us=856
audio_time: stage=envmix_exp sampled_calls=127 sampled_samples=16960 sampled_us=1170
audio_time: stage=envmix_ge sampled_calls=0 sampled_samples=0 sampled_us=0
audio_time: stage=envmix_lin sampled_calls=0 sampled_samples=0 sampled_us=0
audio_time: stage=envmix_nead sampled_calls=0 sampled_samples=0 sampled_us=0
audio_time: stage=mix sampled_calls=27 sampled_samples=8640 sampled_us=148
audio_time: stage=musyx_voice sampled_calls=0 sampled_samples=0 sampled_us=0
audio_time: stage=musyx_fx sampled_calls=0 sampled_samples=0 sampled_us=0
audio_time: stage=output sampled_calls=6 sampled_samples=3200 sampled_us=58
game: n=1/3 how=vis vis=900 vi_rate=60 vi0_retrace=318 wall_us=15191934 sleep_us=8034496 avg_vis=57.98 avg_fps=25.40 exceptions=5978 cacheResets=1 recompiles=928 batches=86588 verts=1256643 texStalls=0 treeDepthMax=14 underruns=8 overruns=0 queue_peak_ms=96 dsp_avg=1.55 dsp_peak=1.80 pmc1=5059415065 pmc2=5027123338 pmc3=0 pmc4=0 mmcr0=00000042 mmcr1=00000000 heap_used=10848680 heap_free=36680 arena1_free=573440 arena2_free=577472 flushes=3 flush_us=35459 padtrace=4 rom=sd:/wii64/roms/Super Mario 64.v64
=== chain 1/3 end vis=900 how=vis rom=sd:/wii64/roms/Super Mario 64.v64 ===
mark: pad replay records: 1
mark: loadROM: enter
mark: loadROM: before rom_read
mark: ROMCache_load: enter
mark: ROMCache_load: before first read
mark: ROMCache_load: first read returned
mark: ROMCache_load: byte_swap_type set
mark: ROMCache_load: first byte_swap done
menufps: 0.1
menufps: 8.1
menufps: 8.0
menufps: 8.1
menufps: 8.1
menufps: 8.1
menufps: 8.0
mark: ROMCache_load: loop exited normally
mark: ROMCache_load: elapsed_us=3891345 bytes=16777216 vm=0
mark: loadROM: after rom_read
mark: loadROM: before init_memory
mark: loadROM: after init_memory
mark: loadROM: before romOpen_gfx
mark: loadROM: after romOpen_gfx / before romOpen_audio
mark: loadROM: after romOpen_audio / before romOpen_input
mark: loadROM: after romOpen_input / before cpu_init
mark: loadROM: after cpu_init
menufps: 5.3
menufps: 0.7
fps: 0.5
first_vi: vi0_retrace=1672
vis: 0.1
cpu: exceptions=0 cacheResets=0 batches=0 verts=0 texStalls=0 recompiles=0 underruns=0 overruns=0 sleep_us=0 queue_ms=0
mark: CPU core dispatch: dynarec
vis: 60.0
cpu: exceptions=37 cacheResets=1 batches=0 verts=0 texStalls=0 recompiles=138 underruns=0 overruns=0 sleep_us=53987 queue_ms=0
vis: 60.0
cpu: exceptions=67 cacheResets=1 batches=0 verts=0 texStalls=0 recompiles=138 underruns=0 overruns=0 sleep_us=396579 queue_ms=0
vis: 60.0
cpu: exceptions=368 cacheResets=1 batches=0 verts=0 texStalls=0 recompiles=390 underruns=0 overruns=0 sleep_us=693600 queue_ms=0
vis: 60.0
cpu: exceptions=570 cacheResets=1 batches=0 verts=0 texStalls=0 recompiles=668 underruns=2 overruns=0 sleep_us=1002536 queue_ms=17
fps: 0.4
vis: 60.0
cpu: exceptions=766 cacheResets=1 batches=44 verts=2262 texStalls=0 recompiles=1899 underruns=3 overruns=0 sleep_us=1175950 queue_ms=34
vis: 60.0
cpu: exceptions=919 cacheResets=1 batches=44 verts=2262 texStalls=0 recompiles=1913 underruns=3 overruns=0 sleep_us=1444886 queue_ms=39
fps: 1.3
vis: 60.0
cpu: exceptions=1111 cacheResets=1 batches=523 verts=18168 texStalls=0 recompiles=1999 underruns=3 overruns=0 sleep_us=1722143 queue_ms=30
fps: 30.0
vis: 60.0
cpu: exceptions=1290 cacheResets=1 batches=1367 verts=39522 texStalls=0 recompiles=2006 underruns=3 overruns=0 sleep_us=2010790 queue_ms=34
fps: 29.3
vis: 60.0
cpu: exceptions=1480 cacheResets=1 batches=2414 verts=62094 texStalls=0 recompiles=2009 underruns=3 overruns=0 sleep_us=2289416 queue_ms=26
fps: 30.0
vis: 60.0
cpu: exceptions=1657 cacheResets=1 batches=3477 verts=84762 texStalls=0 recompiles=2010 underruns=3 overruns=0 sleep_us=2569848 queue_ms=30
fps: 30.0
vis: 60.0
cpu: exceptions=1840 cacheResets=1 batches=4530 verts=107034 texStalls=0 recompiles=2012 underruns=3 overruns=0 sleep_us=2850501 queue_ms=34
fps: 30.0
vis: 60.0
cpu: exceptions=2031 cacheResets=1 batches=5594 verts=129078 texStalls=0 recompiles=2029 underruns=3 overruns=0 sleep_us=3126513 queue_ms=30
fps: 30.0
vis: 60.0
cpu: exceptions=2218 cacheResets=1 batches=6620 verts=150894 texStalls=0 recompiles=2029 underruns=3 overruns=0 sleep_us=3411039 queue_ms=22
fps: 30.0
vis: 60.0
cpu: exceptions=2399 cacheResets=1 batches=7874 verts=182286 texStalls=0 recompiles=2031 underruns=3 overruns=0 sleep_us=3665370 queue_ms=26
fps: 29.9
vis: 60.0
cpu: exceptions=2607 cacheResets=1 batches=9515 verts=221466 texStalls=0 recompiles=2036 underruns=3 overruns=0 sleep_us=3883219 queue_ms=30
fps: 30.0
vis: 60.0
cpu: exceptions=2786 cacheResets=1 batches=11160 verts=252474 texStalls=0 recompiles=2047 underruns=3 overruns=0 sleep_us=4116264 queue_ms=26
fps: 30.0
vis: 60.0
cpu: exceptions=2963 cacheResets=1 batches=12648 verts=277062 texStalls=0 recompiles=2063 underruns=3 overruns=0 sleep_us=4380662 queue_ms=31
fps: 30.0
vis: 60.0
cpu: exceptions=3134 cacheResets=1 batches=13893 verts=300192 texStalls=0 recompiles=2063 underruns=3 overruns=0 sleep_us=4664665 queue_ms=22
fps: 30.0
vis: 60.0
cpu: exceptions=3311 cacheResets=1 batches=14955 verts=322224 texStalls=0 recompiles=2064 underruns=3 overruns=0 sleep_us=4956555 queue_ms=26
fps: 30.0
vis: 60.0
cpu: exceptions=3496 cacheResets=1 batches=15990 verts=344094 texStalls=0 recompiles=2064 underruns=3 overruns=0 sleep_us=5242220 queue_ms=31
fps: 30.0
vis: 60.0
cpu: exceptions=3685 cacheResets=1 batches=17051 verts=367944 texStalls=0 recompiles=2064 underruns=3 overruns=0 sleep_us=5517929 queue_ms=27
fps: 29.9
vis: 60.0
cpu: exceptions=3873 cacheResets=1 batches=18373 verts=405216 texStalls=0 recompiles=2064 underruns=3 overruns=0 sleep_us=5763782 queue_ms=31
fps: 30.0
vis: 60.0
cpu: exceptions=4080 cacheResets=1 batches=19710 verts=442578 texStalls=0 recompiles=2072 underruns=3 overruns=0 sleep_us=6005394 queue_ms=22
fps: 29.9
vis: 60.0
cpu: exceptions=4276 cacheResets=1 batches=22471 verts=477696 texStalls=0 recompiles=2081 underruns=3 overruns=0 sleep_us=6218597 queue_ms=27
fps: 29.8
vis: 60.0
cpu: exceptions=4471 cacheResets=1 batches=27669 verts=520134 texStalls=0 recompiles=2081 underruns=3 overruns=0 sleep_us=6392721 queue_ms=31
fps: 30.0
vis: 60.0
cpu: exceptions=4657 cacheResets=1 batches=32960 verts=563130 texStalls=0 recompiles=2081 underruns=3 overruns=0 sleep_us=6572017 queue_ms=27
fps: 30.0
vis: 60.0
cpu: exceptions=4854 cacheResets=1 batches=37986 verts=604536 texStalls=0 recompiles=2083 underruns=3 overruns=0 sleep_us=6761011 queue_ms=32
fps: 30.0
vis: 60.0
cpu: exceptions=5048 cacheResets=1 batches=43113 verts=646548 texStalls=0 recompiles=2083 underruns=3 overruns=0 sleep_us=6948247 queue_ms=23
fps: 29.1
vis: 60.0
cpu: exceptions=5255 cacheResets=1 batches=48350 verts=691956 texStalls=0 recompiles=2083 underruns=4 overruns=0 sleep_us=7112408 queue_ms=27
fps: 30.1
mark: stop reason: chain guest VI limit
mark: stop_it requested
audio: alist_resample_calls=7273 alist_resample_samples=1338232 alist_zoh_calls=0 alist_zoh_samples=0 musyx_subframes=0 musyx_voices=0 musyx_voice_peak=0
audio_stages: adpcm_calls=5684 adpcm_samples=629344 envmix_calls=5654 envmix_samples=1040336 mix_calls=32380 mix_samples=5957920 musyx_fx_calls=0 musyx_fx_taps=0 output_calls=405 output_samples=297160
audio_envmix: exp_calls=0 ge_calls=0 lin_calls=5654 nead_calls=0 exp_steady=0 ge_steady=0 lin_steady=5208
audio_gaps: nead_mats=0 nead_efz=0 resample_flag2=0 musyx_ptr10=0
audio_output: stream_requests=3370 stream_fed=1030 input_hz=21998 playback_hz=21998 queue_peak_ms=72
vm_io: read_ahead=1 reads=0 hits=0 read_bytes=0 writes=0 write_bytes=0 errors=0
subsystem_time: stage=rsp_gfx calls=358 timed_calls=358 period=1 timed_us=1342646
subsystem_time: stage=rsp_audio calls=406 timed_calls=406 period=1 timed_us=306171
subsystem_time: stage=rsp_other calls=0 timed_calls=0 period=1 timed_us=0
subsystem_time: stage=lookup calls=4415493 timed_calls=34767 period=127 timed_us=6085
subsystem_time: stage=compile calls=2084 timed_calls=2084 period=1 timed_us=177284
subsystem_time: stage=dispatch calls=4132052 timed_calls=32535 period=127 timed_us=14872
subsystem_time: stage=execute_inclusive calls=4132052 timed_calls=32535 period=127 timed_us=107532
subsystem_time: stage=rom_copy calls=640 timed_calls=640 period=1 timed_us=14356
subsystem_time: stage=present calls=899 timed_calls=899 period=1 timed_us=60853
subsystem_time: stage=limiter calls=861 timed_calls=861 period=1 timed_us=7302004
subsystem_time: stage=vm_fault calls=0 timed_calls=0 period=1 timed_us=0
subsystem_time: stage=vm_victim calls=0 timed_calls=0 period=1 timed_us=0
subsystem_time: stage=vm_read calls=0 timed_calls=0 period=1 timed_us=0
subsystem_time: stage=vm_write calls=0 timed_calls=0 period=1 timed_us=0
subsystem_time: stage=tex_hash calls=48848 timed_calls=48848 period=1 timed_us=384327
subsystem_time: stage=tex_lookup calls=48848 timed_calls=48848 period=1 timed_us=9102
subsystem_time: stage=tex_load calls=28 timed_calls=28 period=1 timed_us=1993
subsystem_time: stage=tex_activate calls=48848 timed_calls=48848 period=1 timed_us=21229
subsystem_time: stage=draw_triangles calls=52520 timed_calls=52520 period=1 timed_us=189487
subsystem_time: stage=draw_rect calls=0 timed_calls=0 period=1 timed_us=0
audio_time: stage=resample sampled_calls=57 sampled_samples=10488 sampled_us=415
audio_time: stage=zoh sampled_calls=0 sampled_samples=0 sampled_us=0
audio_time: stage=adpcm sampled_calls=44 sampled_samples=4752 sampled_us=205
audio_time: stage=envmix_exp sampled_calls=0 sampled_samples=0 sampled_us=0
audio_time: stage=envmix_ge sampled_calls=0 sampled_samples=0 sampled_us=0
audio_time: stage=envmix_lin sampled_calls=44 sampled_samples=8096 sampled_us=690
audio_time: stage=envmix_nead sampled_calls=0 sampled_samples=0 sampled_us=0
audio_time: stage=mix sampled_calls=254 sampled_samples=46736 sampled_us=782
audio_time: stage=musyx_voice sampled_calls=0 sampled_samples=0 sampled_us=0
audio_time: stage=musyx_fx sampled_calls=0 sampled_samples=0 sampled_us=0
audio_time: stage=output sampled_calls=3 sampled_samples=2208 sampled_us=38
game: n=2/3 how=vis vis=900 vi_rate=60 vi0_retrace=1672 wall_us=15172066 sleep_us=7299328 avg_vis=58.00 avg_fps=26.55 exceptions=5450 cacheResets=1 recompiles=2084 batches=52520 verts=741906 texStalls=0 treeDepthMax=31 underruns=4 overruns=0 queue_peak_ms=39 dsp_avg=1.35 dsp_peak=1.65 pmc1=5482322240 pmc2=5215426565 pmc3=0 pmc4=0 mmcr0=00000042 mmcr1=00000000 heap_used=10926088 heap_free=37096 arena1_free=495616 arena2_free=577472 flushes=4 flush_us=43206 padtrace=0 rom=sd:/wii64/roms/Banjo-Kazooie.V64
=== chain 2/3 end vis=900 how=vis rom=sd:/wii64/roms/Banjo-Kazooie.V64 ===
mark: pad replay records: 1
mark: loadROM: enter
mark: loadROM: before rom_read
mark: ROMCache_load: enter
mark: ROMCache_load: before first read
mark: ROMCache_load: first read returned
mark: ROMCache_load: byte_swap_type set
mark: ROMCache_load: first byte_swap done
menufps: 0.1
menufps: 8.5
menufps: 8.0
menufps: 7.5
menufps: 8.0
menufps: 8.4
menufps: 8.3
mark: ROMCache_load: loop exited normally
mark: ROMCache_load: elapsed_us=3790440 bytes=16777216 vm=0
mark: loadROM: after rom_read
mark: loadROM: before init_memory
mark: loadROM: after init_memory
mark: loadROM: before romOpen_gfx
mark: loadROM: after romOpen_gfx / before romOpen_audio
mark: loadROM: after romOpen_audio / before romOpen_input
mark: loadROM: after romOpen_input / before cpu_init
mark: loadROM: after cpu_init
menufps: 6.9
menufps: 0.7
fps: 0.5
first_vi: vi0_retrace=3015
vis: 3.8
cpu: exceptions=0 cacheResets=0 batches=0 verts=0 texStalls=0 recompiles=0 underruns=0 overruns=0 sleep_us=0 queue_ms=0
mark: CPU core dispatch: dynarec
vis: 60.0
cpu: exceptions=1471 cacheResets=1 batches=0 verts=0 texStalls=0 recompiles=421 underruns=0 overruns=0 sleep_us=141223 queue_ms=148
fps: 3.1
vis: 60.0
cpu: exceptions=2355 cacheResets=1 batches=0 verts=0 texStalls=0 recompiles=425 underruns=0 overruns=0 sleep_us=514893 queue_ms=151
fps: 60.6
vis: 60.0
cpu: exceptions=2625 cacheResets=1 batches=0 verts=0 texStalls=0 recompiles=425 underruns=0 overruns=0 sleep_us=943471 queue_ms=147
fps: 60.0
vis: 60.0
cpu: exceptions=2918 cacheResets=1 batches=0 verts=0 texStalls=0 recompiles=468 underruns=0 overruns=0 sleep_us=1358613 queue_ms=153
vis: 60.0
cpu: exceptions=3298 cacheResets=1 batches=0 verts=0 texStalls=0 recompiles=468 underruns=0 overruns=0 sleep_us=1716841 queue_ms=148
fps: 14.9
vis: 55.7
cpu: exceptions=3637 cacheResets=1 batches=2160 verts=57624 texStalls=0 recompiles=742 underruns=0 overruns=0 sleep_us=1908794 queue_ms=112
fps: 59.7
vis: 60.0
cpu: exceptions=3927 cacheResets=1 batches=8940 verts=235104 texStalls=0 recompiles=763 underruns=0 overruns=0 sleep_us=1994040 queue_ms=108
fps: 60.0
vis: 60.0
cpu: exceptions=4223 cacheResets=1 batches=15711 verts=412530 texStalls=0 recompiles=771 underruns=0 overruns=0 sleep_us=2081897 queue_ms=112
fps: 60.0
vis: 60.0
cpu: exceptions=4522 cacheResets=1 batches=22461 verts=589830 texStalls=0 recompiles=775 underruns=0 overruns=0 sleep_us=2169451 queue_ms=110
fps: 60.0
vis: 60.0
cpu: exceptions=4813 cacheResets=1 batches=29211 verts=767130 texStalls=0 recompiles=775 underruns=0 overruns=0 sleep_us=2260101 queue_ms=114
fps: 60.0
vis: 60.0
cpu: exceptions=5101 cacheResets=1 batches=35961 verts=944430 texStalls=0 recompiles=775 underruns=0 overruns=0 sleep_us=2352966 queue_ms=111
fps: 60.0
vis: 60.0
cpu: exceptions=5396 cacheResets=1 batches=42711 verts=1121730 texStalls=0 recompiles=775 underruns=0 overruns=0 sleep_us=2442602 queue_ms=115
fps: 60.0
vis: 60.0
cpu: exceptions=5682 cacheResets=1 batches=49461 verts=1299030 texStalls=0 recompiles=777 underruns=0 overruns=0 sleep_us=2535857 queue_ms=113
fps: 60.0
vis: 60.0
cpu: exceptions=5976 cacheResets=1 batches=56211 verts=1476330 texStalls=0 recompiles=777 underruns=0 overruns=0 sleep_us=2621483 queue_ms=117
fps: 60.0
vis: 60.0
cpu: exceptions=6274 cacheResets=1 batches=62961 verts=1653630 texStalls=0 recompiles=777 underruns=0 overruns=0 sleep_us=2705034 queue_ms=114
fps: 60.0
vis: 60.0
cpu: exceptions=6569 cacheResets=1 batches=69711 verts=1830930 texStalls=0 recompiles=777 underruns=0 overruns=0 sleep_us=2789091 queue_ms=110
fps: 60.0
vis: 60.0
cpu: exceptions=6867 cacheResets=1 batches=76461 verts=2008230 texStalls=0 recompiles=777 underruns=0 overruns=0 sleep_us=2870275 queue_ms=115
fps: 60.0
vis: 60.0
cpu: exceptions=7159 cacheResets=1 batches=83211 verts=2185530 texStalls=0 recompiles=777 underruns=0 overruns=0 sleep_us=2953371 queue_ms=112
vis: 60.0
cpu: exceptions=7606 cacheResets=1 batches=93561 verts=2457390 texStalls=0 recompiles=777 underruns=0 overruns=0 sleep_us=3082732 queue_ms=105
fps: 60.3
vis: 60.0
cpu: exceptions=7893 cacheResets=1 batches=100311 verts=2634690 texStalls=0 recompiles=777 underruns=0 overruns=0 sleep_us=3171774 queue_ms=100
fps: 60.0
vis: 60.0
cpu: exceptions=8187 cacheResets=1 batches=107061 verts=2811990 texStalls=0 recompiles=777 underruns=0 overruns=0 sleep_us=3263315 queue_ms=107
fps: 60.0
vis: 60.0
cpu: exceptions=8482 cacheResets=1 batches=113811 verts=2989290 texStalls=0 recompiles=777 underruns=0 overruns=0 sleep_us=3338780 queue_ms=102
fps: 59.9
vis: 60.0
cpu: exceptions=8787 cacheResets=1 batches=120561 verts=3166590 texStalls=0 recompiles=777 underruns=0 overruns=0 sleep_us=3405819 queue_ms=109
fps: 60.0
vis: 60.0
cpu: exceptions=9103 cacheResets=1 batches=127311 verts=3343890 texStalls=0 recompiles=777 underruns=0 overruns=0 sleep_us=3464903 queue_ms=104
fps: 60.0
vis: 60.0
cpu: exceptions=9418 cacheResets=1 batches=134061 verts=3521190 texStalls=0 recompiles=777 underruns=0 overruns=0 sleep_us=3524872 queue_ms=101
fps: 60.0
vis: 60.0
cpu: exceptions=9738 cacheResets=1 batches=140811 verts=3698490 texStalls=0 recompiles=777 underruns=0 overruns=0 sleep_us=3583873 queue_ms=105
fps: 60.0
vis: 60.0
cpu: exceptions=10046 cacheResets=1 batches=147561 verts=3875790 texStalls=0 recompiles=777 underruns=0 overruns=0 sleep_us=3647645 queue_ms=102
fps: 60.0
vis: 60.0
cpu: exceptions=10355 cacheResets=1 batches=154313 verts=4053090 texStalls=0 recompiles=777 underruns=0 overruns=0 sleep_us=3714768 queue_ms=107
fps: 60.0
vis: 60.0
cpu: exceptions=10669 cacheResets=1 batches=162603 verts=4279956 texStalls=0 recompiles=777 underruns=0 overruns=0 sleep_us=3737712 queue_ms=103
fps: 59.8
mark: stop reason: chain guest VI limit
mark: stop_it requested
audio: alist_resample_calls=10077 alist_resample_samples=1250096 alist_zoh_calls=0 alist_zoh_samples=0 musyx_subframes=0 musyx_voices=0 musyx_voice_peak=0
audio_stages: adpcm_calls=9759 adpcm_samples=1154016 envmix_calls=10077 envmix_samples=1250096 mix_calls=79024 mix_samples=10544864 musyx_fx_calls=0 musyx_fx_taps=0 output_calls=897 output_samples=478768
audio_envmix: exp_calls=10077 ge_calls=0 lin_calls=0 nead_calls=0 exp_steady=5510 ge_steady=0 lin_steady=0
audio_gaps: nead_mats=0 nead_efz=0 resample_flag2=0 musyx_ptr10=0
audio_output: stream_requests=3319 stream_fed=1654 input_hz=32006 playback_hz=32006 queue_peak_ms=173
vm_io: read_ahead=1 reads=0 hits=0 read_bytes=0 writes=0 write_bytes=0 errors=0
subsystem_time: stage=rsp_gfx calls=810 timed_calls=810 period=1 timed_us=5662221
subsystem_time: stage=rsp_audio calls=898 timed_calls=898 period=1 timed_us=591068
subsystem_time: stage=rsp_other calls=0 timed_calls=0 period=1 timed_us=0
subsystem_time: stage=lookup calls=3609995 timed_calls=28425 period=127 timed_us=4322
subsystem_time: stage=compile calls=777 timed_calls=777 period=1 timed_us=106193
subsystem_time: stage=dispatch calls=3517096 timed_calls=27693 period=127 timed_us=9001
subsystem_time: stage=execute_inclusive calls=3517096 timed_calls=27693 period=127 timed_us=108608
subsystem_time: stage=rom_copy calls=1024 timed_calls=1024 period=1 timed_us=14744
subsystem_time: stage=present calls=899 timed_calls=899 period=1 timed_us=42266
subsystem_time: stage=limiter calls=871 timed_calls=871 period=1 timed_us=3750280
subsystem_time: stage=vm_fault calls=0 timed_calls=0 period=1 timed_us=0
subsystem_time: stage=vm_victim calls=0 timed_calls=0 period=1 timed_us=0
subsystem_time: stage=vm_read calls=0 timed_calls=0 period=1 timed_us=0
subsystem_time: stage=vm_write calls=0 timed_calls=0 period=1 timed_us=0
subsystem_time: stage=tex_hash calls=147492 timed_calls=147492 period=1 timed_us=1592679
subsystem_time: stage=tex_lookup calls=147492 timed_calls=147492 period=1 timed_us=42281
subsystem_time: stage=tex_load calls=136 timed_calls=136 period=1 timed_us=18850
subsystem_time: stage=tex_activate calls=147492 timed_calls=147492 period=1 timed_us=63240
subsystem_time: stage=draw_triangles calls=167028 timed_calls=167028 period=1 timed_us=577758
subsystem_time: stage=draw_rect calls=5440 timed_calls=5440 period=1 timed_us=115448
audio_time: stage=resample sampled_calls=79 sampled_samples=10240 sampled_us=437
audio_time: stage=zoh sampled_calls=0 sampled_samples=0 sampled_us=0
audio_time: stage=adpcm sampled_calls=76 sampled_samples=8016 sampled_us=359
audio_time: stage=envmix_exp sampled_calls=79 sampled_samples=10240 sampled_us=1186
audio_time: stage=envmix_ge sampled_calls=0 sampled_samples=0 sampled_us=0
audio_time: stage=envmix_lin sampled_calls=0 sampled_samples=0 sampled_us=0
audio_time: stage=envmix_nead sampled_calls=0 sampled_samples=0 sampled_us=0
audio_time: stage=mix sampled_calls=622 sampled_samples=83008 sampled_us=1352
audio_time: stage=musyx_voice sampled_calls=0 sampled_samples=0 sampled_us=0
audio_time: stage=musyx_fx sampled_calls=0 sampled_samples=0 sampled_us=0
audio_time: stage=output sampled_calls=7 sampled_samples=3712 sampled_us=68
game: n=3/3 how=vis vis=900 vi_rate=60 vi0_retrace=3015 wall_us=15219307 sleep_us=3747530 avg_vis=57.98 avg_fps=54.24 exceptions=10823 cacheResets=1 recompiles=777 batches=167028 verts=4402401 texStalls=0 treeDepthMax=12 underruns=0 overruns=0 queue_peak_ms=153 dsp_avg=1.57 dsp_peak=1.90 pmc1=8204736588 pmc2=7963910134 pmc3=0 pmc4=0 mmcr0=00000042 mmcr1=00000000 heap_used=10838280 heap_free=157672 arena1_free=462848 arena2_free=577472 flushes=3 flush_us=36040 padtrace=0 rom=sd:/wii64/roms/Pokemon Snap.rom
=== chain 3/3 end vis=900 how=vis rom=sd:/wii64/roms/Pokemon Snap.rom ===
