--- wii64 perf log ---
mark: diag config: wiiload arguments
mark: wiiload dynacore argument received
mark: diag received dynacore line
mark: diag requested core: dynarec
mark: pad replay records: 7
selftest:
  raw[0]=51283468332009781
  raw[1]=51283468332009782
  raw[2]=51283468332009797
  raw[3]=51283468332009810
  raw[4]=51283468332009822
  delta[0]=0us
  delta[1]=0us
  delta[2]=0us
  delta[3]=0us
mark: audio quality: accurate
mark: audio modes: n64=0 output=0 mixer=0 latency=2 sync=0
mark: diag applied core: dynarec
mark: HBC agent ready
mark: loadROM: enter
mark: loadROM: before rom_read
mark: ROMCache_load: enter
mark: ROMCache_load: before first read
mark: ROMCache_load: first read returned
mark: ROMCache_load: byte_swap_type set
mark: ROMCache_load: first byte_swap done
menufps: 10.3
menufps: 8.1
menufps: 7.6
mark: ROMCache_load: loop exited normally
mark: ROMCache_load: elapsed_us=1958685 bytes=8388608 vm=0
mark: loadROM: after rom_read
mark: loadROM: before init_memory
mark: loadROM: after init_memory
mark: loadROM: before romOpen_gfx
mark: loadROM: after romOpen_gfx / before romOpen_audio
mark: loadROM: after romOpen_audio / before romOpen_input
mark: loadROM: after romOpen_input / before cpu_init
mark: loadROM: after cpu_init
menufps: 2.9
menufps: 0.9
menufps: 1.0
fps: 0.7
first_vi: vi0_retrace=331
vis: 0.7
cpu: exceptions=0 cacheResets=0 batches=0 verts=0 texStalls=0 recompiles=0 underruns=0 overruns=0 sleep_us=0 queue_ms=0
mark: CPU core dispatch: dynarec
vis: 60.0
cpu: exceptions=240 cacheResets=1 batches=0 verts=0 texStalls=0 recompiles=189 underruns=2 overruns=0 sleep_us=227289 queue_ms=127
vis: 60.0
cpu: exceptions=540 cacheResets=1 batches=0 verts=0 texStalls=0 recompiles=198 underruns=2 overruns=0 sleep_us=703907 queue_ms=123
vis: 60.0
cpu: exceptions=840 cacheResets=1 batches=0 verts=0 texStalls=0 recompiles=204 underruns=2 overruns=0 sleep_us=1180492 queue_ms=129
vis: 60.0
cpu: exceptions=1135 cacheResets=1 batches=0 verts=0 texStalls=0 recompiles=204 underruns=2 overruns=0 sleep_us=1657669 queue_ms=124
fps: 0.5
vis: 60.0
cpu: exceptions=1430 cacheResets=1 batches=414 verts=9387 texStalls=0 recompiles=468 underruns=3 overruns=0 sleep_us=1967220 queue_ms=11
fps: 20.0
vis: 60.0
cpu: exceptions=1587 cacheResets=1 batches=2484 verts=56322 texStalls=0 recompiles=475 underruns=3 overruns=0 sleep_us=2379273 queue_ms=9
fps: 30.0
vis: 60.0
cpu: exceptions=1751 cacheResets=1 batches=4554 verts=103257 texStalls=0 recompiles=478 underruns=3 overruns=0 sleep_us=2790278 queue_ms=6
fps: 30.0
vis: 60.0
cpu: exceptions=1893 cacheResets=1 batches=6624 verts=150192 texStalls=0 recompiles=478 underruns=3 overruns=0 sleep_us=3210923 queue_ms=11
fps: 30.0
vis: 60.0
cpu: exceptions=2035 cacheResets=1 batches=8694 verts=197127 texStalls=0 recompiles=478 underruns=3 overruns=0 sleep_us=3631148 queue_ms=7
fps: 30.0
vis: 60.0
cpu: exceptions=2177 cacheResets=1 batches=10767 verts=244080 texStalls=0 recompiles=489 underruns=3 overruns=0 sleep_us=4050195 queue_ms=13
fps: 30.0
vis: 60.0
cpu: exceptions=2318 cacheResets=1 batches=12574 verts=284835 texStalls=0 recompiles=498 underruns=3 overruns=0 sleep_us=4473800 queue_ms=9
vis: 60.0
cpu: exceptions=2637 cacheResets=1 batches=12574 verts=284835 texStalls=0 recompiles=675 underruns=4 overruns=0 sleep_us=4635426 queue_ms=32
vis: 60.0
cpu: exceptions=2727 cacheResets=1 batches=12574 verts=284835 texStalls=0 recompiles=733 underruns=4 overruns=0 sleep_us=4817470 queue_ms=28
vis: 60.0
cpu: exceptions=2817 cacheResets=1 batches=12574 verts=284835 texStalls=0 recompiles=784 underruns=4 overruns=0 sleep_us=5082660 queue_ms=25
fps: 4.9
vis: 60.0
cpu: exceptions=2960 cacheResets=1 batches=13906 verts=302151 texStalls=0 recompiles=910 underruns=6 overruns=0 sleep_us=5305845 queue_ms=17
fps: 15.1
vis: 60.0
cpu: exceptions=3117 cacheResets=1 batches=18798 verts=366468 texStalls=0 recompiles=910 underruns=6 overruns=0 sleep_us=5449517 queue_ms=13
fps: 30.0
vis: 60.0
cpu: exceptions=3272 cacheResets=1 batches=23665 verts=430383 texStalls=0 recompiles=927 underruns=6 overruns=0 sleep_us=5592801 queue_ms=17
fps: 30.0
vis: 60.0
cpu: exceptions=3435 cacheResets=1 batches=28530 verts=494268 texStalls=0 recompiles=927 underruns=6 overruns=0 sleep_us=5736055 queue_ms=14
fps: 30.0
vis: 60.0
cpu: exceptions=3590 cacheResets=1 batches=33393 verts=558141 texStalls=0 recompiles=927 underruns=6 overruns=0 sleep_us=5890062 queue_ms=19
fps: 29.2
vis: 60.0
cpu: exceptions=3761 cacheResets=1 batches=38259 verts=622032 texStalls=0 recompiles=927 underruns=7 overruns=0 sleep_us=6028565 queue_ms=6
fps: 29.9
vis: 60.0
cpu: exceptions=3977 cacheResets=1 batches=43141 verts=686019 texStalls=0 recompiles=936 underruns=7 overruns=0 sleep_us=6146096 queue_ms=12
fps: 20.0
vis: 60.0
cpu: exceptions=4233 cacheResets=1 batches=43737 verts=693768 texStalls=0 recompiles=1065 underruns=10 overruns=0 sleep_us=6400603 queue_ms=13
fps: 31.6
vis: 60.0
cpu: exceptions=4400 cacheResets=1 batches=44543 verts=704184 texStalls=0 recompiles=1065 underruns=10 overruns=0 sleep_us=6782419 queue_ms=17
fps: 30.0
vis: 60.0
cpu: exceptions=4572 cacheResets=1 batches=45338 verts=714534 texStalls=0 recompiles=1065 underruns=10 overruns=0 sleep_us=7163523 queue_ms=13
fps: 30.0
vis: 60.0
cpu: exceptions=4737 cacheResets=1 batches=46133 verts=724884 texStalls=0 recompiles=1065 underruns=10 overruns=0 sleep_us=7555121 queue_ms=9
fps: 30.0
vis: 60.0
cpu: exceptions=4910 cacheResets=1 batches=46928 verts=735234 texStalls=0 recompiles=1065 underruns=10 overruns=0 sleep_us=7935002 queue_ms=15
fps: 30.0
vis: 60.0
cpu: exceptions=5089 cacheResets=1 batches=47723 verts=745584 texStalls=0 recompiles=1065 underruns=10 overruns=0 sleep_us=8308433 queue_ms=10
fps: 30.0
vis: 60.0
cpu: exceptions=5262 cacheResets=1 batches=48518 verts=755934 texStalls=0 recompiles=1065 underruns=10 overruns=0 sleep_us=8686138 queue_ms=16
fps: 30.0
vis: 60.0
cpu: exceptions=5431 cacheResets=1 batches=49313 verts=766284 texStalls=0 recompiles=1065 underruns=10 overruns=0 sleep_us=9070887 queue_ms=13
fps: 30.0
mark: stop reason: chain guest VI limit
mark: stop_it requested
audio: alist_resample_calls=12384 alist_resample_samples=1625832 alist_zoh_calls=0 alist_zoh_samples=0 musyx_subframes=0 musyx_voices=0 musyx_voice_peak=0
audio_stages: adpcm_calls=12114 adpcm_samples=1459184 envmix_calls=11818 envmix_samples=1577288 mix_calls=3468 mix_samples=1109760 musyx_fx_calls=0 musyx_fx_taps=0 output_calls=868 output_samples=462864
audio_envmix: exp_calls=11818 ge_calls=0 lin_calls=0 nead_calls=0 exp_steady=9585 ge_steady=0 lin_steady=0
audio_gaps: nead_mats=0 nead_efz=0 resample_flag2=0 musyx_ptr10=0
audio_output: stream_requests=3440 stream_fed=1607 input_hz=32006 playback_hz=32006 queue_peak_ms=147
probe_schema: version=2 self=1 interval=127
gpu_status: samples=30 command_busy=1 fifo_busy=0 over_high=0 under_low=30
vm_io: read_ahead=1 reads=0 hits=0 read_bytes=0 writes=0 write_bytes=0 errors=0
subsystem_time: stage=rsp_gfx calls=320 timed_calls=320 period=1 timed_us=986434
subsystem_time: stage=rsp_audio calls=867 timed_calls=867 period=1 timed_us=339902
subsystem_time: stage=rsp_other calls=0 timed_calls=0 period=1 timed_us=0
subsystem_time: stage=lookup calls=2962106 timed_calls=23323 period=127 timed_us=5350
subsystem_time: stage=compile calls=1065 timed_calls=1065 period=1 timed_us=117132
subsystem_time: stage=dispatch calls=2809701 timed_calls=22123 period=127 timed_us=19920
subsystem_self: stage=dispatch calls=2809701 timed_calls=22123 self_us=13808 dropped=0
subsystem_time: stage=execute_inclusive calls=2809701 timed_calls=22123 period=127 timed_us=128033
subsystem_self: stage=execute_inclusive calls=2809701 timed_calls=22123 self_us=27258 dropped=0
subsystem_time: stage=rom_copy calls=1195 timed_calls=1195 period=1 timed_us=23435
subsystem_time: stage=present calls=899 timed_calls=899 period=1 timed_us=18822
subsystem_time: stage=limiter calls=868 timed_calls=868 period=1 timed_us=9439405
subsystem_time: stage=vm_fault calls=0 timed_calls=0 period=1 timed_us=0
subsystem_time: stage=vm_victim calls=0 timed_calls=0 period=1 timed_us=0
subsystem_time: stage=vm_read calls=0 timed_calls=0 period=1 timed_us=0
subsystem_time: stage=vm_write calls=0 timed_calls=0 period=1 timed_us=0
subsystem_time: stage=tex_hash calls=22221 timed_calls=22221 period=1 timed_us=146509
subsystem_time: stage=tex_lookup calls=22221 timed_calls=22221 period=1 timed_us=7468
subsystem_time: stage=tex_load calls=68 timed_calls=68 period=1 timed_us=2791
subsystem_time: stage=tex_activate calls=22221 timed_calls=22221 period=1 timed_us=13614
subsystem_time: stage=draw_triangles calls=50108 timed_calls=50108 period=1 timed_us=127670
subsystem_time: stage=draw_rect calls=6995 timed_calls=6995 period=1 timed_us=51380
subsystem_time: stage=gfx_list calls=320 timed_calls=320 period=1 timed_us=985830
subsystem_time: stage=gfx_command calls=668067 timed_calls=5260 period=127 timed_us=7741
subsystem_time: stage=vertex calls=543919 timed_calls=4282 period=127 timed_us=1501
subsystem_time: stage=gfx_state calls=39293 timed_calls=309 period=127 timed_us=2008
subsystem_self: stage=gfx_state calls=39293 timed_calls=309 self_us=659 dropped=0
subsystem_time: stage=gx_wait calls=4 timed_calls=4 period=1 timed_us=2572
subsystem_time: stage=dma_pi calls=1195 timed_calls=1195 period=1 timed_us=57645
subsystem_time: stage=dma_sp calls=2374 timed_calls=2374 period=1 timed_us=2012
subsystem_time: stage=dma_si calls=964 timed_calls=964 period=1 timed_us=7836
subsystem_time: stage=tlb_translate calls=200897 timed_calls=1581 period=127 timed_us=182
subsystem_time: stage=pif calls=965 timed_calls=965 period=1 timed_us=7089
subsystem_time: stage=input calls=1276 timed_calls=1276 period=1 timed_us=5685
subsystem_time: stage=guest_interrupt calls=6738 timed_calls=6738 period=1 timed_us=9509062
subsystem_self: stage=guest_interrupt calls=6738 timed_calls=6738 self_us=25948 dropped=0
subsystem_time: stage=interpreter_inclusive calls=0 timed_calls=0 period=1 timed_us=0
subsystem_self: stage=interpreter_inclusive calls=0 timed_calls=0 self_us=0 dropped=0
subsystem_time: stage=audio_submit calls=868 timed_calls=868 period=1 timed_us=10139
subsystem_time: stage=audio_callback calls=9360 timed_calls=9360 period=1 timed_us=6065
subsystem_time: stage=memory_slow calls=537456 timed_calls=4231 period=127 timed_us=14143
subsystem_self: stage=memory_slow calls=537456 timed_calls=4231 self_us=2294 dropped=0
subsystem_time: stage=jit_invalidate calls=152405 timed_calls=1200 period=127 timed_us=246
subsystem_time: stage=cpu_helper calls=6879482 timed_calls=54169 period=127 timed_us=45578
subsystem_time: stage=storage_read calls=0 timed_calls=0 period=1 timed_us=0
subsystem_time: stage=storage_write calls=0 timed_calls=0 period=1 timed_us=0
subsystem_time: stage=save_load calls=0 timed_calls=0 period=1 timed_us=0
subsystem_time: stage=save_write calls=0 timed_calls=0 period=1 timed_us=0
subsystem_time: stage=state_load calls=0 timed_calls=0 period=1 timed_us=0
subsystem_time: stage=state_save calls=0 timed_calls=0 period=1 timed_us=0
subsystem_time: stage=probe_io calls=3 timed_calls=3 period=1 timed_us=32355
subsystem_time: stage=agent_poll calls=1810 timed_calls=1810 period=1 timed_us=400
audio_time: stage=resample sampled_calls=97 sampled_samples=12824 sampled_us=540
audio_time: stage=zoh sampled_calls=0 sampled_samples=0 sampled_us=0
audio_time: stage=adpcm sampled_calls=95 sampled_samples=11424 sampled_us=480
audio_time: stage=envmix_exp sampled_calls=93 sampled_samples=12456 sampled_us=1124
audio_time: stage=envmix_ge sampled_calls=0 sampled_samples=0 sampled_us=0
audio_time: stage=envmix_lin sampled_calls=0 sampled_samples=0 sampled_us=0
audio_time: stage=envmix_nead sampled_calls=0 sampled_samples=0 sampled_us=0
audio_time: stage=mix sampled_calls=27 sampled_samples=8640 sampled_us=145
audio_time: stage=musyx_voice sampled_calls=0 sampled_samples=0 sampled_us=0
audio_time: stage=musyx_fx sampled_calls=0 sampled_samples=0 sampled_us=0
audio_time: stage=output sampled_calls=6 sampled_samples=3200 sampled_us=60
game: n=1/4 how=vis vis=900 vi_rate=60 vi0_retrace=331 wall_us=15186479 sleep_us=9436760 avg_vis=58.02 avg_fps=25.08 exceptions=5593 cacheResets=1 recompiles=1065 batches=50108 verts=776634 texStalls=0 treeDepthMax=14 underruns=10 overruns=0 queue_peak_ms=129 dsp_avg=1.51 dsp_peak=1.70 dsp_samples=30 pmc1=4040477871 pmc2=4283577327 pmc3=0 pmc4=0 mmcr0=00000042 mmcr1=00000000 heap_used=10835608 heap_free=36584 arena1_free=577536 arena2_free=577472 flushes=3 flush_us=32354 padtrace=6 rom=sd:/wii64/roms/Super Mario 64.v64
=== chain 1/4 end vis=900 how=vis rom=sd:/wii64/roms/Super Mario 64.v64 ===
mark: pad replay records: 22
mark: loadROM: enter
mark: loadROM: before rom_read
mark: ROMCache_load: enter
mark: ROMCache_load: before first read
mark: ROMCache_load: first read returned
mark: ROMCache_load: byte_swap_type set
mark: ROMCache_load: first byte_swap done
menufps: 0.1
menufps: 8.5
menufps: 8.3
menufps: 8.3
menufps: 8.1
mark: ROMCache_load: loop exited normally
mark: ROMCache_load: elapsed_us=3070749 bytes=13893632 vm=0
mark: loadROM: after rom_read
mark: loadROM: before init_memory
mark: loadROM: after init_memory
mark: loadROM: before romOpen_gfx
mark: loadROM: after romOpen_gfx / before romOpen_audio
mark: loadROM: after romOpen_audio / before romOpen_input
mark: loadROM: after romOpen_input / before cpu_init
mark: loadROM: after cpu_init
menufps: 6.1
menufps: 1.9
menufps: 1.0
menufps: 1.0
fps: 0.1
first_vi: vi0_retrace=1636
vis: 4.1
cpu: exceptions=0 cacheResets=0 batches=0 verts=0 texStalls=0 recompiles=0 underruns=0 overruns=0 sleep_us=0 queue_ms=0
mark: CPU core dispatch: dynarec
vis: 60.0
cpu: exceptions=1029 cacheResets=1 batches=0 verts=0 texStalls=0 recompiles=316 underruns=2 overruns=0 sleep_us=77440 queue_ms=116
vis: 60.0
cpu: exceptions=1329 cacheResets=1 batches=0 verts=0 texStalls=0 recompiles=316 underruns=2 overruns=0 sleep_us=547287 queue_ms=113
vis: 60.0
cpu: exceptions=1629 cacheResets=1 batches=0 verts=0 texStalls=0 recompiles=331 underruns=2 overruns=0 sleep_us=1015323 queue_ms=120
vis: 60.0
cpu: exceptions=1928 cacheResets=1 batches=0 verts=0 texStalls=0 recompiles=331 underruns=2 overruns=0 sleep_us=1484796 queue_ms=116
vis: 60.0
cpu: exceptions=2228 cacheResets=1 batches=0 verts=0 texStalls=0 recompiles=331 underruns=2 overruns=0 sleep_us=1954386 queue_ms=124
vis: 60.0
cpu: exceptions=2528 cacheResets=1 batches=0 verts=0 texStalls=0 recompiles=331 underruns=2 overruns=0 sleep_us=2423851 queue_ms=120
vis: 60.0
cpu: exceptions=2864 cacheResets=1 batches=0 verts=0 texStalls=0 recompiles=344 underruns=2 overruns=0 sleep_us=2885172 queue_ms=127
fps: 0.8
vis: 60.0
cpu: exceptions=3438 cacheResets=1 batches=64 verts=4140 texStalls=0 recompiles=468 underruns=2 overruns=0 sleep_us=3304385 queue_ms=122
fps: 1.6
vis: 60.0
cpu: exceptions=3543 cacheResets=1 batches=576 verts=37260 texStalls=0 recompiles=528 underruns=2 overruns=0 sleep_us=3515719 queue_ms=28
fps: 30.4
vis: 60.0
cpu: exceptions=3684 cacheResets=1 batches=1536 verts=99360 texStalls=0 recompiles=528 underruns=2 overruns=0 sleep_us=3661973 queue_ms=14
fps: 30.0
vis: 60.0
cpu: exceptions=3820 cacheResets=1 batches=2304 verts=149040 texStalls=0 recompiles=566 underruns=2 overruns=0 sleep_us=3812577 queue_ms=20
vis: 60.0
cpu: exceptions=3916 cacheResets=1 batches=2304 verts=149040 texStalls=0 recompiles=566 underruns=2 overruns=0 sleep_us=3986831 queue_ms=17
fps: 3.9
vis: 60.0
cpu: exceptions=4015 cacheResets=1 batches=2424 verts=149760 texStalls=0 recompiles=598 underruns=3 overruns=0 sleep_us=4253276 queue_ms=34
fps: 1.7
vis: 56.9
cpu: exceptions=4117 cacheResets=1 batches=2904 verts=152640 texStalls=0 recompiles=610 underruns=7 overruns=0 sleep_us=4571612 queue_ms=7
fps: 29.4
vis: 58.6
cpu: exceptions=4331 cacheResets=1 batches=4704 verts=163440 texStalls=0 recompiles=611 underruns=8 overruns=0 sleep_us=4608150 queue_ms=11
fps: 29.3
vis: 58.6
cpu: exceptions=4532 cacheResets=1 batches=6504 verts=174240 texStalls=0 recompiles=614 underruns=9 overruns=0 sleep_us=4641201 queue_ms=8
fps: 29.3
vis: 58.6
cpu: exceptions=4725 cacheResets=1 batches=8304 verts=185040 texStalls=0 recompiles=614 underruns=10 overruns=0 sleep_us=4671004 queue_ms=4
fps: 29.4
vis: 58.6
cpu: exceptions=4919 cacheResets=1 batches=10104 verts=195840 texStalls=0 recompiles=614 underruns=11 overruns=0 sleep_us=4701454 queue_ms=10
fps: 29.3
vis: 58.6
cpu: exceptions=5098 cacheResets=1 batches=11904 verts=206640 texStalls=0 recompiles=614 underruns=12 overruns=0 sleep_us=4735921 queue_ms=5
fps: 29.3
vis: 58.6
cpu: exceptions=5276 cacheResets=1 batches=13704 verts=217440 texStalls=0 recompiles=618 underruns=13 overruns=0 sleep_us=4769825 queue_ms=2
vis: 60.0
cpu: exceptions=5457 cacheResets=1 batches=15024 verts=225360 texStalls=0 recompiles=625 underruns=14 overruns=0 sleep_us=4822103 queue_ms=19
vis: 60.0
cpu: exceptions=5608 cacheResets=1 batches=15024 verts=225360 texStalls=0 recompiles=625 underruns=14 overruns=0 sleep_us=4967655 queue_ms=14
vis: 60.0
cpu: exceptions=5716 cacheResets=1 batches=15024 verts=225360 texStalls=0 recompiles=631 underruns=14 overruns=0 sleep_us=5179986 queue_ms=21
fps: 7.4
vis: 58.2
cpu: exceptions=5838 cacheResets=1 batches=15024 verts=225360 texStalls=0 recompiles=674 underruns=15 overruns=0 sleep_us=5393597 queue_ms=17
fps: 30.8
vis: 58.8
cpu: exceptions=6051 cacheResets=1 batches=15024 verts=225360 texStalls=0 recompiles=674 underruns=15 overruns=0 sleep_us=5465683 queue_ms=2
fps: 29.4
vis: 58.9
cpu: exceptions=6240 cacheResets=1 batches=15024 verts=225360 texStalls=0 recompiles=674 underruns=16 overruns=0 sleep_us=5539826 queue_ms=8
fps: 29.4
vis: 58.9
cpu: exceptions=6411 cacheResets=1 batches=15024 verts=225360 texStalls=0 recompiles=674 underruns=17 overruns=0 sleep_us=5618351 queue_ms=16
fps: 29.5
vis: 58.9
cpu: exceptions=6578 cacheResets=1 batches=15024 verts=225360 texStalls=0 recompiles=674 underruns=18 overruns=0 sleep_us=5698637 queue_ms=12
fps: 29.5
vis: 59.0
cpu: exceptions=6748 cacheResets=1 batches=15024 verts=225360 texStalls=0 recompiles=674 underruns=18 overruns=0 sleep_us=5779235 queue_ms=8
fps: 28.7
vis: 58.4
cpu: exceptions=6921 cacheResets=1 batches=15024 verts=225360 texStalls=0 recompiles=681 underruns=20 overruns=0 sleep_us=5859162 queue_ms=5
fps: 29.2
vis: 58.9
cpu: exceptions=7087 cacheResets=1 batches=15024 verts=225360 texStalls=0 recompiles=686 underruns=22 overruns=0 sleep_us=5924126 queue_ms=11
fps: 29.5
vis: 59.0
cpu: exceptions=7256 cacheResets=1 batches=15024 verts=225360 texStalls=0 recompiles=686 underruns=22 overruns=0 sleep_us=6001097 queue_ms=7
fps: 29.5
vis: 59.0
cpu: exceptions=7428 cacheResets=1 batches=15024 verts=225360 texStalls=0 recompiles=686 underruns=23 overruns=0 sleep_us=6088546 queue_ms=14
fps: 29.5
vis: 59.0
cpu: exceptions=7588 cacheResets=1 batches=15024 verts=225360 texStalls=0 recompiles=686 underruns=24 overruns=0 sleep_us=6177769 queue_ms=10
fps: 29.5
vis: 59.0
cpu: exceptions=7762 cacheResets=1 batches=15024 verts=225360 texStalls=0 recompiles=686 underruns=24 overruns=0 sleep_us=6264857 queue_ms=7
fps: 29.5
vis: 59.0
cpu: exceptions=7938 cacheResets=1 batches=15024 verts=225360 texStalls=0 recompiles=686 underruns=25 overruns=0 sleep_us=6352510 queue_ms=14
fps: 29.5
vis: 59.0
cpu: exceptions=8106 cacheResets=1 batches=15024 verts=225360 texStalls=0 recompiles=686 underruns=26 overruns=0 sleep_us=6441139 queue_ms=21
fps: 29.5
vis: 59.0
cpu: exceptions=8281 cacheResets=1 batches=15024 verts=225360 texStalls=0 recompiles=686 underruns=26 overruns=0 sleep_us=6529057 queue_ms=6
fps: 29.5
vis: 59.1
cpu: exceptions=8450 cacheResets=1 batches=15024 verts=225360 texStalls=0 recompiles=686 underruns=27 overruns=0 sleep_us=6619927 queue_ms=12
fps: 29.6
vis: 58.8
cpu: exceptions=8616 cacheResets=1 batches=15024 verts=225360 texStalls=0 recompiles=688 underruns=28 overruns=0 sleep_us=6731215 queue_ms=19
fps: 29.3
vis: 59.1
cpu: exceptions=8775 cacheResets=1 batches=15024 verts=225360 texStalls=0 recompiles=688 underruns=29 overruns=0 sleep_us=6840185 queue_ms=16
fps: 29.6
vis: 59.0
cpu: exceptions=8941 cacheResets=1 batches=15024 verts=225360 texStalls=0 recompiles=688 underruns=29 overruns=0 sleep_us=6945519 queue_ms=11
fps: 29.5
vis: 59.0
cpu: exceptions=9132 cacheResets=1 batches=15024 verts=225360 texStalls=0 recompiles=688 underruns=30 overruns=0 sleep_us=7028092 queue_ms=7
fps: 29.5
vis: 59.1
cpu: exceptions=9305 cacheResets=1 batches=15024 verts=225360 texStalls=0 recompiles=688 underruns=31 overruns=0 sleep_us=7118890 queue_ms=14
fps: 29.6
vis: 59.0
cpu: exceptions=9461 cacheResets=1 batches=15024 verts=225360 texStalls=0 recompiles=688 underruns=31 overruns=0 sleep_us=7222140 queue_ms=10
fps: 29.5
vis: 59.1
cpu: exceptions=9618 cacheResets=1 batches=15024 verts=225360 texStalls=0 recompiles=688 underruns=32 overruns=0 sleep_us=7325253 queue_ms=17
fps: 29.6
vis: 59.1
cpu: exceptions=9771 cacheResets=1 batches=15024 verts=225360 texStalls=0 recompiles=688 underruns=33 overruns=0 sleep_us=7429688 queue_ms=24
fps: 29.6
vis: 59.1
cpu: exceptions=9929 cacheResets=1 batches=15024 verts=225360 texStalls=0 recompiles=688 underruns=33 overruns=0 sleep_us=7537109 queue_ms=8
fps: 29.6
vis: 59.1
cpu: exceptions=10084 cacheResets=1 batches=15024 verts=225360 texStalls=0 recompiles=688 underruns=34 overruns=0 sleep_us=7647021 queue_ms=14
fps: 28.8
vis: 59.1
cpu: exceptions=10246 cacheResets=1 batches=15024 verts=225360 texStalls=0 recompiles=688 underruns=36 overruns=0 sleep_us=7757302 queue_ms=10
fps: 29.5
vis: 59.1
cpu: exceptions=10398 cacheResets=1 batches=15024 verts=225360 texStalls=0 recompiles=688 underruns=36 overruns=0 sleep_us=7865208 queue_ms=6
fps: 29.6
vis: 59.1
cpu: exceptions=10554 cacheResets=1 batches=15024 verts=225360 texStalls=0 recompiles=688 underruns=37 overruns=0 sleep_us=7968600 queue_ms=13
fps: 29.6
vis: 59.1
cpu: exceptions=10703 cacheResets=1 batches=15024 verts=225360 texStalls=0 recompiles=688 underruns=37 overruns=0 sleep_us=8086512 queue_ms=9
fps: 29.5
vis: 58.9
cpu: exceptions=10905 cacheResets=1 batches=15024 verts=225360 texStalls=0 recompiles=688 underruns=38 overruns=0 sleep_us=8170927 queue_ms=5
fps: 29.4
vis: 58.9
cpu: exceptions=11098 cacheResets=1 batches=15024 verts=225360 texStalls=0 recompiles=688 underruns=39 overruns=0 sleep_us=8245991 queue_ms=11
fps: 29.5
vis: 59.0
cpu: exceptions=11280 cacheResets=1 batches=15024 verts=225360 texStalls=0 recompiles=688 underruns=40 overruns=0 sleep_us=8329838 queue_ms=17
fps: 29.5
vis: 59.0
cpu: exceptions=11454 cacheResets=1 batches=15024 verts=225360 texStalls=0 recompiles=688 underruns=40 overruns=0 sleep_us=8418036 queue_ms=2
fps: 29.5
vis: 59.0
cpu: exceptions=11625 cacheResets=1 batches=15024 verts=225360 texStalls=0 recompiles=688 underruns=41 overruns=0 sleep_us=8506769 queue_ms=10
fps: 29.5
vis: 58.9
cpu: exceptions=11797 cacheResets=1 batches=15024 verts=225360 texStalls=0 recompiles=688 underruns=42 overruns=0 sleep_us=8595201 queue_ms=16
fps: 29.5
vis: 58.9
cpu: exceptions=11971 cacheResets=1 batches=15024 verts=225360 texStalls=0 recompiles=692 underruns=42 overruns=0 sleep_us=8682746 queue_ms=1
vis: 60.0
cpu: exceptions=12130 cacheResets=1 batches=15024 verts=225360 texStalls=0 recompiles=692 underruns=43 overruns=0 sleep_us=8782205 queue_ms=19
vis: 60.0
cpu: exceptions=12257 cacheResets=1 batches=15024 verts=225360 texStalls=0 recompiles=692 underruns=43 overruns=0 sleep_us=8932251 queue_ms=15
vis: 60.0
cpu: exceptions=12376 cacheResets=1 batches=15024 verts=225360 texStalls=0 recompiles=692 underruns=43 overruns=0 sleep_us=9134441 queue_ms=22
fps: 7.1
vis: 57.0
cpu: exceptions=12554 cacheResets=1 batches=15024 verts=225360 texStalls=0 recompiles=720 underruns=44 overruns=0 sleep_us=9332560 queue_ms=19
fps: 30.4
vis: 57.2
cpu: exceptions=12747 cacheResets=1 batches=15024 verts=225360 texStalls=0 recompiles=721 underruns=45 overruns=0 sleep_us=9391735 queue_ms=4
fps: 27.7
vis: 57.9
cpu: exceptions=12960 cacheResets=1 batches=15024 verts=225360 texStalls=0 recompiles=721 underruns=48 overruns=0 sleep_us=9406165 queue_ms=16
fps: 29.5
vis: 60.0
cpu: exceptions=13170 cacheResets=1 batches=15024 verts=225360 texStalls=0 recompiles=721 underruns=49 overruns=0 sleep_us=9414943 queue_ms=33
fps: 29.5
vis: 57.1
cpu: exceptions=13371 cacheResets=1 batches=15024 verts=225360 texStalls=0 recompiles=721 underruns=50 overruns=0 sleep_us=9428524 queue_ms=13
fps: 29.5
vis: 58.6
cpu: exceptions=13556 cacheResets=1 batches=15024 verts=225360 texStalls=0 recompiles=721 underruns=50 overruns=0 sleep_us=9495401 queue_ms=10
fps: 28.5
vis: 58.8
cpu: exceptions=13745 cacheResets=1 batches=15024 verts=225360 texStalls=0 recompiles=721 underruns=52 overruns=0 sleep_us=9552413 queue_ms=16
fps: 29.5
vis: 58.8
cpu: exceptions=13933 cacheResets=1 batches=15024 verts=225360 texStalls=0 recompiles=731 underruns=53 overruns=0 sleep_us=9602459 queue_ms=23
fps: 29.4
vis: 58.8
cpu: exceptions=14112 cacheResets=1 batches=15024 verts=225360 texStalls=0 recompiles=731 underruns=54 overruns=0 sleep_us=9684277 queue_ms=19
fps: 29.2
vis: 60.0
cpu: exceptions=14302 cacheResets=1 batches=15024 verts=225360 texStalls=0 recompiles=731 underruns=55 overruns=0 sleep_us=9757353 queue_ms=25
fps: 30.2
vis: 58.9
cpu: exceptions=14489 cacheResets=1 batches=15024 verts=225360 texStalls=0 recompiles=731 underruns=55 overruns=0 sleep_us=9803255 queue_ms=22
fps: 29.4
vis: 58.9
cpu: exceptions=14669 cacheResets=1 batches=15024 verts=225360 texStalls=0 recompiles=731 underruns=55 overruns=0 sleep_us=9885819 queue_ms=18
fps: 29.5
vis: 59.0
cpu: exceptions=14837 cacheResets=1 batches=15024 verts=225360 texStalls=0 recompiles=731 underruns=56 overruns=0 sleep_us=9982581 queue_ms=13
fps: 29.5
vis: 58.9
cpu: exceptions=15012 cacheResets=1 batches=15024 verts=225360 texStalls=0 recompiles=731 underruns=56 overruns=0 sleep_us=10071431 queue_ms=8
fps: 29.5
vis: 59.1
cpu: exceptions=15171 cacheResets=1 batches=15024 verts=225360 texStalls=0 recompiles=731 underruns=57 overruns=0 sleep_us=10179437 queue_ms=16
fps: 29.6
vis: 59.1
cpu: exceptions=15329 cacheResets=1 batches=15024 verts=225360 texStalls=0 recompiles=731 underruns=58 overruns=0 sleep_us=10291118 queue_ms=11
fps: 29.3
vis: 58.8
cpu: exceptions=15514 cacheResets=1 batches=15024 verts=225360 texStalls=0 recompiles=731 underruns=58 overruns=0 sleep_us=10367775 queue_ms=7
vis: 60.0
cpu: exceptions=15688 cacheResets=1 batches=15024 verts=225360 texStalls=0 recompiles=732 underruns=59 overruns=0 sleep_us=10444474 queue_ms=14
vis: 60.0
cpu: exceptions=15797 cacheResets=1 batches=15024 verts=225360 texStalls=0 recompiles=732 underruns=59 overruns=0 sleep_us=10604314 queue_ms=21
vis: 60.0
cpu: exceptions=15943 cacheResets=1 batches=15024 verts=225360 texStalls=0 recompiles=733 underruns=59 overruns=0 sleep_us=10809989 queue_ms=16
vis: 60.0
cpu: exceptions=16103 cacheResets=1 batches=15024 verts=225360 texStalls=0 recompiles=734 underruns=59 overruns=0 sleep_us=11038147 queue_ms=22
fps: 6.8
vis: 58.8
cpu: exceptions=16286 cacheResets=1 batches=15024 verts=225360 texStalls=0 recompiles=761 underruns=61 overruns=0 sleep_us=11080511 queue_ms=40
fps: 31.8
vis: 58.9
cpu: exceptions=16461 cacheResets=1 batches=15024 verts=225360 texStalls=0 recompiles=761 underruns=61 overruns=0 sleep_us=11150583 queue_ms=36
fps: 29.4
vis: 59.0
cpu: exceptions=16639 cacheResets=1 batches=15024 verts=225360 texStalls=0 recompiles=761 underruns=61 overruns=0 sleep_us=11222098 queue_ms=21
fps: 29.5
vis: 59.0
cpu: exceptions=16812 cacheResets=1 batches=15024 verts=225360 texStalls=0 recompiles=761 underruns=61 overruns=0 sleep_us=11294466 queue_ms=17
fps: 29.5
vis: 58.9
cpu: exceptions=16986 cacheResets=1 batches=15024 verts=225360 texStalls=0 recompiles=761 underruns=61 overruns=0 sleep_us=11371919 queue_ms=2
fps: 28.9
vis: 58.9
cpu: exceptions=17159 cacheResets=1 batches=15024 verts=225360 texStalls=0 recompiles=761 underruns=63 overruns=0 sleep_us=11444846 queue_ms=9
fps: 29.4
vis: 58.7
cpu: exceptions=17331 cacheResets=1 batches=15024 verts=225360 texStalls=0 recompiles=767 underruns=64 overruns=0 sleep_us=11491038 queue_ms=16
fps: 29.4
vis: 58.4
cpu: exceptions=17502 cacheResets=1 batches=15024 verts=225360 texStalls=0 recompiles=767 underruns=65 overruns=0 sleep_us=11547108 queue_ms=13
fps: 29.2
vis: 58.9
cpu: exceptions=17672 cacheResets=1 batches=15024 verts=225360 texStalls=0 recompiles=767 underruns=66 overruns=0 sleep_us=11615485 queue_ms=9
fps: 29.5
fps: 29.4
vis: 58.7
cpu: exceptions=17978 cacheResets=1 batches=15024 verts=225360 texStalls=0 recompiles=767 underruns=68 overruns=0 sleep_us=11722980 queue_ms=17
fps: 29.4
vis: 58.9
cpu: exceptions=18150 cacheResets=1 batches=15024 verts=225360 texStalls=0 recompiles=767 underruns=69 overruns=0 sleep_us=11783202 queue_ms=12
fps: 29.4
vis: 58.8
cpu: exceptions=18316 cacheResets=1 batches=15024 verts=225360 texStalls=0 recompiles=767 underruns=70 overruns=0 sleep_us=11850480 queue_ms=19
fps: 29.5
vis: 58.9
cpu: exceptions=18489 cacheResets=1 batches=15024 verts=225360 texStalls=0 recompiles=767 underruns=70 overruns=0 sleep_us=11929489 queue_ms=5
fps: 29.5
vis: 59.0
cpu: exceptions=18644 cacheResets=1 batches=15024 verts=225360 texStalls=0 recompiles=767 underruns=71 overruns=0 sleep_us=12025346 queue_ms=12
fps: 29.5
vis: 59.0
cpu: exceptions=18803 cacheResets=1 batches=15024 verts=225360 texStalls=0 recompiles=767 underruns=72 overruns=0 sleep_us=12119498 queue_ms=19
fps: 29.4
vis: 58.8
cpu: exceptions=18980 cacheResets=1 batches=15024 verts=225360 texStalls=0 recompiles=767 underruns=73 overruns=0 sleep_us=12193068 queue_ms=16
vis: 60.0
cpu: exceptions=20139 cacheResets=1 batches=15024 verts=225360 texStalls=0 recompiles=826 underruns=73 overruns=0 sleep_us=12369162 queue_ms=22
vis: 60.0
cpu: exceptions=20250 cacheResets=1 batches=15024 verts=225360 texStalls=0 recompiles=829 underruns=73 overruns=0 sleep_us=12706591 queue_ms=17
vis: 60.0
cpu: exceptions=20341 cacheResets=1 batches=15024 verts=225360 texStalls=0 recompiles=829 underruns=73 overruns=0 sleep_us=13077438 queue_ms=25
vis: 60.0
cpu: exceptions=20530 cacheResets=1 batches=15024 verts=225360 texStalls=0 recompiles=1016 underruns=74 overruns=0 sleep_us=13457861 queue_ms=32
fps: 1.3
vis: 58.1
cpu: exceptions=20676 cacheResets=1 batches=17483 verts=248430 texStalls=0 recompiles=1373 underruns=78 overruns=0 sleep_us=13624404 queue_ms=29
fps: 30.8
vis: 59.1
cpu: exceptions=20891 cacheResets=1 batches=22976 verts=299208 texStalls=0 recompiles=1395 underruns=78 overruns=0 sleep_us=13647755 queue_ms=25
fps: 28.3
vis: 55.1
cpu: exceptions=21150 cacheResets=1 batches=28344 verts=348048 texStalls=0 recompiles=1409 underruns=81 overruns=0 sleep_us=13652537 queue_ms=9
fps: 26.5
vis: 52.5
cpu: exceptions=21441 cacheResets=1 batches=33970 verts=398436 texStalls=0 recompiles=1410 underruns=86 overruns=0 sleep_us=13657145 queue_ms=2
fps: 25.4
vis: 50.2
cpu: exceptions=21756 cacheResets=1 batches=39366 verts=446256 texStalls=0 recompiles=1410 underruns=94 overruns=0 sleep_us=13661555 queue_ms=8
fps: 24.7
vis: 51.8
cpu: exceptions=22063 cacheResets=1 batches=44637 verts=493326 texStalls=0 recompiles=1416 underruns=101 overruns=0 sleep_us=13661555 queue_ms=1
fps: 28.8
vis: 60.0
cpu: exceptions=22387 cacheResets=1 batches=49497 verts=540306 texStalls=0 recompiles=1421 underruns=104 overruns=0 sleep_us=13667141 queue_ms=39
fps: 30.6
vis: 60.0
cpu: exceptions=22689 cacheResets=1 batches=53528 verts=582312 texStalls=0 recompiles=1421 underruns=104 overruns=0 sleep_us=13717374 queue_ms=36
fps: 30.1
vis: 60.0
cpu: exceptions=23007 cacheResets=1 batches=56829 verts=619938 texStalls=0 recompiles=1425 underruns=104 overruns=0 sleep_us=13756615 queue_ms=43
fps: 30.0
vis: 60.0
cpu: exceptions=23320 cacheResets=1 batches=59853 verts=655902 texStalls=0 recompiles=1426 underruns=104 overruns=0 sleep_us=13821622 queue_ms=38
fps: 30.0
vis: 60.0
cpu: exceptions=23625 cacheResets=1 batches=62855 verts=691734 texStalls=0 recompiles=1472 underruns=104 overruns=0 sleep_us=13876243 queue_ms=44
fps: 29.9
vis: 60.0
cpu: exceptions=23921 cacheResets=1 batches=65771 verts=727050 texStalls=0 recompiles=1506 underruns=104 overruns=0 sleep_us=13921410 queue_ms=40
fps: 30.1
vis: 60.0
cpu: exceptions=24239 cacheResets=1 batches=68653 verts=762162 texStalls=0 recompiles=1508 underruns=104 overruns=0 sleep_us=13976474 queue_ms=47
fps: 29.9
vis: 60.0
cpu: exceptions=24545 cacheResets=1 batches=71563 verts=797442 texStalls=0 recompiles=1508 underruns=104 overruns=0 sleep_us=14049127 queue_ms=43
vis: 60.0
cpu: exceptions=24838 cacheResets=1 batches=74455 verts=832614 texStalls=0 recompiles=1508 underruns=104 overruns=0 sleep_us=14131184 queue_ms=39
fps: 30.0
mark: stop reason: chain guest VI limit
mark: stop_it requested
audio: alist_resample_calls=124134 alist_resample_samples=18520696 alist_zoh_calls=0 alist_zoh_samples=0 musyx_subframes=0 musyx_voices=0 musyx_voice_peak=0
audio_stages: adpcm_calls=128102 adpcm_samples=19590016 envmix_calls=124134 envmix_samples=18520696 mix_calls=21240 mix_samples=8156160 musyx_fx_calls=0 musyx_fx_taps=0 output_calls=3566 output_samples=1595408
audio_envmix: exp_calls=0 ge_calls=0 lin_calls=0 nead_calls=124134 exp_steady=0 ge_steady=0 lin_steady=0
audio_gaps: nead_mats=0 nead_efz=0 resample_flag2=0 musyx_ptr10=0
audio_output: stream_requests=7547 stream_fed=5539 input_hz=26807 playback_hz=26807 queue_peak_ms=146
probe_schema: version=2 self=1 interval=127
gpu_status: samples=120 command_busy=10 fifo_busy=0 over_high=0 under_low=120
vm_io: read_ahead=1 reads=0 hits=0 read_bytes=0 writes=0 write_bytes=0 errors=0
subsystem_time: stage=rsp_gfx calls=1428 timed_calls=1428 period=1 timed_us=29016973
subsystem_time: stage=rsp_audio calls=3540 timed_calls=3540 period=1 timed_us=3012564
subsystem_time: stage=rsp_other calls=0 timed_calls=0 period=1 timed_us=0
subsystem_time: stage=lookup calls=8677421 timed_calls=68326 period=127 timed_us=15663
subsystem_time: stage=compile calls=1508 timed_calls=1508 period=1 timed_us=203894
subsystem_time: stage=dispatch calls=8651156 timed_calls=68119 period=127 timed_us=62470
subsystem_self: stage=dispatch calls=8651156 timed_calls=68119 self_us=42966 dropped=0
subsystem_time: stage=execute_inclusive calls=8651156 timed_calls=68119 period=127 timed_us=478065
subsystem_self: stage=execute_inclusive calls=8651156 timed_calls=68119 self_us=135838 dropped=0
subsystem_time: stage=rom_copy calls=8289 timed_calls=8289 period=1 timed_us=71170
subsystem_time: stage=present calls=3599 timed_calls=3599 period=1 timed_us=66086
subsystem_time: stage=limiter calls=1994 timed_calls=1994 period=1 timed_us=14200052
subsystem_time: stage=vm_fault calls=0 timed_calls=0 period=1 timed_us=0
subsystem_time: stage=vm_victim calls=0 timed_calls=0 period=1 timed_us=0
subsystem_time: stage=vm_read calls=0 timed_calls=0 period=1 timed_us=0
subsystem_time: stage=vm_write calls=0 timed_calls=0 period=1 timed_us=0
subsystem_time: stage=tex_hash calls=231269 timed_calls=231269 period=1 timed_us=1467407
subsystem_time: stage=tex_lookup calls=231269 timed_calls=231269 period=1 timed_us=342022
subsystem_time: stage=tex_load calls=1733 timed_calls=1733 period=1 timed_us=127391
subsystem_time: stage=tex_activate calls=231269 timed_calls=231269 period=1 timed_us=73667
subsystem_time: stage=draw_triangles calls=76811 timed_calls=76811 period=1 timed_us=173357
subsystem_time: stage=draw_rect calls=199209 timed_calls=199209 period=1 timed_us=2482546
subsystem_time: stage=gfx_list calls=1428 timed_calls=1428 period=1 timed_us=29013885
subsystem_time: stage=gfx_command calls=3052105 timed_calls=24032 period=127 timed_us=231232
subsystem_time: stage=vertex calls=544112 timed_calls=4284 period=127 timed_us=1315
subsystem_time: stage=gfx_state calls=287905 timed_calls=2266 period=127 timed_us=21021
subsystem_self: stage=gfx_state calls=287905 timed_calls=2266 self_us=5087 dropped=0
subsystem_time: stage=gx_wait calls=4 timed_calls=4 period=1 timed_us=2577
subsystem_time: stage=dma_pi calls=8289 timed_calls=8289 period=1 timed_us=144002
subsystem_time: stage=dma_sp calls=9936 timed_calls=9936 period=1 timed_us=9700
subsystem_time: stage=dma_si calls=2986 timed_calls=2986 period=1 timed_us=34581
subsystem_time: stage=tlb_translate calls=0 timed_calls=0 period=127 timed_us=0
subsystem_time: stage=pif calls=2987 timed_calls=2987 period=1 timed_us=32102
subsystem_time: stage=input calls=5712 timed_calls=5712 period=1 timed_us=26106
subsystem_time: stage=guest_interrupt calls=33381 timed_calls=33381 period=1 timed_us=14433428
subsystem_self: stage=guest_interrupt calls=33381 timed_calls=33381 self_us=65199 dropped=0
subsystem_time: stage=interpreter_inclusive calls=0 timed_calls=0 period=1 timed_us=0
subsystem_self: stage=interpreter_inclusive calls=0 timed_calls=0 self_us=0 dropped=0
subsystem_time: stage=audio_submit calls=3566 timed_calls=3566 period=1 timed_us=34876
subsystem_time: stage=audio_callback calls=36613 timed_calls=36613 period=1 timed_us=24800
subsystem_time: stage=memory_slow calls=1355806 timed_calls=10675 period=127 timed_us=254690
subsystem_self: stage=memory_slow calls=1355806 timed_calls=10675 self_us=6300 dropped=0
subsystem_time: stage=jit_invalidate calls=26265 timed_calls=206 period=127 timed_us=45
subsystem_time: stage=cpu_helper calls=35810509 timed_calls=281972 period=127 timed_us=99011
subsystem_time: stage=storage_read calls=0 timed_calls=0 period=1 timed_us=0
subsystem_time: stage=storage_write calls=0 timed_calls=0 period=1 timed_us=0
subsystem_time: stage=save_load calls=0 timed_calls=0 period=1 timed_us=0
subsystem_time: stage=save_write calls=0 timed_calls=0 period=1 timed_us=0
subsystem_time: stage=state_load calls=0 timed_calls=0 period=1 timed_us=0
subsystem_time: stage=state_save calls=0 timed_calls=0 period=1 timed_us=0
subsystem_time: stage=probe_io calls=8 timed_calls=8 period=1 timed_us=108575
subsystem_time: stage=agent_poll calls=7277 timed_calls=7277 period=1 timed_us=1861
audio_time: stage=resample sampled_calls=977 sampled_samples=145512 sampled_us=6153
audio_time: stage=zoh sampled_calls=0 sampled_samples=0 sampled_us=0
audio_time: stage=adpcm sampled_calls=1008 sampled_samples=155232 sampled_us=6497
audio_time: stage=envmix_exp sampled_calls=0 sampled_samples=0 sampled_us=0
audio_time: stage=envmix_ge sampled_calls=0 sampled_samples=0 sampled_us=0
audio_time: stage=envmix_lin sampled_calls=0 sampled_samples=0 sampled_us=0
audio_time: stage=envmix_nead sampled_calls=977 sampled_samples=145512 sampled_us=8715
audio_time: stage=mix sampled_calls=167 sampled_samples=64128 sampled_us=1055
audio_time: stage=musyx_voice sampled_calls=0 sampled_samples=0 sampled_us=0
audio_time: stage=musyx_fx sampled_calls=0 sampled_samples=0 sampled_us=0
audio_time: stage=output sampled_calls=28 sampled_samples=12480 sampled_us=224
game: n=2/4 how=vis vis=3600 vi_rate=60 vi0_retrace=1636 wall_us=61347686 sleep_us=14193942 avg_vis=58.50 avg_fps=27.03 exceptions=25063 cacheResets=1 recompiles=1508 batches=76811 verts=861006 texStalls=0 treeDepthMax=14 underruns=105 overruns=0 queue_peak_ms=127 dsp_avg=1.50 dsp_peak=1.80 dsp_samples=120 pmc1=34201969751 pmc2=33732960384 pmc3=0 pmc4=0 mmcr0=00000042 mmcr1=00000000 heap_used=10891352 heap_free=34088 arena1_free=524288 arena2_free=577472 flushes=8 flush_us=108573 padtrace=20 rom=sd:/wii64/roms/Mario Kart 64.v64
=== chain 2/4 end vis=3600 how=vis rom=sd:/wii64/roms/Mario Kart 64.v64 ===
mark: pad replay records: 1
mark: loadROM: enter
mark: loadROM: before rom_read
mark: ROMCache_load: enter
mark: ROMCache_load: before first read
mark: ROMCache_load: first read returned
mark: ROMCache_load: byte_swap_type set
mark: ROMCache_load: first byte_swap done
menufps: 0.0
menufps: 8.5
menufps: 8.3
menufps: 7.7
menufps: 8.1
menufps: 8.3
menufps: 8.1
mark: ROMCache_load: loop exited normally
mark: ROMCache_load: elapsed_us=3788795 bytes=16777216 vm=0
mark: loadROM: after rom_read
mark: loadROM: before init_memory
mark: loadROM: after init_memory
mark: loadROM: before romOpen_gfx
mark: loadROM: after romOpen_gfx / before romOpen_audio
mark: loadROM: after romOpen_audio / before romOpen_input
mark: loadROM: after romOpen_input / before cpu_init
mark: loadROM: after cpu_init
menufps: 2.9
menufps: 1.0
menufps: 1.0
fps: 1.5
first_vi: vi0_retrace=5750
vis: 3.0
cpu: exceptions=0 cacheResets=0 batches=0 verts=0 texStalls=0 recompiles=0 underruns=0 overruns=0 sleep_us=0 queue_ms=0
mark: CPU core dispatch: dynarec
vis: 60.0
cpu: exceptions=1472 cacheResets=1 batches=0 verts=0 texStalls=0 recompiles=421 underruns=0 overruns=0 sleep_us=76704 queue_ms=166
fps: 3.1
vis: 60.0
cpu: exceptions=2356 cacheResets=1 batches=0 verts=0 texStalls=0 recompiles=425 underruns=0 overruns=0 sleep_us=417086 queue_ms=160
fps: 60.9
vis: 60.0
cpu: exceptions=2626 cacheResets=1 batches=0 verts=0 texStalls=0 recompiles=425 underruns=0 overruns=0 sleep_us=836036 queue_ms=165
fps: 60.0
vis: 60.0
cpu: exceptions=2919 cacheResets=1 batches=0 verts=0 texStalls=0 recompiles=468 underruns=0 overruns=0 sleep_us=1241166 queue_ms=162
vis: 60.0
cpu: exceptions=3299 cacheResets=1 batches=0 verts=0 texStalls=0 recompiles=468 underruns=0 overruns=0 sleep_us=1589942 queue_ms=157
fps: 14.7
vis: 52.0
cpu: exceptions=3628 cacheResets=1 batches=1934 verts=51708 texStalls=0 recompiles=742 underruns=0 overruns=0 sleep_us=1762476 queue_ms=96
fps: 57.4
vis: 60.0
cpu: exceptions=3919 cacheResets=1 batches=8714 verts=229188 texStalls=0 recompiles=763 underruns=0 overruns=0 sleep_us=1795073 queue_ms=91
fps: 60.0
vis: 60.0
cpu: exceptions=4214 cacheResets=1 batches=15486 verts=406620 texStalls=0 recompiles=771 underruns=0 overruns=0 sleep_us=1828429 queue_ms=96
fps: 60.0
vis: 60.0
cpu: exceptions=4513 cacheResets=1 batches=22236 verts=583920 texStalls=0 recompiles=775 underruns=0 overruns=0 sleep_us=1863870 queue_ms=93
fps: 58.0
vis: 60.0
cpu: exceptions=4804 cacheResets=1 batches=28986 verts=761220 texStalls=0 recompiles=775 underruns=0 overruns=0 sleep_us=1902300 queue_ms=79
fps: 60.0
vis: 60.0
cpu: exceptions=5093 cacheResets=1 batches=35736 verts=938520 texStalls=0 recompiles=775 underruns=0 overruns=0 sleep_us=1942993 queue_ms=77
fps: 60.0
vis: 60.0
cpu: exceptions=5387 cacheResets=1 batches=42486 verts=1115820 texStalls=0 recompiles=775 underruns=0 overruns=0 sleep_us=1979593 queue_ms=72
fps: 60.0
vis: 60.0
cpu: exceptions=5674 cacheResets=1 batches=49236 verts=1293120 texStalls=0 recompiles=777 underruns=0 overruns=0 sleep_us=2021078 queue_ms=78
fps: 60.0
vis: 60.0
cpu: exceptions=5968 cacheResets=1 batches=55986 verts=1470420 texStalls=0 recompiles=777 underruns=0 overruns=0 sleep_us=2052410 queue_ms=74
fps: 60.0
vis: 60.0
cpu: exceptions=6266 cacheResets=1 batches=62736 verts=1647720 texStalls=0 recompiles=777 underruns=0 overruns=0 sleep_us=2083030 queue_ms=80
fps: 60.0
vis: 60.0
cpu: exceptions=6560 cacheResets=1 batches=69486 verts=1825020 texStalls=0 recompiles=777 underruns=0 overruns=0 sleep_us=2112581 queue_ms=75
fps: 60.0
vis: 60.0
cpu: exceptions=6858 cacheResets=1 batches=76236 verts=2002320 texStalls=0 recompiles=777 underruns=0 overruns=0 sleep_us=2139129 queue_ms=81
fps: 60.0
vis: 60.0
cpu: exceptions=7151 cacheResets=1 batches=82986 verts=2179620 texStalls=0 recompiles=777 underruns=0 overruns=0 sleep_us=2168205 queue_ms=77
fps: 60.0
vis: 60.0
cpu: exceptions=7442 cacheResets=1 batches=89736 verts=2356920 texStalls=0 recompiles=777 underruns=0 overruns=0 sleep_us=2201023 queue_ms=82
fps: 60.0
vis: 60.0
cpu: exceptions=7732 cacheResets=1 batches=96486 verts=2534220 texStalls=0 recompiles=777 underruns=0 overruns=0 sleep_us=2235172 queue_ms=79
fps: 60.0
vis: 60.0
cpu: exceptions=8021 cacheResets=1 batches=103236 verts=2711520 texStalls=0 recompiles=777 underruns=0 overruns=0 sleep_us=2273455 queue_ms=74
fps: 60.0
vis: 60.0
cpu: exceptions=8318 cacheResets=1 batches=109986 verts=2888820 texStalls=0 recompiles=777 underruns=0 overruns=0 sleep_us=2305559 queue_ms=80
fps: 59.9
vis: 60.0
cpu: exceptions=8611 cacheResets=1 batches=116736 verts=3066120 texStalls=0 recompiles=777 underruns=0 overruns=0 sleep_us=2325319 queue_ms=76
fps: 60.0
vis: 60.0
cpu: exceptions=8924 cacheResets=1 batches=123486 verts=3243420 texStalls=0 recompiles=777 underruns=0 overruns=0 sleep_us=2330838 queue_ms=82
fps: 59.9
vis: 60.0
cpu: exceptions=9242 cacheResets=1 batches=130236 verts=3420720 texStalls=0 recompiles=777 underruns=0 overruns=0 sleep_us=2333505 queue_ms=77
fps: 60.0
vis: 60.0
cpu: exceptions=9560 cacheResets=1 batches=136986 verts=3598020 texStalls=0 recompiles=777 underruns=0 overruns=0 sleep_us=2338359 queue_ms=74
fps: 60.0
vis: 60.0
cpu: exceptions=9873 cacheResets=1 batches=143736 verts=3775320 texStalls=0 recompiles=777 underruns=0 overruns=0 sleep_us=2343729 queue_ms=79
fps: 60.0
vis: 60.0
cpu: exceptions=10182 cacheResets=1 batches=150486 verts=3952620 texStalls=0 recompiles=777 underruns=0 overruns=0 sleep_us=2351649 queue_ms=75
fps: 60.0
vis: 58.8
cpu: exceptions=10494 cacheResets=1 batches=157588 verts=4141185 texStalls=0 recompiles=777 underruns=0 overruns=0 sleep_us=2363947 queue_ms=72
fps: 51.3
vis: 54.7
cpu: exceptions=10782 cacheResets=1 batches=165848 verts=4369749 texStalls=0 recompiles=777 underruns=2 overruns=0 sleep_us=2363947 queue_ms=7
mark: stop reason: chain guest VI limit
mark: stop_it requested
audio: alist_resample_calls=10077 alist_resample_samples=1250096 alist_zoh_calls=0 alist_zoh_samples=0 musyx_subframes=0 musyx_voices=0 musyx_voice_peak=0
audio_stages: adpcm_calls=9759 adpcm_samples=1154016 envmix_calls=10077 envmix_samples=1250096 mix_calls=79024 mix_samples=10544864 musyx_fx_calls=0 musyx_fx_taps=0 output_calls=897 output_samples=478768
audio_envmix: exp_calls=10077 ge_calls=0 lin_calls=0 nead_calls=0 exp_steady=5510 ge_steady=0 lin_steady=0
audio_gaps: nead_mats=0 nead_efz=0 resample_flag2=0 musyx_ptr10=0
audio_output: stream_requests=3360 stream_fed=1662 input_hz=32006 playback_hz=32006 queue_peak_ms=185
probe_schema: version=2 self=1 interval=127
gpu_status: samples=31 command_busy=1 fifo_busy=0 over_high=0 under_low=31
vm_io: read_ahead=1 reads=0 hits=0 read_bytes=0 writes=0 write_bytes=0 errors=0
subsystem_time: stage=rsp_gfx calls=810 timed_calls=810 period=1 timed_us=6247087
subsystem_time: stage=rsp_audio calls=898 timed_calls=898 period=1 timed_us=592351
subsystem_time: stage=rsp_other calls=0 timed_calls=0 period=1 timed_us=0
subsystem_time: stage=lookup calls=3610035 timed_calls=28425 period=127 timed_us=6275
subsystem_time: stage=compile calls=777 timed_calls=777 period=1 timed_us=106659
subsystem_time: stage=dispatch calls=3517136 timed_calls=27693 period=127 timed_us=28062
subsystem_self: stage=dispatch calls=3517136 timed_calls=27693 self_us=18092 dropped=0
subsystem_time: stage=execute_inclusive calls=3517136 timed_calls=27693 period=127 timed_us=138086
subsystem_self: stage=execute_inclusive calls=3517136 timed_calls=27693 self_us=44064 dropped=0
subsystem_time: stage=rom_copy calls=1024 timed_calls=1024 period=1 timed_us=14792
subsystem_time: stage=present calls=899 timed_calls=899 period=1 timed_us=42345
subsystem_time: stage=limiter calls=770 timed_calls=770 period=1 timed_us=2366570
subsystem_time: stage=vm_fault calls=0 timed_calls=0 period=1 timed_us=0
subsystem_time: stage=vm_victim calls=0 timed_calls=0 period=1 timed_us=0
subsystem_time: stage=vm_read calls=0 timed_calls=0 period=1 timed_us=0
subsystem_time: stage=vm_write calls=0 timed_calls=0 period=1 timed_us=0
subsystem_time: stage=tex_hash calls=147492 timed_calls=147492 period=1 timed_us=1423686
subsystem_time: stage=tex_lookup calls=147492 timed_calls=147492 period=1 timed_us=60322
subsystem_time: stage=tex_load calls=136 timed_calls=136 period=1 timed_us=18892
subsystem_time: stage=tex_activate calls=147492 timed_calls=147492 period=1 timed_us=112662
subsystem_time: stage=draw_triangles calls=167028 timed_calls=167028 period=1 timed_us=647639
subsystem_time: stage=draw_rect calls=5440 timed_calls=5440 period=1 timed_us=119918
subsystem_time: stage=gfx_list calls=810 timed_calls=810 period=1 timed_us=6245459
subsystem_time: stage=gfx_command calls=5319454 timed_calls=41885 period=127 timed_us=51220
subsystem_time: stage=vertex calls=2761556 timed_calls=21744 period=127 timed_us=5790
subsystem_time: stage=gfx_state calls=147504 timed_calls=1161 period=127 timed_us=16249
subsystem_self: stage=gfx_state calls=147504 timed_calls=1161 self_us=3651 dropped=0
subsystem_time: stage=gx_wait calls=4 timed_calls=4 period=1 timed_us=2576
subsystem_time: stage=dma_pi calls=2023 timed_calls=2023 period=1 timed_us=30434
subsystem_time: stage=dma_sp calls=3416 timed_calls=3416 period=1 timed_us=3761
subsystem_time: stage=dma_si calls=4478 timed_calls=4478 period=1 timed_us=22494
subsystem_time: stage=tlb_translate calls=0 timed_calls=0 period=127 timed_us=0
subsystem_time: stage=pif calls=4479 timed_calls=4479 period=1 timed_us=21124
subsystem_time: stage=input calls=3508 timed_calls=3508 period=1 timed_us=14875
subsystem_time: stage=guest_interrupt calls=12503 timed_calls=12503 period=1 timed_us=2501790
subsystem_self: stage=guest_interrupt calls=12503 timed_calls=12503 self_us=35527 dropped=0
subsystem_time: stage=interpreter_inclusive calls=0 timed_calls=0 period=1 timed_us=0
subsystem_self: stage=interpreter_inclusive calls=0 timed_calls=0 self_us=0 dropped=0
subsystem_time: stage=audio_submit calls=898 timed_calls=898 period=1 timed_us=10680
subsystem_time: stage=audio_callback calls=9443 timed_calls=9443 period=1 timed_us=7955
subsystem_time: stage=memory_slow calls=833904 timed_calls=6566 period=127 timed_us=46365
subsystem_self: stage=memory_slow calls=833904 timed_calls=6566 self_us=3643 dropped=0
subsystem_time: stage=jit_invalidate calls=92899 timed_calls=731 period=127 timed_us=162
subsystem_time: stage=cpu_helper calls=10719409 timed_calls=84404 period=127 timed_us=24484
subsystem_time: stage=storage_read calls=0 timed_calls=0 period=1 timed_us=0
subsystem_time: stage=storage_write calls=0 timed_calls=0 period=1 timed_us=0
subsystem_time: stage=save_load calls=0 timed_calls=0 period=1 timed_us=0
subsystem_time: stage=save_write calls=0 timed_calls=0 period=1 timed_us=0
subsystem_time: stage=state_load calls=0 timed_calls=0 period=1 timed_us=0
subsystem_time: stage=state_save calls=0 timed_calls=0 period=1 timed_us=0
subsystem_time: stage=probe_io calls=4 timed_calls=4 period=1 timed_us=66763
subsystem_time: stage=agent_poll calls=1820 timed_calls=1820 period=1 timed_us=506
audio_time: stage=resample sampled_calls=79 sampled_samples=10240 sampled_us=438
audio_time: stage=zoh sampled_calls=0 sampled_samples=0 sampled_us=0
audio_time: stage=adpcm sampled_calls=76 sampled_samples=8016 sampled_us=364
audio_time: stage=envmix_exp sampled_calls=79 sampled_samples=10240 sampled_us=1217
audio_time: stage=envmix_ge sampled_calls=0 sampled_samples=0 sampled_us=0
audio_time: stage=envmix_lin sampled_calls=0 sampled_samples=0 sampled_us=0
audio_time: stage=envmix_nead sampled_calls=0 sampled_samples=0 sampled_us=0
audio_time: stage=mix sampled_calls=622 sampled_samples=83008 sampled_us=1329
audio_time: stage=musyx_voice sampled_calls=0 sampled_samples=0 sampled_us=0
audio_time: stage=musyx_fx sampled_calls=0 sampled_samples=0 sampled_us=0
audio_time: stage=output sampled_calls=7 sampled_samples=3712 sampled_us=70
game: n=3/4 how=vis vis=900 vi_rate=60 vi0_retrace=5750 wall_us=15354980 sleep_us=2363947 avg_vis=57.70 avg_fps=54.03 exceptions=10824 cacheResets=1 recompiles=777 batches=167028 verts=4402401 texStalls=0 treeDepthMax=12 underruns=4 overruns=0 queue_peak_ms=166 dsp_avg=1.60 dsp_peak=1.90 dsp_samples=31 pmc1=9276287004 pmc2=9239488935 pmc3=0 pmc4=0 mmcr0=00000042 mmcr1=00000000 heap_used=10838104 heap_free=124200 arena1_free=487424 arena2_free=577472 flushes=4 flush_us=66762 padtrace=0 rom=sd:/wii64/roms/Pokemon Snap.rom
=== chain 3/4 end vis=900 how=vis rom=sd:/wii64/roms/Pokemon Snap.rom ===
mark: pad replay records: 1
mark: loadROM: enter
mark: loadROM: before rom_read
mark: ROMCache_load: enter
menufps: 0.1
menufps: 0.2
mark: ROMCache_load: before first read
mark: ROMCache_load: first read returned
mark: ROMCache_load: byte_swap_type set
mark: ROMCache_load: first byte_swap done
menufps: 0.2
menufps: 8.4
menufps: 8.1
menufps: 7.9
menufps: 7.8
menufps: 7.9
menufps: 8.1
menufps: 2.9
menufps: 1.2
menufps: 1.3
menufps: 1.3
menufps: 1.3
menufps: 1.3
menufps: 1.3
menufps: 3.6
menufps: 8.1
menufps: 8.3
menufps: 8.2
menufps: 8.2
mark: ROMCache_load: loop exited normally
menufps: 2.8
menufps: 1.2
menufps: 1.1
menufps: 1.1
menufps: 1.1
menufps: 1.2
menufps: 1.2
menufps: 1.1
menufps: 1.1
menufps: 1.1
menufps: 1.2
menufps: 1.1
menufps: 1.1
menufps: 1.1
menufps: 1.1
menufps: 1.1
menufps: 1.1
menufps: 1.1
menufps: 1.1
menufps: 1.1
mark: ROMCache_load: preflush_us=17597295 writes=2040 bytes=16711680
mark: ROMCache_load: elapsed_us=39641948 bytes=33554432 vm=1
mark: loadROM: after rom_read
mark: loadROM: before init_memory
mark: loadROM: after init_memory
mark: loadROM: before romOpen_gfx
mark: loadROM: after romOpen_gfx / before romOpen_audio
mark: loadROM: after romOpen_audio / before romOpen_input
mark: loadROM: after romOpen_input / before cpu_init
mark: loadROM: after cpu_init
menufps: 3.0
menufps: 1.0
menufps: 1.0
first_vi: vi0_retrace=9262
mark: CPU core dispatch: dynarec
vis: 55.7
cpu: exceptions=31 cacheResets=1 batches=0 verts=0 texStalls=0 recompiles=82 underruns=0 overruns=0 sleep_us=0 queue_ms=0
vis: 60.0
cpu: exceptions=61 cacheResets=1 batches=0 verts=0 texStalls=0 recompiles=82 underruns=0 overruns=0 sleep_us=331775 queue_ms=0
vis: 60.0
cpu: exceptions=91 cacheResets=1 batches=0 verts=0 texStalls=0 recompiles=82 underruns=0 overruns=0 sleep_us=663038 queue_ms=0
vis: 60.0
cpu: exceptions=199 cacheResets=1 batches=0 verts=0 texStalls=0 recompiles=182 underruns=0 overruns=0 sleep_us=936865 queue_ms=0
vis: 60.0
cpu: exceptions=244 cacheResets=1 batches=0 verts=0 texStalls=0 recompiles=188 underruns=0 overruns=0 sleep_us=1260187 queue_ms=0
vis: 60.0
cpu: exceptions=286 cacheResets=1 batches=0 verts=0 texStalls=0 recompiles=188 underruns=0 overruns=0 sleep_us=1580566 queue_ms=0
vis: 60.0
cpu: exceptions=316 cacheResets=1 batches=0 verts=0 texStalls=0 recompiles=188 underruns=0 overruns=0 sleep_us=1898384 queue_ms=0
vis: 60.0
cpu: exceptions=390 cacheResets=1 batches=0 verts=0 texStalls=0 recompiles=314 underruns=2 overruns=0 sleep_us=2306888 queue_ms=30
vis: 60.0
cpu: exceptions=467 cacheResets=1 batches=0 verts=0 texStalls=0 recompiles=323 underruns=2 overruns=0 sleep_us=2754383 queue_ms=34
vis: 60.0
cpu: exceptions=542 cacheResets=1 batches=0 verts=0 texStalls=0 recompiles=323 underruns=2 overruns=0 sleep_us=3206348 queue_ms=38
vis: 60.0
cpu: exceptions=733 cacheResets=1 batches=0 verts=0 texStalls=0 recompiles=434 underruns=3 overruns=0 sleep_us=3418671 queue_ms=56
vis: 60.0
cpu: exceptions=949 cacheResets=1 batches=0 verts=0 texStalls=0 recompiles=434 underruns=3 overruns=0 sleep_us=3602757 queue_ms=47
vis: 60.0
cpu: exceptions=1139 cacheResets=1 batches=0 verts=0 texStalls=0 recompiles=448 underruns=3 overruns=0 sleep_us=3802671 queue_ms=51
vis: 60.0
cpu: exceptions=1381 cacheResets=1 batches=0 verts=0 texStalls=0 recompiles=484 underruns=3 overruns=0 sleep_us=3980927 queue_ms=56
fps: 0.1
vis: 60.0
cpu: exceptions=1669 cacheResets=1 batches=532 verts=7602 texStalls=0 recompiles=1251 underruns=4 overruns=0 sleep_us=4094217 queue_ms=125
fps: 31.2
vis: 60.0
cpu: exceptions=1943 cacheResets=1 batches=1417 verts=19932 texStalls=0 recompiles=1255 underruns=4 overruns=0 sleep_us=4430729 queue_ms=117
fps: 30.0
vis: 60.0
cpu: exceptions=2220 cacheResets=1 batches=2302 verts=32262 texStalls=0 recompiles=1276 underruns=4 overruns=0 sleep_us=4757081 queue_ms=121
fps: 30.0
vis: 60.0
cpu: exceptions=2497 cacheResets=1 batches=3187 verts=44592 texStalls=0 recompiles=1279 underruns=4 overruns=0 sleep_us=5103812 queue_ms=125
fps: 30.0
vis: 60.0
cpu: exceptions=2771 cacheResets=1 batches=4072 verts=56922 texStalls=0 recompiles=1280 underruns=4 overruns=0 sleep_us=5451552 queue_ms=117
fps: 29.3
vis: 60.0
cpu: exceptions=3058 cacheResets=1 batches=4957 verts=69252 texStalls=0 recompiles=1300 underruns=4 overruns=0 sleep_us=5784767 queue_ms=108
fps: 30.0
vis: 60.0
cpu: exceptions=3338 cacheResets=1 batches=5842 verts=81582 texStalls=0 recompiles=1300 underruns=4 overruns=0 sleep_us=6117002 queue_ms=112
fps: 30.0
vis: 60.0
cpu: exceptions=3619 cacheResets=1 batches=6727 verts=93912 texStalls=0 recompiles=1302 underruns=4 overruns=0 sleep_us=6453769 queue_ms=117
fps: 30.0
vis: 60.0
cpu: exceptions=3902 cacheResets=1 batches=7612 verts=106242 texStalls=0 recompiles=1351 underruns=4 overruns=0 sleep_us=6789080 queue_ms=108
fps: 30.1
vis: 60.0
cpu: exceptions=4187 cacheResets=1 batches=7951 verts=111852 texStalls=0 recompiles=1366 underruns=4 overruns=0 sleep_us=7149189 queue_ms=112
fps: 30.0
vis: 60.0
cpu: exceptions=4341 cacheResets=1 batches=8071 verts=113904 texStalls=0 recompiles=1383 underruns=4 overruns=0 sleep_us=7501871 queue_ms=117
fps: 30.0
vis: 60.0
cpu: exceptions=4489 cacheResets=1 batches=8449 verts=139314 texStalls=0 recompiles=1384 underruns=4 overruns=0 sleep_us=7846122 queue_ms=121
fps: 30.0
vis: 60.0
cpu: exceptions=4636 cacheResets=1 batches=8854 verts=166539 texStalls=0 recompiles=1386 underruns=4 overruns=0 sleep_us=8192747 queue_ms=112
fps: 30.0
vis: 60.0
cpu: exceptions=4781 cacheResets=1 batches=9259 verts=193764 texStalls=0 recompiles=1387 underruns=4 overruns=0 sleep_us=8549373 queue_ms=117
fps: 30.0
vis: 60.0
cpu: exceptions=4931 cacheResets=1 batches=9664 verts=220989 texStalls=0 recompiles=1387 underruns=4 overruns=0 sleep_us=8902465 queue_ms=121
fps: 30.0
vis: 60.0
cpu: exceptions=5081 cacheResets=1 batches=10069 verts=248214 texStalls=0 recompiles=1389 underruns=4 overruns=0 sleep_us=9253091 queue_ms=112
mark: stop reason: chain guest VI limit
mark: stop_it requested
audio: alist_resample_calls=11186 alist_resample_samples=2058224 alist_zoh_calls=0 alist_zoh_samples=0 musyx_subframes=0 musyx_voices=0 musyx_voice_peak=0
audio_stages: adpcm_calls=6590 adpcm_samples=722912 envmix_calls=8440 envmix_samples=1552960 mix_calls=54920 mix_samples=10105280 musyx_fx_calls=0 musyx_fx_taps=0 output_calls=342 output_samples=251896
audio_envmix: exp_calls=0 ge_calls=0 lin_calls=8440 nead_calls=0 exp_steady=0 ge_steady=0 lin_steady=7902
audio_gaps: nead_mats=0 nead_efz=0 resample_flag2=0 musyx_ptr10=0
audio_output: stream_requests=4282 stream_fed=869 input_hz=22047 playback_hz=22047 queue_peak_ms=140
probe_schema: version=2 self=1 interval=127
gpu_status: samples=30 command_busy=0 fifo_busy=0 over_high=0 under_low=30
vm_io: read_ahead=1 reads=58 hits=277 read_bytes=1900544 writes=0 write_bytes=0 errors=0
subsystem_time: stage=rsp_gfx calls=238 timed_calls=238 period=1 timed_us=313852
subsystem_time: stage=rsp_audio calls=343 timed_calls=343 period=1 timed_us=471583
subsystem_time: stage=rsp_other calls=1 timed_calls=1 period=1 timed_us=4
subsystem_time: stage=lookup calls=1606128 timed_calls=12646 period=127 timed_us=3286
subsystem_time: stage=compile calls=1389 timed_calls=1389 period=1 timed_us=204140
subsystem_time: stage=dispatch calls=1604553 timed_calls=12634 period=127 timed_us=14549
subsystem_self: stage=dispatch calls=1604553 timed_calls=12634 self_us=8936 dropped=0
subsystem_time: stage=execute_inclusive calls=1604553 timed_calls=12634 period=127 timed_us=87729
subsystem_self: stage=execute_inclusive calls=1604553 timed_calls=12634 self_us=28398 dropped=0
subsystem_time: stage=rom_copy calls=1048 timed_calls=1048 period=1 timed_us=251801
subsystem_time: stage=present calls=899 timed_calls=899 period=1 timed_us=240287
subsystem_time: stage=limiter calls=844 timed_calls=844 period=1 timed_us=9255470
subsystem_time: stage=vm_fault calls=335 timed_calls=335 period=1 timed_us=234125
subsystem_time: stage=vm_victim calls=335 timed_calls=335 period=1 timed_us=387
subsystem_time: stage=vm_read calls=58 timed_calls=58 period=1 timed_us=218232
subsystem_time: stage=vm_write calls=0 timed_calls=0 period=1 timed_us=0
subsystem_time: stage=tex_hash calls=7634 timed_calls=7634 period=1 timed_us=68917
subsystem_time: stage=tex_lookup calls=7634 timed_calls=7634 period=1 timed_us=2633
subsystem_time: stage=tex_load calls=24 timed_calls=24 period=1 timed_us=3613
subsystem_time: stage=tex_activate calls=7634 timed_calls=7634 period=1 timed_us=5046
subsystem_time: stage=draw_triangles calls=10096 timed_calls=10096 period=1 timed_us=34110
subsystem_time: stage=draw_rect calls=1687 timed_calls=1687 period=1 timed_us=9104
subsystem_time: stage=gfx_list calls=238 timed_calls=238 period=1 timed_us=313369
subsystem_time: stage=gfx_command calls=176157 timed_calls=1387 period=127 timed_us=2862
subsystem_time: stage=vertex calls=98130 timed_calls=772 period=127 timed_us=332
subsystem_time: stage=gfx_state calls=11689 timed_calls=92 period=127 timed_us=794
subsystem_self: stage=gfx_state calls=11689 timed_calls=92 self_us=208 dropped=0
subsystem_time: stage=gx_wait calls=4 timed_calls=4 period=1 timed_us=2601
subsystem_time: stage=dma_pi calls=1048 timed_calls=1048 period=1 timed_us=271004
subsystem_time: stage=dma_sp calls=1162 timed_calls=1162 period=1 timed_us=1193
subsystem_time: stage=dma_si calls=1351 timed_calls=1351 period=1 timed_us=3589
subsystem_time: stage=tlb_translate calls=0 timed_calls=0 period=127 timed_us=0
subsystem_time: stage=pif calls=1352 timed_calls=1352 period=1 timed_us=2849
subsystem_time: stage=input calls=388 timed_calls=388 period=1 timed_us=1709
subsystem_time: stage=guest_interrupt calls=5840 timed_calls=5840 period=1 timed_us=9552737
subsystem_self: stage=guest_interrupt calls=5840 timed_calls=5840 self_us=27215 dropped=0
subsystem_time: stage=interpreter_inclusive calls=0 timed_calls=0 period=1 timed_us=0
subsystem_self: stage=interpreter_inclusive calls=0 timed_calls=0 self_us=0 dropped=0
subsystem_time: stage=audio_submit calls=343 timed_calls=343 period=1 timed_us=5487
subsystem_time: stage=audio_callback calls=10299 timed_calls=10299 period=1 timed_us=4352
subsystem_time: stage=memory_slow calls=1084256 timed_calls=8537 period=127 timed_us=9234
subsystem_self: stage=memory_slow calls=1084256 timed_calls=8537 self_us=2815 dropped=0
subsystem_time: stage=jit_invalidate calls=1575 timed_calls=12 period=127 timed_us=2
subsystem_time: stage=cpu_helper calls=10253197 timed_calls=80733 period=127 timed_us=36330
subsystem_time: stage=storage_read calls=0 timed_calls=0 period=1 timed_us=0
subsystem_time: stage=storage_write calls=0 timed_calls=0 period=1 timed_us=0
subsystem_time: stage=save_load calls=0 timed_calls=0 period=1 timed_us=0
subsystem_time: stage=save_write calls=0 timed_calls=0 period=1 timed_us=0
subsystem_time: stage=state_load calls=0 timed_calls=0 period=1 timed_us=0
subsystem_time: stage=state_save calls=0 timed_calls=0 period=1 timed_us=0
subsystem_time: stage=probe_io calls=3 timed_calls=3 period=1 timed_us=37624
subsystem_time: stage=agent_poll calls=1812 timed_calls=1812 period=1 timed_us=451
audio_time: stage=resample sampled_calls=88 sampled_samples=16192 sampled_us=637
audio_time: stage=zoh sampled_calls=0 sampled_samples=0 sampled_us=0
audio_time: stage=adpcm sampled_calls=51 sampled_samples=5680 sampled_us=242
audio_time: stage=envmix_exp sampled_calls=0 sampled_samples=0 sampled_us=0
audio_time: stage=envmix_ge sampled_calls=0 sampled_samples=0 sampled_us=0
audio_time: stage=envmix_lin sampled_calls=66 sampled_samples=12144 sampled_us=1000
audio_time: stage=envmix_nead sampled_calls=0 sampled_samples=0 sampled_us=0
audio_time: stage=mix sampled_calls=432 sampled_samples=79488 sampled_us=1278
audio_time: stage=musyx_voice sampled_calls=0 sampled_samples=0 sampled_us=0
audio_time: stage=musyx_fx sampled_calls=0 sampled_samples=0 sampled_us=0
audio_time: stage=output sampled_calls=2 sampled_samples=1472 sampled_us=27
game: n=4/4 how=vis vis=900 vi_rate=60 vi0_retrace=9262 wall_us=15225316 sleep_us=9253091 avg_vis=59.86 avg_fps=28.16 exceptions=5086 cacheResets=1 recompiles=1389 batches=10096 verts=250029 texStalls=0 treeDepthMax=15 underruns=4 overruns=0 queue_peak_ms=125 dsp_avg=1.33 dsp_peak=1.65 dsp_samples=30 pmc1=4039629393 pmc2=4483864941 pmc3=0 pmc4=0 mmcr0=00000042 mmcr1=00000000 heap_used=10880984 heap_free=81320 arena1_free=487424 arena2_free=577472 flushes=3 flush_us=37623 padtrace=0 rom=sd:/wii64/roms/Donkey Kong 64 (USA).z64
=== chain 4/4 end vis=900 how=vis rom=sd:/wii64/roms/Donkey Kong 64 (USA).z64 ===
