--- wii64 perf log ---
mark: diag config: wiiload arguments
mark: wiiload dynacore argument received
mark: diag received dynacore line
mark: diag requested core: dynarec
mark: pad replay records: 1
selftest:
  raw[0]=51279653231510927
  raw[1]=51279653231510928
  raw[2]=51279653231510943
  raw[3]=51279653231510955
  raw[4]=51279653231510967
  delta[0]=0us
  delta[1]=0us
  delta[2]=0us
  delta[3]=0us
mark: audio quality: accurate
mark: audio modes: n64=0 output=0 mixer=0 latency=2 sync=0
mark: diag applied core: dynarec
mark: HBC agent ready
mark: loadROM: enter
mark: loadROM: before rom_read
mark: ROMCache_load: enter
menufps: 0.4
mark: ROMCache_load: before first read
mark: ROMCache_load: first read returned
mark: ROMCache_load: byte_swap_type set
mark: ROMCache_load: first byte_swap done
menufps: 0.2
menufps: 8.1
menufps: 2.7
menufps: 8.3
menufps: 8.4
menufps: 8.3
menufps: 8.3
menufps: 2.9
menufps: 1.3
menufps: 1.3
menufps: 1.3
menufps: 1.3
menufps: 1.3
menufps: 1.2
menufps: 3.7
menufps: 8.3
menufps: 8.3
menufps: 8.4
menufps: 8.3
mark: ROMCache_load: loop exited normally
mark: ROMCache_load: VM writeback complete
mark: loadROM: after rom_read
mark: loadROM: before init_memory
mark: loadROM: after init_memory
mark: loadROM: before romOpen_gfx
mark: loadROM: after romOpen_gfx / before romOpen_audio
mark: loadROM: after romOpen_audio / before romOpen_input
mark: loadROM: after romOpen_input / before cpu_init
mark: loadROM: after cpu_init
menufps: 0.1
menufps: 0.7
fps: 0.1
first_vi: vi0_retrace=2592
vis: 0.1
cpu: exceptions=0 cacheResets=0 batches=0 verts=0 texStalls=0 recompiles=0 underruns=0 overruns=0 sleep_us=0 queue_ms=0
mark: CPU core dispatch: dynarec
vis: 50.0
cpu: exceptions=1751 cacheResets=1 batches=0 verts=0 texStalls=0 recompiles=367 underruns=0 overruns=0 sleep_us=137656 queue_ms=0
fps: 1.3
vis: 50.0
cpu: exceptions=2779 cacheResets=1 batches=0 verts=0 texStalls=0 recompiles=807 underruns=1 overruns=0 sleep_us=498214 queue_ms=38
fps: 33.8
vis: 50.0
cpu: exceptions=2997 cacheResets=1 batches=0 verts=0 texStalls=0 recompiles=1244 underruns=1 overruns=0 sleep_us=806526 queue_ms=17
fps: 49.7
vis: 50.0
cpu: exceptions=3131 cacheResets=1 batches=0 verts=0 texStalls=0 recompiles=1253 underruns=1 overruns=0 sleep_us=1210026 queue_ms=28
fps: 50.2
vis: 50.0
cpu: exceptions=3286 cacheResets=1 batches=0 verts=0 texStalls=0 recompiles=1267 underruns=1 overruns=0 sleep_us=1593301 queue_ms=36
fps: 49.9
vis: 50.0
cpu: exceptions=3442 cacheResets=1 batches=0 verts=0 texStalls=0 recompiles=1269 underruns=1 overruns=0 sleep_us=1971524 queue_ms=47
fps: 50.1
vis: 50.0
cpu: exceptions=3593 cacheResets=1 batches=0 verts=0 texStalls=0 recompiles=1277 underruns=1 overruns=0 sleep_us=2343419 queue_ms=20
fps: 49.8
vis: 50.0
cpu: exceptions=3739 cacheResets=1 batches=0 verts=0 texStalls=0 recompiles=1277 underruns=1 overruns=0 sleep_us=2724027 queue_ms=37
fps: 50.2
vis: 50.0
cpu: exceptions=3888 cacheResets=1 batches=0 verts=0 texStalls=0 recompiles=1278 underruns=1 overruns=0 sleep_us=3102163 queue_ms=45
fps: 49.9
vis: 50.0
cpu: exceptions=4029 cacheResets=1 batches=0 verts=0 texStalls=0 recompiles=1279 underruns=1 overruns=0 sleep_us=3481511 queue_ms=50
fps: 50.1
vis: 50.0
cpu: exceptions=4178 cacheResets=1 batches=0 verts=0 texStalls=0 recompiles=1279 underruns=1 overruns=0 sleep_us=3858469 queue_ms=29
vis: 50.0
cpu: exceptions=4329 cacheResets=1 batches=0 verts=0 texStalls=0 recompiles=1280 underruns=1 overruns=0 sleep_us=4242416 queue_ms=46
fps: 49.8
vis: 50.0
cpu: exceptions=4479 cacheResets=1 batches=0 verts=0 texStalls=0 recompiles=1280 underruns=1 overruns=0 sleep_us=4619868 queue_ms=48
fps: 50.1
vis: 50.0
cpu: exceptions=4625 cacheResets=1 batches=0 verts=0 texStalls=0 recompiles=1280 underruns=1 overruns=0 sleep_us=4993778 queue_ms=50
fps: 50.0
vis: 50.0
cpu: exceptions=4765 cacheResets=1 batches=0 verts=0 texStalls=0 recompiles=1283 underruns=1 overruns=0 sleep_us=5364673 queue_ms=38
fps: 50.0
vis: 50.0
cpu: exceptions=4902 cacheResets=1 batches=0 verts=0 texStalls=0 recompiles=1283 underruns=1 overruns=0 sleep_us=5742927 queue_ms=40
fps: 50.0
vis: 50.0
cpu: exceptions=5045 cacheResets=1 batches=0 verts=0 texStalls=0 recompiles=1283 underruns=1 overruns=0 sleep_us=6124333 queue_ms=56
fps: 50.1
vis: 50.0
cpu: exceptions=5191 cacheResets=1 batches=0 verts=0 texStalls=0 recompiles=1283 underruns=1 overruns=0 sleep_us=6512234 queue_ms=53
fps: 49.9
vis: 50.0
cpu: exceptions=5340 cacheResets=1 batches=0 verts=0 texStalls=0 recompiles=1283 underruns=1 overruns=0 sleep_us=6892053 queue_ms=41
fps: 48.7
vis: 50.0
cpu: exceptions=5489 cacheResets=1 batches=0 verts=0 texStalls=0 recompiles=1283 underruns=1 overruns=0 sleep_us=7272848 queue_ms=30
fps: 49.9
vis: 50.0
cpu: exceptions=5635 cacheResets=1 batches=0 verts=0 texStalls=0 recompiles=1283 underruns=1 overruns=0 sleep_us=7650843 queue_ms=41
fps: 50.0
vis: 50.0
cpu: exceptions=5777 cacheResets=1 batches=0 verts=0 texStalls=0 recompiles=1283 underruns=1 overruns=0 sleep_us=8034844 queue_ms=43
fps: 49.9
vis: 50.0
cpu: exceptions=5929 cacheResets=1 batches=0 verts=0 texStalls=0 recompiles=1283 underruns=1 overruns=0 sleep_us=8412291 queue_ms=31
fps: 50.0
vis: 50.0
cpu: exceptions=6072 cacheResets=1 batches=0 verts=0 texStalls=0 recompiles=1283 underruns=1 overruns=0 sleep_us=8785604 queue_ms=33
fps: 50.0
vis: 50.0
cpu: exceptions=6226 cacheResets=1 batches=0 verts=0 texStalls=0 recompiles=1283 underruns=1 overruns=0 sleep_us=9162208 queue_ms=50
fps: 50.1
vis: 50.0
cpu: exceptions=6372 cacheResets=1 batches=0 verts=0 texStalls=0 recompiles=1283 underruns=1 overruns=0 sleep_us=9540200 queue_ms=52
fps: 49.9
vis: 50.0
cpu: exceptions=6517 cacheResets=1 batches=0 verts=0 texStalls=0 recompiles=1283 underruns=1 overruns=0 sleep_us=9912836 queue_ms=34
fps: 50.2
vis: 50.0
cpu: exceptions=6667 cacheResets=1 batches=0 verts=0 texStalls=0 recompiles=1283 underruns=1 overruns=0 sleep_us=10282281 queue_ms=42
fps: 50.0
vis: 50.0
cpu: exceptions=6817 cacheResets=1 batches=0 verts=0 texStalls=0 recompiles=1283 underruns=1 overruns=0 sleep_us=10646215 queue_ms=44
fps: 50.0
vis: 50.0
cpu: exceptions=6960 cacheResets=1 batches=0 verts=0 texStalls=0 recompiles=1283 underruns=1 overruns=0 sleep_us=11010750 queue_ms=55
fps: 49.9
vis: 50.0
cpu: exceptions=7101 cacheResets=1 batches=0 verts=0 texStalls=0 recompiles=1283 underruns=1 overruns=0 sleep_us=11376786 queue_ms=34
fps: 50.1
vis: 50.0
cpu: exceptions=7252 cacheResets=1 batches=0 verts=0 texStalls=0 recompiles=1283 underruns=1 overruns=0 sleep_us=11753057 queue_ms=45
fps: 49.9
vis: 50.0
cpu: exceptions=7422 cacheResets=1 batches=0 verts=0 texStalls=0 recompiles=1286 underruns=1 overruns=0 sleep_us=12121064 queue_ms=53
fps: 50.1
vis: 50.0
cpu: exceptions=7568 cacheResets=1 batches=0 verts=0 texStalls=0 recompiles=1286 underruns=1 overruns=0 sleep_us=12490015 queue_ms=64
fps: 49.8
vis: 50.0
cpu: exceptions=7723 cacheResets=1 batches=0 verts=0 texStalls=0 recompiles=1286 underruns=1 overruns=0 sleep_us=12858142 queue_ms=37
fps: 50.1
mark: stop reason: chain guest VI limit
mark: stop_it requested
audio: alist_resample_calls=29202 alist_resample_samples=5373168 alist_zoh_calls=0 alist_zoh_samples=0 musyx_subframes=0 musyx_voices=0 musyx_voice_peak=0
audio_stages: adpcm_calls=30702 adpcm_samples=5024896 envmix_calls=29202 envmix_samples=5373168 mix_calls=30350 mix_samples=5584400 musyx_fx_calls=0 musyx_fx_taps=0 output_calls=652 output_samples=557520
audio_envmix: exp_calls=0 ge_calls=0 lin_calls=29202 nead_calls=0 exp_steady=0 ge_steady=0 lin_steady=16497
audio_gaps: nead_mats=0 nead_efz=0 resample_flag2=0 musyx_ptr10=0
audio_output: stream_requests=3822 stream_fed=1933 input_hz=31995 playback_hz=31995 queue_peak_ms=85
vm_io: read_ahead=1 reads=41 hits=251 read_bytes=1343488 writes=0 write_bytes=0 errors=0
subsystem_time: stage=rsp_gfx calls=852 timed_calls=852 period=1 timed_us=782917
subsystem_time: stage=rsp_audio calls=653 timed_calls=653 period=1 timed_us=1139458
subsystem_time: stage=rsp_other calls=0 timed_calls=0 period=1 timed_us=0
subsystem_time: stage=lookup calls=1674313 timed_calls=13183 period=127 timed_us=3197
subsystem_time: stage=compile calls=1286 timed_calls=1286 period=1 timed_us=81122
subsystem_time: stage=dispatch calls=1671757 timed_calls=13163 period=127 timed_us=5244
subsystem_time: stage=execute_inclusive calls=1671757 timed_calls=13163 period=127 timed_us=107061
subsystem_time: stage=rom_copy calls=940 timed_calls=940 period=1 timed_us=185380
subsystem_time: stage=present calls=899 timed_calls=899 period=1 timed_us=19960
subsystem_time: stage=limiter calls=880 timed_calls=880 period=1 timed_us=13205556
subsystem_time: stage=vm_fault calls=292 timed_calls=292 period=1 timed_us=166736
subsystem_time: stage=vm_victim calls=292 timed_calls=292 period=1 timed_us=297
subsystem_time: stage=vm_read calls=41 timed_calls=41 period=1 timed_us=153075
subsystem_time: stage=vm_write calls=0 timed_calls=0 period=1 timed_us=0
audio_time: stage=resample sampled_calls=229 sampled_samples=42136 sampled_us=1652
audio_time: stage=zoh sampled_calls=0 sampled_samples=0 sampled_us=0
audio_time: stage=adpcm sampled_calls=241 sampled_samples=40144 sampled_us=1637
audio_time: stage=envmix_exp sampled_calls=0 sampled_samples=0 sampled_us=0
audio_time: stage=envmix_ge sampled_calls=0 sampled_samples=0 sampled_us=0
audio_time: stage=envmix_lin sampled_calls=229 sampled_samples=42136 sampled_us=4310
audio_time: stage=envmix_nead sampled_calls=0 sampled_samples=0 sampled_us=0
audio_time: stage=mix sampled_calls=238 sampled_samples=43792 sampled_us=712
audio_time: stage=musyx_voice sampled_calls=0 sampled_samples=0 sampled_us=0
audio_time: stage=musyx_fx sampled_calls=0 sampled_samples=0 sampled_us=0
audio_time: stage=output sampled_calls=5 sampled_samples=4232 sampled_us=66
game: n=1/3 how=vis vis=900 vi_rate=50 vi0_retrace=2592 wall_us=18173607 sleep_us=13202927 avg_vis=48.61 avg_fps=46.67 exceptions=7875 cacheResets=1 recompiles=1286 batches=0 verts=0 texStalls=0 treeDepthMax=18 underruns=1 overruns=0 queue_peak_ms=64 dsp_avg=1.45 dsp_peak=1.65 pmc1=3380257134 pmc2=3285293852 pmc3=0 pmc4=0 mmcr0=00000042 mmcr1=00000000 heap_used=10865728 heap_free=36712 arena1_free=557056 arena2_free=577472 flushes=3 flush_us=34420 padtrace=4 rom=sd:/wii64/roms/Mario Party 3 (E) (M4) [!].z64
=== chain 1/3 end vis=900 how=vis rom=sd:/wii64/roms/Mario Party 3 (E) (M4) [!].z64 ===
mark: pad replay records: 1
mark: loadROM: enter
mark: loadROM: before rom_read
mark: ROMCache_load: enter
mark: ROMCache_load: before first read
mark: ROMCache_load: first read returned
mark: ROMCache_load: byte_swap_type set
mark: ROMCache_load: first byte_swap done
menufps: 0.1
menufps: 8.6
menufps: 8.3
menufps: 8.3
menufps: 8.1
menufps: 8.3
menufps: 7.8
menufps: 2.1
menufps: 1.3
menufps: 1.3
menufps: 1.3
menufps: 1.3
menufps: 1.3
menufps: 1.2
menufps: 3.8
menufps: 8.3
menufps: 8.3
menufps: 8.3
menufps: 8.4
mark: ROMCache_load: loop exited normally
mark: ROMCache_load: VM writeback complete
mark: loadROM: after rom_read
mark: loadROM: before init_memory
mark: loadROM: after init_memory
mark: loadROM: before romOpen_gfx
mark: loadROM: after romOpen_gfx / before romOpen_audio
mark: loadROM: after romOpen_audio / before romOpen_input
mark: loadROM: after romOpen_input / before cpu_init
mark: loadROM: after cpu_init
menufps: 0.1
menufps: 0.7
first_vi: vi0_retrace=5679
mark: CPU core dispatch: dynarec
vis: 60.0
cpu: exceptions=81 cacheResets=1 batches=0 verts=0 texStalls=0 recompiles=242 underruns=1 overruns=0 sleep_us=27296 queue_ms=130
vis: 60.0
cpu: exceptions=211 cacheResets=1 batches=0 verts=0 texStalls=0 recompiles=372 underruns=1 overruns=0 sleep_us=435802 queue_ms=117
vis: 60.0
cpu: exceptions=314 cacheResets=1 batches=0 verts=0 texStalls=0 recompiles=452 underruns=1 overruns=0 sleep_us=783123 queue_ms=126
vis: 60.0
cpu: exceptions=1396 cacheResets=1 batches=0 verts=0 texStalls=0 recompiles=713 underruns=1 overruns=0 sleep_us=1018588 queue_ms=126
vis: 60.0
cpu: exceptions=1964 cacheResets=1 batches=0 verts=0 texStalls=0 recompiles=717 underruns=1 overruns=0 sleep_us=1309620 queue_ms=100
vis: 60.0
cpu: exceptions=6118 cacheResets=1 batches=0 verts=0 texStalls=0 recompiles=1011 underruns=1 overruns=0 sleep_us=1396681 queue_ms=108
fps: 0.3
vis: 60.0
cpu: exceptions=6946 cacheResets=1 batches=14 verts=1764 texStalls=0 recompiles=1178 underruns=1 overruns=0 sleep_us=1793871 queue_ms=108
fps: 31.9
vis: 60.0
cpu: exceptions=7093 cacheResets=1 batches=29 verts=3654 texStalls=0 recompiles=1178 underruns=1 overruns=0 sleep_us=2230942 queue_ms=108
fps: 30.0
vis: 60.0
cpu: exceptions=7241 cacheResets=1 batches=44 verts=5544 texStalls=0 recompiles=1178 underruns=1 overruns=0 sleep_us=2668030 queue_ms=104
fps: 30.0
vis: 60.0
cpu: exceptions=7387 cacheResets=1 batches=59 verts=7434 texStalls=0 recompiles=1178 underruns=1 overruns=0 sleep_us=3105535 queue_ms=104
fps: 30.0
vis: 60.0
cpu: exceptions=7534 cacheResets=1 batches=74 verts=9324 texStalls=0 recompiles=1178 underruns=1 overruns=0 sleep_us=3542644 queue_ms=104
fps: 30.0
vis: 60.0
cpu: exceptions=7681 cacheResets=1 batches=89 verts=11214 texStalls=0 recompiles=1178 underruns=1 overruns=0 sleep_us=3980124 queue_ms=113
fps: 30.0
vis: 60.0
cpu: exceptions=7827 cacheResets=1 batches=104 verts=13104 texStalls=0 recompiles=1178 underruns=1 overruns=0 sleep_us=4417087 queue_ms=100
fps: 30.0
vis: 60.0
cpu: exceptions=7974 cacheResets=1 batches=119 verts=14994 texStalls=0 recompiles=1178 underruns=1 overruns=0 sleep_us=4854119 queue_ms=100
fps: 30.0
vis: 60.0
cpu: exceptions=8121 cacheResets=1 batches=134 verts=16884 texStalls=0 recompiles=1179 underruns=1 overruns=0 sleep_us=5304083 queue_ms=108
fps: 30.0
vis: 60.0
cpu: exceptions=8268 cacheResets=1 batches=149 verts=18774 texStalls=0 recompiles=1179 underruns=1 overruns=0 sleep_us=5754834 queue_ms=95
fps: 30.0
vis: 60.0
cpu: exceptions=8416 cacheResets=1 batches=164 verts=20664 texStalls=0 recompiles=1179 underruns=1 overruns=0 sleep_us=6205579 queue_ms=104
fps: 30.0
vis: 60.0
cpu: exceptions=8562 cacheResets=1 batches=179 verts=22554 texStalls=0 recompiles=1179 underruns=1 overruns=0 sleep_us=6656738 queue_ms=104
fps: 30.0
vis: 60.0
cpu: exceptions=8709 cacheResets=1 batches=194 verts=24444 texStalls=0 recompiles=1179 underruns=1 overruns=0 sleep_us=7107485 queue_ms=104
fps: 30.0
vis: 60.0
cpu: exceptions=8857 cacheResets=1 batches=209 verts=26334 texStalls=0 recompiles=1179 underruns=1 overruns=0 sleep_us=7558200 queue_ms=100
fps: 30.0
vis: 60.0
cpu: exceptions=9003 cacheResets=1 batches=224 verts=28224 texStalls=0 recompiles=1179 underruns=1 overruns=0 sleep_us=8009346 queue_ms=100
fps: 30.0
vis: 60.0
cpu: exceptions=9150 cacheResets=1 batches=239 verts=30114 texStalls=0 recompiles=1179 underruns=1 overruns=0 sleep_us=8460072 queue_ms=100
fps: 30.0
vis: 60.0
cpu: exceptions=9297 cacheResets=1 batches=254 verts=32004 texStalls=0 recompiles=1179 underruns=1 overruns=0 sleep_us=8913066 queue_ms=95
fps: 30.0
vis: 60.0
cpu: exceptions=9443 cacheResets=1 batches=269 verts=33894 texStalls=0 recompiles=1179 underruns=1 overruns=0 sleep_us=9364630 queue_ms=95
fps: 29.1
vis: 60.0
cpu: exceptions=9591 cacheResets=1 batches=284 verts=35784 texStalls=0 recompiles=1179 underruns=1 overruns=0 sleep_us=9816174 queue_ms=91
fps: 30.0
vis: 60.0
cpu: exceptions=9737 cacheResets=1 batches=299 verts=37674 texStalls=0 recompiles=1179 underruns=1 overruns=0 sleep_us=10268221 queue_ms=78
fps: 30.0
vis: 60.0
cpu: exceptions=9884 cacheResets=1 batches=314 verts=39564 texStalls=0 recompiles=1179 underruns=1 overruns=0 sleep_us=10719842 queue_ms=78
fps: 30.0
vis: 60.0
cpu: exceptions=10032 cacheResets=1 batches=329 verts=41454 texStalls=0 recompiles=1179 underruns=1 overruns=0 sleep_us=11171475 queue_ms=87
fps: 30.0
vis: 60.0
cpu: exceptions=10178 cacheResets=1 batches=344 verts=43344 texStalls=0 recompiles=1179 underruns=1 overruns=0 sleep_us=11623575 queue_ms=87
fps: 30.0
mark: stop reason: chain guest VI limit
mark: stop_it requested
audio: alist_resample_calls=0 alist_resample_samples=0 alist_zoh_calls=0 alist_zoh_samples=0 musyx_subframes=1679 musyx_voices=0 musyx_voice_peak=0
audio_stages: adpcm_calls=0 adpcm_samples=0 envmix_calls=0 envmix_samples=0 mix_calls=0 mix_samples=0 musyx_fx_calls=1610 musyx_fx_taps=3220 output_calls=1686 output_samples=323712
audio_envmix: exp_calls=0 ge_calls=0 lin_calls=0 nead_calls=0 exp_steady=0 ge_steady=0 lin_steady=0
audio_gaps: nead_mats=0 nead_efz=0 resample_flag2=0 musyx_ptr10=0
audio_output: stream_requests=2905 stream_fed=1119 input_hz=22047 playback_hz=22047 queue_peak_ms=143
vm_io: read_ahead=1 reads=77 hits=294 read_bytes=2523136 writes=0 write_bytes=0 errors=0
subsystem_time: stage=rsp_gfx calls=358 timed_calls=358 period=1 timed_us=505872
subsystem_time: stage=rsp_audio calls=439 timed_calls=439 period=1 timed_us=46019
subsystem_time: stage=rsp_other calls=0 timed_calls=0 period=1 timed_us=0
subsystem_time: stage=lookup calls=829702 timed_calls=6533 period=127 timed_us=1345
subsystem_time: stage=compile calls=1179 timed_calls=1179 period=1 timed_us=71823
subsystem_time: stage=dispatch calls=827599 timed_calls=6516 period=127 timed_us=2856
subsystem_time: stage=execute_inclusive calls=827599 timed_calls=6516 period=127 timed_us=59244
subsystem_time: stage=rom_copy calls=4991 timed_calls=4991 period=1 timed_us=314907
subsystem_time: stage=present calls=899 timed_calls=899 period=1 timed_us=65866
subsystem_time: stage=limiter calls=841 timed_calls=841 period=1 timed_us=12047468
subsystem_time: stage=vm_fault calls=371 timed_calls=371 period=1 timed_us=306804
subsystem_time: stage=vm_victim calls=371 timed_calls=371 period=1 timed_us=384
subsystem_time: stage=vm_read calls=77 timed_calls=77 period=1 timed_us=289390
subsystem_time: stage=vm_write calls=0 timed_calls=0 period=1 timed_us=0
audio_time: stage=resample sampled_calls=0 sampled_samples=0 sampled_us=0
audio_time: stage=zoh sampled_calls=0 sampled_samples=0 sampled_us=0
audio_time: stage=adpcm sampled_calls=0 sampled_samples=0 sampled_us=0
audio_time: stage=envmix_exp sampled_calls=0 sampled_samples=0 sampled_us=0
audio_time: stage=envmix_ge sampled_calls=0 sampled_samples=0 sampled_us=0
audio_time: stage=envmix_lin sampled_calls=0 sampled_samples=0 sampled_us=0
audio_time: stage=envmix_nead sampled_calls=0 sampled_samples=0 sampled_us=0
audio_time: stage=mix sampled_calls=0 sampled_samples=0 sampled_us=0
audio_time: stage=musyx_voice sampled_calls=0 sampled_samples=0 sampled_us=0
audio_time: stage=musyx_fx sampled_calls=12 sampled_samples=24 sampled_us=244
audio_time: stage=output sampled_calls=13 sampled_samples=2496 sampled_us=52
game: n=2/3 how=vis vis=900 vi_rate=60 vi0_retrace=5679 wall_us=15183482 sleep_us=12045134 avg_vis=60.00 avg_fps=28.80 exceptions=10321 cacheResets=1 recompiles=1179 batches=358 verts=45108 texStalls=0 treeDepthMax=19 underruns=1 overruns=0 queue_peak_ms=130 dsp_avg=1.37 dsp_peak=1.55 pmc1=1930585584 pmc2=2067107660 pmc3=0 pmc4=0 mmcr0=00000042 mmcr1=00000000 heap_used=10857280 heap_free=45160 arena1_free=557056 arena2_free=577472 flushes=4 flush_us=46063 padtrace=0 rom=sd:/wii64/roms/007 - The World Is Not Enough (USA).z64
=== chain 2/3 end vis=900 how=vis rom=sd:/wii64/roms/007 - The World Is Not Enough (USA).z64 ===
mark: pad replay records: 1
mark: loadROM: enter
mark: loadROM: before rom_read
mark: ROMCache_load: enter
mark: ROMCache_load: before first read
mark: ROMCache_load: first read returned
mark: ROMCache_load: byte_swap_type set
mark: ROMCache_load: first byte_swap done
menufps: 0.1
menufps: 8.4
menufps: 7.8
menufps: 8.3
menufps: 8.3
menufps: 8.0
menufps: 8.3
menufps: 2.9
menufps: 1.3
menufps: 1.2
menufps: 1.3
menufps: 1.3
menufps: 1.2
menufps: 1.3
menufps: 3.7
menufps: 8.4
menufps: 8.0
menufps: 8.3
menufps: 8.3
mark: ROMCache_load: loop exited normally
mark: ROMCache_load: VM writeback complete
mark: loadROM: after rom_read
mark: loadROM: before init_memory
mark: loadROM: after init_memory
mark: loadROM: before romOpen_gfx
mark: loadROM: after romOpen_gfx / before romOpen_audio
mark: loadROM: after romOpen_audio / before romOpen_input
mark: loadROM: after romOpen_input / before cpu_init
mark: loadROM: after cpu_init
menufps: 0.2
menufps: 0.7
fps: 0.3
first_vi: vi0_retrace=8597
vis: 0.9
cpu: exceptions=0 cacheResets=0 batches=0 verts=0 texStalls=0 recompiles=0 underruns=0 overruns=0 sleep_us=0 queue_ms=0
mark: CPU core dispatch: dynarec
vis: 60.0
cpu: exceptions=33 cacheResets=1 batches=0 verts=0 texStalls=0 recompiles=82 underruns=0 overruns=0 sleep_us=46968 queue_ms=0
vis: 60.0
cpu: exceptions=63 cacheResets=1 batches=0 verts=0 texStalls=0 recompiles=82 underruns=0 overruns=0 sleep_us=415912 queue_ms=0
vis: 60.0
cpu: exceptions=93 cacheResets=1 batches=0 verts=0 texStalls=0 recompiles=82 underruns=0 overruns=0 sleep_us=784179 queue_ms=0
vis: 60.0
cpu: exceptions=205 cacheResets=1 batches=0 verts=0 texStalls=0 recompiles=182 underruns=0 overruns=0 sleep_us=1108206 queue_ms=0
vis: 60.0
cpu: exceptions=246 cacheResets=1 batches=0 verts=0 texStalls=0 recompiles=188 underruns=0 overruns=0 sleep_us=1455458 queue_ms=0
vis: 60.0
cpu: exceptions=288 cacheResets=1 batches=0 verts=0 texStalls=0 recompiles=188 underruns=0 overruns=0 sleep_us=1797571 queue_ms=0
vis: 60.0
cpu: exceptions=318 cacheResets=1 batches=0 verts=0 texStalls=0 recompiles=188 underruns=0 overruns=0 sleep_us=2137185 queue_ms=0
vis: 60.0
cpu: exceptions=395 cacheResets=1 batches=0 verts=0 texStalls=0 recompiles=314 underruns=1 overruns=0 sleep_us=2560646 queue_ms=24
vis: 60.0
cpu: exceptions=472 cacheResets=1 batches=0 verts=0 texStalls=0 recompiles=323 underruns=1 overruns=0 sleep_us=3012118 queue_ms=28
vis: 60.0
cpu: exceptions=547 cacheResets=1 batches=0 verts=0 texStalls=0 recompiles=323 underruns=1 overruns=0 sleep_us=3467895 queue_ms=33
vis: 60.0
cpu: exceptions=741 cacheResets=1 batches=0 verts=0 texStalls=0 recompiles=434 underruns=2 overruns=0 sleep_us=3719515 queue_ms=50
vis: 60.0
cpu: exceptions=966 cacheResets=1 batches=0 verts=0 texStalls=0 recompiles=434 underruns=2 overruns=0 sleep_us=3959167 queue_ms=41
vis: 60.0
cpu: exceptions=1153 cacheResets=1 batches=0 verts=0 texStalls=0 recompiles=448 underruns=2 overruns=0 sleep_us=4214219 queue_ms=46
vis: 59.9
cpu: exceptions=1394 cacheResets=1 batches=0 verts=0 texStalls=0 recompiles=497 underruns=2 overruns=0 sleep_us=4444903 queue_ms=50
fps: 0.1
vis: 60.0
cpu: exceptions=1688 cacheResets=1 batches=591 verts=8424 texStalls=0 recompiles=1254 underruns=3 overruns=0 sleep_us=4605182 queue_ms=107
fps: 31.0
vis: 60.0
cpu: exceptions=1962 cacheResets=1 batches=1476 verts=20754 texStalls=0 recompiles=1255 underruns=3 overruns=0 sleep_us=4957363 queue_ms=111
fps: 30.0
vis: 60.0
cpu: exceptions=2239 cacheResets=1 batches=2361 verts=33084 texStalls=0 recompiles=1276 underruns=3 overruns=0 sleep_us=5298609 queue_ms=115
fps: 30.0
vis: 60.0
cpu: exceptions=2516 cacheResets=1 batches=3246 verts=45414 texStalls=0 recompiles=1279 underruns=3 overruns=0 sleep_us=5659863 queue_ms=107
fps: 30.0
vis: 60.0
cpu: exceptions=2791 cacheResets=1 batches=4131 verts=57744 texStalls=0 recompiles=1294 underruns=3 overruns=0 sleep_us=6020976 queue_ms=111
fps: 30.0
vis: 60.0
cpu: exceptions=3077 cacheResets=1 batches=5016 verts=70074 texStalls=0 recompiles=1300 underruns=3 overruns=0 sleep_us=6369206 queue_ms=115
fps: 30.0
vis: 60.0
cpu: exceptions=3360 cacheResets=1 batches=5901 verts=82404 texStalls=0 recompiles=1300 underruns=3 overruns=0 sleep_us=6716285 queue_ms=107
fps: 30.0
vis: 60.0
cpu: exceptions=3640 cacheResets=1 batches=6786 verts=94734 texStalls=0 recompiles=1302 underruns=3 overruns=0 sleep_us=7068706 queue_ms=111
fps: 30.0
vis: 60.0
cpu: exceptions=3921 cacheResets=1 batches=7671 verts=107064 texStalls=0 recompiles=1351 underruns=3 overruns=0 sleep_us=7419084 queue_ms=115
fps: 30.1
vis: 60.0
cpu: exceptions=4199 cacheResets=1 batches=7971 verts=112194 texStalls=0 recompiles=1366 underruns=3 overruns=0 sleep_us=7792827 queue_ms=120
fps: 30.0
vis: 60.0
cpu: exceptions=4353 cacheResets=1 batches=8071 verts=113904 texStalls=0 recompiles=1383 underruns=3 overruns=0 sleep_us=8157144 queue_ms=111
fps: 30.0
vis: 60.0
cpu: exceptions=4500 cacheResets=1 batches=8476 verts=141129 texStalls=0 recompiles=1384 underruns=3 overruns=0 sleep_us=8514026 queue_ms=115
fps: 30.0
vis: 60.0
cpu: exceptions=4648 cacheResets=1 batches=8881 verts=168354 texStalls=0 recompiles=1386 underruns=3 overruns=0 sleep_us=8873945 queue_ms=120
fps: 30.0
vis: 60.0
cpu: exceptions=4795 cacheResets=1 batches=9286 verts=195579 texStalls=0 recompiles=1387 underruns=3 overruns=0 sleep_us=9243025 queue_ms=111
fps: 30.0
vis: 60.0
cpu: exceptions=4941 cacheResets=1 batches=9691 verts=222804 texStalls=0 recompiles=1387 underruns=3 overruns=0 sleep_us=9609144 queue_ms=115
fps: 30.0
mark: stop reason: chain guest VI limit
mark: stop_it requested
vis: 57.7
cpu: exceptions=5086 cacheResets=1 batches=10096 verts=250029 texStalls=0 recompiles=1389 underruns=3 overruns=0 sleep_us=9947841 queue_ms=86
audio: alist_resample_calls=11186 alist_resample_samples=2058224 alist_zoh_calls=0 alist_zoh_samples=0 musyx_subframes=0 musyx_voices=0 musyx_voice_peak=0
audio_stages: adpcm_calls=6590 adpcm_samples=722912 envmix_calls=8440 envmix_samples=1552960 mix_calls=54920 mix_samples=10105280 musyx_fx_calls=0 musyx_fx_taps=0 output_calls=342 output_samples=251896
audio_envmix: exp_calls=0 ge_calls=0 lin_calls=8440 nead_calls=0 exp_steady=0 ge_steady=0 lin_steady=7902
audio_gaps: nead_mats=0 nead_efz=0 resample_flag2=0 musyx_ptr10=0
audio_output: stream_requests=4246 stream_fed=869 input_hz=22047 playback_hz=22047 queue_peak_ms=137
vm_io: read_ahead=1 reads=58 hits=277 read_bytes=1900544 writes=0 write_bytes=0 errors=0
subsystem_time: stage=rsp_gfx calls=238 timed_calls=238 period=1 timed_us=295905
subsystem_time: stage=rsp_audio calls=343 timed_calls=343 period=1 timed_us=472188
subsystem_time: stage=rsp_other calls=1 timed_calls=1 period=1 timed_us=4
subsystem_time: stage=lookup calls=1606290 timed_calls=12647 period=127 timed_us=2531
subsystem_time: stage=compile calls=1389 timed_calls=1389 period=1 timed_us=203075
subsystem_time: stage=dispatch calls=1604715 timed_calls=12635 period=127 timed_us=5645
subsystem_time: stage=execute_inclusive calls=1604715 timed_calls=12635 period=127 timed_us=82962
subsystem_time: stage=rom_copy calls=1048 timed_calls=1048 period=1 timed_us=251876
subsystem_time: stage=present calls=899 timed_calls=899 period=1 timed_us=239685
subsystem_time: stage=limiter calls=850 timed_calls=850 period=1 timed_us=9950085
subsystem_time: stage=vm_fault calls=335 timed_calls=335 period=1 timed_us=234357
subsystem_time: stage=vm_victim calls=335 timed_calls=335 period=1 timed_us=366
subsystem_time: stage=vm_read calls=58 timed_calls=58 period=1 timed_us=218571
subsystem_time: stage=vm_write calls=0 timed_calls=0 period=1 timed_us=0
audio_time: stage=resample sampled_calls=88 sampled_samples=16192 sampled_us=635
audio_time: stage=zoh sampled_calls=0 sampled_samples=0 sampled_us=0
audio_time: stage=adpcm sampled_calls=51 sampled_samples=5680 sampled_us=243
audio_time: stage=envmix_exp sampled_calls=0 sampled_samples=0 sampled_us=0
audio_time: stage=envmix_ge sampled_calls=0 sampled_samples=0 sampled_us=0
audio_time: stage=envmix_lin sampled_calls=66 sampled_samples=12144 sampled_us=1003
audio_time: stage=envmix_nead sampled_calls=0 sampled_samples=0 sampled_us=0
audio_time: stage=mix sampled_calls=432 sampled_samples=79488 sampled_us=1272
audio_time: stage=musyx_voice sampled_calls=0 sampled_samples=0 sampled_us=0
audio_time: stage=musyx_fx sampled_calls=0 sampled_samples=0 sampled_us=0
audio_time: stage=output sampled_calls=2 sampled_samples=1472 sampled_us=28
game: n=3/3 how=vis vis=900 vi_rate=60 vi0_retrace=8597 wall_us=15170109 sleep_us=9947841 avg_vis=58.02 avg_fps=26.56 exceptions=5087 cacheResets=1 recompiles=1389 batches=10096 verts=250029 texStalls=0 treeDepthMax=15 underruns=3 overruns=0 queue_peak_ms=120 dsp_avg=1.37 dsp_peak=1.80 pmc1=3507421076 pmc2=3699600021 pmc3=0 pmc4=0 mmcr0=00000042 mmcr1=00000000 heap_used=10881088 heap_free=33640 arena1_free=544768 arena2_free=577472 flushes=3 flush_us=40480 padtrace=0 rom=sd:/wii64/roms/Donkey Kong 64 (USA).z64
=== chain 3/3 end vis=900 how=vis rom=sd:/wii64/roms/Donkey Kong 64 (USA).z64 ===
