--- wii64 perf log ---
mark: diag received dynacore line
mark: diag requested core: dynarec
mark: pad replay records: 1
selftest:
  raw[0]=51279178218925260
  raw[1]=51279178218925261
  raw[2]=51279178218925274
  raw[3]=51279178218925286
  raw[4]=51279178218925299
  delta[0]=0us
  delta[1]=0us
  delta[2]=0us
  delta[3]=0us
mark: audio quality: accurate
mark: audio modes: n64=0 output=0 mixer=0 latency=2 sync=0
mark: diag applied core: dynarec
mark: loadROM: enter
mark: loadROM: before rom_read
mark: ROMCache_load: enter
mark: ROMCache_load: before first read
mark: ROMCache_load: first read returned
mark: ROMCache_load: byte_swap_type set
mark: ROMCache_load: first byte_swap done
mark: ROMCache_load: loop exited normally
mark: loadROM: after rom_read
mark: loadROM: before init_memory
mark: loadROM: after init_memory
mark: loadROM: before romOpen_gfx
mark: loadROM: after romOpen_gfx / before romOpen_audio
mark: loadROM: after romOpen_audio / before romOpen_input
mark: loadROM: after romOpen_input / before cpu_init
mark: loadROM: after cpu_init
menufps: 5.7
fps: 0.1
first_vi: vi0_retrace=201
vis: 0.1
cpu: exceptions=0 cacheResets=0 batches=0 verts=0 texStalls=0 recompiles=0 underruns=0 overruns=0 sleep_us=0 queue_ms=0
mark: CPU core dispatch: dynarec
vis: 60.0
cpu: exceptions=240 cacheResets=1 batches=0 verts=0 texStalls=0 recompiles=189 underruns=2 overruns=0 sleep_us=265609 queue_ms=91
vis: 60.0
cpu: exceptions=540 cacheResets=1 batches=0 verts=0 texStalls=0 recompiles=198 underruns=2 overruns=0 sleep_us=746343 queue_ms=87
vis: 60.0
cpu: exceptions=840 cacheResets=1 batches=0 verts=0 texStalls=0 recompiles=204 underruns=2 overruns=0 sleep_us=1227271 queue_ms=93
vis: 60.0
cpu: exceptions=1135 cacheResets=1 batches=0 verts=0 texStalls=0 recompiles=204 underruns=2 overruns=0 sleep_us=1708854 queue_ms=88
fps: 0.5
vis: 60.0
cpu: exceptions=1431 cacheResets=1 batches=414 verts=9387 texStalls=0 recompiles=468 underruns=3 overruns=0 sleep_us=2008364 queue_ms=2
fps: 20.6
vis: 60.0
cpu: exceptions=1588 cacheResets=1 batches=2484 verts=56322 texStalls=0 recompiles=475 underruns=3 overruns=0 sleep_us=2433843 queue_ms=9
fps: 29.8
vis: 60.0
cpu: exceptions=1752 cacheResets=1 batches=4554 verts=103257 texStalls=0 recompiles=478 underruns=3 overruns=0 sleep_us=2857335 queue_ms=6
fps: 30.1
vis: 60.0
cpu: exceptions=1894 cacheResets=1 batches=6624 verts=150192 texStalls=0 recompiles=478 underruns=3 overruns=0 sleep_us=3291775 queue_ms=11
fps: 30.0
vis: 60.0
cpu: exceptions=2036 cacheResets=1 batches=8694 verts=197127 texStalls=0 recompiles=478 underruns=3 overruns=0 sleep_us=3725277 queue_ms=7
fps: 30.0
vis: 60.0
cpu: exceptions=2178 cacheResets=1 batches=10767 verts=244080 texStalls=0 recompiles=489 underruns=3 overruns=0 sleep_us=4157523 queue_ms=13
fps: 30.0
vis: 60.0
cpu: exceptions=2319 cacheResets=1 batches=12574 verts=284835 texStalls=0 recompiles=498 underruns=3 overruns=0 sleep_us=4594337 queue_ms=9
vis: 60.0
cpu: exceptions=2638 cacheResets=1 batches=12574 verts=284835 texStalls=0 recompiles=675 underruns=5 overruns=0 sleep_us=4764780 queue_ms=32
vis: 60.0
cpu: exceptions=2728 cacheResets=1 batches=12574 verts=284835 texStalls=0 recompiles=733 underruns=5 overruns=0 sleep_us=4949322 queue_ms=28
vis: 60.0
cpu: exceptions=2818 cacheResets=1 batches=12574 verts=284835 texStalls=0 recompiles=784 underruns=5 overruns=0 sleep_us=5172931 queue_ms=25
fps: 3.9
vis: 60.0
cpu: exceptions=2961 cacheResets=1 batches=13906 verts=302151 texStalls=0 recompiles=910 underruns=7 overruns=0 sleep_us=5386658 queue_ms=17
fps: 15.1
vis: 60.0
cpu: exceptions=3118 cacheResets=1 batches=18792 verts=366432 texStalls=0 recompiles=910 underruns=7 overruns=0 sleep_us=5555910 queue_ms=13
fps: 30.0
vis: 60.0
cpu: exceptions=3273 cacheResets=1 batches=23663 verts=430371 texStalls=0 recompiles=927 underruns=7 overruns=0 sleep_us=5725883 queue_ms=17
fps: 30.0
vis: 60.0
cpu: exceptions=3436 cacheResets=1 batches=28532 verts=494280 texStalls=0 recompiles=927 underruns=7 overruns=0 sleep_us=5895567 queue_ms=14
fps: 30.0
vis: 60.0
cpu: exceptions=3591 cacheResets=1 batches=33394 verts=558147 texStalls=0 recompiles=927 underruns=7 overruns=0 sleep_us=6078057 queue_ms=19
fps: 30.0
vis: 60.0
cpu: exceptions=3762 cacheResets=1 batches=38257 verts=622020 texStalls=0 recompiles=927 underruns=7 overruns=0 sleep_us=6241328 queue_ms=15
fps: 29.9
vis: 60.0
cpu: exceptions=3974 cacheResets=1 batches=43118 verts=685881 texStalls=0 recompiles=928 underruns=7 overruns=0 sleep_us=6385454 queue_ms=12
fps: 30.0
vis: 60.0
cpu: exceptions=4197 cacheResets=1 batches=47983 verts=749766 texStalls=0 recompiles=928 underruns=7 overruns=0 sleep_us=6508102 queue_ms=17
fps: 30.0
vis: 60.0
cpu: exceptions=4424 cacheResets=1 batches=52851 verts=813669 texStalls=0 recompiles=928 underruns=7 overruns=0 sleep_us=6632218 queue_ms=13
fps: 30.1
vis: 60.0
cpu: exceptions=4644 cacheResets=1 batches=57716 verts=877554 texStalls=0 recompiles=928 underruns=7 overruns=0 sleep_us=6762145 queue_ms=18
fps: 30.0
vis: 60.0
cpu: exceptions=4858 cacheResets=1 batches=62580 verts=941433 texStalls=0 recompiles=928 underruns=7 overruns=0 sleep_us=6897812 queue_ms=15
fps: 30.0
vis: 60.0
cpu: exceptions=5078 cacheResets=1 batches=67448 verts=1005336 texStalls=0 recompiles=928 underruns=7 overruns=0 sleep_us=7030644 queue_ms=20
fps: 30.0
vis: 60.0
cpu: exceptions=5294 cacheResets=1 batches=72312 verts=1069215 texStalls=0 recompiles=928 underruns=7 overruns=0 sleep_us=7159922 queue_ms=16
fps: 30.0
vis: 60.0
cpu: exceptions=5520 cacheResets=1 batches=77175 verts=1133088 texStalls=0 recompiles=928 underruns=7 overruns=0 sleep_us=7284015 queue_ms=13
fps: 30.0
vis: 60.0
cpu: exceptions=5753 cacheResets=1 batches=82039 verts=1196967 texStalls=0 recompiles=928 underruns=7 overruns=0 sleep_us=7404160 queue_ms=17
fps: 30.0
mark: stop reason: chain guest VI limit
mark: stop_it requested
audio: alist_resample_calls=16770 alist_resample_samples=2210760 alist_zoh_calls=0 alist_zoh_samples=0 musyx_subframes=0 musyx_voices=0 musyx_voice_peak=0
audio_stages: adpcm_calls=16496 adpcm_samples=2666016 envmix_calls=16204 envmix_samples=2162216 mix_calls=3500 mix_samples=1120000 musyx_fx_calls=0 musyx_fx_taps=0 output_calls=876 output_samples=467088
audio_envmix: exp_calls=16204 ge_calls=0 lin_calls=0 nead_calls=0 exp_steady=13261 ge_steady=0 lin_steady=0
audio_gaps: nead_mats=0 nead_efz=0 resample_flag2=0 musyx_ptr10=0
audio_output: stream_requests=3269 stream_fed=1620 input_hz=32006 playback_hz=32006 queue_peak_ms=112
subsystem_time: stage=rsp_gfx calls=326 timed_calls=326 period=1 timed_us=1567178
subsystem_time: stage=rsp_audio calls=875 timed_calls=875 period=1 timed_us=730872
subsystem_time: stage=rsp_other calls=0 timed_calls=0 period=1 timed_us=0
subsystem_time: stage=lookup calls=4329001 timed_calls=34086 period=127 timed_us=3233
subsystem_time: stage=compile calls=928 timed_calls=928 period=1 timed_us=126657
subsystem_time: stage=dispatch calls=4324443 timed_calls=34050 period=127 timed_us=11482
subsystem_time: stage=execute_inclusive calls=4324443 timed_calls=34050 period=127 timed_us=53716
subsystem_time: stage=rom_copy calls=1548 timed_calls=1548 period=1 timed_us=4064
subsystem_time: stage=present calls=899 timed_calls=899 period=1 timed_us=8664
subsystem_time: stage=limiter calls=873 timed_calls=873 period=1 timed_us=7521557
audio_time: stage=resample sampled_calls=132 sampled_samples=17512 sampled_us=1492
audio_time: stage=zoh sampled_calls=0 sampled_samples=0 sampled_us=0
audio_time: stage=adpcm sampled_calls=129 sampled_samples=20528 sampled_us=1520
audio_time: stage=envmix_exp sampled_calls=127 sampled_samples=16960 sampled_us=2002
audio_time: stage=envmix_ge sampled_calls=0 sampled_samples=0 sampled_us=0
audio_time: stage=envmix_lin sampled_calls=0 sampled_samples=0 sampled_us=0
audio_time: stage=envmix_nead sampled_calls=0 sampled_samples=0 sampled_us=0
audio_time: stage=mix sampled_calls=27 sampled_samples=8640 sampled_us=190
audio_time: stage=musyx_voice sampled_calls=0 sampled_samples=0 sampled_us=0
audio_time: stage=musyx_fx sampled_calls=0 sampled_samples=0 sampled_us=0
audio_time: stage=output sampled_calls=6 sampled_samples=3200 sampled_us=14
game: n=1/6 how=vis vis=900 vi_rate=60 vi0_retrace=201 wall_us=15007852 sleep_us=7520347 avg_vis=58.00 avg_fps=25.42 exceptions=5980 cacheResets=1 recompiles=928 batches=86577 verts=1256577 texStalls=0 treeDepthMax=14 underruns=7 overruns=0 queue_peak_ms=93 dsp_avg=3.67 dsp_peak=4.75 pmc1=10937202454 pmc2=0 pmc3=0 pmc4=0 mmcr0=00000042 mmcr1=00000000 heap_used=10837080 heap_free=34696 arena1_free=634880 arena2_free=56405952 flushes=3 flush_us=2102 padtrace=4 rom=sd:/wii64/roms/Super Mario 64.v64
=== chain 1/6 end vis=900 how=vis rom=sd:/wii64/roms/Super Mario 64.v64 ===
mark: pad replay records: 1
mark: loadROM: enter
mark: loadROM: before rom_read
mark: ROMCache_load: enter
mark: ROMCache_load: before first read
mark: ROMCache_load: first read returned
mark: ROMCache_load: byte_swap_type set
mark: ROMCache_load: first byte_swap done
menufps: 0.1
menufps: 58.9
mark: ROMCache_load: loop exited normally
mark: loadROM: after rom_read
mark: loadROM: before init_memory
mark: loadROM: after init_memory
mark: loadROM: before romOpen_gfx
mark: loadROM: after romOpen_gfx / before romOpen_audio
mark: loadROM: after romOpen_audio / before romOpen_input
mark: loadROM: after romOpen_input / before cpu_init
mark: loadROM: after cpu_init
menufps: 1.0
fps: 2.1
first_vi: vi0_retrace=1317
vis: 7.3
cpu: exceptions=0 cacheResets=0 batches=0 verts=0 texStalls=0 recompiles=0 underruns=0 overruns=0 sleep_us=0 queue_ms=0
mark: CPU core dispatch: dynarec
vis: 53.3
cpu: exceptions=34 cacheResets=1 batches=0 verts=0 texStalls=0 recompiles=138 underruns=0 overruns=0 sleep_us=0 queue_ms=0
vis: 60.0
cpu: exceptions=64 cacheResets=1 batches=0 verts=0 texStalls=0 recompiles=138 underruns=0 overruns=0 sleep_us=281021 queue_ms=0
vis: 59.4
cpu: exceptions=334 cacheResets=1 batches=0 verts=0 texStalls=0 recompiles=375 underruns=0 overruns=0 sleep_us=501445 queue_ms=0
vis: 60.0
cpu: exceptions=550 cacheResets=1 batches=0 verts=0 texStalls=0 recompiles=629 underruns=1 overruns=0 sleep_us=781468 queue_ms=36
fps: 0.4
vis: 60.0
cpu: exceptions=752 cacheResets=1 batches=44 verts=2262 texStalls=0 recompiles=1899 underruns=2 overruns=0 sleep_us=883340 queue_ms=66
vis: 60.0
cpu: exceptions=903 cacheResets=1 batches=44 verts=2262 texStalls=0 recompiles=1902 underruns=2 overruns=0 sleep_us=1107508 queue_ms=58
fps: 1.3
vis: 60.0
cpu: exceptions=1094 cacheResets=1 batches=476 verts=16800 texStalls=0 recompiles=1995 underruns=2 overruns=0 sleep_us=1379048 queue_ms=62
fps: 30.0
vis: 60.0
cpu: exceptions=1275 cacheResets=1 batches=1302 verts=38046 texStalls=0 recompiles=2006 underruns=2 overruns=0 sleep_us=1692003 queue_ms=66
fps: 30.0
vis: 60.0
cpu: exceptions=1464 cacheResets=1 batches=2343 verts=60582 texStalls=0 recompiles=2009 underruns=2 overruns=0 sleep_us=1995483 queue_ms=71
fps: 30.0
vis: 60.0
cpu: exceptions=1641 cacheResets=1 batches=3405 verts=83244 texStalls=0 recompiles=2009 underruns=2 overruns=0 sleep_us=2301378 queue_ms=62
fps: 30.0
vis: 60.0
cpu: exceptions=1822 cacheResets=1 batches=4460 verts=105570 texStalls=0 recompiles=2012 underruns=2 overruns=0 sleep_us=2606496 queue_ms=66
fps: 30.0
vis: 60.0
cpu: exceptions=2014 cacheResets=1 batches=5526 verts=127626 texStalls=0 recompiles=2012 underruns=2 overruns=0 sleep_us=2910823 queue_ms=62
fps: 30.0
vis: 60.0
cpu: exceptions=2202 cacheResets=1 batches=6552 verts=149442 texStalls=0 recompiles=2029 underruns=2 overruns=0 sleep_us=3215058 queue_ms=67
fps: 30.0
vis: 60.0
cpu: exceptions=2381 cacheResets=1 batches=7776 verts=179742 texStalls=0 recompiles=2029 underruns=2 overruns=0 sleep_us=3499930 queue_ms=71
fps: 29.9
vis: 60.0
cpu: exceptions=2588 cacheResets=1 batches=9397 verts=218808 texStalls=0 recompiles=2036 underruns=2 overruns=0 sleep_us=3741559 queue_ms=62
fps: 30.0
vis: 60.0
cpu: exceptions=2771 cacheResets=1 batches=11054 verts=250794 texStalls=0 recompiles=2047 underruns=2 overruns=0 sleep_us=4003563 queue_ms=58
fps: 30.0
vis: 60.0
cpu: exceptions=2948 cacheResets=1 batches=12559 verts=275484 texStalls=0 recompiles=2063 underruns=2 overruns=0 sleep_us=4292578 queue_ms=63
fps: 30.0
vis: 60.0
cpu: exceptions=3120 cacheResets=1 batches=13817 verts=298692 texStalls=0 recompiles=2063 underruns=2 overruns=0 sleep_us=4601952 queue_ms=67
fps: 30.0
vis: 60.0
cpu: exceptions=3295 cacheResets=1 batches=14884 verts=320754 texStalls=0 recompiles=2064 underruns=2 overruns=0 sleep_us=4919773 queue_ms=72
fps: 30.0
vis: 60.0
cpu: exceptions=3479 cacheResets=1 batches=15921 verts=342636 texStalls=0 recompiles=2064 underruns=2 overruns=0 sleep_us=5231540 queue_ms=63
fps: 30.0
vis: 60.0
cpu: exceptions=3670 cacheResets=1 batches=16962 verts=365454 texStalls=0 recompiles=2064 underruns=2 overruns=0 sleep_us=5531572 queue_ms=59
fps: 30.0
vis: 60.0
cpu: exceptions=3858 cacheResets=1 batches=18284 verts=402726 texStalls=0 recompiles=2064 underruns=2 overruns=0 sleep_us=5802104 queue_ms=63
fps: 30.0
vis: 60.0
cpu: exceptions=4064 cacheResets=1 batches=19621 verts=440088 texStalls=0 recompiles=2065 underruns=2 overruns=0 sleep_us=6067836 queue_ms=68
fps: 29.9
vis: 60.0
cpu: exceptions=4260 cacheResets=1 batches=22199 verts=475314 texStalls=0 recompiles=2081 underruns=2 overruns=0 sleep_us=6295414 queue_ms=72
fps: 29.7
vis: 60.0
cpu: exceptions=4453 cacheResets=1 batches=27306 verts=517206 texStalls=0 recompiles=2081 underruns=2 overruns=0 sleep_us=6457976 queue_ms=76
fps: 30.0
vis: 60.0
cpu: exceptions=4642 cacheResets=1 batches=32614 verts=560304 texStalls=0 recompiles=2081 underruns=2 overruns=0 sleep_us=6621538 queue_ms=59
fps: 30.0
vis: 60.0
cpu: exceptions=4839 cacheResets=1 batches=37661 verts=601836 texStalls=0 recompiles=2082 underruns=2 overruns=0 sleep_us=6794053 queue_ms=64
fps: 30.0
vis: 60.0
cpu: exceptions=5031 cacheResets=1 batches=42768 verts=643728 texStalls=0 recompiles=2083 underruns=2 overruns=0 sleep_us=6965834 queue_ms=68
fps: 30.0
vis: 59.5
cpu: exceptions=5238 cacheResets=1 batches=47984 verts=688098 texStalls=0 recompiles=2083 underruns=2 overruns=0 sleep_us=7121581 queue_ms=59
fps: 29.8
vis: 60.0
cpu: exceptions=5437 cacheResets=1 batches=52337 verts=739146 texStalls=0 recompiles=2084 underruns=2 overruns=0 sleep_us=7315980 queue_ms=55
mark: stop reason: chain guest VI limit
mark: stop_it requested
audio: alist_resample_calls=7273 alist_resample_samples=1338232 alist_zoh_calls=0 alist_zoh_samples=0 musyx_subframes=0 musyx_voices=0 musyx_voice_peak=0
audio_stages: adpcm_calls=5684 adpcm_samples=629344 envmix_calls=5654 envmix_samples=1040336 mix_calls=32380 mix_samples=5957920 musyx_fx_calls=0 musyx_fx_taps=0 output_calls=405 output_samples=297160
audio_envmix: exp_calls=0 ge_calls=0 lin_calls=5654 nead_calls=0 exp_steady=0 ge_steady=0 lin_steady=5208
audio_gaps: nead_mats=0 nead_efz=0 resample_flag2=0 musyx_ptr10=0
audio_output: stream_requests=3332 stream_fed=1027 input_hz=21998 playback_hz=21998 queue_peak_ms=90
subsystem_time: stage=rsp_gfx calls=358 timed_calls=358 period=1 timed_us=1388784
subsystem_time: stage=rsp_audio calls=406 timed_calls=406 period=1 timed_us=464199
subsystem_time: stage=rsp_other calls=0 timed_calls=0 period=1 timed_us=0
subsystem_time: stage=lookup calls=4415554 timed_calls=34768 period=127 timed_us=3710
subsystem_time: stage=compile calls=2084 timed_calls=2084 period=1 timed_us=214315
subsystem_time: stage=dispatch calls=4132113 timed_calls=32536 period=127 timed_us=10757
subsystem_time: stage=execute_inclusive calls=4132113 timed_calls=32536 period=127 timed_us=110015
subsystem_time: stage=rom_copy calls=640 timed_calls=640 period=1 timed_us=2811
subsystem_time: stage=present calls=899 timed_calls=899 period=1 timed_us=37800
subsystem_time: stage=limiter calls=850 timed_calls=850 period=1 timed_us=7333370
audio_time: stage=resample sampled_calls=57 sampled_samples=10488 sampled_us=828
audio_time: stage=zoh sampled_calls=0 sampled_samples=0 sampled_us=0
audio_time: stage=adpcm sampled_calls=44 sampled_samples=4752 sampled_us=348
audio_time: stage=envmix_exp sampled_calls=0 sampled_samples=0 sampled_us=0
audio_time: stage=envmix_ge sampled_calls=0 sampled_samples=0 sampled_us=0
audio_time: stage=envmix_lin sampled_calls=44 sampled_samples=8096 sampled_us=1015
audio_time: stage=envmix_nead sampled_calls=0 sampled_samples=0 sampled_us=0
audio_time: stage=mix sampled_calls=254 sampled_samples=46736 sampled_us=976
audio_time: stage=musyx_voice sampled_calls=0 sampled_samples=0 sampled_us=0
audio_time: stage=musyx_fx sampled_calls=0 sampled_samples=0 sampled_us=0
audio_time: stage=output sampled_calls=3 sampled_samples=2208 sampled_us=9
game: n=2/6 how=vis vis=900 vi_rate=60 vi0_retrace=1317 wall_us=15073087 sleep_us=7332235 avg_vis=58.05 avg_fps=26.66 exceptions=5450 cacheResets=1 recompiles=2084 batches=52520 verts=741906 texStalls=0 treeDepthMax=31 underruns=2 overruns=0 queue_peak_ms=76 dsp_avg=3.87 dsp_peak=5.35 pmc1=10984500258 pmc2=0 pmc3=0 pmc4=0 mmcr0=00000042 mmcr1=00000000 heap_used=10914488 heap_free=35112 arena1_free=557056 arena2_free=56405952 flushes=4 flush_us=2675 padtrace=0 rom=sd:/wii64/roms/Banjo-Kazooie.V64
=== chain 2/6 end vis=900 how=vis rom=sd:/wii64/roms/Banjo-Kazooie.V64 ===
mark: pad replay records: 1
mark: loadROM: enter
mark: loadROM: before rom_read
mark: ROMCache_load: enter
mark: ROMCache_load: before first read
mark: ROMCache_load: first read returned
mark: ROMCache_load: byte_swap_type set
mark: ROMCache_load: first byte_swap done
menufps: 0.1
menufps: 59.7
mark: ROMCache_load: loop exited normally
mark: loadROM: after rom_read
mark: loadROM: before init_memory
mark: loadROM: after init_memory
mark: loadROM: before romOpen_gfx
mark: loadROM: after romOpen_gfx / before romOpen_audio
mark: loadROM: after romOpen_audio / before romOpen_input
mark: loadROM: after romOpen_input / before cpu_init
mark: loadROM: after cpu_init
menufps: 1.0
fps: 1.3
first_vi: vi0_retrace=2437
vis: 0.8
cpu: exceptions=0 cacheResets=0 batches=0 verts=0 texStalls=0 recompiles=0 underruns=0 overruns=0 sleep_us=0 queue_ms=0
mark: CPU core dispatch: dynarec
vis: 60.0
cpu: exceptions=1472 cacheResets=1 batches=0 verts=0 texStalls=0 recompiles=421 underruns=0 overruns=0 sleep_us=119852 queue_ms=130
fps: 3.1
vis: 60.0
cpu: exceptions=2356 cacheResets=1 batches=0 verts=0 texStalls=0 recompiles=425 underruns=0 overruns=0 sleep_us=472973 queue_ms=133
fps: 60.8
vis: 60.0
cpu: exceptions=2626 cacheResets=1 batches=0 verts=0 texStalls=0 recompiles=425 underruns=0 overruns=0 sleep_us=902125 queue_ms=129
fps: 60.0
vis: 60.0
cpu: exceptions=2919 cacheResets=1 batches=0 verts=0 texStalls=0 recompiles=468 underruns=0 overruns=0 sleep_us=1311167 queue_ms=135
vis: 60.0
cpu: exceptions=3299 cacheResets=1 batches=0 verts=0 texStalls=0 recompiles=468 underruns=0 overruns=0 sleep_us=1620964 queue_ms=130
fps: 14.7
vis: 51.8
cpu: exceptions=3628 cacheResets=1 batches=1934 verts=51708 texStalls=0 recompiles=742 underruns=0 overruns=0 sleep_us=1775187 queue_ms=60
fps: 57.2
vis: 60.0
cpu: exceptions=3919 cacheResets=1 batches=8714 verts=229188 texStalls=0 recompiles=763 underruns=0 overruns=0 sleep_us=1817517 queue_ms=64
fps: 60.0
vis: 60.0
cpu: exceptions=4214 cacheResets=1 batches=15486 verts=406620 texStalls=0 recompiles=771 underruns=0 overruns=0 sleep_us=1858729 queue_ms=60
fps: 60.0
vis: 60.0
cpu: exceptions=4513 cacheResets=1 batches=22236 verts=583920 texStalls=0 recompiles=775 underruns=0 overruns=0 sleep_us=1900641 queue_ms=66
fps: 60.0
vis: 60.0
cpu: exceptions=4804 cacheResets=1 batches=28986 verts=761220 texStalls=0 recompiles=775 underruns=0 overruns=0 sleep_us=1946055 queue_ms=61
fps: 60.0
vis: 60.0
cpu: exceptions=5093 cacheResets=1 batches=35736 verts=938520 texStalls=0 recompiles=775 underruns=0 overruns=0 sleep_us=1994304 queue_ms=59
fps: 60.0
vis: 60.0
cpu: exceptions=5387 cacheResets=1 batches=42486 verts=1115820 texStalls=0 recompiles=775 underruns=0 overruns=0 sleep_us=2038313 queue_ms=63
fps: 60.0
vis: 60.0
cpu: exceptions=5674 cacheResets=1 batches=49236 verts=1293120 texStalls=0 recompiles=777 underruns=0 overruns=0 sleep_us=2089692 queue_ms=60
fps: 60.0
vis: 60.0
cpu: exceptions=5968 cacheResets=1 batches=55986 verts=1470420 texStalls=0 recompiles=777 underruns=0 overruns=0 sleep_us=2132008 queue_ms=65
fps: 60.0
vis: 60.0
cpu: exceptions=6266 cacheResets=1 batches=62736 verts=1647720 texStalls=0 recompiles=777 underruns=0 overruns=0 sleep_us=2171336 queue_ms=62
fps: 60.0
vis: 60.0
cpu: exceptions=6560 cacheResets=1 batches=69486 verts=1825020 texStalls=0 recompiles=777 underruns=0 overruns=0 sleep_us=2210455 queue_ms=66
fps: 60.0
vis: 60.0
cpu: exceptions=6858 cacheResets=1 batches=76236 verts=2002320 texStalls=0 recompiles=777 underruns=0 overruns=0 sleep_us=2245914 queue_ms=63
fps: 60.0
vis: 60.0
cpu: exceptions=7151 cacheResets=1 batches=82986 verts=2179620 texStalls=0 recompiles=777 underruns=0 overruns=0 sleep_us=2283375 queue_ms=59
fps: 59.9
vis: 60.0
cpu: exceptions=7442 cacheResets=1 batches=89736 verts=2356920 texStalls=0 recompiles=777 underruns=0 overruns=0 sleep_us=2324913 queue_ms=64
fps: 60.0
vis: 60.0
cpu: exceptions=7732 cacheResets=1 batches=96486 verts=2534220 texStalls=0 recompiles=777 underruns=0 overruns=0 sleep_us=2368020 queue_ms=61
fps: 60.0
vis: 60.0
cpu: exceptions=8021 cacheResets=1 batches=103236 verts=2711520 texStalls=0 recompiles=777 underruns=0 overruns=0 sleep_us=2417350 queue_ms=65
fps: 59.8
vis: 60.0
cpu: exceptions=8318 cacheResets=1 batches=109986 verts=2888820 texStalls=0 recompiles=777 underruns=0 overruns=0 sleep_us=2456691 queue_ms=62
fps: 60.2
vis: 60.0
cpu: exceptions=8611 cacheResets=1 batches=116736 verts=3066120 texStalls=0 recompiles=777 underruns=0 overruns=0 sleep_us=2485172 queue_ms=58
fps: 60.0
vis: 60.0
cpu: exceptions=8924 cacheResets=1 batches=123486 verts=3243420 texStalls=0 recompiles=777 underruns=0 overruns=0 sleep_us=2494011 queue_ms=64
fps: 60.0
vis: 60.0
cpu: exceptions=9242 cacheResets=1 batches=130236 verts=3420720 texStalls=0 recompiles=777 underruns=0 overruns=0 sleep_us=2499531 queue_ms=59
fps: 60.0
vis: 60.0
cpu: exceptions=9560 cacheResets=1 batches=136986 verts=3598020 texStalls=0 recompiles=777 underruns=0 overruns=0 sleep_us=2507113 queue_ms=65
fps: 60.0
vis: 60.0
cpu: exceptions=9873 cacheResets=1 batches=143736 verts=3775320 texStalls=0 recompiles=777 underruns=0 overruns=0 sleep_us=2515527 queue_ms=61
fps: 60.0
vis: 60.0
cpu: exceptions=10182 cacheResets=1 batches=150486 verts=3952620 texStalls=0 recompiles=777 underruns=0 overruns=0 sleep_us=2528404 queue_ms=66
fps: 60.0
vis: 58.9
cpu: exceptions=10494 cacheResets=1 batches=157588 verts=4141185 texStalls=0 recompiles=777 underruns=0 overruns=0 sleep_us=2543488 queue_ms=54
fps: 54.7
vis: 55.1
cpu: exceptions=10782 cacheResets=1 batches=165848 verts=4369749 texStalls=0 recompiles=777 underruns=0 overruns=0 sleep_us=2543488 queue_ms=7
mark: stop reason: chain guest VI limit
mark: stop_it requested
audio: alist_resample_calls=10077 alist_resample_samples=1250096 alist_zoh_calls=0 alist_zoh_samples=0 musyx_subframes=0 musyx_voices=0 musyx_voice_peak=0
audio_stages: adpcm_calls=9759 adpcm_samples=1154016 envmix_calls=10077 envmix_samples=1250096 mix_calls=79024 mix_samples=10544864 musyx_fx_calls=0 musyx_fx_taps=0 output_calls=897 output_samples=478768
audio_envmix: exp_calls=10077 ge_calls=0 lin_calls=0 nead_calls=0 exp_steady=5510 ge_steady=0 lin_steady=0
audio_gaps: nead_mats=0 nead_efz=0 resample_flag2=0 musyx_ptr10=0
audio_output: stream_requests=3265 stream_fed=1661 input_hz=32006 playback_hz=32006 queue_peak_ms=157
subsystem_time: stage=rsp_gfx calls=810 timed_calls=810 period=1 timed_us=6417921
subsystem_time: stage=rsp_audio calls=898 timed_calls=898 period=1 timed_us=906448
subsystem_time: stage=rsp_other calls=0 timed_calls=0 period=1 timed_us=0
subsystem_time: stage=lookup calls=3610065 timed_calls=28425 period=127 timed_us=2739
subsystem_time: stage=compile calls=777 timed_calls=777 period=1 timed_us=131478
subsystem_time: stage=dispatch calls=3517166 timed_calls=27694 period=127 timed_us=9662
subsystem_time: stage=execute_inclusive calls=3517166 timed_calls=27694 period=127 timed_us=107616
subsystem_time: stage=rom_copy calls=1024 timed_calls=1024 period=1 timed_us=3725
subsystem_time: stage=present calls=899 timed_calls=899 period=1 timed_us=15805
subsystem_time: stage=limiter calls=806 timed_calls=806 period=1 timed_us=2544597
audio_time: stage=resample sampled_calls=79 sampled_samples=10240 sampled_us=880
audio_time: stage=zoh sampled_calls=0 sampled_samples=0 sampled_us=0
audio_time: stage=adpcm sampled_calls=76 sampled_samples=8016 sampled_us=594
audio_time: stage=envmix_exp sampled_calls=79 sampled_samples=10240 sampled_us=1836
audio_time: stage=envmix_ge sampled_calls=0 sampled_samples=0 sampled_us=0
audio_time: stage=envmix_lin sampled_calls=0 sampled_samples=0 sampled_us=0
audio_time: stage=envmix_nead sampled_calls=0 sampled_samples=0 sampled_us=0
audio_time: stage=mix sampled_calls=622 sampled_samples=83008 sampled_us=1780
audio_time: stage=musyx_voice sampled_calls=0 sampled_samples=0 sampled_us=0
audio_time: stage=musyx_fx sampled_calls=0 sampled_samples=0 sampled_us=0
audio_time: stage=output sampled_calls=7 sampled_samples=3712 sampled_us=16
game: n=3/6 how=vis vis=900 vi_rate=60 vi0_retrace=2437 wall_us=15134891 sleep_us=2543488 avg_vis=57.63 avg_fps=54.19 exceptions=10824 cacheResets=1 recompiles=777 batches=167028 verts=4402401 texStalls=0 treeDepthMax=12 underruns=1 overruns=0 queue_peak_ms=135 dsp_avg=3.78 dsp_peak=5.35 pmc1=11029814710 pmc2=0 pmc3=0 pmc4=0 mmcr0=00000042 mmcr1=00000000 heap_used=10826680 heap_free=159784 arena1_free=520192 arena2_free=56405952 flushes=3 flush_us=2130 padtrace=0 rom=sd:/wii64/roms/Pokemon Snap.rom
=== chain 3/6 end vis=900 how=vis rom=sd:/wii64/roms/Pokemon Snap.rom ===
mark: pad replay records: 1
mark: loadROM: enter
mark: loadROM: before rom_read
mark: ROMCache_load: enter
menufps: 0.1
menufps: 0.2
mark: ROMCache_load: before first read
mark: ROMCache_load: first read returned
mark: ROMCache_load: byte_swap_type set
mark: ROMCache_load: first byte_swap done
menufps: 0.2
menufps: 55.1
menufps: 1.4
menufps: 1.4
menufps: 1.4
menufps: 1.4
menufps: 1.4
menufps: 1.4
menufps: 1.4
menufps: 21.4
mark: ROMCache_load: loop exited normally
mark: loadROM: after rom_read
mark: loadROM: before init_memory
mark: loadROM: after init_memory
mark: loadROM: before romOpen_gfx
mark: loadROM: after romOpen_gfx / before romOpen_audio
mark: loadROM: after romOpen_audio / before romOpen_input
mark: loadROM: after romOpen_input / before cpu_init
mark: loadROM: after cpu_init
menufps: 4.5
first_vi: vi0_retrace=4520
mark: CPU core dispatch: dynarec
vis: 0.4
cpu: exceptions=2 cacheResets=1 batches=0 verts=0 texStalls=0 recompiles=138 underruns=0 overruns=0 sleep_us=0 queue_ms=0
vis: 50.0
cpu: exceptions=2004 cacheResets=1 batches=0 verts=0 texStalls=0 recompiles=367 underruns=0 overruns=0 sleep_us=405571 queue_ms=0
fps: 0.3
vis: 42.7
cpu: exceptions=2765 cacheResets=1 batches=0 verts=0 texStalls=0 recompiles=777 underruns=1 overruns=0 sleep_us=590092 queue_ms=150
fps: 44.7
vis: 50.0
cpu: exceptions=2989 cacheResets=1 batches=0 verts=0 texStalls=0 recompiles=1244 underruns=1 overruns=0 sleep_us=780157 queue_ms=161
fps: 49.9
vis: 50.0
cpu: exceptions=3130 cacheResets=1 batches=0 verts=0 texStalls=0 recompiles=1253 underruns=1 overruns=0 sleep_us=1170825 queue_ms=163
vis: 50.0
cpu: exceptions=3280 cacheResets=1 batches=0 verts=0 texStalls=0 recompiles=1267 underruns=1 overruns=0 sleep_us=1544333 queue_ms=151
fps: 49.8
vis: 50.0
cpu: exceptions=3439 cacheResets=1 batches=0 verts=0 texStalls=0 recompiles=1269 underruns=1 overruns=0 sleep_us=1896598 queue_ms=159
fps: 50.0
vis: 50.0
cpu: exceptions=3592 cacheResets=1 batches=0 verts=0 texStalls=0 recompiles=1277 underruns=1 overruns=0 sleep_us=2246901 queue_ms=155
fps: 49.8
vis: 50.0
cpu: exceptions=3741 cacheResets=1 batches=0 verts=0 texStalls=0 recompiles=1277 underruns=1 overruns=0 sleep_us=2598610 queue_ms=143
fps: 50.2
vis: 50.0
cpu: exceptions=3888 cacheResets=1 batches=0 verts=0 texStalls=0 recompiles=1278 underruns=1 overruns=0 sleep_us=2963817 queue_ms=151
fps: 49.9
vis: 50.0
cpu: exceptions=4033 cacheResets=1 batches=0 verts=0 texStalls=0 recompiles=1279 underruns=1 overruns=0 sleep_us=3315918 queue_ms=162
fps: 50.1
vis: 50.0
cpu: exceptions=4177 cacheResets=1 batches=0 verts=0 texStalls=0 recompiles=1279 underruns=1 overruns=0 sleep_us=3674372 queue_ms=164
fps: 49.9
vis: 50.0
cpu: exceptions=4335 cacheResets=1 batches=0 verts=0 texStalls=0 recompiles=1280 underruns=1 overruns=0 sleep_us=4033678 queue_ms=152
fps: 50.0
vis: 50.0
cpu: exceptions=4482 cacheResets=1 batches=0 verts=0 texStalls=0 recompiles=1280 underruns=1 overruns=0 sleep_us=4398757 queue_ms=154
fps: 50.0
vis: 50.0
cpu: exceptions=4635 cacheResets=1 batches=0 verts=0 texStalls=0 recompiles=1280 underruns=1 overruns=0 sleep_us=4741786 queue_ms=162
fps: 50.1
vis: 50.0
cpu: exceptions=4773 cacheResets=1 batches=0 verts=0 texStalls=0 recompiles=1283 underruns=1 overruns=0 sleep_us=5089339 queue_ms=173
fps: 49.8
vis: 50.0
cpu: exceptions=4914 cacheResets=1 batches=0 verts=0 texStalls=0 recompiles=1283 underruns=1 overruns=0 sleep_us=5436760 queue_ms=146
fps: 50.2
vis: 50.0
cpu: exceptions=5054 cacheResets=1 batches=0 verts=0 texStalls=0 recompiles=1283 underruns=1 overruns=0 sleep_us=5806446 queue_ms=163
fps: 50.1
vis: 50.0
cpu: exceptions=5204 cacheResets=1 batches=0 verts=0 texStalls=0 recompiles=1283 underruns=1 overruns=0 sleep_us=6172259 queue_ms=165
fps: 50.0
vis: 50.0
cpu: exceptions=5348 cacheResets=1 batches=0 verts=0 texStalls=0 recompiles=1283 underruns=1 overruns=0 sleep_us=6534007 queue_ms=176
fps: 49.8
vis: 50.0
cpu: exceptions=5500 cacheResets=1 batches=0 verts=0 texStalls=0 recompiles=1283 underruns=1 overruns=0 sleep_us=6887666 queue_ms=155
fps: 50.1
vis: 50.0
cpu: exceptions=5639 cacheResets=1 batches=0 verts=0 texStalls=0 recompiles=1283 underruns=1 overruns=0 sleep_us=7251337 queue_ms=166
fps: 50.0
vis: 50.0
cpu: exceptions=5786 cacheResets=1 batches=0 verts=0 texStalls=0 recompiles=1283 underruns=1 overruns=0 sleep_us=7611212 queue_ms=173
fps: 50.1
vis: 50.0
cpu: exceptions=5941 cacheResets=1 batches=0 verts=0 texStalls=0 recompiles=1283 underruns=1 overruns=0 sleep_us=7971296 queue_ms=184
fps: 49.8
vis: 50.0
cpu: exceptions=6092 cacheResets=1 batches=0 verts=0 texStalls=0 recompiles=1283 underruns=1 overruns=0 sleep_us=8312339 queue_ms=158
fps: 50.0
vis: 50.0
cpu: exceptions=6243 cacheResets=1 batches=0 verts=0 texStalls=0 recompiles=1283 underruns=1 overruns=0 sleep_us=8674492 queue_ms=165
fps: 49.9
vis: 50.0
cpu: exceptions=6393 cacheResets=1 batches=0 verts=0 texStalls=0 recompiles=1283 underruns=1 overruns=0 sleep_us=9025375 queue_ms=182
fps: 50.2
vis: 50.0
cpu: exceptions=6535 cacheResets=1 batches=0 verts=0 texStalls=0 recompiles=1283 underruns=1 overruns=0 sleep_us=9377464 queue_ms=178
fps: 49.7
vis: 50.0
cpu: exceptions=6693 cacheResets=1 batches=0 verts=0 texStalls=0 recompiles=1283 underruns=1 overruns=0 sleep_us=9713867 queue_ms=166
fps: 50.1
vis: 50.0
cpu: exceptions=6835 cacheResets=1 batches=0 verts=0 texStalls=0 recompiles=1283 underruns=1 overruns=0 sleep_us=10057197 queue_ms=174
fps: 49.8
vis: 50.0
cpu: exceptions=6984 cacheResets=1 batches=0 verts=0 texStalls=0 recompiles=1283 underruns=1 overruns=0 sleep_us=10386993 queue_ms=185
vis: 50.0
cpu: exceptions=7122 cacheResets=1 batches=0 verts=0 texStalls=0 recompiles=1283 underruns=1 overruns=0 sleep_us=10726021 queue_ms=187
fps: 50.3
vis: 50.0
cpu: exceptions=7276 cacheResets=1 batches=0 verts=0 texStalls=0 recompiles=1283 underruns=1 overruns=0 sleep_us=11075731 queue_ms=198
fps: 50.2
vis: 50.0
cpu: exceptions=7439 cacheResets=1 batches=0 verts=0 texStalls=0 recompiles=1286 underruns=1 overruns=0 sleep_us=11424983 queue_ms=177
fps: 49.7
vis: 50.0
cpu: exceptions=7594 cacheResets=1 batches=0 verts=0 texStalls=0 recompiles=1286 underruns=1 overruns=0 sleep_us=11761034 queue_ms=185
fps: 50.0
vis: 50.0
cpu: exceptions=7744 cacheResets=1 batches=0 verts=0 texStalls=0 recompiles=1286 underruns=1 overruns=0 sleep_us=12105317 queue_ms=190
fps: 50.1
mark: stop reason: chain guest VI limit
mark: stop_it requested
vis: 50.0
cpu: exceptions=7903 cacheResets=1 batches=0 verts=0 texStalls=0 recompiles=1286 underruns=1 overruns=0 sleep_us=12449396 queue_ms=169
audio: alist_resample_calls=29202 alist_resample_samples=5373168 alist_zoh_calls=0 alist_zoh_samples=0 musyx_subframes=0 musyx_voices=0 musyx_voice_peak=0
audio_stages: adpcm_calls=30702 adpcm_samples=5024896 envmix_calls=29202 envmix_samples=5373168 mix_calls=30350 mix_samples=5584400 musyx_fx_calls=0 musyx_fx_taps=0 output_calls=652 output_samples=557520
audio_envmix: exp_calls=0 ge_calls=0 lin_calls=29202 nead_calls=0 exp_steady=0 ge_steady=0 lin_steady=16497
audio_gaps: nead_mats=0 nead_efz=0 resample_flag2=0 musyx_ptr10=0
audio_output: stream_requests=4987 stream_fed=1917 input_hz=31995 playback_hz=31995 queue_peak_ms=211
subsystem_time: stage=rsp_gfx calls=852 timed_calls=852 period=1 timed_us=887767
subsystem_time: stage=rsp_audio calls=653 timed_calls=653 period=1 timed_us=1897074
subsystem_time: stage=rsp_other calls=0 timed_calls=0 period=1 timed_us=0
subsystem_time: stage=lookup calls=1674551 timed_calls=13185 period=127 timed_us=1675
subsystem_time: stage=compile calls=1286 timed_calls=1286 period=1 timed_us=95915
subsystem_time: stage=dispatch calls=1671995 timed_calls=13165 period=127 timed_us=4724
subsystem_time: stage=execute_inclusive calls=1671995 timed_calls=13165 period=127 timed_us=51540
subsystem_time: stage=rom_copy calls=940 timed_calls=940 period=1 timed_us=2652086
subsystem_time: stage=present calls=899 timed_calls=899 period=1 timed_us=8847
subsystem_time: stage=limiter calls=875 timed_calls=875 period=1 timed_us=12450621
audio_time: stage=resample sampled_calls=229 sampled_samples=42136 sampled_us=3371
audio_time: stage=zoh sampled_calls=0 sampled_samples=0 sampled_us=0
audio_time: stage=adpcm sampled_calls=241 sampled_samples=40144 sampled_us=2951
audio_time: stage=envmix_exp sampled_calls=0 sampled_samples=0 sampled_us=0
audio_time: stage=envmix_ge sampled_calls=0 sampled_samples=0 sampled_us=0
audio_time: stage=envmix_lin sampled_calls=229 sampled_samples=42136 sampled_us=6665
audio_time: stage=envmix_nead sampled_calls=0 sampled_samples=0 sampled_us=0
audio_time: stage=mix sampled_calls=238 sampled_samples=43792 sampled_us=927
audio_time: stage=musyx_voice sampled_calls=0 sampled_samples=0 sampled_us=0
audio_time: stage=musyx_fx sampled_calls=0 sampled_samples=0 sampled_us=0
audio_time: stage=output sampled_calls=5 sampled_samples=4232 sampled_us=17
game: n=4/6 how=vis vis=900 vi_rate=50 vi0_retrace=4520 wall_us=20522357 sleep_us=12449396 avg_vis=48.46 avg_fps=48.32 exceptions=7904 cacheResets=1 recompiles=1286 batches=0 verts=0 texStalls=0 treeDepthMax=18 underruns=1 overruns=0 queue_peak_ms=198 dsp_avg=4.03 dsp_peak=5.45 pmc1=14955719701 pmc2=0 pmc3=0 pmc4=0 mmcr0=00000042 mmcr1=00000000 heap_used=10854264 heap_free=132200 arena1_free=520192 arena2_free=56405952 flushes=4 flush_us=2650 padtrace=0 rom=sd:/wii64/roms/Mario Party 3 (E) (M4) [!].z64
=== chain 4/6 end vis=900 how=vis rom=sd:/wii64/roms/Mario Party 3 (E) (M4) [!].z64 ===
mark: pad replay records: 1
mark: loadROM: enter
mark: loadROM: before rom_read
mark: ROMCache_load: enter
mark: ROMCache_load: before first read
mark: ROMCache_load: first read returned
mark: ROMCache_load: byte_swap_type set
mark: ROMCache_load: first byte_swap done
menufps: 0.0
menufps: 54.8
menufps: 1.4
menufps: 1.4
menufps: 1.4
menufps: 1.4
menufps: 1.4
menufps: 1.4
menufps: 1.4
menufps: 21.4
mark: ROMCache_load: loop exited normally
mark: loadROM: after rom_read
mark: loadROM: before init_memory
mark: loadROM: after init_memory
mark: loadROM: before romOpen_gfx
mark: loadROM: after romOpen_gfx / before romOpen_audio
mark: loadROM: after romOpen_audio / before romOpen_input
mark: loadROM: after romOpen_input / before cpu_init
mark: loadROM: after cpu_init
menufps: 4.5
fps: 2.2
first_vi: vi0_retrace=6321
vis: 0.1
cpu: exceptions=0 cacheResets=0 batches=0 verts=0 texStalls=0 recompiles=0 underruns=0 overruns=0 sleep_us=0 queue_ms=0
mark: CPU core dispatch: dynarec
vis: 0.4
cpu: exceptions=1 cacheResets=1 batches=0 verts=0 texStalls=0 recompiles=75 underruns=0 overruns=0 sleep_us=0 queue_ms=0
vis: 60.0
cpu: exceptions=84 cacheResets=1 batches=0 verts=0 texStalls=0 recompiles=242 underruns=2 overruns=0 sleep_us=218338 queue_ms=17
vis: 60.0
cpu: exceptions=214 cacheResets=1 batches=0 verts=0 texStalls=0 recompiles=373 underruns=2 overruns=0 sleep_us=582482 queue_ms=4
vis: 60.0
cpu: exceptions=316 cacheResets=1 batches=0 verts=0 texStalls=0 recompiles=452 underruns=2 overruns=0 sleep_us=857791 queue_ms=4
vis: 52.9
cpu: exceptions=1306 cacheResets=1 batches=0 verts=0 texStalls=0 recompiles=709 underruns=3 overruns=0 sleep_us=909510 queue_ms=39
vis: 25.3
cpu: exceptions=1914 cacheResets=1 batches=0 verts=0 texStalls=0 recompiles=716 underruns=8 overruns=0 sleep_us=931920 queue_ms=13
vis: 46.5
cpu: exceptions=2454 cacheResets=1 batches=0 verts=0 texStalls=0 recompiles=785 underruns=13 overruns=0 sleep_us=1140027 queue_ms=4
vis: 42.7
cpu: exceptions=6405 cacheResets=1 batches=0 verts=0 texStalls=0 recompiles=1018 underruns=19 overruns=0 sleep_us=1140027 queue_ms=56
fps: 0.2
vis: 60.0
cpu: exceptions=6954 cacheResets=1 batches=15 verts=1890 texStalls=0 recompiles=1178 underruns=19 overruns=0 sleep_us=1540085 queue_ms=65
fps: 31.9
vis: 60.0
cpu: exceptions=7101 cacheResets=1 batches=30 verts=3780 texStalls=0 recompiles=1178 underruns=19 overruns=0 sleep_us=1976287 queue_ms=65
fps: 30.0
vis: 60.0
cpu: exceptions=7246 cacheResets=1 batches=45 verts=5670 texStalls=0 recompiles=1178 underruns=19 overruns=0 sleep_us=2412795 queue_ms=52
fps: 30.0
vis: 60.0
cpu: exceptions=7394 cacheResets=1 batches=60 verts=7560 texStalls=0 recompiles=1178 underruns=19 overruns=0 sleep_us=2848981 queue_ms=60
fps: 30.0
vis: 60.0
cpu: exceptions=7541 cacheResets=1 batches=75 verts=9450 texStalls=0 recompiles=1178 underruns=19 overruns=0 sleep_us=3285093 queue_ms=60
fps: 30.0
vis: 60.0
cpu: exceptions=7688 cacheResets=1 batches=90 verts=11340 texStalls=0 recompiles=1178 underruns=19 overruns=0 sleep_us=3721656 queue_ms=69
fps: 30.0
vis: 60.0
cpu: exceptions=7835 cacheResets=1 batches=105 verts=13230 texStalls=0 recompiles=1178 underruns=19 overruns=0 sleep_us=4157919 queue_ms=56
fps: 30.0
vis: 60.0
cpu: exceptions=7982 cacheResets=1 batches=120 verts=15120 texStalls=0 recompiles=1178 underruns=19 overruns=0 sleep_us=4594066 queue_ms=56
fps: 30.0
vis: 60.0
cpu: exceptions=8129 cacheResets=1 batches=135 verts=17010 texStalls=0 recompiles=1179 underruns=19 overruns=0 sleep_us=5046707 queue_ms=65
fps: 30.0
vis: 60.0
cpu: exceptions=8276 cacheResets=1 batches=150 verts=18900 texStalls=0 recompiles=1179 underruns=19 overruns=0 sleep_us=5499256 queue_ms=52
fps: 30.0
vis: 60.0
cpu: exceptions=8423 cacheResets=1 batches=165 verts=20790 texStalls=0 recompiles=1179 underruns=19 overruns=0 sleep_us=5951778 queue_ms=52
fps: 30.0
vis: 60.0
cpu: exceptions=8570 cacheResets=1 batches=180 verts=22680 texStalls=0 recompiles=1179 underruns=19 overruns=0 sleep_us=6404606 queue_ms=60
fps: 30.0
vis: 60.0
cpu: exceptions=8717 cacheResets=1 batches=195 verts=24570 texStalls=0 recompiles=1179 underruns=19 overruns=0 sleep_us=6857092 queue_ms=60
fps: 30.0
vis: 60.0
cpu: exceptions=8864 cacheResets=1 batches=210 verts=26460 texStalls=0 recompiles=1179 underruns=19 overruns=0 sleep_us=7309940 queue_ms=56
fps: 30.0
vis: 60.0
cpu: exceptions=9011 cacheResets=1 batches=225 verts=28350 texStalls=0 recompiles=1179 underruns=19 overruns=0 sleep_us=7762475 queue_ms=56
fps: 30.0
vis: 60.0
cpu: exceptions=9158 cacheResets=1 batches=240 verts=30240 texStalls=0 recompiles=1179 underruns=19 overruns=0 sleep_us=8214994 queue_ms=56
fps: 30.0
vis: 60.0
cpu: exceptions=9305 cacheResets=1 batches=255 verts=32130 texStalls=0 recompiles=1179 underruns=19 overruns=0 sleep_us=8670280 queue_ms=52
fps: 30.0
vis: 60.0
cpu: exceptions=9452 cacheResets=1 batches=270 verts=34020 texStalls=0 recompiles=1179 underruns=19 overruns=0 sleep_us=9124430 queue_ms=52
fps: 30.0
vis: 60.0
cpu: exceptions=9599 cacheResets=1 batches=285 verts=35910 texStalls=0 recompiles=1179 underruns=19 overruns=0 sleep_us=9578612 queue_ms=52
fps: 30.0
vis: 60.0
cpu: exceptions=9746 cacheResets=1 batches=300 verts=37800 texStalls=0 recompiles=1179 underruns=19 overruns=0 sleep_us=10033163 queue_ms=60
fps: 30.0
vis: 60.0
cpu: exceptions=9893 cacheResets=1 batches=315 verts=39690 texStalls=0 recompiles=1179 underruns=19 overruns=0 sleep_us=10487370 queue_ms=47
fps: 30.0
vis: 60.0
cpu: exceptions=10041 cacheResets=1 batches=330 verts=41580 texStalls=0 recompiles=1179 underruns=19 overruns=0 sleep_us=10941648 queue_ms=56
fps: 29.9
vis: 60.0
cpu: exceptions=10186 cacheResets=1 batches=345 verts=43470 texStalls=0 recompiles=1179 underruns=19 overruns=0 sleep_us=11396275 queue_ms=56
fps: 30.0
mark: stop reason: chain guest VI limit
mark: stop_it requested
audio: alist_resample_calls=0 alist_resample_samples=0 alist_zoh_calls=0 alist_zoh_samples=0 musyx_subframes=1679 musyx_voices=0 musyx_voice_peak=0
audio_stages: adpcm_calls=0 adpcm_samples=0 envmix_calls=0 envmix_samples=0 mix_calls=0 mix_samples=0 musyx_fx_calls=1610 musyx_fx_taps=3220 output_calls=1686 output_samples=323712
audio_envmix: exp_calls=0 ge_calls=0 lin_calls=0 nead_calls=0 exp_steady=0 ge_steady=0 lin_steady=0
audio_gaps: nead_mats=0 nead_efz=0 resample_flag2=0 musyx_ptr10=0
audio_output: stream_requests=4077 stream_fed=1120 input_hz=22047 playback_hz=22047 queue_peak_ms=108
subsystem_time: stage=rsp_gfx calls=358 timed_calls=358 period=1 timed_us=537399
subsystem_time: stage=rsp_audio calls=439 timed_calls=439 period=1 timed_us=58690
subsystem_time: stage=rsp_other calls=0 timed_calls=0 period=1 timed_us=0
subsystem_time: stage=lookup calls=829368 timed_calls=6530 period=127 timed_us=776
subsystem_time: stage=compile calls=1179 timed_calls=1179 period=1 timed_us=85228
subsystem_time: stage=dispatch calls=827265 timed_calls=6513 period=127 timed_us=3003
subsystem_time: stage=execute_inclusive calls=827265 timed_calls=6513 period=127 timed_us=194796
subsystem_time: stage=rom_copy calls=4991 timed_calls=4991 period=1 timed_us=3364641
subsystem_time: stage=present calls=899 timed_calls=899 period=1 timed_us=38951
subsystem_time: stage=limiter calls=837 timed_calls=837 period=1 timed_us=11805787
audio_time: stage=resample sampled_calls=0 sampled_samples=0 sampled_us=0
audio_time: stage=zoh sampled_calls=0 sampled_samples=0 sampled_us=0
audio_time: stage=adpcm sampled_calls=0 sampled_samples=0 sampled_us=0
audio_time: stage=envmix_exp sampled_calls=0 sampled_samples=0 sampled_us=0
audio_time: stage=envmix_ge sampled_calls=0 sampled_samples=0 sampled_us=0
audio_time: stage=envmix_lin sampled_calls=0 sampled_samples=0 sampled_us=0
audio_time: stage=envmix_nead sampled_calls=0 sampled_samples=0 sampled_us=0
audio_time: stage=mix sampled_calls=0 sampled_samples=0 sampled_us=0
audio_time: stage=musyx_voice sampled_calls=0 sampled_samples=0 sampled_us=0
audio_time: stage=musyx_fx sampled_calls=12 sampled_samples=24 sampled_us=309
audio_time: stage=output sampled_calls=13 sampled_samples=2496 sampled_us=13
game: n=5/6 how=vis vis=900 vi_rate=60 vi0_retrace=6321 wall_us=18163486 sleep_us=11804601 avg_vis=54.00 avg_fps=27.77 exceptions=10319 cacheResets=1 recompiles=1179 batches=358 verts=45108 texStalls=0 treeDepthMax=19 underruns=19 overruns=0 queue_peak_ms=69 dsp_avg=3.64 dsp_peak=6.10 pmc1=13236960277 pmc2=0 pmc3=0 pmc4=0 mmcr0=00000042 mmcr1=00000000 heap_used=10845880 heap_free=140584 arena1_free=520192 arena2_free=56405952 flushes=4 flush_us=2913 padtrace=0 rom=sd:/wii64/roms/007 - The World Is Not Enough (USA).z64
=== chain 5/6 end vis=900 how=vis rom=sd:/wii64/roms/007 - The World Is Not Enough (USA).z64 ===
mark: pad replay records: 1
mark: loadROM: enter
mark: loadROM: before rom_read
mark: ROMCache_load: enter
mark: ROMCache_load: before first read
mark: ROMCache_load: first read returned
mark: ROMCache_load: byte_swap_type set
mark: ROMCache_load: first byte_swap done
menufps: 0.1
menufps: 54.0
menufps: 1.4
menufps: 1.4
menufps: 1.4
menufps: 1.4
menufps: 1.4
menufps: 1.4
menufps: 1.4
menufps: 21.4
mark: ROMCache_load: loop exited normally
mark: loadROM: after rom_read
mark: loadROM: before init_memory
mark: loadROM: after init_memory
mark: loadROM: before romOpen_gfx
mark: loadROM: after romOpen_gfx / before romOpen_audio
mark: loadROM: after romOpen_audio / before romOpen_input
mark: loadROM: after romOpen_input / before cpu_init
mark: loadROM: after cpu_init
menufps: 4.5
fps: 0.9
first_vi: vi0_retrace=7981
vis: 2.8
cpu: exceptions=0 cacheResets=0 batches=0 verts=0 texStalls=0 recompiles=0 underruns=0 overruns=0 sleep_us=0 queue_ms=0
mark: CPU core dispatch: dynarec
vis: 0.4
cpu: exceptions=3 cacheResets=1 batches=0 verts=0 texStalls=0 recompiles=68 underruns=0 overruns=0 sleep_us=0 queue_ms=0
vis: 60.0
cpu: exceptions=34 cacheResets=1 batches=0 verts=0 texStalls=0 recompiles=82 underruns=0 overruns=0 sleep_us=289809 queue_ms=0
vis: 60.0
cpu: exceptions=82 cacheResets=1 batches=0 verts=0 texStalls=0 recompiles=82 underruns=0 overruns=0 sleep_us=781990 queue_ms=0
vis: 60.0
cpu: exceptions=190 cacheResets=1 batches=0 verts=0 texStalls=0 recompiles=182 underruns=0 overruns=0 sleep_us=1036992 queue_ms=0
vis: 60.0
cpu: exceptions=235 cacheResets=1 batches=0 verts=0 texStalls=0 recompiles=188 underruns=0 overruns=0 sleep_us=1295046 queue_ms=0
vis: 60.0
cpu: exceptions=265 cacheResets=1 batches=0 verts=0 texStalls=0 recompiles=188 underruns=0 overruns=0 sleep_us=1554648 queue_ms=0
vis: 60.0
cpu: exceptions=307 cacheResets=1 batches=0 verts=0 texStalls=0 recompiles=188 underruns=0 overruns=0 sleep_us=1806236 queue_ms=0
vis: 60.0
cpu: exceptions=365 cacheResets=1 batches=0 verts=0 texStalls=0 recompiles=314 underruns=1 overruns=0 sleep_us=2139334 queue_ms=6
vis: 60.0
cpu: exceptions=442 cacheResets=1 batches=0 verts=0 texStalls=0 recompiles=314 underruns=1 overruns=0 sleep_us=2589648 queue_ms=11
vis: 60.0
cpu: exceptions=518 cacheResets=1 batches=0 verts=0 texStalls=0 recompiles=323 underruns=1 overruns=0 sleep_us=3041393 queue_ms=15
vis: 54.1
cpu: exceptions=684 cacheResets=1 batches=0 verts=0 texStalls=0 recompiles=434 underruns=3 overruns=0 sleep_us=3348402 queue_ms=6
vis: 49.8
cpu: exceptions=833 cacheResets=1 batches=0 verts=0 texStalls=0 recompiles=434 underruns=8 overruns=0 sleep_us=3348402 queue_ms=9
vis: 60.0
cpu: exceptions=1066 cacheResets=1 batches=0 verts=0 texStalls=0 recompiles=448 underruns=9 overruns=0 sleep_us=3426004 queue_ms=27
vis: 60.0
cpu: exceptions=1280 cacheResets=1 batches=0 verts=0 texStalls=0 recompiles=448 underruns=9 overruns=0 sleep_us=3634729 queue_ms=31
vis: 41.0
cpu: exceptions=1462 cacheResets=1 batches=20 verts=342 texStalls=0 recompiles=1125 underruns=12 overruns=0 sleep_us=3694121 queue_ms=19
fps: 25.4
vis: 60.0
cpu: exceptions=1750 cacheResets=1 batches=827 verts=11712 texStalls=0 recompiles=1255 underruns=13 overruns=0 sleep_us=3972440 queue_ms=24
fps: 30.0
vis: 60.0
cpu: exceptions=2023 cacheResets=1 batches=1712 verts=24042 texStalls=0 recompiles=1259 underruns=13 overruns=0 sleep_us=4330223 queue_ms=28
fps: 30.0
vis: 60.0
cpu: exceptions=2301 cacheResets=1 batches=2597 verts=36372 texStalls=0 recompiles=1276 underruns=14 overruns=0 sleep_us=4646824 queue_ms=59
fps: 29.9
vis: 60.0
cpu: exceptions=2576 cacheResets=1 batches=3482 verts=48702 texStalls=0 recompiles=1279 underruns=14 overruns=0 sleep_us=5017034 queue_ms=50
fps: 30.0
vis: 60.0
cpu: exceptions=2855 cacheResets=1 batches=4367 verts=61032 texStalls=0 recompiles=1281 underruns=14 overruns=0 sleep_us=5386623 queue_ms=54
fps: 30.0
vis: 60.0
cpu: exceptions=3140 cacheResets=1 batches=5252 verts=73362 texStalls=0 recompiles=1300 underruns=14 overruns=0 sleep_us=5734122 queue_ms=59
fps: 30.0
vis: 60.0
cpu: exceptions=3421 cacheResets=1 batches=6137 verts=85692 texStalls=0 recompiles=1300 underruns=14 overruns=0 sleep_us=6084236 queue_ms=63
fps: 30.0
vis: 60.0
cpu: exceptions=3703 cacheResets=1 batches=7022 verts=98022 texStalls=0 recompiles=1302 underruns=14 overruns=0 sleep_us=6443451 queue_ms=54
fps: 30.1
vis: 60.0
cpu: exceptions=3986 cacheResets=1 batches=7751 verts=108432 texStalls=0 recompiles=1351 underruns=14 overruns=0 sleep_us=6803034 queue_ms=59
fps: 30.0
vis: 60.0
cpu: exceptions=4232 cacheResets=1 batches=8051 verts=113562 texStalls=0 recompiles=1373 underruns=14 overruns=0 sleep_us=7176123 queue_ms=63
fps: 30.0
vis: 60.0
cpu: exceptions=4383 cacheResets=1 batches=8179 verts=121164 texStalls=0 recompiles=1383 underruns=14 overruns=0 sleep_us=7537666 queue_ms=54
fps: 30.0
vis: 60.0
cpu: exceptions=4532 cacheResets=1 batches=8584 verts=148389 texStalls=0 recompiles=1384 underruns=14 overruns=0 sleep_us=7900080 queue_ms=59
fps: 30.0
vis: 60.0
cpu: exceptions=4677 cacheResets=1 batches=8989 verts=175614 texStalls=0 recompiles=1386 underruns=14 overruns=0 sleep_us=8272357 queue_ms=63
fps: 30.0
vis: 60.0
cpu: exceptions=4824 cacheResets=1 batches=9394 verts=202839 texStalls=0 recompiles=1387 underruns=14 overruns=0 sleep_us=8652440 queue_ms=67
fps: 30.0
vis: 60.0
cpu: exceptions=4974 cacheResets=1 batches=9799 verts=230064 texStalls=0 recompiles=1389 underruns=14 overruns=0 sleep_us=9025346 queue_ms=59
mark: stop reason: chain guest VI limit
mark: stop_it requested
audio: alist_resample_calls=11186 alist_resample_samples=2058224 alist_zoh_calls=0 alist_zoh_samples=0 musyx_subframes=0 musyx_voices=0 musyx_voice_peak=0
audio_stages: adpcm_calls=6590 adpcm_samples=722912 envmix_calls=8440 envmix_samples=1552960 mix_calls=54920 mix_samples=10105280 musyx_fx_calls=0 musyx_fx_taps=0 output_calls=342 output_samples=251896
audio_envmix: exp_calls=0 ge_calls=0 lin_calls=8440 nead_calls=0 exp_steady=0 ge_steady=0 lin_steady=7902
audio_gaps: nead_mats=0 nead_efz=0 resample_flag2=0 musyx_ptr10=0
audio_output: stream_requests=5440 stream_fed=870 input_hz=22047 playback_hz=22047 queue_peak_ms=101
subsystem_time: stage=rsp_gfx calls=238 timed_calls=238 period=1 timed_us=319855
subsystem_time: stage=rsp_audio calls=343 timed_calls=343 period=1 timed_us=718497
subsystem_time: stage=rsp_other calls=1 timed_calls=1 period=1 timed_us=0
subsystem_time: stage=lookup calls=1606067 timed_calls=12646 period=127 timed_us=1001
subsystem_time: stage=compile calls=1389 timed_calls=1389 period=1 timed_us=249284
subsystem_time: stage=dispatch calls=1604492 timed_calls=12633 period=127 timed_us=4758
subsystem_time: stage=execute_inclusive calls=1604492 timed_calls=12633 period=127 timed_us=91850
subsystem_time: stage=rom_copy calls=1048 timed_calls=1048 period=1 timed_us=3039671
subsystem_time: stage=present calls=899 timed_calls=899 period=1 timed_us=157531
subsystem_time: stage=limiter calls=824 timed_calls=824 period=1 timed_us=9294525
audio_time: stage=resample sampled_calls=88 sampled_samples=16192 sampled_us=1297
audio_time: stage=zoh sampled_calls=0 sampled_samples=0 sampled_us=0
audio_time: stage=adpcm sampled_calls=51 sampled_samples=5680 sampled_us=417
audio_time: stage=envmix_exp sampled_calls=0 sampled_samples=0 sampled_us=0
audio_time: stage=envmix_ge sampled_calls=0 sampled_samples=0 sampled_us=0
audio_time: stage=envmix_lin sampled_calls=66 sampled_samples=12144 sampled_us=1524
audio_time: stage=envmix_nead sampled_calls=0 sampled_samples=0 sampled_us=0
audio_time: stage=mix sampled_calls=432 sampled_samples=79488 sampled_us=1687
audio_time: stage=musyx_voice sampled_calls=0 sampled_samples=0 sampled_us=0
audio_time: stage=musyx_fx sampled_calls=0 sampled_samples=0 sampled_us=0
audio_time: stage=output sampled_calls=2 sampled_samples=1472 sampled_us=6
game: n=6/6 how=vis vis=900 vi_rate=60 vi0_retrace=7981 wall_us=17768243 sleep_us=9293490 avg_vis=55.10 avg_fps=27.89 exceptions=5084 cacheResets=1 recompiles=1389 batches=10096 verts=250029 texStalls=0 treeDepthMax=15 underruns=14 overruns=0 queue_peak_ms=67 dsp_avg=3.71 dsp_peak=4.75 pmc1=12948148497 pmc2=0 pmc3=0 pmc4=0 mmcr0=00000042 mmcr1=00000000 heap_used=10869688 heap_free=116776 arena1_free=520192 arena2_free=56405952 flushes=3 flush_us=2894 padtrace=0 rom=sd:/wii64/roms/Donkey Kong 64 (USA).z64
=== chain 6/6 end vis=900 how=vis rom=sd:/wii64/roms/Donkey Kong 64 (USA).z64 ===
