Using the macOS Dolphin Wii Remote and mouse bindings.
stage_roms: 0 new,       13 ROMs in dolphin_bench
Booting .dev/bench_builds/wii64-Rice.dol in Dolphin, waiting 1200s...
Dolphin recorded all 11/11 game results.
04:04:781 Core/Boot/Boot_BS2Emu.cpp:463 I[BOOT]: Setup Wii Memory...
04:04:877 Core/HW/DSPHLE/UCodes/UCodes.cpp:225 W[MASTER]: Warning: This title might be incompatible with DSP HLE emulation. Try using LLE if this is homebrew.

Unknown ucode (CRC = 8d527c50) - forcing AXWii.
05:27:326 Core/Core.cpp:237 I[BOOT]: Starting core = Wii mode
05:27:327 Core/Core.cpp:238 I[BOOT]: CPU Thread separate = Yes
05:32:753 Core/Boot/Boot.cpp:541 N[BOOT]: Booting from executable: /Users/monsterray/Agent Folders/Wii64 glN64/.dev/bench_builds/wii64-glN64.dol
05:32:757 Core/Boot/Boot_BS2Emu.cpp:435 I[BOOT]: Using serial number: 790426842
05:32:758 Core/Boot/Boot_BS2Emu.cpp:463 I[BOOT]: Setup Wii Memory...
05:32:857 Core/HW/DSPHLE/UCodes/UCodes.cpp:225 W[MASTER]: Warning: This title might be incompatible with DSP HLE emulation. Try using LLE if this is homebrew.

Unknown ucode (CRC = 8d527c50) - forcing AXWii.
20:08:253 Core/Core.cpp:237 I[BOOT]: Starting core = Wii mode
20:08:253 Core/Core.cpp:238 I[BOOT]: CPU Thread separate = Yes
20:13:905 Core/Boot/Boot.cpp:541 N[BOOT]: Booting from executable: /Users/monsterray/Agent Folders/Wii64 glN64/.dev/bench_builds/wii64-Rice.dol
20:13:909 Core/Boot/Boot_BS2Emu.cpp:435 I[BOOT]: Using serial number: 790426842
20:13:909 Core/Boot/Boot_BS2Emu.cpp:463 I[BOOT]: Setup Wii Memory...
20:14:005 Core/HW/DSPHLE/UCodes/UCodes.cpp:225 W[MASTER]: Warning: This title might be incompatible with DSP HLE emulation. Try using LLE if this is homebrew.

Unknown ucode (CRC = 8d527c50) - forcing AXWii.
  # rom                                how            vis  wall s speed  idle   fps     exc  recomp tree  undr  ovr   ipc   pad png
-----------------------------------------------------------------------------------------------------------------------------------
  1 Super Mario 64.v64                 vis           3600    60.8  0.99   42%  27.9   27289    1567   15     0 3541  0.00     4 xfb_01.png
  2 Mario Kart 64.v64                  vis           3600    60.6  0.99   54%  28.3   29110    1518   14     0 3523  0.00     0 xfb_02.png
  3 Banjo-Kazooie.V64                  vis           3600    60.1  1.00   59%  21.6   22438    2351   32     0 1730  0.00     0 xfb_03.png
  4 Mario Party.v64                    vis           3600    63.1  0.95   32% 132.6   33525    1627   25     0 3447  0.00    10 xfb_04.png
  5 Mario Party (USA).z64              vis           3600    63.1  0.95   32% 132.6   33520    1627   25     0 3447  0.00    10 xfb_05.png
  6 Mario Party 2 (E) (M5) [!].z64     vis           3600    74.9  0.96   61%  82.5   30361    2102   20     0 3453  0.00     8 xfb_06.png
  7 Mario Party 2 (USA).z64            vis           3600    63.0  0.95   51% 106.9   31349    2026   26     0 3426  0.00    10 xfb_07.png
  8 Mario Party 3 (E) (M4) [!].z64     vis           3600    74.8  0.96   71%  69.7   25315    2347   20     0 2657  0.00    10 xfb_08.png
  9 Mario Party 3 (USA).z64            vis           3600    62.9  0.95   66%  91.8   27020    2200   20     0 3528  0.00    10 xfb_09.png
 10 Pokemon Snap.rom                   vis           3600    60.5  0.99   28%  58.5   37958     832   12     0 3563  0.00     0 xfb_10.png
 11 Super Smash Bros. (U) [!].z64      vis           3600    60.2  1.00   48%  53.1   48737    2124   14     0 3563  0.00     0 xfb_11.png

flush cost: 79.2 ms over 89 flushes
