--- wii64 perf log ---
mark: diag config: wiiload arguments
mark: wiiload dynacore argument received
mark: diag received dynacore line
mark: diag requested core: dynarec
mark: pad replay records: 1
selftest:
  raw[0]=51279160245075018
  raw[1]=51279160245075022
  raw[2]=51279160245075034
  raw[3]=51279160245075046
  raw[4]=51279160245075058
  delta[0]=0us
  delta[1]=0us
  delta[2]=0us
  delta[3]=0us
mark: audio quality: accurate
mark: audio modes: n64=0 output=0 mixer=0 latency=2 sync=0
mark: diag applied core: dynarec
mark: loadROM: enter
mark: loadROM: before rom_read
mark: ROMCache_load: enter
mark: ROMCache_load: before first read
mark: ROMCache_load: first read returned
mark: ROMCache_load: byte_swap_type set
mark: ROMCache_load: first byte_swap done
menufps: 10.1
menufps: 8.4
menufps: 7.9
mark: ROMCache_load: loop exited normally
mark: loadROM: after rom_read
mark: loadROM: before init_memory
mark: loadROM: after init_memory
mark: loadROM: before romOpen_gfx
mark: loadROM: after romOpen_gfx / before romOpen_audio
mark: loadROM: after romOpen_audio / before romOpen_input
mark: loadROM: after romOpen_input / before cpu_init
mark: loadROM: after cpu_init
menufps: 1.2
fps: 0.0
first_vi: vi0_retrace=316
vis: 0.0
cpu: exceptions=0 cacheResets=0 batches=0 verts=0 texStalls=0 recompiles=0 underruns=0 overruns=0 sleep_us=0 queue_ms=0
mark: CPU core dispatch: dynarec
vis: 60.0
cpu: exceptions=240 cacheResets=1 batches=0 verts=0 texStalls=0 recompiles=189 underruns=2 overruns=0 sleep_us=267254 queue_ms=91
vis: 60.0
cpu: exceptions=540 cacheResets=1 batches=0 verts=0 texStalls=0 recompiles=198 underruns=2 overruns=0 sleep_us=748551 queue_ms=87
vis: 60.0
cpu: exceptions=840 cacheResets=1 batches=0 verts=0 texStalls=0 recompiles=204 underruns=2 overruns=0 sleep_us=1229856 queue_ms=93
vis: 60.0
cpu: exceptions=1135 cacheResets=1 batches=0 verts=0 texStalls=0 recompiles=204 underruns=2 overruns=0 sleep_us=1711704 queue_ms=88
fps: 0.5
vis: 60.0
cpu: exceptions=1431 cacheResets=1 batches=414 verts=9387 texStalls=0 recompiles=468 underruns=3 overruns=0 sleep_us=2064470 queue_ms=11
fps: 20.0
vis: 60.0
cpu: exceptions=1683 cacheResets=1 batches=3588 verts=81354 texStalls=0 recompiles=477 underruns=3 overruns=0 sleep_us=2711567 queue_ms=23
fps: 30.0
vis: 60.0
cpu: exceptions=1831 cacheResets=1 batches=5658 verts=128289 texStalls=0 recompiles=478 underruns=3 overruns=0 sleep_us=3141462 queue_ms=28
fps: 30.0
vis: 60.0
cpu: exceptions=1973 cacheResets=1 batches=7728 verts=175224 texStalls=0 recompiles=478 underruns=3 overruns=0 sleep_us=3572569 queue_ms=24
fps: 30.0
vis: 60.0
cpu: exceptions=2115 cacheResets=1 batches=9798 verts=222159 texStalls=0 recompiles=478 underruns=3 overruns=0 sleep_us=4003691 queue_ms=30
fps: 30.0
vis: 60.0
cpu: exceptions=2257 cacheResets=1 batches=11879 verts=269160 texStalls=0 recompiles=489 underruns=3 overruns=0 sleep_us=4433330 queue_ms=26
fps: 30.0
vis: 60.0
cpu: exceptions=2599 cacheResets=1 batches=12574 verts=284835 texStalls=0 recompiles=673 underruns=3 overruns=0 sleep_us=4748588 queue_ms=22
vis: 60.0
cpu: exceptions=2689 cacheResets=1 batches=12574 verts=284835 texStalls=0 recompiles=727 underruns=3 overruns=0 sleep_us=5007163 queue_ms=28
vis: 60.0
cpu: exceptions=2779 cacheResets=1 batches=12574 verts=284835 texStalls=0 recompiles=784 underruns=3 overruns=0 sleep_us=5302701 queue_ms=24
fps: 1.8
vis: 60.0
cpu: exceptions=2877 cacheResets=1 batches=12574 verts=284835 texStalls=0 recompiles=789 underruns=4 overruns=0 sleep_us=5641774 queue_ms=0
fps: 15.2
vis: 60.0
cpu: exceptions=3049 cacheResets=1 batches=16510 verts=336423 texStalls=0 recompiles=910 underruns=5 overruns=0 sleep_us=5835804 queue_ms=12
fps: 30.0
vis: 60.0
cpu: exceptions=3204 cacheResets=1 batches=21395 verts=400572 texStalls=0 recompiles=920 underruns=5 overruns=0 sleep_us=6034960 queue_ms=16
fps: 30.0
vis: 60.0
cpu: exceptions=3362 cacheResets=1 batches=26258 verts=464445 texStalls=0 recompiles=927 underruns=5 overruns=0 sleep_us=6227648 queue_ms=13
fps: 30.0
vis: 60.0
cpu: exceptions=3527 cacheResets=1 batches=31123 verts=528330 texStalls=0 recompiles=927 underruns=5 overruns=0 sleep_us=6425070 queue_ms=18
fps: 30.0
vis: 60.0
cpu: exceptions=3680 cacheResets=1 batches=35989 verts=592221 texStalls=0 recompiles=927 underruns=5 overruns=0 sleep_us=6625926 queue_ms=14
fps: 29.1
vis: 60.0
cpu: exceptions=3878 cacheResets=1 batches=40852 verts=656094 texStalls=0 recompiles=928 underruns=6 overruns=0 sleep_us=6804346 queue_ms=11
fps: 29.9
vis: 60.0
cpu: exceptions=4099 cacheResets=1 batches=45717 verts=719979 texStalls=0 recompiles=928 underruns=6 overruns=0 sleep_us=6975303 queue_ms=7
fps: 30.0
vis: 60.0
cpu: exceptions=4326 cacheResets=1 batches=50583 verts=783870 texStalls=0 recompiles=928 underruns=6 overruns=0 sleep_us=7137351 queue_ms=12
fps: 30.0
vis: 60.0
cpu: exceptions=4553 cacheResets=1 batches=55446 verts=847743 texStalls=0 recompiles=928 underruns=6 overruns=0 sleep_us=7303363 queue_ms=9
fps: 30.0
vis: 60.0
cpu: exceptions=4765 cacheResets=1 batches=60318 verts=911670 texStalls=0 recompiles=928 underruns=6 overruns=0 sleep_us=7474279 queue_ms=14
fps: 30.0
vis: 60.0
cpu: exceptions=4980 cacheResets=1 batches=65175 verts=975507 texStalls=0 recompiles=928 underruns=6 overruns=0 sleep_us=7647600 queue_ms=10
vis: 60.0
cpu: exceptions=5203 cacheResets=1 batches=70047 verts=1039434 texStalls=0 recompiles=928 underruns=6 overruns=0 sleep_us=7815220 queue_ms=7
fps: 30.0
vis: 60.0
cpu: exceptions=5424 cacheResets=1 batches=74911 verts=1103313 texStalls=0 recompiles=928 underruns=6 overruns=0 sleep_us=7982925 queue_ms=11
fps: 30.0
vis: 60.0
cpu: exceptions=5651 cacheResets=1 batches=79777 verts=1167204 texStalls=0 recompiles=928 underruns=6 overruns=0 sleep_us=8146048 queue_ms=8
fps: 30.0
vis: 60.0
cpu: exceptions=5889 cacheResets=1 batches=84635 verts=1231047 texStalls=0 recompiles=928 underruns=6 overruns=0 sleep_us=8304560 queue_ms=14
fps: 30.0
mark: stop reason: chain guest VI limit
mark: stop_it requested
audio: alist_resample_calls=16770 alist_resample_samples=2210760 alist_zoh_calls=0 alist_zoh_samples=0 musyx_subframes=0 musyx_voices=0 musyx_voice_peak=0
audio_stages: adpcm_calls=16496 adpcm_samples=2666016 envmix_calls=16204 envmix_samples=2162216 mix_calls=3500 mix_samples=1120000 musyx_fx_calls=0 musyx_fx_taps=0 output_calls=876 output_samples=467088
audio_envmix: exp_calls=16204 ge_calls=0 lin_calls=0 nead_calls=0 exp_steady=13261 ge_steady=0 lin_steady=0
audio_gaps: nead_mats=0 nead_efz=0 resample_flag2=0 musyx_ptr10=0
audio_output: stream_requests=3399 stream_fed=1621 input_hz=32006 playback_hz=32006 queue_peak_ms=113
audio_time: stage=resample sampled_calls=132 sampled_samples=17512 sampled_us=747
audio_time: stage=zoh sampled_calls=0 sampled_samples=0 sampled_us=0
audio_time: stage=adpcm sampled_calls=129 sampled_samples=20528 sampled_us=847
audio_time: stage=envmix_exp sampled_calls=127 sampled_samples=16960 sampled_us=1221
audio_time: stage=envmix_ge sampled_calls=0 sampled_samples=0 sampled_us=0
audio_time: stage=envmix_lin sampled_calls=0 sampled_samples=0 sampled_us=0
audio_time: stage=envmix_nead sampled_calls=0 sampled_samples=0 sampled_us=0
audio_time: stage=mix sampled_calls=27 sampled_samples=8640 sampled_us=147
audio_time: stage=musyx_voice sampled_calls=0 sampled_samples=0 sampled_us=0
audio_time: stage=musyx_fx sampled_calls=0 sampled_samples=0 sampled_us=0
audio_time: stage=output sampled_calls=6 sampled_samples=3200 sampled_us=59
game: n=1/6 how=vis vis=900 vi_rate=60 vi0_retrace=316 wall_us=15156361 sleep_us=8362678 avg_vis=58.00 avg_fps=25.27 exceptions=5981 cacheResets=1 recompiles=928 batches=86581 verts=1256601 texStalls=0 treeDepthMax=14 underruns=7 overruns=0 queue_peak_ms=93 dsp_avg=1.46 dsp_peak=1.70 pmc1=4808984592 pmc2=4599253568 pmc3=0 pmc4=0 mmcr0=00000042 mmcr1=00000000 heap_used=10836436 heap_free=37320 arena1_free=634880 arena2_free=56405952 flushes=3 flush_us=32121 padtrace=4 rom=sd:/wii64/roms/Super Mario 64.v64
=== chain 1/6 end vis=900 how=vis rom=sd:/wii64/roms/Super Mario 64.v64 ===
mark: pad replay records: 1
mark: loadROM: enter
mark: loadROM: before rom_read
mark: ROMCache_load: enter
mark: ROMCache_load: before first read
mark: ROMCache_load: first read returned
mark: ROMCache_load: byte_swap_type set
mark: ROMCache_load: first byte_swap done
menufps: 0.1
menufps: 8.4
menufps: 8.3
menufps: 8.3
menufps: 8.3
menufps: 8.3
menufps: 8.3
mark: ROMCache_load: loop exited normally
mark: loadROM: after rom_read
mark: loadROM: before init_memory
mark: loadROM: after init_memory
mark: loadROM: before romOpen_gfx
mark: loadROM: after romOpen_gfx / before romOpen_audio
mark: loadROM: after romOpen_audio / before romOpen_input
mark: loadROM: after romOpen_input / before cpu_init
mark: loadROM: after cpu_init
menufps: 0.9
fps: 0.5
first_vi: vi0_retrace=1654
vis: 1.7
cpu: exceptions=0 cacheResets=0 batches=0 verts=0 texStalls=0 recompiles=0 underruns=0 overruns=0 sleep_us=0 queue_ms=0
mark: CPU core dispatch: dynarec
vis: 60.0
cpu: exceptions=37 cacheResets=1 batches=0 verts=0 texStalls=0 recompiles=138 underruns=0 overruns=0 sleep_us=58064 queue_ms=0
vis: 60.0
cpu: exceptions=67 cacheResets=1 batches=0 verts=0 texStalls=0 recompiles=138 underruns=0 overruns=0 sleep_us=400328 queue_ms=0
vis: 60.0
cpu: exceptions=368 cacheResets=1 batches=0 verts=0 texStalls=0 recompiles=390 underruns=0 overruns=0 sleep_us=699972 queue_ms=0
vis: 60.0
cpu: exceptions=570 cacheResets=1 batches=0 verts=0 texStalls=0 recompiles=668 underruns=2 overruns=0 sleep_us=1011385 queue_ms=17
fps: 0.4
vis: 60.0
cpu: exceptions=766 cacheResets=1 batches=44 verts=2262 texStalls=0 recompiles=1899 underruns=3 overruns=0 sleep_us=1195572 queue_ms=34
vis: 60.0
cpu: exceptions=919 cacheResets=1 batches=44 verts=2262 texStalls=0 recompiles=1913 underruns=3 overruns=0 sleep_us=1484755 queue_ms=39
fps: 1.3
vis: 60.0
cpu: exceptions=1111 cacheResets=1 batches=523 verts=18168 texStalls=0 recompiles=1999 underruns=3 overruns=0 sleep_us=1770925 queue_ms=43
fps: 30.0
vis: 60.0
cpu: exceptions=1290 cacheResets=1 batches=1367 verts=39522 texStalls=0 recompiles=2006 underruns=3 overruns=0 sleep_us=2069690 queue_ms=34
fps: 30.0
vis: 60.0
cpu: exceptions=1480 cacheResets=1 batches=2414 verts=62094 texStalls=0 recompiles=2009 underruns=3 overruns=0 sleep_us=2358724 queue_ms=39
fps: 29.4
vis: 60.0
cpu: exceptions=1657 cacheResets=1 batches=3477 verts=84762 texStalls=0 recompiles=2010 underruns=3 overruns=0 sleep_us=2649746 queue_ms=30
fps: 30.0
vis: 60.0
cpu: exceptions=1840 cacheResets=1 batches=4530 verts=107034 texStalls=0 recompiles=2012 underruns=3 overruns=0 sleep_us=2941004 queue_ms=34
fps: 30.0
vis: 60.0
cpu: exceptions=2031 cacheResets=1 batches=5594 verts=129078 texStalls=0 recompiles=2029 underruns=3 overruns=0 sleep_us=3227493 queue_ms=30
fps: 30.0
vis: 60.0
cpu: exceptions=2218 cacheResets=1 batches=6620 verts=150894 texStalls=0 recompiles=2029 underruns=3 overruns=0 sleep_us=3522411 queue_ms=35
fps: 30.0
vis: 60.0
cpu: exceptions=2399 cacheResets=1 batches=7874 verts=182286 texStalls=0 recompiles=2031 underruns=3 overruns=0 sleep_us=3788208 queue_ms=39
fps: 29.9
vis: 60.0
cpu: exceptions=2607 cacheResets=1 batches=9515 verts=221466 texStalls=0 recompiles=2036 underruns=3 overruns=0 sleep_us=4019118 queue_ms=30
fps: 30.0
vis: 60.0
cpu: exceptions=2786 cacheResets=1 batches=11160 verts=252474 texStalls=0 recompiles=2047 underruns=3 overruns=0 sleep_us=4264643 queue_ms=26
fps: 30.0
vis: 60.0
cpu: exceptions=2963 cacheResets=1 batches=12648 verts=277062 texStalls=0 recompiles=2063 underruns=3 overruns=0 sleep_us=4540356 queue_ms=31
fps: 30.0
vis: 60.0
cpu: exceptions=3134 cacheResets=1 batches=13893 verts=300192 texStalls=0 recompiles=2063 underruns=3 overruns=0 sleep_us=4834759 queue_ms=35
fps: 30.0
vis: 60.0
cpu: exceptions=3311 cacheResets=1 batches=14955 verts=322224 texStalls=0 recompiles=2064 underruns=3 overruns=0 sleep_us=5136614 queue_ms=40
fps: 30.0
vis: 60.0
cpu: exceptions=3496 cacheResets=1 batches=15990 verts=344094 texStalls=0 recompiles=2064 underruns=3 overruns=0 sleep_us=5432523 queue_ms=31
fps: 30.0
vis: 60.0
cpu: exceptions=3685 cacheResets=1 batches=17051 verts=367944 texStalls=0 recompiles=2064 underruns=3 overruns=0 sleep_us=5718973 queue_ms=27
fps: 29.9
vis: 60.0
cpu: exceptions=3873 cacheResets=1 batches=18373 verts=405216 texStalls=0 recompiles=2064 underruns=3 overruns=0 sleep_us=5976609 queue_ms=31
fps: 30.0
vis: 60.0
cpu: exceptions=4080 cacheResets=1 batches=19710 verts=442578 texStalls=0 recompiles=2072 underruns=3 overruns=0 sleep_us=6230012 queue_ms=36
fps: 29.9
vis: 60.0
cpu: exceptions=4276 cacheResets=1 batches=22471 verts=477696 texStalls=0 recompiles=2081 underruns=3 overruns=0 sleep_us=6457272 queue_ms=40
fps: 29.8
vis: 60.0
cpu: exceptions=4471 cacheResets=1 batches=27669 verts=520134 texStalls=0 recompiles=2081 underruns=3 overruns=0 sleep_us=6647010 queue_ms=31
fps: 30.0
vis: 60.0
cpu: exceptions=4657 cacheResets=1 batches=32960 verts=563130 texStalls=0 recompiles=2081 underruns=3 overruns=0 sleep_us=6841815 queue_ms=27
fps: 30.0
vis: 60.0
cpu: exceptions=4854 cacheResets=1 batches=37986 verts=604536 texStalls=0 recompiles=2083 underruns=3 overruns=0 sleep_us=7045947 queue_ms=32
fps: 30.0
vis: 60.0
cpu: exceptions=5048 cacheResets=1 batches=43113 verts=646548 texStalls=0 recompiles=2083 underruns=3 overruns=0 sleep_us=7248427 queue_ms=36
fps: 30.0
vis: 60.0
cpu: exceptions=5255 cacheResets=1 batches=48350 verts=691956 texStalls=0 recompiles=2083 underruns=3 overruns=0 sleep_us=7428174 queue_ms=40
fps: 29.2
mark: stop reason: chain guest VI limit
mark: stop_it requested
audio: alist_resample_calls=7273 alist_resample_samples=1338232 alist_zoh_calls=0 alist_zoh_samples=0 musyx_subframes=0 musyx_voices=0 musyx_voice_peak=0
audio_stages: adpcm_calls=5684 adpcm_samples=629344 envmix_calls=5654 envmix_samples=1040336 mix_calls=32380 mix_samples=5957920 musyx_fx_calls=0 musyx_fx_taps=0 output_calls=405 output_samples=297160
audio_envmix: exp_calls=0 ge_calls=0 lin_calls=5654 nead_calls=0 exp_steady=0 ge_steady=0 lin_steady=5208
audio_gaps: nead_mats=0 nead_efz=0 resample_flag2=0 musyx_ptr10=0
audio_output: stream_requests=3350 stream_fed=1031 input_hz=21998 playback_hz=21998 queue_peak_ms=78
audio_time: stage=resample sampled_calls=57 sampled_samples=10488 sampled_us=415
audio_time: stage=zoh sampled_calls=0 sampled_samples=0 sampled_us=0
audio_time: stage=adpcm sampled_calls=44 sampled_samples=4752 sampled_us=213
audio_time: stage=envmix_exp sampled_calls=0 sampled_samples=0 sampled_us=0
audio_time: stage=envmix_ge sampled_calls=0 sampled_samples=0 sampled_us=0
audio_time: stage=envmix_lin sampled_calls=44 sampled_samples=8096 sampled_us=699
audio_time: stage=envmix_nead sampled_calls=0 sampled_samples=0 sampled_us=0
audio_time: stage=mix sampled_calls=254 sampled_samples=46736 sampled_us=769
audio_time: stage=musyx_voice sampled_calls=0 sampled_samples=0 sampled_us=0
audio_time: stage=musyx_fx sampled_calls=0 sampled_samples=0 sampled_us=0
audio_time: stage=output sampled_calls=3 sampled_samples=2208 sampled_us=39
game: n=2/6 how=vis vis=900 vi_rate=60 vi0_retrace=1654 wall_us=15180901 sleep_us=7627034 avg_vis=58.06 avg_fps=26.56 exceptions=5450 cacheResets=1 recompiles=2084 batches=52520 verts=741906 texStalls=0 treeDepthMax=31 underruns=3 overruns=0 queue_peak_ms=43 dsp_avg=1.35 dsp_peak=1.60 pmc1=5241301667 pmc2=4793191969 pmc3=0 pmc4=0 mmcr0=00000042 mmcr1=00000000 heap_used=10913844 heap_free=33640 arena1_free=561152 arena2_free=56405952 flushes=4 flush_us=39254 padtrace=0 rom=sd:/wii64/roms/Banjo-Kazooie.V64
=== chain 2/6 end vis=900 how=vis rom=sd:/wii64/roms/Banjo-Kazooie.V64 ===
mark: pad replay records: 1
mark: loadROM: enter
mark: loadROM: before rom_read
mark: ROMCache_load: enter
mark: ROMCache_load: before first read
mark: ROMCache_load: first read returned
mark: ROMCache_load: byte_swap_type set
mark: ROMCache_load: first byte_swap done
menufps: 0.1
menufps: 8.4
menufps: 8.3
menufps: 8.3
menufps: 8.3
menufps: 8.3
menufps: 8.3
mark: ROMCache_load: loop exited normally
mark: loadROM: after rom_read
mark: loadROM: before init_memory
mark: loadROM: after init_memory
mark: loadROM: before romOpen_gfx
mark: loadROM: after romOpen_gfx / before romOpen_audio
mark: loadROM: after romOpen_audio / before romOpen_input
mark: loadROM: after romOpen_input / before cpu_init
mark: loadROM: after cpu_init
menufps: 0.9
fps: 0.7
first_vi: vi0_retrace=2992
vis: 3.8
cpu: exceptions=0 cacheResets=0 batches=0 verts=0 texStalls=0 recompiles=0 underruns=0 overruns=0 sleep_us=0 queue_ms=0
mark: CPU core dispatch: dynarec
vis: 60.0
cpu: exceptions=1472 cacheResets=1 batches=0 verts=0 texStalls=0 recompiles=421 underruns=0 overruns=0 sleep_us=148419 queue_ms=148
fps: 3.1
vis: 60.0
cpu: exceptions=2356 cacheResets=1 batches=0 verts=0 texStalls=0 recompiles=425 underruns=0 overruns=0 sleep_us=530555 queue_ms=151
fps: 60.6
vis: 60.0
cpu: exceptions=2626 cacheResets=1 batches=0 verts=0 texStalls=0 recompiles=425 underruns=0 overruns=0 sleep_us=962335 queue_ms=147
fps: 60.0
vis: 60.0
cpu: exceptions=2919 cacheResets=1 batches=0 verts=0 texStalls=0 recompiles=468 underruns=0 overruns=0 sleep_us=1380790 queue_ms=153
vis: 60.0
cpu: exceptions=3299 cacheResets=1 batches=0 verts=0 texStalls=0 recompiles=468 underruns=0 overruns=0 sleep_us=1741773 queue_ms=148
fps: 14.9
vis: 57.1
cpu: exceptions=3657 cacheResets=1 batches=2612 verts=69456 texStalls=0 recompiles=750 underruns=0 overruns=0 sleep_us=1935517 queue_ms=127
fps: 60.7
vis: 60.0
cpu: exceptions=3948 cacheResets=1 batches=9392 verts=246936 texStalls=0 recompiles=763 underruns=0 overruns=0 sleep_us=2033468 queue_ms=123
fps: 60.0
vis: 60.0
cpu: exceptions=4245 cacheResets=1 batches=16161 verts=424350 texStalls=0 recompiles=775 underruns=0 overruns=0 sleep_us=2132706 queue_ms=119
fps: 60.0
vis: 60.0
cpu: exceptions=4543 cacheResets=1 batches=22911 verts=601650 texStalls=0 recompiles=775 underruns=0 overruns=0 sleep_us=2231810 queue_ms=125
fps: 60.0
vis: 60.0
cpu: exceptions=4834 cacheResets=1 batches=29661 verts=778950 texStalls=0 recompiles=775 underruns=0 overruns=0 sleep_us=2334024 queue_ms=121
fps: 60.0
vis: 60.0
cpu: exceptions=5122 cacheResets=1 batches=36411 verts=956250 texStalls=0 recompiles=775 underruns=0 overruns=0 sleep_us=2438031 queue_ms=126
fps: 60.0
vis: 60.0
cpu: exceptions=5416 cacheResets=1 batches=43161 verts=1133550 texStalls=0 recompiles=775 underruns=0 overruns=0 sleep_us=2539330 queue_ms=122
fps: 60.0
vis: 60.0
cpu: exceptions=5704 cacheResets=1 batches=49911 verts=1310850 texStalls=0 recompiles=777 underruns=0 overruns=0 sleep_us=2643224 queue_ms=128
fps: 60.0
vis: 60.0
cpu: exceptions=5998 cacheResets=1 batches=56661 verts=1488150 texStalls=0 recompiles=777 underruns=0 overruns=0 sleep_us=2740284 queue_ms=123
fps: 60.0
vis: 60.0
cpu: exceptions=6296 cacheResets=1 batches=63411 verts=1665450 texStalls=0 recompiles=777 underruns=0 overruns=0 sleep_us=2835145 queue_ms=120
fps: 60.0
vis: 60.0
cpu: exceptions=6589 cacheResets=1 batches=70161 verts=1842750 texStalls=0 recompiles=777 underruns=0 overruns=0 sleep_us=2931032 queue_ms=126
fps: 60.0
vis: 60.0
cpu: exceptions=6888 cacheResets=1 batches=76911 verts=2020050 texStalls=0 recompiles=777 underruns=0 overruns=0 sleep_us=3023017 queue_ms=121
fps: 60.0
vis: 60.0
cpu: exceptions=7179 cacheResets=1 batches=83661 verts=2197350 texStalls=0 recompiles=777 underruns=0 overruns=0 sleep_us=3118206 queue_ms=127
fps: 60.0
vis: 60.0
cpu: exceptions=7471 cacheResets=1 batches=90411 verts=2374650 texStalls=0 recompiles=777 underruns=0 overruns=0 sleep_us=3215255 queue_ms=123
fps: 58.7
vis: 60.0
cpu: exceptions=7761 cacheResets=1 batches=97161 verts=2551950 texStalls=0 recompiles=777 underruns=0 overruns=0 sleep_us=3313422 queue_ms=119
fps: 60.0
vis: 60.0
cpu: exceptions=8050 cacheResets=1 batches=103911 verts=2729250 texStalls=0 recompiles=777 underruns=0 overruns=0 sleep_us=3415363 queue_ms=117
fps: 59.9
vis: 60.0
cpu: exceptions=8348 cacheResets=1 batches=110661 verts=2906550 texStalls=0 recompiles=777 underruns=0 overruns=0 sleep_us=3509602 queue_ms=112
fps: 60.0
vis: 60.0
cpu: exceptions=8642 cacheResets=1 batches=117411 verts=3083850 texStalls=0 recompiles=777 underruns=0 overruns=0 sleep_us=3594354 queue_ms=117
fps: 60.0
vis: 60.0
cpu: exceptions=8953 cacheResets=1 batches=124161 verts=3261150 texStalls=0 recompiles=777 underruns=0 overruns=0 sleep_us=3666997 queue_ms=114
fps: 60.0
vis: 60.0
cpu: exceptions=9272 cacheResets=1 batches=130911 verts=3438450 texStalls=0 recompiles=777 underruns=0 overruns=0 sleep_us=3736611 queue_ms=110
fps: 60.0
vis: 60.0
cpu: exceptions=9591 cacheResets=1 batches=137661 verts=3615750 texStalls=0 recompiles=777 underruns=0 overruns=0 sleep_us=3808256 queue_ms=115
fps: 60.0
vis: 60.0
cpu: exceptions=9903 cacheResets=1 batches=144411 verts=3793050 texStalls=0 recompiles=777 underruns=0 overruns=0 sleep_us=3881114 queue_ms=112
fps: 60.0
vis: 60.0
cpu: exceptions=10212 cacheResets=1 batches=151163 verts=3970350 texStalls=0 recompiles=777 underruns=0 overruns=0 sleep_us=3956442 queue_ms=116
fps: 59.8
vis: 60.0
cpu: exceptions=10525 cacheResets=1 batches=158473 verts=4165674 texStalls=0 recompiles=777 underruns=0 overruns=0 sleep_us=4020139 queue_ms=113
fps: 60.1
mark: stop reason: chain guest VI limit
mark: stop_it requested
vis: 56.0
cpu: exceptions=10823 cacheResets=1 batches=167028 verts=4402401 texStalls=0 recompiles=777 underruns=0 overruns=0 sleep_us=4044415 queue_ms=84
audio: alist_resample_calls=10077 alist_resample_samples=1250096 alist_zoh_calls=0 alist_zoh_samples=0 musyx_subframes=0 musyx_voices=0 musyx_voice_peak=0
audio_stages: adpcm_calls=9759 adpcm_samples=1154016 envmix_calls=10077 envmix_samples=1250096 mix_calls=79024 mix_samples=10544864 musyx_fx_calls=0 musyx_fx_taps=0 output_calls=897 output_samples=478768
audio_envmix: exp_calls=10077 ge_calls=0 lin_calls=0 nead_calls=0 exp_steady=5510 ge_steady=0 lin_steady=0
audio_gaps: nead_mats=0 nead_efz=0 resample_flag2=0 musyx_ptr10=0
audio_output: stream_requests=3318 stream_fed=1654 input_hz=32006 playback_hz=32006 queue_peak_ms=173
audio_time: stage=resample sampled_calls=79 sampled_samples=10240 sampled_us=443
audio_time: stage=zoh sampled_calls=0 sampled_samples=0 sampled_us=0
audio_time: stage=adpcm sampled_calls=76 sampled_samples=8016 sampled_us=377
audio_time: stage=envmix_exp sampled_calls=79 sampled_samples=10240 sampled_us=1205
audio_time: stage=envmix_ge sampled_calls=0 sampled_samples=0 sampled_us=0
audio_time: stage=envmix_lin sampled_calls=0 sampled_samples=0 sampled_us=0
audio_time: stage=envmix_nead sampled_calls=0 sampled_samples=0 sampled_us=0
audio_time: stage=mix sampled_calls=622 sampled_samples=83008 sampled_us=1372
audio_time: stage=musyx_voice sampled_calls=0 sampled_samples=0 sampled_us=0
audio_time: stage=musyx_fx sampled_calls=0 sampled_samples=0 sampled_us=0
audio_time: stage=output sampled_calls=7 sampled_samples=3712 sampled_us=70
game: n=3/6 how=vis vis=900 vi_rate=60 vi0_retrace=2992 wall_us=15214800 sleep_us=4044415 avg_vis=57.97 avg_fps=54.43 exceptions=10824 cacheResets=1 recompiles=777 batches=167028 verts=4402401 texStalls=0 treeDepthMax=12 underruns=0 overruns=0 queue_peak_ms=153 dsp_avg=1.49 dsp_peak=1.90 pmc1=7980627635 pmc2=7581281870 pmc3=0 pmc4=0 mmcr0=00000042 mmcr1=00000000 heap_used=10826036 heap_free=158312 arena1_free=524288 arena2_free=56405952 flushes=3 flush_us=35122 padtrace=0 rom=sd:/wii64/roms/Pokemon Snap.rom
=== chain 3/6 end vis=900 how=vis rom=sd:/wii64/roms/Pokemon Snap.rom ===
mark: pad replay records: 1
mark: loadROM: enter
mark: loadROM: before rom_read
mark: ROMCache_load: enter
menufps: 0.1
menufps: 0.2
mark: ROMCache_load: before first read
mark: ROMCache_load: first read returned
mark: ROMCache_load: byte_swap_type set
mark: ROMCache_load: first byte_swap done
menufps: 0.2
menufps: 8.4
menufps: 8.3
menufps: 8.1
menufps: 8.4
menufps: 8.3
menufps: 7.8
menufps: 1.3
menufps: 1.3
menufps: 1.3
menufps: 1.3
menufps: 1.3
menufps: 1.3
menufps: 1.3
menufps: 3.8
menufps: 8.3
menufps: 8.3
menufps: 8.4
menufps: 8.3
mark: ROMCache_load: loop exited normally
mark: loadROM: after rom_read
mark: loadROM: before init_memory
mark: loadROM: after init_memory
mark: loadROM: before romOpen_gfx
mark: loadROM: after romOpen_gfx / before romOpen_audio
mark: loadROM: after romOpen_audio / before romOpen_input
mark: loadROM: after romOpen_input / before cpu_init
mark: loadROM: after cpu_init
menufps: 1.2
first_vi: vi0_retrace=5421
mark: CPU core dispatch: dynarec
vis: 0.4
cpu: exceptions=2 cacheResets=1 batches=0 verts=0 texStalls=0 recompiles=138 underruns=0 overruns=0 sleep_us=0 queue_ms=0
vis: 50.0
cpu: exceptions=2006 cacheResets=1 batches=0 verts=0 texStalls=0 recompiles=367 underruns=0 overruns=0 sleep_us=423667 queue_ms=0
fps: 0.3
vis: 43.7
cpu: exceptions=2765 cacheResets=1 batches=0 verts=0 texStalls=0 recompiles=777 underruns=1 overruns=0 sleep_us=616579 queue_ms=159
fps: 45.0
vis: 50.0
cpu: exceptions=2987 cacheResets=1 batches=0 verts=0 texStalls=0 recompiles=1244 underruns=1 overruns=0 sleep_us=862882 queue_ms=161
fps: 50.0
vis: 50.0
cpu: exceptions=3126 cacheResets=1 batches=0 verts=0 texStalls=0 recompiles=1253 underruns=1 overruns=0 sleep_us=1265260 queue_ms=172
vis: 50.0
cpu: exceptions=3276 cacheResets=1 batches=0 verts=0 texStalls=0 recompiles=1267 underruns=1 overruns=0 sleep_us=1658085 queue_ms=151
fps: 49.9
vis: 50.0
cpu: exceptions=3437 cacheResets=1 batches=0 verts=0 texStalls=0 recompiles=1269 underruns=1 overruns=0 sleep_us=2036278 queue_ms=159
fps: 50.1
vis: 50.0
cpu: exceptions=3585 cacheResets=1 batches=0 verts=0 texStalls=0 recompiles=1277 underruns=1 overruns=0 sleep_us=2414874 queue_ms=164
fps: 49.9
vis: 50.0
cpu: exceptions=3739 cacheResets=1 batches=0 verts=0 texStalls=0 recompiles=1277 underruns=1 overruns=0 sleep_us=2793589 queue_ms=143
fps: 49.2
vis: 50.0
cpu: exceptions=3891 cacheResets=1 batches=0 verts=0 texStalls=0 recompiles=1278 underruns=1 overruns=0 sleep_us=3181281 queue_ms=151
fps: 49.9
vis: 50.0
cpu: exceptions=4041 cacheResets=1 batches=0 verts=0 texStalls=0 recompiles=1279 underruns=1 overruns=0 sleep_us=3559680 queue_ms=153
fps: 50.1
vis: 50.0
cpu: exceptions=4189 cacheResets=1 batches=0 verts=0 texStalls=0 recompiles=1279 underruns=1 overruns=0 sleep_us=3943368 queue_ms=164
fps: 49.9
vis: 50.0
cpu: exceptions=4344 cacheResets=1 batches=0 verts=0 texStalls=0 recompiles=1280 underruns=1 overruns=0 sleep_us=4326053 queue_ms=143
fps: 50.0
vis: 50.0
cpu: exceptions=4486 cacheResets=1 batches=0 verts=0 texStalls=0 recompiles=1280 underruns=1 overruns=0 sleep_us=4714223 queue_ms=145
fps: 50.0
vis: 50.0
cpu: exceptions=4641 cacheResets=1 batches=0 verts=0 texStalls=0 recompiles=1280 underruns=1 overruns=0 sleep_us=5087015 queue_ms=162
fps: 50.1
vis: 50.0
cpu: exceptions=4782 cacheResets=1 batches=0 verts=0 texStalls=0 recompiles=1283 underruns=1 overruns=0 sleep_us=5464565 queue_ms=164
fps: 49.8
vis: 50.0
cpu: exceptions=4926 cacheResets=1 batches=0 verts=0 texStalls=0 recompiles=1283 underruns=1 overruns=0 sleep_us=5840923 queue_ms=146
fps: 50.2
vis: 50.0
cpu: exceptions=5066 cacheResets=1 batches=0 verts=0 texStalls=0 recompiles=1283 underruns=1 overruns=0 sleep_us=6231973 queue_ms=154
fps: 50.0
vis: 50.0
cpu: exceptions=5216 cacheResets=1 batches=0 verts=0 texStalls=0 recompiles=1283 underruns=1 overruns=0 sleep_us=6619571 queue_ms=165
fps: 50.0
vis: 50.0
cpu: exceptions=5360 cacheResets=1 batches=0 verts=0 texStalls=0 recompiles=1283 underruns=1 overruns=0 sleep_us=7005655 queue_ms=167
fps: 49.9
vis: 50.0
cpu: exceptions=5518 cacheResets=1 batches=0 verts=0 texStalls=0 recompiles=1283 underruns=1 overruns=0 sleep_us=7384972 queue_ms=146
fps: 50.1
vis: 50.0
cpu: exceptions=5657 cacheResets=1 batches=0 verts=0 texStalls=0 recompiles=1283 underruns=1 overruns=0 sleep_us=7772363 queue_ms=157
fps: 50.0
vis: 50.0
cpu: exceptions=5804 cacheResets=1 batches=0 verts=0 texStalls=0 recompiles=1283 underruns=1 overruns=0 sleep_us=8156246 queue_ms=164
fps: 50.1
vis: 50.0
cpu: exceptions=5956 cacheResets=1 batches=0 verts=0 texStalls=0 recompiles=1283 underruns=1 overruns=0 sleep_us=8541018 queue_ms=175
fps: 49.8
vis: 50.0
cpu: exceptions=6108 cacheResets=1 batches=0 verts=0 texStalls=0 recompiles=1283 underruns=1 overruns=0 sleep_us=8912674 queue_ms=149
fps: 50.1
vis: 50.0
cpu: exceptions=6257 cacheResets=1 batches=0 verts=0 texStalls=0 recompiles=1283 underruns=1 overruns=0 sleep_us=9298598 queue_ms=165
fps: 49.9
vis: 50.0
cpu: exceptions=6406 cacheResets=1 batches=0 verts=0 texStalls=0 recompiles=1283 underruns=1 overruns=0 sleep_us=9676354 queue_ms=173
fps: 50.2
vis: 50.0
cpu: exceptions=6549 cacheResets=1 batches=0 verts=0 texStalls=0 recompiles=1283 underruns=1 overruns=0 sleep_us=10056101 queue_ms=178
fps: 49.9
vis: 50.0
cpu: exceptions=6705 cacheResets=1 batches=0 verts=0 texStalls=0 recompiles=1283 underruns=1 overruns=0 sleep_us=10424924 queue_ms=157
fps: 48.6
vis: 50.0
cpu: exceptions=6845 cacheResets=1 batches=0 verts=0 texStalls=0 recompiles=1283 underruns=1 overruns=0 sleep_us=10799613 queue_ms=156
fps: 49.8
vis: 50.0
cpu: exceptions=6993 cacheResets=1 batches=0 verts=0 texStalls=0 recompiles=1283 underruns=1 overruns=0 sleep_us=11164078 queue_ms=158
vis: 50.0
cpu: exceptions=7129 cacheResets=1 batches=0 verts=0 texStalls=0 recompiles=1283 underruns=1 overruns=0 sleep_us=11535935 queue_ms=169
fps: 50.2
vis: 50.0
cpu: exceptions=7285 cacheResets=1 batches=0 verts=0 texStalls=0 recompiles=1283 underruns=1 overruns=0 sleep_us=11911972 queue_ms=171
fps: 50.1
vis: 50.0
cpu: exceptions=7449 cacheResets=1 batches=0 verts=0 texStalls=0 recompiles=1286 underruns=1 overruns=0 sleep_us=12289695 queue_ms=159
fps: 49.8
vis: 50.0
cpu: exceptions=7604 cacheResets=1 batches=0 verts=0 texStalls=0 recompiles=1286 underruns=1 overruns=0 sleep_us=12657983 queue_ms=167
fps: 49.9
vis: 50.0
cpu: exceptions=7754 cacheResets=1 batches=0 verts=0 texStalls=0 recompiles=1286 underruns=1 overruns=0 sleep_us=13032803 queue_ms=163
fps: 50.1
mark: stop reason: chain guest VI limit
mark: stop_it requested
vis: 48.6
cpu: exceptions=7915 cacheResets=1 batches=0 verts=0 texStalls=0 recompiles=1286 underruns=1 overruns=0 sleep_us=13394413 queue_ms=133
audio: alist_resample_calls=29202 alist_resample_samples=5373168 alist_zoh_calls=0 alist_zoh_samples=0 musyx_subframes=0 musyx_voices=0 musyx_voice_peak=0
audio_stages: adpcm_calls=30702 adpcm_samples=5024896 envmix_calls=29202 envmix_samples=5373168 mix_calls=30350 mix_samples=5584400 musyx_fx_calls=0 musyx_fx_taps=0 output_calls=652 output_samples=557520
audio_envmix: exp_calls=0 ge_calls=0 lin_calls=29202 nead_calls=0 exp_steady=0 ge_steady=0 lin_steady=16497
audio_gaps: nead_mats=0 nead_efz=0 resample_flag2=0 musyx_ptr10=0
audio_output: stream_requests=5005 stream_fed=1921 input_hz=31995 playback_hz=31995 queue_peak_ms=213
audio_time: stage=resample sampled_calls=229 sampled_samples=42136 sampled_us=1644
audio_time: stage=zoh sampled_calls=0 sampled_samples=0 sampled_us=0
audio_time: stage=adpcm sampled_calls=241 sampled_samples=40144 sampled_us=1644
audio_time: stage=envmix_exp sampled_calls=0 sampled_samples=0 sampled_us=0
audio_time: stage=envmix_ge sampled_calls=0 sampled_samples=0 sampled_us=0
audio_time: stage=envmix_lin sampled_calls=229 sampled_samples=42136 sampled_us=4291
audio_time: stage=envmix_nead sampled_calls=0 sampled_samples=0 sampled_us=0
audio_time: stage=mix sampled_calls=238 sampled_samples=43792 sampled_us=726
audio_time: stage=musyx_voice sampled_calls=0 sampled_samples=0 sampled_us=0
audio_time: stage=musyx_fx sampled_calls=0 sampled_samples=0 sampled_us=0
audio_time: stage=output sampled_calls=5 sampled_samples=4232 sampled_us=67
game: n=4/6 how=vis vis=900 vi_rate=50 vi0_retrace=5421 wall_us=20619865 sleep_us=13394413 avg_vis=48.45 avg_fps=48.26 exceptions=7916 cacheResets=1 recompiles=1286 batches=0 verts=0 texStalls=0 treeDepthMax=18 underruns=1 overruns=0 queue_peak_ms=178 dsp_avg=1.50 dsp_peak=1.65 pmc1=3285402797 pmc2=3127515436 pmc3=0 pmc4=0 mmcr0=00000042 mmcr1=00000000 heap_used=10853620 heap_free=130728 arena1_free=524288 arena2_free=56405952 flushes=4 flush_us=46105 padtrace=0 rom=sd:/wii64/roms/Mario Party 3 (E) (M4) [!].z64
=== chain 4/6 end vis=900 how=vis rom=sd:/wii64/roms/Mario Party 3 (E) (M4) [!].z64 ===
mark: pad replay records: 1
mark: loadROM: enter
mark: loadROM: before rom_read
mark: ROMCache_load: enter
mark: ROMCache_load: before first read
mark: ROMCache_load: first read returned
mark: ROMCache_load: byte_swap_type set
mark: ROMCache_load: first byte_swap done
menufps: 0.0
menufps: 8.4
menufps: 8.3
menufps: 8.3
menufps: 8.3
menufps: 8.3
menufps: 7.8
menufps: 1.3
menufps: 1.3
menufps: 1.3
menufps: 1.2
menufps: 1.3
menufps: 1.3
menufps: 1.2
menufps: 3.7
menufps: 8.3
menufps: 8.3
menufps: 8.3
menufps: 8.4
mark: ROMCache_load: loop exited normally
mark: loadROM: after rom_read
mark: loadROM: before init_memory
mark: loadROM: after init_memory
mark: loadROM: before romOpen_gfx
mark: loadROM: after romOpen_gfx / before romOpen_audio
mark: loadROM: after romOpen_audio / before romOpen_input
mark: loadROM: after romOpen_input / before cpu_init
mark: loadROM: after cpu_init
menufps: 1.2
fps: 1.3
first_vi: vi0_retrace=7611
vis: 0.1
cpu: exceptions=0 cacheResets=0 batches=0 verts=0 texStalls=0 recompiles=0 underruns=0 overruns=0 sleep_us=0 queue_ms=0
mark: CPU core dispatch: dynarec
vis: 0.4
cpu: exceptions=1 cacheResets=1 batches=0 verts=0 texStalls=0 recompiles=75 underruns=0 overruns=0 sleep_us=0 queue_ms=0
vis: 60.0
cpu: exceptions=85 cacheResets=1 batches=0 verts=0 texStalls=0 recompiles=242 underruns=2 overruns=0 sleep_us=314172 queue_ms=4
vis: 60.0
cpu: exceptions=215 cacheResets=1 batches=0 verts=0 texStalls=0 recompiles=373 underruns=3 overruns=0 sleep_us=721286 queue_ms=17
vis: 60.0
cpu: exceptions=317 cacheResets=1 batches=0 verts=0 texStalls=0 recompiles=452 underruns=3 overruns=0 sleep_us=1068802 queue_ms=17
vis: 56.9
cpu: exceptions=1396 cacheResets=1 batches=0 verts=0 texStalls=0 recompiles=713 underruns=4 overruns=0 sleep_us=1188683 queue_ms=74
vis: 25.1
cpu: exceptions=1914 cacheResets=1 batches=0 verts=0 texStalls=0 recompiles=716 underruns=6 overruns=0 sleep_us=1196693 queue_ms=13
vis: 47.7
cpu: exceptions=2454 cacheResets=1 batches=0 verts=0 texStalls=0 recompiles=785 underruns=10 overruns=0 sleep_us=1442123 queue_ms=4
fps: 0.2
vis: 60.0
cpu: exceptions=6845 cacheResets=1 batches=4 verts=504 texStalls=0 recompiles=1178 underruns=16 overruns=0 sleep_us=1460792 queue_ms=182
fps: 34.6
vis: 60.0
cpu: exceptions=6992 cacheResets=1 batches=19 verts=2394 texStalls=0 recompiles=1178 underruns=16 overruns=0 sleep_us=1899348 queue_ms=169
fps: 30.0
vis: 60.0
cpu: exceptions=7139 cacheResets=1 batches=34 verts=4284 texStalls=0 recompiles=1178 underruns=16 overruns=0 sleep_us=2338153 queue_ms=169
fps: 30.0
vis: 60.0
cpu: exceptions=7286 cacheResets=1 batches=49 verts=6174 texStalls=0 recompiles=1178 underruns=16 overruns=0 sleep_us=2777355 queue_ms=178
fps: 29.5
vis: 60.0
cpu: exceptions=7433 cacheResets=1 batches=64 verts=8064 texStalls=0 recompiles=1178 underruns=16 overruns=0 sleep_us=3216158 queue_ms=165
fps: 30.0
vis: 60.0
cpu: exceptions=7581 cacheResets=1 batches=79 verts=9954 texStalls=0 recompiles=1178 underruns=16 overruns=0 sleep_us=3654972 queue_ms=174
fps: 30.0
vis: 60.0
cpu: exceptions=7727 cacheResets=1 batches=94 verts=11844 texStalls=0 recompiles=1178 underruns=16 overruns=0 sleep_us=4094197 queue_ms=161
fps: 30.0
vis: 60.0
cpu: exceptions=7874 cacheResets=1 batches=109 verts=13734 texStalls=0 recompiles=1178 underruns=16 overruns=0 sleep_us=4532949 queue_ms=161
vis: 60.0
cpu: exceptions=8022 cacheResets=1 batches=124 verts=15624 texStalls=0 recompiles=1179 underruns=16 overruns=0 sleep_us=4975062 queue_ms=169
fps: 30.0
vis: 60.0
cpu: exceptions=8168 cacheResets=1 batches=139 verts=17514 texStalls=0 recompiles=1179 underruns=16 overruns=0 sleep_us=5427658 queue_ms=169
fps: 30.0
vis: 60.0
cpu: exceptions=8315 cacheResets=1 batches=154 verts=19404 texStalls=0 recompiles=1179 underruns=16 overruns=0 sleep_us=5879842 queue_ms=156
fps: 30.0
vis: 60.0
cpu: exceptions=8462 cacheResets=1 batches=169 verts=21294 texStalls=0 recompiles=1179 underruns=16 overruns=0 sleep_us=6332429 queue_ms=165
fps: 30.0
vis: 60.0
cpu: exceptions=8609 cacheResets=1 batches=184 verts=23184 texStalls=0 recompiles=1179 underruns=16 overruns=0 sleep_us=6784657 queue_ms=165
fps: 30.0
vis: 60.0
cpu: exceptions=8756 cacheResets=1 batches=199 verts=25074 texStalls=0 recompiles=1179 underruns=16 overruns=0 sleep_us=7236879 queue_ms=152
fps: 30.0
vis: 60.0
cpu: exceptions=8902 cacheResets=1 batches=214 verts=26964 texStalls=0 recompiles=1179 underruns=16 overruns=0 sleep_us=7689449 queue_ms=161
fps: 30.0
vis: 60.0
cpu: exceptions=9049 cacheResets=1 batches=229 verts=28854 texStalls=0 recompiles=1179 underruns=16 overruns=0 sleep_us=8141633 queue_ms=161
fps: 30.0
vis: 60.0
cpu: exceptions=9197 cacheResets=1 batches=244 verts=30744 texStalls=0 recompiles=1179 underruns=16 overruns=0 sleep_us=8593848 queue_ms=156
fps: 30.0
vis: 60.0
cpu: exceptions=9343 cacheResets=1 batches=259 verts=32634 texStalls=0 recompiles=1179 underruns=16 overruns=0 sleep_us=9048598 queue_ms=156
fps: 30.0
vis: 60.0
cpu: exceptions=9490 cacheResets=1 batches=274 verts=34524 texStalls=0 recompiles=1179 underruns=16 overruns=0 sleep_us=9501705 queue_ms=156
fps: 30.0
vis: 60.0
cpu: exceptions=9638 cacheResets=1 batches=289 verts=36414 texStalls=0 recompiles=1179 underruns=16 overruns=0 sleep_us=9954812 queue_ms=165
fps: 30.0
vis: 60.0
cpu: exceptions=9784 cacheResets=1 batches=304 verts=38304 texStalls=0 recompiles=1179 underruns=16 overruns=0 sleep_us=10408306 queue_ms=152
fps: 30.0
vis: 60.0
cpu: exceptions=9931 cacheResets=1 batches=319 verts=40194 texStalls=0 recompiles=1179 underruns=16 overruns=0 sleep_us=10861430 queue_ms=152
fps: 30.0
vis: 60.0
cpu: exceptions=10078 cacheResets=1 batches=334 verts=42084 texStalls=0 recompiles=1179 underruns=16 overruns=0 sleep_us=11314897 queue_ms=161
fps: 30.0
vis: 60.0
cpu: exceptions=10225 cacheResets=1 batches=349 verts=43974 texStalls=0 recompiles=1179 underruns=16 overruns=0 sleep_us=11767973 queue_ms=161
fps: 29.3
mark: stop reason: chain guest VI limit
mark: stop_it requested
audio: alist_resample_calls=0 alist_resample_samples=0 alist_zoh_calls=0 alist_zoh_samples=0 musyx_subframes=1679 musyx_voices=0 musyx_voice_peak=0
audio_stages: adpcm_calls=0 adpcm_samples=0 envmix_calls=0 envmix_samples=0 mix_calls=0 mix_samples=0 musyx_fx_calls=1610 musyx_fx_taps=3220 output_calls=1686 output_samples=323712
audio_envmix: exp_calls=0 ge_calls=0 lin_calls=0 nead_calls=0 exp_steady=0 ge_steady=0 lin_steady=0
audio_gaps: nead_mats=0 nead_efz=0 resample_flag2=0 musyx_ptr10=0
audio_output: stream_requests=4068 stream_fed=1113 input_hz=22047 playback_hz=22047 queue_peak_ms=200
audio_time: stage=resample sampled_calls=0 sampled_samples=0 sampled_us=0
audio_time: stage=zoh sampled_calls=0 sampled_samples=0 sampled_us=0
audio_time: stage=adpcm sampled_calls=0 sampled_samples=0 sampled_us=0
audio_time: stage=envmix_exp sampled_calls=0 sampled_samples=0 sampled_us=0
audio_time: stage=envmix_ge sampled_calls=0 sampled_samples=0 sampled_us=0
audio_time: stage=envmix_lin sampled_calls=0 sampled_samples=0 sampled_us=0
audio_time: stage=envmix_nead sampled_calls=0 sampled_samples=0 sampled_us=0
audio_time: stage=mix sampled_calls=0 sampled_samples=0 sampled_us=0
audio_time: stage=musyx_voice sampled_calls=0 sampled_samples=0 sampled_us=0
audio_time: stage=musyx_fx sampled_calls=12 sampled_samples=24 sampled_us=243
audio_time: stage=output sampled_calls=13 sampled_samples=2496 sampled_us=52
game: n=5/6 how=vis vis=900 vi_rate=60 vi0_retrace=7611 wall_us=18022084 sleep_us=12039787 avg_vis=54.69 avg_fps=27.80 exceptions=10319 cacheResets=1 recompiles=1179 batches=358 verts=45108 texStalls=0 treeDepthMax=19 underruns=16 overruns=0 queue_peak_ms=182 dsp_avg=1.32 dsp_peak=1.60 pmc1=1874771694 pmc2=1991049052 pmc3=0 pmc4=0 mmcr0=00000042 mmcr1=00000000 heap_used=10845172 heap_free=139176 arena1_free=524288 arena2_free=56405952 flushes=4 flush_us=37844 padtrace=0 rom=sd:/wii64/roms/007 - The World Is Not Enough (USA).z64
=== chain 5/6 end vis=900 how=vis rom=sd:/wii64/roms/007 - The World Is Not Enough (USA).z64 ===
mark: pad replay records: 1
mark: loadROM: enter
mark: loadROM: before rom_read
mark: ROMCache_load: enter
mark: ROMCache_load: before first read
mark: ROMCache_load: first read returned
mark: ROMCache_load: byte_swap_type set
mark: ROMCache_load: first byte_swap done
menufps: 0.1
menufps: 8.3
menufps: 8.1
menufps: 8.0
menufps: 8.0
menufps: 8.0
menufps: 7.8
menufps: 7.4
menufps: 1.3
menufps: 1.3
menufps: 1.2
menufps: 1.2
menufps: 1.2
menufps: 1.2
menufps: 1.3
menufps: 3.7
menufps: 8.1
menufps: 8.3
menufps: 8.3
menufps: 8.3
mark: ROMCache_load: loop exited normally
mark: loadROM: after rom_read
mark: loadROM: before init_memory
mark: loadROM: after init_memory
mark: loadROM: before romOpen_gfx
mark: loadROM: after romOpen_gfx / before romOpen_audio
mark: loadROM: after romOpen_audio / before romOpen_input
mark: loadROM: after romOpen_input / before cpu_init
mark: loadROM: after cpu_init
menufps: 1.1
first_vi: vi0_retrace=9661
mark: CPU core dispatch: dynarec
vis: 0.4
cpu: exceptions=3 cacheResets=1 batches=0 verts=0 texStalls=0 recompiles=68 underruns=0 overruns=0 sleep_us=0 queue_ms=0
vis: 60.0
cpu: exceptions=34 cacheResets=1 batches=0 verts=0 texStalls=0 recompiles=82 underruns=0 overruns=0 sleep_us=347590 queue_ms=0
vis: 60.0
cpu: exceptions=64 cacheResets=1 batches=0 verts=0 texStalls=0 recompiles=82 underruns=0 overruns=0 sleep_us=716465 queue_ms=0
vis: 60.0
cpu: exceptions=94 cacheResets=1 batches=0 verts=0 texStalls=0 recompiles=82 underruns=0 overruns=0 sleep_us=1084405 queue_ms=0
vis: 60.0
cpu: exceptions=207 cacheResets=1 batches=0 verts=0 texStalls=0 recompiles=182 underruns=0 overruns=0 sleep_us=1403490 queue_ms=0
vis: 60.0
cpu: exceptions=247 cacheResets=1 batches=0 verts=0 texStalls=0 recompiles=188 underruns=0 overruns=0 sleep_us=1758855 queue_ms=0
vis: 60.0
cpu: exceptions=289 cacheResets=1 batches=0 verts=0 texStalls=0 recompiles=188 underruns=0 overruns=0 sleep_us=2108799 queue_ms=0
vis: 60.0
cpu: exceptions=319 cacheResets=1 batches=0 verts=0 texStalls=0 recompiles=188 underruns=0 overruns=0 sleep_us=2456729 queue_ms=0
vis: 60.0
cpu: exceptions=396 cacheResets=1 batches=0 verts=0 texStalls=0 recompiles=314 underruns=1 overruns=0 sleep_us=2877197 queue_ms=11
vis: 60.0
cpu: exceptions=473 cacheResets=1 batches=0 verts=0 texStalls=0 recompiles=323 underruns=1 overruns=0 sleep_us=3330445 queue_ms=15
vis: 60.0
cpu: exceptions=548 cacheResets=1 batches=0 verts=0 texStalls=0 recompiles=323 underruns=1 overruns=0 sleep_us=3787992 queue_ms=6
vis: 49.7
cpu: exceptions=726 cacheResets=1 batches=0 verts=0 texStalls=0 recompiles=434 underruns=3 overruns=0 sleep_us=3942678 queue_ms=9
vis: 59.9
cpu: exceptions=933 cacheResets=1 batches=0 verts=0 texStalls=0 recompiles=434 underruns=5 overruns=0 sleep_us=3966611 queue_ms=66
vis: 60.0
cpu: exceptions=1126 cacheResets=1 batches=0 verts=0 texStalls=0 recompiles=448 underruns=5 overruns=0 sleep_us=4166108 queue_ms=57
vis: 52.8
cpu: exceptions=1372 cacheResets=1 batches=0 verts=0 texStalls=0 recompiles=484 underruns=6 overruns=0 sleep_us=4398457 queue_ms=2
fps: 0.1
vis: 60.0
cpu: exceptions=1640 cacheResets=1 batches=473 verts=6780 texStalls=0 recompiles=1251 underruns=10 overruns=0 sleep_us=4484752 queue_ms=124
fps: 32.4
vis: 60.0
cpu: exceptions=1916 cacheResets=1 batches=1358 verts=19110 texStalls=0 recompiles=1255 underruns=10 overruns=0 sleep_us=4840783 queue_ms=128
fps: 28.0
vis: 60.0
cpu: exceptions=2193 cacheResets=1 batches=2243 verts=31440 texStalls=0 recompiles=1276 underruns=10 overruns=0 sleep_us=5154009 queue_ms=120
fps: 32.0
vis: 60.0
cpu: exceptions=2469 cacheResets=1 batches=3128 verts=43770 texStalls=0 recompiles=1279 underruns=10 overruns=0 sleep_us=5519625 queue_ms=124
fps: 30.0
vis: 60.0
cpu: exceptions=2744 cacheResets=1 batches=4013 verts=56100 texStalls=0 recompiles=1280 underruns=10 overruns=0 sleep_us=5885531 queue_ms=128
fps: 29.4
vis: 60.0
cpu: exceptions=3028 cacheResets=1 batches=4898 verts=68430 texStalls=0 recompiles=1300 underruns=10 overruns=0 sleep_us=6240693 queue_ms=120
fps: 30.0
vis: 60.0
cpu: exceptions=3309 cacheResets=1 batches=5783 verts=80760 texStalls=0 recompiles=1300 underruns=10 overruns=0 sleep_us=6592422 queue_ms=111
fps: 30.0
vis: 60.0
cpu: exceptions=3592 cacheResets=1 batches=6668 verts=93090 texStalls=0 recompiles=1300 underruns=10 overruns=0 sleep_us=6947258 queue_ms=115
fps: 30.0
vis: 60.0
cpu: exceptions=3873 cacheResets=1 batches=7553 verts=105420 texStalls=0 recompiles=1351 underruns=10 overruns=0 sleep_us=7301504 queue_ms=120
fps: 30.0
vis: 60.0
cpu: exceptions=4172 cacheResets=1 batches=7931 verts=111510 texStalls=0 recompiles=1366 underruns=10 overruns=0 sleep_us=7677907 queue_ms=124
fps: 30.0
vis: 60.0
cpu: exceptions=4326 cacheResets=1 batches=8071 verts=113904 texStalls=0 recompiles=1377 underruns=10 overruns=0 sleep_us=8051566 queue_ms=115
fps: 29.9
vis: 60.0
cpu: exceptions=4474 cacheResets=1 batches=8422 verts=137499 texStalls=0 recompiles=1383 underruns=10 overruns=0 sleep_us=8406076 queue_ms=120
fps: 30.0
vis: 60.0
cpu: exceptions=4621 cacheResets=1 batches=8827 verts=164724 texStalls=0 recompiles=1384 underruns=10 overruns=0 sleep_us=8770581 queue_ms=124
fps: 30.0
vis: 60.0
cpu: exceptions=4765 cacheResets=1 batches=9232 verts=191949 texStalls=0 recompiles=1387 underruns=10 overruns=0 sleep_us=9142848 queue_ms=115
fps: 30.0
vis: 60.0
cpu: exceptions=4915 cacheResets=1 batches=9637 verts=219174 texStalls=0 recompiles=1387 underruns=10 overruns=0 sleep_us=9514027 queue_ms=120
fps: 30.0
vis: 60.0
cpu: exceptions=5065 cacheResets=1 batches=10042 verts=246399 texStalls=0 recompiles=1389 underruns=10 overruns=0 sleep_us=9881407 queue_ms=124
mark: stop reason: chain guest VI limit
mark: stop_it requested
audio: alist_resample_calls=11186 alist_resample_samples=2058224 alist_zoh_calls=0 alist_zoh_samples=0 musyx_subframes=0 musyx_voices=0 musyx_voice_peak=0
audio_stages: adpcm_calls=6590 adpcm_samples=722912 envmix_calls=8440 envmix_samples=1552960 mix_calls=54920 mix_samples=10105280 musyx_fx_calls=0 musyx_fx_taps=0 output_calls=342 output_samples=251896
audio_envmix: exp_calls=0 ge_calls=0 lin_calls=8440 nead_calls=0 exp_steady=0 ge_steady=0 lin_steady=7902
audio_gaps: nead_mats=0 nead_efz=0 resample_flag2=0 musyx_ptr10=0
audio_output: stream_requests=5453 stream_fed=866 input_hz=22047 playback_hz=22047 queue_peak_ms=159
audio_time: stage=resample sampled_calls=88 sampled_samples=16192 sampled_us=645
audio_time: stage=zoh sampled_calls=0 sampled_samples=0 sampled_us=0
audio_time: stage=adpcm sampled_calls=51 sampled_samples=5680 sampled_us=246
audio_time: stage=envmix_exp sampled_calls=0 sampled_samples=0 sampled_us=0
audio_time: stage=envmix_ge sampled_calls=0 sampled_samples=0 sampled_us=0
audio_time: stage=envmix_lin sampled_calls=66 sampled_samples=12144 sampled_us=1004
audio_time: stage=envmix_nead sampled_calls=0 sampled_samples=0 sampled_us=0
audio_time: stage=mix sampled_calls=432 sampled_samples=79488 sampled_us=1297
audio_time: stage=musyx_voice sampled_calls=0 sampled_samples=0 sampled_us=0
audio_time: stage=musyx_fx sampled_calls=0 sampled_samples=0 sampled_us=0
audio_time: stage=output sampled_calls=2 sampled_samples=1472 sampled_us=27
game: n=6/6 how=vis vis=900 vi_rate=60 vi0_retrace=9661 wall_us=17703056 sleep_us=9916796 avg_vis=57.51 avg_fps=28.25 exceptions=5086 cacheResets=1 recompiles=1389 batches=10096 verts=250029 texStalls=0 treeDepthMax=15 underruns=10 overruns=0 queue_peak_ms=128 dsp_avg=1.37 dsp_peak=1.65 pmc1=3418140085 pmc2=3548609645 pmc3=0 pmc4=0 mmcr0=00000042 mmcr1=00000000 heap_used=10868980 heap_free=115368 arena1_free=524288 arena2_free=56405952 flushes=3 flush_us=29379 padtrace=0 rom=sd:/wii64/roms/Donkey Kong 64 (USA).z64
=== chain 6/6 end vis=900 how=vis rom=sd:/wii64/roms/Donkey Kong 64 (USA).z64 ===
