--- wii64 perf log ---
mark: diag config: wiiload arguments
mark: wiiload dynacore argument received
mark: diag received dynacore line
mark: diag requested core: dynarec
mark: pad replay records: 1
selftest:
  raw[0]=51279403489056740
  raw[1]=51279403489056744
  raw[2]=51279403489056758
  raw[3]=51279403489056771
  raw[4]=51279403489056783
  delta[0]=0us
  delta[1]=0us
  delta[2]=0us
  delta[3]=0us
mark: audio quality: accurate
mark: audio modes: n64=0 output=0 mixer=0 latency=2 sync=0
mark: diag applied core: dynarec
mark: HBC agent ready
mark: loadROM: enter
mark: loadROM: before rom_read
mark: ROMCache_load: enter
menufps: 0.4
mark: ROMCache_load: before first read
mark: ROMCache_load: first read returned
mark: ROMCache_load: byte_swap_type set
mark: ROMCache_load: first byte_swap done
menufps: 0.2
menufps: 8.5
menufps: 7.8
menufps: 8.3
menufps: 8.3
menufps: 8.3
menufps: 8.3
menufps: 2.1
menufps: 1.3
menufps: 1.2
menufps: 1.3
menufps: 1.3
menufps: 1.3
menufps: 1.3
menufps: 3.7
menufps: 8.3
menufps: 8.1
menufps: 8.4
menufps: 8.3
mark: ROMCache_load: loop exited normally
mark: loadROM: after rom_read
mark: loadROM: before init_memory
mark: loadROM: after init_memory
mark: loadROM: before romOpen_gfx
mark: loadROM: after romOpen_gfx / before romOpen_audio
mark: loadROM: after romOpen_audio / before romOpen_input
mark: loadROM: after romOpen_input / before cpu_init
mark: loadROM: after cpu_init
menufps: 1.2
fps: 0.0
first_vi: vi0_retrace=1525
vis: 0.0
cpu: exceptions=0 cacheResets=0 batches=0 verts=0 texStalls=0 recompiles=0 underruns=0 overruns=0 sleep_us=0 queue_ms=0
mark: CPU core dispatch: dynarec
vis: 0.6
cpu: exceptions=2 cacheResets=1 batches=0 verts=0 texStalls=0 recompiles=138 underruns=0 overruns=0 sleep_us=0 queue_ms=0
vis: 50.0
cpu: exceptions=2002 cacheResets=1 batches=0 verts=0 texStalls=0 recompiles=367 underruns=0 overruns=0 sleep_us=424121 queue_ms=0
fps: 0.4
vis: 47.1
cpu: exceptions=2777 cacheResets=1 batches=0 verts=0 texStalls=0 recompiles=807 underruns=1 overruns=0 sleep_us=652244 queue_ms=128
fps: 41.9
vis: 50.0
cpu: exceptions=2991 cacheResets=1 batches=0 verts=0 texStalls=0 recompiles=1244 underruns=1 overruns=0 sleep_us=942068 queue_ms=107
fps: 49.9
vis: 50.0
cpu: exceptions=3126 cacheResets=1 batches=0 verts=0 texStalls=0 recompiles=1253 underruns=1 overruns=0 sleep_us=1345823 queue_ms=118
fps: 50.1
vis: 50.0
cpu: exceptions=3282 cacheResets=1 batches=0 verts=0 texStalls=0 recompiles=1267 underruns=1 overruns=0 sleep_us=1729304 queue_ms=126
vis: 50.0
cpu: exceptions=3454 cacheResets=1 batches=0 verts=0 texStalls=0 recompiles=1269 underruns=1 overruns=0 sleep_us=2125671 queue_ms=139
fps: 51.2
vis: 50.0
cpu: exceptions=3608 cacheResets=1 batches=0 verts=0 texStalls=0 recompiles=1277 underruns=1 overruns=0 sleep_us=2496017 queue_ms=141
fps: 50.1
vis: 50.0
cpu: exceptions=3751 cacheResets=1 batches=0 verts=0 texStalls=0 recompiles=1277 underruns=1 overruns=0 sleep_us=2875896 queue_ms=152
fps: 50.0
vis: 50.0
cpu: exceptions=3902 cacheResets=1 batches=0 verts=0 texStalls=0 recompiles=1278 underruns=1 overruns=0 sleep_us=3256243 queue_ms=131
fps: 50.1
vis: 50.0
cpu: exceptions=4048 cacheResets=1 batches=0 verts=0 texStalls=0 recompiles=1279 underruns=1 overruns=0 sleep_us=3636548 queue_ms=142
fps: 49.8
vis: 50.0
cpu: exceptions=4200 cacheResets=1 batches=0 verts=0 texStalls=0 recompiles=1279 underruns=1 overruns=0 sleep_us=4012803 queue_ms=149
fps: 50.2
vis: 50.0
cpu: exceptions=4349 cacheResets=1 batches=0 verts=0 texStalls=0 recompiles=1280 underruns=1 overruns=0 sleep_us=4394326 queue_ms=160
fps: 50.1
vis: 50.0
cpu: exceptions=4498 cacheResets=1 batches=0 verts=0 texStalls=0 recompiles=1280 underruns=1 overruns=0 sleep_us=4772308 queue_ms=134
fps: 49.9
vis: 50.0
cpu: exceptions=4647 cacheResets=1 batches=0 verts=0 texStalls=0 recompiles=1280 underruns=1 overruns=0 sleep_us=5149643 queue_ms=141
fps: 49.8
vis: 50.0
cpu: exceptions=4789 cacheResets=1 batches=0 verts=0 texStalls=0 recompiles=1283 underruns=1 overruns=0 sleep_us=5519898 queue_ms=152
fps: 50.1
vis: 50.0
cpu: exceptions=4929 cacheResets=1 batches=0 verts=0 texStalls=0 recompiles=1283 underruns=1 overruns=0 sleep_us=5896315 queue_ms=154
fps: 50.0
vis: 50.0
cpu: exceptions=5070 cacheResets=1 batches=0 verts=0 texStalls=0 recompiles=1283 underruns=1 overruns=0 sleep_us=6279238 queue_ms=142
fps: 50.2
vis: 50.0
cpu: exceptions=5214 cacheResets=1 batches=0 verts=0 texStalls=0 recompiles=1283 underruns=1 overruns=0 sleep_us=6667926 queue_ms=144
fps: 48.6
vis: 50.0
cpu: exceptions=5367 cacheResets=1 batches=0 verts=0 texStalls=0 recompiles=1283 underruns=1 overruns=0 sleep_us=7047412 queue_ms=143
fps: 50.0
vis: 50.0
cpu: exceptions=5514 cacheResets=1 batches=0 verts=0 texStalls=0 recompiles=1283 underruns=1 overruns=0 sleep_us=7426193 queue_ms=145
fps: 49.9
vis: 50.0
cpu: exceptions=5660 cacheResets=1 batches=0 verts=0 texStalls=0 recompiles=1283 underruns=1 overruns=0 sleep_us=7807125 queue_ms=127
fps: 50.2
vis: 50.0
cpu: exceptions=5805 cacheResets=1 batches=0 verts=0 texStalls=0 recompiles=1283 underruns=1 overruns=0 sleep_us=8192493 queue_ms=135
fps: 49.9
vis: 50.0
cpu: exceptions=5957 cacheResets=1 batches=0 verts=0 texStalls=0 recompiles=1283 underruns=1 overruns=0 sleep_us=8567957 queue_ms=152
fps: 50.0
vis: 50.0
cpu: exceptions=6104 cacheResets=1 batches=0 verts=0 texStalls=0 recompiles=1283 underruns=1 overruns=0 sleep_us=8941275 queue_ms=148
fps: 49.9
vis: 50.0
cpu: exceptions=6253 cacheResets=1 batches=0 verts=0 texStalls=0 recompiles=1283 underruns=1 overruns=0 sleep_us=9320557 queue_ms=136
fps: 50.1
vis: 50.0
cpu: exceptions=6398 cacheResets=1 batches=0 verts=0 texStalls=0 recompiles=1283 underruns=1 overruns=0 sleep_us=9700160 queue_ms=144
fps: 49.9
vis: 50.0
cpu: exceptions=6552 cacheResets=1 batches=0 verts=0 texStalls=0 recompiles=1283 underruns=1 overruns=0 sleep_us=10070596 queue_ms=155
fps: 50.0
vis: 50.0
cpu: exceptions=6699 cacheResets=1 batches=0 verts=0 texStalls=0 recompiles=1283 underruns=1 overruns=0 sleep_us=10436220 queue_ms=157
fps: 49.9
vis: 50.0
cpu: exceptions=6846 cacheResets=1 batches=0 verts=0 texStalls=0 recompiles=1283 underruns=1 overruns=0 sleep_us=10801804 queue_ms=168
fps: 50.1
vis: 50.0
cpu: exceptions=6989 cacheResets=1 batches=0 verts=0 texStalls=0 recompiles=1283 underruns=1 overruns=0 sleep_us=11169333 queue_ms=147
fps: 50.0
vis: 50.0
cpu: exceptions=7134 cacheResets=1 batches=0 verts=0 texStalls=0 recompiles=1283 underruns=1 overruns=0 sleep_us=11536301 queue_ms=155
vis: 50.0
cpu: exceptions=7287 cacheResets=1 batches=0 verts=0 texStalls=0 recompiles=1283 underruns=1 overruns=0 sleep_us=11911973 queue_ms=160
fps: 50.0
vis: 50.0
cpu: exceptions=7456 cacheResets=1 batches=0 verts=0 texStalls=0 recompiles=1286 underruns=1 overruns=0 sleep_us=12279280 queue_ms=139
fps: 49.9
vis: 50.0
cpu: exceptions=7608 cacheResets=1 batches=0 verts=0 texStalls=0 recompiles=1286 underruns=1 overruns=0 sleep_us=12650821 queue_ms=156
fps: 50.2
vis: 50.0
cpu: exceptions=7769 cacheResets=1 batches=0 verts=0 texStalls=0 recompiles=1286 underruns=1 overruns=0 sleep_us=13017906 queue_ms=158
fps: 49.9
mark: stop reason: chain guest VI limit
mark: stop_it requested
audio: alist_resample_calls=29202 alist_resample_samples=5373168 alist_zoh_calls=0 alist_zoh_samples=0 musyx_subframes=0 musyx_voices=0 musyx_voice_peak=0
audio_stages: adpcm_calls=30702 adpcm_samples=5024896 envmix_calls=29202 envmix_samples=5373168 mix_calls=30350 mix_samples=5584400 musyx_fx_calls=0 musyx_fx_taps=0 output_calls=652 output_samples=557520
audio_envmix: exp_calls=0 ge_calls=0 lin_calls=29202 nead_calls=0 exp_steady=0 ge_steady=0 lin_steady=16497
audio_gaps: nead_mats=0 nead_efz=0 resample_flag2=0 musyx_ptr10=0
audio_output: stream_requests=4598 stream_fed=1921 input_hz=31995 playback_hz=31995 queue_peak_ms=189
vm_io: read_ahead=1 reads=292 hits=0 read_bytes=9568256 writes=292 write_bytes=1196032 errors=0
subsystem_time: stage=rsp_gfx calls=852 timed_calls=852 period=1 timed_us=775460
subsystem_time: stage=rsp_audio calls=653 timed_calls=653 period=1 timed_us=1138682
subsystem_time: stage=rsp_other calls=0 timed_calls=0 period=1 timed_us=0
subsystem_time: stage=lookup calls=1674555 timed_calls=13185 period=127 timed_us=2915
subsystem_time: stage=compile calls=1286 timed_calls=1286 period=1 timed_us=81205
subsystem_time: stage=dispatch calls=1671999 timed_calls=13165 period=127 timed_us=5039
subsystem_time: stage=execute_inclusive calls=1671999 timed_calls=13165 period=127 timed_us=122517
subsystem_time: stage=rom_copy calls=940 timed_calls=940 period=1 timed_us=1661676
subsystem_time: stage=present calls=899 timed_calls=899 period=1 timed_us=20094
subsystem_time: stage=limiter calls=883 timed_calls=883 period=1 timed_us=13335691
subsystem_time: stage=vm_fault calls=292 timed_calls=292 period=1 timed_us=1643100
subsystem_time: stage=vm_victim calls=292 timed_calls=292 period=1 timed_us=297
subsystem_time: stage=vm_read calls=292 timed_calls=292 period=1 timed_us=1098033
subsystem_time: stage=vm_write calls=292 timed_calls=292 period=1 timed_us=531214
audio_time: stage=resample sampled_calls=229 sampled_samples=42136 sampled_us=1650
audio_time: stage=zoh sampled_calls=0 sampled_samples=0 sampled_us=0
audio_time: stage=adpcm sampled_calls=241 sampled_samples=40144 sampled_us=1645
audio_time: stage=envmix_exp sampled_calls=0 sampled_samples=0 sampled_us=0
audio_time: stage=envmix_ge sampled_calls=0 sampled_samples=0 sampled_us=0
audio_time: stage=envmix_lin sampled_calls=229 sampled_samples=42136 sampled_us=4291
audio_time: stage=envmix_nead sampled_calls=0 sampled_samples=0 sampled_us=0
audio_time: stage=mix sampled_calls=238 sampled_samples=43792 sampled_us=716
audio_time: stage=musyx_voice sampled_calls=0 sampled_samples=0 sampled_us=0
audio_time: stage=musyx_fx sampled_calls=0 sampled_samples=0 sampled_us=0
audio_time: stage=output sampled_calls=5 sampled_samples=4232 sampled_us=67
game: n=1/3 how=vis vis=900 vi_rate=50 vi0_retrace=1525 wall_us=19772491 sleep_us=13333074 avg_vis=47.24 avg_fps=46.82 exceptions=7906 cacheResets=1 recompiles=1286 batches=0 verts=0 texStalls=0 treeDepthMax=18 underruns=1 overruns=0 queue_peak_ms=168 dsp_avg=1.48 dsp_peak=1.65 pmc1=3384562457 pmc2=3291336241 pmc3=0 pmc4=0 mmcr0=00000042 mmcr1=00000000 heap_used=10865792 heap_free=35016 arena1_free=561152 arena2_free=577472 flushes=3 flush_us=33404 padtrace=4 rom=sd:/wii64/roms/Mario Party 3 (E) (M4) [!].z64
=== chain 1/3 end vis=900 how=vis rom=sd:/wii64/roms/Mario Party 3 (E) (M4) [!].z64 ===
mark: pad replay records: 1
mark: loadROM: enter
mark: loadROM: before rom_read
mark: ROMCache_load: enter
mark: ROMCache_load: before first read
mark: ROMCache_load: first read returned
mark: ROMCache_load: byte_swap_type set
mark: ROMCache_load: first byte_swap done
menufps: 0.0
menufps: 7.9
menufps: 8.2
menufps: 8.4
menufps: 8.3
menufps: 8.3
menufps: 8.3
menufps: 2.1
menufps: 1.3
menufps: 1.2
menufps: 1.2
menufps: 1.3
menufps: 1.3
menufps: 1.2
menufps: 3.6
menufps: 8.3
menufps: 7.8
menufps: 8.3
menufps: 8.3
mark: ROMCache_load: loop exited normally
mark: loadROM: after rom_read
mark: loadROM: before init_memory
mark: loadROM: after init_memory
mark: loadROM: before romOpen_gfx
mark: loadROM: after romOpen_gfx / before romOpen_audio
mark: loadROM: after romOpen_audio / before romOpen_input
mark: loadROM: after romOpen_input / before cpu_init
mark: loadROM: after cpu_init
menufps: 5.6
menufps: 0.7
fps: 1.2
first_vi: vi0_retrace=3677
vis: 1.4
cpu: exceptions=0 cacheResets=0 batches=0 verts=0 texStalls=0 recompiles=0 underruns=0 overruns=0 sleep_us=0 queue_ms=0
mark: CPU core dispatch: dynarec
vis: 0.6
cpu: exceptions=1 cacheResets=1 batches=0 verts=0 texStalls=0 recompiles=75 underruns=0 overruns=0 sleep_us=0 queue_ms=0
vis: 60.0
cpu: exceptions=85 cacheResets=1 batches=0 verts=0 texStalls=0 recompiles=242 underruns=2 overruns=0 sleep_us=313428 queue_ms=17
vis: 60.0
cpu: exceptions=215 cacheResets=1 batches=0 verts=0 texStalls=0 recompiles=373 underruns=3 overruns=0 sleep_us=718801 queue_ms=4
vis: 60.0
cpu: exceptions=317 cacheResets=1 batches=0 verts=0 texStalls=0 recompiles=452 underruns=3 overruns=0 sleep_us=1065788 queue_ms=4
vis: 60.0
cpu: exceptions=1472 cacheResets=1 batches=0 verts=0 texStalls=0 recompiles=715 underruns=4 overruns=0 sleep_us=1220471 queue_ms=65
vis: 55.7
cpu: exceptions=1960 cacheResets=1 batches=0 verts=0 texStalls=0 recompiles=717 underruns=6 overruns=0 sleep_us=1257725 queue_ms=174
vis: 41.3
cpu: exceptions=4423 cacheResets=1 batches=0 verts=0 texStalls=0 recompiles=846 underruns=6 overruns=0 sleep_us=1336159 queue_ms=26
fps: 0.2
vis: 60.0
cpu: exceptions=6892 cacheResets=1 batches=9 verts=1134 texStalls=0 recompiles=1178 underruns=6 overruns=0 sleep_us=1639595 queue_ms=21
fps: 31.9
vis: 60.0
cpu: exceptions=7039 cacheResets=1 batches=24 verts=3024 texStalls=0 recompiles=1178 underruns=6 overruns=0 sleep_us=2076613 queue_ms=21
fps: 30.0
vis: 60.0
cpu: exceptions=7186 cacheResets=1 batches=39 verts=4914 texStalls=0 recompiles=1178 underruns=6 overruns=0 sleep_us=2513738 queue_ms=21
fps: 30.0
vis: 60.0
cpu: exceptions=7333 cacheResets=1 batches=54 verts=6804 texStalls=0 recompiles=1178 underruns=6 overruns=0 sleep_us=2951200 queue_ms=17
fps: 30.0
vis: 60.0
cpu: exceptions=7480 cacheResets=1 batches=69 verts=8694 texStalls=0 recompiles=1178 underruns=6 overruns=0 sleep_us=3388341 queue_ms=17
fps: 30.0
vis: 60.0
cpu: exceptions=7628 cacheResets=1 batches=84 verts=10584 texStalls=0 recompiles=1178 underruns=6 overruns=0 sleep_us=3825431 queue_ms=26
fps: 30.0
vis: 60.0
cpu: exceptions=7773 cacheResets=1 batches=99 verts=12474 texStalls=0 recompiles=1178 underruns=6 overruns=0 sleep_us=4262974 queue_ms=26
fps: 30.0
vis: 60.0
cpu: exceptions=7920 cacheResets=1 batches=114 verts=14364 texStalls=0 recompiles=1178 underruns=6 overruns=0 sleep_us=4700082 queue_ms=13
fps: 30.0
vis: 60.0
cpu: exceptions=8067 cacheResets=1 batches=129 verts=16254 texStalls=0 recompiles=1179 underruns=6 overruns=0 sleep_us=5145578 queue_ms=21
fps: 30.0
vis: 60.0
cpu: exceptions=8214 cacheResets=1 batches=144 verts=18144 texStalls=0 recompiles=1179 underruns=6 overruns=0 sleep_us=5596302 queue_ms=21
fps: 30.0
vis: 60.0
cpu: exceptions=8361 cacheResets=1 batches=159 verts=20034 texStalls=0 recompiles=1179 underruns=6 overruns=0 sleep_us=6046963 queue_ms=21
fps: 30.0
vis: 60.0
cpu: exceptions=8508 cacheResets=1 batches=174 verts=21924 texStalls=0 recompiles=1179 underruns=6 overruns=0 sleep_us=6498108 queue_ms=17
fps: 30.0
vis: 60.0
cpu: exceptions=8655 cacheResets=1 batches=189 verts=23814 texStalls=0 recompiles=1179 underruns=6 overruns=0 sleep_us=6948852 queue_ms=17
fps: 30.0
vis: 60.0
cpu: exceptions=8803 cacheResets=1 batches=204 verts=25704 texStalls=0 recompiles=1179 underruns=6 overruns=0 sleep_us=7399636 queue_ms=26
fps: 30.0
vis: 60.0
cpu: exceptions=8949 cacheResets=1 batches=219 verts=27594 texStalls=0 recompiles=1179 underruns=6 overruns=0 sleep_us=7850879 queue_ms=13
fps: 29.1
vis: 60.0
cpu: exceptions=9096 cacheResets=1 batches=234 verts=29484 texStalls=0 recompiles=1179 underruns=7 overruns=0 sleep_us=8301633 queue_ms=13
fps: 30.0
vis: 60.0
cpu: exceptions=9244 cacheResets=1 batches=249 verts=31374 texStalls=0 recompiles=1179 underruns=7 overruns=0 sleep_us=8754000 queue_ms=21
fps: 30.0
vis: 60.0
cpu: exceptions=9389 cacheResets=1 batches=264 verts=33264 texStalls=0 recompiles=1179 underruns=7 overruns=0 sleep_us=9206030 queue_ms=8
fps: 30.0
vis: 60.0
cpu: exceptions=9536 cacheResets=1 batches=279 verts=35154 texStalls=0 recompiles=1179 underruns=7 overruns=0 sleep_us=9657652 queue_ms=8
fps: 30.0
vis: 60.0
cpu: exceptions=9683 cacheResets=1 batches=294 verts=37044 texStalls=0 recompiles=1179 underruns=7 overruns=0 sleep_us=10109694 queue_ms=17
fps: 30.0
vis: 60.0
cpu: exceptions=9830 cacheResets=1 batches=309 verts=38934 texStalls=0 recompiles=1179 underruns=7 overruns=0 sleep_us=10561270 queue_ms=17
fps: 30.0
vis: 60.0
cpu: exceptions=9978 cacheResets=1 batches=324 verts=40824 texStalls=0 recompiles=1179 underruns=7 overruns=0 sleep_us=11012920 queue_ms=13
fps: 30.0
vis: 60.0
cpu: exceptions=10124 cacheResets=1 batches=339 verts=42714 texStalls=0 recompiles=1179 underruns=7 overruns=0 sleep_us=11464965 queue_ms=13
fps: 30.0
vis: 60.0
cpu: exceptions=10271 cacheResets=1 batches=354 verts=44604 texStalls=0 recompiles=1179 underruns=7 overruns=0 sleep_us=11916625 queue_ms=13
mark: stop reason: chain guest VI limit
mark: stop_it requested
audio: alist_resample_calls=0 alist_resample_samples=0 alist_zoh_calls=0 alist_zoh_samples=0 musyx_subframes=1679 musyx_voices=0 musyx_voice_peak=0
audio_stages: adpcm_calls=0 adpcm_samples=0 envmix_calls=0 envmix_samples=0 mix_calls=0 mix_samples=0 musyx_fx_calls=1610 musyx_fx_taps=3220 output_calls=1686 output_samples=323712
audio_envmix: exp_calls=0 ge_calls=0 lin_calls=0 nead_calls=0 exp_steady=0 ge_steady=0 lin_steady=0
audio_gaps: nead_mats=0 nead_efz=0 resample_flag2=0 musyx_ptr10=0
audio_output: stream_requests=3650 stream_fed=1124 input_hz=22047 playback_hz=22047 queue_peak_ms=200
vm_io: read_ahead=1 reads=371 hits=0 read_bytes=12156928 writes=371 write_bytes=1519616 errors=0
subsystem_time: stage=rsp_gfx calls=358 timed_calls=358 period=1 timed_us=505115
subsystem_time: stage=rsp_audio calls=439 timed_calls=439 period=1 timed_us=46587
subsystem_time: stage=rsp_other calls=0 timed_calls=0 period=1 timed_us=0
subsystem_time: stage=lookup calls=829379 timed_calls=6530 period=127 timed_us=1367
subsystem_time: stage=compile calls=1179 timed_calls=1179 period=1 timed_us=71806
subsystem_time: stage=dispatch calls=827276 timed_calls=6513 period=127 timed_us=3062
subsystem_time: stage=execute_inclusive calls=827276 timed_calls=6513 period=127 timed_us=133808
subsystem_time: stage=rom_copy calls=4991 timed_calls=4991 period=1 timed_us=2090082
subsystem_time: stage=present calls=899 timed_calls=899 period=1 timed_us=65913
subsystem_time: stage=limiter calls=847 timed_calls=847 period=1 timed_us=12039432
subsystem_time: stage=vm_fault calls=371 timed_calls=371 period=1 timed_us=2081993
subsystem_time: stage=vm_victim calls=371 timed_calls=371 period=1 timed_us=418
subsystem_time: stage=vm_read calls=371 timed_calls=371 period=1 timed_us=1395023
subsystem_time: stage=vm_write calls=371 timed_calls=371 period=1 timed_us=669283
audio_time: stage=resample sampled_calls=0 sampled_samples=0 sampled_us=0
audio_time: stage=zoh sampled_calls=0 sampled_samples=0 sampled_us=0
audio_time: stage=adpcm sampled_calls=0 sampled_samples=0 sampled_us=0
audio_time: stage=envmix_exp sampled_calls=0 sampled_samples=0 sampled_us=0
audio_time: stage=envmix_ge sampled_calls=0 sampled_samples=0 sampled_us=0
audio_time: stage=envmix_lin sampled_calls=0 sampled_samples=0 sampled_us=0
audio_time: stage=envmix_nead sampled_calls=0 sampled_samples=0 sampled_us=0
audio_time: stage=mix sampled_calls=0 sampled_samples=0 sampled_us=0
audio_time: stage=musyx_voice sampled_calls=0 sampled_samples=0 sampled_us=0
audio_time: stage=musyx_fx sampled_calls=12 sampled_samples=24 sampled_us=241
audio_time: stage=output sampled_calls=13 sampled_samples=2496 sampled_us=54
game: n=2/3 how=vis vis=900 vi_rate=60 vi0_retrace=3677 wall_us=16943577 sleep_us=12037068 avg_vis=55.60 avg_fps=27.70 exceptions=10316 cacheResets=1 recompiles=1179 batches=358 verts=45108 texStalls=0 treeDepthMax=19 underruns=7 overruns=0 queue_peak_ms=174 dsp_avg=1.34 dsp_peak=1.60 pmc1=1942660423 pmc2=2073848572 pmc3=0 pmc4=0 mmcr0=00000042 mmcr1=00000000 heap_used=10857344 heap_free=43464 arena1_free=561152 arena2_free=577472 flushes=4 flush_us=49016 padtrace=0 rom=sd:/wii64/roms/007 - The World Is Not Enough (USA).z64
=== chain 2/3 end vis=900 how=vis rom=sd:/wii64/roms/007 - The World Is Not Enough (USA).z64 ===
mark: pad replay records: 1
mark: loadROM: enter
mark: loadROM: before rom_read
mark: ROMCache_load: enter
mark: ROMCache_load: before first read
mark: ROMCache_load: first read returned
mark: ROMCache_load: byte_swap_type set
mark: ROMCache_load: first byte_swap done
menufps: 0.1
menufps: 8.4
menufps: 8.1
menufps: 8.3
menufps: 8.3
menufps: 7.7
menufps: 8.3
menufps: 2.1
menufps: 1.3
menufps: 1.3
menufps: 1.3
menufps: 1.2
menufps: 1.2
menufps: 1.3
menufps: 3.7
menufps: 8.4
menufps: 8.3
menufps: 8.3
menufps: 8.3
mark: ROMCache_load: loop exited normally
mark: loadROM: after rom_read
mark: loadROM: before init_memory
mark: loadROM: after init_memory
mark: loadROM: before romOpen_gfx
mark: loadROM: after romOpen_gfx / before romOpen_audio
mark: loadROM: after romOpen_audio / before romOpen_input
mark: loadROM: after romOpen_input / before cpu_init
mark: loadROM: after cpu_init
menufps: 1.2
fps: 0.6
first_vi: vi0_retrace=5653
vis: 0.6
cpu: exceptions=0 cacheResets=0 batches=0 verts=0 texStalls=0 recompiles=0 underruns=0 overruns=0 sleep_us=0 queue_ms=0
mark: CPU core dispatch: dynarec
vis: 0.6
cpu: exceptions=3 cacheResets=1 batches=0 verts=0 texStalls=0 recompiles=68 underruns=0 overruns=0 sleep_us=0 queue_ms=0
vis: 60.0
cpu: exceptions=34 cacheResets=1 batches=0 verts=0 texStalls=0 recompiles=82 underruns=0 overruns=0 sleep_us=347106 queue_ms=0
vis: 60.0
cpu: exceptions=64 cacheResets=1 batches=0 verts=0 texStalls=0 recompiles=82 underruns=0 overruns=0 sleep_us=715978 queue_ms=0
vis: 60.0
cpu: exceptions=94 cacheResets=1 batches=0 verts=0 texStalls=0 recompiles=82 underruns=0 overruns=0 sleep_us=1083925 queue_ms=0
vis: 60.0
cpu: exceptions=207 cacheResets=1 batches=0 verts=0 texStalls=0 recompiles=182 underruns=0 overruns=0 sleep_us=1403994 queue_ms=0
vis: 60.0
cpu: exceptions=247 cacheResets=1 batches=0 verts=0 texStalls=0 recompiles=188 underruns=0 overruns=0 sleep_us=1751996 queue_ms=0
vis: 60.0
cpu: exceptions=289 cacheResets=1 batches=0 verts=0 texStalls=0 recompiles=188 underruns=0 overruns=0 sleep_us=2094482 queue_ms=0
vis: 60.0
cpu: exceptions=319 cacheResets=1 batches=0 verts=0 texStalls=0 recompiles=188 underruns=0 overruns=0 sleep_us=2434782 queue_ms=0
vis: 60.0
cpu: exceptions=396 cacheResets=1 batches=0 verts=0 texStalls=0 recompiles=314 underruns=1 overruns=0 sleep_us=2859162 queue_ms=11
vis: 60.0
cpu: exceptions=528 cacheResets=1 batches=0 verts=0 texStalls=0 recompiles=323 underruns=1 overruns=0 sleep_us=3628746 queue_ms=30
vis: 56.6
cpu: exceptions=707 cacheResets=1 batches=0 verts=0 texStalls=0 recompiles=434 underruns=2 overruns=0 sleep_us=3906444 queue_ms=21
vis: 60.0
cpu: exceptions=901 cacheResets=1 batches=0 verts=0 texStalls=0 recompiles=434 underruns=3 overruns=0 sleep_us=3993583 queue_ms=25
vis: 60.0
cpu: exceptions=1110 cacheResets=1 batches=0 verts=0 texStalls=0 recompiles=448 underruns=3 overruns=0 sleep_us=4196368 queue_ms=30
vis: 60.0
cpu: exceptions=1347 cacheResets=1 batches=0 verts=0 texStalls=0 recompiles=448 underruns=3 overruns=0 sleep_us=4445132 queue_ms=34
vis: 60.0
cpu: exceptions=1623 cacheResets=1 batches=414 verts=5958 texStalls=0 recompiles=1251 underruns=5 overruns=0 sleep_us=4498272 queue_ms=91
fps: 31.6
vis: 60.0
cpu: exceptions=1899 cacheResets=1 batches=1299 verts=18288 texStalls=0 recompiles=1255 underruns=5 overruns=0 sleep_us=4849774 queue_ms=95
fps: 30.0
vis: 60.0
cpu: exceptions=2176 cacheResets=1 batches=2184 verts=30618 texStalls=0 recompiles=1276 underruns=5 overruns=0 sleep_us=5176212 queue_ms=99
fps: 30.0
vis: 60.0
cpu: exceptions=2452 cacheResets=1 batches=3069 verts=42948 texStalls=0 recompiles=1279 underruns=5 overruns=0 sleep_us=5536497 queue_ms=91
fps: 30.0
vis: 60.0
cpu: exceptions=2727 cacheResets=1 batches=3954 verts=55278 texStalls=0 recompiles=1280 underruns=5 overruns=0 sleep_us=5898166 queue_ms=95
fps: 30.0
vis: 60.0
cpu: exceptions=3010 cacheResets=1 batches=4839 verts=67608 texStalls=0 recompiles=1300 underruns=5 overruns=0 sleep_us=6250009 queue_ms=99
fps: 30.0
vis: 60.0
cpu: exceptions=3291 cacheResets=1 batches=5724 verts=79938 texStalls=0 recompiles=1300 underruns=5 overruns=0 sleep_us=6596643 queue_ms=104
fps: 30.0
vis: 60.0
cpu: exceptions=3575 cacheResets=1 batches=6609 verts=92268 texStalls=0 recompiles=1300 underruns=5 overruns=0 sleep_us=6946667 queue_ms=95
fps: 30.0
vis: 60.0
cpu: exceptions=3855 cacheResets=1 batches=7494 verts=104598 texStalls=0 recompiles=1351 underruns=5 overruns=0 sleep_us=7296781 queue_ms=99
fps: 30.0
vis: 60.0
cpu: exceptions=4162 cacheResets=1 batches=7911 verts=111168 texStalls=0 recompiles=1366 underruns=5 overruns=0 sleep_us=7667461 queue_ms=104
fps: 30.0
vis: 60.0
cpu: exceptions=4316 cacheResets=1 batches=8071 verts=113904 texStalls=0 recompiles=1377 underruns=5 overruns=0 sleep_us=8037367 queue_ms=108
fps: 30.0
vis: 60.0
cpu: exceptions=4464 cacheResets=1 batches=8395 verts=135684 texStalls=0 recompiles=1383 underruns=5 overruns=0 sleep_us=8393520 queue_ms=99
fps: 30.0
vis: 60.0
cpu: exceptions=4611 cacheResets=1 batches=8800 verts=162909 texStalls=0 recompiles=1384 underruns=5 overruns=0 sleep_us=8752852 queue_ms=104
fps: 30.0
vis: 60.0
cpu: exceptions=4757 cacheResets=1 batches=9205 verts=190134 texStalls=0 recompiles=1387 underruns=5 overruns=0 sleep_us=9120187 queue_ms=108
fps: 30.0
vis: 60.0
cpu: exceptions=4906 cacheResets=1 batches=9610 verts=217359 texStalls=0 recompiles=1387 underruns=5 overruns=0 sleep_us=9487900 queue_ms=99
fps: 30.0
vis: 60.0
cpu: exceptions=5056 cacheResets=1 batches=10015 verts=244584 texStalls=0 recompiles=1389 underruns=5 overruns=0 sleep_us=9850606 queue_ms=104
mark: stop reason: chain guest VI limit
mark: stop_it requested
audio: alist_resample_calls=11186 alist_resample_samples=2058224 alist_zoh_calls=0 alist_zoh_samples=0 musyx_subframes=0 musyx_voices=0 musyx_voice_peak=0
audio_stages: adpcm_calls=6590 adpcm_samples=722912 envmix_calls=8440 envmix_samples=1552960 mix_calls=54920 mix_samples=10105280 musyx_fx_calls=0 musyx_fx_taps=0 output_calls=342 output_samples=251896
audio_envmix: exp_calls=0 ge_calls=0 lin_calls=8440 nead_calls=0 exp_steady=0 ge_steady=0 lin_steady=7902
audio_gaps: nead_mats=0 nead_efz=0 resample_flag2=0 musyx_ptr10=0
audio_output: stream_requests=5030 stream_fed=868 input_hz=22047 playback_hz=22047 queue_peak_ms=141
vm_io: read_ahead=1 reads=335 hits=0 read_bytes=10977280 writes=335 write_bytes=1372160 errors=0
subsystem_time: stage=rsp_gfx calls=238 timed_calls=238 period=1 timed_us=293771
subsystem_time: stage=rsp_audio calls=343 timed_calls=343 period=1 timed_us=471520
subsystem_time: stage=rsp_other calls=1 timed_calls=1 period=1 timed_us=4
subsystem_time: stage=lookup calls=1606060 timed_calls=12646 period=127 timed_us=2109
subsystem_time: stage=compile calls=1389 timed_calls=1389 period=1 timed_us=203033
subsystem_time: stage=dispatch calls=1604485 timed_calls=12633 period=127 timed_us=5832
subsystem_time: stage=execute_inclusive calls=1604485 timed_calls=12633 period=127 timed_us=50133
subsystem_time: stage=rom_copy calls=1048 timed_calls=1048 period=1 timed_us=1902434
subsystem_time: stage=present calls=899 timed_calls=899 period=1 timed_us=236774
subsystem_time: stage=limiter calls=846 timed_calls=846 period=1 timed_us=9911973
subsystem_time: stage=vm_fault calls=335 timed_calls=335 period=1 timed_us=1884967
subsystem_time: stage=vm_victim calls=335 timed_calls=335 period=1 timed_us=364
subsystem_time: stage=vm_read calls=335 timed_calls=335 period=1 timed_us=1260885
subsystem_time: stage=vm_write calls=335 timed_calls=335 period=1 timed_us=608068
audio_time: stage=resample sampled_calls=88 sampled_samples=16192 sampled_us=640
audio_time: stage=zoh sampled_calls=0 sampled_samples=0 sampled_us=0
audio_time: stage=adpcm sampled_calls=51 sampled_samples=5680 sampled_us=249
audio_time: stage=envmix_exp sampled_calls=0 sampled_samples=0 sampled_us=0
audio_time: stage=envmix_ge sampled_calls=0 sampled_samples=0 sampled_us=0
audio_time: stage=envmix_lin sampled_calls=66 sampled_samples=12144 sampled_us=1010
audio_time: stage=envmix_nead sampled_calls=0 sampled_samples=0 sampled_us=0
audio_time: stage=mix sampled_calls=432 sampled_samples=79488 sampled_us=1282
audio_time: stage=musyx_voice sampled_calls=0 sampled_samples=0 sampled_us=0
audio_time: stage=musyx_fx sampled_calls=0 sampled_samples=0 sampled_us=0
audio_time: stage=output sampled_calls=2 sampled_samples=1472 sampled_us=28
game: n=3/3 how=vis vis=900 vi_rate=60 vi0_retrace=5653 wall_us=16772208 sleep_us=9909776 avg_vis=56.06 avg_fps=28.26 exceptions=5087 cacheResets=1 recompiles=1389 batches=10096 verts=250029 texStalls=0 treeDepthMax=15 underruns=5 overruns=0 queue_peak_ms=108 dsp_avg=1.32 dsp_peak=1.65 pmc1=3511948602 pmc2=3705533379 pmc3=0 pmc4=0 mmcr0=00000042 mmcr1=00000000 heap_used=10881152 heap_free=36040 arena1_free=544768 arena2_free=577472 flushes=3 flush_us=33151 padtrace=0 rom=sd:/wii64/roms/Donkey Kong 64 (USA).z64
=== chain 3/3 end vis=900 how=vis rom=sd:/wii64/roms/Donkey Kong 64 (USA).z64 ===
