--- wii64 perf log ---
mark: diag received dynacore line
mark: diag requested core: dynarec
mark: pad replay records: 22
selftest:
  raw[0]=51283004800688157
  raw[1]=51283004800688158
  raw[2]=51283004800688171
  raw[3]=51283004800688183
  raw[4]=51283004800688196
  delta[0]=0us
  delta[1]=0us
  delta[2]=0us
  delta[3]=0us
mark: audio quality: accurate
mark: audio modes: n64=0 output=0 mixer=0 latency=2 sync=0
mark: diag applied core: dynarec
mark: HBC agent ready
mark: loadROM: enter
mark: loadROM: before rom_read
mark: ROMCache_load: enter
mark: ROMCache_load: before first read
mark: ROMCache_load: first read returned
mark: ROMCache_load: byte_swap_type set
mark: ROMCache_load: first byte_swap done
mark: ROMCache_load: loop exited normally
mark: ROMCache_load: elapsed_us=420427 bytes=13893632 vm=0
mark: loadROM: after rom_read
mark: loadROM: before init_memory
mark: loadROM: after init_memory
mark: loadROM: before romOpen_gfx
mark: loadROM: after romOpen_gfx / before romOpen_audio
mark: loadROM: after romOpen_audio / before romOpen_input
mark: loadROM: after romOpen_input / before cpu_init
mark: loadROM: after cpu_init
menufps: 8.0
fps: 0.2
first_vi: vi0_retrace=211
vis: 0.2
cpu: exceptions=0 cacheResets=0 batches=0 verts=0 texStalls=0 recompiles=0 underruns=0 overruns=0 sleep_us=0 queue_ms=0
mark: CPU core dispatch: dynarec
vis: 60.0
cpu: exceptions=1030 cacheResets=1 batches=0 verts=0 texStalls=0 recompiles=316 underruns=2 overruns=0 sleep_us=106213 queue_ms=84
vis: 60.0
cpu: exceptions=1330 cacheResets=1 batches=0 verts=0 texStalls=0 recompiles=316 underruns=2 overruns=0 sleep_us=578231 queue_ms=91
vis: 60.0
cpu: exceptions=1630 cacheResets=1 batches=0 verts=0 texStalls=0 recompiles=331 underruns=2 overruns=0 sleep_us=1048545 queue_ms=88
vis: 60.0
cpu: exceptions=1930 cacheResets=1 batches=0 verts=0 texStalls=0 recompiles=331 underruns=2 overruns=0 sleep_us=1520366 queue_ms=95
vis: 60.0
cpu: exceptions=2230 cacheResets=1 batches=0 verts=0 texStalls=0 recompiles=331 underruns=2 overruns=0 sleep_us=1992130 queue_ms=91
vis: 60.0
cpu: exceptions=2530 cacheResets=1 batches=0 verts=0 texStalls=0 recompiles=331 underruns=2 overruns=0 sleep_us=2463755 queue_ms=99
vis: 60.0
cpu: exceptions=2866 cacheResets=1 batches=0 verts=0 texStalls=0 recompiles=344 underruns=2 overruns=0 sleep_us=2926824 queue_ms=94
fps: 0.8
vis: 60.0
cpu: exceptions=3440 cacheResets=1 batches=64 verts=4140 texStalls=0 recompiles=468 underruns=2 overruns=0 sleep_us=3340698 queue_ms=100
fps: 1.6
vis: 60.0
cpu: exceptions=3545 cacheResets=1 batches=576 verts=37260 texStalls=0 recompiles=528 underruns=4 overruns=0 sleep_us=3557089 queue_ms=17
fps: 31.0
vis: 60.0
cpu: exceptions=3686 cacheResets=1 batches=1536 verts=99360 texStalls=0 recompiles=528 underruns=4 overruns=0 sleep_us=3710521 queue_ms=25
fps: 30.0
vis: 60.0
cpu: exceptions=3822 cacheResets=1 batches=2304 verts=149040 texStalls=0 recompiles=566 underruns=4 overruns=0 sleep_us=3862579 queue_ms=20
vis: 60.0
cpu: exceptions=3918 cacheResets=1 batches=2304 verts=149040 texStalls=0 recompiles=566 underruns=4 overruns=0 sleep_us=3993152 queue_ms=28
fps: 3.8
vis: 60.0
cpu: exceptions=4017 cacheResets=1 batches=2424 verts=149760 texStalls=0 recompiles=598 underruns=5 overruns=0 sleep_us=4226786 queue_ms=34
fps: 1.7
vis: 57.2
cpu: exceptions=4119 cacheResets=1 batches=2904 verts=152640 texStalls=0 recompiles=610 underruns=8 overruns=0 sleep_us=4547528 queue_ms=7
fps: 29.5
vis: 58.4
cpu: exceptions=4333 cacheResets=1 batches=4704 verts=163440 texStalls=0 recompiles=611 underruns=10 overruns=0 sleep_us=4568074 queue_ms=11
fps: 29.2
vis: 58.4
cpu: exceptions=4534 cacheResets=1 batches=6504 verts=174240 texStalls=0 recompiles=614 underruns=11 overruns=0 sleep_us=4583300 queue_ms=19
fps: 28.9
vis: 57.9
cpu: exceptions=4727 cacheResets=1 batches=8304 verts=185040 texStalls=0 recompiles=614 underruns=13 overruns=0 sleep_us=4596993 queue_ms=15
fps: 29.1
vis: 58.2
cpu: exceptions=4921 cacheResets=1 batches=10104 verts=195840 texStalls=0 recompiles=614 underruns=14 overruns=0 sleep_us=4608879 queue_ms=10
fps: 29.2
vis: 58.6
cpu: exceptions=5100 cacheResets=1 batches=11904 verts=206640 texStalls=0 recompiles=614 underruns=15 overruns=0 sleep_us=4623497 queue_ms=16
fps: 29.2
vis: 58.5
cpu: exceptions=5278 cacheResets=1 batches=13704 verts=217440 texStalls=0 recompiles=618 underruns=16 overruns=0 sleep_us=4636895 queue_ms=13
vis: 60.0
cpu: exceptions=5459 cacheResets=1 batches=15024 verts=225360 texStalls=0 recompiles=625 underruns=18 overruns=0 sleep_us=4657858 queue_ms=29
vis: 60.0
cpu: exceptions=5610 cacheResets=1 batches=15024 verts=225360 texStalls=0 recompiles=625 underruns=18 overruns=0 sleep_us=4737590 queue_ms=35
vis: 60.0
cpu: exceptions=5718 cacheResets=1 batches=15024 verts=225360 texStalls=0 recompiles=631 underruns=18 overruns=0 sleep_us=4900543 queue_ms=32
fps: 7.3
vis: 57.5
cpu: exceptions=5840 cacheResets=1 batches=15024 verts=225360 texStalls=0 recompiles=674 underruns=19 overruns=0 sleep_us=5084643 queue_ms=28
fps: 30.8
vis: 58.8
cpu: exceptions=6053 cacheResets=1 batches=15024 verts=225360 texStalls=0 recompiles=674 underruns=19 overruns=0 sleep_us=5143415 queue_ms=13
fps: 29.4
vis: 58.9
cpu: exceptions=6242 cacheResets=1 batches=15024 verts=225360 texStalls=0 recompiles=674 underruns=19 overruns=0 sleep_us=5200438 queue_ms=8
fps: 29.4
vis: 58.9
cpu: exceptions=6413 cacheResets=1 batches=15024 verts=225360 texStalls=0 recompiles=674 underruns=20 overruns=0 sleep_us=5262843 queue_ms=5
fps: 29.5
vis: 58.9
cpu: exceptions=6580 cacheResets=1 batches=15024 verts=225360 texStalls=0 recompiles=674 underruns=21 overruns=0 sleep_us=5327600 queue_ms=12
fps: 29.5
vis: 58.9
cpu: exceptions=6750 cacheResets=1 batches=15024 verts=225360 texStalls=0 recompiles=674 underruns=22 overruns=0 sleep_us=5392522 queue_ms=8
fps: 29.4
vis: 58.3
cpu: exceptions=6923 cacheResets=1 batches=15024 verts=225360 texStalls=0 recompiles=681 underruns=23 overruns=0 sleep_us=5457557 queue_ms=16
fps: 29.1
vis: 58.8
cpu: exceptions=7089 cacheResets=1 batches=15024 verts=225360 texStalls=0 recompiles=686 underruns=24 overruns=0 sleep_us=5504745 queue_ms=11
fps: 29.4
vis: 58.9
cpu: exceptions=7258 cacheResets=1 batches=15024 verts=225360 texStalls=0 recompiles=686 underruns=25 overruns=0 sleep_us=5563876 queue_ms=17
fps: 29.5
vis: 58.9
cpu: exceptions=7430 cacheResets=1 batches=15024 verts=225360 texStalls=0 recompiles=686 underruns=26 overruns=0 sleep_us=5636242 queue_ms=14
fps: 29.4
vis: 59.0
cpu: exceptions=7590 cacheResets=1 batches=15024 verts=225360 texStalls=0 recompiles=686 underruns=26 overruns=0 sleep_us=5710321 queue_ms=10
fps: 29.5
vis: 58.9
cpu: exceptions=7764 cacheResets=1 batches=15024 verts=225360 texStalls=0 recompiles=686 underruns=27 overruns=0 sleep_us=5782042 queue_ms=17
fps: 29.4
vis: 59.0
cpu: exceptions=7940 cacheResets=1 batches=15024 verts=225360 texStalls=0 recompiles=686 underruns=28 overruns=0 sleep_us=5854314 queue_ms=14
fps: 29.5
vis: 59.0
cpu: exceptions=8108 cacheResets=1 batches=15024 verts=225360 texStalls=0 recompiles=686 underruns=28 overruns=0 sleep_us=5927984 queue_ms=10
fps: 29.5
vis: 59.0
cpu: exceptions=8283 cacheResets=1 batches=15024 verts=225360 texStalls=0 recompiles=686 underruns=29 overruns=0 sleep_us=6000850 queue_ms=17
fps: 29.5
vis: 59.1
cpu: exceptions=8452 cacheResets=1 batches=15024 verts=225360 texStalls=0 recompiles=686 underruns=30 overruns=0 sleep_us=6077570 queue_ms=12
fps: 29.5
vis: 58.8
cpu: exceptions=8618 cacheResets=1 batches=15024 verts=225360 texStalls=0 recompiles=688 underruns=30 overruns=0 sleep_us=6185224 queue_ms=8
fps: 29.3
vis: 59.1
cpu: exceptions=8777 cacheResets=1 batches=15024 verts=225360 texStalls=0 recompiles=688 underruns=31 overruns=0 sleep_us=6290125 queue_ms=5
fps: 29.5
vis: 59.0
cpu: exceptions=8943 cacheResets=1 batches=15024 verts=225360 texStalls=0 recompiles=688 underruns=32 overruns=0 sleep_us=6389937 queue_ms=11
fps: 29.5
vis: 58.9
cpu: exceptions=9134 cacheResets=1 batches=15024 verts=225360 texStalls=0 recompiles=688 underruns=33 overruns=0 sleep_us=6458674 queue_ms=17
fps: 29.5
vis: 59.1
cpu: exceptions=9307 cacheResets=1 batches=15024 verts=225360 texStalls=0 recompiles=688 underruns=34 overruns=0 sleep_us=6537392 queue_ms=14
fps: 29.6
vis: 59.0
cpu: exceptions=9463 cacheResets=1 batches=15024 verts=225360 texStalls=0 recompiles=688 underruns=34 overruns=0 sleep_us=6633789 queue_ms=10
fps: 29.4
vis: 59.1
cpu: exceptions=9620 cacheResets=1 batches=15024 verts=225360 texStalls=0 recompiles=688 underruns=35 overruns=0 sleep_us=6729319 queue_ms=17
fps: 29.5
vis: 59.0
cpu: exceptions=9773 cacheResets=1 batches=15024 verts=225360 texStalls=0 recompiles=688 underruns=36 overruns=0 sleep_us=6826570 queue_ms=13
fps: 29.6
vis: 59.1
cpu: exceptions=9931 cacheResets=1 batches=15024 verts=225360 texStalls=0 recompiles=688 underruns=36 overruns=0 sleep_us=6929467 queue_ms=8
fps: 29.5
vis: 59.1
cpu: exceptions=10086 cacheResets=1 batches=15024 verts=225360 texStalls=0 recompiles=688 underruns=37 overruns=0 sleep_us=7034789 queue_ms=14
fps: 29.6
vis: 59.0
cpu: exceptions=10248 cacheResets=1 batches=15024 verts=225360 texStalls=0 recompiles=688 underruns=37 overruns=0 sleep_us=7141476 queue_ms=10
fps: 29.5
vis: 59.1
cpu: exceptions=10400 cacheResets=1 batches=15024 verts=225360 texStalls=0 recompiles=688 underruns=38 overruns=0 sleep_us=7244911 queue_ms=6
fps: 29.6
vis: 59.1
cpu: exceptions=10556 cacheResets=1 batches=15024 verts=225360 texStalls=0 recompiles=688 underruns=39 overruns=0 sleep_us=7342652 queue_ms=13
fps: 29.5
vis: 59.1
cpu: exceptions=10705 cacheResets=1 batches=15024 verts=225360 texStalls=0 recompiles=688 underruns=39 overruns=0 sleep_us=7458296 queue_ms=9
fps: 29.5
vis: 58.9
cpu: exceptions=10907 cacheResets=1 batches=15024 verts=225360 texStalls=0 recompiles=688 underruns=40 overruns=0 sleep_us=7528246 queue_ms=5
fps: 29.4
vis: 58.9
cpu: exceptions=11100 cacheResets=1 batches=15024 verts=225360 texStalls=0 recompiles=688 underruns=41 overruns=0 sleep_us=7585881 queue_ms=11
fps: 29.4
vis: 59.0
cpu: exceptions=11282 cacheResets=1 batches=15024 verts=225360 texStalls=0 recompiles=688 underruns=42 overruns=0 sleep_us=7653837 queue_ms=17
fps: 29.5
vis: 59.0
cpu: exceptions=11456 cacheResets=1 batches=15024 verts=225360 texStalls=0 recompiles=688 underruns=43 overruns=0 sleep_us=7726777 queue_ms=13
fps: 29.5
vis: 59.0
cpu: exceptions=11627 cacheResets=1 batches=15024 verts=225360 texStalls=0 recompiles=688 underruns=43 overruns=0 sleep_us=7799920 queue_ms=10
fps: 29.5
vis: 58.9
cpu: exceptions=11799 cacheResets=1 batches=15024 verts=225360 texStalls=0 recompiles=688 underruns=44 overruns=0 sleep_us=7873191 queue_ms=5
fps: 29.4
vis: 58.8
cpu: exceptions=11973 cacheResets=1 batches=15024 verts=225360 texStalls=0 recompiles=692 underruns=45 overruns=0 sleep_us=7945561 queue_ms=12
vis: 60.0
cpu: exceptions=12132 cacheResets=1 batches=15024 verts=225360 texStalls=0 recompiles=692 underruns=46 overruns=0 sleep_us=8018906 queue_ms=19
vis: 60.0
cpu: exceptions=12259 cacheResets=1 batches=15024 verts=225360 texStalls=0 recompiles=692 underruns=46 overruns=0 sleep_us=8104738 queue_ms=26
vis: 60.0
cpu: exceptions=12378 cacheResets=1 batches=15024 verts=225360 texStalls=0 recompiles=692 underruns=46 overruns=0 sleep_us=8247569 queue_ms=22
fps: 7.1
vis: 55.5
cpu: exceptions=12542 cacheResets=1 batches=15024 verts=225360 texStalls=0 recompiles=720 underruns=47 overruns=0 sleep_us=8412675 queue_ms=8
fps: 29.9
vis: 60.0
cpu: exceptions=12733 cacheResets=1 batches=15024 verts=225360 texStalls=0 recompiles=721 underruns=48 overruns=0 sleep_us=8456425 queue_ms=26
fps: 27.7
vis: 53.1
cpu: exceptions=12943 cacheResets=1 batches=15024 verts=225360 texStalls=0 recompiles=721 underruns=52 overruns=0 sleep_us=8456425 queue_ms=9
fps: 27.3
vis: 55.4
cpu: exceptions=13142 cacheResets=1 batches=15024 verts=225360 texStalls=0 recompiles=721 underruns=56 overruns=0 sleep_us=8475361 queue_ms=14
fps: 28.3
vis: 55.8
cpu: exceptions=13333 cacheResets=1 batches=15024 verts=225360 texStalls=0 recompiles=721 underruns=59 overruns=0 sleep_us=8499517 queue_ms=8
fps: 29.0
vis: 58.7
cpu: exceptions=13523 cacheResets=1 batches=15024 verts=225360 texStalls=0 recompiles=721 underruns=60 overruns=0 sleep_us=8548545 queue_ms=4
fps: 29.4
vis: 58.6
cpu: exceptions=13710 cacheResets=1 batches=15024 verts=225360 texStalls=0 recompiles=721 underruns=61 overruns=0 sleep_us=8602356 queue_ms=11
fps: 29.4
vis: 58.8
cpu: exceptions=13895 cacheResets=1 batches=15024 verts=225360 texStalls=0 recompiles=731 underruns=62 overruns=0 sleep_us=8649293 queue_ms=7
fps: 29.5
vis: 58.9
cpu: exceptions=14078 cacheResets=1 batches=15024 verts=225360 texStalls=0 recompiles=731 underruns=63 overruns=0 sleep_us=8726832 queue_ms=14
fps: 29.2
vis: 58.4
cpu: exceptions=14262 cacheResets=1 batches=15024 verts=225360 texStalls=0 recompiles=731 underruns=64 overruns=0 sleep_us=8797565 queue_ms=10
fps: 29.4
vis: 58.9
cpu: exceptions=14459 cacheResets=1 batches=15024 verts=225360 texStalls=0 recompiles=731 underruns=65 overruns=0 sleep_us=8848481 queue_ms=17
fps: 29.5
vis: 58.7
cpu: exceptions=14632 cacheResets=1 batches=15024 verts=225360 texStalls=0 recompiles=731 underruns=66 overruns=0 sleep_us=8930986 queue_ms=13
fps: 29.4
vis: 58.8
cpu: exceptions=14801 cacheResets=1 batches=15024 verts=225360 texStalls=0 recompiles=731 underruns=67 overruns=0 sleep_us=9023113 queue_ms=9
fps: 29.3
vis: 58.8
cpu: exceptions=14978 cacheResets=1 batches=15024 verts=225360 texStalls=0 recompiles=731 underruns=68 overruns=0 sleep_us=9108545 queue_ms=16
fps: 29.4
vis: 59.2
cpu: exceptions=15142 cacheResets=1 batches=15024 verts=225360 texStalls=0 recompiles=731 underruns=68 overruns=0 sleep_us=9208736 queue_ms=13
fps: 29.5
vis: 59.1
cpu: exceptions=15301 cacheResets=1 batches=15024 verts=225360 texStalls=0 recompiles=731 underruns=69 overruns=0 sleep_us=9317290 queue_ms=20
fps: 29.4
vis: 58.6
cpu: exceptions=15476 cacheResets=1 batches=15024 verts=225360 texStalls=0 recompiles=731 underruns=70 overruns=0 sleep_us=9402209 queue_ms=16
fps: 28.6
vis: 58.1
cpu: exceptions=15666 cacheResets=1 batches=15024 verts=225360 texStalls=0 recompiles=732 underruns=71 overruns=0 sleep_us=9460763 queue_ms=12
vis: 60.0
cpu: exceptions=15778 cacheResets=1 batches=15024 verts=225360 texStalls=0 recompiles=732 underruns=71 overruns=0 sleep_us=9578688 queue_ms=7
vis: 60.0
cpu: exceptions=15914 cacheResets=1 batches=15024 verts=225360 texStalls=0 recompiles=733 underruns=71 overruns=0 sleep_us=9688363 queue_ms=14
vis: 60.0
cpu: exceptions=16073 cacheResets=1 batches=15024 verts=225360 texStalls=0 recompiles=734 underruns=71 overruns=0 sleep_us=9900796 queue_ms=11
fps: 1.7
vis: 57.2
cpu: exceptions=16248 cacheResets=1 batches=15024 verts=225360 texStalls=0 recompiles=761 underruns=73 overruns=0 sleep_us=9946681 queue_ms=28
fps: 31.1
vis: 58.8
cpu: exceptions=16426 cacheResets=1 batches=15024 verts=225360 texStalls=0 recompiles=761 underruns=73 overruns=0 sleep_us=9997120 queue_ms=23
fps: 29.3
vis: 58.8
cpu: exceptions=16607 cacheResets=1 batches=15024 verts=225360 texStalls=0 recompiles=761 underruns=73 overruns=0 sleep_us=10049149 queue_ms=8
fps: 29.5
vis: 58.9
cpu: exceptions=16780 cacheResets=1 batches=15024 verts=225360 texStalls=0 recompiles=761 underruns=74 overruns=0 sleep_us=10108353 queue_ms=16
fps: 29.5
vis: 58.9
cpu: exceptions=16952 cacheResets=1 batches=15024 verts=225360 texStalls=0 recompiles=761 underruns=75 overruns=0 sleep_us=10169638 queue_ms=12
fps: 29.4
vis: 58.9
cpu: exceptions=17123 cacheResets=1 batches=15024 verts=225360 texStalls=0 recompiles=761 underruns=75 overruns=0 sleep_us=10226383 queue_ms=7
fps: 29.4
vis: 58.3
cpu: exceptions=17301 cacheResets=1 batches=15024 verts=225360 texStalls=0 recompiles=767 underruns=76 overruns=0 sleep_us=10265266 queue_ms=4
fps: 29.1
vis: 58.7
cpu: exceptions=17470 cacheResets=1 batches=15024 verts=225360 texStalls=0 recompiles=767 underruns=78 overruns=0 sleep_us=10298736 queue_ms=20
fps: 29.4
vis: 58.8
cpu: exceptions=17641 cacheResets=1 batches=15024 verts=225360 texStalls=0 recompiles=767 underruns=79 overruns=0 sleep_us=10345161 queue_ms=16
fps: 29.4
vis: 58.8
cpu: exceptions=17819 cacheResets=1 batches=15024 verts=225360 texStalls=0 recompiles=767 underruns=79 overruns=0 sleep_us=10396128 queue_ms=11
fps: 29.4
vis: 58.5
cpu: exceptions=18003 cacheResets=1 batches=15024 verts=225360 texStalls=0 recompiles=767 underruns=80 overruns=0 sleep_us=10438434 queue_ms=8
fps: 29.3
vis: 58.7
cpu: exceptions=18177 cacheResets=1 batches=15024 verts=225360 texStalls=0 recompiles=767 underruns=81 overruns=0 sleep_us=10488107 queue_ms=4
fps: 29.3
vis: 58.7
cpu: exceptions=18344 cacheResets=1 batches=15024 verts=225360 texStalls=0 recompiles=767 underruns=82 overruns=0 sleep_us=10538400 queue_ms=10
fps: 29.4
vis: 59.0
cpu: exceptions=18509 cacheResets=1 batches=15024 verts=225360 texStalls=0 recompiles=767 underruns=83 overruns=0 sleep_us=10616506 queue_ms=7
fps: 29.5
vis: 59.0
cpu: exceptions=18669 cacheResets=1 batches=15024 verts=225360 texStalls=0 recompiles=767 underruns=84 overruns=0 sleep_us=10705906 queue_ms=13
fps: 29.5
vis: 59.0
cpu: exceptions=18824 cacheResets=1 batches=15024 verts=225360 texStalls=0 recompiles=767 underruns=84 overruns=0 sleep_us=10801959 queue_ms=8
fps: 29.4
vis: 58.7
cpu: exceptions=19008 cacheResets=1 batches=15024 verts=225360 texStalls=0 recompiles=768 underruns=85 overruns=0 sleep_us=10859561 queue_ms=5
vis: 60.0
cpu: exceptions=20162 cacheResets=1 batches=15024 verts=225360 texStalls=0 recompiles=827 underruns=86 overruns=0 sleep_us=11032291 queue_ms=22
vis: 60.0
cpu: exceptions=20268 cacheResets=1 batches=15024 verts=225360 texStalls=0 recompiles=829 underruns=86 overruns=0 sleep_us=11331269 queue_ms=18
vis: 60.0
cpu: exceptions=20379 cacheResets=1 batches=15024 verts=225360 texStalls=0 recompiles=835 underruns=86 overruns=0 sleep_us=11661866 queue_ms=14
vis: 60.0
cpu: exceptions=20546 cacheResets=1 batches=15024 verts=225360 texStalls=0 recompiles=1016 underruns=87 overruns=0 sleep_us=12056296 queue_ms=32
fps: 3.5
vis: 58.6
cpu: exceptions=20709 cacheResets=1 batches=18197 verts=255090 texStalls=0 recompiles=1373 underruns=91 overruns=0 sleep_us=12159239 queue_ms=29
fps: 31.4
vis: 58.9
cpu: exceptions=20936 cacheResets=1 batches=23724 verts=306072 texStalls=0 recompiles=1396 underruns=91 overruns=0 sleep_us=12182448 queue_ms=25
fps: 28.5
vis: 55.0
cpu: exceptions=21193 cacheResets=1 batches=29141 verts=355206 texStalls=0 recompiles=1409 underruns=93 overruns=0 sleep_us=12187495 queue_ms=11
fps: 26.7
vis: 52.3
cpu: exceptions=21496 cacheResets=1 batches=34785 verts=405702 texStalls=0 recompiles=1410 underruns=99 overruns=0 sleep_us=12192658 queue_ms=7
fps: 25.6
vis: 50.6
cpu: exceptions=21811 cacheResets=1 batches=40199 verts=453630 texStalls=0 recompiles=1410 underruns=107 overruns=0 sleep_us=12197861 queue_ms=8
fps: 25.5
vis: 52.8
cpu: exceptions=22140 cacheResets=1 batches=45735 verts=503478 texStalls=0 recompiles=1417 underruns=112 overruns=0 sleep_us=12202519 queue_ms=5
fps: 28.7
vis: 60.0
cpu: exceptions=22449 cacheResets=1 batches=50303 verts=548706 texStalls=0 recompiles=1417 underruns=114 overruns=0 sleep_us=12232212 queue_ms=22
fps: 30.2
vis: 60.0
cpu: exceptions=22757 cacheResets=1 batches=54231 verts=590094 texStalls=0 recompiles=1417 underruns=114 overruns=0 sleep_us=12270482 queue_ms=17
fps: 30.1
vis: 60.0
cpu: exceptions=23068 cacheResets=1 batches=57465 verts=627318 texStalls=0 recompiles=1421 underruns=115 overruns=0 sleep_us=12311568 queue_ms=35
fps: 30.0
vis: 60.0
cpu: exceptions=23389 cacheResets=1 batches=60462 verts=663120 texStalls=0 recompiles=1422 underruns=115 overruns=0 sleep_us=12360934 queue_ms=32
fps: 30.0
vis: 60.0
cpu: exceptions=23691 cacheResets=1 batches=63437 verts=698790 texStalls=0 recompiles=1489 underruns=115 overruns=0 sleep_us=12399279 queue_ms=39
fps: 30.0
vis: 60.0
cpu: exceptions=23986 cacheResets=1 batches=66356 verts=734124 texStalls=0 recompiles=1503 underruns=115 overruns=0 sleep_us=12438336 queue_ms=35
fps: 30.1
vis: 60.0
cpu: exceptions=24307 cacheResets=1 batches=69225 verts=769158 texStalls=0 recompiles=1504 underruns=115 overruns=0 sleep_us=12497660 queue_ms=42
fps: 30.0
vis: 60.0
cpu: exceptions=24612 cacheResets=1 batches=72138 verts=804456 texStalls=0 recompiles=1504 underruns=115 overruns=0 sleep_us=12573181 queue_ms=38
fps: 30.0
vis: 60.0
cpu: exceptions=24902 cacheResets=1 batches=75053 verts=839766 texStalls=0 recompiles=1504 underruns=115 overruns=0 sleep_us=12662248 queue_ms=44
fps: 30.0
vis: 60.0
cpu: exceptions=25185 cacheResets=1 batches=78007 verts=875310 texStalls=0 recompiles=1505 underruns=115 overruns=0 sleep_us=12751564 queue_ms=41
fps: 30.0
vis: 60.0
cpu: exceptions=25469 cacheResets=1 batches=81015 verts=911178 texStalls=0 recompiles=1506 underruns=115 overruns=0 sleep_us=12840286 queue_ms=48
fps: 30.0
vis: 60.0
cpu: exceptions=25752 cacheResets=1 batches=83986 verts=946824 texStalls=0 recompiles=1506 underruns=115 overruns=0 sleep_us=12926710 queue_ms=44
fps: 26.6
vis: 53.9
cpu: exceptions=26077 cacheResets=1 batches=87027 verts=981702 texStalls=0 recompiles=1603 underruns=116 overruns=0 sleep_us=12927984 queue_ms=4
fps: 27.6
vis: 55.2
cpu: exceptions=26414 cacheResets=1 batches=90004 verts=1016196 texStalls=0 recompiles=1604 underruns=121 overruns=0 sleep_us=12932432 queue_ms=10
fps: 28.0
vis: 56.0
cpu: exceptions=26735 cacheResets=1 batches=92709 verts=1049058 texStalls=0 recompiles=1614 underruns=123 overruns=0 sleep_us=12936978 queue_ms=5
fps: 27.9
vis: 55.9
cpu: exceptions=27061 cacheResets=1 batches=95334 verts=1081440 texStalls=0 recompiles=1619 underruns=126 overruns=0 sleep_us=12941719 queue_ms=1
fps: 29.6
vis: 59.6
cpu: exceptions=27389 cacheResets=1 batches=98121 verts=1115982 texStalls=0 recompiles=1621 underruns=128 overruns=0 sleep_us=12947056 queue_ms=19
fps: 29.9
vis: 59.6
cpu: exceptions=27695 cacheResets=1 batches=100809 verts=1149930 texStalls=0 recompiles=1623 underruns=128 overruns=0 sleep_us=12969593 queue_ms=15
fps: 29.8
vis: 59.6
cpu: exceptions=27992 cacheResets=1 batches=103490 verts=1183836 texStalls=0 recompiles=1624 underruns=128 overruns=0 sleep_us=12993955 queue_ms=22
fps: 29.8
vis: 59.7
cpu: exceptions=28347 cacheResets=1 batches=106507 verts=1222134 texStalls=0 recompiles=1624 underruns=128 overruns=0 sleep_us=13030973 queue_ms=8
fps: 29.8
vis: 59.6
cpu: exceptions=28637 cacheResets=1 batches=109156 verts=1255848 texStalls=0 recompiles=1627 underruns=128 overruns=0 sleep_us=13063941 queue_ms=15
fps: 29.9
vis: 59.8
cpu: exceptions=28905 cacheResets=1 batches=111677 verts=1287672 texStalls=0 recompiles=1627 underruns=128 overruns=0 sleep_us=13103798 queue_ms=11
fps: 29.9
vis: 59.8
cpu: exceptions=29162 cacheResets=1 batches=114303 verts=1319700 texStalls=0 recompiles=1628 underruns=128 overruns=0 sleep_us=13153510 queue_ms=6
fps: 29.8
vis: 59.7
cpu: exceptions=29433 cacheResets=1 batches=116812 verts=1349874 texStalls=0 recompiles=1630 underruns=129 overruns=0 sleep_us=13198384 queue_ms=13
fps: 29.9
vis: 59.8
cpu: exceptions=29697 cacheResets=1 batches=119188 verts=1378800 texStalls=0 recompiles=1630 underruns=129 overruns=0 sleep_us=13243033 queue_ms=20
vis: 59.9
cpu: exceptions=29956 cacheResets=1 batches=121360 verts=1404657 texStalls=0 recompiles=1634 underruns=129 overruns=0 sleep_us=13308886 queue_ms=17
fps: 29.9
vis: 59.5
cpu: exceptions=30223 cacheResets=1 batches=123640 verts=1431162 texStalls=0 recompiles=1634 underruns=129 overruns=0 sleep_us=13370858 queue_ms=13
fps: 29.6
vis: 59.5
cpu: exceptions=30524 cacheResets=1 batches=126106 verts=1458783 texStalls=0 recompiles=1634 underruns=129 overruns=0 sleep_us=13396802 queue_ms=10
fps: 29.8
vis: 59.7
cpu: exceptions=30804 cacheResets=1 batches=128690 verts=1489464 texStalls=0 recompiles=1635 underruns=130 overruns=0 sleep_us=13441265 queue_ms=16
fps: 29.8
vis: 59.8
cpu: exceptions=31065 cacheResets=1 batches=131188 verts=1520877 texStalls=0 recompiles=1636 underruns=130 overruns=0 sleep_us=13510101 queue_ms=22
fps: 29.9
vis: 59.7
cpu: exceptions=31326 cacheResets=1 batches=133701 verts=1552596 texStalls=0 recompiles=1642 underruns=131 overruns=0 sleep_us=13567373 queue_ms=29
fps: 29.7
vis: 59.9
cpu: exceptions=31588 cacheResets=1 batches=136131 verts=1582989 texStalls=0 recompiles=1642 underruns=131 overruns=0 sleep_us=13618926 queue_ms=26
fps: 30.1
vis: 59.8
cpu: exceptions=31843 cacheResets=1 batches=138560 verts=1612863 texStalls=0 recompiles=1642 underruns=131 overruns=0 sleep_us=13691923 queue_ms=22
fps: 30.4
vis: 59.8
cpu: exceptions=32105 cacheResets=1 batches=140965 verts=1642953 texStalls=0 recompiles=1642 underruns=131 overruns=0 sleep_us=13755451 queue_ms=29
fps: 29.3
vis: 59.9
cpu: exceptions=32368 cacheResets=1 batches=142887 verts=1667265 texStalls=0 recompiles=1657 underruns=131 overruns=0 sleep_us=13806752 queue_ms=24
fps: 30.5
vis: 59.9
cpu: exceptions=32619 cacheResets=1 batches=144490 verts=1688583 texStalls=0 recompiles=1658 underruns=131 overruns=0 sleep_us=13874855 queue_ms=31
fps: 29.5
vis: 60.0
cpu: exceptions=32866 cacheResets=1 batches=146229 verts=1710717 texStalls=0 recompiles=1661 underruns=131 overruns=0 sleep_us=13945960 queue_ms=27
fps: 30.0
vis: 59.7
cpu: exceptions=33126 cacheResets=1 batches=148044 verts=1733334 texStalls=0 recompiles=1668 underruns=131 overruns=0 sleep_us=13998241 queue_ms=23
fps: 29.8
vis: 59.7
cpu: exceptions=33391 cacheResets=1 batches=149956 verts=1756551 texStalls=0 recompiles=1671 underruns=131 overruns=0 sleep_us=14039309 queue_ms=19
fps: 29.9
vis: 59.9
cpu: exceptions=33635 cacheResets=1 batches=151658 verts=1778508 texStalls=0 recompiles=1678 underruns=131 overruns=0 sleep_us=14098439 queue_ms=25
fps: 29.8
vis: 59.7
cpu: exceptions=33897 cacheResets=1 batches=153454 verts=1800405 texStalls=0 recompiles=1687 underruns=131 overruns=0 sleep_us=14139517 queue_ms=21
fps: 29.8
vis: 59.8
cpu: exceptions=34142 cacheResets=1 batches=155269 verts=1822320 texStalls=0 recompiles=1691 underruns=131 overruns=0 sleep_us=14182640 queue_ms=16
fps: 30.5
vis: 59.8
cpu: exceptions=34364 cacheResets=1 batches=157050 verts=1844031 texStalls=0 recompiles=1694 underruns=131 overruns=0 sleep_us=14242093 queue_ms=23
fps: 29.4
vis: 60.0
cpu: exceptions=34571 cacheResets=1 batches=158909 verts=1866210 texStalls=0 recompiles=1694 underruns=131 overruns=0 sleep_us=14313384 queue_ms=19
fps: 30.7
vis: 60.0
cpu: exceptions=34769 cacheResets=1 batches=160328 verts=1882515 texStalls=0 recompiles=1694 underruns=131 overruns=0 sleep_us=14421682 queue_ms=26
fps: 30.0
vis: 60.0
cpu: exceptions=34960 cacheResets=1 batches=161470 verts=1895982 texStalls=0 recompiles=1694 underruns=131 overruns=0 sleep_us=14534783 queue_ms=22
fps: 30.0
vis: 60.0
cpu: exceptions=35151 cacheResets=1 batches=162634 verts=1909581 texStalls=0 recompiles=1694 underruns=131 overruns=0 sleep_us=14645455 queue_ms=28
fps: 29.5
vis: 60.0
cpu: exceptions=35362 cacheResets=1 batches=163792 verts=1923144 texStalls=0 recompiles=1694 underruns=131 overruns=0 sleep_us=14741056 queue_ms=24
fps: 30.0
vis: 60.0
cpu: exceptions=35573 cacheResets=1 batches=164919 verts=1936521 texStalls=0 recompiles=1694 underruns=131 overruns=0 sleep_us=14833240 queue_ms=20
fps: 30.5
vis: 60.0
cpu: exceptions=35788 cacheResets=1 batches=166014 verts=1949706 texStalls=0 recompiles=1694 underruns=131 overruns=0 sleep_us=14927994 queue_ms=26
fps: 29.5
vis: 60.0
cpu: exceptions=36003 cacheResets=1 batches=167152 verts=1963149 texStalls=0 recompiles=1694 underruns=131 overruns=0 sleep_us=15020127 queue_ms=23
fps: 30.0
vis: 60.0
cpu: exceptions=36219 cacheResets=1 batches=168236 verts=1976268 texStalls=0 recompiles=1694 underruns=131 overruns=0 sleep_us=15112906 queue_ms=29
fps: 30.6
vis: 60.0
cpu: exceptions=36432 cacheResets=1 batches=169338 verts=1989495 texStalls=0 recompiles=1716 underruns=131 overruns=0 sleep_us=15201260 queue_ms=25
fps: 29.5
vis: 60.0
cpu: exceptions=36639 cacheResets=1 batches=170435 verts=2002692 texStalls=0 recompiles=1717 underruns=131 overruns=0 sleep_us=15295354 queue_ms=32
fps: 30.5
vis: 60.0
cpu: exceptions=36848 cacheResets=1 batches=171514 verts=2015781 texStalls=0 recompiles=1717 underruns=131 overruns=0 sleep_us=15390391 queue_ms=29
fps: 29.5
vis: 60.0
cpu: exceptions=37052 cacheResets=1 batches=172602 verts=2028924 texStalls=0 recompiles=1717 underruns=131 overruns=0 sleep_us=15484901 queue_ms=36
fps: 30.0
vis: 60.0
cpu: exceptions=37256 cacheResets=1 batches=173693 verts=2042085 texStalls=0 recompiles=1717 underruns=131 overruns=0 sleep_us=15579130 queue_ms=32
vis: 60.0
cpu: exceptions=37462 cacheResets=1 batches=174763 verts=2054832 texStalls=0 recompiles=1720 underruns=131 overruns=0 sleep_us=15672649 queue_ms=28
fps: 30.0
vis: 60.0
cpu: exceptions=37665 cacheResets=1 batches=175855 verts=2067975 texStalls=0 recompiles=1720 underruns=131 overruns=0 sleep_us=15769631 queue_ms=34
fps: 30.5
vis: 60.0
cpu: exceptions=37861 cacheResets=1 batches=176945 verts=2081130 texStalls=0 recompiles=1720 underruns=131 overruns=0 sleep_us=15873342 queue_ms=31
fps: 29.5
vis: 60.0
cpu: exceptions=38066 cacheResets=1 batches=178027 verts=2094045 texStalls=0 recompiles=1720 underruns=131 overruns=0 sleep_us=15974760 queue_ms=38
fps: 30.0
vis: 60.0
cpu: exceptions=38278 cacheResets=1 batches=179121 verts=2107200 texStalls=0 recompiles=1721 underruns=131 overruns=0 sleep_us=16072888 queue_ms=34
fps: 30.0
vis: 60.0
cpu: exceptions=38485 cacheResets=1 batches=180221 verts=2120415 texStalls=0 recompiles=1721 underruns=131 overruns=0 sleep_us=16170991 queue_ms=41
fps: 30.5
vis: 60.0
cpu: exceptions=38692 cacheResets=1 batches=181327 verts=2133666 texStalls=0 recompiles=1731 underruns=131 overruns=0 sleep_us=16268478 queue_ms=37
fps: 29.7
vis: 60.0
cpu: exceptions=38905 cacheResets=1 batches=182390 verts=2146347 texStalls=0 recompiles=1731 underruns=131 overruns=0 sleep_us=16365100 queue_ms=44
fps: 29.8
vis: 60.0
cpu: exceptions=39128 cacheResets=1 batches=183484 verts=2159526 texStalls=0 recompiles=1733 underruns=131 overruns=0 sleep_us=16462390 queue_ms=39
fps: 30.0
vis: 60.0
cpu: exceptions=39344 cacheResets=1 batches=184573 verts=2172675 texStalls=0 recompiles=1734 underruns=131 overruns=0 sleep_us=16566389 queue_ms=47
fps: 30.0
vis: 60.0
cpu: exceptions=39547 cacheResets=1 batches=185657 verts=2185626 texStalls=0 recompiles=1734 underruns=131 overruns=0 sleep_us=16668227 queue_ms=43
fps: 30.5
vis: 60.0
cpu: exceptions=39765 cacheResets=1 batches=186746 verts=2198679 texStalls=0 recompiles=1734 underruns=131 overruns=0 sleep_us=16765617 queue_ms=39
fps: 30.0
mark: stop reason: chain guest VI limit
mark: stop_it requested
audio: alist_resample_calls=198897 alist_resample_samples=29675696 alist_zoh_calls=0 alist_zoh_samples=0 musyx_subframes=0 musyx_voices=0 musyx_voice_peak=0
audio_stages: adpcm_calls=211219 adpcm_samples=32000736 envmix_calls=198897 envmix_samples=29675696 mix_calls=32040 mix_samples=12303360 musyx_fx_calls=0 musyx_fx_taps=0 output_calls=5366 output_samples=2401136
audio_envmix: exp_calls=0 ge_calls=0 lin_calls=0 nead_calls=198897 exp_steady=0 ge_steady=0 lin_steady=0
audio_gaps: nead_mats=0 nead_efz=0 resample_flag2=0 musyx_ptr10=0
audio_output: stream_requests=10190 stream_fed=8334 input_hz=26807 playback_hz=26807 queue_peak_ms=118
vm_io: read_ahead=1 reads=0 hits=0 read_bytes=0 writes=0 write_bytes=0 errors=0
subsystem_time: stage=rsp_gfx calls=2327 timed_calls=2327 period=1 timed_us=41601413
subsystem_time: stage=rsp_audio calls=5340 timed_calls=5340 period=1 timed_us=8452349
subsystem_time: stage=rsp_other calls=0 timed_calls=0 period=1 timed_us=0
subsystem_time: stage=lookup calls=17723732 timed_calls=139556 period=127 timed_us=11770
subsystem_time: stage=compile calls=1734 timed_calls=1734 period=1 timed_us=304839
subsystem_time: stage=dispatch calls=17672203 timed_calls=139151 period=127 timed_us=51655
subsystem_time: stage=execute_inclusive calls=17672203 timed_calls=139151 period=127 timed_us=680927
subsystem_time: stage=rom_copy calls=15055 timed_calls=15055 period=1 timed_us=17828
subsystem_time: stage=present calls=5399 timed_calls=5399 period=1 timed_us=44763
subsystem_time: stage=limiter calls=2958 timed_calls=2958 period=1 timed_us=16848208
subsystem_time: stage=vm_fault calls=0 timed_calls=0 period=1 timed_us=0
subsystem_time: stage=vm_victim calls=0 timed_calls=0 period=1 timed_us=0
subsystem_time: stage=vm_read calls=0 timed_calls=0 period=1 timed_us=0
subsystem_time: stage=vm_write calls=0 timed_calls=0 period=1 timed_us=0
subsystem_time: stage=tex_hash calls=348623 timed_calls=348623 period=1 timed_us=3633612
subsystem_time: stage=tex_lookup calls=348623 timed_calls=348623 period=1 timed_us=348409
subsystem_time: stage=tex_load calls=2387 timed_calls=2387 period=1 timed_us=306554
subsystem_time: stage=tex_activate calls=348623 timed_calls=348623 period=1 timed_us=101004
subsystem_time: stage=draw_triangles calls=187465 timed_calls=187465 period=1 timed_us=428386
subsystem_time: stage=draw_rect calls=218617 timed_calls=218617 period=1 timed_us=2900186
subsystem_time: stage=gfx_list calls=2327 timed_calls=2327 period=1 timed_us=41600871
subsystem_time: stage=gfx_command calls=5702515 timed_calls=44901 period=127 timed_us=300934
subsystem_time: stage=vertex calls=1475544 timed_calls=11618 period=127 timed_us=3263
subsystem_time: stage=gfx_state calls=435243 timed_calls=3427 period=127 timed_us=40557
subsystem_time: stage=gx_wait calls=0 timed_calls=0 period=1 timed_us=0
subsystem_time: stage=dma_pi calls=15055 timed_calls=15055 period=1 timed_us=147676
subsystem_time: stage=dma_sp calls=15334 timed_calls=15334 period=1 timed_us=5290
subsystem_time: stage=dma_si calls=3886 timed_calls=3886 period=1 timed_us=71869
subsystem_time: stage=tlb_translate calls=0 timed_calls=0 period=127 timed_us=0
subsystem_time: stage=pif calls=3887 timed_calls=3887 period=1 timed_us=71460
subsystem_time: stage=input calls=9312 timed_calls=9312 period=1 timed_us=67657
subsystem_time: stage=guest_interrupt calls=53567 timed_calls=53567 period=1 timed_us=16925064
subsystem_time: stage=interpreter_inclusive calls=0 timed_calls=0 period=1 timed_us=0
subsystem_time: stage=audio_submit calls=5366 timed_calls=5366 period=1 timed_us=12419
subsystem_time: stage=audio_callback calls=54406 timed_calls=54406 period=1 timed_us=13046
subsystem_time: stage=memory_slow calls=2174058 timed_calls=17118 period=127 timed_us=541169
subsystem_time: stage=jit_invalidate calls=51529 timed_calls=405 period=127 timed_us=63
audio_time: stage=resample sampled_calls=1566 sampled_samples=233256 sampled_us=20055
audio_time: stage=zoh sampled_calls=0 sampled_samples=0 sampled_us=0
audio_time: stage=adpcm sampled_calls=1663 sampled_samples=251376 sampled_us=18515
audio_time: stage=envmix_exp sampled_calls=0 sampled_samples=0 sampled_us=0
audio_time: stage=envmix_ge sampled_calls=0 sampled_samples=0 sampled_us=0
audio_time: stage=envmix_lin sampled_calls=0 sampled_samples=0 sampled_us=0
audio_time: stage=envmix_nead sampled_calls=1566 sampled_samples=233256 sampled_us=22942
audio_time: stage=mix sampled_calls=252 sampled_samples=96768 sampled_us=2044
audio_time: stage=musyx_voice sampled_calls=0 sampled_samples=0 sampled_us=0
audio_time: stage=musyx_fx sampled_calls=0 sampled_samples=0 sampled_us=0
audio_time: stage=output sampled_calls=42 sampled_samples=18784 sampled_us=84
game: n=1/1 how=vis vis=5400 vi_rate=60 vi0_retrace=211 wall_us=91475055 sleep_us=16844189 avg_vis=58.73 avg_fps=28.03 exceptions=39900 cacheResets=1 recompiles=1734 batches=187465 verts=2207187 texStalls=0 treeDepthMax=14 underruns=131 overruns=0 queue_peak_ms=100 dsp_avg=3.99 dsp_peak=6.25 pmc1=66668029819 pmc2=0 pmc3=0 pmc4=0 mmcr0=00000042 mmcr1=00000000 heap_used=10907128 heap_free=37224 arena1_free=507904 arena2_free=577472 flushes=11 flush_us=8895 padtrace=25 rom=sd:/wii64/roms/Mario Kart 64.v64
=== chain 1/1 end vis=5400 how=vis rom=sd:/wii64/roms/Mario Kart 64.v64 ===
