--- wii64 perf log ---
mark: diag config: wiiload arguments
mark: wiiload dynacore argument received
mark: diag received dynacore line
mark: diag requested core: dynarec
mark: pad replay records: 7
selftest:
  raw[0]=51286168244772513
  raw[1]=51286168244772514
  raw[2]=51286168244772530
  raw[3]=51286168244772541
  raw[4]=51286168244772552
  delta[0]=0us
  delta[1]=0us
  delta[2]=0us
  delta[3]=0us
mark: audio quality: accurate
mark: audio modes: n64=0 output=0 mixer=0 latency=2 sync=0
mark: diag applied core: dynarec
mark: HBC agent ready
mark: loadROM: enter
mark: loadROM: before rom_read
mark: ROMCache_load: enter
mark: ROMCache_load: before first read
mark: ROMCache_load: first read returned
mark: ROMCache_load: byte_swap_type set
mark: ROMCache_load: first byte_swap done
menufps: 10.2
menufps: 8.4
menufps: 7.9
mark: ROMCache_load: loop exited normally
mark: ROMCache_load: elapsed_us=1930854 bytes=8388608 vm=0
mark: loadROM: after rom_read
mark: loadROM: before init_memory
mark: loadROM: after init_memory
mark: loadROM: before romOpen_gfx
mark: loadROM: after romOpen_gfx / before romOpen_audio
mark: loadROM: after romOpen_audio / before romOpen_input
mark: loadROM: after romOpen_input / before cpu_init
mark: loadROM: after cpu_init
menufps: 2.9
menufps: 0.7
menufps: 1.0
fps: 0.0
first_vi: vi0_retrace=341
vis: 0.0
cpu: exceptions=0 cacheResets=0 batches=0 verts=0 texStalls=0 recompiles=0 underruns=0 overruns=0 sleep_us=0 queue_ms=0
mark: CPU core dispatch: dynarec
vis: 60.0
cpu: exceptions=240 cacheResets=1 batches=0 verts=0 texStalls=0 recompiles=189 underruns=2 overruns=0 sleep_us=227167 queue_ms=127
vis: 60.0
cpu: exceptions=540 cacheResets=1 batches=0 verts=0 texStalls=0 recompiles=198 underruns=2 overruns=0 sleep_us=703578 queue_ms=123
vis: 60.0
cpu: exceptions=840 cacheResets=1 batches=0 verts=0 texStalls=0 recompiles=204 underruns=2 overruns=0 sleep_us=1180096 queue_ms=129
vis: 60.0
cpu: exceptions=1135 cacheResets=1 batches=0 verts=0 texStalls=0 recompiles=204 underruns=2 overruns=0 sleep_us=1657217 queue_ms=124
fps: 0.5
vis: 60.0
cpu: exceptions=1430 cacheResets=1 batches=414 verts=9387 texStalls=0 recompiles=468 underruns=3 overruns=0 sleep_us=1966352 queue_ms=2
fps: 20.0
vis: 60.0
cpu: exceptions=1587 cacheResets=1 batches=2484 verts=56322 texStalls=0 recompiles=475 underruns=3 overruns=0 sleep_us=2376049 queue_ms=9
fps: 30.0
vis: 60.0
cpu: exceptions=1751 cacheResets=1 batches=4554 verts=103257 texStalls=0 recompiles=478 underruns=3 overruns=0 sleep_us=2784446 queue_ms=6
fps: 30.0
vis: 60.0
cpu: exceptions=1893 cacheResets=1 batches=6624 verts=150192 texStalls=0 recompiles=478 underruns=3 overruns=0 sleep_us=3202394 queue_ms=11
fps: 30.0
vis: 60.0
cpu: exceptions=2035 cacheResets=1 batches=8694 verts=197127 texStalls=0 recompiles=478 underruns=3 overruns=0 sleep_us=3620003 queue_ms=7
fps: 30.0
vis: 60.0
cpu: exceptions=2177 cacheResets=1 batches=10767 verts=244080 texStalls=0 recompiles=489 underruns=3 overruns=0 sleep_us=4036372 queue_ms=13
fps: 30.0
vis: 60.0
cpu: exceptions=2318 cacheResets=1 batches=12574 verts=284835 texStalls=0 recompiles=498 underruns=3 overruns=0 sleep_us=4457375 queue_ms=9
vis: 60.0
cpu: exceptions=2637 cacheResets=1 batches=12574 verts=284835 texStalls=0 recompiles=675 underruns=5 overruns=0 sleep_us=4619015 queue_ms=32
vis: 60.0
cpu: exceptions=2727 cacheResets=1 batches=12574 verts=284835 texStalls=0 recompiles=733 underruns=5 overruns=0 sleep_us=4802583 queue_ms=28
vis: 60.0
cpu: exceptions=2817 cacheResets=1 batches=12574 verts=284835 texStalls=0 recompiles=784 underruns=5 overruns=0 sleep_us=5068695 queue_ms=25
fps: 4.9
vis: 60.0
cpu: exceptions=2960 cacheResets=1 batches=13906 verts=302151 texStalls=0 recompiles=910 underruns=7 overruns=0 sleep_us=5290622 queue_ms=17
fps: 15.1
vis: 60.0
cpu: exceptions=3117 cacheResets=1 batches=18792 verts=366432 texStalls=0 recompiles=910 underruns=7 overruns=0 sleep_us=5433024 queue_ms=13
fps: 30.0
vis: 60.0
cpu: exceptions=3272 cacheResets=1 batches=23670 verts=430413 texStalls=0 recompiles=927 underruns=7 overruns=0 sleep_us=5574189 queue_ms=17
fps: 30.0
vis: 60.0
cpu: exceptions=3435 cacheResets=1 batches=28533 verts=494286 texStalls=0 recompiles=927 underruns=7 overruns=0 sleep_us=5715848 queue_ms=14
fps: 30.0
vis: 60.0
cpu: exceptions=3590 cacheResets=1 batches=33391 verts=558129 texStalls=0 recompiles=927 underruns=7 overruns=0 sleep_us=5868999 queue_ms=19
fps: 29.1
vis: 60.0
cpu: exceptions=3761 cacheResets=1 batches=38255 verts=622008 texStalls=0 recompiles=927 underruns=8 overruns=0 sleep_us=6005948 queue_ms=6
fps: 29.9
vis: 60.0
cpu: exceptions=3977 cacheResets=1 batches=43138 verts=686001 texStalls=0 recompiles=936 underruns=8 overruns=0 sleep_us=6122299 queue_ms=12
fps: 20.0
vis: 60.0
cpu: exceptions=4233 cacheResets=1 batches=43736 verts=693762 texStalls=0 recompiles=1065 underruns=11 overruns=0 sleep_us=6374307 queue_ms=13
fps: 31.6
vis: 60.0
cpu: exceptions=4400 cacheResets=1 batches=44542 verts=704178 texStalls=0 recompiles=1065 underruns=11 overruns=0 sleep_us=6754664 queue_ms=17
fps: 30.0
vis: 60.0
cpu: exceptions=4572 cacheResets=1 batches=45337 verts=714528 texStalls=0 recompiles=1065 underruns=11 overruns=0 sleep_us=7134139 queue_ms=13
fps: 30.0
vis: 60.0
cpu: exceptions=4737 cacheResets=1 batches=46132 verts=724878 texStalls=0 recompiles=1065 underruns=11 overruns=0 sleep_us=7524192 queue_ms=9
fps: 30.0
vis: 60.0
cpu: exceptions=4910 cacheResets=1 batches=46927 verts=735228 texStalls=0 recompiles=1065 underruns=11 overruns=0 sleep_us=7902554 queue_ms=15
fps: 30.0
vis: 60.0
cpu: exceptions=5089 cacheResets=1 batches=47722 verts=745578 texStalls=0 recompiles=1065 underruns=11 overruns=0 sleep_us=8274917 queue_ms=10
fps: 30.0
vis: 60.0
cpu: exceptions=5262 cacheResets=1 batches=48517 verts=755928 texStalls=0 recompiles=1065 underruns=11 overruns=0 sleep_us=8650890 queue_ms=16
fps: 30.0
vis: 60.0
cpu: exceptions=5431 cacheResets=1 batches=49312 verts=766278 texStalls=0 recompiles=1065 underruns=11 overruns=0 sleep_us=9034101 queue_ms=13
fps: 30.0
mark: stop reason: chain guest VI limit
mark: stop_it requested
audio: alist_resample_calls=12384 alist_resample_samples=1625832 alist_zoh_calls=0 alist_zoh_samples=0 musyx_subframes=0 musyx_voices=0 musyx_voice_peak=0
audio_stages: adpcm_calls=12114 adpcm_samples=1459184 envmix_calls=11818 envmix_samples=1577288 mix_calls=3468 mix_samples=1109760 musyx_fx_calls=0 musyx_fx_taps=0 output_calls=868 output_samples=462864
audio_envmix: exp_calls=11818 ge_calls=0 lin_calls=0 nead_calls=0 exp_steady=9585 ge_steady=0 lin_steady=0
audio_gaps: nead_mats=0 nead_efz=0 resample_flag2=0 musyx_ptr10=0
audio_output: stream_requests=3539 stream_fed=1607 input_hz=32006 playback_hz=32006 queue_peak_ms=147
probe_schema: version=2 self=1 interval=127
vm_io: read_ahead=1 reads=0 hits=0 read_bytes=0 writes=0 write_bytes=0 errors=0
subsystem_time: stage=rsp_gfx calls=320 timed_calls=320 period=1 timed_us=1044022
subsystem_time: stage=rsp_audio calls=867 timed_calls=867 period=1 timed_us=338920
subsystem_time: stage=rsp_other calls=0 timed_calls=0 period=1 timed_us=0
subsystem_time: stage=lookup calls=2962085 timed_calls=23323 period=127 timed_us=5221
subsystem_time: stage=compile calls=1065 timed_calls=1065 period=1 timed_us=116902
subsystem_time: stage=dispatch calls=2809680 timed_calls=22123 period=127 timed_us=19078
subsystem_self: stage=dispatch calls=2809680 timed_calls=22123 self_us=12795 dropped=0
subsystem_time: stage=execute_inclusive calls=2809680 timed_calls=22123 period=127 timed_us=89201
subsystem_self: stage=execute_inclusive calls=2809680 timed_calls=22123 self_us=28021 dropped=0
subsystem_time: stage=rom_copy calls=1195 timed_calls=1195 period=1 timed_us=23439
subsystem_time: stage=present calls=899 timed_calls=899 period=1 timed_us=19433
subsystem_time: stage=limiter calls=868 timed_calls=868 period=1 timed_us=9401196
subsystem_time: stage=vm_fault calls=0 timed_calls=0 period=1 timed_us=0
subsystem_time: stage=vm_victim calls=0 timed_calls=0 period=1 timed_us=0
subsystem_time: stage=vm_read calls=0 timed_calls=0 period=1 timed_us=0
subsystem_time: stage=vm_write calls=0 timed_calls=0 period=1 timed_us=0
subsystem_time: stage=tex_hash calls=22220 timed_calls=22220 period=1 timed_us=146487
subsystem_time: stage=tex_lookup calls=22220 timed_calls=22220 period=1 timed_us=6441
subsystem_time: stage=tex_load calls=68 timed_calls=68 period=1 timed_us=2810
subsystem_time: stage=tex_activate calls=22220 timed_calls=22220 period=1 timed_us=12334
subsystem_time: stage=draw_triangles calls=50107 timed_calls=50107 period=1 timed_us=127175
subsystem_time: stage=draw_rect calls=6995 timed_calls=6995 period=1 timed_us=50995
subsystem_time: stage=gfx_list calls=320 timed_calls=320 period=1 timed_us=1043422
subsystem_time: stage=gfx_command calls=668042 timed_calls=5260 period=127 timed_us=8560
gfx_ucodes: mask=00000001
gfx_opcode: op=01 calls=16057 timed_calls=133 timed_us=62
gfx_opcode: op=03 calls=9002 timed_calls=77 timed_us=39
gfx_opcode: op=04 calls=46687 timed_calls=387 timed_us=2406
gfx_opcode: op=06 calls=39737 timed_calls=317 timed_us=66
gfx_opcode: op=b4 calls=1445 timed_calls=11 timed_us=1
gfx_opcode: op=b6 calls=8197 timed_calls=64 timed_us=10
gfx_opcode: op=b7 calls=5291 timed_calls=44 timed_us=6
gfx_opcode: op=b8 calls=34651 timed_calls=268 timed_us=35
gfx_opcode: op=b9 calls=20760 timed_calls=174 timed_us=23
gfx_opcode: op=ba calls=8942 timed_calls=86 timed_us=17
gfx_opcode: op=bb calls=17174 timed_calls=139 timed_us=25
gfx_opcode: op=bc calls=7055 timed_calls=52 timed_us=13
gfx_opcode: op=bd calls=1951 timed_calls=13 timed_us=2
gfx_opcode: op=bf calls=258876 timed_calls=1984 timed_us=3964
gfx_opcode: op=e4 calls=6130 timed_calls=54 timed_us=432
gfx_opcode: op=e6 calls=22220 timed_calls=175 timed_us=21
gfx_opcode: op=e7 calls=29617 timed_calls=234 timed_us=30
gfx_opcode: op=e8 calls=1841 timed_calls=13 timed_us=1
gfx_opcode: op=e9 calls=320 timed_calls=3 timed_us=3
gfx_opcode: op=ed calls=2299 timed_calls=16 timed_us=5
gfx_opcode: op=f2 calls=20869 timed_calls=157 timed_us=40
gfx_opcode: op=f3 calls=22220 timed_calls=167 timed_us=639
gfx_opcode: op=f5 calls=38008 timed_calls=304 timed_us=58
gfx_opcode: op=f6 calls=1185 timed_calls=7 timed_us=191
gfx_opcode: op=f7 calls=865 timed_calls=6 timed_us=3
gfx_opcode: op=f9 calls=38 timed_calls=0 timed_us=0
gfx_opcode: op=fa calls=5661 timed_calls=54 timed_us=9
gfx_opcode: op=fb calls=1307 timed_calls=10 timed_us=1
gfx_opcode: op=fc calls=16457 timed_calls=134 timed_us=18
gfx_opcode: op=fd calls=22220 timed_calls=168 timed_us=23
gfx_opcode: op=fe calls=320 timed_calls=3 timed_us=2
gfx_opcode: op=ff calls=640 timed_calls=6 timed_us=3
subsystem_time: stage=vertex calls=543915 timed_calls=4282 period=127 timed_us=1529
subsystem_time: stage=gfx_state calls=39292 timed_calls=309 period=127 timed_us=1916
subsystem_self: stage=gfx_state calls=39292 timed_calls=309 self_us=667 dropped=0
subsystem_time: stage=gx_wait calls=4 timed_calls=4 period=1 timed_us=2523
subsystem_time: stage=dma_pi calls=1195 timed_calls=1195 period=1 timed_us=57845
subsystem_time: stage=dma_sp calls=2374 timed_calls=2374 period=1 timed_us=2052
subsystem_time: stage=dma_si calls=964 timed_calls=964 period=1 timed_us=7582
subsystem_time: stage=tlb_translate calls=200897 timed_calls=1581 period=127 timed_us=190
subsystem_time: stage=pif calls=965 timed_calls=965 period=1 timed_us=6816
subsystem_time: stage=input calls=1276 timed_calls=1276 period=1 timed_us=5497
subsystem_time: stage=guest_interrupt calls=6735 timed_calls=6735 period=1 timed_us=9468579
subsystem_self: stage=guest_interrupt calls=6735 timed_calls=6735 self_us=21659 dropped=0
subsystem_time: stage=interpreter_inclusive calls=0 timed_calls=0 period=1 timed_us=0
subsystem_self: stage=interpreter_inclusive calls=0 timed_calls=0 self_us=0 dropped=0
subsystem_time: stage=audio_submit calls=868 timed_calls=868 period=1 timed_us=9367
subsystem_time: stage=audio_callback calls=9359 timed_calls=9359 period=1 timed_us=6078
subsystem_time: stage=memory_slow calls=537443 timed_calls=4231 period=127 timed_us=6334
subsystem_self: stage=memory_slow calls=537443 timed_calls=4231 self_us=1970 dropped=0
subsystem_time: stage=jit_invalidate calls=152405 timed_calls=1200 period=127 timed_us=245
subsystem_time: stage=cpu_helper calls=6879467 timed_calls=54169 period=127 timed_us=67883
subsystem_time: stage=storage_read calls=0 timed_calls=0 period=1 timed_us=0
subsystem_time: stage=storage_write calls=0 timed_calls=0 period=1 timed_us=0
subsystem_time: stage=save_load calls=0 timed_calls=0 period=1 timed_us=0
subsystem_time: stage=save_write calls=0 timed_calls=0 period=1 timed_us=0
subsystem_time: stage=state_load calls=0 timed_calls=0 period=1 timed_us=0
subsystem_time: stage=state_save calls=0 timed_calls=0 period=1 timed_us=0
subsystem_time: stage=probe_io calls=3 timed_calls=3 period=1 timed_us=34130
subsystem_time: stage=agent_poll calls=1810 timed_calls=1810 period=1 timed_us=386
audio_time: stage=resample sampled_calls=97 sampled_samples=12824 sampled_us=539
audio_time: stage=zoh sampled_calls=0 sampled_samples=0 sampled_us=0
audio_time: stage=adpcm sampled_calls=95 sampled_samples=11424 sampled_us=483
audio_time: stage=envmix_exp sampled_calls=93 sampled_samples=12456 sampled_us=1127
audio_time: stage=envmix_ge sampled_calls=0 sampled_samples=0 sampled_us=0
audio_time: stage=envmix_lin sampled_calls=0 sampled_samples=0 sampled_us=0
audio_time: stage=envmix_nead sampled_calls=0 sampled_samples=0 sampled_us=0
audio_time: stage=mix sampled_calls=27 sampled_samples=8640 sampled_us=147
audio_time: stage=musyx_voice sampled_calls=0 sampled_samples=0 sampled_us=0
audio_time: stage=musyx_fx sampled_calls=0 sampled_samples=0 sampled_us=0
audio_time: stage=output sampled_calls=6 sampled_samples=3200 sampled_us=54
gpu_counters: clks=3689433618 tb_clks=3689433704 ras_busy=60973645 xf_wait_in=3574502017 xf_wait_out=78126521 ras_peak_permille=28 ztop_in=238007308 ztop_out=229858380 z_in=385512 z_out=381776 blend_in=230365496 copy_clks=45733331 fifo_overflows=0
game: n=1/4 how=vis vis=900 vi_rate=60 vi0_retrace=341 wall_us=15182785 sleep_us=9398418 avg_vis=58.00 avg_fps=25.04 exceptions=5593 cacheResets=1 recompiles=1065 batches=50107 verts=776628 texStalls=0 treeDepthMax=14 underruns=11 overruns=0 queue_peak_ms=129 dsp_avg=1.44 dsp_peak=1.85 dsp_samples=30 pmc1=4069038305 pmc2=4328199445 pmc3=0 pmc4=0 mmcr0=00000042 mmcr1=00000000 heap_used=10840044 heap_free=38088 arena1_free=352256 arena2_free=288704 flushes=3 flush_us=34129 padtrace=6 rom=sd:/wii64/roms/Super Mario 64.v64
=== chain 1/4 end vis=900 how=vis rom=sd:/wii64/roms/Super Mario 64.v64 ===
mark: pad replay records: 22
mark: loadROM: enter
mark: loadROM: before rom_read
mark: ROMCache_load: enter
mark: ROMCache_load: before first read
mark: ROMCache_load: first read returned
mark: ROMCache_load: byte_swap_type set
mark: ROMCache_load: first byte_swap done
menufps: 0.1
menufps: 8.4
menufps: 7.9
menufps: 8.0
menufps: 8.1
menufps: 8.1
mark: ROMCache_load: loop exited normally
mark: ROMCache_load: elapsed_us=3192992 bytes=13893632 vm=0
mark: loadROM: after rom_read
mark: loadROM: before init_memory
mark: loadROM: after init_memory
mark: loadROM: before romOpen_gfx
mark: loadROM: after romOpen_gfx / before romOpen_audio
mark: loadROM: after romOpen_audio / before romOpen_input
mark: loadROM: after romOpen_input / before cpu_init
mark: loadROM: after cpu_init
menufps: 3.9
menufps: 1.9
menufps: 1.0
menufps: 1.0
fps: 0.3
first_vi: vi0_retrace=1657
vis: 4.0
cpu: exceptions=0 cacheResets=0 batches=0 verts=0 texStalls=0 recompiles=0 underruns=0 overruns=0 sleep_us=0 queue_ms=0
mark: CPU core dispatch: dynarec
vis: 60.0
cpu: exceptions=1029 cacheResets=1 batches=0 verts=0 texStalls=0 recompiles=316 underruns=2 overruns=0 sleep_us=81475 queue_ms=116
vis: 60.0
cpu: exceptions=1329 cacheResets=1 batches=0 verts=0 texStalls=0 recompiles=316 underruns=2 overruns=0 sleep_us=551428 queue_ms=113
vis: 60.0
cpu: exceptions=1629 cacheResets=1 batches=0 verts=0 texStalls=0 recompiles=331 underruns=2 overruns=0 sleep_us=1019952 queue_ms=120
vis: 60.0
cpu: exceptions=1928 cacheResets=1 batches=0 verts=0 texStalls=0 recompiles=331 underruns=2 overruns=0 sleep_us=1489978 queue_ms=116
vis: 60.0
cpu: exceptions=2228 cacheResets=1 batches=0 verts=0 texStalls=0 recompiles=331 underruns=2 overruns=0 sleep_us=1959871 queue_ms=113
vis: 60.0
cpu: exceptions=2528 cacheResets=1 batches=0 verts=0 texStalls=0 recompiles=331 underruns=2 overruns=0 sleep_us=2429776 queue_ms=120
vis: 60.0
cpu: exceptions=2864 cacheResets=1 batches=0 verts=0 texStalls=0 recompiles=344 underruns=2 overruns=0 sleep_us=2891702 queue_ms=116
fps: 0.8
vis: 60.0
cpu: exceptions=3437 cacheResets=1 batches=64 verts=4140 texStalls=0 recompiles=468 underruns=2 overruns=0 sleep_us=3316054 queue_ms=122
fps: 1.6
vis: 60.0
cpu: exceptions=3542 cacheResets=1 batches=576 verts=37260 texStalls=0 recompiles=528 underruns=2 overruns=0 sleep_us=3599702 queue_ms=17
fps: 30.1
vis: 60.0
cpu: exceptions=3683 cacheResets=1 batches=1536 verts=99360 texStalls=0 recompiles=528 underruns=3 overruns=0 sleep_us=3881203 queue_ms=14
fps: 30.0
vis: 60.0
cpu: exceptions=3819 cacheResets=1 batches=2304 verts=149040 texStalls=0 recompiles=566 underruns=3 overruns=0 sleep_us=4140922 queue_ms=20
vis: 60.0
cpu: exceptions=3915 cacheResets=1 batches=2304 verts=149040 texStalls=0 recompiles=566 underruns=3 overruns=0 sleep_us=4319182 queue_ms=17
fps: 3.9
vis: 60.0
cpu: exceptions=4014 cacheResets=1 batches=2424 verts=149760 texStalls=0 recompiles=598 underruns=3 overruns=0 sleep_us=4596721 queue_ms=23
fps: 1.7
vis: 59.6
cpu: exceptions=4116 cacheResets=1 batches=2904 verts=152640 texStalls=0 recompiles=610 underruns=5 overruns=0 sleep_us=4928073 queue_ms=17
fps: 30.8
vis: 59.7
cpu: exceptions=4330 cacheResets=1 batches=4704 verts=163440 texStalls=0 recompiles=611 underruns=5 overruns=0 sleep_us=5091875 queue_ms=11
fps: 29.8
vis: 59.7
cpu: exceptions=4531 cacheResets=1 batches=6504 verts=174240 texStalls=0 recompiles=614 underruns=5 overruns=0 sleep_us=5252573 queue_ms=8
fps: 29.8
vis: 59.7
cpu: exceptions=4724 cacheResets=1 batches=8304 verts=185040 texStalls=0 recompiles=614 underruns=6 overruns=0 sleep_us=5410023 queue_ms=15
fps: 29.9
vis: 59.7
cpu: exceptions=4918 cacheResets=1 batches=10104 verts=195840 texStalls=0 recompiles=614 underruns=6 overruns=0 sleep_us=5568642 queue_ms=10
fps: 29.9
vis: 59.7
cpu: exceptions=5097 cacheResets=1 batches=11904 verts=206640 texStalls=0 recompiles=614 underruns=6 overruns=0 sleep_us=5731090 queue_ms=16
fps: 29.8
vis: 59.7
cpu: exceptions=5275 cacheResets=1 batches=13704 verts=217440 texStalls=0 recompiles=618 underruns=6 overruns=0 sleep_us=5892473 queue_ms=13
vis: 60.0
cpu: exceptions=5455 cacheResets=1 batches=15024 verts=225360 texStalls=0 recompiles=625 underruns=6 overruns=0 sleep_us=6045658 queue_ms=8
vis: 60.0
cpu: exceptions=5606 cacheResets=1 batches=15024 verts=225360 texStalls=0 recompiles=625 underruns=6 overruns=0 sleep_us=6194693 queue_ms=14
vis: 60.0
cpu: exceptions=5714 cacheResets=1 batches=15024 verts=225360 texStalls=0 recompiles=631 underruns=6 overruns=0 sleep_us=6411479 queue_ms=10
fps: 7.0
vis: 60.0
cpu: exceptions=5836 cacheResets=1 batches=15024 verts=225360 texStalls=0 recompiles=674 underruns=6 overruns=0 sleep_us=6647470 queue_ms=17
fps: 31.8
vis: 59.9
cpu: exceptions=6049 cacheResets=1 batches=15024 verts=225360 texStalls=0 recompiles=674 underruns=6 overruns=0 sleep_us=6847213 queue_ms=13
fps: 30.0
vis: 60.0
cpu: exceptions=6238 cacheResets=1 batches=15024 verts=225360 texStalls=0 recompiles=674 underruns=6 overruns=0 sleep_us=7049187 queue_ms=19
fps: 30.0
vis: 60.0
cpu: exceptions=6409 cacheResets=1 batches=15024 verts=225360 texStalls=0 recompiles=674 underruns=6 overruns=0 sleep_us=7254938 queue_ms=16
fps: 30.0
vis: 60.0
cpu: exceptions=6576 cacheResets=1 batches=15024 verts=225360 texStalls=0 recompiles=674 underruns=6 overruns=0 sleep_us=7462167 queue_ms=23
fps: 30.0
vis: 60.0
cpu: exceptions=6746 cacheResets=1 batches=15024 verts=225360 texStalls=0 recompiles=674 underruns=6 overruns=0 sleep_us=7670577 queue_ms=19
fps: 29.4
vis: 59.5
cpu: exceptions=6919 cacheResets=1 batches=15024 verts=225360 texStalls=0 recompiles=681 underruns=6 overruns=0 sleep_us=7878157 queue_ms=5
fps: 29.7
vis: 59.9
cpu: exceptions=7085 cacheResets=1 batches=15024 verts=225360 texStalls=0 recompiles=686 underruns=7 overruns=0 sleep_us=8070752 queue_ms=11
fps: 30.0
vis: 60.0
cpu: exceptions=7254 cacheResets=1 batches=15024 verts=225360 texStalls=0 recompiles=686 underruns=7 overruns=0 sleep_us=8276096 queue_ms=17
vis: 60.0
cpu: exceptions=7426 cacheResets=1 batches=15024 verts=225360 texStalls=0 recompiles=686 underruns=7 overruns=0 sleep_us=8491444 queue_ms=14
fps: 30.0
vis: 60.0
cpu: exceptions=7586 cacheResets=1 batches=15024 verts=225360 texStalls=0 recompiles=686 underruns=7 overruns=0 sleep_us=8709587 queue_ms=21
fps: 30.0
vis: 60.0
cpu: exceptions=7760 cacheResets=1 batches=15024 verts=225360 texStalls=0 recompiles=686 underruns=7 overruns=0 sleep_us=8924058 queue_ms=17
fps: 30.0
vis: 60.0
cpu: exceptions=7936 cacheResets=1 batches=15024 verts=225360 texStalls=0 recompiles=686 underruns=7 overruns=0 sleep_us=9140114 queue_ms=25
fps: 30.0
vis: 60.0
cpu: exceptions=8104 cacheResets=1 batches=15024 verts=225360 texStalls=0 recompiles=686 underruns=7 overruns=0 sleep_us=9356912 queue_ms=21
fps: 30.0
vis: 60.0
cpu: exceptions=8279 cacheResets=1 batches=15024 verts=225360 texStalls=0 recompiles=686 underruns=7 overruns=0 sleep_us=9572868 queue_ms=28
fps: 30.0
vis: 60.0
cpu: exceptions=8448 cacheResets=1 batches=15024 verts=225360 texStalls=0 recompiles=686 underruns=7 overruns=0 sleep_us=9792383 queue_ms=23
fps: 30.0
vis: 59.9
cpu: exceptions=8614 cacheResets=1 batches=15024 verts=225360 texStalls=0 recompiles=688 underruns=7 overruns=0 sleep_us=10031247 queue_ms=30
fps: 30.0
vis: 60.0
cpu: exceptions=8773 cacheResets=1 batches=15024 verts=225360 texStalls=0 recompiles=688 underruns=7 overruns=0 sleep_us=10269004 queue_ms=26
fps: 30.0
vis: 60.0
cpu: exceptions=8939 cacheResets=1 batches=15024 verts=225360 texStalls=0 recompiles=688 underruns=7 overruns=0 sleep_us=10502477 queue_ms=22
fps: 30.0
vis: 60.0
cpu: exceptions=9130 cacheResets=1 batches=15024 verts=225360 texStalls=0 recompiles=688 underruns=7 overruns=0 sleep_us=10713360 queue_ms=28
fps: 30.0
vis: 60.0
cpu: exceptions=9303 cacheResets=1 batches=15024 verts=225360 texStalls=0 recompiles=688 underruns=7 overruns=0 sleep_us=10932779 queue_ms=25
fps: 30.0
vis: 60.0
cpu: exceptions=9459 cacheResets=1 batches=15024 verts=225360 texStalls=0 recompiles=688 underruns=7 overruns=0 sleep_us=11164263 queue_ms=31
fps: 30.0
vis: 60.0
cpu: exceptions=9616 cacheResets=1 batches=15024 verts=225360 texStalls=0 recompiles=688 underruns=7 overruns=0 sleep_us=11395962 queue_ms=28
fps: 30.0
vis: 60.0
cpu: exceptions=9769 cacheResets=1 batches=15024 verts=225360 texStalls=0 recompiles=688 underruns=7 overruns=0 sleep_us=11629169 queue_ms=35
fps: 30.0
vis: 60.0
cpu: exceptions=9927 cacheResets=1 batches=15024 verts=225360 texStalls=0 recompiles=688 underruns=7 overruns=0 sleep_us=11865930 queue_ms=30
fps: 30.0
vis: 60.0
cpu: exceptions=10082 cacheResets=1 batches=15024 verts=225360 texStalls=0 recompiles=688 underruns=7 overruns=0 sleep_us=12104316 queue_ms=36
fps: 29.1
vis: 60.0
cpu: exceptions=10244 cacheResets=1 batches=15024 verts=225360 texStalls=0 recompiles=688 underruns=7 overruns=0 sleep_us=12343642 queue_ms=10
fps: 30.0
vis: 60.0
cpu: exceptions=10396 cacheResets=1 batches=15024 verts=225360 texStalls=0 recompiles=688 underruns=7 overruns=0 sleep_us=12580365 queue_ms=17
fps: 30.0
vis: 60.0
cpu: exceptions=10552 cacheResets=1 batches=15024 verts=225360 texStalls=0 recompiles=688 underruns=7 overruns=0 sleep_us=12813064 queue_ms=13
fps: 30.0
vis: 60.0
cpu: exceptions=10701 cacheResets=1 batches=15024 verts=225360 texStalls=0 recompiles=688 underruns=7 overruns=0 sleep_us=13059802 queue_ms=20
fps: 29.9
vis: 60.0
cpu: exceptions=10903 cacheResets=1 batches=15024 verts=225360 texStalls=0 recompiles=688 underruns=7 overruns=0 sleep_us=13272218 queue_ms=16
fps: 30.0
vis: 60.0
cpu: exceptions=11096 cacheResets=1 batches=15024 verts=225360 texStalls=0 recompiles=688 underruns=7 overruns=0 sleep_us=13476213 queue_ms=22
fps: 30.0
vis: 60.0
cpu: exceptions=11278 cacheResets=1 batches=15024 verts=225360 texStalls=0 recompiles=688 underruns=7 overruns=0 sleep_us=13688149 queue_ms=17
fps: 30.0
vis: 60.0
cpu: exceptions=11453 cacheResets=1 batches=15024 verts=225360 texStalls=0 recompiles=688 underruns=7 overruns=0 sleep_us=13904765 queue_ms=24
fps: 30.0
vis: 60.0
cpu: exceptions=11624 cacheResets=1 batches=15024 verts=225360 texStalls=0 recompiles=688 underruns=7 overruns=0 sleep_us=14121917 queue_ms=20
fps: 30.0
vis: 60.0
cpu: exceptions=11796 cacheResets=1 batches=15024 verts=225360 texStalls=0 recompiles=688 underruns=7 overruns=0 sleep_us=14338055 queue_ms=27
fps: 30.0
vis: 60.0
cpu: exceptions=11970 cacheResets=1 batches=15024 verts=225360 texStalls=0 recompiles=692 underruns=7 overruns=0 sleep_us=14553276 queue_ms=23
vis: 60.0
cpu: exceptions=12129 cacheResets=1 batches=15024 verts=225360 texStalls=0 recompiles=692 underruns=7 overruns=0 sleep_us=14754009 queue_ms=30
vis: 60.0
cpu: exceptions=12256 cacheResets=1 batches=15024 verts=225360 texStalls=0 recompiles=692 underruns=7 overruns=0 sleep_us=14907848 queue_ms=26
vis: 60.0
cpu: exceptions=12375 cacheResets=1 batches=15024 verts=225360 texStalls=0 recompiles=692 underruns=7 overruns=0 sleep_us=15113033 queue_ms=22
fps: 7.1
vis: 59.9
cpu: exceptions=12553 cacheResets=1 batches=15024 verts=225360 texStalls=0 recompiles=720 underruns=7 overruns=0 sleep_us=15330663 queue_ms=29
fps: 31.9
vis: 59.3
cpu: exceptions=12746 cacheResets=1 batches=15024 verts=225360 texStalls=0 recompiles=721 underruns=7 overruns=0 sleep_us=15508934 queue_ms=26
fps: 29.4
vis: 60.0
cpu: exceptions=12967 cacheResets=1 batches=15024 verts=225360 texStalls=0 recompiles=721 underruns=7 overruns=0 sleep_us=15641490 queue_ms=22
fps: 30.2
vis: 59.8
cpu: exceptions=13178 cacheResets=1 batches=15024 verts=225360 texStalls=0 recompiles=721 underruns=7 overruns=0 sleep_us=15781152 queue_ms=28
fps: 29.8
vis: 59.7
cpu: exceptions=13382 cacheResets=1 batches=15024 verts=225360 texStalls=0 recompiles=721 underruns=7 overruns=0 sleep_us=15928591 queue_ms=24
fps: 29.8
vis: 59.7
cpu: exceptions=13570 cacheResets=1 batches=15024 verts=225360 texStalls=0 recompiles=721 underruns=7 overruns=0 sleep_us=16123437 queue_ms=20
fps: 29.0
vis: 59.4
cpu: exceptions=13757 cacheResets=1 batches=15024 verts=225360 texStalls=0 recompiles=724 underruns=8 overruns=0 sleep_us=16310394 queue_ms=6
fps: 29.6
vis: 60.0
cpu: exceptions=13943 cacheResets=1 batches=15024 verts=225360 texStalls=0 recompiles=731 underruns=8 overruns=0 sleep_us=16493269 queue_ms=13
fps: 30.0
vis: 59.8
cpu: exceptions=14123 cacheResets=1 batches=15024 verts=225360 texStalls=0 recompiles=731 underruns=8 overruns=0 sleep_us=16702630 queue_ms=10
fps: 29.9
vis: 59.5
cpu: exceptions=14316 cacheResets=1 batches=15024 verts=225360 texStalls=0 recompiles=731 underruns=8 overruns=0 sleep_us=16897716 queue_ms=5
fps: 30.0
vis: 60.0
cpu: exceptions=14503 cacheResets=1 batches=15024 verts=225360 texStalls=0 recompiles=731 underruns=9 overruns=0 sleep_us=17098178 queue_ms=22
fps: 29.9
vis: 60.0
cpu: exceptions=14679 cacheResets=1 batches=15024 verts=225360 texStalls=0 recompiles=731 underruns=9 overruns=0 sleep_us=17308817 queue_ms=19
fps: 30.1
vis: 60.0
cpu: exceptions=14847 cacheResets=1 batches=15024 verts=225360 texStalls=0 recompiles=731 underruns=9 overruns=0 sleep_us=17532514 queue_ms=26
fps: 30.0
vis: 60.0
cpu: exceptions=15022 cacheResets=1 batches=15024 verts=225360 texStalls=0 recompiles=731 underruns=9 overruns=0 sleep_us=17748550 queue_ms=22
fps: 30.1
vis: 60.0
cpu: exceptions=15180 cacheResets=1 batches=15024 verts=225360 texStalls=0 recompiles=731 underruns=9 overruns=0 sleep_us=17987760 queue_ms=18
fps: 30.0
vis: 60.0
cpu: exceptions=15341 cacheResets=1 batches=15024 verts=225360 texStalls=0 recompiles=731 underruns=9 overruns=0 sleep_us=18226880 queue_ms=24
fps: 29.8
vis: 59.9
cpu: exceptions=15525 cacheResets=1 batches=15024 verts=225360 texStalls=0 recompiles=732 underruns=9 overruns=0 sleep_us=18429907 queue_ms=20
vis: 60.0
cpu: exceptions=15696 cacheResets=1 batches=15024 verts=225360 texStalls=0 recompiles=732 underruns=9 overruns=0 sleep_us=18615928 queue_ms=27
vis: 60.0
cpu: exceptions=15803 cacheResets=1 batches=15024 verts=225360 texStalls=0 recompiles=732 underruns=9 overruns=0 sleep_us=18779553 queue_ms=23
vis: 60.0
cpu: exceptions=15953 cacheResets=1 batches=15024 verts=225360 texStalls=0 recompiles=733 underruns=9 overruns=0 sleep_us=18998038 queue_ms=29
vis: 60.0
cpu: exceptions=16114 cacheResets=1 batches=15024 verts=225360 texStalls=0 recompiles=734 underruns=9 overruns=0 sleep_us=19218546 queue_ms=25
fps: 5.7
vis: 60.0
cpu: exceptions=16295 cacheResets=1 batches=15024 verts=225360 texStalls=0 recompiles=761 underruns=10 overruns=0 sleep_us=19374675 queue_ms=42
fps: 32.2
vis: 59.9
cpu: exceptions=16474 cacheResets=1 batches=15024 verts=225360 texStalls=0 recompiles=761 underruns=10 overruns=0 sleep_us=19572559 queue_ms=38
fps: 29.9
vis: 60.0
cpu: exceptions=16650 cacheResets=1 batches=15024 verts=225360 texStalls=0 recompiles=761 underruns=10 overruns=0 sleep_us=19772814 queue_ms=34
fps: 30.0
vis: 59.9
cpu: exceptions=16823 cacheResets=1 batches=15024 verts=225360 texStalls=0 recompiles=761 underruns=10 overruns=0 sleep_us=19973229 queue_ms=41
fps: 30.0
vis: 60.0
cpu: exceptions=16998 cacheResets=1 batches=15024 verts=225360 texStalls=0 recompiles=761 underruns=10 overruns=0 sleep_us=20177570 queue_ms=37
fps: 29.0
vis: 59.1
cpu: exceptions=17169 cacheResets=1 batches=15024 verts=225360 texStalls=0 recompiles=765 underruns=10 overruns=0 sleep_us=20378999 queue_ms=22
fps: 29.5
vis: 59.8
cpu: exceptions=17347 cacheResets=1 batches=15024 verts=225360 texStalls=0 recompiles=767 underruns=10 overruns=0 sleep_us=20557859 queue_ms=17
fps: 29.9
vis: 59.9
cpu: exceptions=17514 cacheResets=1 batches=15024 verts=225360 texStalls=0 recompiles=767 underruns=10 overruns=0 sleep_us=20739995 queue_ms=13
fps: 30.0
vis: 59.9
cpu: exceptions=17685 cacheResets=1 batches=15024 verts=225360 texStalls=0 recompiles=767 underruns=10 overruns=0 sleep_us=20936406 queue_ms=20
fps: 29.9
vis: 59.5
cpu: exceptions=17865 cacheResets=1 batches=15024 verts=225360 texStalls=0 recompiles=767 underruns=10 overruns=0 sleep_us=21129431 queue_ms=16
fps: 29.7
vis: 59.9
cpu: exceptions=18043 cacheResets=1 batches=15024 verts=225360 texStalls=0 recompiles=767 underruns=10 overruns=0 sleep_us=21316983 queue_ms=12
fps: 30.0
vis: 60.0
cpu: exceptions=18218 cacheResets=1 batches=15024 verts=225360 texStalls=0 recompiles=767 underruns=10 overruns=0 sleep_us=21508454 queue_ms=8
fps: 30.0
vis: 60.0
cpu: exceptions=18384 cacheResets=1 batches=15024 verts=225360 texStalls=0 recompiles=767 underruns=10 overruns=0 sleep_us=21708596 queue_ms=14
fps: 30.1
vis: 59.6
cpu: exceptions=18552 cacheResets=1 batches=15024 verts=225360 texStalls=0 recompiles=767 underruns=10 overruns=0 sleep_us=21926429 queue_ms=11
fps: 29.8
vis: 60.0
cpu: exceptions=18709 cacheResets=1 batches=15024 verts=225360 texStalls=0 recompiles=767 underruns=10 overruns=0 sleep_us=22148222 queue_ms=7
fps: 30.0
vis: 60.0
cpu: exceptions=18868 cacheResets=1 batches=15024 verts=225360 texStalls=0 recompiles=767 underruns=10 overruns=0 sleep_us=22367407 queue_ms=14
fps: 29.9
vis: 60.0
cpu: exceptions=20024 cacheResets=1 batches=15024 verts=225360 texStalls=0 recompiles=776 underruns=10 overruns=0 sleep_us=22528482 queue_ms=10
vis: 60.0
cpu: exceptions=20191 cacheResets=1 batches=15024 verts=225360 texStalls=0 recompiles=829 underruns=10 overruns=0 sleep_us=22811868 queue_ms=17
vis: 60.0
cpu: exceptions=20289 cacheResets=1 batches=15024 verts=225360 texStalls=0 recompiles=829 underruns=10 overruns=0 sleep_us=23167326 queue_ms=13
vis: 60.0
cpu: exceptions=20478 cacheResets=1 batches=15024 verts=225360 texStalls=0 recompiles=1016 underruns=11 overruns=0 sleep_us=23479594 queue_ms=31
vis: 60.0
cpu: exceptions=20557 cacheResets=1 batches=15024 verts=225360 texStalls=0 recompiles=1016 underruns=12 overruns=0 sleep_us=23927011 queue_ms=5
fps: 1.7
vis: 60.0
cpu: exceptions=20763 cacheResets=1 batches=19639 verts=268494 texStalls=0 recompiles=1373 underruns=14 overruns=0 sleep_us=23992294 queue_ms=35
fps: 31.7
vis: 59.7
cpu: exceptions=21001 cacheResets=1 batches=25239 verts=319914 texStalls=0 recompiles=1405 underruns=14 overruns=0 sleep_us=24051064 queue_ms=31
fps: 29.7
vis: 59.1
cpu: exceptions=21295 cacheResets=1 batches=31151 verts=373206 texStalls=0 recompiles=1410 underruns=14 overruns=0 sleep_us=24070476 queue_ms=28
fps: 29.4
vis: 57.6
cpu: exceptions=21637 cacheResets=1 batches=37274 verts=427764 texStalls=0 recompiles=1410 underruns=14 overruns=0 sleep_us=24075708 queue_ms=2
fps: 27.0
vis: 56.8
cpu: exceptions=22000 cacheResets=1 batches=43472 verts=482772 texStalls=0 recompiles=1416 underruns=18 overruns=0 sleep_us=24077984 queue_ms=10
fps: 28.6
vis: 60.0
cpu: exceptions=22330 cacheResets=1 batches=48637 verts=531582 texStalls=0 recompiles=1417 underruns=19 overruns=0 sleep_us=24131351 queue_ms=27
fps: 30.8
vis: 60.0
cpu: exceptions=22634 cacheResets=1 batches=52720 verts=573900 texStalls=0 recompiles=1417 underruns=19 overruns=0 sleep_us=24246737 queue_ms=23
fps: 29.9
vis: 60.0
cpu: exceptions=22961 cacheResets=1 batches=56184 verts=612504 texStalls=0 recompiles=1421 underruns=19 overruns=0 sleep_us=24348824 queue_ms=30
fps: 30.1
vis: 60.0
cpu: exceptions=23272 cacheResets=1 batches=59247 verts=648702 texStalls=0 recompiles=1422 underruns=19 overruns=0 sleep_us=24481655 queue_ms=26
fps: 30.0
vis: 60.0
cpu: exceptions=23585 cacheResets=1 batches=62264 verts=684624 texStalls=0 recompiles=1435 underruns=19 overruns=0 sleep_us=24606038 queue_ms=22
fps: 29.9
vis: 60.0
cpu: exceptions=23885 cacheResets=1 batches=65183 verts=719958 texStalls=0 recompiles=1502 underruns=19 overruns=0 sleep_us=24714845 queue_ms=29
fps: 30.0
vis: 60.0
cpu: exceptions=24199 cacheResets=1 batches=68086 verts=755196 texStalls=0 recompiles=1504 underruns=19 overruns=0 sleep_us=24831649 queue_ms=24
fps: 30.1
vis: 60.0
cpu: exceptions=24508 cacheResets=1 batches=70983 verts=790398 texStalls=0 recompiles=1504 underruns=19 overruns=0 sleep_us=24970443 queue_ms=30
fps: 30.0
vis: 60.0
cpu: exceptions=24801 cacheResets=1 batches=73865 verts=825510 texStalls=0 recompiles=1504 underruns=19 overruns=0 sleep_us=25117403 queue_ms=26
fps: 30.0
mark: stop reason: chain guest VI limit
vis: 56.9
cpu: exceptions=25081 cacheResets=1 batches=76811 verts=861006 texStalls=0 recompiles=1504 underruns=19 overruns=0 sleep_us=25258941 queue_ms=5
mark: stop_it requested
audio: alist_resample_calls=124134 alist_resample_samples=18519888 alist_zoh_calls=0 alist_zoh_samples=0 musyx_subframes=0 musyx_voices=0 musyx_voice_peak=0
audio_stages: adpcm_calls=128102 adpcm_samples=19589216 envmix_calls=124134 envmix_samples=18519888 mix_calls=21240 mix_samples=8156160 musyx_fx_calls=0 musyx_fx_taps=0 output_calls=3566 output_samples=1595376
audio_envmix: exp_calls=0 ge_calls=0 lin_calls=0 nead_calls=124134 exp_steady=0 ge_steady=0 lin_steady=0
audio_gaps: nead_mats=0 nead_efz=0 resample_flag2=0 musyx_ptr10=0
audio_output: stream_requests=7387 stream_fed=5539 input_hz=26807 playback_hz=26807 queue_peak_ms=142
probe_schema: version=2 self=1 interval=127
vm_io: read_ahead=1 reads=0 hits=0 read_bytes=0 writes=0 write_bytes=0 errors=0
subsystem_time: stage=rsp_gfx calls=1428 timed_calls=1428 period=1 timed_us=17131651
subsystem_time: stage=rsp_audio calls=3540 timed_calls=3540 period=1 timed_us=3007765
subsystem_time: stage=rsp_other calls=0 timed_calls=0 period=1 timed_us=0
subsystem_time: stage=lookup calls=8678865 timed_calls=68337 period=127 timed_us=15142
subsystem_time: stage=compile calls=1504 timed_calls=1504 period=1 timed_us=203184
subsystem_time: stage=dispatch calls=8652600 timed_calls=68130 period=127 timed_us=59499
subsystem_self: stage=dispatch calls=8652600 timed_calls=68130 self_us=39966 dropped=0
subsystem_time: stage=execute_inclusive calls=8652600 timed_calls=68130 period=127 timed_us=565484
subsystem_self: stage=execute_inclusive calls=8652600 timed_calls=68130 self_us=116772 dropped=0
subsystem_time: stage=rom_copy calls=8301 timed_calls=8301 period=1 timed_us=71908
subsystem_time: stage=present calls=3599 timed_calls=3599 period=1 timed_us=66105
subsystem_time: stage=limiter calls=2750 timed_calls=2750 period=1 timed_us=25267888
subsystem_time: stage=vm_fault calls=0 timed_calls=0 period=1 timed_us=0
subsystem_time: stage=vm_victim calls=0 timed_calls=0 period=1 timed_us=0
subsystem_time: stage=vm_read calls=0 timed_calls=0 period=1 timed_us=0
subsystem_time: stage=vm_write calls=0 timed_calls=0 period=1 timed_us=0
subsystem_time: stage=tex_hash calls=231269 timed_calls=231269 period=1 timed_us=1473411
subsystem_time: stage=tex_lookup calls=231269 timed_calls=231269 period=1 timed_us=339788
subsystem_time: stage=tex_load calls=1733 timed_calls=1733 period=1 timed_us=127623
subsystem_time: stage=tex_activate calls=231269 timed_calls=231269 period=1 timed_us=61318
subsystem_time: stage=draw_triangles calls=76811 timed_calls=76811 period=1 timed_us=173131
subsystem_time: stage=draw_rect calls=199209 timed_calls=199209 period=1 timed_us=2407560
subsystem_time: stage=gfx_list calls=1428 timed_calls=1428 period=1 timed_us=17128539
subsystem_time: stage=gfx_command calls=3052105 timed_calls=24032 period=127 timed_us=138062
gfx_ucodes: mask=00040000
gfx_opcode: op=01 calls=39357 timed_calls=314 timed_us=142
gfx_opcode: op=03 calls=4732 timed_calls=44 timed_us=50
gfx_opcode: op=04 calls=74849 timed_calls=554 timed_us=1962
gfx_opcode: op=06 calls=126570 timed_calls=947 timed_us=159
gfx_opcode: op=b1 calls=89645 timed_calls=765 timed_us=5964
gfx_opcode: op=b4 calls=811 timed_calls=8 timed_us=1
gfx_opcode: op=b5 calls=21636 timed_calls=179 timed_us=289
gfx_opcode: op=b6 calls=21527 timed_calls=177 timed_us=30
gfx_opcode: op=b7 calls=13822 timed_calls=106 timed_us=15
gfx_opcode: op=b8 calls=127998 timed_calls=986 timed_us=124
gfx_opcode: op=b9 calls=89659 timed_calls=704 timed_us=106
gfx_opcode: op=ba calls=160056 timed_calls=1283 timed_us=217
gfx_opcode: op=bb calls=35718 timed_calls=296 timed_us=55
gfx_opcode: op=bc calls=34815 timed_calls=258 timed_us=53
gfx_opcode: op=bd calls=36 timed_calls=0 timed_us=0
gfx_opcode: op=bf calls=64440 timed_calls=456 timed_us=2042
gfx_opcode: op=c0 calls=16873 timed_calls=139 timed_us=19
gfx_opcode: op=e4 calls=190158 timed_calls=1505 timed_us=19640
gfx_opcode: op=e6 calls=236572 timed_calls=1861 timed_us=227
gfx_opcode: op=e7 calls=327789 timed_calls=2617 timed_us=327
gfx_opcode: op=e8 calls=41869 timed_calls=342 timed_us=41
gfx_opcode: op=e9 calls=1428 timed_calls=10 timed_us=15
gfx_opcode: op=ed calls=8043 timed_calls=63 timed_us=32
gfx_opcode: op=f0 calls=4851 timed_calls=38 timed_us=112
gfx_opcode: op=f2 calls=227707 timed_calls=1790 timed_us=446
gfx_opcode: op=f3 calls=40772 timed_calls=309 timed_us=1892
gfx_opcode: op=f4 calls=190949 timed_calls=1508 timed_us=6351
gfx_opcode: op=f5 calls=464279 timed_calls=3643 timed_us=684
gfx_opcode: op=f6 calls=10516 timed_calls=95 timed_us=2759
gfx_opcode: op=f7 calls=10090 timed_calls=83 timed_us=34
gfx_opcode: op=fa calls=40837 timed_calls=309 timed_us=53
gfx_opcode: op=fb calls=23942 timed_calls=183 timed_us=29
gfx_opcode: op=fc calls=67479 timed_calls=531 timed_us=72
gfx_opcode: op=fd calls=236572 timed_calls=1881 timed_us=264
gfx_opcode: op=fe calls=1427 timed_calls=12 timed_us=9
gfx_opcode: op=ff calls=4281 timed_calls=36 timed_us=91919
subsystem_time: stage=vertex calls=544112 timed_calls=4284 period=127 timed_us=1328
subsystem_time: stage=gfx_state calls=287905 timed_calls=2266 period=127 timed_us=20767
subsystem_self: stage=gfx_state calls=287905 timed_calls=2266 self_us=4952 dropped=0
subsystem_time: stage=gx_wait calls=4 timed_calls=4 period=1 timed_us=2554
subsystem_time: stage=dma_pi calls=8301 timed_calls=8301 period=1 timed_us=146038
subsystem_time: stage=dma_sp calls=9936 timed_calls=9936 period=1 timed_us=10517
subsystem_time: stage=dma_si calls=2986 timed_calls=2986 period=1 timed_us=34200
subsystem_time: stage=tlb_translate calls=0 timed_calls=0 period=127 timed_us=0
subsystem_time: stage=pif calls=2987 timed_calls=2987 period=1 timed_us=31499
subsystem_time: stage=input calls=5712 timed_calls=5712 period=1 timed_us=25636
subsystem_time: stage=guest_interrupt calls=33525 timed_calls=33525 period=1 timed_us=25516739
subsystem_self: stage=guest_interrupt calls=33525 timed_calls=33525 self_us=62747 dropped=0
subsystem_time: stage=interpreter_inclusive calls=0 timed_calls=0 period=1 timed_us=0
subsystem_self: stage=interpreter_inclusive calls=0 timed_calls=0 self_us=0 dropped=0
subsystem_time: stage=audio_submit calls=3566 timed_calls=3566 period=1 timed_us=35018
subsystem_time: stage=audio_callback calls=35972 timed_calls=35972 period=1 timed_us=24700
subsystem_time: stage=memory_slow calls=1358511 timed_calls=10696 period=127 timed_us=131527
subsystem_self: stage=memory_slow calls=1358511 timed_calls=10696 self_us=5389 dropped=0
subsystem_time: stage=jit_invalidate calls=26265 timed_calls=206 period=127 timed_us=44
subsystem_time: stage=cpu_helper calls=35815424 timed_calls=282011 period=127 timed_us=187586
subsystem_time: stage=storage_read calls=0 timed_calls=0 period=1 timed_us=0
subsystem_time: stage=storage_write calls=0 timed_calls=0 period=1 timed_us=0
subsystem_time: stage=save_load calls=0 timed_calls=0 period=1 timed_us=0
subsystem_time: stage=save_write calls=0 timed_calls=0 period=1 timed_us=0
subsystem_time: stage=state_load calls=0 timed_calls=0 period=1 timed_us=0
subsystem_time: stage=state_save calls=0 timed_calls=0 period=1 timed_us=0
subsystem_time: stage=probe_io calls=8 timed_calls=8 period=1 timed_us=126945
subsystem_time: stage=agent_poll calls=7220 timed_calls=7220 period=1 timed_us=1693
audio_time: stage=resample sampled_calls=977 sampled_samples=145480 sampled_us=6123
audio_time: stage=zoh sampled_calls=0 sampled_samples=0 sampled_us=0
audio_time: stage=adpcm sampled_calls=1008 sampled_samples=155232 sampled_us=6425
audio_time: stage=envmix_exp sampled_calls=0 sampled_samples=0 sampled_us=0
audio_time: stage=envmix_ge sampled_calls=0 sampled_samples=0 sampled_us=0
audio_time: stage=envmix_lin sampled_calls=0 sampled_samples=0 sampled_us=0
audio_time: stage=envmix_nead sampled_calls=977 sampled_samples=145480 sampled_us=8717
audio_time: stage=mix sampled_calls=167 sampled_samples=64128 sampled_us=1043
audio_time: stage=musyx_voice sampled_calls=0 sampled_samples=0 sampled_us=0
audio_time: stage=musyx_fx sampled_calls=0 sampled_samples=0 sampled_us=0
audio_time: stage=output sampled_calls=28 sampled_samples=12464 sampled_us=229
gpu_counters: clks=14676349083 tb_clks=14676349156 ras_busy=376791076 xf_wait_in=14243739331 xf_wait_out=206316369 ras_peak_permille=40 ztop_in=1452511340 ztop_out=1423879988 z_in=5198908 z_out=4386100 blend_in=1429401560 copy_clks=145885928 fifo_overflows=0
game: n=2/4 how=vis vis=3600 vi_rate=60 vi0_retrace=1657 wall_us=60396365 sleep_us=25258941 avg_vis=59.38 avg_fps=27.51 exceptions=25082 cacheResets=1 recompiles=1504 batches=76811 verts=861006 texStalls=0 treeDepthMax=14 underruns=19 overruns=0 queue_peak_ms=122 dsp_avg=1.52 dsp_peak=1.80 dsp_samples=121 pmc1=25486916299 pmc2=27280853301 pmc3=0 pmc4=0 mmcr0=00000042 mmcr1=00000000 heap_used=10895532 heap_free=35848 arena1_free=299008 arena2_free=288704 flushes=8 flush_us=126943 padtrace=20 rom=sd:/wii64/roms/Mario Kart 64.v64
=== chain 2/4 end vis=3600 how=vis rom=sd:/wii64/roms/Mario Kart 64.v64 ===
mark: pad replay records: 1
mark: loadROM: enter
mark: loadROM: before rom_read
mark: ROMCache_load: enter
mark: ROMCache_load: before first read
mark: ROMCache_load: first read returned
mark: ROMCache_load: byte_swap_type set
mark: ROMCache_load: first byte_swap done
menufps: 0.0
menufps: 8.4
menufps: 8.0
menufps: 8.0
menufps: 8.1
menufps: 8.1
menufps: 7.8
mark: ROMCache_load: loop exited normally
mark: ROMCache_load: elapsed_us=3837389 bytes=16777216 vm=0
mark: loadROM: after rom_read
mark: loadROM: before init_memory
mark: loadROM: after init_memory
mark: loadROM: before romOpen_gfx
mark: loadROM: after romOpen_gfx / before romOpen_audio
mark: loadROM: after romOpen_audio / before romOpen_input
mark: loadROM: after romOpen_input / before cpu_init
mark: loadROM: after cpu_init
menufps: 6.6
menufps: 1.9
menufps: 1.0
menufps: 1.0
fps: 1.0
first_vi: vi0_retrace=5718
vis: 0.1
cpu: exceptions=0 cacheResets=0 batches=0 verts=0 texStalls=0 recompiles=0 underruns=0 overruns=0 sleep_us=0 queue_ms=0
mark: CPU core dispatch: dynarec
vis: 60.0
cpu: exceptions=1471 cacheResets=1 batches=0 verts=0 texStalls=0 recompiles=421 underruns=0 overruns=0 sleep_us=76726 queue_ms=157
fps: 3.1
vis: 60.0
cpu: exceptions=2355 cacheResets=1 batches=0 verts=0 texStalls=0 recompiles=425 underruns=0 overruns=0 sleep_us=414988 queue_ms=160
fps: 60.9
vis: 60.0
cpu: exceptions=2625 cacheResets=1 batches=0 verts=0 texStalls=0 recompiles=425 underruns=0 overruns=0 sleep_us=829132 queue_ms=156
fps: 60.0
vis: 60.0
cpu: exceptions=2918 cacheResets=1 batches=0 verts=0 texStalls=0 recompiles=468 underruns=0 overruns=0 sleep_us=1230097 queue_ms=162
vis: 60.0
cpu: exceptions=3298 cacheResets=1 batches=0 verts=0 texStalls=0 recompiles=468 underruns=0 overruns=0 sleep_us=1578681 queue_ms=157
fps: 14.7
vis: 51.6
cpu: exceptions=3627 cacheResets=1 batches=1934 verts=51708 texStalls=0 recompiles=742 underruns=0 overruns=0 sleep_us=1751096 queue_ms=87
fps: 56.9
vis: 60.0
cpu: exceptions=3918 cacheResets=1 batches=8714 verts=229188 texStalls=0 recompiles=763 underruns=0 overruns=0 sleep_us=1765298 queue_ms=82
fps: 60.0
vis: 60.0
cpu: exceptions=4213 cacheResets=1 batches=15486 verts=406620 texStalls=0 recompiles=771 underruns=0 overruns=0 sleep_us=1781234 queue_ms=87
fps: 58.1
vis: 60.0
cpu: exceptions=4512 cacheResets=1 batches=22236 verts=583920 texStalls=0 recompiles=775 underruns=0 overruns=0 sleep_us=1798531 queue_ms=66
fps: 59.9
vis: 60.0
cpu: exceptions=4803 cacheResets=1 batches=28986 verts=761220 texStalls=0 recompiles=775 underruns=0 overruns=0 sleep_us=1817106 queue_ms=70
fps: 60.1
vis: 60.0
cpu: exceptions=5092 cacheResets=1 batches=35736 verts=938520 texStalls=0 recompiles=775 underruns=0 overruns=0 sleep_us=1838033 queue_ms=68
fps: 60.0
vis: 60.0
cpu: exceptions=5386 cacheResets=1 batches=42486 verts=1115820 texStalls=0 recompiles=775 underruns=0 overruns=0 sleep_us=1856323 queue_ms=72
fps: 60.0
vis: 60.0
cpu: exceptions=5673 cacheResets=1 batches=49236 verts=1293120 texStalls=0 recompiles=777 underruns=0 overruns=0 sleep_us=1879519 queue_ms=69
fps: 60.0
vis: 60.0
cpu: exceptions=5967 cacheResets=1 batches=55986 verts=1470420 texStalls=0 recompiles=777 underruns=0 overruns=0 sleep_us=1894169 queue_ms=74
fps: 60.0
vis: 60.0
cpu: exceptions=6265 cacheResets=1 batches=62736 verts=1647720 texStalls=0 recompiles=777 underruns=0 overruns=0 sleep_us=1906804 queue_ms=71
fps: 60.0
vis: 60.0
cpu: exceptions=6559 cacheResets=1 batches=69486 verts=1825020 texStalls=0 recompiles=777 underruns=0 overruns=0 sleep_us=1919837 queue_ms=66
fps: 60.0
vis: 60.0
cpu: exceptions=6857 cacheResets=1 batches=76236 verts=2002320 texStalls=0 recompiles=777 underruns=0 overruns=0 sleep_us=1929699 queue_ms=72
fps: 60.0
vis: 60.0
cpu: exceptions=7150 cacheResets=1 batches=82986 verts=2179620 texStalls=0 recompiles=777 underruns=0 overruns=0 sleep_us=1940544 queue_ms=68
fps: 60.0
vis: 60.0
cpu: exceptions=7441 cacheResets=1 batches=89736 verts=2356920 texStalls=0 recompiles=777 underruns=0 overruns=0 sleep_us=1955167 queue_ms=73
fps: 60.0
vis: 60.0
cpu: exceptions=7731 cacheResets=1 batches=96486 verts=2534220 texStalls=0 recompiles=777 underruns=0 overruns=0 sleep_us=1970962 queue_ms=70
fps: 60.0
vis: 60.0
cpu: exceptions=8020 cacheResets=1 batches=103236 verts=2711520 texStalls=0 recompiles=777 underruns=0 overruns=0 sleep_us=1991162 queue_ms=74
fps: 59.7
vis: 59.8
cpu: exceptions=8317 cacheResets=1 batches=109986 verts=2888820 texStalls=0 recompiles=777 underruns=0 overruns=0 sleep_us=2005609 queue_ms=71
fps: 60.0
vis: 59.9
cpu: exceptions=8610 cacheResets=1 batches=116736 verts=3066120 texStalls=0 recompiles=777 underruns=0 overruns=0 sleep_us=2006697 queue_ms=67
fps: 58.7
vis: 58.5
cpu: exceptions=8923 cacheResets=1 batches=123486 verts=3243420 texStalls=0 recompiles=777 underruns=0 overruns=0 sleep_us=2006697 queue_ms=55
fps: 58.2
vis: 58.1
cpu: exceptions=9241 cacheResets=1 batches=130236 verts=3420720 texStalls=0 recompiles=777 underruns=0 overruns=0 sleep_us=2006697 queue_ms=41
fps: 58.5
vis: 58.4
cpu: exceptions=9559 cacheResets=1 batches=136986 verts=3598020 texStalls=0 recompiles=777 underruns=0 overruns=0 sleep_us=2006697 queue_ms=29
fps: 58.4
vis: 58.5
cpu: exceptions=9872 cacheResets=1 batches=143736 verts=3775320 texStalls=0 recompiles=777 underruns=0 overruns=0 sleep_us=2006697 queue_ms=16
fps: 58.9
vis: 58.9
cpu: exceptions=10181 cacheResets=1 batches=150486 verts=3952620 texStalls=0 recompiles=777 underruns=1 overruns=0 sleep_us=2006697 queue_ms=12
fps: 57.0
vis: 58.1
cpu: exceptions=10493 cacheResets=1 batches=157588 verts=4141185 texStalls=0 recompiles=777 underruns=4 overruns=0 sleep_us=2006697 queue_ms=18
fps: 52.5
vis: 52.8
cpu: exceptions=10770 cacheResets=1 batches=165553 verts=4361586 texStalls=0 recompiles=777 underruns=11 overruns=0 sleep_us=2006697 queue_ms=18
mark: stop reason: chain guest VI limit
mark: stop_it requested
audio: alist_resample_calls=10077 alist_resample_samples=1250096 alist_zoh_calls=0 alist_zoh_samples=0 musyx_subframes=0 musyx_voices=0 musyx_voice_peak=0
audio_stages: adpcm_calls=9759 adpcm_samples=1154016 envmix_calls=10077 envmix_samples=1250096 mix_calls=79024 mix_samples=10544864 musyx_fx_calls=0 musyx_fx_taps=0 output_calls=897 output_samples=478768
audio_envmix: exp_calls=10077 ge_calls=0 lin_calls=0 nead_calls=0 exp_steady=5510 ge_steady=0 lin_steady=0
audio_gaps: nead_mats=0 nead_efz=0 resample_flag2=0 musyx_ptr10=0
audio_output: stream_requests=3376 stream_fed=1662 input_hz=32006 playback_hz=32006 queue_peak_ms=184
probe_schema: version=2 self=1 interval=127
vm_io: read_ahead=1 reads=0 hits=0 read_bytes=0 writes=0 write_bytes=0 errors=0
subsystem_time: stage=rsp_gfx calls=810 timed_calls=810 period=1 timed_us=6673807
subsystem_time: stage=rsp_audio calls=898 timed_calls=898 period=1 timed_us=591736
subsystem_time: stage=rsp_other calls=0 timed_calls=0 period=1 timed_us=0
subsystem_time: stage=lookup calls=3610021 timed_calls=28425 period=127 timed_us=6070
subsystem_time: stage=compile calls=777 timed_calls=777 period=1 timed_us=106526
subsystem_time: stage=dispatch calls=3517122 timed_calls=27693 period=127 timed_us=23837
subsystem_self: stage=dispatch calls=3517122 timed_calls=27693 self_us=16003 dropped=0
subsystem_time: stage=execute_inclusive calls=3517122 timed_calls=27693 period=127 timed_us=113022
subsystem_self: stage=execute_inclusive calls=3517122 timed_calls=27693 self_us=43427 dropped=0
subsystem_time: stage=rom_copy calls=1024 timed_calls=1024 period=1 timed_us=14879
subsystem_time: stage=present calls=899 timed_calls=899 period=1 timed_us=42592
subsystem_time: stage=limiter calls=608 timed_calls=608 period=1 timed_us=2008923
subsystem_time: stage=vm_fault calls=0 timed_calls=0 period=1 timed_us=0
subsystem_time: stage=vm_victim calls=0 timed_calls=0 period=1 timed_us=0
subsystem_time: stage=vm_read calls=0 timed_calls=0 period=1 timed_us=0
subsystem_time: stage=vm_write calls=0 timed_calls=0 period=1 timed_us=0
subsystem_time: stage=tex_hash calls=147492 timed_calls=147492 period=1 timed_us=1422230
subsystem_time: stage=tex_lookup calls=147492 timed_calls=147492 period=1 timed_us=51214
subsystem_time: stage=tex_load calls=136 timed_calls=136 period=1 timed_us=18864
subsystem_time: stage=tex_activate calls=147492 timed_calls=147492 period=1 timed_us=105756
subsystem_time: stage=draw_triangles calls=167028 timed_calls=167028 period=1 timed_us=670842
subsystem_time: stage=draw_rect calls=5440 timed_calls=5440 period=1 timed_us=119368
subsystem_time: stage=gfx_list calls=810 timed_calls=810 period=1 timed_us=6672175
subsystem_time: stage=gfx_command calls=5319454 timed_calls=41885 period=127 timed_us=56551
gfx_ucodes: mask=00000004
gfx_opcode: op=01 calls=343835 timed_calls=2738 timed_us=9483
gfx_opcode: op=02 calls=4507 timed_calls=41 timed_us=9
gfx_opcode: op=03 calls=108045 timed_calls=828 timed_us=118
gfx_opcode: op=05 calls=40387 timed_calls=324 timed_us=2269
gfx_opcode: op=06 calls=713540 timed_calls=5582 timed_us=27266
gfx_opcode: op=d5 calls=3 timed_calls=0 timed_us=0
gfx_opcode: op=d7 calls=105143 timed_calls=838 timed_us=155
gfx_opcode: op=d8 calls=109877 timed_calls=852 timed_us=107
gfx_opcode: op=d9 calls=416576 timed_calls=3292 timed_us=418
gfx_opcode: op=da calls=172226 timed_calls=1359 timed_us=850
gfx_opcode: op=db calls=73735 timed_calls=589 timed_us=115
gfx_opcode: op=dc calls=7700 timed_calls=64 timed_us=48
gfx_opcode: op=de calls=136822 timed_calls=1083 timed_us=213
gfx_opcode: op=df calls=130819 timed_calls=1038 timed_us=128
gfx_opcode: op=e2 calls=331942 timed_calls=2627 timed_us=352
gfx_opcode: op=e3 calls=238410 timed_calls=1849 timed_us=271
gfx_opcode: op=e4 calls=5440 timed_calls=44 timed_us=1080
gfx_opcode: op=e6 calls=248817 timed_calls=1944 timed_us=232
gfx_opcode: op=e7 calls=719043 timed_calls=5672 timed_us=692
gfx_opcode: op=e8 calls=93600 timed_calls=744 timed_us=91
gfx_opcode: op=e9 calls=810 timed_calls=6 timed_us=8
gfx_opcode: op=ed calls=6080 timed_calls=44 timed_us=16
gfx_opcode: op=f0 calls=104244 timed_calls=839 timed_us=583
gfx_opcode: op=f2 calls=146037 timed_calls=1138 timed_us=304
gfx_opcode: op=f3 calls=127782 timed_calls=994 timed_us=4905
gfx_opcode: op=f4 calls=13870 timed_calls=107 timed_us=577
gfx_opcode: op=f5 calls=342984 timed_calls=2662 timed_us=504
gfx_opcode: op=f6 calls=3080 timed_calls=29 timed_us=2221
gfx_opcode: op=f7 calls=3080 timed_calls=27 timed_us=11
gfx_opcode: op=f8 calls=6650 timed_calls=51 timed_us=11
gfx_opcode: op=f9 calls=75228 timed_calls=583 timed_us=93
gfx_opcode: op=fa calls=118261 timed_calls=953 timed_us=162
gfx_opcode: op=fb calls=14604 timed_calls=117 timed_us=18
gfx_opcode: op=fc calls=112981 timed_calls=894 timed_us=114
gfx_opcode: op=fd calls=235676 timed_calls=1870 timed_us=261
gfx_opcode: op=fe calls=810 timed_calls=7 timed_us=6
gfx_opcode: op=ff calls=6810 timed_calls=56 timed_us=18
subsystem_time: stage=vertex calls=2761556 timed_calls=21744 period=127 timed_us=5630
subsystem_time: stage=gfx_state calls=147504 timed_calls=1161 period=127 timed_us=16639
subsystem_self: stage=gfx_state calls=147504 timed_calls=1161 self_us=4092 dropped=0
subsystem_time: stage=gx_wait calls=4 timed_calls=4 period=1 timed_us=2556
subsystem_time: stage=dma_pi calls=2023 timed_calls=2023 period=1 timed_us=30533
subsystem_time: stage=dma_sp calls=3416 timed_calls=3416 period=1 timed_us=4038
subsystem_time: stage=dma_si calls=4478 timed_calls=4478 period=1 timed_us=22700
subsystem_time: stage=tlb_translate calls=0 timed_calls=0 period=127 timed_us=0
subsystem_time: stage=pif calls=4479 timed_calls=4479 period=1 timed_us=20945
subsystem_time: stage=input calls=3508 timed_calls=3508 period=1 timed_us=14698
subsystem_time: stage=guest_interrupt calls=12485 timed_calls=12485 period=1 timed_us=2128730
subsystem_self: stage=guest_interrupt calls=12485 timed_calls=12485 self_us=28982 dropped=0
subsystem_time: stage=interpreter_inclusive calls=0 timed_calls=0 period=1 timed_us=0
subsystem_self: stage=interpreter_inclusive calls=0 timed_calls=0 self_us=0 dropped=0
subsystem_time: stage=audio_submit calls=898 timed_calls=898 period=1 timed_us=10642
subsystem_time: stage=audio_callback calls=9486 timed_calls=9486 period=1 timed_us=8157
subsystem_time: stage=memory_slow calls=833876 timed_calls=6565 period=127 timed_us=66989
subsystem_self: stage=memory_slow calls=833876 timed_calls=6565 self_us=3198 dropped=0
subsystem_time: stage=jit_invalidate calls=92899 timed_calls=731 period=127 timed_us=162
subsystem_time: stage=cpu_helper calls=10719382 timed_calls=84404 period=127 timed_us=45305
subsystem_time: stage=storage_read calls=0 timed_calls=0 period=1 timed_us=0
subsystem_time: stage=storage_write calls=0 timed_calls=0 period=1 timed_us=0
subsystem_time: stage=save_load calls=0 timed_calls=0 period=1 timed_us=0
subsystem_time: stage=save_write calls=0 timed_calls=0 period=1 timed_us=0
subsystem_time: stage=state_load calls=0 timed_calls=0 period=1 timed_us=0
subsystem_time: stage=state_save calls=0 timed_calls=0 period=1 timed_us=0
subsystem_time: stage=probe_io calls=4 timed_calls=4 period=1 timed_us=56799
subsystem_time: stage=agent_poll calls=1824 timed_calls=1824 period=1 timed_us=461
audio_time: stage=resample sampled_calls=79 sampled_samples=10240 sampled_us=450
audio_time: stage=zoh sampled_calls=0 sampled_samples=0 sampled_us=0
audio_time: stage=adpcm sampled_calls=76 sampled_samples=8016 sampled_us=358
audio_time: stage=envmix_exp sampled_calls=79 sampled_samples=10240 sampled_us=1202
audio_time: stage=envmix_ge sampled_calls=0 sampled_samples=0 sampled_us=0
audio_time: stage=envmix_lin sampled_calls=0 sampled_samples=0 sampled_us=0
audio_time: stage=envmix_nead sampled_calls=0 sampled_samples=0 sampled_us=0
audio_time: stage=mix sampled_calls=622 sampled_samples=83008 sampled_us=1378
audio_time: stage=musyx_voice sampled_calls=0 sampled_samples=0 sampled_us=0
audio_time: stage=musyx_fx sampled_calls=0 sampled_samples=0 sampled_us=0
audio_time: stage=output sampled_calls=7 sampled_samples=3712 sampled_us=69
gpu_counters: clks=3747312814 tb_clks=3747312888 ras_busy=223492436 xf_wait_in=3335457459 xf_wait_out=197312289 ras_peak_permille=104 ztop_in=699045940 ztop_out=566199616 z_in=119838316 z_out=102098716 blend_in=686406312 copy_clks=84734118 fifo_overflows=0
game: n=3/4 how=vis vis=900 vi_rate=60 vi0_retrace=5718 wall_us=15420962 sleep_us=2006697 avg_vis=57.25 avg_fps=53.67 exceptions=10823 cacheResets=1 recompiles=777 batches=167028 verts=4402401 texStalls=0 treeDepthMax=12 underruns=13 overruns=0 queue_peak_ms=162 dsp_avg=1.58 dsp_peak=1.90 dsp_samples=31 pmc1=9603955015 pmc2=9518692902 pmc3=0 pmc4=0 mmcr0=00000042 mmcr1=00000000 heap_used=10842604 heap_free=125640 arena1_free=262144 arena2_free=288704 flushes=4 flush_us=56798 padtrace=0 rom=sd:/wii64/roms/Pokemon Snap.rom
=== chain 3/4 end vis=900 how=vis rom=sd:/wii64/roms/Pokemon Snap.rom ===
mark: pad replay records: 1
mark: loadROM: enter
mark: loadROM: before rom_read
mark: ROMCache_load: enter
menufps: 0.1
menufps: 0.2
mark: ROMCache_load: before first read
mark: ROMCache_load: first read returned
mark: ROMCache_load: byte_swap_type set
mark: ROMCache_load: first byte_swap done
menufps: 0.2
menufps: 8.4
menufps: 8.1
menufps: 8.0
menufps: 7.6
menufps: 7.8
menufps: 8.1
menufps: 3.4
menufps: 1.3
menufps: 1.3
menufps: 1.2
menufps: 1.2
menufps: 1.3
menufps: 1.2
menufps: 3.7
menufps: 8.4
menufps: 8.3
menufps: 8.3
menufps: 8.3
mark: ROMCache_load: loop exited normally
menufps: 2.8
menufps: 1.1
menufps: 1.2
menufps: 1.1
menufps: 1.1
menufps: 1.1
menufps: 1.1
menufps: 1.1
menufps: 1.1
menufps: 1.1
menufps: 1.1
menufps: 1.1
menufps: 1.1
menufps: 1.1
menufps: 1.1
menufps: 1.1
menufps: 1.1
menufps: 1.1
menufps: 1.1
menufps: 1.1
mark: ROMCache_load: preflush_us=17706123 writes=2040 bytes=16711680
mark: ROMCache_load: elapsed_us=39858793 bytes=33554432 vm=1
mark: loadROM: after rom_read
mark: loadROM: before init_memory
mark: loadROM: after init_memory
mark: loadROM: before romOpen_gfx
mark: loadROM: after romOpen_gfx / before romOpen_audio
mark: loadROM: after romOpen_audio / before romOpen_input
mark: loadROM: after romOpen_input / before cpu_init
mark: loadROM: after cpu_init
menufps: 3.0
menufps: 1.0
menufps: 1.0
fps: 0.3
first_vi: vi0_retrace=9241
vis: 0.1
cpu: exceptions=0 cacheResets=0 batches=0 verts=0 texStalls=0 recompiles=0 underruns=0 overruns=0 sleep_us=0 queue_ms=0
mark: CPU core dispatch: dynarec
vis: 55.7
cpu: exceptions=31 cacheResets=1 batches=0 verts=0 texStalls=0 recompiles=82 underruns=0 overruns=0 sleep_us=0 queue_ms=0
vis: 60.0
cpu: exceptions=61 cacheResets=1 batches=0 verts=0 texStalls=0 recompiles=82 underruns=0 overruns=0 sleep_us=332172 queue_ms=0
vis: 60.0
cpu: exceptions=91 cacheResets=1 batches=0 verts=0 texStalls=0 recompiles=82 underruns=0 overruns=0 sleep_us=658219 queue_ms=0
vis: 60.0
cpu: exceptions=199 cacheResets=1 batches=0 verts=0 texStalls=0 recompiles=182 underruns=0 overruns=0 sleep_us=932024 queue_ms=0
vis: 60.0
cpu: exceptions=244 cacheResets=1 batches=0 verts=0 texStalls=0 recompiles=188 underruns=0 overruns=0 sleep_us=1254913 queue_ms=0
vis: 60.0
cpu: exceptions=286 cacheResets=1 batches=0 verts=0 texStalls=0 recompiles=188 underruns=0 overruns=0 sleep_us=1574743 queue_ms=0
vis: 60.0
cpu: exceptions=316 cacheResets=1 batches=0 verts=0 texStalls=0 recompiles=188 underruns=0 overruns=0 sleep_us=1892002 queue_ms=0
vis: 60.0
cpu: exceptions=390 cacheResets=1 batches=0 verts=0 texStalls=0 recompiles=314 underruns=1 overruns=0 sleep_us=2300535 queue_ms=30
vis: 60.0
cpu: exceptions=467 cacheResets=1 batches=0 verts=0 texStalls=0 recompiles=323 underruns=1 overruns=0 sleep_us=2747927 queue_ms=34
vis: 60.0
cpu: exceptions=542 cacheResets=1 batches=0 verts=0 texStalls=0 recompiles=323 underruns=1 overruns=0 sleep_us=3199648 queue_ms=38
vis: 60.0
cpu: exceptions=733 cacheResets=1 batches=0 verts=0 texStalls=0 recompiles=434 underruns=2 overruns=0 sleep_us=3412824 queue_ms=43
vis: 60.0
cpu: exceptions=950 cacheResets=1 batches=0 verts=0 texStalls=0 recompiles=434 underruns=2 overruns=0 sleep_us=3598199 queue_ms=47
vis: 60.0
cpu: exceptions=1140 cacheResets=1 batches=0 verts=0 texStalls=0 recompiles=448 underruns=2 overruns=0 sleep_us=3798273 queue_ms=51
vis: 60.0
cpu: exceptions=1382 cacheResets=1 batches=0 verts=0 texStalls=0 recompiles=484 underruns=2 overruns=0 sleep_us=3976304 queue_ms=56
fps: 0.1
vis: 60.0
cpu: exceptions=1670 cacheResets=1 batches=532 verts=7602 texStalls=0 recompiles=1251 underruns=3 overruns=0 sleep_us=4083672 queue_ms=112
fps: 31.2
vis: 60.0
cpu: exceptions=1944 cacheResets=1 batches=1417 verts=19932 texStalls=0 recompiles=1255 underruns=3 overruns=0 sleep_us=4411208 queue_ms=117
fps: 30.0
vis: 60.0
cpu: exceptions=2221 cacheResets=1 batches=2302 verts=32262 texStalls=0 recompiles=1276 underruns=3 overruns=0 sleep_us=4728607 queue_ms=121
fps: 28.9
vis: 60.0
cpu: exceptions=2498 cacheResets=1 batches=3187 verts=44592 texStalls=0 recompiles=1279 underruns=3 overruns=0 sleep_us=5066406 queue_ms=99
fps: 30.0
vis: 60.0
cpu: exceptions=2772 cacheResets=1 batches=4072 verts=56922 texStalls=0 recompiles=1280 underruns=3 overruns=0 sleep_us=5405008 queue_ms=104
fps: 30.0
vis: 60.0
cpu: exceptions=3059 cacheResets=1 batches=4957 verts=69252 texStalls=0 recompiles=1300 underruns=3 overruns=0 sleep_us=5729116 queue_ms=95
fps: 30.0
vis: 60.0
cpu: exceptions=3339 cacheResets=1 batches=5842 verts=81582 texStalls=0 recompiles=1300 underruns=3 overruns=0 sleep_us=6052529 queue_ms=99
fps: 30.0
vis: 60.0
cpu: exceptions=3620 cacheResets=1 batches=6727 verts=93912 texStalls=0 recompiles=1302 underruns=3 overruns=0 sleep_us=6380561 queue_ms=104
fps: 30.0
vis: 60.0
cpu: exceptions=3903 cacheResets=1 batches=7612 verts=106242 texStalls=0 recompiles=1351 underruns=3 overruns=0 sleep_us=6707032 queue_ms=108
fps: 30.1
vis: 60.0
cpu: exceptions=4188 cacheResets=1 batches=7951 verts=111852 texStalls=0 recompiles=1366 underruns=3 overruns=0 sleep_us=7058265 queue_ms=99
fps: 30.0
vis: 60.0
cpu: exceptions=4342 cacheResets=1 batches=8071 verts=113904 texStalls=0 recompiles=1383 underruns=3 overruns=0 sleep_us=7402074 queue_ms=104
fps: 29.9
vis: 60.0
cpu: exceptions=4490 cacheResets=1 batches=8449 verts=139314 texStalls=0 recompiles=1384 underruns=3 overruns=0 sleep_us=7737477 queue_ms=108
fps: 30.0
vis: 60.0
cpu: exceptions=4637 cacheResets=1 batches=8854 verts=166539 texStalls=0 recompiles=1386 underruns=3 overruns=0 sleep_us=8075320 queue_ms=99
fps: 30.0
vis: 60.0
cpu: exceptions=4782 cacheResets=1 batches=9259 verts=193764 texStalls=0 recompiles=1387 underruns=3 overruns=0 sleep_us=8423397 queue_ms=104
fps: 30.0
vis: 60.0
cpu: exceptions=4932 cacheResets=1 batches=9664 verts=220989 texStalls=0 recompiles=1387 underruns=3 overruns=0 sleep_us=8767840 queue_ms=108
fps: 30.0
vis: 60.0
cpu: exceptions=5082 cacheResets=1 batches=10069 verts=248214 texStalls=0 recompiles=1389 underruns=3 overruns=0 sleep_us=9109598 queue_ms=112
mark: stop reason: chain guest VI limit
mark: stop_it requested
audio: alist_resample_calls=11186 alist_resample_samples=2058224 alist_zoh_calls=0 alist_zoh_samples=0 musyx_subframes=0 musyx_voices=0 musyx_voice_peak=0
audio_stages: adpcm_calls=6590 adpcm_samples=722912 envmix_calls=8440 envmix_samples=1552960 mix_calls=54920 mix_samples=10105280 musyx_fx_calls=0 musyx_fx_taps=0 output_calls=342 output_samples=251896
audio_envmix: exp_calls=0 ge_calls=0 lin_calls=8440 nead_calls=0 exp_steady=0 ge_steady=0 lin_steady=7902
audio_gaps: nead_mats=0 nead_efz=0 resample_flag2=0 musyx_ptr10=0
audio_output: stream_requests=4281 stream_fed=868 input_hz=22047 playback_hz=22047 queue_peak_ms=136
probe_schema: version=2 self=1 interval=127
vm_io: read_ahead=1 reads=58 hits=277 read_bytes=1900544 writes=0 write_bytes=0 errors=0
subsystem_time: stage=rsp_gfx calls=238 timed_calls=238 period=1 timed_us=462095
subsystem_time: stage=rsp_audio calls=343 timed_calls=343 period=1 timed_us=472472
subsystem_time: stage=rsp_other calls=1 timed_calls=1 period=1 timed_us=4
subsystem_time: stage=lookup calls=1605595 timed_calls=12642 period=127 timed_us=3192
subsystem_time: stage=compile calls=1389 timed_calls=1389 period=1 timed_us=203746
subsystem_time: stage=dispatch calls=1604020 timed_calls=12630 period=127 timed_us=14059
subsystem_self: stage=dispatch calls=1604020 timed_calls=12630 self_us=8099 dropped=0
subsystem_time: stage=execute_inclusive calls=1604020 timed_calls=12630 period=127 timed_us=107763
subsystem_self: stage=execute_inclusive calls=1604020 timed_calls=12630 self_us=33931 dropped=0
subsystem_time: stage=rom_copy calls=1048 timed_calls=1048 period=1 timed_us=252348
subsystem_time: stage=present calls=899 timed_calls=899 period=1 timed_us=237344
subsystem_time: stage=limiter calls=843 timed_calls=843 period=1 timed_us=9112211
subsystem_time: stage=vm_fault calls=335 timed_calls=335 period=1 timed_us=234661
subsystem_time: stage=vm_victim calls=335 timed_calls=335 period=1 timed_us=393
subsystem_time: stage=vm_read calls=58 timed_calls=58 period=1 timed_us=218788
subsystem_time: stage=vm_write calls=0 timed_calls=0 period=1 timed_us=0
subsystem_time: stage=tex_hash calls=7634 timed_calls=7634 period=1 timed_us=68930
subsystem_time: stage=tex_lookup calls=7634 timed_calls=7634 period=1 timed_us=2356
subsystem_time: stage=tex_load calls=24 timed_calls=24 period=1 timed_us=3601
subsystem_time: stage=tex_activate calls=7634 timed_calls=7634 period=1 timed_us=4745
subsystem_time: stage=draw_triangles calls=10096 timed_calls=10096 period=1 timed_us=33677
subsystem_time: stage=draw_rect calls=1687 timed_calls=1687 period=1 timed_us=8844
subsystem_time: stage=gfx_list calls=238 timed_calls=238 period=1 timed_us=461650
subsystem_time: stage=gfx_command calls=176157 timed_calls=1387 period=127 timed_us=4202
gfx_ucodes: mask=00000004
gfx_opcode: op=00 calls=237 timed_calls=1 timed_us=0
gfx_opcode: op=01 calls=5860 timed_calls=51 timed_us=542
gfx_opcode: op=05 calls=17853 timed_calls=141 timed_us=771
gfx_opcode: op=06 calls=32745 timed_calls=254 timed_us=958
gfx_opcode: op=d7 calls=979 timed_calls=6 timed_us=1
gfx_opcode: op=d9 calls=7439 timed_calls=61 timed_us=9
gfx_opcode: op=da calls=6173 timed_calls=51 timed_us=19
gfx_opcode: op=db calls=5265 timed_calls=41 timed_us=10
gfx_opcode: op=dc calls=1858 timed_calls=16 timed_us=13
gfx_opcode: op=de calls=1346 timed_calls=12 timed_us=4
gfx_opcode: op=df calls=1584 timed_calls=11 timed_us=1
gfx_opcode: op=e2 calls=2119 timed_calls=18 timed_us=4
gfx_opcode: op=e3 calls=11276 timed_calls=82 timed_us=15
gfx_opcode: op=e6 calls=10066 timed_calls=87 timed_us=10
gfx_opcode: op=e7 calls=30043 timed_calls=248 timed_us=35
gfx_opcode: op=e8 calls=2432 timed_calls=16 timed_us=1
gfx_opcode: op=e9 calls=238 timed_calls=1 timed_us=0
gfx_opcode: op=ed calls=2162 timed_calls=11 timed_us=3
gfx_opcode: op=f0 calls=2432 timed_calls=21 timed_us=11
gfx_opcode: op=f2 calls=3086 timed_calls=23 timed_us=6
gfx_opcode: op=f3 calls=7634 timed_calls=59 timed_us=333
gfx_opcode: op=f5 calls=8229 timed_calls=62 timed_us=12
gfx_opcode: op=f6 calls=1925 timed_calls=14 timed_us=1286
gfx_opcode: op=f7 calls=948 timed_calls=8 timed_us=3
gfx_opcode: op=f8 calls=237 timed_calls=3 timed_us=1
gfx_opcode: op=fa calls=234 timed_calls=0 timed_us=0
gfx_opcode: op=fc calls=979 timed_calls=11 timed_us=2
gfx_opcode: op=fd calls=10066 timed_calls=73 timed_us=10
gfx_opcode: op=fe calls=237 timed_calls=2 timed_us=1
gfx_opcode: op=ff calls=475 timed_calls=3 timed_us=2
subsystem_time: stage=vertex calls=98130 timed_calls=772 period=127 timed_us=345
subsystem_time: stage=gfx_state calls=11689 timed_calls=92 period=127 timed_us=764
subsystem_self: stage=gfx_state calls=11689 timed_calls=92 self_us=195 dropped=0
subsystem_time: stage=gx_wait calls=4 timed_calls=4 period=1 timed_us=2553
subsystem_time: stage=dma_pi calls=1048 timed_calls=1048 period=1 timed_us=271770
subsystem_time: stage=dma_sp calls=1162 timed_calls=1162 period=1 timed_us=1153
subsystem_time: stage=dma_si calls=1351 timed_calls=1351 period=1 timed_us=3537
subsystem_time: stage=tlb_translate calls=0 timed_calls=0 period=127 timed_us=0
subsystem_time: stage=pif calls=1352 timed_calls=1352 period=1 timed_us=2855
subsystem_time: stage=input calls=388 timed_calls=388 period=1 timed_us=1658
subsystem_time: stage=guest_interrupt calls=5828 timed_calls=5828 period=1 timed_us=9402046
subsystem_self: stage=guest_interrupt calls=5828 timed_calls=5828 self_us=21441 dropped=0
subsystem_time: stage=interpreter_inclusive calls=0 timed_calls=0 period=1 timed_us=0
subsystem_self: stage=interpreter_inclusive calls=0 timed_calls=0 self_us=0 dropped=0
subsystem_time: stage=audio_submit calls=343 timed_calls=343 period=1 timed_us=5526
subsystem_time: stage=audio_callback calls=10293 timed_calls=10293 period=1 timed_us=4498
subsystem_time: stage=memory_slow calls=1083649 timed_calls=8532 period=127 timed_us=8743
subsystem_self: stage=memory_slow calls=1083649 timed_calls=8532 self_us=2672 dropped=0
subsystem_time: stage=jit_invalidate calls=1575 timed_calls=12 period=127 timed_us=2
subsystem_time: stage=cpu_helper calls=10245426 timed_calls=80672 period=127 timed_us=42161
subsystem_time: stage=storage_read calls=0 timed_calls=0 period=1 timed_us=0
subsystem_time: stage=storage_write calls=0 timed_calls=0 period=1 timed_us=0
subsystem_time: stage=save_load calls=0 timed_calls=0 period=1 timed_us=0
subsystem_time: stage=save_write calls=0 timed_calls=0 period=1 timed_us=0
subsystem_time: stage=state_load calls=0 timed_calls=0 period=1 timed_us=0
subsystem_time: stage=state_save calls=0 timed_calls=0 period=1 timed_us=0
subsystem_time: stage=probe_io calls=3 timed_calls=3 period=1 timed_us=38931
subsystem_time: stage=agent_poll calls=1811 timed_calls=1811 period=1 timed_us=455
audio_time: stage=resample sampled_calls=88 sampled_samples=16192 sampled_us=629
audio_time: stage=zoh sampled_calls=0 sampled_samples=0 sampled_us=0
audio_time: stage=adpcm sampled_calls=51 sampled_samples=5680 sampled_us=242
audio_time: stage=envmix_exp sampled_calls=0 sampled_samples=0 sampled_us=0
audio_time: stage=envmix_ge sampled_calls=0 sampled_samples=0 sampled_us=0
audio_time: stage=envmix_lin sampled_calls=66 sampled_samples=12144 sampled_us=1007
audio_time: stage=envmix_nead sampled_calls=0 sampled_samples=0 sampled_us=0
audio_time: stage=mix sampled_calls=432 sampled_samples=79488 sampled_us=1286
audio_time: stage=musyx_voice sampled_calls=0 sampled_samples=0 sampled_us=0
audio_time: stage=musyx_fx sampled_calls=0 sampled_samples=0 sampled_us=0
audio_time: stage=output sampled_calls=2 sampled_samples=1472 sampled_us=26
gpu_counters: clks=3696802378 tb_clks=3696802448 ras_busy=49114334 xf_wait_in=3619677064 xf_wait_out=65850362 ras_peak_permille=24 ztop_in=195020304 ztop_out=194039064 z_in=0 z_out=0 blend_in=194089580 copy_clks=67300398 fifo_overflows=0
game: n=4/4 how=vis vis=900 vi_rate=60 vi0_retrace=9241 wall_us=15213054 sleep_us=9109598 avg_vis=57.93 avg_fps=26.50 exceptions=5087 cacheResets=1 recompiles=1389 batches=10096 verts=250029 texStalls=0 treeDepthMax=15 underruns=3 overruns=0 queue_peak_ms=121 dsp_avg=1.38 dsp_peak=1.65 dsp_samples=31 pmc1=4144265242 pmc2=4564829713 pmc3=0 pmc4=0 mmcr0=00000042 mmcr1=00000000 heap_used=10885484 heap_free=82760 arena1_free=262144 arena2_free=288704 flushes=3 flush_us=38930 padtrace=0 rom=sd:/wii64/roms/Donkey Kong 64 (USA).z64
=== chain 4/4 end vis=900 how=vis rom=sd:/wii64/roms/Donkey Kong 64 (USA).z64 ===
