--- wii64 perf log ---
mark: diag received dynacore line
mark: diag requested core: dynarec
mark: pad replay records: 1
selftest:
  raw[0]=51281899454429534
  raw[1]=51281899454429535
  raw[2]=51281899454429548
  raw[3]=51281899454429560
  raw[4]=51281899454429573
  delta[0]=0us
  delta[1]=0us
  delta[2]=0us
  delta[3]=0us
mark: audio quality: accurate
mark: audio modes: n64=0 output=0 mixer=0 latency=2 sync=0
mark: diag applied core: dynarec
mark: HBC agent ready
mark: loadROM: enter
mark: loadROM: before rom_read
mark: ROMCache_load: enter
mark: ROMCache_load: before first read
mark: ROMCache_load: first read returned
mark: ROMCache_load: byte_swap_type set
mark: ROMCache_load: first byte_swap done
mark: ROMCache_load: loop exited normally
mark: ROMCache_load: elapsed_us=258693 bytes=8388608 vm=0
mark: loadROM: after rom_read
mark: loadROM: before init_memory
mark: loadROM: after init_memory
mark: loadROM: before romOpen_gfx
mark: loadROM: after romOpen_gfx / before romOpen_audio
mark: loadROM: after romOpen_audio / before romOpen_input
mark: loadROM: after romOpen_input / before cpu_init
mark: loadROM: after cpu_init
menufps: 5.7
fps: 0.0
first_vi: vi0_retrace=201
vis: 0.0
cpu: exceptions=0 cacheResets=0 batches=0 verts=0 texStalls=0 recompiles=0 underruns=0 overruns=0 sleep_us=0 queue_ms=0
mark: CPU core dispatch: dynarec
vis: 60.0
cpu: exceptions=240 cacheResets=1 batches=0 verts=0 texStalls=0 recompiles=189 underruns=2 overruns=0 sleep_us=260726 queue_ms=91
vis: 60.0
cpu: exceptions=540 cacheResets=1 batches=0 verts=0 texStalls=0 recompiles=198 underruns=2 overruns=0 sleep_us=740646 queue_ms=96
vis: 60.0
cpu: exceptions=840 cacheResets=1 batches=0 verts=0 texStalls=0 recompiles=204 underruns=2 overruns=0 sleep_us=1220773 queue_ms=93
vis: 60.0
cpu: exceptions=1134 cacheResets=1 batches=0 verts=0 texStalls=0 recompiles=204 underruns=2 overruns=0 sleep_us=1701600 queue_ms=88
fps: 0.5
vis: 60.0
cpu: exceptions=1430 cacheResets=1 batches=414 verts=9387 texStalls=0 recompiles=468 underruns=3 overruns=0 sleep_us=1996280 queue_ms=11
fps: 20.6
vis: 60.0
cpu: exceptions=1587 cacheResets=1 batches=2484 verts=56322 texStalls=0 recompiles=475 underruns=3 overruns=0 sleep_us=2419055 queue_ms=9
fps: 29.8
vis: 60.0
cpu: exceptions=1751 cacheResets=1 batches=4554 verts=103257 texStalls=0 recompiles=478 underruns=3 overruns=0 sleep_us=2839821 queue_ms=15
fps: 30.1
vis: 60.0
cpu: exceptions=1893 cacheResets=1 batches=6624 verts=150192 texStalls=0 recompiles=478 underruns=3 overruns=0 sleep_us=3271633 queue_ms=11
fps: 30.0
vis: 60.0
cpu: exceptions=2035 cacheResets=1 batches=8694 verts=197127 texStalls=0 recompiles=478 underruns=3 overruns=0 sleep_us=3702570 queue_ms=7
fps: 30.0
vis: 60.0
cpu: exceptions=2177 cacheResets=1 batches=10767 verts=244080 texStalls=0 recompiles=489 underruns=3 overruns=0 sleep_us=4132273 queue_ms=13
fps: 30.0
vis: 60.0
cpu: exceptions=2318 cacheResets=1 batches=12574 verts=284835 texStalls=0 recompiles=498 underruns=3 overruns=0 sleep_us=4566821 queue_ms=9
vis: 60.0
cpu: exceptions=2637 cacheResets=1 batches=12574 verts=284835 texStalls=0 recompiles=675 underruns=5 overruns=0 sleep_us=4730628 queue_ms=32
vis: 60.0
cpu: exceptions=2727 cacheResets=1 batches=12574 verts=284835 texStalls=0 recompiles=733 underruns=5 overruns=0 sleep_us=4898286 queue_ms=28
vis: 60.0
cpu: exceptions=2817 cacheResets=1 batches=12574 verts=284835 texStalls=0 recompiles=784 underruns=5 overruns=0 sleep_us=5120686 queue_ms=34
fps: 3.9
vis: 60.0
cpu: exceptions=2960 cacheResets=1 batches=13906 verts=302151 texStalls=0 recompiles=910 underruns=7 overruns=0 sleep_us=5330118 queue_ms=8
fps: 15.1
vis: 60.0
cpu: exceptions=3117 cacheResets=1 batches=18789 verts=366414 texStalls=0 recompiles=910 underruns=7 overruns=0 sleep_us=5495815 queue_ms=4
fps: 30.0
vis: 60.0
cpu: exceptions=3272 cacheResets=1 batches=23665 verts=430383 texStalls=0 recompiles=927 underruns=7 overruns=0 sleep_us=5662254 queue_ms=8
fps: 30.0
vis: 60.0
cpu: exceptions=3435 cacheResets=1 batches=28529 verts=494262 texStalls=0 recompiles=927 underruns=7 overruns=0 sleep_us=5828959 queue_ms=5
fps: 30.0
vis: 60.0
cpu: exceptions=3590 cacheResets=1 batches=33388 verts=558111 texStalls=0 recompiles=927 underruns=7 overruns=0 sleep_us=6008361 queue_ms=10
fps: 30.0
mark: stop reason: chain guest VI limit
mark: stop_it requested
audio: alist_resample_calls=4708 alist_resample_samples=601568 alist_zoh_calls=0 alist_zoh_samples=0 musyx_subframes=0 musyx_voices=0 musyx_voice_peak=0
audio_stages: adpcm_calls=4434 adpcm_samples=509312 envmix_calls=4142 envmix_samples=553024 mix_calls=2300 mix_samples=736000 musyx_fx_calls=0 musyx_fx_taps=0 output_calls=576 output_samples=306992
audio_envmix: exp_calls=4142 ge_calls=0 lin_calls=0 nead_calls=0 exp_steady=3446 ge_steady=0 lin_steady=0
audio_gaps: nead_mats=0 nead_efz=0 resample_flag2=0 musyx_ptr10=0
audio_output: stream_requests=2714 stream_fed=1065 input_hz=32006 playback_hz=32006 queue_peak_ms=114
vm_io: read_ahead=1 reads=0 hits=0 read_bytes=0 writes=0 write_bytes=0 errors=0
subsystem_time: stage=rsp_gfx calls=176 timed_calls=176 period=1 timed_us=663902
subsystem_time: stage=rsp_audio calls=575 timed_calls=575 period=1 timed_us=211271
subsystem_time: stage=rsp_other calls=0 timed_calls=0 period=1 timed_us=0
subsystem_time: stage=lookup calls=2255257 timed_calls=17757 period=127 timed_us=1633
subsystem_time: stage=compile calls=927 timed_calls=927 period=1 timed_us=126345
subsystem_time: stage=dispatch calls=2250849 timed_calls=17723 period=127 timed_us=7162
subsystem_time: stage=execute_inclusive calls=2250849 timed_calls=17723 period=127 timed_us=28681
subsystem_time: stage=rom_copy calls=672 timed_calls=672 period=1 timed_us=2855
subsystem_time: stage=present calls=599 timed_calls=599 period=1 timed_us=5763
subsystem_time: stage=limiter calls=573 timed_calls=573 period=1 timed_us=6165273
subsystem_time: stage=vm_fault calls=0 timed_calls=0 period=1 timed_us=0
subsystem_time: stage=vm_victim calls=0 timed_calls=0 period=1 timed_us=0
subsystem_time: stage=vm_read calls=0 timed_calls=0 period=1 timed_us=0
subsystem_time: stage=vm_write calls=0 timed_calls=0 period=1 timed_us=0
subsystem_time: stage=tex_hash calls=10154 timed_calls=10154 period=1 timed_us=130828
subsystem_time: stage=tex_lookup calls=10154 timed_calls=10154 period=1 timed_us=1606
subsystem_time: stage=tex_load calls=37 timed_calls=37 period=1 timed_us=3509
subsystem_time: stage=tex_activate calls=10154 timed_calls=10154 period=1 timed_us=5317
subsystem_time: stage=draw_triangles calls=37936 timed_calls=37936 period=1 timed_us=91805
subsystem_time: stage=draw_rect calls=810 timed_calls=810 period=1 timed_us=4973
subsystem_time: stage=gfx_list calls=176 timed_calls=176 period=1 timed_us=663851
subsystem_time: stage=gfx_command calls=440445 timed_calls=3468 period=127 timed_us=5186
subsystem_time: stage=vertex calls=429894 timed_calls=3384 period=127 timed_us=1140
subsystem_time: stage=gfx_state calls=25762 timed_calls=202 period=127 timed_us=1321
subsystem_time: stage=gx_wait calls=0 timed_calls=0 period=1 timed_us=0
subsystem_time: stage=dma_pi calls=672 timed_calls=672 period=1 timed_us=24638
subsystem_time: stage=dma_sp calls=1502 timed_calls=1502 period=1 timed_us=536
subsystem_time: stage=dma_si calls=821 timed_calls=821 period=1 timed_us=5766
subsystem_time: stage=tlb_translate calls=200897 timed_calls=1581 period=127 timed_us=114
subsystem_time: stage=pif calls=822 timed_calls=822 period=1 timed_us=5559
subsystem_time: stage=input calls=704 timed_calls=704 period=1 timed_us=5192
subsystem_time: stage=guest_interrupt calls=4387 timed_calls=4387 period=1 timed_us=6175490
subsystem_time: stage=interpreter_inclusive calls=0 timed_calls=0 period=1 timed_us=0
subsystem_time: stage=audio_submit calls=576 timed_calls=576 period=1 timed_us=1616
subsystem_time: stage=audio_callback calls=6200 timed_calls=6200 period=1 timed_us=1666
subsystem_time: stage=memory_slow calls=404879 timed_calls=3188 period=127 timed_us=10563
subsystem_time: stage=jit_invalidate calls=4408 timed_calls=34 period=127 timed_us=4
audio_time: stage=resample sampled_calls=37 sampled_samples=4800 sampled_us=415
audio_time: stage=zoh sampled_calls=0 sampled_samples=0 sampled_us=0
audio_time: stage=adpcm sampled_calls=34 sampled_samples=3632 sampled_us=267
audio_time: stage=envmix_exp sampled_calls=32 sampled_samples=4264 sampled_us=512
audio_time: stage=envmix_ge sampled_calls=0 sampled_samples=0 sampled_us=0
audio_time: stage=envmix_lin sampled_calls=0 sampled_samples=0 sampled_us=0
audio_time: stage=envmix_nead sampled_calls=0 sampled_samples=0 sampled_us=0
audio_time: stage=mix sampled_calls=18 sampled_samples=5760 sampled_us=119
audio_time: stage=musyx_voice sampled_calls=0 sampled_samples=0 sampled_us=0
audio_time: stage=musyx_fx sampled_calls=0 sampled_samples=0 sampled_us=0
audio_time: stage=output sampled_calls=4 sampled_samples=2144 sampled_us=9
game: n=1/2 how=vis vis=600 vi_rate=60 vi0_retrace=201 wall_us=10008158 sleep_us=6164540 avg_vis=57.00 avg_fps=22.16 exceptions=3755 cacheResets=1 recompiles=927 batches=37936 verts=617781 texStalls=0 treeDepthMax=14 underruns=7 overruns=0 queue_peak_ms=96 dsp_avg=3.45 dsp_peak=4.50 pmc1=7293300968 pmc2=0 pmc3=0 pmc4=0 mmcr0=00000042 mmcr1=00000000 heap_used=10849496 heap_free=37512 arena1_free=565248 arena2_free=577472 flushes=3 flush_us=1672 padtrace=4 rom=sd:/wii64/roms/Super Mario 64.v64
=== chain 1/2 end vis=600 how=vis rom=sd:/wii64/roms/Super Mario 64.v64 ===
mark: pad replay records: 22
mark: loadROM: enter
mark: loadROM: before rom_read
mark: ROMCache_load: enter
mark: ROMCache_load: before first read
mark: ROMCache_load: first read returned
mark: ROMCache_load: byte_swap_type set
mark: ROMCache_load: first byte_swap done
menufps: 0.1
mark: ROMCache_load: loop exited normally
mark: ROMCache_load: elapsed_us=420291 bytes=13893632 vm=0
mark: loadROM: after rom_read
mark: loadROM: before init_memory
mark: loadROM: after init_memory
mark: loadROM: before romOpen_gfx
mark: loadROM: after romOpen_gfx / before romOpen_audio
mark: loadROM: after romOpen_audio / before romOpen_input
mark: loadROM: after romOpen_input / before cpu_init
mark: loadROM: after cpu_init
menufps: 7.7
fps: 2.6
first_vi: vi0_retrace=1012
vis: 7.4
cpu: exceptions=0 cacheResets=0 batches=0 verts=0 texStalls=0 recompiles=0 underruns=0 overruns=0 sleep_us=0 queue_ms=0
mark: CPU core dispatch: dynarec
vis: 60.0
cpu: exceptions=1030 cacheResets=1 batches=0 verts=0 texStalls=0 recompiles=316 underruns=2 overruns=0 sleep_us=106026 queue_ms=84
vis: 60.0
cpu: exceptions=1330 cacheResets=1 batches=0 verts=0 texStalls=0 recompiles=316 underruns=2 overruns=0 sleep_us=577960 queue_ms=91
vis: 60.0
cpu: exceptions=1630 cacheResets=1 batches=0 verts=0 texStalls=0 recompiles=331 underruns=2 overruns=0 sleep_us=1048220 queue_ms=88
vis: 60.0
cpu: exceptions=1929 cacheResets=1 batches=0 verts=0 texStalls=0 recompiles=331 underruns=2 overruns=0 sleep_us=1519981 queue_ms=95
vis: 60.0
cpu: exceptions=2229 cacheResets=1 batches=0 verts=0 texStalls=0 recompiles=331 underruns=2 overruns=0 sleep_us=1991719 queue_ms=91
vis: 60.0
cpu: exceptions=2528 cacheResets=1 batches=0 verts=0 texStalls=0 recompiles=331 underruns=2 overruns=0 sleep_us=2463267 queue_ms=99
vis: 60.0
cpu: exceptions=2864 cacheResets=1 batches=0 verts=0 texStalls=0 recompiles=344 underruns=2 overruns=0 sleep_us=2926311 queue_ms=94
fps: 0.8
vis: 60.0
cpu: exceptions=3438 cacheResets=1 batches=64 verts=4140 texStalls=0 recompiles=468 underruns=2 overruns=0 sleep_us=3340787 queue_ms=100
fps: 1.6
vis: 60.0
cpu: exceptions=3543 cacheResets=1 batches=576 verts=37260 texStalls=0 recompiles=528 underruns=4 overruns=0 sleep_us=3556974 queue_ms=17
fps: 31.0
vis: 60.0
cpu: exceptions=3684 cacheResets=1 batches=1536 verts=99360 texStalls=0 recompiles=528 underruns=4 overruns=0 sleep_us=3710497 queue_ms=25
fps: 30.0
vis: 60.0
cpu: exceptions=3820 cacheResets=1 batches=2304 verts=149040 texStalls=0 recompiles=566 underruns=4 overruns=0 sleep_us=3862551 queue_ms=20
vis: 60.0
cpu: exceptions=3916 cacheResets=1 batches=2304 verts=149040 texStalls=0 recompiles=566 underruns=4 overruns=0 sleep_us=3992801 queue_ms=17
fps: 3.8
vis: 60.0
cpu: exceptions=4015 cacheResets=1 batches=2424 verts=149760 texStalls=0 recompiles=598 underruns=5 overruns=0 sleep_us=4226383 queue_ms=34
fps: 1.7
vis: 57.2
cpu: exceptions=4117 cacheResets=1 batches=2904 verts=152640 texStalls=0 recompiles=610 underruns=8 overruns=0 sleep_us=4547093 queue_ms=7
fps: 29.3
vis: 58.5
cpu: exceptions=4448 cacheResets=1 batches=5784 verts=169920 texStalls=0 recompiles=614 underruns=11 overruns=0 sleep_us=4579966 queue_ms=10
fps: 29.1
vis: 58.2
cpu: exceptions=4649 cacheResets=1 batches=7584 verts=180720 texStalls=0 recompiles=614 underruns=12 overruns=0 sleep_us=4593628 queue_ms=7
fps: 29.0
vis: 58.1
cpu: exceptions=4842 cacheResets=1 batches=9384 verts=191520 texStalls=0 recompiles=614 underruns=13 overruns=0 sleep_us=4605437 queue_ms=2
fps: 29.2
vis: 58.5
cpu: exceptions=5030 cacheResets=1 batches=11184 verts=202320 texStalls=0 recompiles=614 underruns=15 overruns=0 sleep_us=4618066 queue_ms=20
fps: 29.3
vis: 58.5
cpu: exceptions=5212 cacheResets=1 batches=12984 verts=213120 texStalls=0 recompiles=614 underruns=16 overruns=0 sleep_us=4632950 queue_ms=15
fps: 28.8
vis: 57.7
cpu: exceptions=5388 cacheResets=1 batches=14784 verts=223920 texStalls=0 recompiles=624 underruns=17 overruns=0 sleep_us=4645113 queue_ms=11
vis: 60.0
cpu: exceptions=5545 cacheResets=1 batches=15024 verts=225360 texStalls=0 recompiles=625 underruns=18 overruns=0 sleep_us=4721969 queue_ms=18
vis: 60.0
cpu: exceptions=5678 cacheResets=1 batches=15024 verts=225360 texStalls=0 recompiles=625 underruns=18 overruns=0 sleep_us=4805038 queue_ms=14
vis: 60.0
cpu: exceptions=5775 cacheResets=1 batches=15024 verts=225360 texStalls=0 recompiles=633 underruns=18 overruns=0 sleep_us=5073040 queue_ms=20
fps: 1.8
vis: 58.8
cpu: exceptions=5972 cacheResets=1 batches=15024 verts=225360 texStalls=0 recompiles=674 underruns=20 overruns=0 sleep_us=5116696 queue_ms=28
fps: 31.6
vis: 58.9
cpu: exceptions=6164 cacheResets=1 batches=15024 verts=225360 texStalls=0 recompiles=674 underruns=20 overruns=0 sleep_us=5173556 queue_ms=24
fps: 29.5
vis: 58.9
cpu: exceptions=6341 cacheResets=1 batches=15024 verts=225360 texStalls=0 recompiles=674 underruns=20 overruns=0 sleep_us=5232508 queue_ms=10
fps: 29.4
vis: 58.9
cpu: exceptions=6505 cacheResets=1 batches=15024 verts=225360 texStalls=0 recompiles=674 underruns=21 overruns=0 sleep_us=5294716 queue_ms=17
fps: 29.5
vis: 58.9
cpu: exceptions=6675 cacheResets=1 batches=15024 verts=225360 texStalls=0 recompiles=674 underruns=21 overruns=0 sleep_us=5359206 queue_ms=13
fps: 29.4
vis: 58.9
cpu: exceptions=6853 cacheResets=1 batches=15024 verts=225360 texStalls=0 recompiles=674 underruns=22 overruns=0 sleep_us=5423496 queue_ms=10
fps: 29.4
vis: 58.8
cpu: exceptions=7016 cacheResets=1 batches=15024 verts=225360 texStalls=0 recompiles=686 underruns=23 overruns=0 sleep_us=5474179 queue_ms=16
fps: 29.4
vis: 58.9
cpu: exceptions=7187 cacheResets=1 batches=15024 verts=225360 texStalls=0 recompiles=686 underruns=24 overruns=0 sleep_us=5523448 queue_ms=11
fps: 29.5
vis: 59.0
cpu: exceptions=7354 cacheResets=1 batches=15024 verts=225360 texStalls=0 recompiles=686 underruns=25 overruns=0 sleep_us=5592731 queue_ms=19
fps: 29.5
vis: 59.0
cpu: exceptions=7522 cacheResets=1 batches=15024 verts=225360 texStalls=0 recompiles=686 underruns=25 overruns=0 sleep_us=5663976 queue_ms=15
fps: 29.5
vis: 58.9
cpu: exceptions=7692 cacheResets=1 batches=15024 verts=225360 texStalls=0 recompiles=686 underruns=26 overruns=0 sleep_us=5735075 queue_ms=11
fps: 29.5
vis: 59.0
cpu: exceptions=7867 cacheResets=1 batches=15024 verts=225360 texStalls=0 recompiles=686 underruns=27 overruns=0 sleep_us=5808400 queue_ms=18
fps: 29.5
vis: 58.9
cpu: exceptions=8047 cacheResets=1 batches=15024 verts=225360 texStalls=0 recompiles=686 underruns=28 overruns=0 sleep_us=5881291 queue_ms=24
fps: 29.4
vis: 59.0
cpu: exceptions=8208 cacheResets=1 batches=15024 verts=225360 texStalls=0 recompiles=686 underruns=28 overruns=0 sleep_us=5953463 queue_ms=9
fps: 29.5
vis: 58.8
cpu: exceptions=8380 cacheResets=1 batches=15024 verts=225360 texStalls=0 recompiles=686 underruns=29 overruns=0 sleep_us=6026908 queue_ms=16
fps: 29.4
vis: 59.1
cpu: exceptions=8552 cacheResets=1 batches=15024 verts=225360 texStalls=0 recompiles=686 underruns=30 overruns=0 sleep_us=6118650 queue_ms=13
fps: 29.5
vis: 59.1
cpu: exceptions=8709 cacheResets=1 batches=15024 verts=225360 texStalls=0 recompiles=688 underruns=30 overruns=0 sleep_us=6228497 queue_ms=8
fps: 29.5
vis: 59.1
cpu: exceptions=8872 cacheResets=1 batches=15024 verts=225360 texStalls=0 recompiles=688 underruns=31 overruns=0 sleep_us=6331369 queue_ms=14
fps: 29.5
vis: 59.0
cpu: exceptions=9053 cacheResets=1 batches=15024 verts=225360 texStalls=0 recompiles=688 underruns=32 overruns=0 sleep_us=6412454 queue_ms=10
fps: 29.4
vis: 58.9
cpu: exceptions=9239 cacheResets=1 batches=15024 verts=225360 texStalls=0 recompiles=688 underruns=33 overruns=0 sleep_us=6479374 queue_ms=16
fps: 29.5
vis: 59.0
cpu: exceptions=9397 cacheResets=1 batches=15024 verts=225360 texStalls=0 recompiles=688 underruns=33 overruns=0 sleep_us=6571781 queue_ms=12
fps: 29.5
vis: 59.0
cpu: exceptions=9551 cacheResets=1 batches=15024 verts=225360 texStalls=0 recompiles=688 underruns=34 overruns=0 sleep_us=6667326 queue_ms=8
fps: 29.4
vis: 59.0
cpu: exceptions=9709 cacheResets=1 batches=15024 verts=225360 texStalls=0 recompiles=688 underruns=35 overruns=0 sleep_us=6763052 queue_ms=16
fps: 29.5
vis: 59.1
cpu: exceptions=9868 cacheResets=1 batches=15024 verts=225360 texStalls=0 recompiles=688 underruns=35 overruns=0 sleep_us=6860339 queue_ms=11
fps: 29.6
vis: 59.0
cpu: exceptions=10026 cacheResets=1 batches=15024 verts=225360 texStalls=0 recompiles=688 underruns=36 overruns=0 sleep_us=6966657 queue_ms=6
fps: 29.5
vis: 59.1
cpu: exceptions=10183 cacheResets=1 batches=15024 verts=225360 texStalls=0 recompiles=688 underruns=37 overruns=0 sleep_us=7071565 queue_ms=13
fps: 29.6
vis: 59.1
cpu: exceptions=10337 cacheResets=1 batches=15024 verts=225360 texStalls=0 recompiles=688 underruns=37 overruns=0 sleep_us=7178602 queue_ms=9
fps: 29.5
vis: 59.1
cpu: exceptions=10493 cacheResets=1 batches=15024 verts=225360 texStalls=0 recompiles=688 underruns=38 overruns=0 sleep_us=7275734 queue_ms=16
fps: 29.6
vis: 59.2
cpu: exceptions=10642 cacheResets=1 batches=15024 verts=225360 texStalls=0 recompiles=688 underruns=39 overruns=0 sleep_us=7385960 queue_ms=12
fps: 29.6
vis: 58.9
cpu: exceptions=10829 cacheResets=1 batches=15024 verts=225360 texStalls=0 recompiles=688 underruns=39 overruns=0 sleep_us=7475215 queue_ms=8
fps: 29.4
vis: 58.9
cpu: exceptions=11027 cacheResets=1 batches=15024 verts=225360 texStalls=0 recompiles=688 underruns=40 overruns=0 sleep_us=7537006 queue_ms=14
fps: 29.4
vis: 59.0
cpu: exceptions=11204 cacheResets=1 batches=15024 verts=225360 texStalls=0 recompiles=688 underruns=41 overruns=0 sleep_us=7598344 queue_ms=11
fps: 29.5
vis: 59.0
cpu: exceptions=11383 cacheResets=1 batches=15024 verts=225360 texStalls=0 recompiles=688 underruns=42 overruns=0 sleep_us=7669241 queue_ms=18
fps: 29.5
vis: 59.0
cpu: exceptions=11556 cacheResets=1 batches=15024 verts=225360 texStalls=0 recompiles=688 underruns=42 overruns=0 sleep_us=7742130 queue_ms=4
fps: 29.5
vis: 59.0
cpu: exceptions=11730 cacheResets=1 batches=15024 verts=225360 texStalls=0 recompiles=688 underruns=43 overruns=0 sleep_us=7814709 queue_ms=10
fps: 29.5
vis: 59.0
cpu: exceptions=11904 cacheResets=1 batches=15024 verts=225360 texStalls=0 recompiles=688 underruns=44 overruns=0 sleep_us=7886038 queue_ms=17
fps: 29.5
vis: 58.9
cpu: exceptions=12075 cacheResets=1 batches=15024 verts=225360 texStalls=0 recompiles=692 underruns=45 overruns=0 sleep_us=7952356 queue_ms=13
vis: 60.0
cpu: exceptions=12204 cacheResets=1 batches=15024 verts=225360 texStalls=0 recompiles=692 underruns=45 overruns=0 sleep_us=8045918 queue_ms=20
vis: 60.0
cpu: exceptions=12325 cacheResets=1 batches=15024 verts=225360 texStalls=0 recompiles=692 underruns=45 overruns=0 sleep_us=8130059 queue_ms=16
vis: 60.0
cpu: exceptions=12470 cacheResets=1 batches=15024 verts=225360 texStalls=0 recompiles=694 underruns=45 overruns=0 sleep_us=8367871 queue_ms=23
fps: 7.1
vis: 58.6
cpu: exceptions=12664 cacheResets=1 batches=15024 verts=225360 texStalls=0 recompiles=720 underruns=47 overruns=0 sleep_us=8386292 queue_ms=41
fps: 31.4
vis: 54.9
cpu: exceptions=12866 cacheResets=1 batches=15024 verts=225360 texStalls=0 recompiles=721 underruns=47 overruns=0 sleep_us=8403707 queue_ms=3
fps: 26.6
vis: 53.8
cpu: exceptions=13074 cacheResets=1 batches=15024 verts=225360 texStalls=0 recompiles=721 underruns=52 overruns=0 sleep_us=8421288 queue_ms=8
fps: 27.8
vis: 57.3
cpu: exceptions=13273 cacheResets=1 batches=15024 verts=225360 texStalls=0 recompiles=721 underruns=54 overruns=0 sleep_us=8443625 queue_ms=15
fps: 27.9
vis: 58.8
cpu: exceptions=13472 cacheResets=1 batches=15024 verts=225360 texStalls=0 recompiles=721 underruns=56 overruns=0 sleep_us=8464503 queue_ms=32
fps: 30.3
vis: 58.6
cpu: exceptions=13661 cacheResets=1 batches=15024 verts=225360 texStalls=0 recompiles=721 underruns=56 overruns=0 sleep_us=8521245 queue_ms=17
fps: 29.2
vis: 58.4
cpu: exceptions=13851 cacheResets=1 batches=15024 verts=225360 texStalls=0 recompiles=731 underruns=56 overruns=0 sleep_us=8567529 queue_ms=13
fps: 29.3
vis: 58.9
cpu: exceptions=14029 cacheResets=1 batches=15024 verts=225360 texStalls=0 recompiles=731 underruns=57 overruns=0 sleep_us=8641084 queue_ms=8
fps: 29.5
vis: 59.0
cpu: exceptions=14208 cacheResets=1 batches=15024 verts=225360 texStalls=0 recompiles=731 underruns=58 overruns=0 sleep_us=8714978 queue_ms=16
fps: 29.4
vis: 58.8
cpu: exceptions=14409 cacheResets=1 batches=15024 verts=225360 texStalls=0 recompiles=731 underruns=59 overruns=0 sleep_us=8759647 queue_ms=11
fps: 29.5
vis: 58.8
cpu: exceptions=14587 cacheResets=1 batches=15024 verts=225360 texStalls=0 recompiles=731 underruns=59 overruns=0 sleep_us=8841892 queue_ms=7
fps: 29.4
vis: 59.2
cpu: exceptions=14758 cacheResets=1 batches=15024 verts=225360 texStalls=0 recompiles=731 underruns=60 overruns=0 sleep_us=8922650 queue_ms=14
fps: 29.7
vis: 58.5
cpu: exceptions=14935 cacheResets=1 batches=15024 verts=225360 texStalls=0 recompiles=731 underruns=61 overruns=0 sleep_us=9016118 queue_ms=10
fps: 29.2
vis: 59.2
cpu: exceptions=15098 cacheResets=1 batches=15024 verts=225360 texStalls=0 recompiles=731 underruns=62 overruns=0 sleep_us=9109171 queue_ms=17
fps: 29.6
vis: 59.1
cpu: exceptions=15256 cacheResets=1 batches=15024 verts=225360 texStalls=0 recompiles=731 underruns=62 overruns=0 sleep_us=9216903 queue_ms=3
fps: 29.6
vis: 58.7
cpu: exceptions=15427 cacheResets=1 batches=15024 verts=225360 texStalls=0 recompiles=731 underruns=63 overruns=0 sleep_us=9311747 queue_ms=10
fps: 29.1
vis: 58.9
cpu: exceptions=15613 cacheResets=1 batches=15024 verts=225360 texStalls=0 recompiles=732 underruns=64 overruns=0 sleep_us=9371589 queue_ms=6
fps: 29.0
vis: 60.0
cpu: exceptions=15749 cacheResets=1 batches=15024 verts=225360 texStalls=0 recompiles=732 underruns=65 overruns=0 sleep_us=9468576 queue_ms=23
vis: 60.0
cpu: exceptions=15874 cacheResets=1 batches=15024 verts=225360 texStalls=0 recompiles=733 underruns=65 overruns=0 sleep_us=9563665 queue_ms=19
vis: 60.0
cpu: exceptions=16021 cacheResets=1 batches=15024 verts=225360 texStalls=0 recompiles=734 underruns=65 overruns=0 sleep_us=9794610 queue_ms=26
fps: 1.1
vis: 55.4
cpu: exceptions=16192 cacheResets=1 batches=15024 verts=225360 texStalls=0 recompiles=761 underruns=67 overruns=0 sleep_us=9864326 queue_ms=22
fps: 30.3
vis: 58.8
cpu: exceptions=16366 cacheResets=1 batches=15024 verts=225360 texStalls=0 recompiles=761 underruns=67 overruns=0 sleep_us=9913915 queue_ms=7
fps: 29.3
vis: 58.8
cpu: exceptions=16546 cacheResets=1 batches=15024 verts=225360 texStalls=0 recompiles=761 underruns=68 overruns=0 sleep_us=9966121 queue_ms=14
fps: 29.5
vis: 58.8
cpu: exceptions=16723 cacheResets=1 batches=15024 verts=225360 texStalls=0 recompiles=761 underruns=69 overruns=0 sleep_us=10025527 queue_ms=10
fps: 29.4
vis: 58.9
cpu: exceptions=16893 cacheResets=1 batches=15024 verts=225360 texStalls=0 recompiles=761 underruns=70 overruns=0 sleep_us=10083772 queue_ms=17
fps: 29.5
vis: 58.8
cpu: exceptions=17066 cacheResets=1 batches=15024 verts=225360 texStalls=0 recompiles=761 underruns=71 overruns=0 sleep_us=10145604 queue_ms=13
fps: 29.3
vis: 58.7
cpu: exceptions=17240 cacheResets=1 batches=15024 verts=225360 texStalls=0 recompiles=767 underruns=72 overruns=0 sleep_us=10189467 queue_ms=19
fps: 29.3
vis: 58.7
cpu: exceptions=17413 cacheResets=1 batches=15024 verts=225360 texStalls=0 recompiles=767 underruns=73 overruns=0 sleep_us=10220451 queue_ms=14
fps: 29.4
vis: 58.8
cpu: exceptions=17584 cacheResets=1 batches=15024 verts=225360 texStalls=0 recompiles=767 underruns=74 overruns=0 sleep_us=10260266 queue_ms=20
fps: 29.4
vis: 58.8
cpu: exceptions=17756 cacheResets=1 batches=15024 verts=225360 texStalls=0 recompiles=767 underruns=75 overruns=0 sleep_us=10316491 queue_ms=17
fps: 29.4
vis: 58.7
cpu: exceptions=17942 cacheResets=1 batches=15024 verts=225360 texStalls=0 recompiles=767 underruns=75 overruns=0 sleep_us=10360532 queue_ms=13
fps: 29.4
vis: 58.8
cpu: exceptions=18116 cacheResets=1 batches=15024 verts=225360 texStalls=0 recompiles=767 underruns=76 overruns=0 sleep_us=10399816 queue_ms=9
fps: 29.4
vis: 58.8
cpu: exceptions=18286 cacheResets=1 batches=15024 verts=225360 texStalls=0 recompiles=767 underruns=77 overruns=0 sleep_us=10451597 queue_ms=16
fps: 29.5
vis: 58.9
cpu: exceptions=18457 cacheResets=1 batches=15024 verts=225360 texStalls=0 recompiles=767 underruns=78 overruns=0 sleep_us=10518522 queue_ms=11
fps: 29.4
vis: 59.0
cpu: exceptions=18617 cacheResets=1 batches=15024 verts=225360 texStalls=0 recompiles=767 underruns=78 overruns=0 sleep_us=10607290 queue_ms=7
fps: 29.5
vis: 58.9
cpu: exceptions=18774 cacheResets=1 batches=15024 verts=225360 texStalls=0 recompiles=767 underruns=79 overruns=0 sleep_us=10700192 queue_ms=2
fps: 29.3
vis: 58.8
cpu: exceptions=18947 cacheResets=1 batches=15024 verts=225360 texStalls=0 recompiles=767 underruns=80 overruns=0 sleep_us=10774924 queue_ms=10
vis: 60.0
cpu: exceptions=20118 cacheResets=1 batches=15024 verts=225360 texStalls=0 recompiles=826 underruns=81 overruns=0 sleep_us=10867293 queue_ms=16
vis: 60.0
cpu: exceptions=20237 cacheResets=1 batches=15024 verts=225360 texStalls=0 recompiles=829 underruns=81 overruns=0 sleep_us=11149645 queue_ms=23
vis: 60.0
cpu: exceptions=20328 cacheResets=1 batches=15024 verts=225360 texStalls=0 recompiles=829 underruns=81 overruns=0 sleep_us=11482118 queue_ms=19
vis: 60.0
cpu: exceptions=20517 cacheResets=1 batches=15024 verts=225360 texStalls=0 recompiles=1016 underruns=82 overruns=0 sleep_us=11819737 queue_ms=37
fps: 3.5
vis: 57.3
cpu: exceptions=20631 cacheResets=1 batches=16421 verts=238494 texStalls=0 recompiles=1371 underruns=86 overruns=0 sleep_us=12085395 queue_ms=29
fps: 30.7
vis: 59.5
cpu: exceptions=20846 cacheResets=1 batches=21856 verts=288924 texStalls=0 recompiles=1395 underruns=86 overruns=0 sleep_us=12118867 queue_ms=19
fps: 28.5
vis: 56.4
cpu: exceptions=21106 cacheResets=1 batches=27557 verts=340950 texStalls=0 recompiles=1409 underruns=87 overruns=0 sleep_us=12124782 queue_ms=5
fps: 26.7
vis: 53.0
cpu: exceptions=21401 cacheResets=1 batches=33160 verts=391200 texStalls=0 recompiles=1410 underruns=93 overruns=0 sleep_us=12130399 queue_ms=1
fps: 25.6
vis: 50.8
cpu: exceptions=21711 cacheResets=1 batches=38526 verts=438840 texStalls=0 recompiles=1410 underruns=100 overruns=0 sleep_us=12135490 queue_ms=4
fps: 25.5
vis: 51.3
cpu: exceptions=22024 cacheResets=1 batches=43863 verts=486306 texStalls=0 recompiles=1416 underruns=107 overruns=0 sleep_us=12140343 queue_ms=10
fps: 28.9
vis: 58.6
cpu: exceptions=22350 cacheResets=1 batches=48957 verts=534690 texStalls=0 recompiles=1417 underruns=110 overruns=0 sleep_us=12146070 queue_ms=27
fps: 30.2
vis: 60.0
cpu: exceptions=22654 cacheResets=1 batches=52988 verts=576696 texStalls=0 recompiles=1417 underruns=110 overruns=0 sleep_us=12191305 queue_ms=33
fps: 30.1
vis: 60.0
cpu: exceptions=22973 cacheResets=1 batches=56400 verts=614988 texStalls=0 recompiles=1421 underruns=110 overruns=0 sleep_us=12220631 queue_ms=29
fps: 30.0
vis: 60.0
cpu: exceptions=23286 cacheResets=1 batches=59449 verts=651102 texStalls=0 recompiles=1422 underruns=110 overruns=0 sleep_us=12278730 queue_ms=26
vis: 60.0
cpu: exceptions=23593 cacheResets=1 batches=62459 verts=686982 texStalls=0 recompiles=1435 underruns=110 overruns=0 sleep_us=12325184 queue_ms=33
fps: 30.0
vis: 60.0
cpu: exceptions=23889 cacheResets=1 batches=65378 verts=722316 texStalls=0 recompiles=1502 underruns=110 overruns=0 sleep_us=12358012 queue_ms=29
fps: 30.0
vis: 60.0
cpu: exceptions=24204 cacheResets=1 batches=68274 verts=757512 texStalls=0 recompiles=1504 underruns=110 overruns=0 sleep_us=12406576 queue_ms=37
fps: 30.1
vis: 60.0
cpu: exceptions=24514 cacheResets=1 batches=71177 verts=792750 texStalls=0 recompiles=1504 underruns=110 overruns=0 sleep_us=12478841 queue_ms=32
fps: 30.0
vis: 60.0
cpu: exceptions=24806 cacheResets=1 batches=74062 verts=827880 texStalls=0 recompiles=1504 underruns=110 overruns=0 sleep_us=12565189 queue_ms=38
fps: 30.0
vis: 60.0
cpu: exceptions=25091 cacheResets=1 batches=77008 verts=863376 texStalls=0 recompiles=1505 underruns=110 overruns=0 sleep_us=12655876 queue_ms=35
fps: 30.0
vis: 60.0
cpu: exceptions=25375 cacheResets=1 batches=80020 verts=899268 texStalls=0 recompiles=1506 underruns=110 overruns=0 sleep_us=12742733 queue_ms=31
fps: 30.0
vis: 60.0
cpu: exceptions=25659 cacheResets=1 batches=83008 verts=935016 texStalls=0 recompiles=1506 underruns=110 overruns=0 sleep_us=12830281 queue_ms=38
fps: 30.0
vis: 55.5
cpu: exceptions=25957 cacheResets=1 batches=85919 verts=969114 texStalls=0 recompiles=1601 underruns=111 overruns=0 sleep_us=12860332 queue_ms=10
fps: 26.4
vis: 54.8
cpu: exceptions=26295 cacheResets=1 batches=88976 verts=1004088 texStalls=0 recompiles=1604 underruns=115 overruns=0 sleep_us=12864851 queue_ms=14
fps: 27.6
vis: 55.8
cpu: exceptions=26619 cacheResets=1 batches=91769 verts=1037478 texStalls=0 recompiles=1609 underruns=118 overruns=0 sleep_us=12869254 queue_ms=10
fps: 28.0
vis: 56.1
cpu: exceptions=26966 cacheResets=1 batches=94575 verts=1072134 texStalls=0 recompiles=1619 underruns=121 overruns=0 sleep_us=12873755 queue_ms=7
fps: 28.0
vis: 58.2
cpu: exceptions=27299 cacheResets=1 batches=97386 verts=1106820 texStalls=0 recompiles=1621 underruns=123 overruns=0 sleep_us=12878446 queue_ms=13
fps: 29.5
vis: 59.5
cpu: exceptions=27613 cacheResets=1 batches=100096 verts=1140900 texStalls=0 recompiles=1622 underruns=123 overruns=0 sleep_us=12899286 queue_ms=9
fps: 29.8
vis: 59.6
cpu: exceptions=27910 cacheResets=1 batches=102775 verts=1174794 texStalls=0 recompiles=1624 underruns=124 overruns=0 sleep_us=12923263 queue_ms=16
fps: 29.8
vis: 59.7
cpu: exceptions=28223 cacheResets=1 batches=105441 verts=1208610 texStalls=0 recompiles=1624 underruns=124 overruns=0 sleep_us=12948263 queue_ms=23
fps: 29.9
vis: 59.6
cpu: exceptions=28528 cacheResets=1 batches=108108 verts=1242432 texStalls=0 recompiles=1625 underruns=124 overruns=0 sleep_us=12983438 queue_ms=20
fps: 29.8
vis: 59.8
cpu: exceptions=28799 cacheResets=1 batches=110678 verts=1275162 texStalls=0 recompiles=1627 underruns=124 overruns=0 sleep_us=13017445 queue_ms=16
fps: 30.0
vis: 59.8
cpu: exceptions=29058 cacheResets=1 batches=113222 verts=1306716 texStalls=0 recompiles=1628 underruns=124 overruns=0 sleep_us=13067614 queue_ms=12
fps: 29.8
vis: 59.6
cpu: exceptions=29328 cacheResets=1 batches=115840 verts=1338156 texStalls=0 recompiles=1630 underruns=124 overruns=0 sleep_us=13113148 queue_ms=7
fps: 29.9
vis: 59.8
cpu: exceptions=29592 cacheResets=1 batches=118240 verts=1367244 texStalls=0 recompiles=1630 underruns=124 overruns=0 sleep_us=13157025 queue_ms=14
fps: 29.9
vis: 60.0
cpu: exceptions=29852 cacheResets=1 batches=120502 verts=1394379 texStalls=0 recompiles=1634 underruns=125 overruns=0 sleep_us=13212149 queue_ms=22
fps: 30.4
vis: 59.7
cpu: exceptions=30114 cacheResets=1 batches=122670 verts=1420212 texStalls=0 recompiles=1634 underruns=125 overruns=0 sleep_us=13281449 queue_ms=17
fps: 29.5
vis: 59.5
cpu: exceptions=30400 cacheResets=1 batches=125105 verts=1447647 texStalls=0 recompiles=1634 underruns=125 overruns=0 sleep_us=13322448 queue_ms=23
fps: 29.5
vis: 59.8
cpu: exceptions=30693 cacheResets=1 batches=127653 verts=1477104 texStalls=0 recompiles=1634 underruns=125 overruns=0 sleep_us=13350944 queue_ms=19
fps: 30.0
vis: 59.8
cpu: exceptions=30960 cacheResets=1 batches=130199 verts=1508157 texStalls=0 recompiles=1636 underruns=125 overruns=0 sleep_us=13409781 queue_ms=16
fps: 30.5
vis: 60.0
cpu: exceptions=31216 cacheResets=1 batches=132646 verts=1539804 texStalls=0 recompiles=1636 underruns=125 overruns=0 sleep_us=13474600 queue_ms=12
fps: 29.4
vis: 59.9
cpu: exceptions=31482 cacheResets=1 batches=135200 verts=1570995 texStalls=0 recompiles=1642 underruns=125 overruns=0 sleep_us=13522258 queue_ms=18
fps: 30.0
vis: 59.9
cpu: exceptions=31742 cacheResets=1 batches=137599 verts=1600869 texStalls=0 recompiles=1642 underruns=125 overruns=0 sleep_us=13586495 queue_ms=14
fps: 29.9
vis: 59.7
cpu: exceptions=31995 cacheResets=1 batches=139983 verts=1630869 texStalls=0 recompiles=1642 underruns=125 overruns=0 sleep_us=13661357 queue_ms=10
fps: 29.8
vis: 59.9
cpu: exceptions=32267 cacheResets=1 batches=142239 verts=1658697 texStalls=0 recompiles=1657 underruns=125 overruns=0 sleep_us=13706762 queue_ms=16
fps: 30.0
vis: 59.9
cpu: exceptions=32517 cacheResets=1 batches=143848 verts=1680051 texStalls=0 recompiles=1657 underruns=125 overruns=0 sleep_us=13771062 queue_ms=11
fps: 29.9
vis: 60.0
cpu: exceptions=32764 cacheResets=1 batches=145549 verts=1701957 texStalls=0 recompiles=1661 underruns=126 overruns=0 sleep_us=13843962 queue_ms=29
fps: 30.1
vis: 59.9
cpu: exceptions=33014 cacheResets=1 batches=147286 verts=1724088 texStalls=0 recompiles=1661 underruns=126 overruns=0 sleep_us=13909228 queue_ms=26
fps: 29.7
vis: 59.6
cpu: exceptions=33289 cacheResets=1 batches=149217 verts=1747419 texStalls=0 recompiles=1671 underruns=126 overruns=0 sleep_us=13943135 queue_ms=21
fps: 29.9
vis: 59.8
cpu: exceptions=33536 cacheResets=1 batches=150980 verts=1769742 texStalls=0 recompiles=1674 underruns=126 overruns=0 sleep_us=14001525 queue_ms=17
fps: 29.9
vis: 59.7
cpu: exceptions=33793 cacheResets=1 batches=152748 verts=1791759 texStalls=0 recompiles=1679 underruns=126 overruns=0 sleep_us=14049212 queue_ms=23
fps: 29.8
vis: 59.7
cpu: exceptions=34050 cacheResets=1 batches=154561 verts=1813662 texStalls=0 recompiles=1690 underruns=126 overruns=0 sleep_us=14087371 queue_ms=19
fps: 29.9
vis: 59.8
cpu: exceptions=34279 cacheResets=1 batches=156331 verts=1835307 texStalls=0 recompiles=1694 underruns=126 overruns=0 sleep_us=14140157 queue_ms=16
vis: 60.0
cpu: exceptions=34558 cacheResets=1 batches=158782 verts=1864713 texStalls=0 recompiles=1694 underruns=126 overruns=0 sleep_us=14232765 queue_ms=17
fps: 30.0
vis: 60.0
cpu: exceptions=34758 cacheResets=1 batches=160247 verts=1881588 texStalls=0 recompiles=1694 underruns=126 overruns=0 sleep_us=14340659 queue_ms=24
fps: 30.1
vis: 60.0
cpu: exceptions=34947 cacheResets=1 batches=161389 verts=1895055 texStalls=0 recompiles=1694 underruns=126 overruns=0 sleep_us=14454009 queue_ms=20
fps: 30.5
vis: 60.0
cpu: exceptions=35140 cacheResets=1 batches=162560 verts=1908696 texStalls=0 recompiles=1694 underruns=126 overruns=0 sleep_us=14563250 queue_ms=16
fps: 29.4
vis: 60.0
cpu: exceptions=35350 cacheResets=1 batches=163712 verts=1922223 texStalls=0 recompiles=1694 underruns=126 overruns=0 sleep_us=14660927 queue_ms=23
fps: 30.0
vis: 60.0
cpu: exceptions=35561 cacheResets=1 batches=164837 verts=1935588 texStalls=0 recompiles=1694 underruns=126 overruns=0 sleep_us=14752975 queue_ms=20
fps: 29.9
vis: 60.0
cpu: exceptions=35773 cacheResets=1 batches=165942 verts=1948833 texStalls=0 recompiles=1694 underruns=126 overruns=0 sleep_us=14847058 queue_ms=26
fps: 30.5
vis: 60.0
cpu: exceptions=35991 cacheResets=1 batches=167074 verts=1962240 texStalls=0 recompiles=1694 underruns=126 overruns=0 sleep_us=14939350 queue_ms=23
fps: 29.5
vis: 60.0
cpu: exceptions=36208 cacheResets=1 batches=168162 verts=1975383 texStalls=0 recompiles=1694 underruns=126 overruns=0 sleep_us=15031953 queue_ms=29
fps: 30.2
vis: 60.0
cpu: exceptions=36421 cacheResets=1 batches=169265 verts=1988616 texStalls=0 recompiles=1716 underruns=126 overruns=0 sleep_us=15119683 queue_ms=25
fps: 29.8
vis: 60.0
cpu: exceptions=36628 cacheResets=1 batches=170362 verts=2001813 texStalls=0 recompiles=1717 underruns=126 overruns=0 sleep_us=15214768 queue_ms=22
fps: 30.0
vis: 60.0
cpu: exceptions=36832 cacheResets=1 batches=171442 verts=2014908 texStalls=0 recompiles=1717 underruns=126 overruns=0 sleep_us=15310174 queue_ms=29
fps: 30.0
vis: 60.0
cpu: exceptions=37040 cacheResets=1 batches=172528 verts=2028039 texStalls=0 recompiles=1717 underruns=126 overruns=0 sleep_us=15403738 queue_ms=25
fps: 30.6
vis: 60.0
cpu: exceptions=37247 cacheResets=1 batches=173622 verts=2041218 texStalls=0 recompiles=1717 underruns=126 overruns=0 sleep_us=15498037 queue_ms=32
fps: 29.9
vis: 60.0
cpu: exceptions=37447 cacheResets=1 batches=174692 verts=2053989 texStalls=0 recompiles=1720 underruns=126 overruns=0 sleep_us=15591247 queue_ms=28
fps: 29.5
vis: 60.0
cpu: exceptions=37656 cacheResets=1 batches=175782 verts=2067096 texStalls=0 recompiles=1720 underruns=126 overruns=0 sleep_us=15687075 queue_ms=34
fps: 30.5
vis: 60.0
cpu: exceptions=37852 cacheResets=1 batches=176874 verts=2080263 texStalls=0 recompiles=1720 underruns=126 overruns=0 sleep_us=15791129 queue_ms=31
fps: 29.4
vis: 60.0
cpu: exceptions=38054 cacheResets=1 batches=177956 verts=2093202 texStalls=0 recompiles=1720 underruns=126 overruns=0 sleep_us=15892192 queue_ms=38
fps: 30.0
vis: 60.0
cpu: exceptions=38266 cacheResets=1 batches=179047 verts=2106315 texStalls=0 recompiles=1721 underruns=126 overruns=0 sleep_us=15991016 queue_ms=34
fps: 30.0
vis: 60.0
cpu: exceptions=38472 cacheResets=1 batches=180148 verts=2119536 texStalls=0 recompiles=1721 underruns=126 overruns=0 sleep_us=16089385 queue_ms=39
vis: 60.0
cpu: exceptions=38677 cacheResets=1 batches=181253 verts=2132781 texStalls=0 recompiles=1731 underruns=126 overruns=0 sleep_us=16186340 queue_ms=35
fps: 30.0
vis: 60.0
cpu: exceptions=38890 cacheResets=1 batches=182320 verts=2145510 texStalls=0 recompiles=1731 underruns=126 overruns=0 sleep_us=16283059 queue_ms=42
fps: 30.0
vis: 60.0
cpu: exceptions=39117 cacheResets=1 batches=183411 verts=2158647 texStalls=0 recompiles=1733 underruns=126 overruns=0 sleep_us=16378592 queue_ms=39
fps: 30.5
vis: 60.0
cpu: exceptions=39334 cacheResets=1 batches=184499 verts=2171790 texStalls=0 recompiles=1734 underruns=126 overruns=0 sleep_us=16482192 queue_ms=34
fps: 29.5
vis: 60.0
cpu: exceptions=39535 cacheResets=1 batches=185585 verts=2184777 texStalls=0 recompiles=1734 underruns=126 overruns=0 sleep_us=16584791 queue_ms=41
fps: 30.0
vis: 60.0
cpu: exceptions=39753 cacheResets=1 batches=186673 verts=2197800 texStalls=0 recompiles=1734 underruns=126 overruns=0 sleep_us=16682128 queue_ms=37
fps: 30.0
mark: stop reason: chain guest VI limit
mark: stop_it requested
audio: alist_resample_calls=198897 alist_resample_samples=29675696 alist_zoh_calls=0 alist_zoh_samples=0 musyx_subframes=0 musyx_voices=0 musyx_voice_peak=0
audio_stages: adpcm_calls=211219 adpcm_samples=32000736 envmix_calls=198897 envmix_samples=29675696 mix_calls=32040 mix_samples=12303360 musyx_fx_calls=0 musyx_fx_taps=0 output_calls=5366 output_samples=2401136
audio_envmix: exp_calls=0 ge_calls=0 lin_calls=0 nead_calls=198897 exp_steady=0 ge_steady=0 lin_steady=0
audio_gaps: nead_mats=0 nead_efz=0 resample_flag2=0 musyx_ptr10=0
audio_output: stream_requests=10187 stream_fed=8334 input_hz=26807 playback_hz=26807 queue_peak_ms=119
vm_io: read_ahead=1 reads=0 hits=0 read_bytes=0 writes=0 write_bytes=0 errors=0
subsystem_time: stage=rsp_gfx calls=2327 timed_calls=2327 period=1 timed_us=41621491
subsystem_time: stage=rsp_audio calls=5340 timed_calls=5340 period=1 timed_us=8459147
subsystem_time: stage=rsp_other calls=0 timed_calls=0 period=1 timed_us=0
subsystem_time: stage=lookup calls=17724123 timed_calls=139560 period=127 timed_us=9902
subsystem_time: stage=compile calls=1734 timed_calls=1734 period=1 timed_us=304609
subsystem_time: stage=dispatch calls=17672594 timed_calls=139154 period=127 timed_us=53113
subsystem_time: stage=execute_inclusive calls=17672594 timed_calls=139154 period=127 timed_us=644065
subsystem_time: stage=rom_copy calls=15055 timed_calls=15055 period=1 timed_us=17766
subsystem_time: stage=present calls=5399 timed_calls=5399 period=1 timed_us=44765
subsystem_time: stage=limiter calls=2935 timed_calls=2935 period=1 timed_us=16771014
subsystem_time: stage=vm_fault calls=0 timed_calls=0 period=1 timed_us=0
subsystem_time: stage=vm_victim calls=0 timed_calls=0 period=1 timed_us=0
subsystem_time: stage=vm_read calls=0 timed_calls=0 period=1 timed_us=0
subsystem_time: stage=vm_write calls=0 timed_calls=0 period=1 timed_us=0
subsystem_time: stage=tex_hash calls=348623 timed_calls=348623 period=1 timed_us=3608292
subsystem_time: stage=tex_lookup calls=348623 timed_calls=348623 period=1 timed_us=323282
subsystem_time: stage=tex_load calls=2387 timed_calls=2387 period=1 timed_us=306666
subsystem_time: stage=tex_activate calls=348623 timed_calls=348623 period=1 timed_us=88539
subsystem_time: stage=draw_triangles calls=187465 timed_calls=187465 period=1 timed_us=424004
subsystem_time: stage=draw_rect calls=218617 timed_calls=218617 period=1 timed_us=2893488
subsystem_time: stage=gfx_list calls=2327 timed_calls=2327 period=1 timed_us=41620932
subsystem_time: stage=gfx_command calls=5702515 timed_calls=44901 period=127 timed_us=300815
subsystem_time: stage=vertex calls=1475544 timed_calls=11618 period=127 timed_us=3186
subsystem_time: stage=gfx_state calls=435243 timed_calls=3427 period=127 timed_us=40421
subsystem_time: stage=gx_wait calls=0 timed_calls=0 period=1 timed_us=0
subsystem_time: stage=dma_pi calls=15055 timed_calls=15055 period=1 timed_us=147149
subsystem_time: stage=dma_sp calls=15334 timed_calls=15334 period=1 timed_us=4854
subsystem_time: stage=dma_si calls=3886 timed_calls=3886 period=1 timed_us=71595
subsystem_time: stage=tlb_translate calls=0 timed_calls=0 period=127 timed_us=0
subsystem_time: stage=pif calls=3887 timed_calls=3887 period=1 timed_us=71207
subsystem_time: stage=input calls=9312 timed_calls=9312 period=1 timed_us=67321
subsystem_time: stage=guest_interrupt calls=53606 timed_calls=53606 period=1 timed_us=16847942
subsystem_time: stage=interpreter_inclusive calls=0 timed_calls=0 period=1 timed_us=0
subsystem_time: stage=audio_submit calls=5366 timed_calls=5366 period=1 timed_us=12276
subsystem_time: stage=audio_callback calls=54380 timed_calls=54380 period=1 timed_us=12280
subsystem_time: stage=memory_slow calls=2174654 timed_calls=17123 period=127 timed_us=417631
subsystem_time: stage=jit_invalidate calls=51529 timed_calls=405 period=127 timed_us=58
audio_time: stage=resample sampled_calls=1566 sampled_samples=233256 sampled_us=20112
audio_time: stage=zoh sampled_calls=0 sampled_samples=0 sampled_us=0
audio_time: stage=adpcm sampled_calls=1663 sampled_samples=251376 sampled_us=18621
audio_time: stage=envmix_exp sampled_calls=0 sampled_samples=0 sampled_us=0
audio_time: stage=envmix_ge sampled_calls=0 sampled_samples=0 sampled_us=0
audio_time: stage=envmix_lin sampled_calls=0 sampled_samples=0 sampled_us=0
audio_time: stage=envmix_nead sampled_calls=1566 sampled_samples=233256 sampled_us=22809
audio_time: stage=mix sampled_calls=252 sampled_samples=96768 sampled_us=2045
audio_time: stage=musyx_voice sampled_calls=0 sampled_samples=0 sampled_us=0
audio_time: stage=musyx_fx sampled_calls=0 sampled_samples=0 sampled_us=0
audio_time: stage=output sampled_calls=42 sampled_samples=18784 sampled_us=88
game: n=2/2 how=vis vis=5400 vi_rate=60 vi0_retrace=1012 wall_us=91432996 sleep_us=16767290 avg_vis=58.80 avg_fps=28.00 exceptions=39900 cacheResets=1 recompiles=1734 batches=187465 verts=2207187 texStalls=0 treeDepthMax=14 underruns=126 overruns=0 queue_peak_ms=100 dsp_avg=3.88 dsp_peak=6.20 pmc1=66637377888 pmc2=0 pmc3=0 pmc4=0 mmcr0=00000042 mmcr1=00000000 heap_used=10907224 heap_free=37128 arena1_free=507904 arena2_free=577472 flushes=11 flush_us=9358 padtrace=21 rom=sd:/wii64/roms/Mario Kart 64.v64
=== chain 2/2 end vis=5400 how=vis rom=sd:/wii64/roms/Mario Kart 64.v64 ===
