--- wii64 perf log ---
mark: diag config: wiiload arguments
mark: wiiload dynacore argument received
mark: diag received dynacore line
mark: diag requested core: dynarec
mark: pad replay records: 1
selftest:
  raw[0]=51279706631447518
  raw[1]=51279706631447522
  raw[2]=51279706631447537
  raw[3]=51279706631447548
  raw[4]=51279706631447559
  delta[0]=0us
  delta[1]=0us
  delta[2]=0us
  delta[3]=0us
mark: audio quality: accurate
mark: audio modes: n64=0 output=0 mixer=0 latency=2 sync=0
mark: diag applied core: dynarec
mark: HBC agent ready
mark: loadROM: enter
mark: loadROM: before rom_read
mark: ROMCache_load: enter
mark: ROMCache_load: before first read
mark: ROMCache_load: first read returned
mark: ROMCache_load: byte_swap_type set
mark: ROMCache_load: first byte_swap done
menufps: 10.1
menufps: 8.1
menufps: 7.9
mark: ROMCache_load: loop exited normally
mark: ROMCache_load: elapsed_us=1958330 bytes=8388608 vm=0
mark: loadROM: after rom_read
mark: loadROM: before init_memory
mark: loadROM: after init_memory
mark: loadROM: before romOpen_gfx
mark: loadROM: after romOpen_gfx / before romOpen_audio
mark: loadROM: after romOpen_audio / before romOpen_input
mark: loadROM: after romOpen_input / before cpu_init
mark: loadROM: after cpu_init
menufps: 1.2
fps: 0.1
first_vi: vi0_retrace=337
vis: 0.1
cpu: exceptions=0 cacheResets=0 batches=0 verts=0 texStalls=0 recompiles=0 underruns=0 overruns=0 sleep_us=0 queue_ms=0
mark: CPU core dispatch: dynarec
vis: 60.0
cpu: exceptions=240 cacheResets=1 batches=0 verts=0 texStalls=0 recompiles=189 underruns=1 overruns=0 sleep_us=263585 queue_ms=91
vis: 60.0
cpu: exceptions=540 cacheResets=1 batches=0 verts=0 texStalls=0 recompiles=198 underruns=1 overruns=0 sleep_us=743994 queue_ms=96
vis: 60.0
cpu: exceptions=840 cacheResets=1 batches=0 verts=0 texStalls=0 recompiles=204 underruns=1 overruns=0 sleep_us=1224447 queue_ms=93
vis: 60.0
cpu: exceptions=1135 cacheResets=1 batches=0 verts=0 texStalls=0 recompiles=204 underruns=1 overruns=0 sleep_us=1705451 queue_ms=88
fps: 0.5
vis: 60.0
cpu: exceptions=1431 cacheResets=1 batches=414 verts=9387 texStalls=0 recompiles=468 underruns=2 overruns=0 sleep_us=2056275 queue_ms=11
fps: 20.0
vis: 60.0
cpu: exceptions=1588 cacheResets=1 batches=2484 verts=56322 texStalls=0 recompiles=475 underruns=2 overruns=0 sleep_us=2477859 queue_ms=9
fps: 30.0
vis: 60.0
cpu: exceptions=1752 cacheResets=1 batches=4554 verts=103257 texStalls=0 recompiles=478 underruns=2 overruns=0 sleep_us=2898267 queue_ms=15
fps: 30.0
vis: 60.0
cpu: exceptions=1894 cacheResets=1 batches=6624 verts=150192 texStalls=0 recompiles=478 underruns=2 overruns=0 sleep_us=3327465 queue_ms=11
fps: 30.0
vis: 60.0
cpu: exceptions=2036 cacheResets=1 batches=8694 verts=197127 texStalls=0 recompiles=478 underruns=2 overruns=0 sleep_us=3756400 queue_ms=16
fps: 30.0
vis: 60.0
cpu: exceptions=2178 cacheResets=1 batches=10767 verts=244080 texStalls=0 recompiles=489 underruns=2 overruns=0 sleep_us=4184083 queue_ms=13
fps: 30.0
vis: 60.0
cpu: exceptions=2319 cacheResets=1 batches=12574 verts=284835 texStalls=0 recompiles=498 underruns=2 overruns=0 sleep_us=4616168 queue_ms=9
vis: 60.0
cpu: exceptions=2638 cacheResets=1 batches=12574 verts=284835 texStalls=0 recompiles=675 underruns=3 overruns=0 sleep_us=4830519 queue_ms=23
vis: 60.0
cpu: exceptions=2728 cacheResets=1 batches=12574 verts=284835 texStalls=0 recompiles=733 underruns=3 overruns=0 sleep_us=5073460 queue_ms=19
vis: 60.0
cpu: exceptions=2818 cacheResets=1 batches=12574 verts=284835 texStalls=0 recompiles=784 underruns=3 overruns=0 sleep_us=5372646 queue_ms=25
fps: 4.9
vis: 60.0
cpu: exceptions=2961 cacheResets=1 batches=13906 verts=302151 texStalls=0 recompiles=910 underruns=5 overruns=0 sleep_us=5640972 queue_ms=8
fps: 15.2
vis: 60.0
cpu: exceptions=3118 cacheResets=1 batches=18802 verts=366492 texStalls=0 recompiles=910 underruns=5 overruns=0 sleep_us=5819885 queue_ms=4
fps: 30.0
vis: 60.0
cpu: exceptions=3273 cacheResets=1 batches=23671 verts=430419 texStalls=0 recompiles=927 underruns=5 overruns=0 sleep_us=5998591 queue_ms=8
fps: 30.0
vis: 60.0
cpu: exceptions=3436 cacheResets=1 batches=28531 verts=494274 texStalls=0 recompiles=927 underruns=5 overruns=0 sleep_us=6177455 queue_ms=5
fps: 30.0
vis: 60.0
cpu: exceptions=3591 cacheResets=1 batches=33399 verts=558177 texStalls=0 recompiles=927 underruns=5 overruns=0 sleep_us=6365845 queue_ms=10
fps: 29.2
vis: 60.0
cpu: exceptions=3762 cacheResets=1 batches=38263 verts=622056 texStalls=0 recompiles=927 underruns=6 overruns=0 sleep_us=6540339 queue_ms=6
fps: 29.9
vis: 60.0
cpu: exceptions=3974 cacheResets=1 batches=43129 verts=685947 texStalls=0 recompiles=928 underruns=7 overruns=0 sleep_us=6700974 queue_ms=12
fps: 30.0
vis: 60.0
cpu: exceptions=4198 cacheResets=1 batches=47993 verts=749826 texStalls=0 recompiles=928 underruns=7 overruns=0 sleep_us=6847925 queue_ms=17
fps: 30.0
vis: 60.0
cpu: exceptions=4425 cacheResets=1 batches=52860 verts=813723 texStalls=0 recompiles=928 underruns=7 overruns=0 sleep_us=6996457 queue_ms=13
fps: 30.0
vis: 60.0
cpu: exceptions=4645 cacheResets=1 batches=57726 verts=877614 texStalls=0 recompiles=928 underruns=7 overruns=0 sleep_us=7147940 queue_ms=18
fps: 30.0
vis: 60.0
cpu: exceptions=4859 cacheResets=1 batches=62589 verts=941487 texStalls=0 recompiles=928 underruns=7 overruns=0 sleep_us=7304094 queue_ms=15
fps: 30.0
vis: 60.0
cpu: exceptions=5079 cacheResets=1 batches=67450 verts=1005348 texStalls=0 recompiles=928 underruns=7 overruns=0 sleep_us=7458547 queue_ms=11
fps: 30.0
vis: 60.0
cpu: exceptions=5295 cacheResets=1 batches=72314 verts=1069227 texStalls=0 recompiles=928 underruns=7 overruns=0 sleep_us=7611507 queue_ms=16
fps: 30.0
vis: 60.0
cpu: exceptions=5521 cacheResets=1 batches=77183 verts=1133136 texStalls=0 recompiles=928 underruns=7 overruns=0 sleep_us=7760008 queue_ms=13
fps: 30.0
vis: 60.0
cpu: exceptions=5754 cacheResets=1 batches=82042 verts=1196985 texStalls=0 recompiles=928 underruns=7 overruns=0 sleep_us=7905283 queue_ms=17
fps: 30.0
mark: stop reason: chain guest VI limit
mark: stop_it requested
vis: 58.0
cpu: exceptions=5980 cacheResets=1 batches=86583 verts=1256613 texStalls=0 recompiles=928 underruns=8 overruns=0 sleep_us=8039960 queue_ms=7
audio: alist_resample_calls=16770 alist_resample_samples=2210760 alist_zoh_calls=0 alist_zoh_samples=0 musyx_subframes=0 musyx_voices=0 musyx_voice_peak=0
audio_stages: adpcm_calls=16496 adpcm_samples=2666016 envmix_calls=16204 envmix_samples=2162216 mix_calls=3500 mix_samples=1120000 musyx_fx_calls=0 musyx_fx_taps=0 output_calls=876 output_samples=467088
audio_envmix: exp_calls=16204 ge_calls=0 lin_calls=0 nead_calls=0 exp_steady=13261 ge_steady=0 lin_steady=0
audio_gaps: nead_mats=0 nead_efz=0 resample_flag2=0 musyx_ptr10=0
audio_output: stream_requests=3473 stream_fed=1621 input_hz=32006 playback_hz=32006 queue_peak_ms=114
vm_io: read_ahead=1 reads=0 hits=0 read_bytes=0 writes=0 write_bytes=0 errors=0
subsystem_time: stage=rsp_gfx calls=326 timed_calls=326 period=1 timed_us=1474585
subsystem_time: stage=rsp_audio calls=875 timed_calls=875 period=1 timed_us=429988
subsystem_time: stage=rsp_other calls=0 timed_calls=0 period=1 timed_us=0
subsystem_time: stage=lookup calls=4329218 timed_calls=34088 period=127 timed_us=4785
subsystem_time: stage=compile calls=928 timed_calls=928 period=1 timed_us=104968
subsystem_time: stage=dispatch calls=4324660 timed_calls=34052 period=127 timed_us=11277
subsystem_time: stage=execute_inclusive calls=4324660 timed_calls=34052 period=127 timed_us=77981
subsystem_time: stage=rom_copy calls=1548 timed_calls=1548 period=1 timed_us=25191
subsystem_time: stage=present calls=899 timed_calls=899 period=1 timed_us=18478
subsystem_time: stage=limiter calls=880 timed_calls=880 period=1 timed_us=8042584
subsystem_time: stage=vm_fault calls=0 timed_calls=0 period=1 timed_us=0
subsystem_time: stage=vm_victim calls=0 timed_calls=0 period=1 timed_us=0
subsystem_time: stage=vm_read calls=0 timed_calls=0 period=1 timed_us=0
subsystem_time: stage=vm_write calls=0 timed_calls=0 period=1 timed_us=0
subsystem_time: stage=tex_hash calls=29101 timed_calls=29101 period=1 timed_us=282250
subsystem_time: stage=tex_lookup calls=29101 timed_calls=29101 period=1 timed_us=5867
subsystem_time: stage=tex_load calls=37 timed_calls=37 period=1 timed_us=2219
subsystem_time: stage=tex_activate calls=29101 timed_calls=29101 period=1 timed_us=13380
subsystem_time: stage=draw_triangles calls=86583 timed_calls=86583 period=1 timed_us=197863
subsystem_time: stage=draw_rect calls=2010 timed_calls=2010 period=1 timed_us=14934
audio_time: stage=resample sampled_calls=132 sampled_samples=17512 sampled_us=741
audio_time: stage=zoh sampled_calls=0 sampled_samples=0 sampled_us=0
audio_time: stage=adpcm sampled_calls=129 sampled_samples=20528 sampled_us=841
audio_time: stage=envmix_exp sampled_calls=127 sampled_samples=16960 sampled_us=1223
audio_time: stage=envmix_ge sampled_calls=0 sampled_samples=0 sampled_us=0
audio_time: stage=envmix_lin sampled_calls=0 sampled_samples=0 sampled_us=0
audio_time: stage=envmix_nead sampled_calls=0 sampled_samples=0 sampled_us=0
audio_time: stage=mix sampled_calls=27 sampled_samples=8640 sampled_us=146
audio_time: stage=musyx_voice sampled_calls=0 sampled_samples=0 sampled_us=0
audio_time: stage=musyx_fx sampled_calls=0 sampled_samples=0 sampled_us=0
audio_time: stage=output sampled_calls=6 sampled_samples=3200 sampled_us=60
game: n=1/3 how=vis vis=900 vi_rate=60 vi0_retrace=337 wall_us=15173835 sleep_us=8039960 avg_vis=58.00 avg_fps=25.40 exceptions=5981 cacheResets=1 recompiles=928 batches=86583 verts=1256613 texStalls=0 treeDepthMax=14 underruns=8 overruns=0 queue_peak_ms=96 dsp_avg=1.49 dsp_peak=1.80 pmc1=5054575151 pmc2=5027413577 pmc3=0 pmc4=0 mmcr0=00000042 mmcr1=00000000 heap_used=10848680 heap_free=36584 arena1_free=573440 arena2_free=577472 flushes=3 flush_us=33727 padtrace=4 rom=sd:/wii64/roms/Super Mario 64.v64
=== chain 1/3 end vis=900 how=vis rom=sd:/wii64/roms/Super Mario 64.v64 ===
mark: pad replay records: 1
mark: loadROM: enter
mark: loadROM: before rom_read
mark: ROMCache_load: enter
mark: ROMCache_load: before first read
mark: ROMCache_load: first read returned
mark: ROMCache_load: byte_swap_type set
mark: ROMCache_load: first byte_swap done
menufps: 0.1
menufps: 8.4
menufps: 8.1
menufps: 8.0
menufps: 8.1
menufps: 8.3
menufps: 7.7
mark: ROMCache_load: loop exited normally
mark: ROMCache_load: elapsed_us=3808971 bytes=16777216 vm=0
mark: loadROM: after rom_read
mark: loadROM: before init_memory
mark: loadROM: after init_memory
mark: loadROM: before romOpen_gfx
mark: loadROM: after romOpen_gfx / before romOpen_audio
mark: loadROM: after romOpen_audio / before romOpen_input
mark: loadROM: after romOpen_input / before cpu_init
mark: loadROM: after cpu_init
menufps: 1.4
fps: 0.5
first_vi: vi0_retrace=1681
vis: 0.1
cpu: exceptions=0 cacheResets=0 batches=0 verts=0 texStalls=0 recompiles=0 underruns=0 overruns=0 sleep_us=0 queue_ms=0
mark: CPU core dispatch: dynarec
vis: 60.0
cpu: exceptions=37 cacheResets=1 batches=0 verts=0 texStalls=0 recompiles=138 underruns=0 overruns=0 sleep_us=53752 queue_ms=0
vis: 60.0
cpu: exceptions=67 cacheResets=1 batches=0 verts=0 texStalls=0 recompiles=138 underruns=0 overruns=0 sleep_us=396426 queue_ms=0
vis: 60.0
cpu: exceptions=368 cacheResets=1 batches=0 verts=0 texStalls=0 recompiles=390 underruns=0 overruns=0 sleep_us=693624 queue_ms=0
vis: 60.0
cpu: exceptions=570 cacheResets=1 batches=0 verts=0 texStalls=0 recompiles=668 underruns=2 overruns=0 sleep_us=1002805 queue_ms=17
fps: 0.4
vis: 60.0
cpu: exceptions=766 cacheResets=1 batches=44 verts=2262 texStalls=0 recompiles=1899 underruns=3 overruns=0 sleep_us=1176507 queue_ms=34
vis: 60.0
cpu: exceptions=919 cacheResets=1 batches=44 verts=2262 texStalls=0 recompiles=1913 underruns=3 overruns=0 sleep_us=1445080 queue_ms=39
fps: 1.3
vis: 60.0
cpu: exceptions=1111 cacheResets=1 batches=523 verts=18168 texStalls=0 recompiles=1998 underruns=3 overruns=0 sleep_us=1722892 queue_ms=43
fps: 30.0
vis: 60.0
cpu: exceptions=1290 cacheResets=1 batches=1367 verts=39522 texStalls=0 recompiles=2005 underruns=3 overruns=0 sleep_us=2011791 queue_ms=34
fps: 29.3
vis: 60.0
cpu: exceptions=1480 cacheResets=1 batches=2414 verts=62094 texStalls=0 recompiles=2008 underruns=3 overruns=0 sleep_us=2290574 queue_ms=26
fps: 30.0
vis: 60.0
cpu: exceptions=1657 cacheResets=1 batches=3477 verts=84762 texStalls=0 recompiles=2009 underruns=3 overruns=0 sleep_us=2571251 queue_ms=30
fps: 30.0
vis: 60.0
cpu: exceptions=1840 cacheResets=1 batches=4530 verts=107034 texStalls=0 recompiles=2011 underruns=3 overruns=0 sleep_us=2852133 queue_ms=34
fps: 30.0
vis: 60.0
cpu: exceptions=2031 cacheResets=1 batches=5594 verts=129078 texStalls=0 recompiles=2028 underruns=3 overruns=0 sleep_us=3128404 queue_ms=30
fps: 30.0
vis: 60.0
cpu: exceptions=2218 cacheResets=1 batches=6620 verts=150894 texStalls=0 recompiles=2028 underruns=3 overruns=0 sleep_us=3413179 queue_ms=35
fps: 30.0
vis: 60.0
cpu: exceptions=2399 cacheResets=1 batches=7874 verts=182286 texStalls=0 recompiles=2030 underruns=3 overruns=0 sleep_us=3667907 queue_ms=26
fps: 29.9
vis: 60.0
cpu: exceptions=2607 cacheResets=1 batches=9515 verts=221466 texStalls=0 recompiles=2035 underruns=3 overruns=0 sleep_us=3886122 queue_ms=30
fps: 30.0
vis: 60.0
cpu: exceptions=2786 cacheResets=1 batches=11160 verts=252474 texStalls=0 recompiles=2046 underruns=3 overruns=0 sleep_us=4119476 queue_ms=26
fps: 30.0
vis: 60.0
cpu: exceptions=2963 cacheResets=1 batches=12648 verts=277062 texStalls=0 recompiles=2062 underruns=3 overruns=0 sleep_us=4384095 queue_ms=31
fps: 30.0
vis: 60.0
cpu: exceptions=3134 cacheResets=1 batches=13893 verts=300192 texStalls=0 recompiles=2062 underruns=3 overruns=0 sleep_us=4668340 queue_ms=35
fps: 30.0
vis: 60.0
cpu: exceptions=3311 cacheResets=1 batches=14955 verts=322224 texStalls=0 recompiles=2063 underruns=3 overruns=0 sleep_us=4960553 queue_ms=40
fps: 30.0
vis: 60.0
cpu: exceptions=3496 cacheResets=1 batches=15990 verts=344094 texStalls=0 recompiles=2063 underruns=3 overruns=0 sleep_us=5246496 queue_ms=31
fps: 30.0
vis: 60.0
cpu: exceptions=3685 cacheResets=1 batches=17051 verts=367944 texStalls=0 recompiles=2063 underruns=3 overruns=0 sleep_us=5522535 queue_ms=27
fps: 29.9
vis: 60.0
cpu: exceptions=3873 cacheResets=1 batches=18373 verts=405216 texStalls=0 recompiles=2063 underruns=3 overruns=0 sleep_us=5768801 queue_ms=31
fps: 30.0
vis: 60.0
cpu: exceptions=4080 cacheResets=1 batches=19710 verts=442578 texStalls=0 recompiles=2071 underruns=3 overruns=0 sleep_us=6010742 queue_ms=36
fps: 29.9
vis: 60.0
cpu: exceptions=4276 cacheResets=1 batches=22471 verts=477696 texStalls=0 recompiles=2080 underruns=3 overruns=0 sleep_us=6224292 queue_ms=40
fps: 29.8
vis: 60.0
cpu: exceptions=4471 cacheResets=1 batches=27669 verts=520134 texStalls=0 recompiles=2080 underruns=3 overruns=0 sleep_us=6398793 queue_ms=31
fps: 30.0
vis: 60.0
cpu: exceptions=4657 cacheResets=1 batches=32960 verts=563130 texStalls=0 recompiles=2080 underruns=3 overruns=0 sleep_us=6578579 queue_ms=27
fps: 30.0
vis: 60.0
cpu: exceptions=4854 cacheResets=1 batches=37986 verts=604536 texStalls=0 recompiles=2082 underruns=3 overruns=0 sleep_us=6767921 queue_ms=32
fps: 30.0
vis: 60.0
cpu: exceptions=5048 cacheResets=1 batches=43113 verts=646548 texStalls=0 recompiles=2082 underruns=3 overruns=0 sleep_us=6955632 queue_ms=36
fps: 29.1
vis: 60.0
cpu: exceptions=5255 cacheResets=1 batches=48350 verts=691956 texStalls=0 recompiles=2082 underruns=3 overruns=0 sleep_us=7120405 queue_ms=14
fps: 30.1
mark: stop reason: chain guest VI limit
mark: stop_it requested
audio: alist_resample_calls=7273 alist_resample_samples=1338232 alist_zoh_calls=0 alist_zoh_samples=0 musyx_subframes=0 musyx_voices=0 musyx_voice_peak=0
audio_stages: adpcm_calls=5684 adpcm_samples=629344 envmix_calls=5654 envmix_samples=1040336 mix_calls=32380 mix_samples=5957920 musyx_fx_calls=0 musyx_fx_taps=0 output_calls=405 output_samples=297160
audio_envmix: exp_calls=0 ge_calls=0 lin_calls=5654 nead_calls=0 exp_steady=0 ge_steady=0 lin_steady=5208
audio_gaps: nead_mats=0 nead_efz=0 resample_flag2=0 musyx_ptr10=0
audio_output: stream_requests=3355 stream_fed=1031 input_hz=21998 playback_hz=21998 queue_peak_ms=77
vm_io: read_ahead=1 reads=0 hits=0 read_bytes=0 writes=0 write_bytes=0 errors=0
subsystem_time: stage=rsp_gfx calls=358 timed_calls=358 period=1 timed_us=1340929
subsystem_time: stage=rsp_audio calls=406 timed_calls=406 period=1 timed_us=306283
subsystem_time: stage=rsp_other calls=0 timed_calls=0 period=1 timed_us=0
subsystem_time: stage=lookup calls=4415543 timed_calls=34768 period=127 timed_us=5836
subsystem_time: stage=compile calls=2083 timed_calls=2083 period=1 timed_us=176607
subsystem_time: stage=dispatch calls=4132102 timed_calls=32536 period=127 timed_us=12374
subsystem_time: stage=execute_inclusive calls=4132102 timed_calls=32536 period=127 timed_us=65033
subsystem_time: stage=rom_copy calls=640 timed_calls=640 period=1 timed_us=14385
subsystem_time: stage=present calls=899 timed_calls=899 period=1 timed_us=60857
subsystem_time: stage=limiter calls=861 timed_calls=861 period=1 timed_us=7310481
subsystem_time: stage=vm_fault calls=0 timed_calls=0 period=1 timed_us=0
subsystem_time: stage=vm_victim calls=0 timed_calls=0 period=1 timed_us=0
subsystem_time: stage=vm_read calls=0 timed_calls=0 period=1 timed_us=0
subsystem_time: stage=vm_write calls=0 timed_calls=0 period=1 timed_us=0
subsystem_time: stage=tex_hash calls=48848 timed_calls=48848 period=1 timed_us=384449
subsystem_time: stage=tex_lookup calls=48848 timed_calls=48848 period=1 timed_us=8762
subsystem_time: stage=tex_load calls=28 timed_calls=28 period=1 timed_us=1998
subsystem_time: stage=tex_activate calls=48848 timed_calls=48848 period=1 timed_us=22052
subsystem_time: stage=draw_triangles calls=52520 timed_calls=52520 period=1 timed_us=191001
subsystem_time: stage=draw_rect calls=0 timed_calls=0 period=1 timed_us=0
audio_time: stage=resample sampled_calls=57 sampled_samples=10488 sampled_us=418
audio_time: stage=zoh sampled_calls=0 sampled_samples=0 sampled_us=0
audio_time: stage=adpcm sampled_calls=44 sampled_samples=4752 sampled_us=204
audio_time: stage=envmix_exp sampled_calls=0 sampled_samples=0 sampled_us=0
audio_time: stage=envmix_ge sampled_calls=0 sampled_samples=0 sampled_us=0
audio_time: stage=envmix_lin sampled_calls=44 sampled_samples=8096 sampled_us=709
audio_time: stage=envmix_nead sampled_calls=0 sampled_samples=0 sampled_us=0
audio_time: stage=mix sampled_calls=254 sampled_samples=46736 sampled_us=797
audio_time: stage=musyx_voice sampled_calls=0 sampled_samples=0 sampled_us=0
audio_time: stage=musyx_fx sampled_calls=0 sampled_samples=0 sampled_us=0
audio_time: stage=output sampled_calls=3 sampled_samples=2208 sampled_us=39
game: n=2/3 how=vis vis=900 vi_rate=60 vi0_retrace=1681 wall_us=15182764 sleep_us=7307712 avg_vis=58.00 avg_fps=26.55 exceptions=5450 cacheResets=1 recompiles=2083 batches=52520 verts=741906 texStalls=0 treeDepthMax=31 underruns=3 overruns=0 queue_peak_ms=43 dsp_avg=1.35 dsp_peak=1.65 pmc1=5475656608 pmc2=5215447750 pmc3=0 pmc4=0 mmcr0=00000042 mmcr1=00000000 heap_used=10926056 heap_free=37032 arena1_free=495616 arena2_free=577472 flushes=4 flush_us=43619 padtrace=0 rom=sd:/wii64/roms/Banjo-Kazooie.V64
=== chain 2/3 end vis=900 how=vis rom=sd:/wii64/roms/Banjo-Kazooie.V64 ===
mark: pad replay records: 1
mark: loadROM: enter
mark: loadROM: before rom_read
mark: ROMCache_load: enter
mark: ROMCache_load: before first read
mark: ROMCache_load: first read returned
mark: ROMCache_load: byte_swap_type set
mark: ROMCache_load: first byte_swap done
menufps: 0.1
menufps: 8.5
menufps: 8.0
menufps: 8.2
menufps: 8.3
menufps: 8.3
menufps: 8.3
mark: ROMCache_load: loop exited normally
mark: ROMCache_load: elapsed_us=3738075 bytes=16777216 vm=0
mark: loadROM: after rom_read
mark: loadROM: before init_memory
mark: loadROM: after init_memory
mark: loadROM: before romOpen_gfx
mark: loadROM: after romOpen_gfx / before romOpen_audio
mark: loadROM: after romOpen_audio / before romOpen_input
mark: loadROM: after romOpen_input / before cpu_init
mark: loadROM: after cpu_init
menufps: 0.9
fps: 0.5
first_vi: vi0_retrace=3021
vis: 3.8
cpu: exceptions=0 cacheResets=0 batches=0 verts=0 texStalls=0 recompiles=0 underruns=0 overruns=0 sleep_us=0 queue_ms=0
mark: CPU core dispatch: dynarec
vis: 60.0
cpu: exceptions=1471 cacheResets=1 batches=0 verts=0 texStalls=0 recompiles=421 underruns=0 overruns=0 sleep_us=141041 queue_ms=157
fps: 3.1
vis: 60.0
cpu: exceptions=2355 cacheResets=1 batches=0 verts=0 texStalls=0 recompiles=425 underruns=0 overruns=0 sleep_us=514743 queue_ms=151
fps: 60.6
vis: 60.0
cpu: exceptions=2625 cacheResets=1 batches=0 verts=0 texStalls=0 recompiles=425 underruns=0 overruns=0 sleep_us=943254 queue_ms=156
fps: 60.0
vis: 60.0
cpu: exceptions=2918 cacheResets=1 batches=0 verts=0 texStalls=0 recompiles=468 underruns=0 overruns=0 sleep_us=1358344 queue_ms=153
vis: 60.0
cpu: exceptions=3298 cacheResets=1 batches=0 verts=0 texStalls=0 recompiles=468 underruns=0 overruns=0 sleep_us=1716642 queue_ms=157
fps: 14.9
vis: 55.6
cpu: exceptions=3637 cacheResets=1 batches=2160 verts=57624 texStalls=0 recompiles=742 underruns=0 overruns=0 sleep_us=1908625 queue_ms=121
fps: 59.6
vis: 60.0
cpu: exceptions=3927 cacheResets=1 batches=8940 verts=235104 texStalls=0 recompiles=763 underruns=0 overruns=0 sleep_us=1992736 queue_ms=117
fps: 60.0
vis: 60.0
cpu: exceptions=4223 cacheResets=1 batches=15711 verts=412530 texStalls=0 recompiles=771 underruns=0 overruns=0 sleep_us=2079372 queue_ms=112
fps: 60.0
vis: 60.0
cpu: exceptions=4522 cacheResets=1 batches=22461 verts=589830 texStalls=0 recompiles=775 underruns=0 overruns=0 sleep_us=2165677 queue_ms=119
fps: 60.0
vis: 60.0
cpu: exceptions=4813 cacheResets=1 batches=29211 verts=767130 texStalls=0 recompiles=775 underruns=0 overruns=0 sleep_us=2255165 queue_ms=114
fps: 60.0
vis: 60.0
cpu: exceptions=5101 cacheResets=1 batches=35961 verts=944430 texStalls=0 recompiles=775 underruns=0 overruns=0 sleep_us=2346810 queue_ms=120
fps: 60.0
vis: 60.0
cpu: exceptions=5396 cacheResets=1 batches=42711 verts=1121730 texStalls=0 recompiles=775 underruns=0 overruns=0 sleep_us=2435264 queue_ms=115
fps: 60.0
vis: 60.0
cpu: exceptions=5682 cacheResets=1 batches=49461 verts=1299030 texStalls=0 recompiles=777 underruns=0 overruns=0 sleep_us=2527291 queue_ms=122
fps: 60.0
vis: 60.0
cpu: exceptions=5976 cacheResets=1 batches=56211 verts=1476330 texStalls=0 recompiles=777 underruns=0 overruns=0 sleep_us=2611786 queue_ms=117
fps: 60.0
vis: 60.0
cpu: exceptions=6274 cacheResets=1 batches=62961 verts=1653630 texStalls=0 recompiles=777 underruns=0 overruns=0 sleep_us=2694103 queue_ms=114
fps: 60.0
vis: 60.0
cpu: exceptions=6569 cacheResets=1 batches=69711 verts=1830930 texStalls=0 recompiles=777 underruns=0 overruns=0 sleep_us=2776931 queue_ms=119
fps: 60.0
vis: 60.0
cpu: exceptions=6867 cacheResets=1 batches=76461 verts=2008230 texStalls=0 recompiles=777 underruns=0 overruns=0 sleep_us=2856819 queue_ms=115
fps: 60.0
vis: 60.0
cpu: exceptions=7159 cacheResets=1 batches=83211 verts=2185530 texStalls=0 recompiles=777 underruns=0 overruns=0 sleep_us=2938620 queue_ms=121
fps: 58.2
vis: 60.0
cpu: exceptions=7451 cacheResets=1 batches=89961 verts=2362830 texStalls=0 recompiles=777 underruns=0 overruns=0 sleep_us=3022794 queue_ms=98
fps: 60.0
vis: 60.0
cpu: exceptions=7740 cacheResets=1 batches=96711 verts=2540130 texStalls=0 recompiles=777 underruns=0 overruns=0 sleep_us=3108707 queue_ms=104
fps: 60.0
vis: 60.0
cpu: exceptions=8030 cacheResets=1 batches=103461 verts=2717430 texStalls=0 recompiles=777 underruns=0 overruns=0 sleep_us=3197987 queue_ms=100
fps: 59.9
vis: 60.0
cpu: exceptions=8327 cacheResets=1 batches=110211 verts=2894730 texStalls=0 recompiles=777 underruns=0 overruns=0 sleep_us=3280912 queue_ms=106
fps: 60.0
vis: 60.0
cpu: exceptions=8621 cacheResets=1 batches=116961 verts=3072030 texStalls=0 recompiles=777 underruns=0 overruns=0 sleep_us=3353114 queue_ms=101
fps: 60.0
vis: 60.0
cpu: exceptions=8932 cacheResets=1 batches=123711 verts=3249330 texStalls=0 recompiles=777 underruns=0 overruns=0 sleep_us=3412669 queue_ms=108
fps: 60.0
vis: 60.0
cpu: exceptions=9250 cacheResets=1 batches=130461 verts=3426630 texStalls=0 recompiles=777 underruns=0 overruns=0 sleep_us=3469376 queue_ms=103
fps: 60.0
vis: 60.0
cpu: exceptions=9569 cacheResets=1 batches=137211 verts=3603930 texStalls=0 recompiles=777 underruns=0 overruns=0 sleep_us=3527776 queue_ms=100
vis: 60.0
cpu: exceptions=9934 cacheResets=1 batches=145086 verts=3810780 texStalls=0 recompiles=777 underruns=0 overruns=0 sleep_us=3596801 queue_ms=107
fps: 60.0
vis: 60.0
cpu: exceptions=10242 cacheResets=1 batches=151838 verts=3988080 texStalls=0 recompiles=777 underruns=0 overruns=0 sleep_us=3660498 queue_ms=104
fps: 60.0
vis: 60.0
cpu: exceptions=10555 cacheResets=1 batches=159358 verts=4190163 texStalls=0 recompiles=777 underruns=0 overruns=0 sleep_us=3705480 queue_ms=108
fps: 59.8
mark: stop reason: chain guest VI limit
mark: stop_it requested
audio: alist_resample_calls=10077 alist_resample_samples=1250096 alist_zoh_calls=0 alist_zoh_samples=0 musyx_subframes=0 musyx_voices=0 musyx_voice_peak=0
audio_stages: adpcm_calls=9759 adpcm_samples=1154016 envmix_calls=10077 envmix_samples=1250096 mix_calls=79024 mix_samples=10544864 musyx_fx_calls=0 musyx_fx_taps=0 output_calls=897 output_samples=478768
audio_envmix: exp_calls=10077 ge_calls=0 lin_calls=0 nead_calls=0 exp_steady=5510 ge_steady=0 lin_steady=0
audio_gaps: nead_mats=0 nead_efz=0 resample_flag2=0 musyx_ptr10=0
audio_output: stream_requests=3317 stream_fed=1654 input_hz=32006 playback_hz=32006 queue_peak_ms=178
vm_io: read_ahead=1 reads=0 hits=0 read_bytes=0 writes=0 write_bytes=0 errors=0
subsystem_time: stage=rsp_gfx calls=810 timed_calls=810 period=1 timed_us=5692353
subsystem_time: stage=rsp_audio calls=898 timed_calls=898 period=1 timed_us=591231
subsystem_time: stage=rsp_other calls=0 timed_calls=0 period=1 timed_us=0
subsystem_time: stage=lookup calls=3610030 timed_calls=28425 period=127 timed_us=4218
subsystem_time: stage=compile calls=777 timed_calls=777 period=1 timed_us=105922
subsystem_time: stage=dispatch calls=3517131 timed_calls=27693 period=127 timed_us=9583
subsystem_time: stage=execute_inclusive calls=3517131 timed_calls=27693 period=127 timed_us=59754
subsystem_time: stage=rom_copy calls=1024 timed_calls=1024 period=1 timed_us=14766
subsystem_time: stage=present calls=899 timed_calls=899 period=1 timed_us=42178
subsystem_time: stage=limiter calls=871 timed_calls=871 period=1 timed_us=3720028
subsystem_time: stage=vm_fault calls=0 timed_calls=0 period=1 timed_us=0
subsystem_time: stage=vm_victim calls=0 timed_calls=0 period=1 timed_us=0
subsystem_time: stage=vm_read calls=0 timed_calls=0 period=1 timed_us=0
subsystem_time: stage=vm_write calls=0 timed_calls=0 period=1 timed_us=0
subsystem_time: stage=tex_hash calls=147492 timed_calls=147492 period=1 timed_us=1592997
subsystem_time: stage=tex_lookup calls=147492 timed_calls=147492 period=1 timed_us=43799
subsystem_time: stage=tex_load calls=136 timed_calls=136 period=1 timed_us=18876
subsystem_time: stage=tex_activate calls=147492 timed_calls=147492 period=1 timed_us=70770
subsystem_time: stage=draw_triangles calls=167028 timed_calls=167028 period=1 timed_us=583672
subsystem_time: stage=draw_rect calls=5440 timed_calls=5440 period=1 timed_us=115923
audio_time: stage=resample sampled_calls=79 sampled_samples=10240 sampled_us=439
audio_time: stage=zoh sampled_calls=0 sampled_samples=0 sampled_us=0
audio_time: stage=adpcm sampled_calls=76 sampled_samples=8016 sampled_us=361
audio_time: stage=envmix_exp sampled_calls=79 sampled_samples=10240 sampled_us=1202
audio_time: stage=envmix_ge sampled_calls=0 sampled_samples=0 sampled_us=0
audio_time: stage=envmix_lin sampled_calls=0 sampled_samples=0 sampled_us=0
audio_time: stage=envmix_nead sampled_calls=0 sampled_samples=0 sampled_us=0
audio_time: stage=mix sampled_calls=622 sampled_samples=83008 sampled_us=1373
audio_time: stage=musyx_voice sampled_calls=0 sampled_samples=0 sampled_us=0
audio_time: stage=musyx_fx sampled_calls=0 sampled_samples=0 sampled_us=0
audio_time: stage=output sampled_calls=7 sampled_samples=3712 sampled_us=70
game: n=3/3 how=vis vis=900 vi_rate=60 vi0_retrace=3021 wall_us=15223796 sleep_us=3717124 avg_vis=57.98 avg_fps=54.17 exceptions=10823 cacheResets=1 recompiles=777 batches=167028 verts=4402401 texStalls=0 treeDepthMax=12 underruns=0 overruns=0 queue_peak_ms=157 dsp_avg=1.62 dsp_peak=1.90 pmc1=8226558107 pmc2=7964596204 pmc3=0 pmc4=0 mmcr0=00000042 mmcr1=00000000 heap_used=10838280 heap_free=157576 arena1_free=462848 arena2_free=577472 flushes=3 flush_us=37946 padtrace=0 rom=sd:/wii64/roms/Pokemon Snap.rom
=== chain 3/3 end vis=900 how=vis rom=sd:/wii64/roms/Pokemon Snap.rom ===
