--- wii64 perf log ---
mark: diag received dynacore line
mark: diag requested core: dynarec
mark: pad replay records: 1
selftest:
  raw[0]=51279380880967119
  raw[1]=51279380880967119
  raw[2]=51279380880967132
  raw[3]=51279380880967145
  raw[4]=51279380880967158
  delta[0]=0us
  delta[1]=0us
  delta[2]=0us
  delta[3]=0us
mark: audio quality: accurate
mark: audio modes: n64=0 output=0 mixer=0 latency=2 sync=0
mark: diag applied core: dynarec
mark: HBC agent ready
mark: loadROM: enter
mark: loadROM: before rom_read
mark: ROMCache_load: enter
menufps: 0.4
mark: ROMCache_load: before first read
mark: ROMCache_load: first read returned
mark: ROMCache_load: byte_swap_type set
mark: ROMCache_load: first byte_swap done
menufps: 0.2
menufps: 55.1
menufps: 1.4
menufps: 1.4
menufps: 1.4
menufps: 1.4
menufps: 1.4
menufps: 1.4
menufps: 1.4
menufps: 21.4
mark: ROMCache_load: loop exited normally
mark: ROMCache_load: VM writeback complete
mark: loadROM: after rom_read
mark: loadROM: before init_memory
mark: loadROM: after init_memory
mark: loadROM: before romOpen_gfx
mark: loadROM: after romOpen_gfx / before romOpen_audio
mark: loadROM: after romOpen_audio / before romOpen_input
mark: loadROM: after romOpen_input / before cpu_init
mark: loadROM: after cpu_init
menufps: 0.7
menufps: 0.7
fps: 0.0
first_vi: vi0_retrace=2247
vis: 0.0
cpu: exceptions=0 cacheResets=0 batches=0 verts=0 texStalls=0 recompiles=0 underruns=0 overruns=0 sleep_us=0 queue_ms=0
mark: CPU core dispatch: dynarec
vis: 50.0
cpu: exceptions=1751 cacheResets=1 batches=0 verts=0 texStalls=0 recompiles=367 underruns=0 overruns=0 sleep_us=152529 queue_ms=0
fps: 1.3
vis: 49.9
cpu: exceptions=2779 cacheResets=1 batches=0 verts=0 texStalls=0 recompiles=807 underruns=1 overruns=0 sleep_us=499874 queue_ms=38
fps: 33.9
vis: 50.0
cpu: exceptions=2993 cacheResets=1 batches=0 verts=0 texStalls=0 recompiles=1244 underruns=1 overruns=0 sleep_us=760089 queue_ms=17
fps: 49.6
vis: 50.0
cpu: exceptions=3126 cacheResets=1 batches=0 verts=0 texStalls=0 recompiles=1253 underruns=1 overruns=0 sleep_us=1155425 queue_ms=28
fps: 50.2
vis: 50.0
cpu: exceptions=3282 cacheResets=1 batches=0 verts=0 texStalls=0 recompiles=1267 underruns=1 overruns=0 sleep_us=1522461 queue_ms=36
fps: 49.9
vis: 50.0
cpu: exceptions=3442 cacheResets=1 batches=0 verts=0 texStalls=0 recompiles=1269 underruns=1 overruns=0 sleep_us=1879278 queue_ms=47
fps: 50.1
vis: 50.0
cpu: exceptions=3592 cacheResets=1 batches=0 verts=0 texStalls=0 recompiles=1277 underruns=1 overruns=0 sleep_us=2225873 queue_ms=20
fps: 49.7
vis: 50.0
cpu: exceptions=3739 cacheResets=1 batches=0 verts=0 texStalls=0 recompiles=1277 underruns=1 overruns=0 sleep_us=2584776 queue_ms=37
fps: 50.2
vis: 50.0
cpu: exceptions=3894 cacheResets=1 batches=0 verts=0 texStalls=0 recompiles=1278 underruns=1 overruns=0 sleep_us=2941933 queue_ms=45
fps: 49.9
vis: 50.0
cpu: exceptions=4036 cacheResets=1 batches=0 verts=0 texStalls=0 recompiles=1279 underruns=1 overruns=0 sleep_us=3298923 queue_ms=41
fps: 50.2
vis: 50.0
cpu: exceptions=4188 cacheResets=1 batches=0 verts=0 texStalls=0 recompiles=1279 underruns=1 overruns=0 sleep_us=3653660 queue_ms=29
vis: 50.0
cpu: exceptions=4341 cacheResets=1 batches=0 verts=0 texStalls=0 recompiles=1280 underruns=1 overruns=0 sleep_us=4018638 queue_ms=37
fps: 49.7
vis: 50.0
cpu: exceptions=4492 cacheResets=1 batches=0 verts=0 texStalls=0 recompiles=1280 underruns=1 overruns=0 sleep_us=4374603 queue_ms=48
fps: 50.1
vis: 50.0
cpu: exceptions=4642 cacheResets=1 batches=0 verts=0 texStalls=0 recompiles=1280 underruns=1 overruns=0 sleep_us=4722841 queue_ms=50
fps: 50.1
vis: 50.0
cpu: exceptions=4788 cacheResets=1 batches=0 verts=0 texStalls=0 recompiles=1283 underruns=1 overruns=0 sleep_us=5067015 queue_ms=38
fps: 50.0
vis: 50.0
cpu: exceptions=4927 cacheResets=1 batches=0 verts=0 texStalls=0 recompiles=1283 underruns=1 overruns=0 sleep_us=5421056 queue_ms=40
fps: 49.9
vis: 50.0
cpu: exceptions=5071 cacheResets=1 batches=0 verts=0 texStalls=0 recompiles=1283 underruns=1 overruns=0 sleep_us=5783242 queue_ms=56
fps: 50.2
vis: 50.0
cpu: exceptions=5215 cacheResets=1 batches=0 verts=0 texStalls=0 recompiles=1283 underruns=1 overruns=0 sleep_us=6152828 queue_ms=53
fps: 49.9
vis: 50.0
cpu: exceptions=5364 cacheResets=1 batches=0 verts=0 texStalls=0 recompiles=1283 underruns=1 overruns=0 sleep_us=6511566 queue_ms=41
fps: 50.1
vis: 50.0
cpu: exceptions=5514 cacheResets=1 batches=0 verts=0 texStalls=0 recompiles=1283 underruns=1 overruns=0 sleep_us=6871072 queue_ms=48
fps: 49.9
vis: 50.0
cpu: exceptions=5659 cacheResets=1 batches=0 verts=0 texStalls=0 recompiles=1283 underruns=1 overruns=0 sleep_us=7227723 queue_ms=50
fps: 50.0
vis: 50.0
cpu: exceptions=5801 cacheResets=1 batches=0 verts=0 texStalls=0 recompiles=1283 underruns=1 overruns=0 sleep_us=7591670 queue_ms=61
fps: 49.9
vis: 50.0
cpu: exceptions=5953 cacheResets=1 batches=0 verts=0 texStalls=0 recompiles=1283 underruns=1 overruns=0 sleep_us=7946482 queue_ms=40
fps: 50.1
vis: 50.0
cpu: exceptions=6104 cacheResets=1 batches=0 verts=0 texStalls=0 recompiles=1283 underruns=1 overruns=0 sleep_us=8294329 queue_ms=51
fps: 50.0
vis: 50.0
cpu: exceptions=6255 cacheResets=1 batches=0 verts=0 texStalls=0 recompiles=1283 underruns=1 overruns=0 sleep_us=8649387 queue_ms=59
fps: 50.0
vis: 50.0
cpu: exceptions=6399 cacheResets=1 batches=0 verts=0 texStalls=0 recompiles=1283 underruns=1 overruns=0 sleep_us=9004919 queue_ms=70
fps: 49.9
vis: 50.0
cpu: exceptions=6546 cacheResets=1 batches=0 verts=0 texStalls=0 recompiles=1283 underruns=1 overruns=0 sleep_us=9353557 queue_ms=43
fps: 50.2
vis: 50.0
cpu: exceptions=6697 cacheResets=1 batches=0 verts=0 texStalls=0 recompiles=1283 underruns=1 overruns=0 sleep_us=9696213 queue_ms=51
fps: 50.0
vis: 50.0
cpu: exceptions=6847 cacheResets=1 batches=0 verts=0 texStalls=0 recompiles=1283 underruns=1 overruns=0 sleep_us=10031774 queue_ms=62
fps: 49.9
vis: 50.0
cpu: exceptions=6994 cacheResets=1 batches=0 verts=0 texStalls=0 recompiles=1283 underruns=1 overruns=0 sleep_us=10366433 queue_ms=64
vis: 50.0
cpu: exceptions=7161 cacheResets=1 batches=0 verts=0 texStalls=0 recompiles=1283 underruns=1 overruns=0 sleep_us=10770406 queue_ms=71
fps: 51.1
vis: 50.0
cpu: exceptions=7326 cacheResets=1 batches=0 verts=0 texStalls=0 recompiles=1283 underruns=1 overruns=0 sleep_us=11112646 queue_ms=73
fps: 49.9
vis: 50.0
cpu: exceptions=7486 cacheResets=1 batches=0 verts=0 texStalls=0 recompiles=1286 underruns=1 overruns=0 sleep_us=11459172 queue_ms=84
fps: 49.9
vis: 50.0
cpu: exceptions=7642 cacheResets=1 batches=0 verts=0 texStalls=0 recompiles=1286 underruns=1 overruns=0 sleep_us=11800820 queue_ms=63
fps: 50.3
vis: 50.0
cpu: exceptions=7796 cacheResets=1 batches=0 verts=0 texStalls=0 recompiles=1286 underruns=1 overruns=0 sleep_us=12149012 queue_ms=74
fps: 50.0
mark: stop reason: chain guest VI limit
mark: stop_it requested
audio: alist_resample_calls=29202 alist_resample_samples=5373168 alist_zoh_calls=0 alist_zoh_samples=0 musyx_subframes=0 musyx_voices=0 musyx_voice_peak=0
audio_stages: adpcm_calls=30702 adpcm_samples=5024896 envmix_calls=29202 envmix_samples=5373168 mix_calls=30350 mix_samples=5584400 musyx_fx_calls=0 musyx_fx_taps=0 output_calls=652 output_samples=557520
audio_envmix: exp_calls=0 ge_calls=0 lin_calls=29202 nead_calls=0 exp_steady=0 ge_steady=0 lin_steady=16497
audio_gaps: nead_mats=0 nead_efz=0 resample_flag2=0 musyx_ptr10=0
audio_output: stream_requests=3756 stream_fed=1929 input_hz=31995 playback_hz=31995 queue_peak_ms=108
vm_io: read_ahead=1 reads=41 hits=251 read_bytes=1343488 writes=0 write_bytes=0 errors=0
subsystem_time: stage=rsp_gfx calls=852 timed_calls=852 period=1 timed_us=888030
subsystem_time: stage=rsp_audio calls=653 timed_calls=653 period=1 timed_us=1898610
subsystem_time: stage=rsp_other calls=0 timed_calls=0 period=1 timed_us=0
subsystem_time: stage=lookup calls=1674657 timed_calls=13186 period=127 timed_us=1648
subsystem_time: stage=compile calls=1286 timed_calls=1286 period=1 timed_us=96058
subsystem_time: stage=dispatch calls=1672101 timed_calls=13166 period=127 timed_us=5221
subsystem_time: stage=execute_inclusive calls=1672101 timed_calls=13166 period=127 timed_us=84177
subsystem_time: stage=rom_copy calls=940 timed_calls=940 period=1 timed_us=168987
subsystem_time: stage=present calls=899 timed_calls=899 period=1 timed_us=8875
subsystem_time: stage=limiter calls=878 timed_calls=878 period=1 timed_us=12406778
subsystem_time: stage=vm_fault calls=292 timed_calls=292 period=1 timed_us=162047
subsystem_time: stage=vm_victim calls=292 timed_calls=292 period=1 timed_us=70
subsystem_time: stage=vm_read calls=41 timed_calls=41 period=1 timed_us=160646
subsystem_time: stage=vm_write calls=0 timed_calls=0 period=1 timed_us=0
audio_time: stage=resample sampled_calls=229 sampled_samples=42136 sampled_us=3366
audio_time: stage=zoh sampled_calls=0 sampled_samples=0 sampled_us=0
audio_time: stage=adpcm sampled_calls=241 sampled_samples=40144 sampled_us=2960
audio_time: stage=envmix_exp sampled_calls=0 sampled_samples=0 sampled_us=0
audio_time: stage=envmix_ge sampled_calls=0 sampled_samples=0 sampled_us=0
audio_time: stage=envmix_lin sampled_calls=229 sampled_samples=42136 sampled_us=6751
audio_time: stage=envmix_nead sampled_calls=0 sampled_samples=0 sampled_us=0
audio_time: stage=mix sampled_calls=238 sampled_samples=43792 sampled_us=914
audio_time: stage=musyx_voice sampled_calls=0 sampled_samples=0 sampled_us=0
audio_time: stage=musyx_fx sampled_calls=0 sampled_samples=0 sampled_us=0
audio_time: stage=output sampled_calls=5 sampled_samples=4232 sampled_us=17
game: n=1/3 how=vis vis=900 vi_rate=50 vi0_retrace=2247 wall_us=17993408 sleep_us=12405509 avg_vis=48.61 avg_fps=46.64 exceptions=7919 cacheResets=1 recompiles=1286 batches=0 verts=0 texStalls=0 treeDepthMax=18 underruns=1 overruns=0 queue_peak_ms=84 dsp_avg=3.79 dsp_peak=5.05 pmc1=13112750400 pmc2=0 pmc3=0 pmc4=0 mmcr0=00000042 mmcr1=00000000 heap_used=10866584 heap_free=36328 arena1_free=557056 arena2_free=577472 flushes=3 flush_us=2110 padtrace=4 rom=sd:/wii64/roms/Mario Party 3 (E) (M4) [!].z64
=== chain 1/3 end vis=900 how=vis rom=sd:/wii64/roms/Mario Party 3 (E) (M4) [!].z64 ===
mark: pad replay records: 1
mark: loadROM: enter
mark: loadROM: before rom_read
mark: ROMCache_load: enter
mark: ROMCache_load: before first read
mark: ROMCache_load: first read returned
mark: ROMCache_load: byte_swap_type set
mark: ROMCache_load: first byte_swap done
menufps: 0.1
menufps: 55.6
menufps: 1.4
menufps: 1.4
menufps: 1.4
menufps: 1.4
menufps: 1.4
menufps: 1.4
menufps: 1.4
menufps: 21.4
mark: ROMCache_load: loop exited normally
mark: ROMCache_load: VM writeback complete
mark: loadROM: after rom_read
mark: loadROM: before init_memory
mark: loadROM: after init_memory
mark: loadROM: before romOpen_gfx
mark: loadROM: after romOpen_gfx / before romOpen_audio
mark: loadROM: after romOpen_audio / before romOpen_input
mark: loadROM: after romOpen_input / before cpu_init
mark: loadROM: after cpu_init
menufps: 0.7
menufps: 0.7
fps: 0.6
first_vi: vi0_retrace=4967
vis: 0.7
cpu: exceptions=0 cacheResets=0 batches=0 verts=0 texStalls=0 recompiles=0 underruns=0 overruns=0 sleep_us=0 queue_ms=0
mark: CPU core dispatch: dynarec
vis: 51.4
cpu: exceptions=67 cacheResets=1 batches=0 verts=0 texStalls=0 recompiles=219 underruns=1 overruns=0 sleep_us=0 queue_ms=87
vis: 60.0
cpu: exceptions=197 cacheResets=1 batches=0 verts=0 texStalls=0 recompiles=328 underruns=1 overruns=0 sleep_us=341298 queue_ms=74
vis: 60.0
cpu: exceptions=300 cacheResets=1 batches=0 verts=0 texStalls=0 recompiles=417 underruns=1 overruns=0 sleep_us=660886 queue_ms=82
vis: 59.1
cpu: exceptions=1299 cacheResets=1 batches=0 verts=0 texStalls=0 recompiles=709 underruns=1 overruns=0 sleep_us=805576 queue_ms=69
vis: 60.0
cpu: exceptions=1950 cacheResets=1 batches=0 verts=0 texStalls=0 recompiles=717 underruns=1 overruns=0 sleep_us=1043953 queue_ms=78
vis: 50.6
cpu: exceptions=4810 cacheResets=1 batches=0 verts=0 texStalls=0 recompiles=846 underruns=3 overruns=0 sleep_us=1158366 queue_ms=21
fps: 0.3
vis: 60.0
cpu: exceptions=6899 cacheResets=1 batches=10 verts=1260 texStalls=0 recompiles=1178 underruns=3 overruns=0 sleep_us=1455419 queue_ms=17
fps: 31.9
vis: 60.0
cpu: exceptions=7046 cacheResets=1 batches=25 verts=3150 texStalls=0 recompiles=1178 underruns=3 overruns=0 sleep_us=1891530 queue_ms=17
fps: 30.0
vis: 60.0
cpu: exceptions=7193 cacheResets=1 batches=40 verts=5040 texStalls=0 recompiles=1178 underruns=3 overruns=0 sleep_us=2327587 queue_ms=17
fps: 30.0
vis: 60.0
cpu: exceptions=7340 cacheResets=1 batches=55 verts=6930 texStalls=0 recompiles=1178 underruns=3 overruns=0 sleep_us=2763973 queue_ms=26
fps: 30.0
vis: 60.0
cpu: exceptions=7487 cacheResets=1 batches=70 verts=8820 texStalls=0 recompiles=1178 underruns=3 overruns=0 sleep_us=3200011 queue_ms=13
fps: 30.0
vis: 60.0
cpu: exceptions=7634 cacheResets=1 batches=85 verts=10710 texStalls=0 recompiles=1178 underruns=3 overruns=0 sleep_us=3636116 queue_ms=13
fps: 30.0
vis: 60.0
cpu: exceptions=7781 cacheResets=1 batches=100 verts=12600 texStalls=0 recompiles=1178 underruns=3 overruns=0 sleep_us=4072509 queue_ms=21
fps: 30.0
vis: 60.0
cpu: exceptions=7928 cacheResets=1 batches=115 verts=14490 texStalls=0 recompiles=1178 underruns=3 overruns=0 sleep_us=4508524 queue_ms=8
fps: 30.0
vis: 60.0
cpu: exceptions=8075 cacheResets=1 batches=130 verts=16380 texStalls=0 recompiles=1179 underruns=3 overruns=0 sleep_us=4955801 queue_ms=17
fps: 30.0
vis: 60.0
cpu: exceptions=8222 cacheResets=1 batches=145 verts=18270 texStalls=0 recompiles=1179 underruns=3 overruns=0 sleep_us=5408556 queue_ms=17
fps: 30.0
vis: 60.0
cpu: exceptions=8369 cacheResets=1 batches=160 verts=20160 texStalls=0 recompiles=1179 underruns=3 overruns=0 sleep_us=5861170 queue_ms=17
fps: 30.0
vis: 60.0
cpu: exceptions=8516 cacheResets=1 batches=175 verts=22050 texStalls=0 recompiles=1179 underruns=3 overruns=0 sleep_us=6314155 queue_ms=13
fps: 30.0
vis: 60.0
cpu: exceptions=8663 cacheResets=1 batches=190 verts=23940 texStalls=0 recompiles=1179 underruns=3 overruns=0 sleep_us=6766922 queue_ms=13
fps: 30.0
vis: 60.0
cpu: exceptions=8809 cacheResets=1 batches=205 verts=25830 texStalls=0 recompiles=1179 underruns=3 overruns=0 sleep_us=7219716 queue_ms=13
fps: 30.0
vis: 60.0
cpu: exceptions=8956 cacheResets=1 batches=220 verts=27720 texStalls=0 recompiles=1179 underruns=3 overruns=0 sleep_us=7672893 queue_ms=8
fps: 30.0
vis: 60.0
cpu: exceptions=9103 cacheResets=1 batches=235 verts=29610 texStalls=0 recompiles=1179 underruns=3 overruns=0 sleep_us=8125585 queue_ms=8
fps: 30.0
vis: 60.0
cpu: exceptions=9251 cacheResets=1 batches=250 verts=31500 texStalls=0 recompiles=1179 underruns=3 overruns=0 sleep_us=8580255 queue_ms=17
fps: 29.9
vis: 60.0
cpu: exceptions=9397 cacheResets=1 batches=265 verts=33390 texStalls=0 recompiles=1179 underruns=3 overruns=0 sleep_us=9034312 queue_ms=4
fps: 30.0
vis: 60.0
cpu: exceptions=9544 cacheResets=1 batches=280 verts=35280 texStalls=0 recompiles=1179 underruns=3 overruns=0 sleep_us=9488037 queue_ms=4
fps: 30.0
vis: 60.0
cpu: exceptions=9691 cacheResets=1 batches=295 verts=37170 texStalls=0 recompiles=1179 underruns=3 overruns=0 sleep_us=9942069 queue_ms=13
fps: 30.0
vis: 60.0
cpu: exceptions=9838 cacheResets=1 batches=310 verts=39060 texStalls=0 recompiles=1179 underruns=3 overruns=0 sleep_us=10395928 queue_ms=13
fps: 30.0
vis: 60.0
cpu: exceptions=9985 cacheResets=1 batches=325 verts=40950 texStalls=0 recompiles=1179 underruns=3 overruns=0 sleep_us=10849762 queue_ms=0
fps: 30.0
vis: 60.0
cpu: exceptions=10132 cacheResets=1 batches=340 verts=42840 texStalls=0 recompiles=1179 underruns=3 overruns=0 sleep_us=11303903 queue_ms=8
fps: 30.0
vis: 60.0
cpu: exceptions=10279 cacheResets=1 batches=355 verts=44730 texStalls=0 recompiles=1179 underruns=3 overruns=0 sleep_us=11757730 queue_ms=8
mark: stop reason: chain guest VI limit
mark: stop_it requested
audio: alist_resample_calls=0 alist_resample_samples=0 alist_zoh_calls=0 alist_zoh_samples=0 musyx_subframes=1679 musyx_voices=0 musyx_voice_peak=0
audio_stages: adpcm_calls=0 adpcm_samples=0 envmix_calls=0 envmix_samples=0 mix_calls=0 mix_samples=0 musyx_fx_calls=1610 musyx_fx_taps=3220 output_calls=1686 output_samples=323712
audio_envmix: exp_calls=0 ge_calls=0 lin_calls=0 nead_calls=0 exp_steady=0 ge_steady=0 lin_steady=0
audio_gaps: nead_mats=0 nead_efz=0 resample_flag2=0 musyx_ptr10=0
audio_output: stream_requests=2879 stream_fed=1123 input_hz=22047 playback_hz=22047 queue_peak_ms=108
vm_io: read_ahead=1 reads=77 hits=294 read_bytes=2523136 writes=0 write_bytes=0 errors=0
subsystem_time: stage=rsp_gfx calls=358 timed_calls=358 period=1 timed_us=538739
subsystem_time: stage=rsp_audio calls=439 timed_calls=439 period=1 timed_us=58426
subsystem_time: stage=rsp_other calls=0 timed_calls=0 period=1 timed_us=0
subsystem_time: stage=lookup calls=829368 timed_calls=6530 period=127 timed_us=766
subsystem_time: stage=compile calls=1179 timed_calls=1179 period=1 timed_us=85278
subsystem_time: stage=dispatch calls=827265 timed_calls=6513 period=127 timed_us=3060
subsystem_time: stage=execute_inclusive calls=827265 timed_calls=6513 period=127 timed_us=87997
subsystem_time: stage=rom_copy calls=4991 timed_calls=4991 period=1 timed_us=307073
subsystem_time: stage=present calls=899 timed_calls=899 period=1 timed_us=38828
subsystem_time: stage=limiter calls=848 timed_calls=848 period=1 timed_us=11864309
subsystem_time: stage=vm_fault calls=371 timed_calls=371 period=1 timed_us=303436
subsystem_time: stage=vm_victim calls=371 timed_calls=371 period=1 timed_us=89
subsystem_time: stage=vm_read calls=77 timed_calls=77 period=1 timed_us=301654
subsystem_time: stage=vm_write calls=0 timed_calls=0 period=1 timed_us=0
audio_time: stage=resample sampled_calls=0 sampled_samples=0 sampled_us=0
audio_time: stage=zoh sampled_calls=0 sampled_samples=0 sampled_us=0
audio_time: stage=adpcm sampled_calls=0 sampled_samples=0 sampled_us=0
audio_time: stage=envmix_exp sampled_calls=0 sampled_samples=0 sampled_us=0
audio_time: stage=envmix_ge sampled_calls=0 sampled_samples=0 sampled_us=0
audio_time: stage=envmix_lin sampled_calls=0 sampled_samples=0 sampled_us=0
audio_time: stage=envmix_nead sampled_calls=0 sampled_samples=0 sampled_us=0
audio_time: stage=mix sampled_calls=0 sampled_samples=0 sampled_us=0
audio_time: stage=musyx_voice sampled_calls=0 sampled_samples=0 sampled_us=0
audio_time: stage=musyx_fx sampled_calls=12 sampled_samples=24 sampled_us=303
audio_time: stage=output sampled_calls=13 sampled_samples=2496 sampled_us=13
game: n=2/3 how=vis vis=900 vi_rate=60 vi0_retrace=4967 wall_us=15168623 sleep_us=11863048 avg_vis=57.48 avg_fps=27.71 exceptions=10314 cacheResets=1 recompiles=1179 batches=358 verts=45108 texStalls=0 treeDepthMax=19 underruns=3 overruns=0 queue_peak_ms=87 dsp_avg=3.95 dsp_peak=4.75 pmc1=11053614424 pmc2=0 pmc3=0 pmc4=0 mmcr0=00000042 mmcr1=00000000 heap_used=10858136 heap_free=44776 arena1_free=557056 arena2_free=577472 flushes=4 flush_us=2685 padtrace=0 rom=sd:/wii64/roms/007 - The World Is Not Enough (USA).z64
=== chain 2/3 end vis=900 how=vis rom=sd:/wii64/roms/007 - The World Is Not Enough (USA).z64 ===
mark: pad replay records: 1
mark: loadROM: enter
mark: loadROM: before rom_read
mark: ROMCache_load: enter
mark: ROMCache_load: before first read
mark: ROMCache_load: first read returned
mark: ROMCache_load: byte_swap_type set
mark: ROMCache_load: first byte_swap done
menufps: 0.1
menufps: 54.9
menufps: 1.4
menufps: 1.4
menufps: 1.4
menufps: 1.4
menufps: 1.4
menufps: 1.4
menufps: 1.4
menufps: 21.4
mark: ROMCache_load: loop exited normally
mark: ROMCache_load: VM writeback complete
mark: loadROM: after rom_read
mark: loadROM: before init_memory
mark: loadROM: after init_memory
mark: loadROM: before romOpen_gfx
mark: loadROM: after romOpen_gfx / before romOpen_audio
mark: loadROM: after romOpen_audio / before romOpen_input
mark: loadROM: after romOpen_input / before cpu_init
mark: loadROM: after cpu_init
menufps: 0.7
menufps: 0.7
first_vi: vi0_retrace=7518
mark: CPU core dispatch: dynarec
vis: 60.0
cpu: exceptions=33 cacheResets=1 batches=0 verts=0 texStalls=0 recompiles=82 underruns=0 overruns=0 sleep_us=13267 queue_ms=0
vis: 60.0
cpu: exceptions=63 cacheResets=1 batches=0 verts=0 texStalls=0 recompiles=82 underruns=0 overruns=0 sleep_us=327357 queue_ms=0
vis: 60.0
cpu: exceptions=93 cacheResets=1 batches=0 verts=0 texStalls=0 recompiles=82 underruns=0 overruns=0 sleep_us=640352 queue_ms=0
vis: 60.0
cpu: exceptions=205 cacheResets=1 batches=0 verts=0 texStalls=0 recompiles=182 underruns=0 overruns=0 sleep_us=884405 queue_ms=0
vis: 60.0
cpu: exceptions=246 cacheResets=1 batches=0 verts=0 texStalls=0 recompiles=188 underruns=0 overruns=0 sleep_us=1142911 queue_ms=0
vis: 60.0
cpu: exceptions=288 cacheResets=1 batches=0 verts=0 texStalls=0 recompiles=188 underruns=0 overruns=0 sleep_us=1398112 queue_ms=0
vis: 60.0
cpu: exceptions=318 cacheResets=1 batches=0 verts=0 texStalls=0 recompiles=188 underruns=0 overruns=0 sleep_us=1651165 queue_ms=0
vis: 60.0
cpu: exceptions=395 cacheResets=1 batches=0 verts=0 texStalls=0 recompiles=314 underruns=1 overruns=0 sleep_us=2064618 queue_ms=37
vis: 60.0
cpu: exceptions=472 cacheResets=1 batches=0 verts=0 texStalls=0 recompiles=323 underruns=1 overruns=0 sleep_us=2514316 queue_ms=28
vis: 60.0
cpu: exceptions=547 cacheResets=1 batches=0 verts=0 texStalls=0 recompiles=323 underruns=1 overruns=0 sleep_us=2968377 queue_ms=33
vis: 60.0
cpu: exceptions=741 cacheResets=1 batches=0 verts=0 texStalls=0 recompiles=434 underruns=2 overruns=0 sleep_us=3175813 queue_ms=50
vis: 60.0
cpu: exceptions=966 cacheResets=1 batches=0 verts=0 texStalls=0 recompiles=434 underruns=2 overruns=0 sleep_us=3372441 queue_ms=41
vis: 60.0
cpu: exceptions=1152 cacheResets=1 batches=0 verts=0 texStalls=0 recompiles=448 underruns=2 overruns=0 sleep_us=3584314 queue_ms=46
vis: 59.7
cpu: exceptions=1392 cacheResets=1 batches=0 verts=0 texStalls=0 recompiles=497 underruns=2 overruns=0 sleep_us=3772321 queue_ms=50
fps: 0.1
vis: 60.0
cpu: exceptions=1686 cacheResets=1 batches=591 verts=8424 texStalls=0 recompiles=1254 underruns=3 overruns=0 sleep_us=3898813 queue_ms=120
fps: 31.4
vis: 60.0
cpu: exceptions=1960 cacheResets=1 batches=1476 verts=20754 texStalls=0 recompiles=1255 underruns=3 overruns=0 sleep_us=4255828 queue_ms=124
fps: 30.0
vis: 60.0
cpu: exceptions=2237 cacheResets=1 batches=2361 verts=33084 texStalls=0 recompiles=1276 underruns=3 overruns=0 sleep_us=4602935 queue_ms=128
fps: 30.0
vis: 60.0
cpu: exceptions=2514 cacheResets=1 batches=3246 verts=45414 texStalls=0 recompiles=1279 underruns=3 overruns=0 sleep_us=4973886 queue_ms=133
fps: 30.0
vis: 60.0
cpu: exceptions=2789 cacheResets=1 batches=4131 verts=57744 texStalls=0 recompiles=1294 underruns=3 overruns=0 sleep_us=5344484 queue_ms=124
fps: 30.0
vis: 60.0
cpu: exceptions=3075 cacheResets=1 batches=5016 verts=70074 texStalls=0 recompiles=1300 underruns=3 overruns=0 sleep_us=5697282 queue_ms=128
fps: 30.0
vis: 60.0
cpu: exceptions=3358 cacheResets=1 batches=5901 verts=82404 texStalls=0 recompiles=1300 underruns=3 overruns=0 sleep_us=6046959 queue_ms=133
fps: 30.0
vis: 60.0
cpu: exceptions=3638 cacheResets=1 batches=6786 verts=94734 texStalls=0 recompiles=1302 underruns=3 overruns=0 sleep_us=6402953 queue_ms=124
fps: 30.0
vis: 60.0
cpu: exceptions=3919 cacheResets=1 batches=7671 verts=107064 texStalls=0 recompiles=1351 underruns=3 overruns=0 sleep_us=6758408 queue_ms=128
fps: 30.1
vis: 60.0
cpu: exceptions=4197 cacheResets=1 batches=7971 verts=112194 texStalls=0 recompiles=1366 underruns=3 overruns=0 sleep_us=7137459 queue_ms=133
fps: 30.0
vis: 60.0
cpu: exceptions=4351 cacheResets=1 batches=8071 verts=113904 texStalls=0 recompiles=1383 underruns=3 overruns=0 sleep_us=7504575 queue_ms=137
fps: 30.0
vis: 60.0
cpu: exceptions=4498 cacheResets=1 batches=8476 verts=141129 texStalls=0 recompiles=1384 underruns=3 overruns=0 sleep_us=7867078 queue_ms=128
fps: 30.0
vis: 60.0
cpu: exceptions=4646 cacheResets=1 batches=8881 verts=168354 texStalls=0 recompiles=1386 underruns=3 overruns=0 sleep_us=8234778 queue_ms=133
fps: 30.0
vis: 60.0
cpu: exceptions=4793 cacheResets=1 batches=9286 verts=195579 texStalls=0 recompiles=1387 underruns=3 overruns=0 sleep_us=8616110 queue_ms=137
fps: 30.0
vis: 60.0
cpu: exceptions=4939 cacheResets=1 batches=9691 verts=222804 texStalls=0 recompiles=1387 underruns=3 overruns=0 sleep_us=8992433 queue_ms=141
fps: 30.0
mark: stop reason: chain guest VI limit
mark: stop_it requested
audio: alist_resample_calls=11186 alist_resample_samples=2058224 alist_zoh_calls=0 alist_zoh_samples=0 musyx_subframes=0 musyx_voices=0 musyx_voice_peak=0
audio_stages: adpcm_calls=6590 adpcm_samples=722912 envmix_calls=8440 envmix_samples=1552960 mix_calls=54920 mix_samples=10105280 musyx_fx_calls=0 musyx_fx_taps=0 output_calls=342 output_samples=251896
audio_envmix: exp_calls=0 ge_calls=0 lin_calls=8440 nead_calls=0 exp_steady=0 ge_steady=0 lin_steady=7902
audio_gaps: nead_mats=0 nead_efz=0 resample_flag2=0 musyx_ptr10=0
audio_output: stream_requests=4190 stream_fed=866 input_hz=22047 playback_hz=22047 queue_peak_ms=154
vm_io: read_ahead=1 reads=58 hits=277 read_bytes=1900544 writes=0 write_bytes=0 errors=0
subsystem_time: stage=rsp_gfx calls=238 timed_calls=238 period=1 timed_us=319112
subsystem_time: stage=rsp_audio calls=343 timed_calls=343 period=1 timed_us=717483
subsystem_time: stage=rsp_other calls=1 timed_calls=1 period=1 timed_us=0
subsystem_time: stage=lookup calls=1606027 timed_calls=12645 period=127 timed_us=1338
subsystem_time: stage=compile calls=1389 timed_calls=1389 period=1 timed_us=249051
subsystem_time: stage=dispatch calls=1604452 timed_calls=12633 period=127 timed_us=5653
subsystem_time: stage=execute_inclusive calls=1604452 timed_calls=12633 period=127 timed_us=159969
subsystem_time: stage=rom_copy calls=1048 timed_calls=1048 period=1 timed_us=233928
subsystem_time: stage=present calls=899 timed_calls=899 period=1 timed_us=157500
subsystem_time: stage=limiter calls=843 timed_calls=843 period=1 timed_us=9347739
subsystem_time: stage=vm_fault calls=335 timed_calls=335 period=1 timed_us=228857
subsystem_time: stage=vm_victim calls=335 timed_calls=335 period=1 timed_us=81
subsystem_time: stage=vm_read calls=58 timed_calls=58 period=1 timed_us=227249
subsystem_time: stage=vm_write calls=0 timed_calls=0 period=1 timed_us=0
audio_time: stage=resample sampled_calls=88 sampled_samples=16192 sampled_us=1295
audio_time: stage=zoh sampled_calls=0 sampled_samples=0 sampled_us=0
audio_time: stage=adpcm sampled_calls=51 sampled_samples=5680 sampled_us=434
audio_time: stage=envmix_exp sampled_calls=0 sampled_samples=0 sampled_us=0
audio_time: stage=envmix_ge sampled_calls=0 sampled_samples=0 sampled_us=0
audio_time: stage=envmix_lin sampled_calls=66 sampled_samples=12144 sampled_us=1535
audio_time: stage=envmix_nead sampled_calls=0 sampled_samples=0 sampled_us=0
audio_time: stage=mix sampled_calls=432 sampled_samples=79488 sampled_us=1686
audio_time: stage=musyx_voice sampled_calls=0 sampled_samples=0 sampled_us=0
audio_time: stage=musyx_fx sampled_calls=0 sampled_samples=0 sampled_us=0
audio_time: stage=output sampled_calls=2 sampled_samples=1472 sampled_us=6
game: n=3/3 how=vis vis=900 vi_rate=60 vi0_retrace=7518 wall_us=15008991 sleep_us=9346537 avg_vis=59.99 avg_fps=28.22 exceptions=5085 cacheResets=1 recompiles=1389 batches=10096 verts=250029 texStalls=0 treeDepthMax=15 underruns=3 overruns=0 queue_peak_ms=141 dsp_avg=3.80 dsp_peak=4.70 pmc1=10938898938 pmc2=0 pmc3=0 pmc4=0 mmcr0=00000042 mmcr1=00000000 heap_used=10881944 heap_free=37352 arena1_free=540672 arena2_free=577472 flushes=3 flush_us=2124 padtrace=1 rom=sd:/wii64/roms/Donkey Kong 64 (USA).z64
=== chain 3/3 end vis=900 how=vis rom=sd:/wii64/roms/Donkey Kong 64 (USA).z64 ===
