--- wii64 perf log ---
mark: diag config: wiiload arguments
mark: wiiload dynacore argument received
mark: diag received dynacore line
mark: diag requested core: dynarec
mark: pad replay records: 1
selftest:
  raw[0]=51281092034969847
  raw[1]=51281092034969852
  raw[2]=51281092034969863
  raw[3]=51281092034969876
  raw[4]=51281092034969889
  delta[0]=0us
  delta[1]=0us
  delta[2]=0us
  delta[3]=0us
mark: audio quality: accurate
mark: audio modes: n64=0 output=0 mixer=0 latency=2 sync=0
mark: diag applied core: dynarec
mark: HBC agent ready
mark: loadROM: enter
mark: loadROM: before rom_read
mark: ROMCache_load: enter
mark: ROMCache_load: before first read
mark: ROMCache_load: first read returned
mark: ROMCache_load: byte_swap_type set
mark: ROMCache_load: first byte_swap done
menufps: 10.2
menufps: 8.4
menufps: 7.9
mark: ROMCache_load: loop exited normally
mark: ROMCache_load: elapsed_us=1927425 bytes=8388608 vm=0
mark: loadROM: after rom_read
mark: loadROM: before init_memory
mark: loadROM: after init_memory
mark: loadROM: before romOpen_gfx
mark: loadROM: after romOpen_gfx / before romOpen_audio
mark: loadROM: after romOpen_audio / before romOpen_input
mark: loadROM: after romOpen_input / before cpu_init
mark: loadROM: after cpu_init
menufps: 1.2
fps: 0.0
first_vi: vi0_retrace=316
vis: 0.0
cpu: exceptions=0 cacheResets=0 batches=0 verts=0 texStalls=0 recompiles=0 underruns=0 overruns=0 sleep_us=0 queue_ms=0
mark: CPU core dispatch: dynarec
vis: 60.0
cpu: exceptions=240 cacheResets=1 batches=0 verts=0 texStalls=0 recompiles=189 underruns=1 overruns=0 sleep_us=269341 queue_ms=82
vis: 60.0
cpu: exceptions=540 cacheResets=1 batches=0 verts=0 texStalls=0 recompiles=198 underruns=1 overruns=0 sleep_us=749289 queue_ms=87
vis: 60.0
cpu: exceptions=840 cacheResets=1 batches=0 verts=0 texStalls=0 recompiles=204 underruns=1 overruns=0 sleep_us=1229239 queue_ms=84
vis: 60.0
cpu: exceptions=1135 cacheResets=1 batches=0 verts=0 texStalls=0 recompiles=204 underruns=1 overruns=0 sleep_us=1709716 queue_ms=88
fps: 0.5
vis: 60.0
cpu: exceptions=1431 cacheResets=1 batches=414 verts=9387 texStalls=0 recompiles=468 underruns=2 overruns=0 sleep_us=2061081 queue_ms=2
fps: 20.0
vis: 60.0
cpu: exceptions=1588 cacheResets=1 batches=2484 verts=56322 texStalls=0 recompiles=475 underruns=2 overruns=0 sleep_us=2480936 queue_ms=9
fps: 30.0
vis: 60.0
cpu: exceptions=1752 cacheResets=1 batches=4554 verts=103257 texStalls=0 recompiles=478 underruns=2 overruns=0 sleep_us=2899679 queue_ms=6
fps: 30.0
vis: 60.0
cpu: exceptions=1894 cacheResets=1 batches=6624 verts=150192 texStalls=0 recompiles=478 underruns=3 overruns=0 sleep_us=3327236 queue_ms=11
fps: 30.0
vis: 60.0
cpu: exceptions=2036 cacheResets=1 batches=8694 verts=197127 texStalls=0 recompiles=478 underruns=3 overruns=0 sleep_us=3754383 queue_ms=16
fps: 30.0
vis: 60.0
cpu: exceptions=2178 cacheResets=1 batches=10767 verts=244080 texStalls=0 recompiles=489 underruns=3 overruns=0 sleep_us=4180356 queue_ms=13
fps: 30.0
vis: 60.0
cpu: exceptions=2319 cacheResets=1 batches=12574 verts=284835 texStalls=0 recompiles=498 underruns=3 overruns=0 sleep_us=4610945 queue_ms=18
vis: 60.0
cpu: exceptions=2638 cacheResets=1 batches=12574 verts=284835 texStalls=0 recompiles=675 underruns=3 overruns=0 sleep_us=4827030 queue_ms=14
vis: 60.0
cpu: exceptions=2728 cacheResets=1 batches=12574 verts=284835 texStalls=0 recompiles=733 underruns=3 overruns=0 sleep_us=5062905 queue_ms=19
vis: 60.0
cpu: exceptions=2818 cacheResets=1 batches=12574 verts=284835 texStalls=0 recompiles=784 underruns=3 overruns=0 sleep_us=5362291 queue_ms=16
fps: 4.9
vis: 60.0
cpu: exceptions=2961 cacheResets=1 batches=13906 verts=302151 texStalls=0 recompiles=910 underruns=5 overruns=0 sleep_us=5629342 queue_ms=8
fps: 15.2
vis: 60.0
cpu: exceptions=3118 cacheResets=1 batches=18798 verts=366468 texStalls=0 recompiles=910 underruns=5 overruns=0 sleep_us=5803353 queue_ms=13
fps: 30.0
vis: 60.0
cpu: exceptions=3273 cacheResets=1 batches=23668 verts=430401 texStalls=0 recompiles=927 underruns=5 overruns=0 sleep_us=5977420 queue_ms=8
fps: 30.0
vis: 60.0
cpu: exceptions=3436 cacheResets=1 batches=28533 verts=494286 texStalls=0 recompiles=927 underruns=5 overruns=0 sleep_us=6151495 queue_ms=5
fps: 30.0
vis: 60.0
cpu: exceptions=3591 cacheResets=1 batches=33399 verts=558177 texStalls=0 recompiles=927 underruns=5 overruns=0 sleep_us=6335146 queue_ms=10
fps: 29.2
vis: 60.0
cpu: exceptions=3762 cacheResets=1 batches=38256 verts=622014 texStalls=0 recompiles=927 underruns=7 overruns=0 sleep_us=6505134 queue_ms=15
fps: 29.9
vis: 60.0
cpu: exceptions=3974 cacheResets=1 batches=43126 verts=685929 texStalls=0 recompiles=928 underruns=7 overruns=0 sleep_us=6660903 queue_ms=12
fps: 30.0
vis: 60.0
cpu: exceptions=4197 cacheResets=1 batches=47989 verts=749802 texStalls=0 recompiles=928 underruns=7 overruns=0 sleep_us=6803037 queue_ms=17
fps: 30.0
vis: 60.0
cpu: exceptions=4424 cacheResets=1 batches=52850 verts=813663 texStalls=0 recompiles=928 underruns=7 overruns=0 sleep_us=6947224 queue_ms=13
fps: 30.0
vis: 60.0
cpu: exceptions=4644 cacheResets=1 batches=57714 verts=877542 texStalls=0 recompiles=928 underruns=7 overruns=0 sleep_us=7093773 queue_ms=18
fps: 30.0
vis: 60.0
cpu: exceptions=4858 cacheResets=1 batches=62586 verts=941469 texStalls=0 recompiles=928 underruns=7 overruns=0 sleep_us=7244767 queue_ms=15
fps: 30.0
vis: 60.0
cpu: exceptions=5077 cacheResets=1 batches=67449 verts=1005342 texStalls=0 recompiles=928 underruns=7 overruns=0 sleep_us=7394437 queue_ms=10
fps: 30.0
vis: 60.0
cpu: exceptions=5294 cacheResets=1 batches=72312 verts=1069215 texStalls=0 recompiles=928 underruns=7 overruns=0 sleep_us=7542566 queue_ms=16
fps: 30.0
vis: 60.0
cpu: exceptions=5520 cacheResets=1 batches=77184 verts=1133142 texStalls=0 recompiles=928 underruns=7 overruns=0 sleep_us=7686184 queue_ms=13
fps: 29.5
vis: 60.0
cpu: exceptions=5749 cacheResets=1 batches=81726 verts=1192776 texStalls=0 recompiles=932 underruns=7 overruns=0 sleep_us=7838564 queue_ms=17
fps: 29.5
mark: stop reason: chain guest VI limit
mark: stop_it requested
vis: 57.1
cpu: exceptions=5976 cacheResets=1 batches=86593 verts=1256673 texStalls=0 recompiles=932 underruns=8 overruns=0 sleep_us=7968463 queue_ms=7
audio: alist_resample_calls=16766 alist_resample_samples=2210288 alist_zoh_calls=0 alist_zoh_samples=0 musyx_subframes=0 musyx_voices=0 musyx_voice_peak=0
audio_stages: adpcm_calls=16492 adpcm_samples=2666048 envmix_calls=16200 envmix_samples=2161744 mix_calls=3500 mix_samples=1120000 musyx_fx_calls=0 musyx_fx_taps=0 output_calls=876 output_samples=467088
audio_envmix: exp_calls=16200 ge_calls=0 lin_calls=0 nead_calls=0 exp_steady=13256 ge_steady=0 lin_steady=0
audio_gaps: nead_mats=0 nead_efz=0 resample_flag2=0 musyx_ptr10=0
audio_output: stream_requests=3317 stream_fed=1621 input_hz=32006 playback_hz=32006 queue_peak_ms=107
vm_io: read_ahead=1 reads=0 hits=0 read_bytes=0 writes=0 write_bytes=0 errors=0
subsystem_time: stage=rsp_gfx calls=326 timed_calls=326 period=1 timed_us=1543089
subsystem_time: stage=rsp_audio calls=875 timed_calls=875 period=1 timed_us=431498
subsystem_time: stage=rsp_other calls=0 timed_calls=0 period=1 timed_us=0
subsystem_time: stage=lookup calls=4324222 timed_calls=34048 period=127 timed_us=4542
subsystem_time: stage=compile calls=932 timed_calls=932 period=1 timed_us=105298
subsystem_time: stage=dispatch calls=4319665 timed_calls=34013 period=127 timed_us=10467
subsystem_time: stage=execute_inclusive calls=4319665 timed_calls=34013 period=127 timed_us=52683
subsystem_time: stage=rom_copy calls=1548 timed_calls=1548 period=1 timed_us=25071
subsystem_time: stage=present calls=899 timed_calls=899 period=1 timed_us=18523
subsystem_time: stage=limiter calls=881 timed_calls=881 period=1 timed_us=7971084
subsystem_time: stage=vm_fault calls=0 timed_calls=0 period=1 timed_us=0
subsystem_time: stage=vm_victim calls=0 timed_calls=0 period=1 timed_us=0
subsystem_time: stage=vm_read calls=0 timed_calls=0 period=1 timed_us=0
subsystem_time: stage=vm_write calls=0 timed_calls=0 period=1 timed_us=0
subsystem_time: stage=tex_hash calls=29111 timed_calls=29111 period=1 timed_us=281789
subsystem_time: stage=tex_lookup calls=29111 timed_calls=29111 period=1 timed_us=5209
subsystem_time: stage=tex_load calls=37 timed_calls=37 period=1 timed_us=2241
subsystem_time: stage=tex_activate calls=29111 timed_calls=29111 period=1 timed_us=17743
subsystem_time: stage=draw_triangles calls=86593 timed_calls=86593 period=1 timed_us=207978
subsystem_time: stage=draw_rect calls=2010 timed_calls=2010 period=1 timed_us=15300
subsystem_time: stage=gfx_list calls=326 timed_calls=326 period=1 timed_us=1542500
subsystem_time: stage=gfx_command calls=1051740 timed_calls=8281 period=127 timed_us=12038
subsystem_time: stage=vertex calls=899922 timed_calls=7086 period=127 timed_us=2036
subsystem_time: stage=gfx_state calls=45019 timed_calls=354 period=127 timed_us=2979
subsystem_time: stage=gx_wait calls=0 timed_calls=0 period=1 timed_us=0
subsystem_time: stage=dma_pi calls=1548 timed_calls=1548 period=1 timed_us=27494
subsystem_time: stage=dma_sp calls=2402 timed_calls=2402 period=1 timed_us=2030
subsystem_time: stage=dma_si calls=970 timed_calls=970 period=1 timed_us=7324
subsystem_time: stage=tlb_translate calls=200897 timed_calls=1581 period=127 timed_us=77
subsystem_time: stage=pif calls=971 timed_calls=971 period=1 timed_us=6727
subsystem_time: stage=input calls=1300 timed_calls=1300 period=1 timed_us=5582
subsystem_time: stage=guest_interrupt calls=7505 timed_calls=7505 period=1 timed_us=8040371
subsystem_time: stage=interpreter_inclusive calls=0 timed_calls=0 period=1 timed_us=0
subsystem_time: stage=audio_submit calls=876 timed_calls=876 period=1 timed_us=10146
subsystem_time: stage=audio_callback calls=9347 timed_calls=9347 period=1 timed_us=6020
subsystem_time: stage=memory_slow calls=581848 timed_calls=4581 period=127 timed_us=25491
subsystem_time: stage=jit_invalidate calls=4557 timed_calls=35 period=127 timed_us=5
audio_time: stage=resample sampled_calls=132 sampled_samples=17488 sampled_us=742
audio_time: stage=zoh sampled_calls=0 sampled_samples=0 sampled_us=0
audio_time: stage=adpcm sampled_calls=129 sampled_samples=20784 sampled_us=856
audio_time: stage=envmix_exp sampled_calls=127 sampled_samples=16960 sampled_us=1217
audio_time: stage=envmix_ge sampled_calls=0 sampled_samples=0 sampled_us=0
audio_time: stage=envmix_lin sampled_calls=0 sampled_samples=0 sampled_us=0
audio_time: stage=envmix_nead sampled_calls=0 sampled_samples=0 sampled_us=0
audio_time: stage=mix sampled_calls=27 sampled_samples=8640 sampled_us=147
audio_time: stage=musyx_voice sampled_calls=0 sampled_samples=0 sampled_us=0
audio_time: stage=musyx_fx sampled_calls=0 sampled_samples=0 sampled_us=0
audio_time: stage=output sampled_calls=6 sampled_samples=3200 sampled_us=59
game: n=1/3 how=vis vis=900 vi_rate=60 vi0_retrace=316 wall_us=15189400 sleep_us=7968463 avg_vis=57.97 avg_fps=25.36 exceptions=5977 cacheResets=1 recompiles=932 batches=86593 verts=1256673 texStalls=0 treeDepthMax=14 underruns=8 overruns=0 queue_peak_ms=88 dsp_avg=1.49 dsp_peak=1.80 pmc1=5111702816 pmc2=5065782507 pmc3=0 pmc4=0 mmcr0=00000042 mmcr1=00000000 heap_used=10849000 heap_free=36232 arena1_free=565248 arena2_free=577472 flushes=3 flush_us=34007 padtrace=4 rom=sd:/wii64/roms/Super Mario 64.v64
=== chain 1/3 end vis=900 how=vis rom=sd:/wii64/roms/Super Mario 64.v64 ===
mark: pad replay records: 1
mark: loadROM: enter
mark: loadROM: before rom_read
mark: ROMCache_load: enter
mark: ROMCache_load: before first read
mark: ROMCache_load: first read returned
mark: ROMCache_load: byte_swap_type set
mark: ROMCache_load: first byte_swap done
menufps: 0.1
menufps: 8.1
menufps: 8.1
menufps: 8.1
menufps: 8.0
menufps: 8.1
menufps: 8.0
mark: ROMCache_load: loop exited normally
mark: ROMCache_load: elapsed_us=3851963 bytes=16777216 vm=0
mark: loadROM: after rom_read
mark: loadROM: before init_memory
mark: loadROM: after init_memory
mark: loadROM: before romOpen_gfx
mark: loadROM: after romOpen_gfx / before romOpen_audio
mark: loadROM: after romOpen_audio / before romOpen_input
mark: loadROM: after romOpen_input / before cpu_init
mark: loadROM: after cpu_init
menufps: 5.5
menufps: 0.7
first_vi: vi0_retrace=1668
mark: CPU core dispatch: dynarec
vis: 60.0
cpu: exceptions=37 cacheResets=1 batches=0 verts=0 texStalls=0 recompiles=138 underruns=0 overruns=0 sleep_us=56387 queue_ms=0
vis: 60.0
cpu: exceptions=67 cacheResets=1 batches=0 verts=0 texStalls=0 recompiles=138 underruns=0 overruns=0 sleep_us=396971 queue_ms=0
vis: 60.0
cpu: exceptions=368 cacheResets=1 batches=0 verts=0 texStalls=0 recompiles=390 underruns=0 overruns=0 sleep_us=693220 queue_ms=0
vis: 60.0
cpu: exceptions=570 cacheResets=1 batches=0 verts=0 texStalls=0 recompiles=668 underruns=1 overruns=0 sleep_us=999774 queue_ms=4
fps: 0.4
vis: 60.0
cpu: exceptions=766 cacheResets=1 batches=44 verts=2262 texStalls=0 recompiles=1899 underruns=2 overruns=0 sleep_us=1170136 queue_ms=34
vis: 60.0
cpu: exceptions=919 cacheResets=1 batches=44 verts=2262 texStalls=0 recompiles=1913 underruns=2 overruns=0 sleep_us=1434680 queue_ms=39
fps: 1.3
vis: 60.0
cpu: exceptions=1111 cacheResets=1 batches=523 verts=18168 texStalls=0 recompiles=1999 underruns=2 overruns=0 sleep_us=1710722 queue_ms=43
fps: 30.0
vis: 60.0
cpu: exceptions=1290 cacheResets=1 batches=1367 verts=39522 texStalls=0 recompiles=2006 underruns=2 overruns=0 sleep_us=1997889 queue_ms=48
fps: 30.0
vis: 60.0
cpu: exceptions=1480 cacheResets=1 batches=2414 verts=62094 texStalls=0 recompiles=2009 underruns=2 overruns=0 sleep_us=2274297 queue_ms=39
fps: 29.4
vis: 60.0
cpu: exceptions=1657 cacheResets=1 batches=3477 verts=84762 texStalls=0 recompiles=2010 underruns=2 overruns=0 sleep_us=2552467 queue_ms=30
fps: 30.0
vis: 60.0
cpu: exceptions=1840 cacheResets=1 batches=4530 verts=107034 texStalls=0 recompiles=2012 underruns=2 overruns=0 sleep_us=2830996 queue_ms=34
fps: 30.0
vis: 60.0
cpu: exceptions=2031 cacheResets=1 batches=5594 verts=129078 texStalls=0 recompiles=2029 underruns=2 overruns=0 sleep_us=3104786 queue_ms=30
fps: 30.0
vis: 60.0
cpu: exceptions=2218 cacheResets=1 batches=6620 verts=150894 texStalls=0 recompiles=2029 underruns=2 overruns=0 sleep_us=3387355 queue_ms=35
fps: 30.0
vis: 60.0
cpu: exceptions=2399 cacheResets=1 batches=7874 verts=182286 texStalls=0 recompiles=2031 underruns=2 overruns=0 sleep_us=3638584 queue_ms=39
fps: 29.9
vis: 60.0
cpu: exceptions=2607 cacheResets=1 batches=9515 verts=221466 texStalls=0 recompiles=2036 underruns=2 overruns=0 sleep_us=3851945 queue_ms=30
fps: 30.0
vis: 60.0
cpu: exceptions=2786 cacheResets=1 batches=11160 verts=252474 texStalls=0 recompiles=2047 underruns=2 overruns=0 sleep_us=4081687 queue_ms=26
fps: 30.0
vis: 60.0
cpu: exceptions=2963 cacheResets=1 batches=12648 verts=277062 texStalls=0 recompiles=2063 underruns=2 overruns=0 sleep_us=4343134 queue_ms=31
fps: 30.0
vis: 60.0
cpu: exceptions=3134 cacheResets=1 batches=13893 verts=300192 texStalls=0 recompiles=2063 underruns=2 overruns=0 sleep_us=4624679 queue_ms=35
fps: 30.0
vis: 60.0
cpu: exceptions=3311 cacheResets=1 batches=14955 verts=322224 texStalls=0 recompiles=2064 underruns=2 overruns=0 sleep_us=4914627 queue_ms=40
fps: 30.0
vis: 60.0
cpu: exceptions=3496 cacheResets=1 batches=15990 verts=344094 texStalls=0 recompiles=2064 underruns=2 overruns=0 sleep_us=5198190 queue_ms=31
fps: 30.0
vis: 60.0
cpu: exceptions=3685 cacheResets=1 batches=17051 verts=367944 texStalls=0 recompiles=2064 underruns=2 overruns=0 sleep_us=5471599 queue_ms=27
fps: 29.9
vis: 60.0
cpu: exceptions=3873 cacheResets=1 batches=18373 verts=405216 texStalls=0 recompiles=2064 underruns=2 overruns=0 sleep_us=5713715 queue_ms=31
fps: 30.0
vis: 60.0
cpu: exceptions=4080 cacheResets=1 batches=19710 verts=442578 texStalls=0 recompiles=2072 underruns=2 overruns=0 sleep_us=5951562 queue_ms=36
fps: 29.9
vis: 60.0
cpu: exceptions=4276 cacheResets=1 batches=22471 verts=477696 texStalls=0 recompiles=2081 underruns=2 overruns=0 sleep_us=6159915 queue_ms=40
fps: 29.8
vis: 60.0
cpu: exceptions=4471 cacheResets=1 batches=27669 verts=520134 texStalls=0 recompiles=2081 underruns=2 overruns=0 sleep_us=6326908 queue_ms=31
fps: 30.0
vis: 60.0
cpu: exceptions=4657 cacheResets=1 batches=32960 verts=563130 texStalls=0 recompiles=2081 underruns=2 overruns=0 sleep_us=6499429 queue_ms=27
fps: 30.0
vis: 60.0
cpu: exceptions=4854 cacheResets=1 batches=37986 verts=604536 texStalls=0 recompiles=2083 underruns=2 overruns=0 sleep_us=6682167 queue_ms=32
fps: 30.0
vis: 60.0
cpu: exceptions=5048 cacheResets=1 batches=43113 verts=646548 texStalls=0 recompiles=2083 underruns=2 overruns=0 sleep_us=6863336 queue_ms=36
fps: 30.0
vis: 60.0
cpu: exceptions=5255 cacheResets=1 batches=48350 verts=691956 texStalls=0 recompiles=2083 underruns=2 overruns=0 sleep_us=7020738 queue_ms=40
fps: 29.2
mark: stop reason: chain guest VI limit
mark: stop_it requested
audio: alist_resample_calls=7273 alist_resample_samples=1338232 alist_zoh_calls=0 alist_zoh_samples=0 musyx_subframes=0 musyx_voices=0 musyx_voice_peak=0
audio_stages: adpcm_calls=5684 adpcm_samples=629344 envmix_calls=5654 envmix_samples=1040336 mix_calls=32380 mix_samples=5957920 musyx_fx_calls=0 musyx_fx_taps=0 output_calls=405 output_samples=297160
audio_envmix: exp_calls=0 ge_calls=0 lin_calls=5654 nead_calls=0 exp_steady=0 ge_steady=0 lin_steady=5208
audio_gaps: nead_mats=0 nead_efz=0 resample_flag2=0 musyx_ptr10=0
audio_output: stream_requests=3364 stream_fed=1031 input_hz=21998 playback_hz=21998 queue_peak_ms=78
vm_io: read_ahead=1 reads=0 hits=0 read_bytes=0 writes=0 write_bytes=0 errors=0
subsystem_time: stage=rsp_gfx calls=358 timed_calls=358 period=1 timed_us=1407239
subsystem_time: stage=rsp_audio calls=406 timed_calls=406 period=1 timed_us=306157
subsystem_time: stage=rsp_other calls=0 timed_calls=0 period=1 timed_us=0
subsystem_time: stage=lookup calls=4415537 timed_calls=34768 period=127 timed_us=5660
subsystem_time: stage=compile calls=2084 timed_calls=2084 period=1 timed_us=177356
subsystem_time: stage=dispatch calls=4132096 timed_calls=32536 period=127 timed_us=12792
subsystem_time: stage=execute_inclusive calls=4132096 timed_calls=32536 period=127 timed_us=104591
subsystem_time: stage=rom_copy calls=640 timed_calls=640 period=1 timed_us=14385
subsystem_time: stage=present calls=899 timed_calls=899 period=1 timed_us=61942
subsystem_time: stage=limiter calls=861 timed_calls=861 period=1 timed_us=7204704
subsystem_time: stage=vm_fault calls=0 timed_calls=0 period=1 timed_us=0
subsystem_time: stage=vm_victim calls=0 timed_calls=0 period=1 timed_us=0
subsystem_time: stage=vm_read calls=0 timed_calls=0 period=1 timed_us=0
subsystem_time: stage=vm_write calls=0 timed_calls=0 period=1 timed_us=0
subsystem_time: stage=tex_hash calls=48848 timed_calls=48848 period=1 timed_us=383521
subsystem_time: stage=tex_lookup calls=48848 timed_calls=48848 period=1 timed_us=7728
subsystem_time: stage=tex_load calls=28 timed_calls=28 period=1 timed_us=1988
subsystem_time: stage=tex_activate calls=48848 timed_calls=48848 period=1 timed_us=27619
subsystem_time: stage=draw_triangles calls=52520 timed_calls=52520 period=1 timed_us=197972
subsystem_time: stage=draw_rect calls=0 timed_calls=0 period=1 timed_us=0
subsystem_time: stage=gfx_list calls=358 timed_calls=358 period=1 timed_us=1406617
subsystem_time: stage=gfx_command calls=1088190 timed_calls=8568 period=127 timed_us=11219
subsystem_time: stage=vertex calls=360552 timed_calls=2838 period=127 timed_us=630
subsystem_time: stage=gfx_state calls=84009 timed_calls=661 period=127 timed_us=4276
subsystem_time: stage=gx_wait calls=0 timed_calls=0 period=1 timed_us=0
subsystem_time: stage=dma_pi calls=640 timed_calls=640 period=1 timed_us=15957
subsystem_time: stage=dma_sp calls=1528 timed_calls=1528 period=1 timed_us=1627
subsystem_time: stage=dma_si calls=1147 timed_calls=1147 period=1 timed_us=11253
subsystem_time: stage=tlb_translate calls=0 timed_calls=0 period=127 timed_us=0
subsystem_time: stage=pif calls=1149 timed_calls=1149 period=1 timed_us=10595
subsystem_time: stage=input calls=807 timed_calls=807 period=1 timed_us=8536
subsystem_time: stage=guest_interrupt calls=6617 timed_calls=6617 period=1 timed_us=7326993
subsystem_time: stage=interpreter_inclusive calls=0 timed_calls=0 period=1 timed_us=0
subsystem_time: stage=audio_submit calls=405 timed_calls=405 period=1 timed_us=6375
subsystem_time: stage=audio_callback calls=9371 timed_calls=9371 period=1 timed_us=4315
subsystem_time: stage=memory_slow calls=487855 timed_calls=3841 period=127 timed_us=18957
subsystem_time: stage=jit_invalidate calls=283441 timed_calls=2231 period=127 timed_us=319
audio_time: stage=resample sampled_calls=57 sampled_samples=10488 sampled_us=416
audio_time: stage=zoh sampled_calls=0 sampled_samples=0 sampled_us=0
audio_time: stage=adpcm sampled_calls=44 sampled_samples=4752 sampled_us=204
audio_time: stage=envmix_exp sampled_calls=0 sampled_samples=0 sampled_us=0
audio_time: stage=envmix_ge sampled_calls=0 sampled_samples=0 sampled_us=0
audio_time: stage=envmix_lin sampled_calls=44 sampled_samples=8096 sampled_us=691
audio_time: stage=envmix_nead sampled_calls=0 sampled_samples=0 sampled_us=0
audio_time: stage=mix sampled_calls=254 sampled_samples=46736 sampled_us=772
audio_time: stage=musyx_voice sampled_calls=0 sampled_samples=0 sampled_us=0
audio_time: stage=musyx_fx sampled_calls=0 sampled_samples=0 sampled_us=0
audio_time: stage=output sampled_calls=3 sampled_samples=2208 sampled_us=39
game: n=2/3 how=vis vis=900 vi_rate=60 vi0_retrace=1668 wall_us=15170564 sleep_us=7202077 avg_vis=60.00 avg_fps=27.60 exceptions=5450 cacheResets=1 recompiles=2084 batches=52520 verts=741906 texStalls=0 treeDepthMax=31 underruns=2 overruns=0 queue_peak_ms=48 dsp_avg=1.38 dsp_peak=1.60 pmc1=5564606164 pmc2=5264685146 pmc3=0 pmc4=0 mmcr0=00000042 mmcr1=00000000 heap_used=10926152 heap_free=36904 arena1_free=487424 arena2_free=577472 flushes=4 flush_us=45302 padtrace=0 rom=sd:/wii64/roms/Banjo-Kazooie.V64
=== chain 2/3 end vis=900 how=vis rom=sd:/wii64/roms/Banjo-Kazooie.V64 ===
mark: pad replay records: 1
mark: loadROM: enter
mark: loadROM: before rom_read
mark: ROMCache_load: enter
mark: ROMCache_load: before first read
mark: ROMCache_load: first read returned
mark: ROMCache_load: byte_swap_type set
mark: ROMCache_load: first byte_swap done
menufps: 0.1
menufps: 8.4
menufps: 8.3
menufps: 7.9
menufps: 8.2
menufps: 8.1
menufps: 8.0
mark: ROMCache_load: loop exited normally
mark: ROMCache_load: elapsed_us=3779844 bytes=16777216 vm=0
mark: loadROM: after rom_read
mark: loadROM: before init_memory
mark: loadROM: after init_memory
mark: loadROM: before romOpen_gfx
mark: loadROM: after romOpen_gfx / before romOpen_audio
mark: loadROM: after romOpen_audio / before romOpen_input
mark: loadROM: after romOpen_input / before cpu_init
mark: loadROM: after cpu_init
menufps: 1.2
fps: 0.5
first_vi: vi0_retrace=3010
vis: 3.8
cpu: exceptions=0 cacheResets=0 batches=0 verts=0 texStalls=0 recompiles=0 underruns=0 overruns=0 sleep_us=0 queue_ms=0
mark: CPU core dispatch: dynarec
vis: 60.0
cpu: exceptions=1473 cacheResets=1 batches=0 verts=0 texStalls=0 recompiles=421 underruns=0 overruns=0 sleep_us=139709 queue_ms=148
fps: 3.1
vis: 60.0
cpu: exceptions=2357 cacheResets=1 batches=0 verts=0 texStalls=0 recompiles=425 underruns=0 overruns=0 sleep_us=508522 queue_ms=142
fps: 60.6
vis: 60.0
cpu: exceptions=2627 cacheResets=1 batches=0 verts=0 texStalls=0 recompiles=425 underruns=0 overruns=0 sleep_us=936300 queue_ms=147
fps: 60.0
vis: 60.0
cpu: exceptions=2920 cacheResets=1 batches=0 verts=0 texStalls=0 recompiles=468 underruns=0 overruns=0 sleep_us=1350772 queue_ms=144
vis: 60.0
cpu: exceptions=3300 cacheResets=1 batches=0 verts=0 texStalls=0 recompiles=468 underruns=0 overruns=0 sleep_us=1709224 queue_ms=139
fps: 14.9
vis: 55.0
cpu: exceptions=3639 cacheResets=1 batches=2160 verts=57624 texStalls=0 recompiles=742 underruns=0 overruns=0 sleep_us=1901400 queue_ms=103
fps: 59.0
vis: 60.0
cpu: exceptions=3929 cacheResets=1 batches=8940 verts=235104 texStalls=0 recompiles=763 underruns=0 overruns=0 sleep_us=1968054 queue_ms=99
fps: 60.0
vis: 60.0
cpu: exceptions=4225 cacheResets=1 batches=15711 verts=412530 texStalls=0 recompiles=771 underruns=0 overruns=0 sleep_us=2037484 queue_ms=103
fps: 60.0
vis: 60.0
cpu: exceptions=4524 cacheResets=1 batches=22461 verts=589830 texStalls=0 recompiles=775 underruns=0 overruns=0 sleep_us=2106678 queue_ms=101
fps: 60.0
vis: 60.0
cpu: exceptions=4815 cacheResets=1 batches=29211 verts=767130 texStalls=0 recompiles=775 underruns=0 overruns=0 sleep_us=2179005 queue_ms=105
fps: 60.0
vis: 60.0
cpu: exceptions=5103 cacheResets=1 batches=35961 verts=944430 texStalls=0 recompiles=775 underruns=0 overruns=0 sleep_us=2253478 queue_ms=102
fps: 60.0
vis: 60.0
cpu: exceptions=5398 cacheResets=1 batches=42711 verts=1121730 texStalls=0 recompiles=775 underruns=0 overruns=0 sleep_us=2324579 queue_ms=106
fps: 60.0
vis: 60.0
cpu: exceptions=5684 cacheResets=1 batches=49461 verts=1299030 texStalls=0 recompiles=777 underruns=0 overruns=0 sleep_us=2399356 queue_ms=104
fps: 60.0
vis: 60.0
cpu: exceptions=5978 cacheResets=1 batches=56211 verts=1476330 texStalls=0 recompiles=777 underruns=0 overruns=0 sleep_us=2466429 queue_ms=99
fps: 60.0
vis: 60.0
cpu: exceptions=6276 cacheResets=1 batches=62961 verts=1653630 texStalls=0 recompiles=777 underruns=0 overruns=0 sleep_us=2531532 queue_ms=105
fps: 60.0
vis: 60.0
cpu: exceptions=6571 cacheResets=1 batches=69711 verts=1830930 texStalls=0 recompiles=777 underruns=0 overruns=0 sleep_us=2597338 queue_ms=101
fps: 60.0
vis: 60.0
cpu: exceptions=6869 cacheResets=1 batches=76461 verts=2008230 texStalls=0 recompiles=777 underruns=0 overruns=0 sleep_us=2660096 queue_ms=97
fps: 60.0
vis: 60.0
cpu: exceptions=7161 cacheResets=1 batches=83211 verts=2185530 texStalls=0 recompiles=777 underruns=0 overruns=0 sleep_us=2724823 queue_ms=103
fps: 60.0
vis: 60.0
cpu: exceptions=7453 cacheResets=1 batches=89961 verts=2362830 texStalls=0 recompiles=777 underruns=0 overruns=0 sleep_us=2792349 queue_ms=98
fps: 58.1
vis: 60.0
cpu: exceptions=7742 cacheResets=1 batches=96711 verts=2540130 texStalls=0 recompiles=777 underruns=0 overruns=0 sleep_us=2861047 queue_ms=86
fps: 60.0
vis: 60.0
cpu: exceptions=8032 cacheResets=1 batches=103461 verts=2717430 texStalls=0 recompiles=777 underruns=0 overruns=0 sleep_us=2932972 queue_ms=82
fps: 59.9
vis: 60.0
cpu: exceptions=8329 cacheResets=1 batches=110211 verts=2894730 texStalls=0 recompiles=777 underruns=0 overruns=0 sleep_us=2998536 queue_ms=88
fps: 60.0
vis: 60.0
cpu: exceptions=8623 cacheResets=1 batches=116961 verts=3072030 texStalls=0 recompiles=777 underruns=0 overruns=0 sleep_us=3053396 queue_ms=83
fps: 60.0
vis: 60.0
cpu: exceptions=8934 cacheResets=1 batches=123711 verts=3249330 texStalls=0 recompiles=777 underruns=0 overruns=0 sleep_us=3095685 queue_ms=90
fps: 60.0
vis: 60.0
cpu: exceptions=9252 cacheResets=1 batches=130461 verts=3426630 texStalls=0 recompiles=777 underruns=0 overruns=0 sleep_us=3135171 queue_ms=85
fps: 60.0
vis: 60.0
cpu: exceptions=9571 cacheResets=1 batches=137211 verts=3603930 texStalls=0 recompiles=777 underruns=0 overruns=0 sleep_us=3176274 queue_ms=91
fps: 60.0
vis: 60.0
cpu: exceptions=9884 cacheResets=1 batches=143961 verts=3781230 texStalls=0 recompiles=777 underruns=0 overruns=0 sleep_us=3218446 queue_ms=87
fps: 60.0
vis: 60.0
cpu: exceptions=10193 cacheResets=1 batches=150711 verts=3958530 texStalls=0 recompiles=777 underruns=0 overruns=0 sleep_us=3263423 queue_ms=83
fps: 59.8
vis: 59.6
cpu: exceptions=10506 cacheResets=1 batches=157883 verts=4149348 texStalls=0 recompiles=777 underruns=0 overruns=0 sleep_us=3303581 queue_ms=80
fps: 58.7
vis: 60.0
cpu: exceptions=10815 cacheResets=1 batches=166733 verts=4394238 texStalls=0 recompiles=777 underruns=0 overruns=0 sleep_us=3303581 queue_ms=76
mark: stop reason: chain guest VI limit
mark: stop_it requested
audio: alist_resample_calls=10077 alist_resample_samples=1250096 alist_zoh_calls=0 alist_zoh_samples=0 musyx_subframes=0 musyx_voices=0 musyx_voice_peak=0
audio_stages: adpcm_calls=9759 adpcm_samples=1154016 envmix_calls=10077 envmix_samples=1250096 mix_calls=79024 mix_samples=10544864 musyx_fx_calls=0 musyx_fx_taps=0 output_calls=897 output_samples=478768
audio_envmix: exp_calls=10077 ge_calls=0 lin_calls=0 nead_calls=0 exp_steady=5510 ge_steady=0 lin_steady=0
audio_gaps: nead_mats=0 nead_efz=0 resample_flag2=0 musyx_ptr10=0
audio_output: stream_requests=3318 stream_fed=1658 input_hz=32006 playback_hz=32006 queue_peak_ms=167
vm_io: read_ahead=1 reads=0 hits=0 read_bytes=0 writes=0 write_bytes=0 errors=0
subsystem_time: stage=rsp_gfx calls=810 timed_calls=810 period=1 timed_us=6094560
subsystem_time: stage=rsp_audio calls=898 timed_calls=898 period=1 timed_us=591962
subsystem_time: stage=rsp_other calls=0 timed_calls=0 period=1 timed_us=0
subsystem_time: stage=lookup calls=3610035 timed_calls=28425 period=127 timed_us=4042
subsystem_time: stage=compile calls=777 timed_calls=777 period=1 timed_us=106139
subsystem_time: stage=dispatch calls=3517136 timed_calls=27693 period=127 timed_us=8711
subsystem_time: stage=execute_inclusive calls=3517136 timed_calls=27693 period=127 timed_us=85175
subsystem_time: stage=rom_copy calls=1024 timed_calls=1024 period=1 timed_us=14730
subsystem_time: stage=present calls=899 timed_calls=899 period=1 timed_us=42126
subsystem_time: stage=limiter calls=839 timed_calls=839 period=1 timed_us=3306225
subsystem_time: stage=vm_fault calls=0 timed_calls=0 period=1 timed_us=0
subsystem_time: stage=vm_victim calls=0 timed_calls=0 period=1 timed_us=0
subsystem_time: stage=vm_read calls=0 timed_calls=0 period=1 timed_us=0
subsystem_time: stage=vm_write calls=0 timed_calls=0 period=1 timed_us=0
subsystem_time: stage=tex_hash calls=147492 timed_calls=147492 period=1 timed_us=1590915
subsystem_time: stage=tex_lookup calls=147492 timed_calls=147492 period=1 timed_us=42689
subsystem_time: stage=tex_load calls=136 timed_calls=136 period=1 timed_us=18908
subsystem_time: stage=tex_activate calls=147492 timed_calls=147492 period=1 timed_us=97451
subsystem_time: stage=draw_triangles calls=167028 timed_calls=167028 period=1 timed_us=655147
subsystem_time: stage=draw_rect calls=5440 timed_calls=5440 period=1 timed_us=115516
subsystem_time: stage=gfx_list calls=810 timed_calls=810 period=1 timed_us=6093161
subsystem_time: stage=gfx_command calls=5319454 timed_calls=41885 period=127 timed_us=48857
subsystem_time: stage=vertex calls=2761556 timed_calls=21744 period=127 timed_us=3693
subsystem_time: stage=gfx_state calls=147504 timed_calls=1161 period=127 timed_us=16230
subsystem_time: stage=gx_wait calls=0 timed_calls=0 period=1 timed_us=0
subsystem_time: stage=dma_pi calls=2023 timed_calls=2023 period=1 timed_us=18014
subsystem_time: stage=dma_sp calls=3416 timed_calls=3416 period=1 timed_us=3539
subsystem_time: stage=dma_si calls=4478 timed_calls=4478 period=1 timed_us=20632
subsystem_time: stage=tlb_translate calls=0 timed_calls=0 period=127 timed_us=0
subsystem_time: stage=pif calls=4479 timed_calls=4479 period=1 timed_us=20090
subsystem_time: stage=input calls=3508 timed_calls=3508 period=1 timed_us=14589
subsystem_time: stage=guest_interrupt calls=12495 timed_calls=12495 period=1 timed_us=3411443
subsystem_time: stage=interpreter_inclusive calls=0 timed_calls=0 period=1 timed_us=0
subsystem_time: stage=audio_submit calls=898 timed_calls=898 period=1 timed_us=10531
subsystem_time: stage=audio_callback calls=9376 timed_calls=9376 period=1 timed_us=7516
subsystem_time: stage=memory_slow calls=833917 timed_calls=6566 period=127 timed_us=32206
subsystem_time: stage=jit_invalidate calls=92899 timed_calls=731 period=127 timed_us=96
audio_time: stage=resample sampled_calls=79 sampled_samples=10240 sampled_us=449
audio_time: stage=zoh sampled_calls=0 sampled_samples=0 sampled_us=0
audio_time: stage=adpcm sampled_calls=76 sampled_samples=8016 sampled_us=358
audio_time: stage=envmix_exp sampled_calls=79 sampled_samples=10240 sampled_us=1185
audio_time: stage=envmix_ge sampled_calls=0 sampled_samples=0 sampled_us=0
audio_time: stage=envmix_lin sampled_calls=0 sampled_samples=0 sampled_us=0
audio_time: stage=envmix_nead sampled_calls=0 sampled_samples=0 sampled_us=0
audio_time: stage=mix sampled_calls=622 sampled_samples=83008 sampled_us=1364
audio_time: stage=musyx_voice sampled_calls=0 sampled_samples=0 sampled_us=0
audio_time: stage=musyx_fx sampled_calls=0 sampled_samples=0 sampled_us=0
audio_time: stage=output sampled_calls=7 sampled_samples=3712 sampled_us=69
game: n=3/3 how=vis vis=900 vi_rate=60 vi0_retrace=3010 wall_us=15251328 sleep_us=3303581 avg_vis=58.01 avg_fps=54.30 exceptions=10825 cacheResets=1 recompiles=777 batches=167028 verts=4402401 texStalls=0 treeDepthMax=12 underruns=0 overruns=0 queue_peak_ms=148 dsp_avg=1.58 dsp_peak=1.90 pmc1=8539378833 pmc2=8140571894 pmc3=0 pmc4=0 mmcr0=00000042 mmcr1=00000000 heap_used=10838344 heap_free=157480 arena1_free=454656 arena2_free=577472 flushes=3 flush_us=37844 padtrace=0 rom=sd:/wii64/roms/Pokemon Snap.rom
=== chain 3/3 end vis=900 how=vis rom=sd:/wii64/roms/Pokemon Snap.rom ===
