--- wii64 perf log ---
mark: diag config: wiiload arguments
mark: wiiload dynacore argument received
mark: diag received dynacore line
mark: diag requested core: dynarec
mark: pad replay records: 1
selftest:
  raw[0]=51279394132743494
  raw[1]=51279394132743496
  raw[2]=51279394132743511
  raw[3]=51279394132743523
  raw[4]=51279394132743535
  delta[0]=0us
  delta[1]=0us
  delta[2]=0us
  delta[3]=0us
mark: audio quality: accurate
mark: audio modes: n64=0 output=0 mixer=0 latency=2 sync=0
mark: diag applied core: dynarec
mark: HBC agent ready
mark: loadROM: enter
mark: loadROM: before rom_read
mark: ROMCache_load: enter
menufps: 0.4
mark: ROMCache_load: before first read
mark: ROMCache_load: first read returned
mark: ROMCache_load: byte_swap_type set
mark: ROMCache_load: first byte_swap done
menufps: 0.2
menufps: 8.4
menufps: 8.3
menufps: 8.4
menufps: 8.3
menufps: 8.3
menufps: 7.8
menufps: 1.2
menufps: 1.3
menufps: 1.3
menufps: 1.2
menufps: 1.3
menufps: 1.2
menufps: 1.2
menufps: 3.3
menufps: 8.3
menufps: 7.8
menufps: 8.3
menufps: 8.3
mark: ROMCache_load: loop exited normally
mark: loadROM: after rom_read
mark: loadROM: before init_memory
mark: loadROM: after init_memory
mark: loadROM: before romOpen_gfx
mark: loadROM: after romOpen_gfx / before romOpen_audio
mark: loadROM: after romOpen_audio / before romOpen_input
mark: loadROM: after romOpen_input / before cpu_init
mark: loadROM: after cpu_init
menufps: 4.4
menufps: 0.7
fps: 0.0
first_vi: vi0_retrace=1541
vis: 0.0
cpu: exceptions=0 cacheResets=0 batches=0 verts=0 texStalls=0 recompiles=0 underruns=0 overruns=0 sleep_us=0 queue_ms=0
mark: CPU core dispatch: dynarec
vis: 0.4
cpu: exceptions=2 cacheResets=1 batches=0 verts=0 texStalls=0 recompiles=138 underruns=0 overruns=0 sleep_us=0 queue_ms=0
vis: 50.0
cpu: exceptions=2003 cacheResets=1 batches=0 verts=0 texStalls=0 recompiles=367 underruns=0 overruns=0 sleep_us=418938 queue_ms=0
fps: 0.3
vis: 43.5
cpu: exceptions=2764 cacheResets=1 batches=0 verts=0 texStalls=0 recompiles=777 underruns=1 overruns=0 sleep_us=609346 queue_ms=150
fps: 44.9
vis: 50.0
cpu: exceptions=2988 cacheResets=1 batches=0 verts=0 texStalls=0 recompiles=1244 underruns=1 overruns=0 sleep_us=848957 queue_ms=152
fps: 50.0
vis: 50.0
cpu: exceptions=3126 cacheResets=1 batches=0 verts=0 texStalls=0 recompiles=1253 underruns=1 overruns=0 sleep_us=1248321 queue_ms=163
vis: 50.0
cpu: exceptions=3276 cacheResets=1 batches=0 verts=0 texStalls=0 recompiles=1267 underruns=1 overruns=0 sleep_us=1637877 queue_ms=142
fps: 49.9
vis: 50.0
cpu: exceptions=3436 cacheResets=1 batches=0 verts=0 texStalls=0 recompiles=1269 underruns=1 overruns=0 sleep_us=2012640 queue_ms=159
fps: 50.1
vis: 50.0
cpu: exceptions=3583 cacheResets=1 batches=0 verts=0 texStalls=0 recompiles=1277 underruns=1 overruns=0 sleep_us=2387620 queue_ms=155
fps: 49.8
vis: 50.0
cpu: exceptions=3734 cacheResets=1 batches=0 verts=0 texStalls=0 recompiles=1277 underruns=1 overruns=0 sleep_us=2762994 queue_ms=143
fps: 50.2
vis: 50.0
cpu: exceptions=3882 cacheResets=1 batches=0 verts=0 texStalls=0 recompiles=1278 underruns=1 overruns=0 sleep_us=3147460 queue_ms=151
fps: 49.9
vis: 50.0
cpu: exceptions=4028 cacheResets=1 batches=0 verts=0 texStalls=0 recompiles=1279 underruns=1 overruns=0 sleep_us=3522382 queue_ms=162
fps: 50.1
vis: 50.0
cpu: exceptions=4175 cacheResets=1 batches=0 verts=0 texStalls=0 recompiles=1279 underruns=1 overruns=0 sleep_us=3902729 queue_ms=164
fps: 49.9
vis: 50.0
cpu: exceptions=4333 cacheResets=1 batches=0 verts=0 texStalls=0 recompiles=1280 underruns=1 overruns=0 sleep_us=4281920 queue_ms=152
fps: 50.0
vis: 50.0
cpu: exceptions=4476 cacheResets=1 batches=0 verts=0 texStalls=0 recompiles=1280 underruns=1 overruns=0 sleep_us=4666612 queue_ms=154
fps: 50.0
vis: 50.0
cpu: exceptions=4631 cacheResets=1 batches=0 verts=0 texStalls=0 recompiles=1280 underruns=1 overruns=0 sleep_us=5035671 queue_ms=162
fps: 50.1
vis: 50.0
cpu: exceptions=4769 cacheResets=1 batches=0 verts=0 texStalls=0 recompiles=1283 underruns=1 overruns=0 sleep_us=5409556 queue_ms=173
fps: 49.8
vis: 50.0
cpu: exceptions=4911 cacheResets=1 batches=0 verts=0 texStalls=0 recompiles=1283 underruns=1 overruns=0 sleep_us=5782277 queue_ms=146
fps: 50.2
vis: 50.0
cpu: exceptions=5052 cacheResets=1 batches=0 verts=0 texStalls=0 recompiles=1283 underruns=1 overruns=0 sleep_us=6169880 queue_ms=163
fps: 50.0
vis: 50.0
cpu: exceptions=5201 cacheResets=1 batches=0 verts=0 texStalls=0 recompiles=1283 underruns=1 overruns=0 sleep_us=6554047 queue_ms=165
fps: 48.8
vis: 50.0
cpu: exceptions=5345 cacheResets=1 batches=0 verts=0 texStalls=0 recompiles=1283 underruns=1 overruns=0 sleep_us=6936484 queue_ms=158
fps: 49.8
vis: 50.0
cpu: exceptions=5499 cacheResets=1 batches=0 verts=0 texStalls=0 recompiles=1283 underruns=1 overruns=0 sleep_us=7312198 queue_ms=146
fps: 50.1
vis: 50.0
cpu: exceptions=5641 cacheResets=1 batches=0 verts=0 texStalls=0 recompiles=1283 underruns=1 overruns=0 sleep_us=7695992 queue_ms=148
fps: 50.0
vis: 50.0
cpu: exceptions=5786 cacheResets=1 batches=0 verts=0 texStalls=0 recompiles=1283 underruns=1 overruns=0 sleep_us=8076235 queue_ms=164
fps: 50.1
vis: 50.0
cpu: exceptions=5935 cacheResets=1 batches=0 verts=0 texStalls=0 recompiles=1283 underruns=1 overruns=0 sleep_us=8457413 queue_ms=166
fps: 49.8
vis: 50.0
cpu: exceptions=6087 cacheResets=1 batches=0 verts=0 texStalls=0 recompiles=1283 underruns=1 overruns=0 sleep_us=8825469 queue_ms=140
fps: 50.1
vis: 50.0
cpu: exceptions=6237 cacheResets=1 batches=0 verts=0 texStalls=0 recompiles=1283 underruns=1 overruns=0 sleep_us=9207936 queue_ms=156
fps: 49.9
vis: 50.0
cpu: exceptions=6388 cacheResets=1 batches=0 verts=0 texStalls=0 recompiles=1283 underruns=1 overruns=0 sleep_us=9582032 queue_ms=164
fps: 50.2
vis: 50.0
cpu: exceptions=6529 cacheResets=1 batches=0 verts=0 texStalls=0 recompiles=1283 underruns=1 overruns=0 sleep_us=9958237 queue_ms=169
fps: 49.9
vis: 50.0
cpu: exceptions=6828 cacheResets=1 batches=0 verts=0 texStalls=0 recompiles=1283 underruns=1 overruns=0 sleep_us=10681997 queue_ms=174
fps: 51.1
vis: 50.0
cpu: exceptions=6977 cacheResets=1 batches=0 verts=0 texStalls=0 recompiles=1283 underruns=1 overruns=0 sleep_us=11042731 queue_ms=176
fps: 50.1
vis: 50.0
cpu: exceptions=7112 cacheResets=1 batches=0 verts=0 texStalls=0 recompiles=1283 underruns=1 overruns=0 sleep_us=11410927 queue_ms=187
fps: 50.0
vis: 50.0
cpu: exceptions=7268 cacheResets=1 batches=0 verts=0 texStalls=0 recompiles=1283 underruns=1 overruns=0 sleep_us=11783403 queue_ms=189
fps: 50.0
vis: 50.0
cpu: exceptions=7432 cacheResets=1 batches=0 verts=0 texStalls=0 recompiles=1286 underruns=1 overruns=0 sleep_us=12157498 queue_ms=177
fps: 49.9
vis: 50.0
cpu: exceptions=7587 cacheResets=1 batches=0 verts=0 texStalls=0 recompiles=1286 underruns=1 overruns=0 sleep_us=12522111 queue_ms=185
fps: 50.2
vis: 50.0
cpu: exceptions=7741 cacheResets=1 batches=0 verts=0 texStalls=0 recompiles=1286 underruns=1 overruns=0 sleep_us=12893351 queue_ms=190
fps: 49.9
mark: stop reason: chain guest VI limit
mark: stop_it requested
vis: 48.8
cpu: exceptions=7899 cacheResets=1 batches=0 verts=0 texStalls=0 recompiles=1286 underruns=1 overruns=0 sleep_us=13251503 queue_ms=160
audio: alist_resample_calls=29202 alist_resample_samples=5373168 alist_zoh_calls=0 alist_zoh_samples=0 musyx_subframes=0 musyx_voices=0 musyx_voice_peak=0
audio_stages: adpcm_calls=30702 adpcm_samples=5024896 envmix_calls=29202 envmix_samples=5373168 mix_calls=30350 mix_samples=5584400 musyx_fx_calls=0 musyx_fx_taps=0 output_calls=652 output_samples=557520
audio_envmix: exp_calls=0 ge_calls=0 lin_calls=29202 nead_calls=0 exp_steady=0 ge_steady=0 lin_steady=16497
audio_gaps: nead_mats=0 nead_efz=0 resample_flag2=0 musyx_ptr10=0
audio_output: stream_requests=5039 stream_fed=1918 input_hz=31995 playback_hz=31995 queue_peak_ms=212
vm_io: read_ahead=0 reads=292 hits=0 read_bytes=1196032 writes=292 write_bytes=1196032 errors=0
subsystem_time: stage=rsp_gfx calls=852 timed_calls=852 period=1 timed_us=777992
subsystem_time: stage=rsp_audio calls=653 timed_calls=653 period=1 timed_us=1137551
subsystem_time: stage=rsp_other calls=0 timed_calls=0 period=1 timed_us=0
subsystem_time: stage=lookup calls=1674490 timed_calls=13184 period=127 timed_us=2927
subsystem_time: stage=compile calls=1286 timed_calls=1286 period=1 timed_us=81148
subsystem_time: stage=dispatch calls=1671934 timed_calls=13164 period=127 timed_us=5128
subsystem_time: stage=execute_inclusive calls=1671934 timed_calls=13164 period=127 timed_us=143872
subsystem_time: stage=rom_copy calls=940 timed_calls=940 period=1 timed_us=2590206
subsystem_time: stage=present calls=899 timed_calls=899 period=1 timed_us=20048
subsystem_time: stage=limiter calls=879 timed_calls=879 period=1 timed_us=13254184
subsystem_time: stage=vm_fault calls=292 timed_calls=292 period=1 timed_us=2567426
subsystem_time: stage=vm_victim calls=292 timed_calls=292 period=1 timed_us=294
subsystem_time: stage=vm_read calls=292 timed_calls=292 period=1 timed_us=1635744
subsystem_time: stage=vm_write calls=292 timed_calls=292 period=1 timed_us=931137
audio_time: stage=resample sampled_calls=229 sampled_samples=42136 sampled_us=1654
audio_time: stage=zoh sampled_calls=0 sampled_samples=0 sampled_us=0
audio_time: stage=adpcm sampled_calls=241 sampled_samples=40144 sampled_us=1650
audio_time: stage=envmix_exp sampled_calls=0 sampled_samples=0 sampled_us=0
audio_time: stage=envmix_ge sampled_calls=0 sampled_samples=0 sampled_us=0
audio_time: stage=envmix_lin sampled_calls=229 sampled_samples=42136 sampled_us=4290
audio_time: stage=envmix_nead sampled_calls=0 sampled_samples=0 sampled_us=0
audio_time: stage=mix sampled_calls=238 sampled_samples=43792 sampled_us=731
audio_time: stage=musyx_voice sampled_calls=0 sampled_samples=0 sampled_us=0
audio_time: stage=musyx_fx sampled_calls=0 sampled_samples=0 sampled_us=0
audio_time: stage=output sampled_calls=5 sampled_samples=4232 sampled_us=65
game: n=1/3 how=vis vis=900 vi_rate=50 vi0_retrace=1541 wall_us=20613925 sleep_us=13251503 avg_vis=47.10 avg_fps=46.91 exceptions=7900 cacheResets=1 recompiles=1286 batches=0 verts=0 texStalls=0 treeDepthMax=18 underruns=1 overruns=0 queue_peak_ms=190 dsp_avg=1.44 dsp_peak=1.65 pmc1=3382329642 pmc2=3290146585 pmc3=0 pmc4=0 mmcr0=00000042 mmcr1=00000000 heap_used=10865856 heap_free=35368 arena1_free=561152 arena2_free=577472 flushes=3 flush_us=30690 padtrace=4 rom=sd:/wii64/roms/Mario Party 3 (E) (M4) [!].z64
=== chain 1/3 end vis=900 how=vis rom=sd:/wii64/roms/Mario Party 3 (E) (M4) [!].z64 ===
mark: pad replay records: 1
mark: loadROM: enter
mark: loadROM: before rom_read
mark: ROMCache_load: enter
mark: ROMCache_load: before first read
mark: ROMCache_load: first read returned
mark: ROMCache_load: byte_swap_type set
mark: ROMCache_load: first byte_swap done
menufps: 0.0
menufps: 8.4
menufps: 8.3
menufps: 8.3
menufps: 8.1
menufps: 7.8
menufps: 8.3
menufps: 2.1
menufps: 1.3
menufps: 1.2
menufps: 1.3
menufps: 1.3
menufps: 1.2
menufps: 1.2
menufps: 3.6
menufps: 8.3
menufps: 8.3
menufps: 8.1
menufps: 8.3
mark: ROMCache_load: loop exited normally
mark: loadROM: after rom_read
mark: loadROM: before init_memory
mark: loadROM: after init_memory
mark: loadROM: before romOpen_gfx
mark: loadROM: after romOpen_gfx / before romOpen_audio
mark: loadROM: after romOpen_audio / before romOpen_input
mark: loadROM: after romOpen_input / before cpu_init
mark: loadROM: after cpu_init
menufps: 1.2
fps: 1.2
first_vi: vi0_retrace=3741
vis: 0.1
cpu: exceptions=0 cacheResets=0 batches=0 verts=0 texStalls=0 recompiles=0 underruns=0 overruns=0 sleep_us=0 queue_ms=0
mark: CPU core dispatch: dynarec
vis: 0.4
cpu: exceptions=1 cacheResets=1 batches=0 verts=0 texStalls=0 recompiles=75 underruns=0 overruns=0 sleep_us=0 queue_ms=0
vis: 60.0
cpu: exceptions=85 cacheResets=1 batches=0 verts=0 texStalls=0 recompiles=242 underruns=2 overruns=0 sleep_us=313292 queue_ms=17
vis: 60.0
cpu: exceptions=215 cacheResets=1 batches=0 verts=0 texStalls=0 recompiles=373 underruns=3 overruns=0 sleep_us=718670 queue_ms=4
vis: 60.0
cpu: exceptions=317 cacheResets=1 batches=0 verts=0 texStalls=0 recompiles=452 underruns=3 overruns=0 sleep_us=1065700 queue_ms=4
vis: 56.8
cpu: exceptions=1396 cacheResets=1 batches=0 verts=0 texStalls=0 recompiles=713 underruns=4 overruns=0 sleep_us=1179080 queue_ms=60
vis: 24.9
cpu: exceptions=1913 cacheResets=1 batches=0 verts=0 texStalls=0 recompiles=716 underruns=7 overruns=0 sleep_us=1186519 queue_ms=13
vis: 47.4
cpu: exceptions=2452 cacheResets=1 batches=0 verts=0 texStalls=0 recompiles=785 underruns=11 overruns=0 sleep_us=1431049 queue_ms=4
fps: 0.2
vis: 57.7
cpu: exceptions=6838 cacheResets=1 batches=3 verts=378 texStalls=0 recompiles=1178 underruns=17 overruns=0 sleep_us=1431049 queue_ms=165
vis: 60.0
cpu: exceptions=6985 cacheResets=1 batches=18 verts=2268 texStalls=0 recompiles=1178 underruns=17 overruns=0 sleep_us=1867833 queue_ms=165
fps: 35.0
vis: 60.0
cpu: exceptions=7132 cacheResets=1 batches=33 verts=4158 texStalls=0 recompiles=1178 underruns=17 overruns=0 sleep_us=2304876 queue_ms=165
fps: 30.0
vis: 60.0
cpu: exceptions=7279 cacheResets=1 batches=48 verts=6048 texStalls=0 recompiles=1178 underruns=17 overruns=0 sleep_us=2742243 queue_ms=161
fps: 30.0
vis: 60.0
cpu: exceptions=7426 cacheResets=1 batches=63 verts=7938 texStalls=0 recompiles=1178 underruns=17 overruns=0 sleep_us=3179247 queue_ms=161
fps: 30.0
vis: 60.0
cpu: exceptions=7574 cacheResets=1 batches=78 verts=9828 texStalls=0 recompiles=1178 underruns=17 overruns=0 sleep_us=3616187 queue_ms=169
fps: 30.0
vis: 60.0
cpu: exceptions=7719 cacheResets=1 batches=93 verts=11718 texStalls=0 recompiles=1178 underruns=17 overruns=0 sleep_us=4053623 queue_ms=156
fps: 30.0
vis: 60.0
cpu: exceptions=7866 cacheResets=1 batches=108 verts=13608 texStalls=0 recompiles=1178 underruns=17 overruns=0 sleep_us=4490641 queue_ms=156
fps: 30.0
vis: 60.0
cpu: exceptions=8014 cacheResets=1 batches=123 verts=15498 texStalls=0 recompiles=1179 underruns=17 overruns=0 sleep_us=4930144 queue_ms=165
fps: 30.0
vis: 60.0
cpu: exceptions=8160 cacheResets=1 batches=138 verts=17388 texStalls=0 recompiles=1179 underruns=17 overruns=0 sleep_us=5381233 queue_ms=165
fps: 30.0
vis: 60.0
cpu: exceptions=8307 cacheResets=1 batches=153 verts=19278 texStalls=0 recompiles=1179 underruns=17 overruns=0 sleep_us=5831933 queue_ms=152
fps: 30.0
vis: 60.0
cpu: exceptions=8454 cacheResets=1 batches=168 verts=21168 texStalls=0 recompiles=1179 underruns=17 overruns=0 sleep_us=6283078 queue_ms=161
fps: 30.0
vis: 60.0
cpu: exceptions=8601 cacheResets=1 batches=183 verts=23058 texStalls=0 recompiles=1179 underruns=17 overruns=0 sleep_us=6733887 queue_ms=161
fps: 30.0
vis: 60.0
cpu: exceptions=8749 cacheResets=1 batches=198 verts=24948 texStalls=0 recompiles=1179 underruns=17 overruns=0 sleep_us=7184626 queue_ms=156
fps: 30.0
vis: 60.0
cpu: exceptions=8895 cacheResets=1 batches=213 verts=26838 texStalls=0 recompiles=1179 underruns=17 overruns=0 sleep_us=7635753 queue_ms=156
fps: 29.2
vis: 60.0
cpu: exceptions=9042 cacheResets=1 batches=228 verts=28728 texStalls=0 recompiles=1179 underruns=17 overruns=0 sleep_us=8086449 queue_ms=143
fps: 30.0
vis: 60.0
cpu: exceptions=9190 cacheResets=1 batches=243 verts=30618 texStalls=0 recompiles=1179 underruns=17 overruns=0 sleep_us=8537150 queue_ms=139
fps: 30.0
vis: 60.0
cpu: exceptions=9335 cacheResets=1 batches=258 verts=32508 texStalls=0 recompiles=1179 underruns=17 overruns=0 sleep_us=8990414 queue_ms=139
fps: 30.0
vis: 60.0
cpu: exceptions=9482 cacheResets=1 batches=273 verts=34398 texStalls=0 recompiles=1179 underruns=17 overruns=0 sleep_us=9442040 queue_ms=139
fps: 30.0
vis: 60.0
cpu: exceptions=9630 cacheResets=1 batches=288 verts=36288 texStalls=0 recompiles=1179 underruns=17 overruns=0 sleep_us=9893667 queue_ms=148
fps: 30.0
vis: 60.0
cpu: exceptions=9776 cacheResets=1 batches=303 verts=38178 texStalls=0 recompiles=1179 underruns=17 overruns=0 sleep_us=10345684 queue_ms=134
fps: 30.0
vis: 60.0
cpu: exceptions=9924 cacheResets=1 batches=318 verts=40068 texStalls=0 recompiles=1179 underruns=17 overruns=0 sleep_us=10797289 queue_ms=143
fps: 30.0
vis: 60.0
cpu: exceptions=10070 cacheResets=1 batches=333 verts=41958 texStalls=0 recompiles=1179 underruns=17 overruns=0 sleep_us=11249329 queue_ms=143
fps: 30.0
vis: 60.0
cpu: exceptions=10217 cacheResets=1 batches=348 verts=43848 texStalls=0 recompiles=1179 underruns=17 overruns=0 sleep_us=11700949 queue_ms=143
fps: 30.0
mark: stop reason: chain guest VI limit
mark: stop_it requested
audio: alist_resample_calls=0 alist_resample_samples=0 alist_zoh_calls=0 alist_zoh_samples=0 musyx_subframes=1679 musyx_voices=0 musyx_voice_peak=0
audio_stages: adpcm_calls=0 adpcm_samples=0 envmix_calls=0 envmix_samples=0 mix_calls=0 mix_samples=0 musyx_fx_calls=1610 musyx_fx_taps=3220 output_calls=1686 output_samples=323712
audio_envmix: exp_calls=0 ge_calls=0 lin_calls=0 nead_calls=0 exp_steady=0 ge_steady=0 lin_steady=0
audio_gaps: nead_mats=0 nead_efz=0 resample_flag2=0 musyx_ptr10=0
audio_output: stream_requests=4093 stream_fed=1114 input_hz=22047 playback_hz=22047 queue_peak_ms=187
vm_io: read_ahead=0 reads=371 hits=0 read_bytes=1519616 writes=371 write_bytes=1519616 errors=0
subsystem_time: stage=rsp_gfx calls=358 timed_calls=358 period=1 timed_us=506112
subsystem_time: stage=rsp_audio calls=439 timed_calls=439 period=1 timed_us=46241
subsystem_time: stage=rsp_other calls=0 timed_calls=0 period=1 timed_us=0
subsystem_time: stage=lookup calls=829651 timed_calls=6532 period=127 timed_us=1272
subsystem_time: stage=compile calls=1179 timed_calls=1179 period=1 timed_us=71741
subsystem_time: stage=dispatch calls=827548 timed_calls=6516 period=127 timed_us=2886
subsystem_time: stage=execute_inclusive calls=827548 timed_calls=6516 period=127 timed_us=130167
subsystem_time: stage=rom_copy calls=4991 timed_calls=4991 period=1 timed_us=3284467
subsystem_time: stage=present calls=899 timed_calls=899 period=1 timed_us=65828
subsystem_time: stage=limiter calls=832 timed_calls=832 period=1 timed_us=11988107
subsystem_time: stage=vm_fault calls=371 timed_calls=371 period=1 timed_us=3271522
subsystem_time: stage=vm_victim calls=371 timed_calls=371 period=1 timed_us=388
subsystem_time: stage=vm_read calls=371 timed_calls=371 period=1 timed_us=2082734
subsystem_time: stage=vm_write calls=371 timed_calls=371 period=1 timed_us=1187972
audio_time: stage=resample sampled_calls=0 sampled_samples=0 sampled_us=0
audio_time: stage=zoh sampled_calls=0 sampled_samples=0 sampled_us=0
audio_time: stage=adpcm sampled_calls=0 sampled_samples=0 sampled_us=0
audio_time: stage=envmix_exp sampled_calls=0 sampled_samples=0 sampled_us=0
audio_time: stage=envmix_ge sampled_calls=0 sampled_samples=0 sampled_us=0
audio_time: stage=envmix_lin sampled_calls=0 sampled_samples=0 sampled_us=0
audio_time: stage=envmix_nead sampled_calls=0 sampled_samples=0 sampled_us=0
audio_time: stage=mix sampled_calls=0 sampled_samples=0 sampled_us=0
audio_time: stage=musyx_voice sampled_calls=0 sampled_samples=0 sampled_us=0
audio_time: stage=musyx_fx sampled_calls=12 sampled_samples=24 sampled_us=245
audio_time: stage=output sampled_calls=13 sampled_samples=2496 sampled_us=52
game: n=2/3 how=vis vis=900 vi_rate=60 vi0_retrace=3741 wall_us=18085678 sleep_us=11985759 avg_vis=54.60 avg_fps=27.82 exceptions=10317 cacheResets=1 recompiles=1179 batches=358 verts=45108 texStalls=0 treeDepthMax=19 underruns=17 overruns=0 queue_peak_ms=169 dsp_avg=1.29 dsp_peak=1.55 pmc1=1935283023 pmc2=2072892238 pmc3=0 pmc4=0 mmcr0=00000042 mmcr1=00000000 heap_used=10857408 heap_free=43816 arena1_free=561152 arena2_free=577472 flushes=4 flush_us=46623 padtrace=0 rom=sd:/wii64/roms/007 - The World Is Not Enough (USA).z64
=== chain 2/3 end vis=900 how=vis rom=sd:/wii64/roms/007 - The World Is Not Enough (USA).z64 ===
mark: pad replay records: 1
mark: loadROM: enter
mark: loadROM: before rom_read
mark: ROMCache_load: enter
mark: ROMCache_load: before first read
mark: ROMCache_load: first read returned
mark: ROMCache_load: byte_swap_type set
mark: ROMCache_load: first byte_swap done
menufps: 0.1
menufps: 8.4
menufps: 8.3
menufps: 8.3
menufps: 8.3
menufps: 8.3
menufps: 7.6
menufps: 1.2
menufps: 1.3
menufps: 1.3
menufps: 1.2
menufps: 1.2
menufps: 1.3
menufps: 1.2
menufps: 3.6
menufps: 8.4
menufps: 8.3
menufps: 8.3
menufps: 8.3
mark: ROMCache_load: loop exited normally
mark: loadROM: after rom_read
mark: loadROM: before init_memory
mark: loadROM: after init_memory
mark: loadROM: before romOpen_gfx
mark: loadROM: after romOpen_gfx / before romOpen_audio
mark: loadROM: after romOpen_audio / before romOpen_input
mark: loadROM: after romOpen_input / before cpu_init
mark: loadROM: after cpu_init
menufps: 1.2
fps: 0.5
first_vi: vi0_retrace=5785
vis: 1.3
cpu: exceptions=0 cacheResets=0 batches=0 verts=0 texStalls=0 recompiles=0 underruns=0 overruns=0 sleep_us=0 queue_ms=0
mark: CPU core dispatch: dynarec
vis: 0.4
cpu: exceptions=3 cacheResets=1 batches=0 verts=0 texStalls=0 recompiles=68 underruns=0 overruns=0 sleep_us=0 queue_ms=0
vis: 60.0
cpu: exceptions=34 cacheResets=1 batches=0 verts=0 texStalls=0 recompiles=82 underruns=0 overruns=0 sleep_us=347019 queue_ms=0
vis: 60.0
cpu: exceptions=64 cacheResets=1 batches=0 verts=0 texStalls=0 recompiles=82 underruns=0 overruns=0 sleep_us=715897 queue_ms=0
vis: 60.0
cpu: exceptions=94 cacheResets=1 batches=0 verts=0 texStalls=0 recompiles=82 underruns=0 overruns=0 sleep_us=1083682 queue_ms=0
vis: 60.0
cpu: exceptions=207 cacheResets=1 batches=0 verts=0 texStalls=0 recompiles=182 underruns=0 overruns=0 sleep_us=1398728 queue_ms=0
vis: 60.0
cpu: exceptions=247 cacheResets=1 batches=0 verts=0 texStalls=0 recompiles=188 underruns=0 overruns=0 sleep_us=1746098 queue_ms=0
vis: 60.0
cpu: exceptions=289 cacheResets=1 batches=0 verts=0 texStalls=0 recompiles=188 underruns=0 overruns=0 sleep_us=2087957 queue_ms=0
vis: 60.0
cpu: exceptions=319 cacheResets=1 batches=0 verts=0 texStalls=0 recompiles=188 underruns=0 overruns=0 sleep_us=2427612 queue_ms=0
vis: 60.0
cpu: exceptions=396 cacheResets=1 batches=0 verts=0 texStalls=0 recompiles=314 underruns=1 overruns=0 sleep_us=2845841 queue_ms=11
vis: 60.0
cpu: exceptions=473 cacheResets=1 batches=0 verts=0 texStalls=0 recompiles=323 underruns=1 overruns=0 sleep_us=3297264 queue_ms=15
vis: 60.0
cpu: exceptions=548 cacheResets=1 batches=0 verts=0 texStalls=0 recompiles=323 underruns=2 overruns=0 sleep_us=3753099 queue_ms=19
vis: 49.6
cpu: exceptions=726 cacheResets=1 batches=0 verts=0 texStalls=0 recompiles=434 underruns=4 overruns=0 sleep_us=3905699 queue_ms=9
vis: 59.9
cpu: exceptions=933 cacheResets=1 batches=0 verts=0 texStalls=0 recompiles=434 underruns=7 overruns=0 sleep_us=3925609 queue_ms=66
vis: 60.0
cpu: exceptions=1125 cacheResets=1 batches=0 verts=0 texStalls=0 recompiles=448 underruns=7 overruns=0 sleep_us=4120209 queue_ms=57
vis: 52.8
cpu: exceptions=1371 cacheResets=1 batches=0 verts=0 texStalls=0 recompiles=484 underruns=8 overruns=0 sleep_us=4348559 queue_ms=2
fps: 0.1
vis: 60.0
cpu: exceptions=1639 cacheResets=1 batches=473 verts=6780 texStalls=0 recompiles=1251 underruns=11 overruns=0 sleep_us=4429561 queue_ms=124
fps: 32.5
vis: 60.0
cpu: exceptions=1915 cacheResets=1 batches=1358 verts=19110 texStalls=0 recompiles=1255 underruns=11 overruns=0 sleep_us=4780601 queue_ms=128
fps: 28.0
vis: 60.0
cpu: exceptions=2192 cacheResets=1 batches=2243 verts=31440 texStalls=0 recompiles=1276 underruns=11 overruns=0 sleep_us=5088741 queue_ms=133
fps: 32.1
vis: 60.0
cpu: exceptions=2468 cacheResets=1 batches=3128 verts=43770 texStalls=0 recompiles=1279 underruns=11 overruns=0 sleep_us=5449598 queue_ms=124
fps: 30.0
vis: 60.0
cpu: exceptions=2743 cacheResets=1 batches=4013 verts=56100 texStalls=0 recompiles=1280 underruns=11 overruns=0 sleep_us=5810877 queue_ms=128
fps: 30.0
vis: 60.0
cpu: exceptions=3027 cacheResets=1 batches=4898 verts=68430 texStalls=0 recompiles=1300 underruns=11 overruns=0 sleep_us=6161284 queue_ms=133
fps: 30.0
vis: 60.0
cpu: exceptions=3308 cacheResets=1 batches=5783 verts=80760 texStalls=0 recompiles=1300 underruns=11 overruns=0 sleep_us=6508328 queue_ms=137
fps: 30.0
vis: 60.0
cpu: exceptions=3591 cacheResets=1 batches=6668 verts=93090 texStalls=0 recompiles=1300 underruns=11 overruns=0 sleep_us=6858586 queue_ms=128
fps: 30.0
vis: 60.0
cpu: exceptions=3872 cacheResets=1 batches=7553 verts=105420 texStalls=0 recompiles=1351 underruns=11 overruns=0 sleep_us=7208470 queue_ms=133
fps: 30.0
vis: 60.0
cpu: exceptions=4171 cacheResets=1 batches=7931 verts=111510 texStalls=0 recompiles=1366 underruns=11 overruns=0 sleep_us=7580380 queue_ms=137
fps: 30.0
vis: 60.0
cpu: exceptions=4325 cacheResets=1 batches=8071 verts=113904 texStalls=0 recompiles=1377 underruns=11 overruns=0 sleep_us=7949559 queue_ms=128
fps: 29.9
vis: 60.0
cpu: exceptions=4473 cacheResets=1 batches=8422 verts=137499 texStalls=0 recompiles=1383 underruns=11 overruns=0 sleep_us=8299146 queue_ms=133
fps: 30.0
vis: 60.0
cpu: exceptions=4620 cacheResets=1 batches=8827 verts=164724 texStalls=0 recompiles=1384 underruns=11 overruns=0 sleep_us=8659026 queue_ms=137
vis: 60.0
cpu: exceptions=4868 cacheResets=1 batches=9502 verts=210099 texStalls=0 recompiles=1387 underruns=11 overruns=0 sleep_us=9273769 queue_ms=156
fps: 30.0
vis: 60.0
cpu: exceptions=5019 cacheResets=1 batches=9907 verts=237324 texStalls=0 recompiles=1389 underruns=11 overruns=0 sleep_us=9636452 queue_ms=160
fps: 29.0
mark: stop reason: chain guest VI limit
mark: stop_it requested
audio: alist_resample_calls=11186 alist_resample_samples=2058224 alist_zoh_calls=0 alist_zoh_samples=0 musyx_subframes=0 musyx_voices=0 musyx_voice_peak=0
audio_stages: adpcm_calls=6590 adpcm_samples=722912 envmix_calls=8440 envmix_samples=1552960 mix_calls=54920 mix_samples=10105280 musyx_fx_calls=0 musyx_fx_taps=0 output_calls=342 output_samples=251896
audio_envmix: exp_calls=0 ge_calls=0 lin_calls=8440 nead_calls=0 exp_steady=0 ge_steady=0 lin_steady=7902
audio_gaps: nead_mats=0 nead_efz=0 resample_flag2=0 musyx_ptr10=0
audio_output: stream_requests=5452 stream_fed=866 input_hz=22047 playback_hz=22047 queue_peak_ms=182
vm_io: read_ahead=0 reads=335 hits=0 read_bytes=1372160 writes=335 write_bytes=1372160 errors=0
subsystem_time: stage=rsp_gfx calls=238 timed_calls=238 period=1 timed_us=294028
subsystem_time: stage=rsp_audio calls=343 timed_calls=343 period=1 timed_us=471584
subsystem_time: stage=rsp_other calls=1 timed_calls=1 period=1 timed_us=4
subsystem_time: stage=lookup calls=1606196 timed_calls=12647 period=127 timed_us=2211
subsystem_time: stage=compile calls=1389 timed_calls=1389 period=1 timed_us=203141
subsystem_time: stage=dispatch calls=1604621 timed_calls=12634 period=127 timed_us=5880
subsystem_time: stage=execute_inclusive calls=1604621 timed_calls=12634 period=127 timed_us=47121
subsystem_time: stage=rom_copy calls=1048 timed_calls=1048 period=1 timed_us=2962406
subsystem_time: stage=present calls=899 timed_calls=899 period=1 timed_us=239742
subsystem_time: stage=limiter calls=822 timed_calls=822 period=1 timed_us=9784211
subsystem_time: stage=vm_fault calls=335 timed_calls=335 period=1 timed_us=2940474
subsystem_time: stage=vm_victim calls=335 timed_calls=335 period=1 timed_us=365
subsystem_time: stage=vm_read calls=335 timed_calls=335 period=1 timed_us=1865413
subsystem_time: stage=vm_write calls=335 timed_calls=335 period=1 timed_us=1074245
audio_time: stage=resample sampled_calls=88 sampled_samples=16192 sampled_us=638
audio_time: stage=zoh sampled_calls=0 sampled_samples=0 sampled_us=0
audio_time: stage=adpcm sampled_calls=51 sampled_samples=5680 sampled_us=245
audio_time: stage=envmix_exp sampled_calls=0 sampled_samples=0 sampled_us=0
audio_time: stage=envmix_ge sampled_calls=0 sampled_samples=0 sampled_us=0
audio_time: stage=envmix_lin sampled_calls=66 sampled_samples=12144 sampled_us=998
audio_time: stage=envmix_nead sampled_calls=0 sampled_samples=0 sampled_us=0
audio_time: stage=mix sampled_calls=432 sampled_samples=79488 sampled_us=1307
audio_time: stage=musyx_voice sampled_calls=0 sampled_samples=0 sampled_us=0
audio_time: stage=musyx_fx sampled_calls=0 sampled_samples=0 sampled_us=0
audio_time: stage=output sampled_calls=2 sampled_samples=1472 sampled_us=28
game: n=3/3 how=vis vis=900 vi_rate=60 vi0_retrace=5785 wall_us=17721494 sleep_us=9782056 avg_vis=55.61 avg_fps=26.38 exceptions=5085 cacheResets=1 recompiles=1389 batches=10096 verts=250029 texStalls=0 treeDepthMax=15 underruns=11 overruns=0 queue_peak_ms=160 dsp_avg=1.33 dsp_peak=1.70 pmc1=3511471274 pmc2=3704454833 pmc3=0 pmc4=0 mmcr0=00000042 mmcr1=00000000 heap_used=10881216 heap_free=36392 arena1_free=544768 arena2_free=577472 flushes=4 flush_us=44206 padtrace=0 rom=sd:/wii64/roms/Donkey Kong 64 (USA).z64
=== chain 3/3 end vis=900 how=vis rom=sd:/wii64/roms/Donkey Kong 64 (USA).z64 ===
