--- wii64 perf log ---
mark: diag config: wiiload arguments
mark: wiiload dynacore argument received
mark: diag received dynacore line
mark: diag requested core: dynarec
mark: pad replay records: 1
selftest:
  raw[0]=51279196391537272
  raw[1]=51279196391537276
  raw[2]=51279196391537288
  raw[3]=51279196391537299
  raw[4]=51279196391537310
  delta[0]=0us
  delta[1]=0us
  delta[2]=0us
  delta[3]=0us
mark: audio quality: accurate
mark: audio modes: n64=0 output=0 mixer=0 latency=2 sync=0
mark: diag applied core: dynarec
mark: loadROM: enter
mark: loadROM: before rom_read
mark: ROMCache_load: enter
mark: ROMCache_load: before first read
mark: ROMCache_load: first read returned
mark: ROMCache_load: byte_swap_type set
mark: ROMCache_load: first byte_swap done
menufps: 10.0
menufps: 8.4
menufps: 7.9
mark: ROMCache_load: loop exited normally
mark: loadROM: after rom_read
mark: loadROM: before init_memory
mark: loadROM: after init_memory
mark: loadROM: before romOpen_gfx
mark: loadROM: after romOpen_gfx / before romOpen_audio
mark: loadROM: after romOpen_audio / before romOpen_input
mark: loadROM: after romOpen_input / before cpu_init
mark: loadROM: after cpu_init
menufps: 1.2
fps: 0.0
first_vi: vi0_retrace=321
vis: 0.0
cpu: exceptions=0 cacheResets=0 batches=0 verts=0 texStalls=0 recompiles=0 underruns=0 overruns=0 sleep_us=0 queue_ms=0
mark: CPU core dispatch: dynarec
vis: 60.0
cpu: exceptions=240 cacheResets=1 batches=0 verts=0 texStalls=0 recompiles=189 underruns=2 overruns=0 sleep_us=265743 queue_ms=91
vis: 60.0
cpu: exceptions=540 cacheResets=1 batches=0 verts=0 texStalls=0 recompiles=198 underruns=2 overruns=0 sleep_us=746151 queue_ms=87
vis: 60.0
cpu: exceptions=840 cacheResets=1 batches=0 verts=0 texStalls=0 recompiles=204 underruns=2 overruns=0 sleep_us=1226524 queue_ms=93
vis: 60.0
cpu: exceptions=1134 cacheResets=1 batches=0 verts=0 texStalls=0 recompiles=204 underruns=2 overruns=0 sleep_us=1707429 queue_ms=88
fps: 0.5
vis: 60.0
cpu: exceptions=1430 cacheResets=1 batches=414 verts=9387 texStalls=0 recompiles=468 underruns=3 overruns=0 sleep_us=2058215 queue_ms=11
fps: 20.0
vis: 60.0
cpu: exceptions=1587 cacheResets=1 batches=2484 verts=56322 texStalls=0 recompiles=475 underruns=3 overruns=0 sleep_us=2480202 queue_ms=9
fps: 30.0
vis: 60.0
cpu: exceptions=1751 cacheResets=1 batches=4554 verts=103257 texStalls=0 recompiles=478 underruns=3 overruns=0 sleep_us=2901020 queue_ms=15
fps: 30.0
vis: 60.0
cpu: exceptions=1893 cacheResets=1 batches=6624 verts=150192 texStalls=0 recompiles=478 underruns=3 overruns=0 sleep_us=3330777 queue_ms=11
fps: 30.0
vis: 60.0
cpu: exceptions=2035 cacheResets=1 batches=8694 verts=197127 texStalls=0 recompiles=478 underruns=3 overruns=0 sleep_us=3760225 queue_ms=7
fps: 30.0
vis: 60.0
cpu: exceptions=2177 cacheResets=1 batches=10767 verts=244080 texStalls=0 recompiles=489 underruns=3 overruns=0 sleep_us=4188460 queue_ms=13
fps: 30.0
vis: 60.0
cpu: exceptions=2318 cacheResets=1 batches=12574 verts=284835 texStalls=0 recompiles=498 underruns=3 overruns=0 sleep_us=4621046 queue_ms=9
vis: 60.0
cpu: exceptions=2637 cacheResets=1 batches=12574 verts=284835 texStalls=0 recompiles=675 underruns=4 overruns=0 sleep_us=4835292 queue_ms=23
vis: 60.0
cpu: exceptions=2727 cacheResets=1 batches=12574 verts=284835 texStalls=0 recompiles=733 underruns=4 overruns=0 sleep_us=5078693 queue_ms=19
vis: 60.0
cpu: exceptions=2817 cacheResets=1 batches=12574 verts=284835 texStalls=0 recompiles=784 underruns=4 overruns=0 sleep_us=5377344 queue_ms=25
fps: 4.9
vis: 60.0
cpu: exceptions=2960 cacheResets=1 batches=13906 verts=302151 texStalls=0 recompiles=910 underruns=6 overruns=0 sleep_us=5646423 queue_ms=8
fps: 15.2
vis: 60.0
cpu: exceptions=3117 cacheResets=1 batches=18795 verts=366450 texStalls=0 recompiles=910 underruns=6 overruns=0 sleep_us=5827652 queue_ms=13
fps: 30.0
vis: 60.0
cpu: exceptions=3272 cacheResets=1 batches=23671 verts=430419 texStalls=0 recompiles=927 underruns=6 overruns=0 sleep_us=6008257 queue_ms=8
fps: 30.0
vis: 60.0
cpu: exceptions=3435 cacheResets=1 batches=28525 verts=494238 texStalls=0 recompiles=927 underruns=6 overruns=0 sleep_us=6189936 queue_ms=5
fps: 30.0
vis: 60.0
cpu: exceptions=3590 cacheResets=1 batches=33398 verts=558171 texStalls=0 recompiles=927 underruns=6 overruns=0 sleep_us=6380172 queue_ms=10
fps: 29.2
vis: 60.0
cpu: exceptions=3761 cacheResets=1 batches=38262 verts=622050 texStalls=0 recompiles=927 underruns=8 overruns=0 sleep_us=6556903 queue_ms=15
fps: 29.9
vis: 60.0
cpu: exceptions=3973 cacheResets=1 batches=43117 verts=685875 texStalls=0 recompiles=928 underruns=8 overruns=0 sleep_us=6720469 queue_ms=12
fps: 30.0
vis: 60.0
cpu: exceptions=4197 cacheResets=1 batches=47983 verts=749766 texStalls=0 recompiles=928 underruns=8 overruns=0 sleep_us=6869443 queue_ms=17
fps: 30.0
vis: 60.0
cpu: exceptions=4424 cacheResets=1 batches=52853 verts=813681 texStalls=0 recompiles=928 underruns=8 overruns=0 sleep_us=7020254 queue_ms=13
fps: 30.0
vis: 60.0
cpu: exceptions=4644 cacheResets=1 batches=57714 verts=877542 texStalls=0 recompiles=928 underruns=8 overruns=0 sleep_us=7174323 queue_ms=9
fps: 30.0
vis: 60.0
cpu: exceptions=4858 cacheResets=1 batches=62581 verts=941439 texStalls=0 recompiles=928 underruns=8 overruns=0 sleep_us=7332674 queue_ms=15
fps: 30.0
vis: 60.0
cpu: exceptions=5078 cacheResets=1 batches=67449 verts=1005342 texStalls=0 recompiles=928 underruns=8 overruns=0 sleep_us=7489176 queue_ms=11
fps: 30.0
vis: 60.0
cpu: exceptions=5294 cacheResets=1 batches=72309 verts=1069197 texStalls=0 recompiles=928 underruns=8 overruns=0 sleep_us=7644659 queue_ms=16
fps: 30.0
vis: 60.0
cpu: exceptions=5520 cacheResets=1 batches=77177 verts=1133100 texStalls=0 recompiles=928 underruns=8 overruns=0 sleep_us=7795526 queue_ms=13
fps: 30.0
vis: 60.0
cpu: exceptions=5752 cacheResets=1 batches=82043 verts=1196991 texStalls=0 recompiles=928 underruns=8 overruns=0 sleep_us=7942940 queue_ms=17
fps: 30.0
mark: stop reason: chain guest VI limit
mark: stop_it requested
vis: 57.8
cpu: exceptions=5978 cacheResets=1 batches=86578 verts=1256583 texStalls=0 recompiles=928 underruns=9 overruns=0 sleep_us=8080376 queue_ms=7
audio: alist_resample_calls=16770 alist_resample_samples=2210760 alist_zoh_calls=0 alist_zoh_samples=0 musyx_subframes=0 musyx_voices=0 musyx_voice_peak=0
audio_stages: adpcm_calls=16496 adpcm_samples=2666016 envmix_calls=16204 envmix_samples=2162216 mix_calls=3500 mix_samples=1120000 musyx_fx_calls=0 musyx_fx_taps=0 output_calls=876 output_samples=467088
audio_envmix: exp_calls=16204 ge_calls=0 lin_calls=0 nead_calls=0 exp_steady=13261 ge_steady=0 lin_steady=0
audio_gaps: nead_mats=0 nead_efz=0 resample_flag2=0 musyx_ptr10=0
audio_output: stream_requests=3328 stream_fed=1621 input_hz=32006 playback_hz=32006 queue_peak_ms=114
subsystem_time: stage=rsp_gfx calls=326 timed_calls=326 period=1 timed_us=1451656
subsystem_time: stage=rsp_audio calls=875 timed_calls=875 period=1 timed_us=429900
subsystem_time: stage=rsp_other calls=0 timed_calls=0 period=1 timed_us=0
subsystem_time: stage=lookup calls=4329839 timed_calls=34093 period=127 timed_us=4496
subsystem_time: stage=compile calls=928 timed_calls=928 period=1 timed_us=105784
subsystem_time: stage=dispatch calls=4325281 timed_calls=34057 period=127 timed_us=10210
subsystem_time: stage=execute_inclusive calls=4325281 timed_calls=34057 period=127 timed_us=109481
subsystem_time: stage=rom_copy calls=1548 timed_calls=1548 period=1 timed_us=24909
subsystem_time: stage=present calls=899 timed_calls=899 period=1 timed_us=19192
subsystem_time: stage=limiter calls=880 timed_calls=880 period=1 timed_us=8083018
audio_time: stage=resample sampled_calls=132 sampled_samples=17512 sampled_us=742
audio_time: stage=zoh sampled_calls=0 sampled_samples=0 sampled_us=0
audio_time: stage=adpcm sampled_calls=129 sampled_samples=20528 sampled_us=844
audio_time: stage=envmix_exp sampled_calls=127 sampled_samples=16960 sampled_us=1238
audio_time: stage=envmix_ge sampled_calls=0 sampled_samples=0 sampled_us=0
audio_time: stage=envmix_lin sampled_calls=0 sampled_samples=0 sampled_us=0
audio_time: stage=envmix_nead sampled_calls=0 sampled_samples=0 sampled_us=0
audio_time: stage=mix sampled_calls=27 sampled_samples=8640 sampled_us=145
audio_time: stage=musyx_voice sampled_calls=0 sampled_samples=0 sampled_us=0
audio_time: stage=musyx_fx sampled_calls=0 sampled_samples=0 sampled_us=0
audio_time: stage=output sampled_calls=6 sampled_samples=3200 sampled_us=62
game: n=1/6 how=vis vis=900 vi_rate=60 vi0_retrace=321 wall_us=15171771 sleep_us=8080376 avg_vis=57.99 avg_fps=25.40 exceptions=5979 cacheResets=1 recompiles=928 batches=86578 verts=1256583 texStalls=0 treeDepthMax=14 underruns=9 overruns=0 queue_peak_ms=93 dsp_avg=1.54 dsp_peak=1.75 pmc1=5025044721 pmc2=5016025356 pmc3=0 pmc4=0 mmcr0=00000042 mmcr1=00000000 heap_used=10836436 heap_free=34664 arena1_free=634880 arena2_free=56405952 flushes=3 flush_us=32403 padtrace=4 rom=sd:/wii64/roms/Super Mario 64.v64
=== chain 1/6 end vis=900 how=vis rom=sd:/wii64/roms/Super Mario 64.v64 ===
mark: pad replay records: 1
mark: loadROM: enter
mark: loadROM: before rom_read
mark: ROMCache_load: enter
mark: ROMCache_load: before first read
mark: ROMCache_load: first read returned
mark: ROMCache_load: byte_swap_type set
mark: ROMCache_load: first byte_swap done
menufps: 0.1
menufps: 8.4
menufps: 8.3
menufps: 8.3
menufps: 8.3
menufps: 8.3
menufps: 8.3
mark: ROMCache_load: loop exited normally
mark: loadROM: after rom_read
mark: loadROM: before init_memory
mark: loadROM: after init_memory
mark: loadROM: before romOpen_gfx
mark: loadROM: after romOpen_gfx / before romOpen_audio
mark: loadROM: after romOpen_audio / before romOpen_input
mark: loadROM: after romOpen_input / before cpu_init
mark: loadROM: after cpu_init
menufps: 0.9
fps: 0.5
first_vi: vi0_retrace=1660
vis: 0.1
cpu: exceptions=0 cacheResets=0 batches=0 verts=0 texStalls=0 recompiles=0 underruns=0 overruns=0 sleep_us=0 queue_ms=0
mark: CPU core dispatch: dynarec
vis: 60.0
cpu: exceptions=37 cacheResets=1 batches=0 verts=0 texStalls=0 recompiles=138 underruns=0 overruns=0 sleep_us=55142 queue_ms=0
vis: 60.0
cpu: exceptions=67 cacheResets=1 batches=0 verts=0 texStalls=0 recompiles=138 underruns=0 overruns=0 sleep_us=397564 queue_ms=0
vis: 60.0
cpu: exceptions=368 cacheResets=1 batches=0 verts=0 texStalls=0 recompiles=390 underruns=0 overruns=0 sleep_us=694448 queue_ms=0
vis: 60.0
cpu: exceptions=570 cacheResets=1 batches=0 verts=0 texStalls=0 recompiles=668 underruns=1 overruns=0 sleep_us=1003290 queue_ms=17
fps: 0.4
vis: 60.0
cpu: exceptions=766 cacheResets=1 batches=44 verts=2262 texStalls=0 recompiles=1899 underruns=2 overruns=0 sleep_us=1176292 queue_ms=34
vis: 60.0
cpu: exceptions=919 cacheResets=1 batches=44 verts=2262 texStalls=0 recompiles=1913 underruns=2 overruns=0 sleep_us=1444294 queue_ms=26
fps: 1.3
vis: 60.0
cpu: exceptions=1111 cacheResets=1 batches=523 verts=18168 texStalls=0 recompiles=1998 underruns=2 overruns=0 sleep_us=1721969 queue_ms=30
fps: 30.0
vis: 60.0
cpu: exceptions=1290 cacheResets=1 batches=1367 verts=39522 texStalls=0 recompiles=2005 underruns=2 overruns=0 sleep_us=2010980 queue_ms=34
fps: 29.4
vis: 60.0
cpu: exceptions=1480 cacheResets=1 batches=2414 verts=62094 texStalls=0 recompiles=2008 underruns=2 overruns=0 sleep_us=2290081 queue_ms=26
fps: 30.0
vis: 60.0
cpu: exceptions=1657 cacheResets=1 batches=3477 verts=84762 texStalls=0 recompiles=2009 underruns=2 overruns=0 sleep_us=2571081 queue_ms=30
fps: 30.0
vis: 60.0
cpu: exceptions=1840 cacheResets=1 batches=4530 verts=107034 texStalls=0 recompiles=2011 underruns=2 overruns=0 sleep_us=2852255 queue_ms=34
fps: 30.0
vis: 60.0
cpu: exceptions=2031 cacheResets=1 batches=5594 verts=129078 texStalls=0 recompiles=2028 underruns=2 overruns=0 sleep_us=3128836 queue_ms=17
fps: 30.0
vis: 60.0
cpu: exceptions=2218 cacheResets=1 batches=6620 verts=150894 texStalls=0 recompiles=2028 underruns=2 overruns=0 sleep_us=3413907 queue_ms=22
fps: 30.0
vis: 60.0
cpu: exceptions=2399 cacheResets=1 batches=7874 verts=182286 texStalls=0 recompiles=2030 underruns=2 overruns=0 sleep_us=3668716 queue_ms=26
fps: 29.9
vis: 60.0
cpu: exceptions=2607 cacheResets=1 batches=9515 verts=221466 texStalls=0 recompiles=2035 underruns=2 overruns=0 sleep_us=3887241 queue_ms=30
fps: 30.0
vis: 60.0
cpu: exceptions=2786 cacheResets=1 batches=11160 verts=252474 texStalls=0 recompiles=2046 underruns=2 overruns=0 sleep_us=4120866 queue_ms=26
fps: 30.0
vis: 60.0
cpu: exceptions=2963 cacheResets=1 batches=12648 verts=277062 texStalls=0 recompiles=2062 underruns=2 overruns=0 sleep_us=4386022 queue_ms=18
fps: 30.0
vis: 60.0
cpu: exceptions=3134 cacheResets=1 batches=13893 verts=300192 texStalls=0 recompiles=2062 underruns=2 overruns=0 sleep_us=4670775 queue_ms=22
fps: 30.0
vis: 60.0
cpu: exceptions=3311 cacheResets=1 batches=14955 verts=322224 texStalls=0 recompiles=2063 underruns=2 overruns=0 sleep_us=4963121 queue_ms=26
fps: 30.0
vis: 60.0
cpu: exceptions=3496 cacheResets=1 batches=15990 verts=344094 texStalls=0 recompiles=2063 underruns=2 overruns=0 sleep_us=5249263 queue_ms=31
fps: 30.0
vis: 60.0
cpu: exceptions=3685 cacheResets=1 batches=17051 verts=367944 texStalls=0 recompiles=2063 underruns=2 overruns=0 sleep_us=5525462 queue_ms=27
fps: 29.9
vis: 60.0
cpu: exceptions=3873 cacheResets=1 batches=18373 verts=405216 texStalls=0 recompiles=2063 underruns=2 overruns=0 sleep_us=5771820 queue_ms=18
fps: 30.0
vis: 60.0
cpu: exceptions=4080 cacheResets=1 batches=19710 verts=442578 texStalls=0 recompiles=2071 underruns=2 overruns=0 sleep_us=6013870 queue_ms=22
fps: 29.9
vis: 60.0
cpu: exceptions=4276 cacheResets=1 batches=22471 verts=477696 texStalls=0 recompiles=2080 underruns=2 overruns=0 sleep_us=6229073 queue_ms=27
fps: 29.8
vis: 60.0
cpu: exceptions=4471 cacheResets=1 batches=27669 verts=520134 texStalls=0 recompiles=2080 underruns=2 overruns=0 sleep_us=6406306 queue_ms=31
fps: 30.0
vis: 60.0
cpu: exceptions=4657 cacheResets=1 batches=32960 verts=563130 texStalls=0 recompiles=2080 underruns=2 overruns=0 sleep_us=6588654 queue_ms=27
fps: 30.0
vis: 60.0
cpu: exceptions=4854 cacheResets=1 batches=37986 verts=604536 texStalls=0 recompiles=2082 underruns=2 overruns=0 sleep_us=6780958 queue_ms=18
fps: 30.0
vis: 60.0
cpu: exceptions=5048 cacheResets=1 batches=43113 verts=646548 texStalls=0 recompiles=2082 underruns=2 overruns=0 sleep_us=6971676 queue_ms=23
fps: 29.2
vis: 60.0
cpu: exceptions=5255 cacheResets=1 batches=48350 verts=691956 texStalls=0 recompiles=2082 underruns=3 overruns=0 sleep_us=7139168 queue_ms=27
fps: 30.1
mark: stop reason: chain guest VI limit
mark: stop_it requested
audio: alist_resample_calls=7273 alist_resample_samples=1338232 alist_zoh_calls=0 alist_zoh_samples=0 musyx_subframes=0 musyx_voices=0 musyx_voice_peak=0
audio_stages: adpcm_calls=5684 adpcm_samples=629344 envmix_calls=5654 envmix_samples=1040336 mix_calls=32380 mix_samples=5957920 musyx_fx_calls=0 musyx_fx_taps=0 output_calls=405 output_samples=297160
audio_envmix: exp_calls=0 ge_calls=0 lin_calls=5654 nead_calls=0 exp_steady=0 ge_steady=0 lin_steady=5208
audio_gaps: nead_mats=0 nead_efz=0 resample_flag2=0 musyx_ptr10=0
audio_output: stream_requests=3348 stream_fed=1030 input_hz=21998 playback_hz=21998 queue_peak_ms=69
subsystem_time: stage=rsp_gfx calls=358 timed_calls=358 period=1 timed_us=1322775
subsystem_time: stage=rsp_audio calls=406 timed_calls=406 period=1 timed_us=306365
subsystem_time: stage=rsp_other calls=0 timed_calls=0 period=1 timed_us=0
subsystem_time: stage=lookup calls=4415538 timed_calls=34768 period=127 timed_us=5748
subsystem_time: stage=compile calls=2083 timed_calls=2083 period=1 timed_us=178137
subsystem_time: stage=dispatch calls=4132097 timed_calls=32536 period=127 timed_us=12425
subsystem_time: stage=execute_inclusive calls=4132097 timed_calls=32536 period=127 timed_us=93596
subsystem_time: stage=rom_copy calls=640 timed_calls=640 period=1 timed_us=14319
subsystem_time: stage=present calls=899 timed_calls=899 period=1 timed_us=60795
subsystem_time: stage=limiter calls=861 timed_calls=861 period=1 timed_us=7330955
audio_time: stage=resample sampled_calls=57 sampled_samples=10488 sampled_us=410
audio_time: stage=zoh sampled_calls=0 sampled_samples=0 sampled_us=0
audio_time: stage=adpcm sampled_calls=44 sampled_samples=4752 sampled_us=204
audio_time: stage=envmix_exp sampled_calls=0 sampled_samples=0 sampled_us=0
audio_time: stage=envmix_ge sampled_calls=0 sampled_samples=0 sampled_us=0
audio_time: stage=envmix_lin sampled_calls=44 sampled_samples=8096 sampled_us=691
audio_time: stage=envmix_nead sampled_calls=0 sampled_samples=0 sampled_us=0
audio_time: stage=mix sampled_calls=254 sampled_samples=46736 sampled_us=767
audio_time: stage=musyx_voice sampled_calls=0 sampled_samples=0 sampled_us=0
audio_time: stage=musyx_fx sampled_calls=0 sampled_samples=0 sampled_us=0
audio_time: stage=output sampled_calls=3 sampled_samples=2208 sampled_us=39
game: n=2/6 how=vis vis=900 vi_rate=60 vi0_retrace=1660 wall_us=15175883 sleep_us=7328103 avg_vis=58.00 avg_fps=26.56 exceptions=5450 cacheResets=1 recompiles=2083 batches=52520 verts=741906 texStalls=0 treeDepthMax=31 underruns=3 overruns=0 queue_peak_ms=34 dsp_avg=1.38 dsp_peak=1.60 pmc1=5456221047 pmc2=5201897064 pmc3=0 pmc4=0 mmcr0=00000042 mmcr1=00000000 heap_used=10913876 heap_free=35048 arena1_free=557056 arena2_free=56405952 flushes=4 flush_us=39713 padtrace=0 rom=sd:/wii64/roms/Banjo-Kazooie.V64
=== chain 2/6 end vis=900 how=vis rom=sd:/wii64/roms/Banjo-Kazooie.V64 ===
mark: pad replay records: 1
mark: loadROM: enter
mark: loadROM: before rom_read
mark: ROMCache_load: enter
mark: ROMCache_load: before first read
mark: ROMCache_load: first read returned
mark: ROMCache_load: byte_swap_type set
mark: ROMCache_load: first byte_swap done
menufps: 0.1
menufps: 8.6
menufps: 8.3
menufps: 8.3
menufps: 8.3
menufps: 8.3
menufps: 8.3
mark: ROMCache_load: loop exited normally
mark: loadROM: after rom_read
mark: loadROM: before init_memory
mark: loadROM: after init_memory
mark: loadROM: before romOpen_gfx
mark: loadROM: after romOpen_gfx / before romOpen_audio
mark: loadROM: after romOpen_audio / before romOpen_input
mark: loadROM: after romOpen_input / before cpu_init
mark: loadROM: after cpu_init
menufps: 0.9
first_vi: vi0_retrace=2997
mark: CPU core dispatch: dynarec
vis: 60.0
cpu: exceptions=1471 cacheResets=1 batches=0 verts=0 texStalls=0 recompiles=421 underruns=0 overruns=0 sleep_us=139384 queue_ms=148
fps: 3.1
vis: 60.0
cpu: exceptions=2355 cacheResets=1 batches=0 verts=0 texStalls=0 recompiles=425 underruns=0 overruns=0 sleep_us=513156 queue_ms=151
fps: 60.6
vis: 60.0
cpu: exceptions=2625 cacheResets=1 batches=0 verts=0 texStalls=0 recompiles=425 underruns=0 overruns=0 sleep_us=941936 queue_ms=147
fps: 60.0
vis: 60.0
cpu: exceptions=2918 cacheResets=1 batches=0 verts=0 texStalls=0 recompiles=468 underruns=0 overruns=0 sleep_us=1357279 queue_ms=153
vis: 60.0
cpu: exceptions=3298 cacheResets=1 batches=0 verts=0 texStalls=0 recompiles=468 underruns=0 overruns=0 sleep_us=1715316 queue_ms=148
fps: 14.9
vis: 55.9
cpu: exceptions=3637 cacheResets=1 batches=2160 verts=57624 texStalls=0 recompiles=742 underruns=0 overruns=0 sleep_us=1907171 queue_ms=112
fps: 59.8
vis: 60.0
cpu: exceptions=3927 cacheResets=1 batches=8940 verts=235104 texStalls=0 recompiles=763 underruns=0 overruns=0 sleep_us=1995217 queue_ms=117
fps: 60.0
vis: 60.0
cpu: exceptions=4223 cacheResets=1 batches=15711 verts=412530 texStalls=0 recompiles=771 underruns=0 overruns=0 sleep_us=2085990 queue_ms=112
fps: 60.0
vis: 60.0
cpu: exceptions=4522 cacheResets=1 batches=22461 verts=589830 texStalls=0 recompiles=775 underruns=0 overruns=0 sleep_us=2176485 queue_ms=119
fps: 60.0
vis: 60.0
cpu: exceptions=4813 cacheResets=1 batches=29211 verts=767130 texStalls=0 recompiles=775 underruns=0 overruns=0 sleep_us=2270110 queue_ms=114
fps: 60.0
vis: 60.0
cpu: exceptions=5101 cacheResets=1 batches=35961 verts=944430 texStalls=0 recompiles=775 underruns=0 overruns=0 sleep_us=2365976 queue_ms=120
fps: 60.0
vis: 60.0
cpu: exceptions=5396 cacheResets=1 batches=42711 verts=1121730 texStalls=0 recompiles=775 underruns=0 overruns=0 sleep_us=2458555 queue_ms=115
fps: 60.0
vis: 60.0
cpu: exceptions=5682 cacheResets=1 batches=49461 verts=1299030 texStalls=0 recompiles=777 underruns=0 overruns=0 sleep_us=2554803 queue_ms=122
fps: 60.0
vis: 60.0
cpu: exceptions=5976 cacheResets=1 batches=56211 verts=1476330 texStalls=0 recompiles=777 underruns=0 overruns=0 sleep_us=2643391 queue_ms=117
fps: 60.0
vis: 60.0
cpu: exceptions=6274 cacheResets=1 batches=62961 verts=1653630 texStalls=0 recompiles=777 underruns=0 overruns=0 sleep_us=2729998 queue_ms=114
fps: 60.0
vis: 60.0
cpu: exceptions=6569 cacheResets=1 batches=69711 verts=1830930 texStalls=0 recompiles=777 underruns=0 overruns=0 sleep_us=2817153 queue_ms=119
fps: 60.0
vis: 60.0
cpu: exceptions=6867 cacheResets=1 batches=76461 verts=2008230 texStalls=0 recompiles=777 underruns=0 overruns=0 sleep_us=2901251 queue_ms=115
fps: 60.0
vis: 60.0
cpu: exceptions=7159 cacheResets=1 batches=83211 verts=2185530 texStalls=0 recompiles=777 underruns=0 overruns=0 sleep_us=2987405 queue_ms=121
fps: 60.0
vis: 60.0
cpu: exceptions=7451 cacheResets=1 batches=89961 verts=2362830 texStalls=0 recompiles=777 underruns=0 overruns=0 sleep_us=3075926 queue_ms=116
fps: 58.1
vis: 60.0
cpu: exceptions=7740 cacheResets=1 batches=96711 verts=2540130 texStalls=0 recompiles=777 underruns=0 overruns=0 sleep_us=3165976 queue_ms=104
fps: 60.0
vis: 60.0
cpu: exceptions=8030 cacheResets=1 batches=103461 verts=2717430 texStalls=0 recompiles=777 underruns=0 overruns=0 sleep_us=3259427 queue_ms=100
fps: 59.9
vis: 60.0
cpu: exceptions=8327 cacheResets=1 batches=110211 verts=2894730 texStalls=0 recompiles=777 underruns=0 overruns=0 sleep_us=3346789 queue_ms=106
fps: 60.0
vis: 60.0
cpu: exceptions=8621 cacheResets=1 batches=116961 verts=3072030 texStalls=0 recompiles=777 underruns=0 overruns=0 sleep_us=3423584 queue_ms=101
fps: 60.0
vis: 60.0
cpu: exceptions=8932 cacheResets=1 batches=123711 verts=3249330 texStalls=0 recompiles=777 underruns=0 overruns=0 sleep_us=3487827 queue_ms=99
fps: 60.0
vis: 60.0
cpu: exceptions=9250 cacheResets=1 batches=130461 verts=3426630 texStalls=0 recompiles=777 underruns=0 overruns=0 sleep_us=3549318 queue_ms=103
fps: 60.0
vis: 60.0
cpu: exceptions=9569 cacheResets=1 batches=137211 verts=3603930 texStalls=0 recompiles=777 underruns=0 overruns=0 sleep_us=3612531 queue_ms=100
fps: 60.0
vis: 60.0
cpu: exceptions=9882 cacheResets=1 batches=143961 verts=3781230 texStalls=0 recompiles=777 underruns=0 overruns=0 sleep_us=3676542 queue_ms=105
fps: 60.0
vis: 60.0
cpu: exceptions=10191 cacheResets=1 batches=150711 verts=3958530 texStalls=0 recompiles=777 underruns=0 overruns=0 sleep_us=3743493 queue_ms=101
fps: 59.8
vis: 60.0
cpu: exceptions=10504 cacheResets=1 batches=157883 verts=4149348 texStalls=0 recompiles=777 underruns=0 overruns=0 sleep_us=3802799 queue_ms=98
fps: 60.1
vis: 60.0
cpu: exceptions=10813 cacheResets=1 batches=166733 verts=4394238 texStalls=0 recompiles=777 underruns=0 overruns=0 sleep_us=3820557 queue_ms=103
mark: stop reason: chain guest VI limit
mark: stop_it requested
audio: alist_resample_calls=10077 alist_resample_samples=1250096 alist_zoh_calls=0 alist_zoh_samples=0 musyx_subframes=0 musyx_voices=0 musyx_voice_peak=0
audio_stages: adpcm_calls=9759 adpcm_samples=1154016 envmix_calls=10077 envmix_samples=1250096 mix_calls=79024 mix_samples=10544864 musyx_fx_calls=0 musyx_fx_taps=0 output_calls=897 output_samples=478768
audio_envmix: exp_calls=10077 ge_calls=0 lin_calls=0 nead_calls=0 exp_steady=5510 ge_steady=0 lin_steady=0
audio_gaps: nead_mats=0 nead_efz=0 resample_flag2=0 musyx_ptr10=0
audio_output: stream_requests=3319 stream_fed=1654 input_hz=32006 playback_hz=32006 queue_peak_ms=173
subsystem_time: stage=rsp_gfx calls=810 timed_calls=810 period=1 timed_us=5588069
subsystem_time: stage=rsp_audio calls=898 timed_calls=898 period=1 timed_us=592433
subsystem_time: stage=rsp_other calls=0 timed_calls=0 period=1 timed_us=0
subsystem_time: stage=lookup calls=3610011 timed_calls=28425 period=127 timed_us=4141
subsystem_time: stage=compile calls=777 timed_calls=777 period=1 timed_us=106638
subsystem_time: stage=dispatch calls=3517112 timed_calls=27693 period=127 timed_us=8744
subsystem_time: stage=execute_inclusive calls=3517112 timed_calls=27693 period=127 timed_us=91085
subsystem_time: stage=rom_copy calls=1024 timed_calls=1024 period=1 timed_us=14843
subsystem_time: stage=present calls=899 timed_calls=899 period=1 timed_us=42096
subsystem_time: stage=limiter calls=875 timed_calls=875 period=1 timed_us=3823566
audio_time: stage=resample sampled_calls=79 sampled_samples=10240 sampled_us=446
audio_time: stage=zoh sampled_calls=0 sampled_samples=0 sampled_us=0
audio_time: stage=adpcm sampled_calls=76 sampled_samples=8016 sampled_us=368
audio_time: stage=envmix_exp sampled_calls=79 sampled_samples=10240 sampled_us=1188
audio_time: stage=envmix_ge sampled_calls=0 sampled_samples=0 sampled_us=0
audio_time: stage=envmix_lin sampled_calls=0 sampled_samples=0 sampled_us=0
audio_time: stage=envmix_nead sampled_calls=0 sampled_samples=0 sampled_us=0
audio_time: stage=mix sampled_calls=622 sampled_samples=83008 sampled_us=1341
audio_time: stage=musyx_voice sampled_calls=0 sampled_samples=0 sampled_us=0
audio_time: stage=musyx_fx sampled_calls=0 sampled_samples=0 sampled_us=0
audio_time: stage=output sampled_calls=7 sampled_samples=3712 sampled_us=69
game: n=3/6 how=vis vis=900 vi_rate=60 vi0_retrace=2997 wall_us=15210802 sleep_us=3820557 avg_vis=59.86 avg_fps=56.30 exceptions=10823 cacheResets=1 recompiles=777 batches=167028 verts=4402401 texStalls=0 treeDepthMax=12 underruns=0 overruns=0 queue_peak_ms=153 dsp_avg=1.62 dsp_peak=1.90 pmc1=8148821637 pmc2=7924023995 pmc3=0 pmc4=0 mmcr0=00000042 mmcr1=00000000 heap_used=10826100 heap_free=159688 arena1_free=520192 arena2_free=56405952 flushes=3 flush_us=35493 padtrace=0 rom=sd:/wii64/roms/Pokemon Snap.rom
=== chain 3/6 end vis=900 how=vis rom=sd:/wii64/roms/Pokemon Snap.rom ===
mark: pad replay records: 1
mark: loadROM: enter
mark: loadROM: before rom_read
mark: ROMCache_load: enter
menufps: 0.1
menufps: 0.2
mark: ROMCache_load: before first read
mark: ROMCache_load: first read returned
mark: ROMCache_load: byte_swap_type set
mark: ROMCache_load: first byte_swap done
menufps: 0.2
menufps: 8.4
menufps: 8.3
menufps: 8.1
menufps: 8.4
menufps: 8.3
menufps: 7.8
menufps: 1.3
menufps: 1.3
menufps: 1.3
menufps: 1.3
menufps: 1.3
menufps: 1.2
menufps: 1.2
menufps: 3.6
menufps: 7.5
menufps: 8.1
menufps: 8.3
menufps: 8.0
mark: ROMCache_load: loop exited normally
mark: loadROM: after rom_read
mark: loadROM: before init_memory
mark: loadROM: after init_memory
mark: loadROM: before romOpen_gfx
mark: loadROM: after romOpen_gfx / before romOpen_audio
mark: loadROM: after romOpen_audio / before romOpen_input
mark: loadROM: after romOpen_input / before cpu_init
mark: loadROM: after cpu_init
menufps: 5.3
menufps: 0.7
fps: 0.2
first_vi: vi0_retrace=5447
vis: 0.1
cpu: exceptions=0 cacheResets=0 batches=0 verts=0 texStalls=0 recompiles=0 underruns=0 overruns=0 sleep_us=0 queue_ms=0
mark: CPU core dispatch: dynarec
vis: 0.4
cpu: exceptions=2 cacheResets=1 batches=0 verts=0 texStalls=0 recompiles=138 underruns=0 overruns=0 sleep_us=0 queue_ms=0
vis: 50.0
cpu: exceptions=2004 cacheResets=1 batches=0 verts=0 texStalls=0 recompiles=367 underruns=0 overruns=0 sleep_us=419709 queue_ms=0
fps: 0.3
vis: 43.7
cpu: exceptions=2764 cacheResets=1 batches=0 verts=0 texStalls=0 recompiles=777 underruns=1 overruns=0 sleep_us=610497 queue_ms=159
fps: 45.0
vis: 50.0
cpu: exceptions=2985 cacheResets=1 batches=0 verts=0 texStalls=0 recompiles=1244 underruns=1 overruns=0 sleep_us=853229 queue_ms=170
fps: 50.0
vis: 50.0
cpu: exceptions=3126 cacheResets=1 batches=0 verts=0 texStalls=0 recompiles=1253 underruns=1 overruns=0 sleep_us=1252718 queue_ms=172
vis: 50.0
cpu: exceptions=3275 cacheResets=1 batches=0 verts=0 texStalls=0 recompiles=1267 underruns=1 overruns=0 sleep_us=1642456 queue_ms=160
fps: 49.9
vis: 50.0
cpu: exceptions=3436 cacheResets=1 batches=0 verts=0 texStalls=0 recompiles=1269 underruns=1 overruns=0 sleep_us=2017344 queue_ms=168
fps: 50.1
vis: 50.0
cpu: exceptions=3586 cacheResets=1 batches=0 verts=0 texStalls=0 recompiles=1277 underruns=1 overruns=0 sleep_us=2392584 queue_ms=164
fps: 48.8
vis: 50.0
cpu: exceptions=3737 cacheResets=1 batches=0 verts=0 texStalls=0 recompiles=1277 underruns=1 overruns=0 sleep_us=2768196 queue_ms=143
fps: 50.2
vis: 50.0
cpu: exceptions=3884 cacheResets=1 batches=0 verts=0 texStalls=0 recompiles=1278 underruns=1 overruns=0 sleep_us=3152876 queue_ms=151
fps: 49.9
vis: 50.0
cpu: exceptions=4035 cacheResets=1 batches=0 verts=0 texStalls=0 recompiles=1279 underruns=1 overruns=0 sleep_us=3527993 queue_ms=153
fps: 50.1
vis: 50.0
cpu: exceptions=4181 cacheResets=1 batches=0 verts=0 texStalls=0 recompiles=1279 underruns=1 overruns=0 sleep_us=3908556 queue_ms=164
fps: 49.9
vis: 50.0
cpu: exceptions=4337 cacheResets=1 batches=0 verts=0 texStalls=0 recompiles=1280 underruns=1 overruns=0 sleep_us=4287980 queue_ms=143
fps: 50.0
vis: 50.0
cpu: exceptions=4482 cacheResets=1 batches=0 verts=0 texStalls=0 recompiles=1280 underruns=1 overruns=0 sleep_us=4672862 queue_ms=154
fps: 50.0
vis: 50.0
cpu: exceptions=4638 cacheResets=1 batches=0 verts=0 texStalls=0 recompiles=1280 underruns=1 overruns=0 sleep_us=5042146 queue_ms=162
fps: 50.1
vis: 50.0
cpu: exceptions=4777 cacheResets=1 batches=0 verts=0 texStalls=0 recompiles=1283 underruns=1 overruns=0 sleep_us=5416276 queue_ms=173
fps: 49.8
vis: 50.0
cpu: exceptions=4920 cacheResets=1 batches=0 verts=0 texStalls=0 recompiles=1283 underruns=1 overruns=0 sleep_us=5789147 queue_ms=146
fps: 50.2
vis: 50.0
cpu: exceptions=5058 cacheResets=1 batches=0 verts=0 texStalls=0 recompiles=1283 underruns=1 overruns=0 sleep_us=6176967 queue_ms=163
fps: 50.0
vis: 50.0
cpu: exceptions=5210 cacheResets=1 batches=0 verts=0 texStalls=0 recompiles=1283 underruns=1 overruns=0 sleep_us=6561347 queue_ms=165
fps: 50.0
vis: 50.0
cpu: exceptions=5353 cacheResets=1 batches=0 verts=0 texStalls=0 recompiles=1283 underruns=1 overruns=0 sleep_us=6944090 queue_ms=176
fps: 49.8
vis: 50.0
cpu: exceptions=5506 cacheResets=1 batches=0 verts=0 texStalls=0 recompiles=1283 underruns=1 overruns=0 sleep_us=7320174 queue_ms=155
fps: 50.1
vis: 50.0
cpu: exceptions=5647 cacheResets=1 batches=0 verts=0 texStalls=0 recompiles=1283 underruns=1 overruns=0 sleep_us=7704222 queue_ms=157
fps: 50.0
vis: 50.0
cpu: exceptions=5792 cacheResets=1 batches=0 verts=0 texStalls=0 recompiles=1283 underruns=1 overruns=0 sleep_us=8084897 queue_ms=173
fps: 50.1
vis: 50.0
cpu: exceptions=5944 cacheResets=1 batches=0 verts=0 texStalls=0 recompiles=1283 underruns=1 overruns=0 sleep_us=8466361 queue_ms=175
fps: 49.8
vis: 50.0
cpu: exceptions=6098 cacheResets=1 batches=0 verts=0 texStalls=0 recompiles=1283 underruns=1 overruns=0 sleep_us=8834561 queue_ms=158
fps: 50.1
vis: 50.0
cpu: exceptions=6250 cacheResets=1 batches=0 verts=0 texStalls=0 recompiles=1283 underruns=1 overruns=0 sleep_us=9217199 queue_ms=165
fps: 49.9
vis: 50.0
cpu: exceptions=6398 cacheResets=1 batches=0 verts=0 texStalls=0 recompiles=1283 underruns=1 overruns=0 sleep_us=9591549 queue_ms=182
fps: 50.2
vis: 50.0
cpu: exceptions=6539 cacheResets=1 batches=0 verts=0 texStalls=0 recompiles=1283 underruns=1 overruns=0 sleep_us=9967954 queue_ms=178
fps: 48.4
vis: 50.0
cpu: exceptions=6696 cacheResets=1 batches=0 verts=0 texStalls=0 recompiles=1283 underruns=1 overruns=0 sleep_us=10333281 queue_ms=148
fps: 50.1
vis: 50.0
cpu: exceptions=6837 cacheResets=1 batches=0 verts=0 texStalls=0 recompiles=1283 underruns=1 overruns=0 sleep_us=10704503 queue_ms=156
fps: 49.8
vis: 50.0
cpu: exceptions=6983 cacheResets=1 batches=0 verts=0 texStalls=0 recompiles=1283 underruns=1 overruns=0 sleep_us=11065455 queue_ms=167
vis: 50.0
cpu: exceptions=7121 cacheResets=1 batches=0 verts=0 texStalls=0 recompiles=1283 underruns=1 overruns=0 sleep_us=11433881 queue_ms=169
fps: 50.2
vis: 50.0
cpu: exceptions=7275 cacheResets=1 batches=0 verts=0 texStalls=0 recompiles=1283 underruns=1 overruns=0 sleep_us=11806476 queue_ms=180
fps: 50.1
vis: 50.0
cpu: exceptions=7440 cacheResets=1 batches=0 verts=0 texStalls=0 recompiles=1286 underruns=1 overruns=0 sleep_us=12180815 queue_ms=159
fps: 49.8
vis: 50.0
cpu: exceptions=7594 cacheResets=1 batches=0 verts=0 texStalls=0 recompiles=1286 underruns=1 overruns=0 sleep_us=12545722 queue_ms=167
fps: 49.9
vis: 50.0
cpu: exceptions=7744 cacheResets=1 batches=0 verts=0 texStalls=0 recompiles=1286 underruns=1 overruns=0 sleep_us=12917343 queue_ms=172
fps: 50.1
mark: stop reason: chain guest VI limit
mark: stop_it requested
vis: 46.4
cpu: exceptions=7904 cacheResets=1 batches=0 verts=0 texStalls=0 recompiles=1286 underruns=1 overruns=0 sleep_us=13275866 queue_ms=115
audio: alist_resample_calls=29202 alist_resample_samples=5373168 alist_zoh_calls=0 alist_zoh_samples=0 musyx_subframes=0 musyx_voices=0 musyx_voice_peak=0
audio_stages: adpcm_calls=30702 adpcm_samples=5024896 envmix_calls=29202 envmix_samples=5373168 mix_calls=30350 mix_samples=5584400 musyx_fx_calls=0 musyx_fx_taps=0 output_calls=652 output_samples=557520
audio_envmix: exp_calls=0 ge_calls=0 lin_calls=29202 nead_calls=0 exp_steady=0 ge_steady=0 lin_steady=16497
audio_gaps: nead_mats=0 nead_efz=0 resample_flag2=0 musyx_ptr10=0
audio_output: stream_requests=5036 stream_fed=1923 input_hz=31995 playback_hz=31995 queue_peak_ms=213
subsystem_time: stage=rsp_gfx calls=852 timed_calls=852 period=1 timed_us=778036
subsystem_time: stage=rsp_audio calls=653 timed_calls=653 period=1 timed_us=1139525
subsystem_time: stage=rsp_other calls=0 timed_calls=0 period=1 timed_us=0
subsystem_time: stage=lookup calls=1674544 timed_calls=13185 period=127 timed_us=2757
subsystem_time: stage=compile calls=1286 timed_calls=1286 period=1 timed_us=81417
subsystem_time: stage=dispatch calls=1671988 timed_calls=13165 period=127 timed_us=4905
subsystem_time: stage=execute_inclusive calls=1671988 timed_calls=13165 period=127 timed_us=117026
subsystem_time: stage=rom_copy calls=940 timed_calls=940 period=1 timed_us=2578179
subsystem_time: stage=present calls=899 timed_calls=899 period=1 timed_us=20112
subsystem_time: stage=limiter calls=879 timed_calls=879 period=1 timed_us=13278699
audio_time: stage=resample sampled_calls=229 sampled_samples=42136 sampled_us=1650
audio_time: stage=zoh sampled_calls=0 sampled_samples=0 sampled_us=0
audio_time: stage=adpcm sampled_calls=241 sampled_samples=40144 sampled_us=1656
audio_time: stage=envmix_exp sampled_calls=0 sampled_samples=0 sampled_us=0
audio_time: stage=envmix_ge sampled_calls=0 sampled_samples=0 sampled_us=0
audio_time: stage=envmix_lin sampled_calls=229 sampled_samples=42136 sampled_us=4295
audio_time: stage=envmix_nead sampled_calls=0 sampled_samples=0 sampled_us=0
audio_time: stage=mix sampled_calls=238 sampled_samples=43792 sampled_us=718
audio_time: stage=musyx_voice sampled_calls=0 sampled_samples=0 sampled_us=0
audio_time: stage=musyx_fx sampled_calls=0 sampled_samples=0 sampled_us=0
audio_time: stage=output sampled_calls=5 sampled_samples=4232 sampled_us=67
game: n=4/6 how=vis vis=900 vi_rate=50 vi0_retrace=5447 wall_us=20655923 sleep_us=13275866 avg_vis=47.12 avg_fps=46.85 exceptions=7905 cacheResets=1 recompiles=1286 batches=0 verts=0 texStalls=0 treeDepthMax=18 underruns=1 overruns=0 queue_peak_ms=182 dsp_avg=1.45 dsp_peak=1.60 pmc1=3371816013 pmc2=3289134988 pmc3=0 pmc4=0 mmcr0=00000042 mmcr1=00000000 heap_used=10853684 heap_free=132104 arena1_free=520192 arena2_free=56405952 flushes=4 flush_us=46574 padtrace=0 rom=sd:/wii64/roms/Mario Party 3 (E) (M4) [!].z64
=== chain 4/6 end vis=900 how=vis rom=sd:/wii64/roms/Mario Party 3 (E) (M4) [!].z64 ===
mark: pad replay records: 1
mark: loadROM: enter
mark: loadROM: before rom_read
mark: ROMCache_load: enter
mark: ROMCache_load: before first read
mark: ROMCache_load: first read returned
mark: ROMCache_load: byte_swap_type set
mark: ROMCache_load: first byte_swap done
menufps: 0.0
menufps: 8.4
menufps: 8.0
menufps: 8.1
menufps: 8.3
menufps: 8.3
menufps: 8.3
menufps: 2.1
menufps: 1.3
menufps: 1.2
menufps: 1.2
menufps: 1.2
menufps: 1.2
menufps: 1.2
menufps: 3.7
menufps: 8.0
menufps: 8.3
menufps: 8.3
menufps: 8.3
mark: ROMCache_load: loop exited normally
mark: loadROM: after rom_read
mark: loadROM: before init_memory
mark: loadROM: after init_memory
mark: loadROM: before romOpen_gfx
mark: loadROM: after romOpen_gfx / before romOpen_audio
mark: loadROM: after romOpen_audio / before romOpen_input
mark: loadROM: after romOpen_input / before cpu_init
mark: loadROM: after cpu_init
menufps: 5.6
menufps: 0.7
first_vi: vi0_retrace=7645
mark: CPU core dispatch: dynarec
vis: 0.4
cpu: exceptions=1 cacheResets=1 batches=0 verts=0 texStalls=0 recompiles=75 underruns=0 overruns=0 sleep_us=0 queue_ms=0
vis: 60.0
cpu: exceptions=84 cacheResets=1 batches=0 verts=0 texStalls=0 recompiles=242 underruns=2 overruns=0 sleep_us=313104 queue_ms=4
vis: 60.0
cpu: exceptions=214 cacheResets=1 batches=0 verts=0 texStalls=0 recompiles=373 underruns=3 overruns=0 sleep_us=718319 queue_ms=17
vis: 60.0
cpu: exceptions=316 cacheResets=1 batches=0 verts=0 texStalls=0 recompiles=452 underruns=3 overruns=0 sleep_us=1065419 queue_ms=17
vis: 56.8
cpu: exceptions=1392 cacheResets=1 batches=0 verts=0 texStalls=0 recompiles=713 underruns=4 overruns=0 sleep_us=1179653 queue_ms=74
vis: 25.0
cpu: exceptions=1910 cacheResets=1 batches=0 verts=0 texStalls=0 recompiles=716 underruns=6 overruns=0 sleep_us=1187149 queue_ms=13
vis: 47.5
cpu: exceptions=2451 cacheResets=1 batches=0 verts=0 texStalls=0 recompiles=785 underruns=10 overruns=0 sleep_us=1431770 queue_ms=4
fps: 0.2
vis: 60.0
cpu: exceptions=6836 cacheResets=1 batches=4 verts=504 texStalls=0 recompiles=1178 underruns=16 overruns=0 sleep_us=1431770 queue_ms=182
fps: 35.9
vis: 60.0
cpu: exceptions=6982 cacheResets=1 batches=19 verts=2394 texStalls=0 recompiles=1178 underruns=16 overruns=0 sleep_us=1868784 queue_ms=182
fps: 30.0
vis: 60.0
cpu: exceptions=7129 cacheResets=1 batches=34 verts=4284 texStalls=0 recompiles=1178 underruns=16 overruns=0 sleep_us=2306032 queue_ms=182
fps: 30.0
vis: 60.0
cpu: exceptions=7276 cacheResets=1 batches=49 verts=6174 texStalls=0 recompiles=1178 underruns=16 overruns=0 sleep_us=2743694 queue_ms=178
fps: 29.4
vis: 60.0
cpu: exceptions=7423 cacheResets=1 batches=64 verts=8064 texStalls=0 recompiles=1178 underruns=16 overruns=0 sleep_us=3180845 queue_ms=165
fps: 30.0
vis: 60.0
cpu: exceptions=7570 cacheResets=1 batches=79 verts=9954 texStalls=0 recompiles=1178 underruns=16 overruns=0 sleep_us=3618024 queue_ms=165
fps: 30.0
vis: 60.0
cpu: exceptions=7716 cacheResets=1 batches=94 verts=11844 texStalls=0 recompiles=1178 underruns=16 overruns=0 sleep_us=4055605 queue_ms=174
fps: 30.0
vis: 60.0
cpu: exceptions=7863 cacheResets=1 batches=109 verts=13734 texStalls=0 recompiles=1178 underruns=16 overruns=0 sleep_us=4492737 queue_ms=161
vis: 60.0
cpu: exceptions=8011 cacheResets=1 batches=124 verts=15624 texStalls=0 recompiles=1179 underruns=16 overruns=0 sleep_us=4933337 queue_ms=169
fps: 30.0
vis: 60.0
cpu: exceptions=8157 cacheResets=1 batches=139 verts=17514 texStalls=0 recompiles=1179 underruns=16 overruns=0 sleep_us=5384557 queue_ms=169
fps: 30.0
vis: 60.0
cpu: exceptions=8304 cacheResets=1 batches=154 verts=19404 texStalls=0 recompiles=1179 underruns=16 overruns=0 sleep_us=5835326 queue_ms=169
fps: 30.0
vis: 60.0
cpu: exceptions=8451 cacheResets=1 batches=169 verts=21294 texStalls=0 recompiles=1179 underruns=16 overruns=0 sleep_us=6286510 queue_ms=165
fps: 30.0
vis: 60.0
cpu: exceptions=8597 cacheResets=1 batches=184 verts=23184 texStalls=0 recompiles=1179 underruns=16 overruns=0 sleep_us=6737331 queue_ms=165
fps: 30.0
vis: 60.0
cpu: exceptions=8744 cacheResets=1 batches=199 verts=25074 texStalls=0 recompiles=1179 underruns=16 overruns=0 sleep_us=7188174 queue_ms=165
fps: 30.0
vis: 60.0
cpu: exceptions=8891 cacheResets=1 batches=214 verts=26964 texStalls=0 recompiles=1179 underruns=16 overruns=0 sleep_us=7639432 queue_ms=161
fps: 30.0
vis: 60.0
cpu: exceptions=9038 cacheResets=1 batches=229 verts=28854 texStalls=0 recompiles=1179 underruns=16 overruns=0 sleep_us=8090273 queue_ms=161
fps: 30.0
vis: 60.0
cpu: exceptions=9186 cacheResets=1 batches=244 verts=30744 texStalls=0 recompiles=1179 underruns=16 overruns=0 sleep_us=8541126 queue_ms=169
fps: 30.0
vis: 60.0
cpu: exceptions=9332 cacheResets=1 batches=259 verts=32634 texStalls=0 recompiles=1179 underruns=16 overruns=0 sleep_us=8994537 queue_ms=169
fps: 30.0
vis: 60.0
cpu: exceptions=9479 cacheResets=1 batches=274 verts=34524 texStalls=0 recompiles=1179 underruns=16 overruns=0 sleep_us=9446244 queue_ms=156
fps: 30.0
vis: 60.0
cpu: exceptions=9627 cacheResets=1 batches=289 verts=36414 texStalls=0 recompiles=1179 underruns=16 overruns=0 sleep_us=9897970 queue_ms=165
fps: 30.0
vis: 60.0
cpu: exceptions=9773 cacheResets=1 batches=304 verts=38304 texStalls=0 recompiles=1179 underruns=16 overruns=0 sleep_us=10350069 queue_ms=165
fps: 30.0
vis: 60.0
cpu: exceptions=9919 cacheResets=1 batches=319 verts=40194 texStalls=0 recompiles=1179 underruns=16 overruns=0 sleep_us=10801768 queue_ms=152
fps: 30.0
vis: 60.0
cpu: exceptions=10066 cacheResets=1 batches=334 verts=42084 texStalls=0 recompiles=1179 underruns=16 overruns=0 sleep_us=11253878 queue_ms=161
fps: 30.0
vis: 60.0
cpu: exceptions=10213 cacheResets=1 batches=349 verts=43974 texStalls=0 recompiles=1179 underruns=16 overruns=0 sleep_us=11705546 queue_ms=161
fps: 29.0
mark: stop reason: chain guest VI limit
mark: stop_it requested
audio: alist_resample_calls=0 alist_resample_samples=0 alist_zoh_calls=0 alist_zoh_samples=0 musyx_subframes=1679 musyx_voices=0 musyx_voice_peak=0
audio_stages: adpcm_calls=0 adpcm_samples=0 envmix_calls=0 envmix_samples=0 mix_calls=0 mix_samples=0 musyx_fx_calls=1610 musyx_fx_taps=3220 output_calls=1686 output_samples=323712
audio_envmix: exp_calls=0 ge_calls=0 lin_calls=0 nead_calls=0 exp_steady=0 ge_steady=0 lin_steady=0
audio_gaps: nead_mats=0 nead_efz=0 resample_flag2=0 musyx_ptr10=0
audio_output: stream_requests=4079 stream_fed=1113 input_hz=22047 playback_hz=22047 queue_peak_ms=204
subsystem_time: stage=rsp_gfx calls=358 timed_calls=358 period=1 timed_us=503630
subsystem_time: stage=rsp_audio calls=439 timed_calls=439 period=1 timed_us=46273
subsystem_time: stage=rsp_other calls=0 timed_calls=0 period=1 timed_us=0
subsystem_time: stage=lookup calls=829411 timed_calls=6530 period=127 timed_us=1208
subsystem_time: stage=compile calls=1179 timed_calls=1179 period=1 timed_us=72175
subsystem_time: stage=dispatch calls=827308 timed_calls=6514 period=127 timed_us=3020
subsystem_time: stage=execute_inclusive calls=827308 timed_calls=6514 period=127 timed_us=118299
subsystem_time: stage=rom_copy calls=4991 timed_calls=4991 period=1 timed_us=3261666
subsystem_time: stage=present calls=899 timed_calls=899 period=1 timed_us=65690
subsystem_time: stage=limiter calls=831 timed_calls=831 period=1 timed_us=11978982
audio_time: stage=resample sampled_calls=0 sampled_samples=0 sampled_us=0
audio_time: stage=zoh sampled_calls=0 sampled_samples=0 sampled_us=0
audio_time: stage=adpcm sampled_calls=0 sampled_samples=0 sampled_us=0
audio_time: stage=envmix_exp sampled_calls=0 sampled_samples=0 sampled_us=0
audio_time: stage=envmix_ge sampled_calls=0 sampled_samples=0 sampled_us=0
audio_time: stage=envmix_lin sampled_calls=0 sampled_samples=0 sampled_us=0
audio_time: stage=envmix_nead sampled_calls=0 sampled_samples=0 sampled_us=0
audio_time: stage=mix sampled_calls=0 sampled_samples=0 sampled_us=0
audio_time: stage=musyx_voice sampled_calls=0 sampled_samples=0 sampled_us=0
audio_time: stage=musyx_fx sampled_calls=12 sampled_samples=24 sampled_us=240
audio_time: stage=output sampled_calls=13 sampled_samples=2496 sampled_us=53
game: n=5/6 how=vis vis=900 vi_rate=60 vi0_retrace=7645 wall_us=18042156 sleep_us=11976538 avg_vis=56.44 avg_fps=28.94 exceptions=10307 cacheResets=1 recompiles=1179 batches=358 verts=45108 texStalls=0 treeDepthMax=19 underruns=16 overruns=0 queue_peak_ms=182 dsp_avg=1.31 dsp_peak=1.55 pmc1=1926025913 pmc2=2071385944 pmc3=0 pmc4=0 mmcr0=00000042 mmcr1=00000000 heap_used=10845236 heap_free=140552 arena1_free=520192 arena2_free=56405952 flushes=4 flush_us=43400 padtrace=0 rom=sd:/wii64/roms/007 - The World Is Not Enough (USA).z64
=== chain 5/6 end vis=900 how=vis rom=sd:/wii64/roms/007 - The World Is Not Enough (USA).z64 ===
mark: pad replay records: 1
mark: loadROM: enter
mark: loadROM: before rom_read
mark: ROMCache_load: enter
mark: ROMCache_load: before first read
mark: ROMCache_load: first read returned
mark: ROMCache_load: byte_swap_type set
mark: ROMCache_load: first byte_swap done
menufps: 0.1
menufps: 8.5
menufps: 8.1
menufps: 8.3
menufps: 8.3
menufps: 8.3
menufps: 7.6
menufps: 1.3
menufps: 1.3
menufps: 1.3
menufps: 1.2
menufps: 1.2
menufps: 1.3
menufps: 1.2
menufps: 3.7
menufps: 8.3
menufps: 8.3
menufps: 8.3
menufps: 8.3
mark: ROMCache_load: loop exited normally
mark: loadROM: after rom_read
mark: loadROM: before init_memory
mark: loadROM: after init_memory
mark: loadROM: before romOpen_gfx
mark: loadROM: after romOpen_gfx / before romOpen_audio
mark: loadROM: after romOpen_audio / before romOpen_input
mark: loadROM: after romOpen_input / before cpu_init
mark: loadROM: after cpu_init
menufps: 1.2
fps: 0.5
first_vi: vi0_retrace=9685
vis: 1.2
cpu: exceptions=0 cacheResets=0 batches=0 verts=0 texStalls=0 recompiles=0 underruns=0 overruns=0 sleep_us=0 queue_ms=0
mark: CPU core dispatch: dynarec
vis: 0.4
cpu: exceptions=3 cacheResets=1 batches=0 verts=0 texStalls=0 recompiles=68 underruns=0 overruns=0 sleep_us=0 queue_ms=0
vis: 60.0
cpu: exceptions=34 cacheResets=1 batches=0 verts=0 texStalls=0 recompiles=82 underruns=0 overruns=0 sleep_us=346984 queue_ms=0
vis: 60.0
cpu: exceptions=64 cacheResets=1 batches=0 verts=0 texStalls=0 recompiles=82 underruns=0 overruns=0 sleep_us=715906 queue_ms=0
vis: 60.0
cpu: exceptions=94 cacheResets=1 batches=0 verts=0 texStalls=0 recompiles=82 underruns=0 overruns=0 sleep_us=1083830 queue_ms=0
vis: 60.0
cpu: exceptions=207 cacheResets=1 batches=0 verts=0 texStalls=0 recompiles=182 underruns=0 overruns=0 sleep_us=1399099 queue_ms=0
vis: 60.0
cpu: exceptions=247 cacheResets=1 batches=0 verts=0 texStalls=0 recompiles=188 underruns=0 overruns=0 sleep_us=1747047 queue_ms=0
vis: 60.0
cpu: exceptions=289 cacheResets=1 batches=0 verts=0 texStalls=0 recompiles=188 underruns=0 overruns=0 sleep_us=2089429 queue_ms=0
vis: 60.0
cpu: exceptions=319 cacheResets=1 batches=0 verts=0 texStalls=0 recompiles=188 underruns=0 overruns=0 sleep_us=2429731 queue_ms=0
vis: 60.0
cpu: exceptions=396 cacheResets=1 batches=0 verts=0 texStalls=0 recompiles=314 underruns=1 overruns=0 sleep_us=2847881 queue_ms=11
vis: 60.0
cpu: exceptions=473 cacheResets=1 batches=0 verts=0 texStalls=0 recompiles=323 underruns=1 overruns=0 sleep_us=3299233 queue_ms=15
vis: 60.0
cpu: exceptions=548 cacheResets=1 batches=0 verts=0 texStalls=0 recompiles=323 underruns=1 overruns=0 sleep_us=3754996 queue_ms=6
vis: 49.7
cpu: exceptions=726 cacheResets=1 batches=0 verts=0 texStalls=0 recompiles=434 underruns=3 overruns=0 sleep_us=3907948 queue_ms=9
vis: 59.8
cpu: exceptions=933 cacheResets=1 batches=0 verts=0 texStalls=0 recompiles=434 underruns=5 overruns=0 sleep_us=3928575 queue_ms=53
vis: 60.0
cpu: exceptions=1126 cacheResets=1 batches=0 verts=0 texStalls=0 recompiles=448 underruns=5 overruns=0 sleep_us=4124335 queue_ms=57
vis: 52.7
cpu: exceptions=1373 cacheResets=1 batches=0 verts=0 texStalls=0 recompiles=484 underruns=6 overruns=0 sleep_us=4352532 queue_ms=2
fps: 0.1
vis: 60.0
cpu: exceptions=1641 cacheResets=1 batches=473 verts=6780 texStalls=0 recompiles=1251 underruns=9 overruns=0 sleep_us=4433862 queue_ms=124
fps: 32.5
vis: 60.0
cpu: exceptions=1917 cacheResets=1 batches=1358 verts=19110 texStalls=0 recompiles=1255 underruns=9 overruns=0 sleep_us=4785241 queue_ms=128
fps: 28.0
vis: 60.0
cpu: exceptions=2194 cacheResets=1 batches=2243 verts=31440 texStalls=0 recompiles=1276 underruns=9 overruns=0 sleep_us=5093927 queue_ms=120
fps: 32.1
vis: 60.0
cpu: exceptions=2470 cacheResets=1 batches=3128 verts=43770 texStalls=0 recompiles=1279 underruns=9 overruns=0 sleep_us=5455211 queue_ms=124
fps: 29.3
vis: 60.0
cpu: exceptions=2745 cacheResets=1 batches=4013 verts=56100 texStalls=0 recompiles=1280 underruns=9 overruns=0 sleep_us=5816940 queue_ms=115
fps: 30.0
vis: 60.0
cpu: exceptions=3029 cacheResets=1 batches=4898 verts=68430 texStalls=0 recompiles=1300 underruns=9 overruns=0 sleep_us=6167866 queue_ms=120
fps: 30.0
vis: 60.0
cpu: exceptions=3310 cacheResets=1 batches=5783 verts=80760 texStalls=0 recompiles=1300 underruns=9 overruns=0 sleep_us=6515425 queue_ms=111
fps: 30.0
vis: 60.0
cpu: exceptions=3593 cacheResets=1 batches=6668 verts=93090 texStalls=0 recompiles=1300 underruns=9 overruns=0 sleep_us=6866142 queue_ms=115
fps: 30.0
vis: 60.0
cpu: exceptions=3874 cacheResets=1 batches=7553 verts=105420 texStalls=0 recompiles=1351 underruns=9 overruns=0 sleep_us=7216411 queue_ms=120
fps: 30.0
vis: 60.0
cpu: exceptions=4173 cacheResets=1 batches=7931 verts=111510 texStalls=0 recompiles=1366 underruns=9 overruns=0 sleep_us=7588770 queue_ms=111
fps: 30.0
vis: 60.0
cpu: exceptions=4327 cacheResets=1 batches=8071 verts=113904 texStalls=0 recompiles=1377 underruns=9 overruns=0 sleep_us=7958487 queue_ms=115
fps: 29.9
vis: 60.0
cpu: exceptions=4475 cacheResets=1 batches=8422 verts=137499 texStalls=0 recompiles=1383 underruns=9 overruns=0 sleep_us=8308721 queue_ms=120
fps: 30.0
vis: 60.0
cpu: exceptions=4622 cacheResets=1 batches=8827 verts=164724 texStalls=0 recompiles=1384 underruns=9 overruns=0 sleep_us=8669093 queue_ms=124
fps: 30.0
vis: 60.0
cpu: exceptions=4766 cacheResets=1 batches=9232 verts=191949 texStalls=0 recompiles=1387 underruns=9 overruns=0 sleep_us=9037529 queue_ms=115
fps: 30.0
vis: 60.0
cpu: exceptions=4916 cacheResets=1 batches=9637 verts=219174 texStalls=0 recompiles=1387 underruns=9 overruns=0 sleep_us=9404792 queue_ms=120
fps: 30.0
vis: 60.0
cpu: exceptions=5066 cacheResets=1 batches=10042 verts=246399 texStalls=0 recompiles=1389 underruns=9 overruns=0 sleep_us=9768084 queue_ms=124
mark: stop reason: chain guest VI limit
mark: stop_it requested
audio: alist_resample_calls=11186 alist_resample_samples=2058224 alist_zoh_calls=0 alist_zoh_samples=0 musyx_subframes=0 musyx_voices=0 musyx_voice_peak=0
audio_stages: adpcm_calls=6590 adpcm_samples=722912 envmix_calls=8440 envmix_samples=1552960 mix_calls=54920 mix_samples=10105280 musyx_fx_calls=0 musyx_fx_taps=0 output_calls=342 output_samples=251896
audio_envmix: exp_calls=0 ge_calls=0 lin_calls=8440 nead_calls=0 exp_steady=0 ge_steady=0 lin_steady=7902
audio_gaps: nead_mats=0 nead_efz=0 resample_flag2=0 musyx_ptr10=0
audio_output: stream_requests=5454 stream_fed=867 input_hz=22047 playback_hz=22047 queue_peak_ms=157
subsystem_time: stage=rsp_gfx calls=238 timed_calls=238 period=1 timed_us=293767
subsystem_time: stage=rsp_audio calls=343 timed_calls=343 period=1 timed_us=471953
subsystem_time: stage=rsp_other calls=1 timed_calls=1 period=1 timed_us=4
subsystem_time: stage=lookup calls=1606064 timed_calls=12646 period=127 timed_us=2082
subsystem_time: stage=compile calls=1389 timed_calls=1389 period=1 timed_us=204321
subsystem_time: stage=dispatch calls=1604489 timed_calls=12633 period=127 timed_us=4863
subsystem_time: stage=execute_inclusive calls=1604489 timed_calls=12633 period=127 timed_us=137065
subsystem_time: stage=rom_copy calls=1048 timed_calls=1048 period=1 timed_us=2959434
subsystem_time: stage=present calls=899 timed_calls=899 period=1 timed_us=239898
subsystem_time: stage=limiter calls=824 timed_calls=824 period=1 timed_us=9805366
audio_time: stage=resample sampled_calls=88 sampled_samples=16192 sampled_us=630
audio_time: stage=zoh sampled_calls=0 sampled_samples=0 sampled_us=0
audio_time: stage=adpcm sampled_calls=51 sampled_samples=5680 sampled_us=247
audio_time: stage=envmix_exp sampled_calls=0 sampled_samples=0 sampled_us=0
audio_time: stage=envmix_ge sampled_calls=0 sampled_samples=0 sampled_us=0
audio_time: stage=envmix_lin sampled_calls=66 sampled_samples=12144 sampled_us=998
audio_time: stage=envmix_nead sampled_calls=0 sampled_samples=0 sampled_us=0
audio_time: stage=mix sampled_calls=432 sampled_samples=79488 sampled_us=1278
audio_time: stage=musyx_voice sampled_calls=0 sampled_samples=0 sampled_us=0
audio_time: stage=musyx_fx sampled_calls=0 sampled_samples=0 sampled_us=0
audio_time: stage=output sampled_calls=2 sampled_samples=1472 sampled_us=28
game: n=6/6 how=vis vis=900 vi_rate=60 vi0_retrace=9685 wall_us=17735413 sleep_us=9802976 avg_vis=55.75 avg_fps=26.61 exceptions=5087 cacheResets=1 recompiles=1389 batches=10096 verts=250029 texStalls=0 treeDepthMax=15 underruns=9 overruns=0 queue_peak_ms=128 dsp_avg=1.34 dsp_peak=1.80 pmc1=3503536653 pmc2=3703256152 pmc3=0 pmc4=0 mmcr0=00000042 mmcr1=00000000 heap_used=10869044 heap_free=116744 arena1_free=520192 arena2_free=56405952 flushes=3 flush_us=38702 padtrace=0 rom=sd:/wii64/roms/Donkey Kong 64 (USA).z64
=== chain 6/6 end vis=900 how=vis rom=sd:/wii64/roms/Donkey Kong 64 (USA).z64 ===
