--- wii64 perf log ---
mark: diag config: wiiload arguments
mark: wiiload dynacore argument received
mark: diag received dynacore line
mark: diag requested core: dynarec
mark: pad replay records: 1
selftest:
  raw[0]=51281823586763113
  raw[1]=51281823586763117
  raw[2]=51281823586763129
  raw[3]=51281823586763142
  raw[4]=51281823586763155
  delta[0]=0us
  delta[1]=0us
  delta[2]=0us
  delta[3]=0us
mark: audio quality: accurate
mark: audio modes: n64=0 output=0 mixer=0 latency=2 sync=0
mark: diag applied core: dynarec
mark: HBC agent ready
mark: loadROM: enter
mark: loadROM: before rom_read
mark: ROMCache_load: enter
mark: ROMCache_load: before first read
mark: ROMCache_load: first read returned
mark: ROMCache_load: byte_swap_type set
mark: ROMCache_load: first byte_swap done
menufps: 10.4
menufps: 8.4
menufps: 7.9
mark: ROMCache_load: loop exited normally
mark: ROMCache_load: elapsed_us=1921980 bytes=8388608 vm=0
mark: loadROM: after rom_read
mark: loadROM: before init_memory
mark: loadROM: after init_memory
mark: loadROM: before romOpen_gfx
mark: loadROM: after romOpen_gfx / before romOpen_audio
mark: loadROM: after romOpen_audio / before romOpen_input
mark: loadROM: after romOpen_input / before cpu_init
mark: loadROM: after cpu_init
menufps: 1.2
fps: 0.2
first_vi: vi0_retrace=316
vis: 0.2
cpu: exceptions=0 cacheResets=0 batches=0 verts=0 texStalls=0 recompiles=0 underruns=0 overruns=0 sleep_us=0 queue_ms=0
mark: CPU core dispatch: dynarec
vis: 60.0
cpu: exceptions=240 cacheResets=1 batches=0 verts=0 texStalls=0 recompiles=189 underruns=1 overruns=0 sleep_us=260905 queue_ms=91
vis: 60.0
cpu: exceptions=540 cacheResets=1 batches=0 verts=0 texStalls=0 recompiles=198 underruns=1 overruns=0 sleep_us=740604 queue_ms=96
vis: 60.0
cpu: exceptions=840 cacheResets=1 batches=0 verts=0 texStalls=0 recompiles=204 underruns=1 overruns=0 sleep_us=1220377 queue_ms=93
vis: 60.0
cpu: exceptions=1135 cacheResets=1 batches=0 verts=0 texStalls=0 recompiles=204 underruns=1 overruns=0 sleep_us=1700706 queue_ms=97
fps: 0.5
vis: 60.0
cpu: exceptions=1431 cacheResets=1 batches=414 verts=9387 texStalls=0 recompiles=468 underruns=2 overruns=0 sleep_us=2046326 queue_ms=2
fps: 20.0
vis: 60.0
cpu: exceptions=1588 cacheResets=1 batches=2484 verts=56322 texStalls=0 recompiles=475 underruns=3 overruns=0 sleep_us=2465796 queue_ms=9
fps: 30.0
vis: 60.0
cpu: exceptions=1752 cacheResets=1 batches=4554 verts=103257 texStalls=0 recompiles=478 underruns=3 overruns=0 sleep_us=2884130 queue_ms=15
fps: 30.0
vis: 60.0
cpu: exceptions=1894 cacheResets=1 batches=6624 verts=150192 texStalls=0 recompiles=478 underruns=3 overruns=0 sleep_us=3311484 queue_ms=11
fps: 30.0
vis: 60.0
cpu: exceptions=2036 cacheResets=1 batches=8694 verts=197127 texStalls=0 recompiles=478 underruns=3 overruns=0 sleep_us=3738454 queue_ms=16
fps: 30.0
vis: 60.0
cpu: exceptions=2178 cacheResets=1 batches=10767 verts=244080 texStalls=0 recompiles=489 underruns=3 overruns=0 sleep_us=4164255 queue_ms=13
fps: 30.0
vis: 60.0
cpu: exceptions=2319 cacheResets=1 batches=12574 verts=284835 texStalls=0 recompiles=498 underruns=3 overruns=0 sleep_us=4594641 queue_ms=18
vis: 60.0
cpu: exceptions=2638 cacheResets=1 batches=12574 verts=284835 texStalls=0 recompiles=675 underruns=4 overruns=0 sleep_us=4802358 queue_ms=23
vis: 60.0
cpu: exceptions=2728 cacheResets=1 batches=12574 verts=284835 texStalls=0 recompiles=733 underruns=4 overruns=0 sleep_us=5035368 queue_ms=28
vis: 60.0
cpu: exceptions=2818 cacheResets=1 batches=12574 verts=284835 texStalls=0 recompiles=784 underruns=4 overruns=0 sleep_us=5331887 queue_ms=25
fps: 4.9
vis: 60.0
cpu: exceptions=2961 cacheResets=1 batches=13906 verts=302151 texStalls=0 recompiles=910 underruns=6 overruns=0 sleep_us=5596092 queue_ms=8
fps: 15.1
vis: 60.0
cpu: exceptions=3118 cacheResets=1 batches=18799 verts=366474 texStalls=0 recompiles=910 underruns=6 overruns=0 sleep_us=5772831 queue_ms=13
fps: 30.0
vis: 60.0
cpu: exceptions=3273 cacheResets=1 batches=23673 verts=430431 texStalls=0 recompiles=927 underruns=6 overruns=0 sleep_us=5948956 queue_ms=8
fps: 30.0
vis: 60.0
cpu: exceptions=3436 cacheResets=1 batches=28536 verts=494304 texStalls=0 recompiles=927 underruns=6 overruns=0 sleep_us=6125701 queue_ms=5
fps: 30.0
vis: 60.0
cpu: exceptions=3591 cacheResets=1 batches=33397 verts=558165 texStalls=0 recompiles=927 underruns=6 overruns=0 sleep_us=6312455 queue_ms=10
fps: 29.2
vis: 60.0
cpu: exceptions=3762 cacheResets=1 batches=38263 verts=622056 texStalls=0 recompiles=927 underruns=8 overruns=0 sleep_us=6484434 queue_ms=15
fps: 29.9
vis: 60.0
cpu: exceptions=3974 cacheResets=1 batches=43127 verts=685935 texStalls=0 recompiles=928 underruns=8 overruns=0 sleep_us=6642292 queue_ms=12
fps: 30.0
vis: 60.0
cpu: exceptions=4197 cacheResets=1 batches=47996 verts=749844 texStalls=0 recompiles=928 underruns=8 overruns=0 sleep_us=6785841 queue_ms=17
fps: 30.0
vis: 60.0
cpu: exceptions=4424 cacheResets=1 batches=52859 verts=813717 texStalls=0 recompiles=928 underruns=8 overruns=0 sleep_us=6931867 queue_ms=13
fps: 30.0
vis: 60.0
cpu: exceptions=4644 cacheResets=1 batches=57722 verts=877590 texStalls=0 recompiles=928 underruns=8 overruns=0 sleep_us=7080535 queue_ms=18
fps: 30.0
vis: 60.0
cpu: exceptions=4858 cacheResets=1 batches=62595 verts=941523 texStalls=0 recompiles=928 underruns=8 overruns=0 sleep_us=7233647 queue_ms=15
fps: 30.0
vis: 60.0
cpu: exceptions=5077 cacheResets=1 batches=67455 verts=1005378 texStalls=0 recompiles=928 underruns=8 overruns=0 sleep_us=7385425 queue_ms=10
fps: 30.0
vis: 60.0
cpu: exceptions=5294 cacheResets=1 batches=72315 verts=1069233 texStalls=0 recompiles=928 underruns=8 overruns=0 sleep_us=7535231 queue_ms=16
fps: 30.0
vis: 60.0
cpu: exceptions=5520 cacheResets=1 batches=77191 verts=1133184 texStalls=0 recompiles=928 underruns=8 overruns=0 sleep_us=7680400 queue_ms=13
fps: 29.0
vis: 60.0
cpu: exceptions=5751 cacheResets=1 batches=81723 verts=1192758 texStalls=0 recompiles=928 underruns=8 overruns=0 sleep_us=7835092 queue_ms=17
fps: 30.0
vis: 60.0
cpu: exceptions=5982 cacheResets=1 batches=86595 verts=1256685 texStalls=0 recompiles=928 underruns=8 overruns=0 sleep_us=7977176 queue_ms=14
fps: 30.0
vis: 60.0
cpu: exceptions=6200 cacheResets=1 batches=91457 verts=1320552 texStalls=0 recompiles=928 underruns=8 overruns=0 sleep_us=8125004 queue_ms=19
fps: 29.9
vis: 60.0
cpu: exceptions=6429 cacheResets=1 batches=96321 verts=1384431 texStalls=0 recompiles=928 underruns=8 overruns=0 sleep_us=8267149 queue_ms=15
fps: 27.4
vis: 60.0
cpu: exceptions=6662 cacheResets=1 batches=100866 verts=1444083 texStalls=0 recompiles=930 underruns=8 overruns=0 sleep_us=8425233 queue_ms=12
fps: 28.1
vis: 60.0
cpu: exceptions=6896 cacheResets=1 batches=105405 verts=1503699 texStalls=0 recompiles=930 underruns=8 overruns=0 sleep_us=8579218 queue_ms=17
fps: 28.7
vis: 60.0
cpu: exceptions=7118 cacheResets=1 batches=109948 verts=1563339 texStalls=0 recompiles=930 underruns=8 overruns=0 sleep_us=8728076 queue_ms=14
fps: 28.0
vis: 60.0
cpu: exceptions=7345 cacheResets=1 batches=114489 verts=1622967 texStalls=0 recompiles=930 underruns=8 overruns=0 sleep_us=8884533 queue_ms=18
vis: 60.0
cpu: exceptions=7581 cacheResets=1 batches=119031 verts=1682601 texStalls=0 recompiles=930 underruns=8 overruns=0 sleep_us=9036714 queue_ms=15
fps: 27.6
vis: 60.0
cpu: exceptions=7814 cacheResets=1 batches=123247 verts=1737966 texStalls=0 recompiles=930 underruns=8 overruns=0 sleep_us=9200834 queue_ms=20
fps: 26.0
vis: 60.0
cpu: exceptions=8069 cacheResets=1 batches=127460 verts=1793313 texStalls=0 recompiles=930 underruns=8 overruns=0 sleep_us=9370164 queue_ms=17
fps: 25.4
vis: 60.0
cpu: exceptions=8314 cacheResets=1 batches=132003 verts=1852953 texStalls=0 recompiles=934 underruns=9 overruns=0 sleep_us=9516943 queue_ms=12
fps: 27.6
vis: 60.0
cpu: exceptions=8555 cacheResets=1 batches=136218 verts=1908312 texStalls=0 recompiles=934 underruns=9 overruns=0 sleep_us=9679031 queue_ms=9
fps: 27.1
vis: 60.0
cpu: exceptions=8791 cacheResets=1 batches=141079 verts=1972173 texStalls=0 recompiles=934 underruns=9 overruns=0 sleep_us=9819410 queue_ms=15
fps: 29.0
vis: 60.0
cpu: exceptions=9025 cacheResets=1 batches=145948 verts=2036082 texStalls=0 recompiles=934 underruns=9 overruns=0 sleep_us=9957380 queue_ms=10
fps: 30.0
vis: 60.0
cpu: exceptions=9253 cacheResets=1 batches=150805 verts=2099919 texStalls=0 recompiles=934 underruns=9 overruns=0 sleep_us=10101774 queue_ms=16
fps: 30.0
vis: 60.0
cpu: exceptions=9481 cacheResets=1 batches=155671 verts=2163810 texStalls=0 recompiles=934 underruns=9 overruns=0 sleep_us=10245142 queue_ms=11
fps: 30.0
vis: 60.0
cpu: exceptions=9701 cacheResets=1 batches=160537 verts=2227701 texStalls=0 recompiles=934 underruns=9 overruns=0 sleep_us=10390555 queue_ms=9
fps: 30.0
vis: 60.0
cpu: exceptions=9918 cacheResets=1 batches=165407 verts=2291616 texStalls=0 recompiles=934 underruns=9 overruns=0 sleep_us=10539703 queue_ms=13
fps: 30.0
vis: 60.0
cpu: exceptions=10133 cacheResets=1 batches=170265 verts=2355459 texStalls=0 recompiles=934 underruns=9 overruns=0 sleep_us=10691810 queue_ms=10
fps: 29.0
vis: 60.0
cpu: exceptions=10362 cacheResets=1 batches=174810 verts=2415111 texStalls=0 recompiles=934 underruns=9 overruns=0 sleep_us=10847875 queue_ms=14
fps: 27.1
vis: 60.0
cpu: exceptions=10597 cacheResets=1 batches=179021 verts=2470446 texStalls=0 recompiles=934 underruns=9 overruns=0 sleep_us=11013550 queue_ms=11
fps: 27.6
vis: 60.0
cpu: exceptions=10823 cacheResets=1 batches=183563 verts=2530080 texStalls=0 recompiles=934 underruns=9 overruns=0 sleep_us=11171207 queue_ms=17
fps: 27.7
vis: 60.0
cpu: exceptions=11059 cacheResets=1 batches=187782 verts=2585463 texStalls=0 recompiles=934 underruns=9 overruns=0 sleep_us=11328303 queue_ms=12
fps: 25.1
vis: 60.0
cpu: exceptions=11288 cacheResets=1 batches=191676 verts=2636583 texStalls=0 recompiles=934 underruns=9 overruns=0 sleep_us=11514650 queue_ms=18
fps: 26.3
vis: 60.0
cpu: exceptions=11516 cacheResets=1 batches=196209 verts=2696163 texStalls=0 recompiles=934 underruns=9 overruns=0 sleep_us=11679021 queue_ms=14
fps: 27.1
vis: 60.0
cpu: exceptions=11752 cacheResets=1 batches=200752 verts=2755803 texStalls=0 recompiles=934 underruns=9 overruns=0 sleep_us=11832773 queue_ms=10
fps: 28.1
vis: 60.0
cpu: exceptions=11984 cacheResets=1 batches=204963 verts=2811138 texStalls=0 recompiles=934 underruns=9 overruns=0 sleep_us=11997137 queue_ms=16
fps: 27.1
vis: 60.0
cpu: exceptions=12215 cacheResets=1 batches=209831 verts=2875041 texStalls=0 recompiles=934 underruns=9 overruns=0 sleep_us=12140515 queue_ms=12
fps: 29.0
vis: 60.0
cpu: exceptions=12441 cacheResets=1 batches=214372 verts=2934669 texStalls=0 recompiles=934 underruns=9 overruns=0 sleep_us=12296555 queue_ms=17
fps: 28.1
vis: 60.0
cpu: exceptions=12669 cacheResets=1 batches=218911 verts=2994285 texStalls=0 recompiles=934 underruns=9 overruns=0 sleep_us=12444989 queue_ms=14
fps: 26.3
vis: 60.0
cpu: exceptions=12906 cacheResets=1 batches=223455 verts=3053931 texStalls=0 recompiles=934 underruns=10 overruns=0 sleep_us=12602810 queue_ms=10
fps: 28.0
vis: 60.0
cpu: exceptions=13139 cacheResets=1 batches=227995 verts=3113553 texStalls=0 recompiles=934 underruns=10 overruns=0 sleep_us=12758496 queue_ms=6
fps: 29.0
vis: 60.0
cpu: exceptions=13369 cacheResets=1 batches=232534 verts=3173169 texStalls=0 recompiles=934 underruns=10 overruns=0 sleep_us=12907647 queue_ms=11
fps: 27.1
vis: 60.0
cpu: exceptions=13612 cacheResets=1 batches=237071 verts=3232773 texStalls=0 recompiles=934 underruns=10 overruns=0 sleep_us=13064456 queue_ms=7
fps: 28.0
vis: 60.0
cpu: exceptions=13844 cacheResets=1 batches=241620 verts=3292449 texStalls=0 recompiles=934 underruns=10 overruns=0 sleep_us=13217720 queue_ms=13
fps: 28.4
vis: 60.0
cpu: exceptions=14076 cacheResets=1 batches=246154 verts=3352035 texStalls=0 recompiles=934 underruns=10 overruns=0 sleep_us=13370753 queue_ms=9
fps: 27.7
vis: 60.0
cpu: exceptions=14319 cacheResets=1 batches=250694 verts=3411657 texStalls=0 recompiles=934 underruns=10 overruns=0 sleep_us=13519736 queue_ms=5
vis: 60.0
cpu: exceptions=14565 cacheResets=1 batches=254912 verts=3467034 texStalls=0 recompiles=934 underruns=10 overruns=0 sleep_us=13676759 queue_ms=10
fps: 27.1
vis: 60.0
cpu: exceptions=14806 cacheResets=1 batches=259128 verts=3522399 texStalls=0 recompiles=934 underruns=10 overruns=0 sleep_us=13839989 queue_ms=7
fps: 26.3
vis: 60.0
cpu: exceptions=15042 cacheResets=1 batches=263996 verts=3586302 texStalls=0 recompiles=934 underruns=10 overruns=0 sleep_us=13985624 queue_ms=12
fps: 29.0
vis: 60.0
cpu: exceptions=15270 cacheResets=1 batches=268538 verts=3645936 texStalls=0 recompiles=934 underruns=10 overruns=0 sleep_us=14140649 queue_ms=8
fps: 29.1
vis: 60.0
cpu: exceptions=15507 cacheResets=1 batches=273406 verts=3709839 texStalls=0 recompiles=934 underruns=10 overruns=0 sleep_us=14280908 queue_ms=14
fps: 30.0
vis: 60.0
cpu: exceptions=15736 cacheResets=1 batches=278264 verts=3773682 texStalls=0 recompiles=939 underruns=10 overruns=0 sleep_us=14424800 queue_ms=9
fps: 30.0
vis: 60.0
cpu: exceptions=15962 cacheResets=1 batches=283152 verts=3837705 texStalls=0 recompiles=939 underruns=10 overruns=0 sleep_us=14571612 queue_ms=6
vis: 60.0
cpu: exceptions=16285 cacheResets=1 batches=283478 verts=3841974 texStalls=0 recompiles=1005 underruns=10 overruns=0 sleep_us=14849683 queue_ms=12
fps: 13.9
vis: 60.0
cpu: exceptions=16499 cacheResets=1 batches=286559 verts=3914982 texStalls=0 recompiles=1408 underruns=11 overruns=0 sleep_us=15057053 queue_ms=35
fps: 33.3
vis: 60.0
cpu: exceptions=16747 cacheResets=1 batches=290030 verts=3996720 texStalls=0 recompiles=1436 underruns=11 overruns=0 sleep_us=15301044 queue_ms=39
fps: 29.9
vis: 60.0
cpu: exceptions=16988 cacheResets=1 batches=293356 verts=4070406 texStalls=0 recompiles=1462 underruns=11 overruns=0 sleep_us=15541866 queue_ms=37
fps: 30.1
vis: 60.0
cpu: exceptions=17215 cacheResets=1 batches=296624 verts=4143744 texStalls=0 recompiles=1463 underruns=11 overruns=0 sleep_us=15793114 queue_ms=32
fps: 30.0
vis: 60.0
cpu: exceptions=17445 cacheResets=1 batches=299849 verts=4216824 texStalls=0 recompiles=1463 underruns=11 overruns=0 sleep_us=16046366 queue_ms=38
fps: 29.2
vis: 60.0
cpu: exceptions=17661 cacheResets=1 batches=303061 verts=4289826 texStalls=0 recompiles=1463 underruns=11 overruns=0 sleep_us=16308599 queue_ms=25
fps: 30.0
vis: 60.0
cpu: exceptions=17879 cacheResets=1 batches=306271 verts=4362816 texStalls=0 recompiles=1464 underruns=11 overruns=0 sleep_us=16569532 queue_ms=21
fps: 30.0
vis: 60.0
cpu: exceptions=18111 cacheResets=1 batches=309493 verts=4435878 texStalls=0 recompiles=1466 underruns=11 overruns=0 sleep_us=16824943 queue_ms=27
fps: 29.9
vis: 60.0
cpu: exceptions=18354 cacheResets=1 batches=312763 verts=4509228 texStalls=0 recompiles=1466 underruns=11 overruns=0 sleep_us=17065269 queue_ms=23
fps: 30.0
vis: 60.0
cpu: exceptions=18601 cacheResets=1 batches=315973 verts=4582218 texStalls=0 recompiles=1466 underruns=11 overruns=0 sleep_us=17312877 queue_ms=19
fps: 30.0
vis: 60.0
cpu: exceptions=18844 cacheResets=1 batches=319189 verts=4655244 texStalls=0 recompiles=1477 underruns=11 overruns=0 sleep_us=17560446 queue_ms=25
fps: 30.0
vis: 60.0
cpu: exceptions=19083 cacheResets=1 batches=322506 verts=4728876 texStalls=0 recompiles=1477 underruns=11 overruns=0 sleep_us=17799050 queue_ms=20
fps: 29.9
vis: 60.0
cpu: exceptions=19322 cacheResets=1 batches=325931 verts=4803156 texStalls=0 recompiles=1477 underruns=11 overruns=0 sleep_us=18031692 queue_ms=26
fps: 29.8
vis: 60.0
cpu: exceptions=19571 cacheResets=1 batches=329663 verts=4884624 texStalls=0 recompiles=1508 underruns=11 overruns=0 sleep_us=18241798 queue_ms=23
fps: 30.1
vis: 60.0
cpu: exceptions=19823 cacheResets=1 batches=333473 verts=4970124 texStalls=0 recompiles=1509 underruns=11 overruns=0 sleep_us=18458803 queue_ms=27
fps: 30.0
vis: 60.0
cpu: exceptions=20069 cacheResets=1 batches=337283 verts=5055624 texStalls=0 recompiles=1509 underruns=11 overruns=0 sleep_us=18677642 queue_ms=23
fps: 30.0
vis: 60.0
cpu: exceptions=20302 cacheResets=1 batches=341093 verts=5141124 texStalls=0 recompiles=1509 underruns=11 overruns=0 sleep_us=18902564 queue_ms=20
fps: 30.0
vis: 60.0
cpu: exceptions=20537 cacheResets=1 batches=344903 verts=5226624 texStalls=0 recompiles=1509 underruns=11 overruns=0 sleep_us=19119676 queue_ms=25
fps: 30.0
vis: 60.0
cpu: exceptions=20780 cacheResets=1 batches=348713 verts=5312124 texStalls=0 recompiles=1509 underruns=11 overruns=0 sleep_us=19343949 queue_ms=21
fps: 30.0
vis: 60.0
cpu: exceptions=21021 cacheResets=1 batches=352535 verts=5397696 texStalls=0 recompiles=1509 underruns=11 overruns=0 sleep_us=19566550 queue_ms=27
fps: 30.0
vis: 60.0
cpu: exceptions=21268 cacheResets=1 batches=356359 verts=5483280 texStalls=0 recompiles=1509 underruns=11 overruns=0 sleep_us=19786687 queue_ms=22
fps: 29.9
vis: 60.0
cpu: exceptions=21521 cacheResets=1 batches=360198 verts=5568954 texStalls=0 recompiles=1526 underruns=11 overruns=0 sleep_us=19998832 queue_ms=28
fps: 30.0
vis: 60.0
cpu: exceptions=21769 cacheResets=1 batches=364127 verts=5655168 texStalls=0 recompiles=1526 underruns=11 overruns=0 sleep_us=20208173 queue_ms=25
fps: 30.1
vis: 60.0
cpu: exceptions=22005 cacheResets=1 batches=368010 verts=5741106 texStalls=0 recompiles=1526 underruns=11 overruns=0 sleep_us=20431570 queue_ms=20
fps: 30.0
vis: 60.0
cpu: exceptions=22230 cacheResets=1 batches=371788 verts=5826414 texStalls=0 recompiles=1526 underruns=11 overruns=0 sleep_us=20665978 queue_ms=26
fps: 29.1
vis: 60.0
cpu: exceptions=22479 cacheResets=1 batches=375571 verts=5911752 texStalls=0 recompiles=1526 underruns=11 overruns=0 sleep_us=20889087 queue_ms=13
vis: 60.0
cpu: exceptions=22726 cacheResets=1 batches=379266 verts=5996562 texStalls=0 recompiles=1526 underruns=11 overruns=0 sleep_us=21115496 queue_ms=10
fps: 30.0
vis: 60.0
cpu: exceptions=22961 cacheResets=1 batches=382926 verts=6081162 texStalls=0 recompiles=1526 underruns=11 overruns=0 sleep_us=21351456 queue_ms=6
fps: 30.0
vis: 60.0
cpu: exceptions=23200 cacheResets=1 batches=386583 verts=6165744 texStalls=0 recompiles=1526 underruns=11 overruns=0 sleep_us=21581215 queue_ms=12
fps: 30.0
vis: 60.0
cpu: exceptions=23440 cacheResets=1 batches=390236 verts=6250302 texStalls=0 recompiles=1526 underruns=11 overruns=0 sleep_us=21814062 queue_ms=7
fps: 30.0
vis: 60.0
cpu: exceptions=23679 cacheResets=1 batches=393908 verts=6334974 texStalls=0 recompiles=1542 underruns=11 overruns=0 sleep_us=22044578 queue_ms=13
fps: 30.0
vis: 60.0
cpu: exceptions=23920 cacheResets=1 batches=397643 verts=6420402 texStalls=0 recompiles=1542 underruns=11 overruns=0 sleep_us=22272920 queue_ms=9
fps: 30.0
vis: 60.0
cpu: exceptions=24158 cacheResets=1 batches=401434 verts=6506418 texStalls=0 recompiles=1542 underruns=11 overruns=0 sleep_us=22498661 queue_ms=14
fps: 30.0
vis: 60.0
cpu: exceptions=24394 cacheResets=1 batches=405199 verts=6592278 texStalls=0 recompiles=1542 underruns=11 overruns=0 sleep_us=22731436 queue_ms=11
fps: 30.0
vis: 60.0
cpu: exceptions=24618 cacheResets=1 batches=408962 verts=6678126 texStalls=0 recompiles=1545 underruns=11 overruns=0 sleep_us=22971226 queue_ms=6
fps: 30.3
vis: 60.0
cpu: exceptions=24843 cacheResets=1 batches=411173 verts=6730836 texStalls=0 recompiles=1545 underruns=11 overruns=0 sleep_us=23259230 queue_ms=13
fps: 30.0
vis: 60.0
cpu: exceptions=25093 cacheResets=1 batches=412810 verts=6771438 texStalls=0 recompiles=1545 underruns=11 overruns=0 sleep_us=23547251 queue_ms=8
fps: 29.8
vis: 60.0
cpu: exceptions=25338 cacheResets=1 batches=415701 verts=6839058 texStalls=0 recompiles=1548 underruns=11 overruns=0 sleep_us=23800905 queue_ms=14
fps: 30.0
vis: 60.0
cpu: exceptions=25586 cacheResets=1 batches=419238 verts=6918126 texStalls=0 recompiles=1548 underruns=11 overruns=0 sleep_us=24039265 queue_ms=9
fps: 30.0
vis: 60.0
cpu: exceptions=25824 cacheResets=1 batches=422398 verts=6980016 texStalls=0 recompiles=1548 underruns=11 overruns=0 sleep_us=24281866 queue_ms=15
fps: 30.1
vis: 60.0
cpu: exceptions=26065 cacheResets=1 batches=425446 verts=7041234 texStalls=0 recompiles=1549 underruns=11 overruns=0 sleep_us=24530593 queue_ms=11
fps: 30.0
vis: 60.0
cpu: exceptions=26311 cacheResets=1 batches=428465 verts=7102278 texStalls=0 recompiles=1549 underruns=11 overruns=0 sleep_us=24784481 queue_ms=16
fps: 29.8
vis: 60.0
cpu: exceptions=26555 cacheResets=1 batches=432346 verts=7187478 texStalls=0 recompiles=1564 underruns=11 overruns=0 sleep_us=25002245 queue_ms=13
fps: 30.1
vis: 60.0
cpu: exceptions=26800 cacheResets=1 batches=436036 verts=7272888 texStalls=0 recompiles=1565 underruns=11 overruns=0 sleep_us=25237928 queue_ms=8
fps: 30.0
vis: 60.0
cpu: exceptions=27051 cacheResets=1 batches=439726 verts=7358298 texStalls=0 recompiles=1565 underruns=11 overruns=0 sleep_us=25476452 queue_ms=14
fps: 29.2
mark: stop reason: chain guest VI limit
mark: stop_it requested
audio: alist_resample_calls=157025 alist_resample_samples=20920888 alist_zoh_calls=0 alist_zoh_samples=0 musyx_subframes=0 musyx_voices=0 musyx_voice_peak=0
audio_stages: adpcm_calls=156752 adpcm_samples=25247888 envmix_calls=156459 envmix_samples=20872344 mix_calls=14300 mix_samples=4576000 musyx_fx_calls=0 musyx_fx_taps=0 output_calls=3576 output_samples=1907824
audio_envmix: exp_calls=156459 ge_calls=0 lin_calls=0 nead_calls=0 exp_steady=127138 ge_steady=0 lin_steady=0
audio_gaps: nead_mats=0 nead_efz=0 resample_flag2=0 musyx_ptr10=0
audio_output: stream_requests=8328 stream_fed=6624 input_hz=32006 playback_hz=32006 queue_peak_ms=116
vm_io: read_ahead=1 reads=0 hits=0 read_bytes=0 writes=0 write_bytes=0 errors=0
subsystem_time: stage=rsp_gfx calls=1622 timed_calls=1622 period=1 timed_us=9046806
subsystem_time: stage=rsp_audio calls=3575 timed_calls=3575 period=1 timed_us=3762708
subsystem_time: stage=rsp_other calls=0 timed_calls=0 period=1 timed_us=0
subsystem_time: stage=lookup calls=17212068 timed_calls=135528 period=127 timed_us=19770
subsystem_time: stage=compile calls=1567 timed_calls=1567 period=1 timed_us=165861
subsystem_time: stage=dispatch calls=17043088 timed_calls=134197 period=127 timed_us=42056
subsystem_time: stage=execute_inclusive calls=17043088 timed_calls=134197 period=127 timed_us=361424
subsystem_time: stage=rom_copy calls=10903 timed_calls=10903 period=1 timed_us=106943
subsystem_time: stage=present calls=3599 timed_calls=3599 period=1 timed_us=74743
subsystem_time: stage=limiter calls=3563 timed_calls=3563 period=1 timed_us=25705229
subsystem_time: stage=vm_fault calls=0 timed_calls=0 period=1 timed_us=0
subsystem_time: stage=vm_victim calls=0 timed_calls=0 period=1 timed_us=0
subsystem_time: stage=vm_read calls=0 timed_calls=0 period=1 timed_us=0
subsystem_time: stage=vm_write calls=0 timed_calls=0 period=1 timed_us=0
subsystem_time: stage=tex_hash calls=171243 timed_calls=171243 period=1 timed_us=1599771
subsystem_time: stage=tex_lookup calls=171243 timed_calls=171243 period=1 timed_us=49660
subsystem_time: stage=tex_load calls=114 timed_calls=114 period=1 timed_us=5865
subsystem_time: stage=tex_activate calls=171243 timed_calls=171243 period=1 timed_us=72310
subsystem_time: stage=draw_triangles calls=443177 timed_calls=443177 period=1 timed_us=1304833
subsystem_time: stage=draw_rect calls=20231 timed_calls=20231 period=1 timed_us=144375
subsystem_time: stage=gfx_list calls=1622 timed_calls=1622 period=1 timed_us=9043757
subsystem_time: stage=gfx_command calls=5862888 timed_calls=46164 period=127 timed_us=70616
subsystem_time: stage=vertex calls=4804648 timed_calls=37831 period=127 timed_us=11373
subsystem_time: stage=gfx_state calls=607165 timed_calls=4780 period=127 timed_us=18405
subsystem_time: stage=gx_wait calls=0 timed_calls=0 period=1 timed_us=0
subsystem_time: stage=dma_pi calls=10903 timed_calls=10903 period=1 timed_us=215129
subsystem_time: stage=dma_sp calls=10394 timed_calls=10394 period=1 timed_us=8355
subsystem_time: stage=dma_si calls=2266 timed_calls=2266 period=1 timed_us=35715
subsystem_time: stage=tlb_translate calls=200897 timed_calls=1581 period=127 timed_us=70
subsystem_time: stage=pif calls=2267 timed_calls=2267 period=1 timed_us=33055
subsystem_time: stage=input calls=6484 timed_calls=6484 period=1 timed_us=28567
subsystem_time: stage=guest_interrupt calls=38317 timed_calls=38317 period=1 timed_us=25933034
subsystem_time: stage=interpreter_inclusive calls=0 timed_calls=0 period=1 timed_us=0
subsystem_time: stage=audio_submit calls=3576 timed_calls=3576 period=1 timed_us=43608
subsystem_time: stage=audio_callback calls=36906 timed_calls=36906 period=1 timed_us=27000
subsystem_time: stage=memory_slow calls=2410778 timed_calls=18982 period=127 timed_us=123505
subsystem_time: stage=jit_invalidate calls=168980 timed_calls=1330 period=127 timed_us=187
audio_time: stage=resample sampled_calls=1236 sampled_samples=164712 sampled_us=6961
audio_time: stage=zoh sampled_calls=0 sampled_samples=0 sampled_us=0
audio_time: stage=adpcm sampled_calls=1234 sampled_samples=200256 sampled_us=8175
audio_time: stage=envmix_exp sampled_calls=1231 sampled_samples=164472 sampled_us=11888
audio_time: stage=envmix_ge sampled_calls=0 sampled_samples=0 sampled_us=0
audio_time: stage=envmix_lin sampled_calls=0 sampled_samples=0 sampled_us=0
audio_time: stage=envmix_nead sampled_calls=0 sampled_samples=0 sampled_us=0
audio_time: stage=mix sampled_calls=112 sampled_samples=35840 sampled_us=619
audio_time: stage=musyx_voice sampled_calls=0 sampled_samples=0 sampled_us=0
audio_time: stage=musyx_fx sampled_calls=0 sampled_samples=0 sampled_us=0
audio_time: stage=output sampled_calls=28 sampled_samples=14928 sampled_us=284
game: n=1/3 how=vis vis=3600 vi_rate=60 vi0_retrace=316 wall_us=60285578 sleep_us=25694001 avg_vis=59.50 avg_fps=28.15 exceptions=27282 cacheResets=1 recompiles=1567 batches=443177 verts=7438182 texStalls=0 treeDepthMax=15 underruns=13 overruns=0 queue_peak_ms=97 dsp_avg=1.54 dsp_peak=1.80 pmc1=24862250071 pmc2=24082149696 pmc3=0 pmc4=0 mmcr0=00000042 mmcr1=00000000 heap_used=10878916 heap_free=36328 arena1_free=536576 arena2_free=577472 flushes=8 flush_us=104114 padtrace=4 rom=sd:/wii64/roms/Super Mario 64.v64
=== chain 1/3 end vis=3600 how=vis rom=sd:/wii64/roms/Super Mario 64.v64 ===
mark: pad replay records: 1
mark: loadROM: enter
mark: loadROM: before rom_read
mark: ROMCache_load: enter
mark: ROMCache_load: before first read
mark: ROMCache_load: first read returned
mark: ROMCache_load: byte_swap_type set
mark: ROMCache_load: first byte_swap done
menufps: 0.0
menufps: 8.5
menufps: 8.3
menufps: 8.3
menufps: 8.1
menufps: 8.3
menufps: 8.3
mark: ROMCache_load: loop exited normally
mark: ROMCache_load: elapsed_us=3742537 bytes=16777216 vm=0
mark: loadROM: after rom_read
mark: loadROM: before init_memory
mark: loadROM: after init_memory
mark: loadROM: before romOpen_gfx
mark: loadROM: after romOpen_gfx / before romOpen_audio
mark: loadROM: after romOpen_audio / before romOpen_input
mark: loadROM: after romOpen_input / before cpu_init
mark: loadROM: after cpu_init
menufps: 0.9
first_vi: vi0_retrace=4360
mark: CPU core dispatch: dynarec
vis: 60.0
cpu: exceptions=37 cacheResets=1 batches=0 verts=0 texStalls=0 recompiles=138 underruns=0 overruns=0 sleep_us=41483 queue_ms=0
vis: 60.0
cpu: exceptions=67 cacheResets=1 batches=0 verts=0 texStalls=0 recompiles=138 underruns=0 overruns=0 sleep_us=376679 queue_ms=0
vis: 60.0
cpu: exceptions=368 cacheResets=1 batches=0 verts=0 texStalls=0 recompiles=390 underruns=0 overruns=0 sleep_us=664524 queue_ms=0
vis: 60.0
cpu: exceptions=570 cacheResets=1 batches=0 verts=0 texStalls=0 recompiles=668 underruns=1 overruns=0 sleep_us=965089 queue_ms=17
fps: 0.4
vis: 60.0
cpu: exceptions=766 cacheResets=1 batches=44 verts=2262 texStalls=0 recompiles=1899 underruns=2 overruns=0 sleep_us=1132123 queue_ms=34
vis: 60.0
cpu: exceptions=919 cacheResets=1 batches=44 verts=2262 texStalls=0 recompiles=1913 underruns=2 overruns=0 sleep_us=1395858 queue_ms=39
fps: 1.3
vis: 60.0
cpu: exceptions=1111 cacheResets=1 batches=523 verts=18168 texStalls=0 recompiles=1999 underruns=2 overruns=0 sleep_us=1669650 queue_ms=43
fps: 30.0
vis: 60.0
cpu: exceptions=1290 cacheResets=1 batches=1367 verts=39522 texStalls=0 recompiles=2006 underruns=2 overruns=0 sleep_us=1955627 queue_ms=48
fps: 30.0
vis: 60.0
cpu: exceptions=1480 cacheResets=1 batches=2414 verts=62094 texStalls=0 recompiles=2009 underruns=2 overruns=0 sleep_us=2231041 queue_ms=52
fps: 30.0
vis: 60.0
cpu: exceptions=1657 cacheResets=1 batches=3477 verts=84762 texStalls=0 recompiles=2010 underruns=2 overruns=0 sleep_us=2508373 queue_ms=43
fps: 30.0
vis: 60.0
cpu: exceptions=1840 cacheResets=1 batches=4530 verts=107034 texStalls=0 recompiles=2012 underruns=2 overruns=0 sleep_us=2786132 queue_ms=48
fps: 30.0
vis: 60.0
cpu: exceptions=2031 cacheResets=1 batches=5594 verts=129078 texStalls=0 recompiles=2029 underruns=2 overruns=0 sleep_us=3059117 queue_ms=44
fps: 30.0
vis: 60.0
cpu: exceptions=2218 cacheResets=1 batches=6620 verts=150894 texStalls=0 recompiles=2029 underruns=2 overruns=0 sleep_us=3341028 queue_ms=48
fps: 30.0
vis: 60.0
cpu: exceptions=2399 cacheResets=1 batches=7874 verts=182286 texStalls=0 recompiles=2031 underruns=2 overruns=0 sleep_us=3591606 queue_ms=52
fps: 29.9
vis: 60.0
cpu: exceptions=2607 cacheResets=1 batches=9515 verts=221466 texStalls=0 recompiles=2036 underruns=2 overruns=0 sleep_us=3804629 queue_ms=44
fps: 30.0
vis: 60.0
cpu: exceptions=2786 cacheResets=1 batches=11160 verts=252474 texStalls=0 recompiles=2047 underruns=2 overruns=0 sleep_us=4033729 queue_ms=40
fps: 30.0
vis: 60.0
cpu: exceptions=2963 cacheResets=1 batches=12648 verts=277062 texStalls=0 recompiles=2063 underruns=2 overruns=0 sleep_us=4294613 queue_ms=44
fps: 30.0
vis: 60.0
cpu: exceptions=3134 cacheResets=1 batches=13893 verts=300192 texStalls=0 recompiles=2063 underruns=2 overruns=0 sleep_us=4575637 queue_ms=48
fps: 30.0
vis: 60.0
cpu: exceptions=3311 cacheResets=1 batches=14955 verts=322224 texStalls=0 recompiles=2064 underruns=2 overruns=0 sleep_us=4864755 queue_ms=53
fps: 30.0
vis: 60.0
cpu: exceptions=3496 cacheResets=1 batches=15990 verts=344094 texStalls=0 recompiles=2064 underruns=2 overruns=0 sleep_us=5147433 queue_ms=57
fps: 29.1
vis: 60.0
cpu: exceptions=3685 cacheResets=1 batches=17051 verts=367944 texStalls=0 recompiles=2064 underruns=2 overruns=0 sleep_us=5419922 queue_ms=27
fps: 29.9
vis: 60.0
cpu: exceptions=3873 cacheResets=1 batches=18373 verts=405216 texStalls=0 recompiles=2064 underruns=2 overruns=0 sleep_us=5661883 queue_ms=31
fps: 30.0
vis: 60.0
cpu: exceptions=4080 cacheResets=1 batches=19710 verts=442578 texStalls=0 recompiles=2072 underruns=2 overruns=0 sleep_us=5899497 queue_ms=36
fps: 29.9
vis: 60.0
cpu: exceptions=4276 cacheResets=1 batches=22471 verts=477696 texStalls=0 recompiles=2081 underruns=2 overruns=0 sleep_us=6107614 queue_ms=40
fps: 29.9
vis: 60.0
cpu: exceptions=4471 cacheResets=1 batches=27669 verts=520134 texStalls=0 recompiles=2081 underruns=2 overruns=0 sleep_us=6274806 queue_ms=31
fps: 30.0
vis: 60.0
cpu: exceptions=4657 cacheResets=1 batches=32960 verts=563130 texStalls=0 recompiles=2081 underruns=2 overruns=0 sleep_us=6447432 queue_ms=27
fps: 30.0
vis: 60.0
cpu: exceptions=4854 cacheResets=1 batches=37986 verts=604536 texStalls=0 recompiles=2083 underruns=2 overruns=0 sleep_us=6630052 queue_ms=32
fps: 30.0
vis: 60.0
cpu: exceptions=5048 cacheResets=1 batches=43113 verts=646548 texStalls=0 recompiles=2083 underruns=2 overruns=0 sleep_us=6811000 queue_ms=36
fps: 30.0
vis: 60.0
cpu: exceptions=5255 cacheResets=1 batches=48350 verts=691956 texStalls=0 recompiles=2083 underruns=2 overruns=0 sleep_us=6968105 queue_ms=40
fps: 30.1
vis: 60.0
cpu: exceptions=5452 cacheResets=1 batches=52520 verts=741906 texStalls=0 recompiles=2084 underruns=2 overruns=0 sleep_us=7166261 queue_ms=23
fps: 30.1
vis: 60.0
cpu: exceptions=5657 cacheResets=1 batches=54524 verts=778866 texStalls=0 recompiles=2095 underruns=2 overruns=0 sleep_us=7424047 queue_ms=28
fps: 30.0
vis: 60.0
cpu: exceptions=5832 cacheResets=1 batches=56407 verts=815088 texStalls=0 recompiles=2095 underruns=2 overruns=0 sleep_us=7713174 queue_ms=32
fps: 30.1
vis: 60.0
cpu: exceptions=6010 cacheResets=1 batches=57105 verts=844206 texStalls=0 recompiles=2098 underruns=2 overruns=0 sleep_us=8044273 queue_ms=36
fps: 30.0
vis: 60.0
cpu: exceptions=6184 cacheResets=1 batches=57780 verts=873186 texStalls=0 recompiles=2129 underruns=2 overruns=0 sleep_us=8377100 queue_ms=41
fps: 30.1
vis: 60.0
cpu: exceptions=6361 cacheResets=1 batches=58175 verts=887718 texStalls=0 recompiles=2130 underruns=2 overruns=0 sleep_us=8768461 queue_ms=24
vis: 60.0
cpu: exceptions=6537 cacheResets=1 batches=58355 verts=894186 texStalls=0 recompiles=2277 underruns=2 overruns=0 sleep_us=9116022 queue_ms=28
vis: 60.0
cpu: exceptions=6716 cacheResets=1 batches=58355 verts=894186 texStalls=0 recompiles=2277 underruns=2 overruns=0 sleep_us=9424888 queue_ms=32
vis: 60.0
cpu: exceptions=6861 cacheResets=1 batches=58355 verts=894186 texStalls=0 recompiles=2283 underruns=2 overruns=0 sleep_us=9713325 queue_ms=37
vis: 60.0
cpu: exceptions=7007 cacheResets=1 batches=58355 verts=894186 texStalls=0 recompiles=2287 underruns=2 overruns=0 sleep_us=9992900 queue_ms=33
vis: 60.0
cpu: exceptions=7151 cacheResets=1 batches=58355 verts=894186 texStalls=0 recompiles=2288 underruns=2 overruns=0 sleep_us=10265507 queue_ms=24
fps: 3.1
vis: 60.0
cpu: exceptions=7312 cacheResets=1 batches=58362 verts=894501 texStalls=0 recompiles=2302 underruns=3 overruns=0 sleep_us=10536892 queue_ms=15
fps: 11.2
vis: 60.0
cpu: exceptions=7492 cacheResets=1 batches=59557 verts=912579 texStalls=0 recompiles=2315 underruns=3 overruns=0 sleep_us=10871854 queue_ms=20
fps: 19.3
vis: 60.0
cpu: exceptions=7660 cacheResets=1 batches=60775 verts=930795 texStalls=0 recompiles=2315 underruns=3 overruns=0 sleep_us=11212349 queue_ms=24
fps: 20.0
vis: 60.0
cpu: exceptions=7821 cacheResets=1 batches=62145 verts=951135 texStalls=0 recompiles=2315 underruns=3 overruns=0 sleep_us=11574094 queue_ms=20
fps: 20.0
vis: 60.0
cpu: exceptions=7989 cacheResets=1 batches=63515 verts=971475 texStalls=0 recompiles=2315 underruns=3 overruns=0 sleep_us=11934586 queue_ms=11
fps: 20.0
vis: 60.0
cpu: exceptions=8155 cacheResets=1 batches=65210 verts=998100 texStalls=0 recompiles=2315 underruns=3 overruns=0 sleep_us=12275650 queue_ms=16
fps: 20.1
vis: 60.0
cpu: exceptions=8323 cacheResets=1 batches=66514 verts=1017684 texStalls=0 recompiles=2315 underruns=3 overruns=0 sleep_us=12649619 queue_ms=20
fps: 20.0
vis: 60.0
cpu: exceptions=8489 cacheResets=1 batches=67074 verts=1023774 texStalls=0 recompiles=2315 underruns=3 overruns=0 sleep_us=13049717 queue_ms=24
fps: 19.8
vis: 60.0
cpu: exceptions=8664 cacheResets=1 batches=67964 verts=1041576 texStalls=0 recompiles=2318 underruns=4 overruns=0 sleep_us=13411535 queue_ms=33
fps: 19.4
vis: 60.0
cpu: exceptions=8826 cacheResets=1 batches=70107 verts=1101264 texStalls=0 recompiles=2323 underruns=4 overruns=0 sleep_us=13704520 queue_ms=25
vis: 60.0
cpu: exceptions=9004 cacheResets=1 batches=72397 verts=1154538 texStalls=0 recompiles=2323 underruns=4 overruns=0 sleep_us=14009674 queue_ms=29
fps: 20.0
vis: 60.0
cpu: exceptions=9167 cacheResets=1 batches=74175 verts=1195374 texStalls=0 recompiles=2323 underruns=4 overruns=0 sleep_us=14317937 queue_ms=33
fps: 16.4
vis: 60.0
cpu: exceptions=9331 cacheResets=1 batches=75944 verts=1239927 texStalls=0 recompiles=2325 underruns=4 overruns=0 sleep_us=14604279 queue_ms=29
fps: 18.8
vis: 60.0
cpu: exceptions=9496 cacheResets=1 batches=77864 verts=1289157 texStalls=0 recompiles=2325 underruns=4 overruns=0 sleep_us=14922196 queue_ms=34
fps: 20.0
vis: 60.0
cpu: exceptions=9668 cacheResets=1 batches=79784 verts=1338387 texStalls=0 recompiles=2325 underruns=4 overruns=0 sleep_us=15240196 queue_ms=25
fps: 20.0
vis: 60.0
cpu: exceptions=9832 cacheResets=1 batches=81704 verts=1387617 texStalls=0 recompiles=2325 underruns=4 overruns=0 sleep_us=15560179 queue_ms=29
fps: 20.0
vis: 60.0
cpu: exceptions=10000 cacheResets=1 batches=83624 verts=1436847 texStalls=0 recompiles=2325 underruns=4 overruns=0 sleep_us=15877124 queue_ms=34
fps: 20.0
vis: 60.0
cpu: exceptions=10161 cacheResets=1 batches=85544 verts=1486077 texStalls=0 recompiles=2325 underruns=4 overruns=0 sleep_us=16197589 queue_ms=30
fps: 20.0
vis: 60.0
cpu: exceptions=10330 cacheResets=1 batches=87464 verts=1535307 texStalls=0 recompiles=2325 underruns=4 overruns=0 sleep_us=16517854 queue_ms=34
fps: 20.0
vis: 60.0
cpu: exceptions=10512 cacheResets=1 batches=89384 verts=1584537 texStalls=0 recompiles=2325 underruns=4 overruns=0 sleep_us=16827965 queue_ms=38
fps: 19.4
vis: 60.0
cpu: exceptions=10702 cacheResets=1 batches=91304 verts=1633767 texStalls=0 recompiles=2325 underruns=4 overruns=0 sleep_us=17137282 queue_ms=17
fps: 20.0
vis: 60.0
cpu: exceptions=10871 cacheResets=1 batches=93224 verts=1682997 texStalls=0 recompiles=2325 underruns=4 overruns=0 sleep_us=17448928 queue_ms=21
fps: 20.0
vis: 60.0
cpu: exceptions=11050 cacheResets=1 batches=95144 verts=1732227 texStalls=0 recompiles=2325 underruns=4 overruns=0 sleep_us=17758647 queue_ms=17
fps: 20.0
vis: 60.0
cpu: exceptions=11229 cacheResets=1 batches=97110 verts=1782141 texStalls=0 recompiles=2325 underruns=4 overruns=0 sleep_us=18057302 queue_ms=21
fps: 20.0
vis: 60.0
cpu: exceptions=11410 cacheResets=1 batches=99383 verts=1835817 texStalls=0 recompiles=2325 underruns=4 overruns=0 sleep_us=18339635 queue_ms=13
fps: 20.0
vis: 60.0
cpu: exceptions=11610 cacheResets=1 batches=101743 verts=1890207 texStalls=0 recompiles=2326 underruns=4 overruns=0 sleep_us=18596235 queue_ms=17
fps: 20.0
vis: 60.0
cpu: exceptions=11807 cacheResets=1 batches=104103 verts=1944597 texStalls=0 recompiles=2326 underruns=4 overruns=0 sleep_us=18880187 queue_ms=13
fps: 20.0
vis: 60.0
cpu: exceptions=11988 cacheResets=1 batches=106463 verts=1998987 texStalls=0 recompiles=2326 underruns=4 overruns=0 sleep_us=19167483 queue_ms=17
fps: 19.4
vis: 60.0
cpu: exceptions=12181 cacheResets=1 batches=108351 verts=2042499 texStalls=0 recompiles=2327 underruns=4 overruns=0 sleep_us=19419018 queue_ms=9
fps: 16.8
vis: 60.0
cpu: exceptions=12370 cacheResets=1 batches=111279 verts=2115417 texStalls=0 recompiles=2327 underruns=5 overruns=0 sleep_us=19663559 queue_ms=26
fps: 20.0
vis: 60.0
cpu: exceptions=12566 cacheResets=1 batches=114209 verts=2188347 texStalls=0 recompiles=2327 underruns=5 overruns=0 sleep_us=19904417 queue_ms=30
fps: 20.0
vis: 60.0
cpu: exceptions=12756 cacheResets=1 batches=117397 verts=2266293 texStalls=0 recompiles=2327 underruns=5 overruns=0 sleep_us=20122281 queue_ms=26
fps: 20.0
vis: 60.0
cpu: exceptions=12946 cacheResets=1 batches=120985 verts=2351793 texStalls=0 recompiles=2327 underruns=5 overruns=0 sleep_us=20330867 queue_ms=31
fps: 20.1
vis: 60.0
cpu: exceptions=13133 cacheResets=1 batches=124395 verts=2431713 texStalls=0 recompiles=2327 underruns=5 overruns=0 sleep_us=20550760 queue_ms=22
fps: 20.0
vis: 60.0
cpu: exceptions=13338 cacheResets=1 batches=127405 verts=2498673 texStalls=0 recompiles=2327 underruns=5 overruns=0 sleep_us=20778061 queue_ms=26
fps: 20.0
vis: 60.0
cpu: exceptions=13527 cacheResets=1 batches=130415 verts=2565633 texStalls=0 recompiles=2327 underruns=5 overruns=0 sleep_us=21024832 queue_ms=31
fps: 20.0
vis: 60.0
cpu: exceptions=13726 cacheResets=1 batches=133424 verts=2632587 texStalls=0 recompiles=2327 underruns=5 overruns=0 sleep_us=21263481 queue_ms=27
fps: 20.0
vis: 60.0
cpu: exceptions=13915 cacheResets=1 batches=136365 verts=2698266 texStalls=0 recompiles=2327 underruns=5 overruns=0 sleep_us=21510568 queue_ms=31
fps: 20.0
vis: 60.0
cpu: exceptions=14117 cacheResets=1 batches=139831 verts=2774535 texStalls=0 recompiles=2327 underruns=5 overruns=0 sleep_us=21729804 queue_ms=22
fps: 20.0
vis: 60.0
cpu: exceptions=14317 cacheResets=1 batches=143501 verts=2854845 texStalls=0 recompiles=2327 underruns=5 overruns=0 sleep_us=21940973 queue_ms=27
fps: 19.4
vis: 60.0
cpu: exceptions=14518 cacheResets=1 batches=147171 verts=2935155 texStalls=0 recompiles=2327 underruns=5 overruns=0 sleep_us=22155245 queue_ms=10
fps: 20.0
vis: 60.0
cpu: exceptions=14709 cacheResets=1 batches=150515 verts=3009174 texStalls=0 recompiles=2327 underruns=6 overruns=0 sleep_us=22387238 queue_ms=27
vis: 60.0
cpu: exceptions=14919 cacheResets=1 batches=153168 verts=3068139 texStalls=0 recompiles=2330 underruns=6 overruns=0 sleep_us=22642831 queue_ms=32
fps: 20.0
vis: 60.0
cpu: exceptions=15112 cacheResets=1 batches=155936 verts=3131253 texStalls=0 recompiles=2331 underruns=6 overruns=0 sleep_us=22886369 queue_ms=23
fps: 19.9
vis: 60.0
cpu: exceptions=15309 cacheResets=1 batches=159361 verts=3215259 texStalls=0 recompiles=2331 underruns=6 overruns=0 sleep_us=23090792 queue_ms=27
fps: 20.0
vis: 60.0
cpu: exceptions=15491 cacheResets=1 batches=162799 verts=3299319 texStalls=0 recompiles=2331 underruns=6 overruns=0 sleep_us=23299887 queue_ms=23
fps: 20.0
vis: 60.0
cpu: exceptions=15681 cacheResets=1 batches=166229 verts=3383379 texStalls=0 recompiles=2331 underruns=6 overruns=0 sleep_us=23512232 queue_ms=28
fps: 20.0
vis: 60.0
cpu: exceptions=15876 cacheResets=1 batches=169662 verts=3467481 texStalls=0 recompiles=2331 underruns=6 overruns=0 sleep_us=23723911 queue_ms=32
fps: 20.0
vis: 60.0
cpu: exceptions=16067 cacheResets=1 batches=173095 verts=3551583 texStalls=0 recompiles=2331 underruns=6 overruns=0 sleep_us=23935685 queue_ms=23
fps: 20.0
vis: 60.0
cpu: exceptions=16251 cacheResets=1 batches=176525 verts=3635643 texStalls=0 recompiles=2331 underruns=6 overruns=0 sleep_us=24146377 queue_ms=28
fps: 20.0
vis: 60.0
cpu: exceptions=16442 cacheResets=1 batches=179958 verts=3719745 texStalls=0 recompiles=2331 underruns=6 overruns=0 sleep_us=24359159 queue_ms=24
fps: 20.0
vis: 60.0
cpu: exceptions=16629 cacheResets=1 batches=183391 verts=3803847 texStalls=0 recompiles=2331 underruns=6 overruns=0 sleep_us=24572079 queue_ms=28
fps: 20.0
vis: 60.0
cpu: exceptions=16826 cacheResets=1 batches=186821 verts=3887907 texStalls=0 recompiles=2331 underruns=6 overruns=0 sleep_us=24767440 queue_ms=32
fps: 20.0
vis: 60.0
cpu: exceptions=17017 cacheResets=1 batches=189908 verts=3963561 texStalls=0 recompiles=2333 underruns=6 overruns=0 sleep_us=24972329 queue_ms=24
fps: 18.2
vis: 60.0
cpu: exceptions=17223 cacheResets=1 batches=192938 verts=4037091 texStalls=0 recompiles=2333 underruns=6 overruns=0 sleep_us=25194830 queue_ms=20
fps: 20.0
vis: 60.0
cpu: exceptions=17430 cacheResets=1 batches=195968 verts=4110621 texStalls=0 recompiles=2333 underruns=6 overruns=0 sleep_us=25429198 queue_ms=24
fps: 20.0
vis: 60.0
cpu: exceptions=17644 cacheResets=1 batches=198998 verts=4184151 texStalls=0 recompiles=2333 underruns=6 overruns=0 sleep_us=25653574 queue_ms=28
fps: 20.0
vis: 60.0
cpu: exceptions=17846 cacheResets=1 batches=202028 verts=4257681 texStalls=0 recompiles=2333 underruns=6 overruns=0 sleep_us=25881377 queue_ms=33
fps: 20.0
vis: 60.0
cpu: exceptions=18043 cacheResets=1 batches=205058 verts=4331211 texStalls=0 recompiles=2333 underruns=6 overruns=0 sleep_us=26116645 queue_ms=24
fps: 20.0
vis: 59.7
cpu: exceptions=18257 cacheResets=1 batches=208268 verts=4409862 texStalls=0 recompiles=2340 underruns=6 overruns=0 sleep_us=26311678 queue_ms=20
fps: 14.9
vis: 59.9
cpu: exceptions=18486 cacheResets=1 batches=210886 verts=4475742 texStalls=0 recompiles=2341 underruns=7 overruns=0 sleep_us=26505439 queue_ms=24
fps: 20.0
vis: 60.0
cpu: exceptions=18684 cacheResets=1 batches=214126 verts=4557642 texStalls=0 recompiles=2341 underruns=7 overruns=0 sleep_us=26725497 queue_ms=16
fps: 20.0
vis: 60.0
cpu: exceptions=18892 cacheResets=1 batches=217366 verts=4639542 texStalls=0 recompiles=2341 underruns=7 overruns=0 sleep_us=26940958 queue_ms=20
fps: 20.0
vis: 60.0
cpu: exceptions=19097 cacheResets=1 batches=220610 verts=4721442 texStalls=0 recompiles=2341 underruns=7 overruns=0 sleep_us=27156771 queue_ms=16
fps: 20.0
vis: 60.0
cpu: exceptions=19298 cacheResets=1 batches=223854 verts=4803342 texStalls=0 recompiles=2341 underruns=8 overruns=0 sleep_us=27376750 queue_ms=33
fps: 20.0
vis: 59.9
cpu: exceptions=19508 cacheResets=1 batches=227094 verts=4885242 texStalls=0 recompiles=2341 underruns=8 overruns=0 sleep_us=27591680 queue_ms=38
fps: 20.0
vis: 60.0
cpu: exceptions=19728 cacheResets=1 batches=230458 verts=4970022 texStalls=0 recompiles=2343 underruns=8 overruns=0 sleep_us=27796255 queue_ms=29
fps: 20.0
vis: 60.0
cpu: exceptions=19944 cacheResets=1 batches=233822 verts=5054802 texStalls=0 recompiles=2343 underruns=8 overruns=0 sleep_us=28005005 queue_ms=33
fps: 17.6
vis: 60.0
cpu: exceptions=20157 cacheResets=1 batches=236510 verts=5122626 texStalls=0 recompiles=2343 underruns=8 overruns=0 sleep_us=28216132 queue_ms=29
fps: 20.0
vis: 60.0
cpu: exceptions=20375 cacheResets=1 batches=239870 verts=5207406 texStalls=0 recompiles=2343 underruns=8 overruns=0 sleep_us=28419107 queue_ms=34
fps: 20.0
vis: 60.0
cpu: exceptions=20584 cacheResets=1 batches=243230 verts=5292186 texStalls=0 recompiles=2343 underruns=8 overruns=0 sleep_us=28625809 queue_ms=25
fps: 20.0
vis: 60.0
cpu: exceptions=20792 cacheResets=1 batches=246590 verts=5376966 texStalls=0 recompiles=2343 underruns=8 overruns=0 sleep_us=28838562 queue_ms=29
fps: 20.0
vis: 60.0
cpu: exceptions=21019 cacheResets=1 batches=249954 verts=5461770 texStalls=0 recompiles=2345 underruns=8 overruns=0 sleep_us=29028431 queue_ms=34
fps: 20.0
vis: 60.0
cpu: exceptions=21238 cacheResets=1 batches=253376 verts=5548938 texStalls=0 recompiles=2351 underruns=8 overruns=0 sleep_us=29219467 queue_ms=30
fps: 20.0
vis: 60.0
cpu: exceptions=21438 cacheResets=1 batches=256830 verts=5637594 texStalls=0 recompiles=2351 underruns=8 overruns=0 sleep_us=29426397 queue_ms=34
fps: 20.0
vis: 60.0
cpu: exceptions=21637 cacheResets=1 batches=260274 verts=5726214 texStalls=0 recompiles=2351 underruns=8 overruns=0 sleep_us=29628096 queue_ms=38
fps: 20.0
vis: 60.0
cpu: exceptions=21856 cacheResets=1 batches=263718 verts=5814834 texStalls=0 recompiles=2351 underruns=8 overruns=0 sleep_us=29826475 queue_ms=30
fps: 15.5
vis: 60.0
cpu: exceptions=22039 cacheResets=1 batches=266470 verts=5885730 texStalls=0 recompiles=2351 underruns=8 overruns=0 sleep_us=30052685 queue_ms=26
fps: 20.0
vis: 60.0
cpu: exceptions=22241 cacheResets=1 batches=269910 verts=5974350 texStalls=0 recompiles=2351 underruns=8 overruns=0 sleep_us=30257519 queue_ms=30
fps: 16.9
mark: stop reason: chain guest VI limit
mark: stop_it requested
vis: 57.7
cpu: exceptions=22437 cacheResets=1 batches=272570 verts=6044694 texStalls=0 recompiles=2351 underruns=8 overruns=0 sleep_us=30436436 queue_ms=34
audio: alist_resample_calls=44065 alist_resample_samples=8107960 alist_zoh_calls=0 alist_zoh_samples=0 musyx_subframes=0 musyx_voices=0 musyx_voice_peak=0
audio_stages: adpcm_calls=37003 adpcm_samples=4639952 envmix_calls=37065 envmix_samples=6819960 mix_calls=140000 mix_samples=25760000 musyx_fx_calls=0 musyx_fx_taps=0 output_calls=1755 output_samples=1287264
audio_envmix: exp_calls=0 ge_calls=0 lin_calls=37065 nead_calls=0 exp_steady=0 ge_steady=0 lin_steady=34004
audio_gaps: nead_mats=0 nead_efz=0 resample_flag2=0 musyx_ptr10=0
audio_output: stream_requests=6797 stream_fed=4468 input_hz=21998 playback_hz=21998 queue_peak_ms=87
vm_io: read_ahead=1 reads=0 hits=0 read_bytes=0 writes=0 write_bytes=0 errors=0
subsystem_time: stage=rsp_gfx calls=1216 timed_calls=1216 period=1 timed_us=7277481
subsystem_time: stage=rsp_audio calls=1756 timed_calls=1756 period=1 timed_us=1706261
subsystem_time: stage=rsp_other calls=0 timed_calls=0 period=1 timed_us=0
subsystem_time: stage=lookup calls=17011200 timed_calls=133946 period=127 timed_us=21900
subsystem_time: stage=compile calls=2351 timed_calls=2351 period=1 timed_us=195748
subsystem_time: stage=dispatch calls=16544110 timed_calls=130268 period=127 timed_us=42939
subsystem_time: stage=execute_inclusive calls=16544110 timed_calls=130268 period=127 timed_us=420662
subsystem_time: stage=rom_copy calls=3539 timed_calls=3539 period=1 timed_us=28592
subsystem_time: stage=present calls=3599 timed_calls=3599 period=1 timed_us=106503
subsystem_time: stage=limiter calls=3260 timed_calls=3260 period=1 timed_us=30446855
subsystem_time: stage=vm_fault calls=0 timed_calls=0 period=1 timed_us=0
subsystem_time: stage=vm_victim calls=0 timed_calls=0 period=1 timed_us=0
subsystem_time: stage=vm_read calls=0 timed_calls=0 period=1 timed_us=0
subsystem_time: stage=vm_write calls=0 timed_calls=0 period=1 timed_us=0
subsystem_time: stage=tex_hash calls=151519 timed_calls=151519 period=1 timed_us=1260663
subsystem_time: stage=tex_lookup calls=151519 timed_calls=151519 period=1 timed_us=41804
subsystem_time: stage=tex_load calls=93 timed_calls=93 period=1 timed_us=6313
subsystem_time: stage=tex_activate calls=151519 timed_calls=151519 period=1 timed_us=66421
subsystem_time: stage=draw_triangles calls=272570 timed_calls=272570 period=1 timed_us=1393805
subsystem_time: stage=draw_rect calls=42 timed_calls=42 period=1 timed_us=348
subsystem_time: stage=gfx_list calls=1216 timed_calls=1216 period=1 timed_us=7275312
subsystem_time: stage=gfx_command calls=5407398 timed_calls=42577 period=127 timed_us=57029
subsystem_time: stage=vertex calls=2503231 timed_calls=19710 period=127 timed_us=4245
subsystem_time: stage=gfx_state calls=1441625 timed_calls=11351 period=127 timed_us=21352
subsystem_time: stage=gx_wait calls=0 timed_calls=0 period=1 timed_us=0
subsystem_time: stage=dma_pi calls=3539 timed_calls=3539 period=1 timed_us=56697
subsystem_time: stage=dma_sp calls=5944 timed_calls=5944 period=1 timed_us=5921
subsystem_time: stage=dma_si calls=4072 timed_calls=4072 period=1 timed_us=44131
subsystem_time: stage=tlb_translate calls=0 timed_calls=0 period=127 timed_us=0
subsystem_time: stage=pif calls=4074 timed_calls=4074 period=1 timed_us=39714
subsystem_time: stage=input calls=3507 timed_calls=3507 period=1 timed_us=32490
subsystem_time: stage=guest_interrupt calls=27845 timed_calls=27845 period=1 timed_us=30725147
subsystem_time: stage=interpreter_inclusive calls=0 timed_calls=0 period=1 timed_us=0
subsystem_time: stage=audio_submit calls=1755 timed_calls=1755 period=1 timed_us=27704
subsystem_time: stage=audio_callback calls=35358 timed_calls=35358 period=1 timed_us=16839
subsystem_time: stage=memory_slow calls=1753136 timed_calls=13804 period=127 timed_us=61239
subsystem_time: stage=jit_invalidate calls=467090 timed_calls=3677 period=127 timed_us=592
audio_time: stage=resample sampled_calls=346 sampled_samples=63664 sampled_us=2517
audio_time: stage=zoh sampled_calls=0 sampled_samples=0 sampled_us=0
audio_time: stage=adpcm sampled_calls=291 sampled_samples=37888 sampled_us=1613
audio_time: stage=envmix_exp sampled_calls=0 sampled_samples=0 sampled_us=0
audio_time: stage=envmix_ge sampled_calls=0 sampled_samples=0 sampled_us=0
audio_time: stage=envmix_lin sampled_calls=291 sampled_samples=53544 sampled_us=4654
audio_time: stage=envmix_nead sampled_calls=0 sampled_samples=0 sampled_us=0
audio_time: stage=mix sampled_calls=1102 sampled_samples=202768 sampled_us=3417
audio_time: stage=musyx_voice sampled_calls=0 sampled_samples=0 sampled_us=0
audio_time: stage=musyx_fx sampled_calls=0 sampled_samples=0 sampled_us=0
audio_time: stage=output sampled_calls=13 sampled_samples=9568 sampled_us=171
game: n=2/3 how=vis vis=3600 vi_rate=60 vi0_retrace=4360 wall_us=60260485 sleep_us=30436436 avg_vis=59.98 avg_fps=21.73 exceptions=22438 cacheResets=1 recompiles=2351 batches=272570 verts=6044694 texStalls=0 treeDepthMax=32 underruns=8 overruns=0 queue_peak_ms=57 dsp_avg=1.38 dsp_peak=1.80 pmc1=20977712926 pmc2=20106668917 pmc3=0 pmc4=0 mmcr0=00000042 mmcr1=00000000 heap_used=10945028 heap_free=35752 arena1_free=471040 arena2_free=577472 flushes=8 flush_us=122888 padtrace=0 rom=sd:/wii64/roms/Banjo-Kazooie.V64
=== chain 2/3 end vis=3600 how=vis rom=sd:/wii64/roms/Banjo-Kazooie.V64 ===
mark: pad replay records: 1
mark: loadROM: enter
mark: loadROM: before rom_read
mark: ROMCache_load: enter
mark: ROMCache_load: before first read
mark: ROMCache_load: first read returned
mark: ROMCache_load: byte_swap_type set
mark: ROMCache_load: first byte_swap done
menufps: 0.0
menufps: 8.5
menufps: 8.3
menufps: 8.3
menufps: 8.3
menufps: 8.3
menufps: 7.7
mark: ROMCache_load: loop exited normally
mark: ROMCache_load: elapsed_us=3760380 bytes=16777216 vm=0
mark: loadROM: after rom_read
mark: loadROM: before init_memory
mark: loadROM: after init_memory
mark: loadROM: before romOpen_gfx
mark: loadROM: after romOpen_gfx / before romOpen_audio
mark: loadROM: after romOpen_audio / before romOpen_input
mark: loadROM: after romOpen_input / before cpu_init
mark: loadROM: after cpu_init
menufps: 1.2
fps: 0.3
first_vi: vi0_retrace=8405
vis: 0.1
cpu: exceptions=0 cacheResets=0 batches=0 verts=0 texStalls=0 recompiles=0 underruns=0 overruns=0 sleep_us=0 queue_ms=0
mark: CPU core dispatch: dynarec
vis: 60.0
cpu: exceptions=1472 cacheResets=1 batches=0 verts=0 texStalls=0 recompiles=421 underruns=0 overruns=0 sleep_us=131332 queue_ms=148
fps: 3.1
vis: 60.0
cpu: exceptions=2356 cacheResets=1 batches=0 verts=0 texStalls=0 recompiles=425 underruns=0 overruns=0 sleep_us=499173 queue_ms=151
fps: 60.6
vis: 60.0
cpu: exceptions=2626 cacheResets=1 batches=0 verts=0 texStalls=0 recompiles=425 underruns=0 overruns=0 sleep_us=926651 queue_ms=147
vis: 60.0
cpu: exceptions=3030 cacheResets=1 batches=0 verts=0 texStalls=0 recompiles=468 underruns=0 overruns=0 sleep_us=1420845 queue_ms=159
vis: 60.0
cpu: exceptions=3408 cacheResets=1 batches=0 verts=0 texStalls=0 recompiles=468 underruns=0 overruns=0 sleep_us=1778427 queue_ms=165
fps: 16.3
vis: 58.5
cpu: exceptions=3734 cacheResets=1 batches=4420 verts=116784 texStalls=0 recompiles=756 underruns=0 overruns=0 sleep_us=1872383 queue_ms=152
fps: 62.5
vis: 60.0
cpu: exceptions=4027 cacheResets=1 batches=11200 verts=294264 texStalls=0 recompiles=763 underruns=0 overruns=0 sleep_us=1955380 queue_ms=149
fps: 60.0
vis: 60.0
cpu: exceptions=4323 cacheResets=1 batches=17961 verts=471630 texStalls=0 recompiles=775 underruns=0 overruns=0 sleep_us=2041077 queue_ms=153
fps: 60.0
vis: 60.0
cpu: exceptions=4620 cacheResets=1 batches=24711 verts=648930 texStalls=0 recompiles=775 underruns=0 overruns=0 sleep_us=2125116 queue_ms=150
fps: 60.0
vis: 60.0
cpu: exceptions=4911 cacheResets=1 batches=31461 verts=826230 texStalls=0 recompiles=775 underruns=0 overruns=0 sleep_us=2213123 queue_ms=155
fps: 60.0
vis: 60.0
cpu: exceptions=5201 cacheResets=1 batches=38211 verts=1003530 texStalls=0 recompiles=775 underruns=0 overruns=0 sleep_us=2301704 queue_ms=152
fps: 60.0
vis: 60.0
cpu: exceptions=5490 cacheResets=1 batches=44961 verts=1180830 texStalls=0 recompiles=775 underruns=0 overruns=0 sleep_us=2390575 queue_ms=157
fps: 60.0
vis: 60.0
cpu: exceptions=5784 cacheResets=1 batches=51711 verts=1358130 texStalls=0 recompiles=777 underruns=0 overruns=0 sleep_us=2476000 queue_ms=154
fps: 60.0
vis: 60.0
cpu: exceptions=6076 cacheResets=1 batches=58461 verts=1535430 texStalls=0 recompiles=777 underruns=0 overruns=0 sleep_us=2558250 queue_ms=149
fps: 60.0
vis: 60.0
cpu: exceptions=6377 cacheResets=1 batches=65211 verts=1712730 texStalls=0 recompiles=777 underruns=0 overruns=0 sleep_us=2636995 queue_ms=155
fps: 60.0
vis: 60.0
cpu: exceptions=6669 cacheResets=1 batches=71961 verts=1890030 texStalls=0 recompiles=777 underruns=0 overruns=0 sleep_us=2718501 queue_ms=150
fps: 60.0
vis: 60.0
cpu: exceptions=6967 cacheResets=1 batches=78711 verts=2067330 texStalls=0 recompiles=777 underruns=0 overruns=0 sleep_us=2794916 queue_ms=156
fps: 60.0
vis: 60.0
cpu: exceptions=7257 cacheResets=1 batches=85461 verts=2244630 texStalls=0 recompiles=777 underruns=0 overruns=0 sleep_us=2876436 queue_ms=152
fps: 60.0
vis: 60.0
cpu: exceptions=7547 cacheResets=1 batches=92211 verts=2421930 texStalls=0 recompiles=777 underruns=0 overruns=0 sleep_us=2959812 queue_ms=157
fps: 58.2
vis: 60.0
cpu: exceptions=7837 cacheResets=1 batches=98961 verts=2599230 texStalls=0 recompiles=777 underruns=0 overruns=0 sleep_us=3043487 queue_ms=136
fps: 60.0
vis: 60.0
cpu: exceptions=8129 cacheResets=1 batches=105711 verts=2776530 texStalls=0 recompiles=777 underruns=0 overruns=0 sleep_us=3130983 queue_ms=141
fps: 59.9
vis: 60.0
cpu: exceptions=8426 cacheResets=1 batches=112461 verts=2953830 texStalls=0 recompiles=777 underruns=0 overruns=0 sleep_us=3205448 queue_ms=138
fps: 60.0
vis: 60.0
cpu: exceptions=8725 cacheResets=1 batches=119211 verts=3131130 texStalls=0 recompiles=777 underruns=0 overruns=0 sleep_us=3271903 queue_ms=142
fps: 60.0
vis: 60.0
cpu: exceptions=9039 cacheResets=1 batches=125961 verts=3308430 texStalls=0 recompiles=777 underruns=0 overruns=0 sleep_us=3327131 queue_ms=139
fps: 60.0
vis: 60.0
cpu: exceptions=9354 cacheResets=1 batches=132711 verts=3485730 texStalls=0 recompiles=777 underruns=0 overruns=0 sleep_us=3381605 queue_ms=135
fps: 60.0
vis: 60.0
cpu: exceptions=9677 cacheResets=1 batches=139461 verts=3663030 texStalls=0 recompiles=777 underruns=0 overruns=0 sleep_us=3436313 queue_ms=141
fps: 60.0
vis: 60.0
cpu: exceptions=9986 cacheResets=1 batches=146211 verts=3840330 texStalls=0 recompiles=777 underruns=0 overruns=0 sleep_us=3494999 queue_ms=137
fps: 60.0
vis: 60.0
cpu: exceptions=10293 cacheResets=1 batches=152963 verts=4017630 texStalls=0 recompiles=777 underruns=0 overruns=0 sleep_us=3556735 queue_ms=142
fps: 59.8
vis: 60.0
cpu: exceptions=10609 cacheResets=1 batches=160833 verts=4230978 texStalls=0 recompiles=777 underruns=0 overruns=0 sleep_us=3587701 queue_ms=139
fps: 60.1
vis: 60.0
cpu: exceptions=10917 cacheResets=1 batches=169683 verts=4475868 texStalls=0 recompiles=777 underruns=0 overruns=0 sleep_us=3604788 queue_ms=143
fps: 59.9
vis: 59.6
cpu: exceptions=11247 cacheResets=1 batches=178533 verts=4720758 texStalls=0 recompiles=782 underruns=0 overruns=0 sleep_us=3612743 queue_ms=140
fps: 59.1
vis: 59.3
cpu: exceptions=11580 cacheResets=1 batches=187383 verts=4965648 texStalls=0 recompiles=787 underruns=0 overruns=0 sleep_us=3612743 queue_ms=126
fps: 59.7
vis: 59.8
cpu: exceptions=11902 cacheResets=1 batches=196233 verts=5210538 texStalls=0 recompiles=787 underruns=0 overruns=0 sleep_us=3613800 queue_ms=133
fps: 59.8
vis: 59.5
cpu: exceptions=12240 cacheResets=1 batches=205083 verts=5455428 texStalls=0 recompiles=790 underruns=0 overruns=0 sleep_us=3615316 queue_ms=128
fps: 59.5
vis: 59.9
cpu: exceptions=12567 cacheResets=1 batches=213933 verts=5700318 texStalls=0 recompiles=790 underruns=0 overruns=0 sleep_us=3615943 queue_ms=125
fps: 60.1
vis: 60.0
cpu: exceptions=12888 cacheResets=1 batches=222783 verts=5945208 texStalls=0 recompiles=790 underruns=0 overruns=0 sleep_us=3620418 queue_ms=121
fps: 60.0
vis: 60.0
cpu: exceptions=13219 cacheResets=1 batches=231381 verts=6182496 texStalls=0 recompiles=790 underruns=0 overruns=0 sleep_us=3633871 queue_ms=126
fps: 60.1
vis: 60.0
cpu: exceptions=13530 cacheResets=1 batches=239691 verts=6411096 texStalls=0 recompiles=790 underruns=0 overruns=0 sleep_us=3660903 queue_ms=123
fps: 60.0
vis: 60.0
cpu: exceptions=13839 cacheResets=1 batches=248001 verts=6639696 texStalls=0 recompiles=790 underruns=0 overruns=0 sleep_us=3696071 queue_ms=127
fps: 58.2
vis: 60.0
cpu: exceptions=14156 cacheResets=1 batches=256311 verts=6868296 texStalls=0 recompiles=790 underruns=0 overruns=0 sleep_us=3734137 queue_ms=106
fps: 60.0
vis: 60.0
cpu: exceptions=14466 cacheResets=1 batches=264621 verts=7096896 texStalls=0 recompiles=790 underruns=0 overruns=0 sleep_us=3769754 queue_ms=111
fps: 60.0
vis: 60.0
cpu: exceptions=14777 cacheResets=1 batches=272931 verts=7325496 texStalls=0 recompiles=790 underruns=0 overruns=0 sleep_us=3806603 queue_ms=108
fps: 60.0
vis: 60.0
cpu: exceptions=15101 cacheResets=1 batches=281241 verts=7554096 texStalls=0 recompiles=790 underruns=0 overruns=0 sleep_us=3836867 queue_ms=112
fps: 60.0
vis: 60.0
cpu: exceptions=15414 cacheResets=1 batches=289551 verts=7782696 texStalls=0 recompiles=790 underruns=0 overruns=0 sleep_us=3866655 queue_ms=110
fps: 60.0
vis: 60.0
cpu: exceptions=15725 cacheResets=1 batches=297861 verts=8011296 texStalls=0 recompiles=790 underruns=0 overruns=0 sleep_us=3899173 queue_ms=114
fps: 60.0
vis: 60.0
cpu: exceptions=16034 cacheResets=1 batches=306171 verts=8239896 texStalls=0 recompiles=790 underruns=0 overruns=0 sleep_us=3934698 queue_ms=111
fps: 60.0
vis: 60.0
cpu: exceptions=16338 cacheResets=1 batches=314481 verts=8468496 texStalls=0 recompiles=790 underruns=0 overruns=0 sleep_us=3973775 queue_ms=107
fps: 60.0
vis: 60.0
cpu: exceptions=16632 cacheResets=1 batches=322899 verts=8697744 texStalls=0 recompiles=790 underruns=0 overruns=0 sleep_us=4017341 queue_ms=112
fps: 60.0
vis: 60.0
cpu: exceptions=16941 cacheResets=1 batches=331389 verts=8927424 texStalls=0 recompiles=790 underruns=0 overruns=0 sleep_us=4054215 queue_ms=109
fps: 60.0
vis: 60.0
cpu: exceptions=17246 cacheResets=1 batches=339879 verts=9157104 texStalls=0 recompiles=790 underruns=0 overruns=0 sleep_us=4089732 queue_ms=114
fps: 60.0
vis: 60.0
cpu: exceptions=17557 cacheResets=1 batches=348369 verts=9386784 texStalls=0 recompiles=790 underruns=0 overruns=0 sleep_us=4119766 queue_ms=110
fps: 60.0
vis: 60.0
cpu: exceptions=17868 cacheResets=1 batches=356859 verts=9616464 texStalls=0 recompiles=790 underruns=0 overruns=0 sleep_us=4148770 queue_ms=116
fps: 60.0
vis: 60.0
cpu: exceptions=18176 cacheResets=1 batches=365349 verts=9846144 texStalls=0 recompiles=790 underruns=0 overruns=0 sleep_us=4181271 queue_ms=111
fps: 60.0
vis: 60.0
cpu: exceptions=18484 cacheResets=1 batches=373839 verts=10075824 texStalls=0 recompiles=790 underruns=0 overruns=0 sleep_us=4216486 queue_ms=108
fps: 60.0
vis: 60.0
cpu: exceptions=18787 cacheResets=1 batches=382545 verts=10314630 texStalls=0 recompiles=790 underruns=0 overruns=0 sleep_us=4245050 queue_ms=113
fps: 60.0
vis: 60.0
cpu: exceptions=19087 cacheResets=1 batches=391401 verts=10559520 texStalls=0 recompiles=790 underruns=0 overruns=0 sleep_us=4269646 queue_ms=109
fps: 60.0
vis: 60.0
cpu: exceptions=19397 cacheResets=1 batches=400253 verts=10804410 texStalls=0 recompiles=790 underruns=0 overruns=0 sleep_us=4292741 queue_ms=114
fps: 60.0
vis: 60.0
cpu: exceptions=19702 cacheResets=1 batches=409103 verts=11049300 texStalls=0 recompiles=790 underruns=0 overruns=0 sleep_us=4314605 queue_ms=111
fps: 60.0
vis: 60.0
cpu: exceptions=20016 cacheResets=1 batches=417953 verts=11294190 texStalls=0 recompiles=790 underruns=0 overruns=0 sleep_us=4329720 queue_ms=116
fps: 58.2
vis: 60.0
cpu: exceptions=20326 cacheResets=1 batches=426803 verts=11539080 texStalls=0 recompiles=790 underruns=0 overruns=0 sleep_us=4346071 queue_ms=94
fps: 60.0
vis: 60.0
cpu: exceptions=20636 cacheResets=1 batches=435657 verts=11783970 texStalls=0 recompiles=790 underruns=0 overruns=0 sleep_us=4362945 queue_ms=100
fps: 60.0
vis: 60.0
cpu: exceptions=20946 cacheResets=1 batches=444507 verts=12028860 texStalls=0 recompiles=791 underruns=0 overruns=0 sleep_us=4381661 queue_ms=95
fps: 60.0
vis: 59.0
cpu: exceptions=21249 cacheResets=1 batches=453663 verts=12286332 texStalls=0 recompiles=791 underruns=0 overruns=0 sleep_us=4392615 queue_ms=92
fps: 56.3
vis: 55.0
cpu: exceptions=21535 cacheResets=1 batches=463351 verts=12573612 texStalls=0 recompiles=791 underruns=0 overruns=0 sleep_us=4392615 queue_ms=46
fps: 52.0
vis: 51.0
cpu: exceptions=21838 cacheResets=1 batches=472347 verts=12840372 texStalls=0 recompiles=791 underruns=5 overruns=0 sleep_us=4392615 queue_ms=20
fps: 57.5
vis: 60.0
cpu: exceptions=22192 cacheResets=1 batches=476727 verts=12998142 texStalls=0 recompiles=791 underruns=5 overruns=0 sleep_us=4538870 queue_ms=18
fps: 57.9
vis: 57.8
cpu: exceptions=22492 cacheResets=1 batches=484259 verts=13235058 texStalls=0 recompiles=792 underruns=7 overruns=0 sleep_us=4605695 queue_ms=14
fps: 57.4
vis: 57.6
cpu: exceptions=22766 cacheResets=1 batches=494119 verts=13531554 texStalls=0 recompiles=792 underruns=9 overruns=0 sleep_us=4605695 queue_ms=13
fps: 57.7
vis: 57.6
cpu: exceptions=23040 cacheResets=1 batches=503986 verts=13828092 texStalls=0 recompiles=792 underruns=11 overruns=0 sleep_us=4605695 queue_ms=9
fps: 57.5
vis: 57.4
cpu: exceptions=23318 cacheResets=1 batches=513851 verts=14124618 texStalls=0 recompiles=792 underruns=14 overruns=0 sleep_us=4605695 queue_ms=17
fps: 57.0
vis: 57.0
cpu: exceptions=23601 cacheResets=1 batches=523716 verts=14421144 texStalls=0 recompiles=792 underruns=17 overruns=0 sleep_us=4605695 queue_ms=22
fps: 57.7
vis: 57.5
cpu: exceptions=23876 cacheResets=1 batches=533583 verts=14717682 texStalls=0 recompiles=792 underruns=19 overruns=0 sleep_us=4605695 queue_ms=12
fps: 56.8
vis: 56.7
cpu: exceptions=24163 cacheResets=1 batches=543446 verts=15014196 texStalls=0 recompiles=792 underruns=22 overruns=0 sleep_us=4605695 queue_ms=17
fps: 56.7
vis: 56.6
cpu: exceptions=24448 cacheResets=1 batches=553315 verts=15310746 texStalls=0 recompiles=792 underruns=25 overruns=0 sleep_us=4605695 queue_ms=16
fps: 56.5
vis: 56.4
cpu: exceptions=24736 cacheResets=1 batches=563175 verts=15607242 texStalls=0 recompiles=792 underruns=29 overruns=0 sleep_us=4605695 queue_ms=22
fps: 56.4
vis: 56.6
cpu: exceptions=25028 cacheResets=1 batches=573035 verts=15903738 texStalls=0 recompiles=792 underruns=32 overruns=0 sleep_us=4605695 queue_ms=20
fps: 57.2
vis: 57.9
cpu: exceptions=25298 cacheResets=1 batches=582895 verts=16200234 texStalls=0 recompiles=792 underruns=34 overruns=0 sleep_us=4605695 queue_ms=18
fps: 58.7
vis: 58.9
cpu: exceptions=25584 cacheResets=1 batches=592788 verts=16502850 texStalls=0 recompiles=792 underruns=35 overruns=0 sleep_us=4605695 queue_ms=13
fps: 58.8
vis: 58.4
cpu: exceptions=25880 cacheResets=1 batches=602658 verts=16805250 texStalls=0 recompiles=792 underruns=36 overruns=0 sleep_us=4605695 queue_ms=10
fps: 53.8
vis: 57.9
cpu: exceptions=26168 cacheResets=1 batches=612211 verts=17097642 texStalls=0 recompiles=792 underruns=39 overruns=0 sleep_us=4605695 queue_ms=17
fps: 58.1
vis: 57.7
cpu: exceptions=26460 cacheResets=1 batches=621752 verts=17389962 texStalls=0 recompiles=792 underruns=41 overruns=0 sleep_us=4605695 queue_ms=14
fps: 57.9
vis: 58.3
cpu: exceptions=26751 cacheResets=1 batches=631634 verts=17692434 texStalls=0 recompiles=792 underruns=43 overruns=0 sleep_us=4605695 queue_ms=20
fps: 58.0
vis: 57.9
cpu: exceptions=27045 cacheResets=1 batches=641175 verts=17984754 texStalls=0 recompiles=792 underruns=45 overruns=0 sleep_us=4605695 queue_ms=16
fps: 57.3
vis: 57.4
cpu: exceptions=27325 cacheResets=1 batches=651179 verts=18282822 texStalls=0 recompiles=793 underruns=48 overruns=0 sleep_us=4605695 queue_ms=22
fps: 59.5
vis: 60.0
cpu: exceptions=27618 cacheResets=1 batches=659915 verts=18527028 texStalls=0 recompiles=793 underruns=48 overruns=0 sleep_us=4624300 queue_ms=19
fps: 60.0
vis: 60.0
cpu: exceptions=27915 cacheResets=1 batches=668675 verts=18771378 texStalls=0 recompiles=793 underruns=48 overruns=0 sleep_us=4639880 queue_ms=23
fps: 60.0
vis: 60.0
cpu: exceptions=28213 cacheResets=1 batches=677435 verts=19015728 texStalls=0 recompiles=793 underruns=48 overruns=0 sleep_us=4659012 queue_ms=20
fps: 60.0
vis: 60.0
cpu: exceptions=28522 cacheResets=1 batches=686967 verts=19260078 texStalls=0 recompiles=793 underruns=48 overruns=0 sleep_us=4667869 queue_ms=25
fps: 60.0
vis: 59.7
cpu: exceptions=28837 cacheResets=1 batches=695727 verts=19504428 texStalls=0 recompiles=793 underruns=48 overruns=0 sleep_us=4673802 queue_ms=21
fps: 59.2
vis: 58.6
cpu: exceptions=29173 cacheResets=1 batches=704487 verts=19748778 texStalls=0 recompiles=793 underruns=48 overruns=0 sleep_us=4673802 queue_ms=9
fps: 57.5
vis: 57.0
cpu: exceptions=29516 cacheResets=1 batches=712955 verts=19984983 texStalls=0 recompiles=793 underruns=52 overruns=0 sleep_us=4673802 queue_ms=24
fps: 57.0
vis: 56.1
cpu: exceptions=29852 cacheResets=1 batches=721423 verts=20221188 texStalls=0 recompiles=830 underruns=54 overruns=0 sleep_us=4673802 queue_ms=4
fps: 54.9
vis: 56.2
cpu: exceptions=30198 cacheResets=1 batches=729891 verts=20457393 texStalls=0 recompiles=832 underruns=59 overruns=0 sleep_us=4673802 queue_ms=20
fps: 58.9
vis: 60.0
cpu: exceptions=30492 cacheResets=1 batches=738576 verts=20701293 texStalls=0 recompiles=832 underruns=59 overruns=0 sleep_us=4693996 queue_ms=15
fps: 60.0
vis: 60.0
cpu: exceptions=30766 cacheResets=1 batches=747246 verts=20945103 texStalls=0 recompiles=832 underruns=59 overruns=0 sleep_us=4724705 queue_ms=21
fps: 60.0
vis: 60.0
cpu: exceptions=31040 cacheResets=1 batches=755916 verts=21188913 texStalls=0 recompiles=832 underruns=59 overruns=0 sleep_us=4769875 queue_ms=17
fps: 60.0
vis: 60.0
cpu: exceptions=31314 cacheResets=1 batches=764586 verts=21432723 texStalls=0 recompiles=832 underruns=59 overruns=0 sleep_us=4817770 queue_ms=14
fps: 60.0
vis: 60.0
cpu: exceptions=31588 cacheResets=1 batches=773394 verts=21677361 texStalls=0 recompiles=832 underruns=59 overruns=0 sleep_us=4855013 queue_ms=18
fps: 60.0
vis: 60.0
cpu: exceptions=31862 cacheResets=1 batches=782244 verts=21922251 texStalls=0 recompiles=832 underruns=59 overruns=0 sleep_us=4889859 queue_ms=16
fps: 58.4
vis: 60.0
cpu: exceptions=32137 cacheResets=1 batches=791094 verts=22167141 texStalls=0 recompiles=832 underruns=60 overruns=0 sleep_us=4921903 queue_ms=11
fps: 60.0
vis: 60.0
cpu: exceptions=32412 cacheResets=1 batches=799944 verts=22412031 texStalls=0 recompiles=832 underruns=60 overruns=0 sleep_us=4954807 queue_ms=17
fps: 60.0
vis: 60.0
cpu: exceptions=32690 cacheResets=1 batches=808794 verts=22656921 texStalls=0 recompiles=832 underruns=60 overruns=0 sleep_us=4988153 queue_ms=13
fps: 60.0
vis: 60.0
cpu: exceptions=32968 cacheResets=1 batches=817644 verts=22901811 texStalls=0 recompiles=832 underruns=60 overruns=0 sleep_us=5022896 queue_ms=18
fps: 60.0
vis: 60.0
cpu: exceptions=33243 cacheResets=1 batches=826494 verts=23146701 texStalls=0 recompiles=832 underruns=60 overruns=0 sleep_us=5059693 queue_ms=15
fps: 60.0
vis: 60.0
cpu: exceptions=33518 cacheResets=1 batches=835344 verts=23391591 texStalls=0 recompiles=832 underruns=60 overruns=0 sleep_us=5096566 queue_ms=10
fps: 60.0
vis: 60.0
cpu: exceptions=33793 cacheResets=1 batches=844194 verts=23636481 texStalls=0 recompiles=832 underruns=60 overruns=0 sleep_us=5130868 queue_ms=16
fps: 60.0
vis: 60.0
cpu: exceptions=34067 cacheResets=1 batches=853044 verts=23881371 texStalls=0 recompiles=832 underruns=60 overruns=0 sleep_us=5166274 queue_ms=12
fps: 60.0
vis: 60.0
cpu: exceptions=34340 cacheResets=1 batches=861894 verts=24126261 texStalls=0 recompiles=832 underruns=60 overruns=0 sleep_us=5204191 queue_ms=18
fps: 60.0
vis: 60.0
cpu: exceptions=34615 cacheResets=1 batches=870744 verts=24371151 texStalls=0 recompiles=832 underruns=60 overruns=0 sleep_us=5240680 queue_ms=13
fps: 60.0
vis: 60.0
cpu: exceptions=34894 cacheResets=1 batches=879594 verts=24616041 texStalls=0 recompiles=832 underruns=60 overruns=0 sleep_us=5274697 queue_ms=19
fps: 60.0
vis: 60.0
cpu: exceptions=35169 cacheResets=1 batches=888444 verts=24860931 texStalls=0 recompiles=832 underruns=60 overruns=0 sleep_us=5310247 queue_ms=15
fps: 60.0
vis: 60.0
cpu: exceptions=35443 cacheResets=1 batches=897294 verts=25105821 texStalls=0 recompiles=832 underruns=60 overruns=0 sleep_us=5348199 queue_ms=11
fps: 60.0
vis: 60.0
cpu: exceptions=35717 cacheResets=1 batches=906144 verts=25350711 texStalls=0 recompiles=832 underruns=60 overruns=0 sleep_us=5384909 queue_ms=17
fps: 60.0
vis: 60.0
cpu: exceptions=35989 cacheResets=1 batches=914994 verts=25595601 texStalls=0 recompiles=832 underruns=60 overruns=0 sleep_us=5424252 queue_ms=12
fps: 60.0
vis: 60.0
cpu: exceptions=36282 cacheResets=1 batches=923844 verts=25840491 texStalls=0 recompiles=832 underruns=60 overruns=0 sleep_us=5448672 queue_ms=18
fps: 60.0
vis: 60.0
cpu: exceptions=36583 cacheResets=1 batches=932694 verts=26085381 texStalls=0 recompiles=832 underruns=60 overruns=0 sleep_us=5465731 queue_ms=15
fps: 60.0
vis: 60.0
cpu: exceptions=36895 cacheResets=1 batches=941544 verts=26330271 texStalls=0 recompiles=832 underruns=60 overruns=0 sleep_us=5476535 queue_ms=20
fps: 60.0
vis: 60.0
cpu: exceptions=37200 cacheResets=1 batches=950394 verts=26575161 texStalls=0 recompiles=832 underruns=60 overruns=0 sleep_us=5493271 queue_ms=17
fps: 60.0
vis: 60.0
cpu: exceptions=37500 cacheResets=1 batches=959244 verts=26820051 texStalls=0 recompiles=832 underruns=60 overruns=0 sleep_us=5511578 queue_ms=12
fps: 58.4
vis: 60.0
cpu: exceptions=37809 cacheResets=1 batches=968094 verts=27064941 texStalls=0 recompiles=832 underruns=62 overruns=0 sleep_us=5526805 queue_ms=17
mark: stop reason: chain guest VI limit
mark: stop_it requested
audio: alist_resample_calls=51036 alist_resample_samples=6439552 alist_zoh_calls=0 alist_zoh_samples=0 musyx_subframes=0 musyx_voices=0 musyx_voice_peak=0
audio_stages: adpcm_calls=48366 adpcm_samples=5776480 envmix_calls=51036 envmix_samples=6439552 mix_calls=316624 mix_samples=42241408 musyx_fx_calls=0 musyx_fx_taps=0 output_calls=3597 output_samples=1919520
audio_envmix: exp_calls=51036 ge_calls=0 lin_calls=0 nead_calls=0 exp_steady=23093 ge_steady=0 lin_steady=0
audio_gaps: nead_mats=0 nead_efz=0 resample_flag2=0 musyx_ptr10=0
audio_output: stream_requests=8395 stream_fed=6665 input_hz=32006 playback_hz=32006 queue_peak_ms=186
vm_io: read_ahead=1 reads=0 hits=0 read_bytes=0 writes=0 write_bytes=0 errors=0
subsystem_time: stage=rsp_gfx calls=3510 timed_calls=3510 period=1 timed_us=31170725
subsystem_time: stage=rsp_audio calls=3598 timed_calls=3598 period=1 timed_us=2709125
subsystem_time: stage=rsp_other calls=0 timed_calls=0 period=1 timed_us=0
subsystem_time: stage=lookup calls=15583183 timed_calls=122702 period=127 timed_us=16146
subsystem_time: stage=compile calls=832 timed_calls=832 period=1 timed_us=121943
subsystem_time: stage=dispatch calls=15465984 timed_calls=121779 period=127 timed_us=35694
subsystem_time: stage=execute_inclusive calls=15465984 timed_calls=121779 period=127 timed_us=404900
subsystem_time: stage=rom_copy calls=3854 timed_calls=3854 period=1 timed_us=36734
subsystem_time: stage=present calls=3599 timed_calls=3599 period=1 timed_us=179283
subsystem_time: stage=limiter calls=2687 timed_calls=2687 period=1 timed_us=5542325
subsystem_time: stage=vm_fault calls=0 timed_calls=0 period=1 timed_us=0
subsystem_time: stage=vm_victim calls=0 timed_calls=0 period=1 timed_us=0
subsystem_time: stage=vm_read calls=0 timed_calls=0 period=1 timed_us=0
subsystem_time: stage=vm_write calls=0 timed_calls=0 period=1 timed_us=0
subsystem_time: stage=tex_hash calls=794296 timed_calls=794296 period=1 timed_us=7076203
subsystem_time: stage=tex_lookup calls=794296 timed_calls=794296 period=1 timed_us=254799
subsystem_time: stage=tex_load calls=168 timed_calls=168 period=1 timed_us=22654
subsystem_time: stage=tex_activate calls=794296 timed_calls=794296 period=1 timed_us=336455
subsystem_time: stage=draw_triangles calls=972224 timed_calls=972224 period=1 timed_us=3501849
subsystem_time: stage=draw_rect calls=9600 timed_calls=9600 period=1 timed_us=143757
subsystem_time: stage=gfx_list calls=3510 timed_calls=3510 period=1 timed_us=31164234
subsystem_time: stage=gfx_command calls=28741142 timed_calls=226308 period=127 timed_us=240856
subsystem_time: stage=vertex calls=14946060 timed_calls=117685 period=127 timed_us=20475
subsystem_time: stage=gfx_state calls=1157818 timed_calls=9116 period=127 timed_us=74247
subsystem_time: stage=gx_wait calls=0 timed_calls=0 period=1 timed_us=0
subsystem_time: stage=dma_pi calls=4853 timed_calls=4853 period=1 timed_us=71601
subsystem_time: stage=dma_sp calls=14216 timed_calls=14216 period=1 timed_us=13434
subsystem_time: stage=dma_si calls=15278 timed_calls=15278 period=1 timed_us=83199
subsystem_time: stage=tlb_translate calls=0 timed_calls=0 period=127 timed_us=0
subsystem_time: stage=pif calls=15279 timed_calls=15279 period=1 timed_us=77838
subsystem_time: stage=input calls=14308 timed_calls=14308 period=1 timed_us=60186
subsystem_time: stage=guest_interrupt calls=44933 timed_calls=44933 period=1 timed_us=5904162
subsystem_time: stage=interpreter_inclusive calls=0 timed_calls=0 period=1 timed_us=0
subsystem_time: stage=audio_submit calls=3598 timed_calls=3598 period=1 timed_us=43561
subsystem_time: stage=audio_callback calls=37280 timed_calls=37280 period=1 timed_us=29121
subsystem_time: stage=memory_slow calls=2967202 timed_calls=23363 period=127 timed_us=274774
subsystem_time: stage=jit_invalidate calls=117199 timed_calls=922 period=127 timed_us=127
audio_time: stage=resample sampled_calls=401 sampled_samples=51184 sampled_us=2195
audio_time: stage=zoh sampled_calls=0 sampled_samples=0 sampled_us=0
audio_time: stage=adpcm sampled_calls=380 sampled_samples=44960 sampled_us=2003
audio_time: stage=envmix_exp sampled_calls=401 sampled_samples=51184 sampled_us=6676
audio_time: stage=envmix_ge sampled_calls=0 sampled_samples=0 sampled_us=0
audio_time: stage=envmix_lin sampled_calls=0 sampled_samples=0 sampled_us=0
audio_time: stage=envmix_nead sampled_calls=0 sampled_samples=0 sampled_us=0
audio_time: stage=mix sampled_calls=2493 sampled_samples=332608 sampled_us=5528
audio_time: stage=musyx_voice sampled_calls=0 sampled_samples=0 sampled_us=0
audio_time: stage=musyx_fx sampled_calls=0 sampled_samples=0 sampled_us=0
audio_time: stage=output sampled_calls=28 sampled_samples=14912 sampled_us=286
game: n=3/3 how=vis vis=3600 vi_rate=60 vi0_retrace=8405 wall_us=60912360 sleep_us=5532969 avg_vis=58.88 avg_fps=57.93 exceptions=37959 cacheResets=1 recompiles=832 batches=972224 verts=27179223 texStalls=0 treeDepthMax=12 underruns=62 overruns=0 queue_peak_ms=165 dsp_avg=1.68 dsp_peak=2.00 pmc1=40164012430 pmc2=38445560601 pmc3=0 pmc4=0 mmcr0=00000042 mmcr1=00000000 heap_used=10841892 heap_free=175752 arena1_free=434176 arena2_free=577472 flushes=8 flush_us=121435 padtrace=0 rom=sd:/wii64/roms/Pokemon Snap.rom
=== chain 3/3 end vis=3600 how=vis rom=sd:/wii64/roms/Pokemon Snap.rom ===
