--- wii64 perf log ---
mark: diag config: wiiload arguments
mark: wiiload dynacore argument received
mark: diag received dynacore line
mark: diag requested core: dynarec
mark: pad replay records: 1
selftest:
  raw[0]=51279532461571312
  raw[1]=51279532461571314
  raw[2]=51279532461571328
  raw[3]=51279532461571340
  raw[4]=51279532461571352
  delta[0]=0us
  delta[1]=0us
  delta[2]=0us
  delta[3]=0us
mark: audio quality: accurate
mark: audio modes: n64=0 output=0 mixer=0 latency=2 sync=0
mark: diag applied core: dynarec
mark: HBC agent ready
mark: loadROM: enter
mark: loadROM: before rom_read
mark: ROMCache_load: enter
menufps: 0.4
mark: ROMCache_load: before first read
mark: ROMCache_load: first read returned
mark: ROMCache_load: byte_swap_type set
mark: ROMCache_load: first byte_swap done
menufps: 0.2
menufps: 8.4
menufps: 2.0
menufps: 7.9
menufps: 8.2
menufps: 8.1
menufps: 8.4
menufps: 7.2
menufps: 1.3
menufps: 1.3
menufps: 1.3
menufps: 1.3
menufps: 1.3
menufps: 1.3
menufps: 1.2
menufps: 3.7
menufps: 8.3
menufps: 8.3
menufps: 8.4
menufps: 8.3
mark: ROMCache_load: loop exited normally
mark: ROMCache_load: VM writeback complete
mark: loadROM: after rom_read
mark: loadROM: before init_memory
mark: loadROM: after init_memory
mark: loadROM: before romOpen_gfx
mark: loadROM: after romOpen_gfx / before romOpen_audio
mark: loadROM: after romOpen_audio / before romOpen_input
mark: loadROM: after romOpen_input / before cpu_init
mark: loadROM: after cpu_init
menufps: 0.1
menufps: 0.7
fps: 0.1
first_vi: vi0_retrace=2602
vis: 0.1
cpu: exceptions=0 cacheResets=0 batches=0 verts=0 texStalls=0 recompiles=0 underruns=0 overruns=0 sleep_us=0 queue_ms=0
mark: CPU core dispatch: dynarec
vis: 50.0
cpu: exceptions=1751 cacheResets=1 batches=0 verts=0 texStalls=0 recompiles=367 underruns=0 overruns=0 sleep_us=138576 queue_ms=0
fps: 1.3
vis: 50.0
cpu: exceptions=2778 cacheResets=1 batches=0 verts=0 texStalls=0 recompiles=807 underruns=1 overruns=0 sleep_us=499140 queue_ms=38
fps: 33.8
vis: 50.0
cpu: exceptions=2991 cacheResets=1 batches=0 verts=0 texStalls=0 recompiles=1244 underruns=1 overruns=0 sleep_us=807470 queue_ms=17
fps: 49.7
vis: 50.0
cpu: exceptions=3125 cacheResets=1 batches=0 verts=0 texStalls=0 recompiles=1253 underruns=1 overruns=0 sleep_us=1210982 queue_ms=28
fps: 50.2
vis: 50.0
cpu: exceptions=3278 cacheResets=1 batches=0 verts=0 texStalls=0 recompiles=1267 underruns=1 overruns=0 sleep_us=1594312 queue_ms=36
fps: 49.9
vis: 50.0
cpu: exceptions=3435 cacheResets=1 batches=0 verts=0 texStalls=0 recompiles=1269 underruns=1 overruns=0 sleep_us=1972739 queue_ms=47
fps: 50.1
vis: 50.0
cpu: exceptions=3584 cacheResets=1 batches=0 verts=0 texStalls=0 recompiles=1277 underruns=1 overruns=0 sleep_us=2344752 queue_ms=20
fps: 49.8
vis: 50.0
cpu: exceptions=3727 cacheResets=1 batches=0 verts=0 texStalls=0 recompiles=1277 underruns=1 overruns=0 sleep_us=2725526 queue_ms=37
fps: 50.2
vis: 50.0
cpu: exceptions=3880 cacheResets=1 batches=0 verts=0 texStalls=0 recompiles=1278 underruns=1 overruns=0 sleep_us=3103819 queue_ms=45
fps: 49.9
vis: 50.0
cpu: exceptions=4021 cacheResets=1 batches=0 verts=0 texStalls=0 recompiles=1279 underruns=1 overruns=0 sleep_us=3483343 queue_ms=41
fps: 50.1
vis: 50.0
cpu: exceptions=4172 cacheResets=1 batches=0 verts=0 texStalls=0 recompiles=1279 underruns=1 overruns=0 sleep_us=3860424 queue_ms=29
vis: 50.0
cpu: exceptions=4325 cacheResets=1 batches=0 verts=0 texStalls=0 recompiles=1280 underruns=1 overruns=0 sleep_us=4244550 queue_ms=37
fps: 49.8
vis: 50.0
cpu: exceptions=4476 cacheResets=1 batches=0 verts=0 texStalls=0 recompiles=1280 underruns=1 overruns=0 sleep_us=4621932 queue_ms=48
fps: 50.1
vis: 50.0
cpu: exceptions=4624 cacheResets=1 batches=0 verts=0 texStalls=0 recompiles=1280 underruns=1 overruns=0 sleep_us=4995779 queue_ms=50
fps: 50.0
vis: 50.0
cpu: exceptions=4765 cacheResets=1 batches=0 verts=0 texStalls=0 recompiles=1283 underruns=1 overruns=0 sleep_us=5366709 queue_ms=38
fps: 50.0
vis: 50.0
cpu: exceptions=4903 cacheResets=1 batches=0 verts=0 texStalls=0 recompiles=1283 underruns=1 overruns=0 sleep_us=5744933 queue_ms=40
fps: 50.0
vis: 50.0
cpu: exceptions=5044 cacheResets=1 batches=0 verts=0 texStalls=0 recompiles=1283 underruns=1 overruns=0 sleep_us=6126330 queue_ms=56
fps: 50.1
vis: 50.0
cpu: exceptions=5189 cacheResets=1 batches=0 verts=0 texStalls=0 recompiles=1283 underruns=1 overruns=0 sleep_us=6514209 queue_ms=53
fps: 49.9
vis: 50.0
cpu: exceptions=5337 cacheResets=1 batches=0 verts=0 texStalls=0 recompiles=1283 underruns=1 overruns=0 sleep_us=6894008 queue_ms=32
fps: 48.8
vis: 50.0
cpu: exceptions=5482 cacheResets=1 batches=0 verts=0 texStalls=0 recompiles=1283 underruns=1 overruns=0 sleep_us=7274886 queue_ms=30
fps: 49.9
vis: 50.0
cpu: exceptions=5627 cacheResets=1 batches=0 verts=0 texStalls=0 recompiles=1283 underruns=1 overruns=0 sleep_us=7652931 queue_ms=41
fps: 50.0
vis: 50.0
cpu: exceptions=5768 cacheResets=1 batches=0 verts=0 texStalls=0 recompiles=1283 underruns=1 overruns=0 sleep_us=8036980 queue_ms=43
fps: 49.9
vis: 50.0
cpu: exceptions=5922 cacheResets=1 batches=0 verts=0 texStalls=0 recompiles=1283 underruns=1 overruns=0 sleep_us=8414391 queue_ms=31
fps: 50.0
vis: 50.0
cpu: exceptions=6070 cacheResets=1 batches=0 verts=0 texStalls=0 recompiles=1283 underruns=1 overruns=0 sleep_us=8787675 queue_ms=33
fps: 50.0
vis: 50.0
cpu: exceptions=6225 cacheResets=1 batches=0 verts=0 texStalls=0 recompiles=1283 underruns=1 overruns=0 sleep_us=9164307 queue_ms=50
fps: 50.1
vis: 50.0
cpu: exceptions=6370 cacheResets=1 batches=0 verts=0 texStalls=0 recompiles=1283 underruns=1 overruns=0 sleep_us=9542387 queue_ms=52
fps: 49.9
vis: 50.0
cpu: exceptions=6516 cacheResets=1 batches=0 verts=0 texStalls=0 recompiles=1283 underruns=1 overruns=0 sleep_us=9915031 queue_ms=34
fps: 50.2
vis: 50.0
cpu: exceptions=6665 cacheResets=1 batches=0 verts=0 texStalls=0 recompiles=1283 underruns=1 overruns=0 sleep_us=10284475 queue_ms=42
fps: 50.0
vis: 50.0
cpu: exceptions=6814 cacheResets=1 batches=0 verts=0 texStalls=0 recompiles=1283 underruns=1 overruns=0 sleep_us=10648468 queue_ms=44
fps: 50.0
vis: 50.0
cpu: exceptions=6957 cacheResets=1 batches=0 verts=0 texStalls=0 recompiles=1283 underruns=1 overruns=0 sleep_us=11012966 queue_ms=55
fps: 49.9
vis: 50.0
cpu: exceptions=7099 cacheResets=1 batches=0 verts=0 texStalls=0 recompiles=1283 underruns=1 overruns=0 sleep_us=11379025 queue_ms=34
fps: 50.1
vis: 50.0
cpu: exceptions=7252 cacheResets=1 batches=0 verts=0 texStalls=0 recompiles=1283 underruns=1 overruns=0 sleep_us=11755293 queue_ms=45
fps: 49.9
vis: 50.0
cpu: exceptions=7423 cacheResets=1 batches=0 verts=0 texStalls=0 recompiles=1286 underruns=1 overruns=0 sleep_us=12123226 queue_ms=53
fps: 50.1
vis: 50.0
cpu: exceptions=7573 cacheResets=1 batches=0 verts=0 texStalls=0 recompiles=1286 underruns=1 overruns=0 sleep_us=12492153 queue_ms=64
fps: 49.8
vis: 50.0
cpu: exceptions=7727 cacheResets=1 batches=0 verts=0 texStalls=0 recompiles=1286 underruns=1 overruns=0 sleep_us=12860303 queue_ms=37
fps: 50.1
mark: stop reason: chain guest VI limit
mark: stop_it requested
audio: alist_resample_calls=29202 alist_resample_samples=5373168 alist_zoh_calls=0 alist_zoh_samples=0 musyx_subframes=0 musyx_voices=0 musyx_voice_peak=0
audio_stages: adpcm_calls=30702 adpcm_samples=5024896 envmix_calls=29202 envmix_samples=5373168 mix_calls=30350 mix_samples=5584400 musyx_fx_calls=0 musyx_fx_taps=0 output_calls=652 output_samples=557520
audio_envmix: exp_calls=0 ge_calls=0 lin_calls=29202 nead_calls=0 exp_steady=0 ge_steady=0 lin_steady=16497
audio_gaps: nead_mats=0 nead_efz=0 resample_flag2=0 musyx_ptr10=0
audio_output: stream_requests=3811 stream_fed=1933 input_hz=31995 playback_hz=31995 queue_peak_ms=85
vm_io: read_ahead=1 reads=41 hits=251 read_bytes=1343488 writes=0 write_bytes=0 errors=0
subsystem_time: stage=rsp_gfx calls=852 timed_calls=852 period=1 timed_us=783040
subsystem_time: stage=rsp_audio calls=653 timed_calls=653 period=1 timed_us=1138868
subsystem_time: stage=rsp_other calls=0 timed_calls=0 period=1 timed_us=0
subsystem_time: stage=lookup calls=1674372 timed_calls=13184 period=127 timed_us=3230
subsystem_time: stage=compile calls=1286 timed_calls=1286 period=1 timed_us=81025
subsystem_time: stage=dispatch calls=1671816 timed_calls=13163 period=127 timed_us=5226
subsystem_time: stage=execute_inclusive calls=1671816 timed_calls=13163 period=127 timed_us=109098
subsystem_time: stage=rom_copy calls=940 timed_calls=940 period=1 timed_us=185139
subsystem_time: stage=present calls=899 timed_calls=899 period=1 timed_us=20036
subsystem_time: stage=limiter calls=880 timed_calls=880 period=1 timed_us=13207672
subsystem_time: stage=vm_fault calls=292 timed_calls=292 period=1 timed_us=166518
subsystem_time: stage=vm_victim calls=292 timed_calls=292 period=1 timed_us=297
subsystem_time: stage=vm_read calls=41 timed_calls=41 period=1 timed_us=152849
subsystem_time: stage=vm_write calls=0 timed_calls=0 period=1 timed_us=0
audio_time: stage=resample sampled_calls=229 sampled_samples=42136 sampled_us=1638
audio_time: stage=zoh sampled_calls=0 sampled_samples=0 sampled_us=0
audio_time: stage=adpcm sampled_calls=241 sampled_samples=40144 sampled_us=1630
audio_time: stage=envmix_exp sampled_calls=0 sampled_samples=0 sampled_us=0
audio_time: stage=envmix_ge sampled_calls=0 sampled_samples=0 sampled_us=0
audio_time: stage=envmix_lin sampled_calls=229 sampled_samples=42136 sampled_us=4300
audio_time: stage=envmix_nead sampled_calls=0 sampled_samples=0 sampled_us=0
audio_time: stage=mix sampled_calls=238 sampled_samples=43792 sampled_us=711
audio_time: stage=musyx_voice sampled_calls=0 sampled_samples=0 sampled_us=0
audio_time: stage=musyx_fx sampled_calls=0 sampled_samples=0 sampled_us=0
audio_time: stage=output sampled_calls=5 sampled_samples=4232 sampled_us=71
game: n=1/3 how=vis vis=900 vi_rate=50 vi0_retrace=2602 wall_us=18174515 sleep_us=13205063 avg_vis=48.61 avg_fps=46.68 exceptions=7880 cacheResets=1 recompiles=1286 batches=0 verts=0 texStalls=0 treeDepthMax=18 underruns=1 overruns=0 queue_peak_ms=64 dsp_avg=1.45 dsp_peak=1.65 pmc1=3380148605 pmc2=3285380361 pmc3=0 pmc4=0 mmcr0=00000042 mmcr1=00000000 heap_used=10865664 heap_free=36776 arena1_free=557056 arena2_free=577472 flushes=3 flush_us=33148 padtrace=4 rom=sd:/wii64/roms/Mario Party 3 (E) (M4) [!].z64
=== chain 1/3 end vis=900 how=vis rom=sd:/wii64/roms/Mario Party 3 (E) (M4) [!].z64 ===
mark: pad replay records: 1
mark: loadROM: enter
mark: loadROM: before rom_read
mark: ROMCache_load: enter
mark: ROMCache_load: before first read
mark: ROMCache_load: first read returned
mark: ROMCache_load: byte_swap_type set
mark: ROMCache_load: first byte_swap done
menufps: 0.1
menufps: 8.4
menufps: 8.1
menufps: 8.1
menufps: 8.1
menufps: 7.6
menufps: 7.9
menufps: 2.8
menufps: 1.3
menufps: 1.3
menufps: 1.3
menufps: 1.3
menufps: 1.2
menufps: 1.3
menufps: 3.8
menufps: 7.7
menufps: 8.1
menufps: 8.3
menufps: 8.3
mark: ROMCache_load: loop exited normally
mark: ROMCache_load: VM writeback complete
mark: loadROM: after rom_read
mark: loadROM: before init_memory
mark: loadROM: after init_memory
mark: loadROM: before romOpen_gfx
mark: loadROM: after romOpen_gfx / before romOpen_audio
mark: loadROM: after romOpen_audio / before romOpen_input
mark: loadROM: after romOpen_input / before cpu_init
mark: loadROM: after cpu_init
menufps: 0.2
menufps: 0.7
fps: 0.1
first_vi: vi0_retrace=5697
vis: 0.7
cpu: exceptions=0 cacheResets=0 batches=0 verts=0 texStalls=0 recompiles=0 underruns=0 overruns=0 sleep_us=0 queue_ms=0
mark: CPU core dispatch: dynarec
vis: 60.0
cpu: exceptions=81 cacheResets=1 batches=0 verts=0 texStalls=0 recompiles=242 underruns=1 overruns=0 sleep_us=28671 queue_ms=117
vis: 60.0
cpu: exceptions=211 cacheResets=1 batches=0 verts=0 texStalls=0 recompiles=372 underruns=1 overruns=0 sleep_us=437171 queue_ms=117
vis: 60.0
cpu: exceptions=314 cacheResets=1 batches=0 verts=0 texStalls=0 recompiles=452 underruns=1 overruns=0 sleep_us=784526 queue_ms=113
vis: 60.0
cpu: exceptions=1398 cacheResets=1 batches=0 verts=0 texStalls=0 recompiles=713 underruns=1 overruns=0 sleep_us=1019939 queue_ms=100
vis: 60.0
cpu: exceptions=1965 cacheResets=1 batches=0 verts=0 texStalls=0 recompiles=717 underruns=1 overruns=0 sleep_us=1311114 queue_ms=100
vis: 60.0
cpu: exceptions=6123 cacheResets=1 batches=0 verts=0 texStalls=0 recompiles=1011 underruns=1 overruns=0 sleep_us=1397810 queue_ms=108
fps: 0.3
vis: 60.0
cpu: exceptions=6949 cacheResets=1 batches=14 verts=1764 texStalls=0 recompiles=1178 underruns=1 overruns=0 sleep_us=1794924 queue_ms=95
fps: 31.9
vis: 60.0
cpu: exceptions=7095 cacheResets=1 batches=29 verts=3654 texStalls=0 recompiles=1178 underruns=1 overruns=0 sleep_us=2231970 queue_ms=95
fps: 30.0
vis: 60.0
cpu: exceptions=7243 cacheResets=1 batches=44 verts=5544 texStalls=0 recompiles=1178 underruns=1 overruns=0 sleep_us=2668993 queue_ms=104
fps: 30.0
vis: 60.0
cpu: exceptions=7389 cacheResets=1 batches=59 verts=7434 texStalls=0 recompiles=1178 underruns=1 overruns=0 sleep_us=3106400 queue_ms=104
fps: 30.0
vis: 60.0
cpu: exceptions=7536 cacheResets=1 batches=74 verts=9324 texStalls=0 recompiles=1178 underruns=1 overruns=0 sleep_us=3543417 queue_ms=91
fps: 30.0
vis: 60.0
cpu: exceptions=7683 cacheResets=1 batches=89 verts=11214 texStalls=0 recompiles=1178 underruns=1 overruns=0 sleep_us=3980771 queue_ms=100
fps: 30.0
vis: 60.0
cpu: exceptions=7829 cacheResets=1 batches=104 verts=13104 texStalls=0 recompiles=1178 underruns=1 overruns=0 sleep_us=4417816 queue_ms=100
fps: 30.0
vis: 60.0
cpu: exceptions=7977 cacheResets=1 batches=119 verts=14994 texStalls=0 recompiles=1178 underruns=1 overruns=0 sleep_us=4854889 queue_ms=108
fps: 30.0
vis: 60.0
cpu: exceptions=8264 cacheResets=1 batches=148 verts=18648 texStalls=0 recompiles=1179 underruns=1 overruns=0 sleep_us=5725562 queue_ms=104
fps: 30.0
vis: 60.0
cpu: exceptions=8412 cacheResets=1 batches=163 verts=20538 texStalls=0 recompiles=1179 underruns=1 overruns=0 sleep_us=6176298 queue_ms=113
fps: 30.0
vis: 60.0
cpu: exceptions=8558 cacheResets=1 batches=178 verts=22428 texStalls=0 recompiles=1179 underruns=1 overruns=0 sleep_us=6627455 queue_ms=113
fps: 30.0
vis: 60.0
cpu: exceptions=8705 cacheResets=1 batches=193 verts=24318 texStalls=0 recompiles=1179 underruns=1 overruns=0 sleep_us=7078172 queue_ms=113
fps: 30.0
vis: 60.0
cpu: exceptions=8853 cacheResets=1 batches=208 verts=26208 texStalls=0 recompiles=1179 underruns=1 overruns=0 sleep_us=7528832 queue_ms=108
fps: 30.0
vis: 60.0
cpu: exceptions=8999 cacheResets=1 batches=223 verts=28098 texStalls=0 recompiles=1179 underruns=1 overruns=0 sleep_us=7979935 queue_ms=108
fps: 30.0
vis: 60.0
cpu: exceptions=9147 cacheResets=1 batches=238 verts=29988 texStalls=0 recompiles=1179 underruns=1 overruns=0 sleep_us=8430577 queue_ms=117
fps: 30.0
vis: 60.0
cpu: exceptions=9293 cacheResets=1 batches=253 verts=31878 texStalls=0 recompiles=1179 underruns=1 overruns=0 sleep_us=8883538 queue_ms=117
fps: 30.0
vis: 60.0
cpu: exceptions=9440 cacheResets=1 batches=268 verts=33768 texStalls=0 recompiles=1179 underruns=1 overruns=0 sleep_us=9335165 queue_ms=104
fps: 29.1
vis: 60.0
cpu: exceptions=9588 cacheResets=1 batches=283 verts=35658 texStalls=0 recompiles=1179 underruns=1 overruns=0 sleep_us=9786707 queue_ms=100
fps: 30.0
vis: 60.0
cpu: exceptions=9734 cacheResets=1 batches=298 verts=37548 texStalls=0 recompiles=1179 underruns=1 overruns=0 sleep_us=10238746 queue_ms=87
fps: 30.0
vis: 60.0
cpu: exceptions=9881 cacheResets=1 batches=313 verts=39438 texStalls=0 recompiles=1179 underruns=1 overruns=0 sleep_us=10690356 queue_ms=87
fps: 30.0
vis: 60.0
cpu: exceptions=10029 cacheResets=1 batches=328 verts=41328 texStalls=0 recompiles=1179 underruns=1 overruns=0 sleep_us=11141991 queue_ms=95
fps: 30.0
vis: 60.0
cpu: exceptions=10175 cacheResets=1 batches=343 verts=43218 texStalls=0 recompiles=1179 underruns=1 overruns=0 sleep_us=11594028 queue_ms=95
fps: 30.0
mark: stop reason: chain guest VI limit
mark: stop_it requested
vis: 58.7
cpu: exceptions=10323 cacheResets=1 batches=358 verts=45108 texStalls=0 recompiles=1179 underruns=1 overruns=0 sleep_us=12029423 queue_ms=91
audio: alist_resample_calls=0 alist_resample_samples=0 alist_zoh_calls=0 alist_zoh_samples=0 musyx_subframes=1679 musyx_voices=0 musyx_voice_peak=0
audio_stages: adpcm_calls=0 adpcm_samples=0 envmix_calls=0 envmix_samples=0 mix_calls=0 mix_samples=0 musyx_fx_calls=1610 musyx_fx_taps=3220 output_calls=1686 output_samples=323712
audio_envmix: exp_calls=0 ge_calls=0 lin_calls=0 nead_calls=0 exp_steady=0 ge_steady=0 lin_steady=0
audio_gaps: nead_mats=0 nead_efz=0 resample_flag2=0 musyx_ptr10=0
audio_output: stream_requests=2897 stream_fed=1118 input_hz=22047 playback_hz=22047 queue_peak_ms=139
vm_io: read_ahead=1 reads=77 hits=294 read_bytes=2523136 writes=0 write_bytes=0 errors=0
subsystem_time: stage=rsp_gfx calls=358 timed_calls=358 period=1 timed_us=505863
subsystem_time: stage=rsp_audio calls=439 timed_calls=439 period=1 timed_us=45994
subsystem_time: stage=rsp_other calls=0 timed_calls=0 period=1 timed_us=0
subsystem_time: stage=lookup calls=829598 timed_calls=6532 period=127 timed_us=1289
subsystem_time: stage=compile calls=1179 timed_calls=1179 period=1 timed_us=71827
subsystem_time: stage=dispatch calls=827495 timed_calls=6515 period=127 timed_us=3568
subsystem_time: stage=execute_inclusive calls=827495 timed_calls=6515 period=127 timed_us=142682
subsystem_time: stage=rom_copy calls=4991 timed_calls=4991 period=1 timed_us=314211
subsystem_time: stage=present calls=899 timed_calls=899 period=1 timed_us=65866
subsystem_time: stage=limiter calls=839 timed_calls=839 period=1 timed_us=12031720
subsystem_time: stage=vm_fault calls=371 timed_calls=371 period=1 timed_us=306076
subsystem_time: stage=vm_victim calls=371 timed_calls=371 period=1 timed_us=385
subsystem_time: stage=vm_read calls=77 timed_calls=77 period=1 timed_us=288671
subsystem_time: stage=vm_write calls=0 timed_calls=0 period=1 timed_us=0
audio_time: stage=resample sampled_calls=0 sampled_samples=0 sampled_us=0
audio_time: stage=zoh sampled_calls=0 sampled_samples=0 sampled_us=0
audio_time: stage=adpcm sampled_calls=0 sampled_samples=0 sampled_us=0
audio_time: stage=envmix_exp sampled_calls=0 sampled_samples=0 sampled_us=0
audio_time: stage=envmix_ge sampled_calls=0 sampled_samples=0 sampled_us=0
audio_time: stage=envmix_lin sampled_calls=0 sampled_samples=0 sampled_us=0
audio_time: stage=envmix_nead sampled_calls=0 sampled_samples=0 sampled_us=0
audio_time: stage=mix sampled_calls=0 sampled_samples=0 sampled_us=0
audio_time: stage=musyx_voice sampled_calls=0 sampled_samples=0 sampled_us=0
audio_time: stage=musyx_fx sampled_calls=12 sampled_samples=24 sampled_us=242
audio_time: stage=output sampled_calls=13 sampled_samples=2496 sampled_us=51
game: n=2/3 how=vis vis=900 vi_rate=60 vi0_retrace=5697 wall_us=15174696 sleep_us=12029423 avg_vis=57.98 avg_fps=27.56 exceptions=10324 cacheResets=1 recompiles=1179 batches=358 verts=45108 texStalls=0 treeDepthMax=19 underruns=1 overruns=0 queue_peak_ms=117 dsp_avg=1.38 dsp_peak=1.60 pmc1=1931396753 pmc2=2067093890 pmc3=0 pmc4=0 mmcr0=00000042 mmcr1=00000000 heap_used=10857216 heap_free=45224 arena1_free=557056 arena2_free=577472 flushes=4 flush_us=44496 padtrace=0 rom=sd:/wii64/roms/007 - The World Is Not Enough (USA).z64
=== chain 2/3 end vis=900 how=vis rom=sd:/wii64/roms/007 - The World Is Not Enough (USA).z64 ===
mark: pad replay records: 1
mark: loadROM: enter
mark: loadROM: before rom_read
mark: ROMCache_load: enter
mark: ROMCache_load: before first read
mark: ROMCache_load: first read returned
mark: ROMCache_load: byte_swap_type set
mark: ROMCache_load: first byte_swap done
menufps: 0.1
menufps: 7.8
menufps: 8.3
menufps: 8.0
menufps: 8.0
menufps: 8.1
menufps: 8.1
menufps: 3.4
menufps: 1.2
menufps: 1.3
menufps: 1.3
menufps: 1.2
menufps: 1.2
menufps: 1.2
menufps: 3.7
menufps: 7.8
menufps: 8.3
menufps: 8.1
menufps: 8.0
mark: ROMCache_load: loop exited normally
mark: ROMCache_load: VM writeback complete
mark: loadROM: after rom_read
mark: loadROM: before init_memory
mark: loadROM: after init_memory
mark: loadROM: before romOpen_gfx
mark: loadROM: after romOpen_gfx / before romOpen_audio
mark: loadROM: after romOpen_audio / before romOpen_input
mark: loadROM: after romOpen_input / before cpu_init
mark: loadROM: after cpu_init
menufps: 0.2
menufps: 0.7
fps: 0.4
first_vi: vi0_retrace=8619
vis: 0.0
cpu: exceptions=0 cacheResets=0 batches=0 verts=0 texStalls=0 recompiles=0 underruns=0 overruns=0 sleep_us=0 queue_ms=0
mark: CPU core dispatch: dynarec
vis: 60.0
cpu: exceptions=33 cacheResets=1 batches=0 verts=0 texStalls=0 recompiles=82 underruns=0 overruns=0 sleep_us=45243 queue_ms=0
vis: 60.0
cpu: exceptions=63 cacheResets=1 batches=0 verts=0 texStalls=0 recompiles=82 underruns=0 overruns=0 sleep_us=414256 queue_ms=0
vis: 60.0
cpu: exceptions=93 cacheResets=1 batches=0 verts=0 texStalls=0 recompiles=82 underruns=0 overruns=0 sleep_us=782577 queue_ms=0
vis: 60.0
cpu: exceptions=205 cacheResets=1 batches=0 verts=0 texStalls=0 recompiles=182 underruns=0 overruns=0 sleep_us=1106663 queue_ms=0
vis: 60.0
cpu: exceptions=246 cacheResets=1 batches=0 verts=0 texStalls=0 recompiles=188 underruns=0 overruns=0 sleep_us=1453929 queue_ms=0
vis: 60.0
cpu: exceptions=288 cacheResets=1 batches=0 verts=0 texStalls=0 recompiles=188 underruns=0 overruns=0 sleep_us=1796148 queue_ms=0
vis: 60.0
cpu: exceptions=318 cacheResets=1 batches=0 verts=0 texStalls=0 recompiles=188 underruns=0 overruns=0 sleep_us=2135766 queue_ms=0
vis: 60.0
cpu: exceptions=395 cacheResets=1 batches=0 verts=0 texStalls=0 recompiles=314 underruns=1 overruns=0 sleep_us=2559267 queue_ms=24
vis: 60.0
cpu: exceptions=472 cacheResets=1 batches=0 verts=0 texStalls=0 recompiles=323 underruns=1 overruns=0 sleep_us=3010759 queue_ms=28
vis: 60.0
cpu: exceptions=547 cacheResets=1 batches=0 verts=0 texStalls=0 recompiles=323 underruns=1 overruns=0 sleep_us=3466535 queue_ms=33
vis: 60.0
cpu: exceptions=741 cacheResets=1 batches=0 verts=0 texStalls=0 recompiles=434 underruns=2 overruns=0 sleep_us=3718101 queue_ms=50
vis: 60.0
cpu: exceptions=966 cacheResets=1 batches=0 verts=0 texStalls=0 recompiles=434 underruns=2 overruns=0 sleep_us=3957837 queue_ms=41
vis: 60.0
cpu: exceptions=1153 cacheResets=1 batches=0 verts=0 texStalls=0 recompiles=448 underruns=2 overruns=0 sleep_us=4212996 queue_ms=46
vis: 59.9
cpu: exceptions=1392 cacheResets=1 batches=0 verts=0 texStalls=0 recompiles=497 underruns=2 overruns=0 sleep_us=4443923 queue_ms=37
fps: 0.1
vis: 60.0
cpu: exceptions=1686 cacheResets=1 batches=591 verts=8424 texStalls=0 recompiles=1254 underruns=3 overruns=0 sleep_us=4604504 queue_ms=120
fps: 31.0
vis: 60.0
cpu: exceptions=1960 cacheResets=1 batches=1476 verts=20754 texStalls=0 recompiles=1255 underruns=3 overruns=0 sleep_us=4956685 queue_ms=111
fps: 30.0
vis: 60.0
cpu: exceptions=2237 cacheResets=1 batches=2361 verts=33084 texStalls=0 recompiles=1276 underruns=3 overruns=0 sleep_us=5297796 queue_ms=115
fps: 30.0
vis: 60.0
cpu: exceptions=2514 cacheResets=1 batches=3246 verts=45414 texStalls=0 recompiles=1279 underruns=3 overruns=0 sleep_us=5659018 queue_ms=120
fps: 30.0
vis: 60.0
cpu: exceptions=2789 cacheResets=1 batches=4131 verts=57744 texStalls=0 recompiles=1280 underruns=3 overruns=0 sleep_us=6020691 queue_ms=124
fps: 30.0
vis: 60.0
cpu: exceptions=3075 cacheResets=1 batches=5016 verts=70074 texStalls=0 recompiles=1300 underruns=3 overruns=0 sleep_us=6368137 queue_ms=115
fps: 30.0
vis: 60.0
cpu: exceptions=3358 cacheResets=1 batches=5901 verts=82404 texStalls=0 recompiles=1300 underruns=3 overruns=0 sleep_us=6715220 queue_ms=120
fps: 30.0
vis: 60.0
cpu: exceptions=3638 cacheResets=1 batches=6786 verts=94734 texStalls=0 recompiles=1302 underruns=3 overruns=0 sleep_us=7067678 queue_ms=124
fps: 30.0
vis: 60.0
cpu: exceptions=3919 cacheResets=1 batches=7671 verts=107064 texStalls=0 recompiles=1351 underruns=3 overruns=0 sleep_us=7418178 queue_ms=115
fps: 30.0
vis: 60.0
cpu: exceptions=4197 cacheResets=1 batches=7971 verts=112194 texStalls=0 recompiles=1366 underruns=3 overruns=0 sleep_us=7791999 queue_ms=120
fps: 30.0
vis: 60.0
cpu: exceptions=4351 cacheResets=1 batches=8071 verts=113904 texStalls=0 recompiles=1383 underruns=3 overruns=0 sleep_us=8156350 queue_ms=124
fps: 30.0
vis: 60.0
cpu: exceptions=4498 cacheResets=1 batches=8476 verts=141129 texStalls=0 recompiles=1384 underruns=3 overruns=0 sleep_us=8513174 queue_ms=128
fps: 30.0
vis: 60.0
cpu: exceptions=4646 cacheResets=1 batches=8881 verts=168354 texStalls=0 recompiles=1386 underruns=3 overruns=0 sleep_us=8873011 queue_ms=120
fps: 30.0
vis: 60.0
cpu: exceptions=4793 cacheResets=1 batches=9286 verts=195579 texStalls=0 recompiles=1387 underruns=3 overruns=0 sleep_us=9241920 queue_ms=124
fps: 30.0
vis: 60.0
cpu: exceptions=4939 cacheResets=1 batches=9691 verts=222804 texStalls=0 recompiles=1387 underruns=3 overruns=0 sleep_us=9608054 queue_ms=128
fps: 30.0
mark: stop reason: chain guest VI limit
mark: stop_it requested
audio: alist_resample_calls=11186 alist_resample_samples=2058224 alist_zoh_calls=0 alist_zoh_samples=0 musyx_subframes=0 musyx_voices=0 musyx_voice_peak=0
audio_stages: adpcm_calls=6590 adpcm_samples=722912 envmix_calls=8440 envmix_samples=1552960 mix_calls=54920 mix_samples=10105280 musyx_fx_calls=0 musyx_fx_taps=0 output_calls=342 output_samples=251896
audio_envmix: exp_calls=0 ge_calls=0 lin_calls=8440 nead_calls=0 exp_steady=0 ge_steady=0 lin_steady=7902
audio_gaps: nead_mats=0 nead_efz=0 resample_flag2=0 musyx_ptr10=0
audio_output: stream_requests=4239 stream_fed=868 input_hz=22047 playback_hz=22047 queue_peak_ms=143
vm_io: read_ahead=1 reads=58 hits=277 read_bytes=1900544 writes=0 write_bytes=0 errors=0
subsystem_time: stage=rsp_gfx calls=238 timed_calls=238 period=1 timed_us=296097
subsystem_time: stage=rsp_audio calls=343 timed_calls=343 period=1 timed_us=472409
subsystem_time: stage=rsp_other calls=1 timed_calls=1 period=1 timed_us=4
subsystem_time: stage=lookup calls=1606182 timed_calls=12647 period=127 timed_us=2507
subsystem_time: stage=compile calls=1389 timed_calls=1389 period=1 timed_us=203155
subsystem_time: stage=dispatch calls=1604607 timed_calls=12634 period=127 timed_us=5525
subsystem_time: stage=execute_inclusive calls=1604607 timed_calls=12634 period=127 timed_us=114566
subsystem_time: stage=rom_copy calls=1048 timed_calls=1048 period=1 timed_us=251648
subsystem_time: stage=present calls=899 timed_calls=899 period=1 timed_us=239915
subsystem_time: stage=limiter calls=849 timed_calls=849 period=1 timed_us=9948980
subsystem_time: stage=vm_fault calls=335 timed_calls=335 period=1 timed_us=234096
subsystem_time: stage=vm_victim calls=335 timed_calls=335 period=1 timed_us=366
subsystem_time: stage=vm_read calls=58 timed_calls=58 period=1 timed_us=218303
subsystem_time: stage=vm_write calls=0 timed_calls=0 period=1 timed_us=0
audio_time: stage=resample sampled_calls=88 sampled_samples=16192 sampled_us=633
audio_time: stage=zoh sampled_calls=0 sampled_samples=0 sampled_us=0
audio_time: stage=adpcm sampled_calls=51 sampled_samples=5680 sampled_us=243
audio_time: stage=envmix_exp sampled_calls=0 sampled_samples=0 sampled_us=0
audio_time: stage=envmix_ge sampled_calls=0 sampled_samples=0 sampled_us=0
audio_time: stage=envmix_lin sampled_calls=66 sampled_samples=12144 sampled_us=1008
audio_time: stage=envmix_nead sampled_calls=0 sampled_samples=0 sampled_us=0
audio_time: stage=mix sampled_calls=432 sampled_samples=79488 sampled_us=1282
audio_time: stage=musyx_voice sampled_calls=0 sampled_samples=0 sampled_us=0
audio_time: stage=musyx_fx sampled_calls=0 sampled_samples=0 sampled_us=0
audio_time: stage=output sampled_calls=2 sampled_samples=1472 sampled_us=28
game: n=3/3 how=vis vis=900 vi_rate=60 vi0_retrace=8619 wall_us=15176937 sleep_us=9946782 avg_vis=58.00 avg_fps=26.56 exceptions=5085 cacheResets=1 recompiles=1389 batches=10096 verts=250029 texStalls=0 treeDepthMax=15 underruns=3 overruns=0 queue_peak_ms=128 dsp_avg=1.37 dsp_peak=1.60 pmc1=3506986765 pmc2=3699534042 pmc3=0 pmc4=0 mmcr0=00000042 mmcr1=00000000 heap_used=10881152 heap_free=33576 arena1_free=544768 arena2_free=577472 flushes=3 flush_us=35453 padtrace=0 rom=sd:/wii64/roms/Donkey Kong 64 (USA).z64
=== chain 3/3 end vis=900 how=vis rom=sd:/wii64/roms/Donkey Kong 64 (USA).z64 ===
