--- wii64 perf log ---
mark: diag config: wiiload arguments
mark: wiiload dynacore argument received
mark: diag received dynacore line
mark: diag requested core: dynarec
mark: pad replay records: 1
selftest:
  raw[0]=51279719146038560
  raw[1]=51279719146038565
  raw[2]=51279719146038580
  raw[3]=51279719146038591
  raw[4]=51279719146038602
  delta[0]=0us
  delta[1]=0us
  delta[2]=0us
  delta[3]=0us
mark: audio quality: accurate
mark: audio modes: n64=0 output=0 mixer=0 latency=2 sync=0
mark: diag applied core: dynarec
mark: HBC agent ready
mark: loadROM: enter
mark: loadROM: before rom_read
mark: ROMCache_load: enter
mark: ROMCache_load: before first read
mark: ROMCache_load: first read returned
mark: ROMCache_load: byte_swap_type set
mark: ROMCache_load: first byte_swap done
menufps: 10.2
menufps: 8.1
menufps: 7.6
mark: ROMCache_load: loop exited normally
mark: ROMCache_load: elapsed_us=1970816 bytes=8388608 vm=0
mark: loadROM: after rom_read
mark: loadROM: before init_memory
mark: loadROM: after init_memory
mark: loadROM: before romOpen_gfx
mark: loadROM: after romOpen_gfx / before romOpen_audio
mark: loadROM: after romOpen_audio / before romOpen_input
mark: loadROM: after romOpen_input / before cpu_init
mark: loadROM: after cpu_init
menufps: 1.2
fps: 0.2
first_vi: vi0_retrace=320
vis: 0.2
cpu: exceptions=0 cacheResets=0 batches=0 verts=0 texStalls=0 recompiles=0 underruns=0 overruns=0 sleep_us=0 queue_ms=0
mark: CPU core dispatch: dynarec
vis: 60.0
cpu: exceptions=240 cacheResets=1 batches=0 verts=0 texStalls=0 recompiles=189 underruns=1 overruns=0 sleep_us=263025 queue_ms=91
vis: 60.0
cpu: exceptions=540 cacheResets=1 batches=0 verts=0 texStalls=0 recompiles=198 underruns=1 overruns=0 sleep_us=743436 queue_ms=87
vis: 60.0
cpu: exceptions=840 cacheResets=1 batches=0 verts=0 texStalls=0 recompiles=204 underruns=1 overruns=0 sleep_us=1223863 queue_ms=93
vis: 60.0
cpu: exceptions=1134 cacheResets=1 batches=0 verts=0 texStalls=0 recompiles=204 underruns=1 overruns=0 sleep_us=1704821 queue_ms=88
fps: 0.5
vis: 60.0
cpu: exceptions=1430 cacheResets=1 batches=414 verts=9387 texStalls=0 recompiles=468 underruns=2 overruns=0 sleep_us=2055622 queue_ms=11
fps: 20.0
vis: 60.0
cpu: exceptions=1587 cacheResets=1 batches=2484 verts=56322 texStalls=0 recompiles=475 underruns=2 overruns=0 sleep_us=2477196 queue_ms=9
fps: 30.0
vis: 60.0
cpu: exceptions=1751 cacheResets=1 batches=4554 verts=103257 texStalls=0 recompiles=478 underruns=2 overruns=0 sleep_us=2897582 queue_ms=6
fps: 30.0
vis: 60.0
cpu: exceptions=1893 cacheResets=1 batches=6624 verts=150192 texStalls=0 recompiles=478 underruns=2 overruns=0 sleep_us=3326862 queue_ms=11
fps: 30.0
vis: 60.0
cpu: exceptions=2035 cacheResets=1 batches=8694 verts=197127 texStalls=0 recompiles=478 underruns=2 overruns=0 sleep_us=3755705 queue_ms=7
fps: 30.0
vis: 60.0
cpu: exceptions=2177 cacheResets=1 batches=10767 verts=244080 texStalls=0 recompiles=489 underruns=2 overruns=0 sleep_us=4183402 queue_ms=13
fps: 30.0
vis: 60.0
cpu: exceptions=2318 cacheResets=1 batches=12574 verts=284835 texStalls=0 recompiles=498 underruns=2 overruns=0 sleep_us=4615505 queue_ms=9
vis: 60.0
cpu: exceptions=2637 cacheResets=1 batches=12574 verts=284835 texStalls=0 recompiles=675 underruns=3 overruns=0 sleep_us=4829971 queue_ms=23
vis: 60.0
cpu: exceptions=2727 cacheResets=1 batches=12574 verts=284835 texStalls=0 recompiles=733 underruns=3 overruns=0 sleep_us=5072963 queue_ms=19
vis: 60.0
cpu: exceptions=2817 cacheResets=1 batches=12574 verts=284835 texStalls=0 recompiles=784 underruns=3 overruns=0 sleep_us=5372255 queue_ms=16
fps: 4.9
vis: 60.0
cpu: exceptions=2959 cacheResets=1 batches=13906 verts=302151 texStalls=0 recompiles=910 underruns=5 overruns=0 sleep_us=5640701 queue_ms=17
fps: 15.2
vis: 60.0
cpu: exceptions=3116 cacheResets=1 batches=18791 verts=366426 texStalls=0 recompiles=910 underruns=5 overruns=0 sleep_us=5819942 queue_ms=13
fps: 30.0
vis: 60.0
cpu: exceptions=3271 cacheResets=1 batches=23676 verts=430449 texStalls=0 recompiles=927 underruns=5 overruns=0 sleep_us=5997918 queue_ms=17
fps: 30.0
vis: 60.0
cpu: exceptions=3434 cacheResets=1 batches=28536 verts=494304 texStalls=0 recompiles=927 underruns=5 overruns=0 sleep_us=6176876 queue_ms=14
fps: 30.0
vis: 60.0
cpu: exceptions=3589 cacheResets=1 batches=33407 verts=558225 texStalls=0 recompiles=927 underruns=5 overruns=0 sleep_us=6364937 queue_ms=10
fps: 29.2
vis: 60.0
cpu: exceptions=3760 cacheResets=1 batches=38263 verts=622056 texStalls=0 recompiles=927 underruns=6 overruns=0 sleep_us=6539815 queue_ms=15
fps: 29.9
vis: 60.0
cpu: exceptions=3972 cacheResets=1 batches=43134 verts=685977 texStalls=0 recompiles=928 underruns=6 overruns=0 sleep_us=6700173 queue_ms=12
fps: 30.0
vis: 60.0
cpu: exceptions=4196 cacheResets=1 batches=47998 verts=749856 texStalls=0 recompiles=928 underruns=6 overruns=0 sleep_us=6846703 queue_ms=8
fps: 30.0
vis: 60.0
cpu: exceptions=4423 cacheResets=1 batches=52864 verts=813747 texStalls=0 recompiles=928 underruns=6 overruns=0 sleep_us=6995330 queue_ms=13
fps: 30.0
vis: 60.0
cpu: exceptions=4643 cacheResets=1 batches=57726 verts=877614 texStalls=0 recompiles=928 underruns=6 overruns=0 sleep_us=7147014 queue_ms=9
fps: 30.0
vis: 60.0
cpu: exceptions=4857 cacheResets=1 batches=62597 verts=941535 texStalls=0 recompiles=928 underruns=6 overruns=0 sleep_us=7302903 queue_ms=15
fps: 30.0
vis: 60.0
cpu: exceptions=5077 cacheResets=1 batches=67465 verts=1005438 texStalls=0 recompiles=928 underruns=6 overruns=0 sleep_us=7456688 queue_ms=11
fps: 30.0
vis: 60.0
cpu: exceptions=5293 cacheResets=1 batches=72325 verts=1069293 texStalls=0 recompiles=928 underruns=6 overruns=0 sleep_us=7609814 queue_ms=16
fps: 30.0
vis: 60.0
cpu: exceptions=5519 cacheResets=1 batches=77190 verts=1133178 texStalls=0 recompiles=928 underruns=6 overruns=0 sleep_us=7758377 queue_ms=13
fps: 30.0
vis: 60.0
cpu: exceptions=5752 cacheResets=1 batches=82055 verts=1197063 texStalls=0 recompiles=928 underruns=6 overruns=0 sleep_us=7903183 queue_ms=8
fps: 30.0
mark: stop reason: chain guest VI limit
mark: stop_it requested
vis: 58.0
cpu: exceptions=5978 cacheResets=1 batches=86595 verts=1256685 texStalls=0 recompiles=928 underruns=7 overruns=0 sleep_us=8038025 queue_ms=7
audio: alist_resample_calls=16770 alist_resample_samples=2210760 alist_zoh_calls=0 alist_zoh_samples=0 musyx_subframes=0 musyx_voices=0 musyx_voice_peak=0
audio_stages: adpcm_calls=16496 adpcm_samples=2666016 envmix_calls=16204 envmix_samples=2162216 mix_calls=3500 mix_samples=1120000 musyx_fx_calls=0 musyx_fx_taps=0 output_calls=876 output_samples=467088
audio_envmix: exp_calls=16204 ge_calls=0 lin_calls=0 nead_calls=0 exp_steady=13261 ge_steady=0 lin_steady=0
audio_gaps: nead_mats=0 nead_efz=0 resample_flag2=0 musyx_ptr10=0
audio_output: stream_requests=3405 stream_fed=1621 input_hz=32006 playback_hz=32006 queue_peak_ms=111
vm_io: read_ahead=1 reads=0 hits=0 read_bytes=0 writes=0 write_bytes=0 errors=0
subsystem_time: stage=rsp_gfx calls=326 timed_calls=326 period=1 timed_us=1474806
subsystem_time: stage=rsp_audio calls=875 timed_calls=875 period=1 timed_us=429981
subsystem_time: stage=rsp_other calls=0 timed_calls=0 period=1 timed_us=0
subsystem_time: stage=lookup calls=4329259 timed_calls=34088 period=127 timed_us=4793
subsystem_time: stage=compile calls=928 timed_calls=928 period=1 timed_us=104958
subsystem_time: stage=dispatch calls=4324701 timed_calls=34052 period=127 timed_us=11582
subsystem_time: stage=execute_inclusive calls=4324701 timed_calls=34052 period=127 timed_us=93743
subsystem_time: stage=rom_copy calls=1548 timed_calls=1548 period=1 timed_us=25148
subsystem_time: stage=present calls=899 timed_calls=899 period=1 timed_us=18421
subsystem_time: stage=limiter calls=880 timed_calls=880 period=1 timed_us=8040657
subsystem_time: stage=vm_fault calls=0 timed_calls=0 period=1 timed_us=0
subsystem_time: stage=vm_victim calls=0 timed_calls=0 period=1 timed_us=0
subsystem_time: stage=vm_read calls=0 timed_calls=0 period=1 timed_us=0
subsystem_time: stage=vm_write calls=0 timed_calls=0 period=1 timed_us=0
subsystem_time: stage=tex_hash calls=29113 timed_calls=29113 period=1 timed_us=282348
subsystem_time: stage=tex_lookup calls=29113 timed_calls=29113 period=1 timed_us=5830
subsystem_time: stage=tex_load calls=37 timed_calls=37 period=1 timed_us=2224
subsystem_time: stage=tex_activate calls=29113 timed_calls=29113 period=1 timed_us=13393
subsystem_time: stage=draw_triangles calls=86595 timed_calls=86595 period=1 timed_us=197872
subsystem_time: stage=draw_rect calls=2010 timed_calls=2010 period=1 timed_us=14994
audio_time: stage=resample sampled_calls=132 sampled_samples=17512 sampled_us=737
audio_time: stage=zoh sampled_calls=0 sampled_samples=0 sampled_us=0
audio_time: stage=adpcm sampled_calls=129 sampled_samples=20528 sampled_us=842
audio_time: stage=envmix_exp sampled_calls=127 sampled_samples=16960 sampled_us=1224
audio_time: stage=envmix_ge sampled_calls=0 sampled_samples=0 sampled_us=0
audio_time: stage=envmix_lin sampled_calls=0 sampled_samples=0 sampled_us=0
audio_time: stage=envmix_nead sampled_calls=0 sampled_samples=0 sampled_us=0
audio_time: stage=mix sampled_calls=27 sampled_samples=8640 sampled_us=146
audio_time: stage=musyx_voice sampled_calls=0 sampled_samples=0 sampled_us=0
audio_time: stage=musyx_fx sampled_calls=0 sampled_samples=0 sampled_us=0
audio_time: stage=output sampled_calls=6 sampled_samples=3200 sampled_us=60
game: n=1/3 how=vis vis=900 vi_rate=60 vi0_retrace=320 wall_us=15174712 sleep_us=8038025 avg_vis=58.00 avg_fps=25.41 exceptions=5979 cacheResets=1 recompiles=928 batches=86595 verts=1256685 texStalls=0 treeDepthMax=14 underruns=7 overruns=0 queue_peak_ms=93 dsp_avg=1.54 dsp_peak=1.80 pmc1=5055291326 pmc2=5027630315 pmc3=0 pmc4=0 mmcr0=00000042 mmcr1=00000000 heap_used=10848616 heap_free=36648 arena1_free=573440 arena2_free=577472 flushes=3 flush_us=33152 padtrace=4 rom=sd:/wii64/roms/Super Mario 64.v64
=== chain 1/3 end vis=900 how=vis rom=sd:/wii64/roms/Super Mario 64.v64 ===
mark: pad replay records: 1
mark: loadROM: enter
mark: loadROM: before rom_read
mark: ROMCache_load: enter
mark: ROMCache_load: before first read
mark: ROMCache_load: first read returned
mark: ROMCache_load: byte_swap_type set
mark: ROMCache_load: first byte_swap done
menufps: 0.1
menufps: 8.4
menufps: 8.1
menufps: 7.9
menufps: 8.1
menufps: 8.1
menufps: 8.0
mark: ROMCache_load: loop exited normally
mark: ROMCache_load: elapsed_us=3820443 bytes=16777216 vm=0
mark: loadROM: after rom_read
mark: loadROM: before init_memory
mark: loadROM: after init_memory
mark: loadROM: before romOpen_gfx
mark: loadROM: after romOpen_gfx / before romOpen_audio
mark: loadROM: after romOpen_audio / before romOpen_input
mark: loadROM: after romOpen_input / before cpu_init
mark: loadROM: after cpu_init
menufps: 1.4
fps: 0.5
first_vi: vi0_retrace=1665
vis: 0.1
cpu: exceptions=0 cacheResets=0 batches=0 verts=0 texStalls=0 recompiles=0 underruns=0 overruns=0 sleep_us=0 queue_ms=0
mark: CPU core dispatch: dynarec
vis: 60.0
cpu: exceptions=37 cacheResets=1 batches=0 verts=0 texStalls=0 recompiles=138 underruns=0 overruns=0 sleep_us=54520 queue_ms=0
vis: 60.0
cpu: exceptions=67 cacheResets=1 batches=0 verts=0 texStalls=0 recompiles=138 underruns=0 overruns=0 sleep_us=397197 queue_ms=0
vis: 60.0
cpu: exceptions=368 cacheResets=1 batches=0 verts=0 texStalls=0 recompiles=390 underruns=0 overruns=0 sleep_us=694541 queue_ms=0
vis: 60.0
cpu: exceptions=570 cacheResets=1 batches=0 verts=0 texStalls=0 recompiles=668 underruns=1 overruns=0 sleep_us=1003691 queue_ms=17
fps: 0.4
vis: 60.0
cpu: exceptions=766 cacheResets=1 batches=44 verts=2262 texStalls=0 recompiles=1899 underruns=2 overruns=0 sleep_us=1177426 queue_ms=21
vis: 60.0
cpu: exceptions=919 cacheResets=1 batches=44 verts=2262 texStalls=0 recompiles=1913 underruns=2 overruns=0 sleep_us=1446059 queue_ms=26
fps: 1.3
vis: 60.0
cpu: exceptions=1111 cacheResets=1 batches=523 verts=18168 texStalls=0 recompiles=1999 underruns=2 overruns=0 sleep_us=1723667 queue_ms=30
fps: 30.0
vis: 60.0
cpu: exceptions=1290 cacheResets=1 batches=1367 verts=39522 texStalls=0 recompiles=2006 underruns=2 overruns=0 sleep_us=2012583 queue_ms=34
fps: 29.3
vis: 60.0
cpu: exceptions=1480 cacheResets=1 batches=2414 verts=62094 texStalls=0 recompiles=2009 underruns=2 overruns=0 sleep_us=2291415 queue_ms=26
fps: 30.0
vis: 60.0
cpu: exceptions=1657 cacheResets=1 batches=3477 verts=84762 texStalls=0 recompiles=2010 underruns=2 overruns=0 sleep_us=2572121 queue_ms=30
fps: 30.0
vis: 60.0
cpu: exceptions=1840 cacheResets=1 batches=4530 verts=107034 texStalls=0 recompiles=2012 underruns=2 overruns=0 sleep_us=2853049 queue_ms=21
fps: 30.0
vis: 60.0
cpu: exceptions=2031 cacheResets=1 batches=5594 verts=129078 texStalls=0 recompiles=2029 underruns=2 overruns=0 sleep_us=3129306 queue_ms=17
fps: 30.0
vis: 60.0
cpu: exceptions=2218 cacheResets=1 batches=6620 verts=150894 texStalls=0 recompiles=2029 underruns=2 overruns=0 sleep_us=3414176 queue_ms=22
fps: 30.0
vis: 60.0
cpu: exceptions=2399 cacheResets=1 batches=7874 verts=182286 texStalls=0 recompiles=2031 underruns=2 overruns=0 sleep_us=3668868 queue_ms=26
fps: 29.9
vis: 60.0
cpu: exceptions=2607 cacheResets=1 batches=9515 verts=221466 texStalls=0 recompiles=2036 underruns=2 overruns=0 sleep_us=3886894 queue_ms=30
fps: 30.0
vis: 60.0
cpu: exceptions=2786 cacheResets=1 batches=11160 verts=252474 texStalls=0 recompiles=2047 underruns=2 overruns=0 sleep_us=4120168 queue_ms=13
fps: 30.0
vis: 60.0
cpu: exceptions=2963 cacheResets=1 batches=12648 verts=277062 texStalls=0 recompiles=2063 underruns=2 overruns=0 sleep_us=4384691 queue_ms=18
fps: 30.0
vis: 60.0
cpu: exceptions=3134 cacheResets=1 batches=13893 verts=300192 texStalls=0 recompiles=2063 underruns=2 overruns=0 sleep_us=4668841 queue_ms=22
fps: 30.0
vis: 60.0
cpu: exceptions=3311 cacheResets=1 batches=14955 verts=322224 texStalls=0 recompiles=2064 underruns=2 overruns=0 sleep_us=4960894 queue_ms=26
fps: 30.0
vis: 60.0
cpu: exceptions=3496 cacheResets=1 batches=15990 verts=344094 texStalls=0 recompiles=2064 underruns=2 overruns=0 sleep_us=5246791 queue_ms=31
fps: 30.0
vis: 60.0
cpu: exceptions=3685 cacheResets=1 batches=17051 verts=367944 texStalls=0 recompiles=2064 underruns=2 overruns=0 sleep_us=5522785 queue_ms=14
fps: 29.9
vis: 60.0
cpu: exceptions=3873 cacheResets=1 batches=18373 verts=405216 texStalls=0 recompiles=2064 underruns=2 overruns=0 sleep_us=5769084 queue_ms=18
fps: 30.0
vis: 60.0
cpu: exceptions=4080 cacheResets=1 batches=19710 verts=442578 texStalls=0 recompiles=2072 underruns=2 overruns=0 sleep_us=6011054 queue_ms=22
fps: 29.9
vis: 60.0
cpu: exceptions=4276 cacheResets=1 batches=22471 verts=477696 texStalls=0 recompiles=2081 underruns=2 overruns=0 sleep_us=6224677 queue_ms=27
fps: 29.8
vis: 60.0
cpu: exceptions=4471 cacheResets=1 batches=27669 verts=520134 texStalls=0 recompiles=2081 underruns=2 overruns=0 sleep_us=6399049 queue_ms=31
fps: 30.0
vis: 60.0
cpu: exceptions=4657 cacheResets=1 batches=32960 verts=563130 texStalls=0 recompiles=2081 underruns=2 overruns=0 sleep_us=6578857 queue_ms=14
fps: 30.0
vis: 60.0
cpu: exceptions=4854 cacheResets=1 batches=37986 verts=604536 texStalls=0 recompiles=2083 underruns=2 overruns=0 sleep_us=6768344 queue_ms=18
fps: 30.0
vis: 60.0
cpu: exceptions=5048 cacheResets=1 batches=43113 verts=646548 texStalls=0 recompiles=2083 underruns=2 overruns=0 sleep_us=6956088 queue_ms=23
fps: 29.1
vis: 60.0
cpu: exceptions=5255 cacheResets=1 batches=48350 verts=691956 texStalls=0 recompiles=2083 underruns=3 overruns=0 sleep_us=7120843 queue_ms=27
fps: 30.1
mark: stop reason: chain guest VI limit
mark: stop_it requested
audio: alist_resample_calls=7273 alist_resample_samples=1338232 alist_zoh_calls=0 alist_zoh_samples=0 musyx_subframes=0 musyx_voices=0 musyx_voice_peak=0
audio_stages: adpcm_calls=5684 adpcm_samples=629344 envmix_calls=5654 envmix_samples=1040336 mix_calls=32380 mix_samples=5957920 musyx_fx_calls=0 musyx_fx_taps=0 output_calls=405 output_samples=297160
audio_envmix: exp_calls=0 ge_calls=0 lin_calls=5654 nead_calls=0 exp_steady=0 ge_steady=0 lin_steady=5208
audio_gaps: nead_mats=0 nead_efz=0 resample_flag2=0 musyx_ptr10=0
audio_output: stream_requests=3354 stream_fed=1031 input_hz=21998 playback_hz=21998 queue_peak_ms=66
vm_io: read_ahead=1 reads=0 hits=0 read_bytes=0 writes=0 write_bytes=0 errors=0
subsystem_time: stage=rsp_gfx calls=358 timed_calls=358 period=1 timed_us=1340785
subsystem_time: stage=rsp_audio calls=406 timed_calls=406 period=1 timed_us=306417
subsystem_time: stage=rsp_other calls=0 timed_calls=0 period=1 timed_us=0
subsystem_time: stage=lookup calls=4415571 timed_calls=34768 period=127 timed_us=5841
subsystem_time: stage=compile calls=2084 timed_calls=2084 period=1 timed_us=176861
subsystem_time: stage=dispatch calls=4132130 timed_calls=32536 period=127 timed_us=13845
subsystem_time: stage=execute_inclusive calls=4132130 timed_calls=32536 period=127 timed_us=99402
subsystem_time: stage=rom_copy calls=640 timed_calls=640 period=1 timed_us=14347
subsystem_time: stage=present calls=899 timed_calls=899 period=1 timed_us=60751
subsystem_time: stage=limiter calls=861 timed_calls=861 period=1 timed_us=7310890
subsystem_time: stage=vm_fault calls=0 timed_calls=0 period=1 timed_us=0
subsystem_time: stage=vm_victim calls=0 timed_calls=0 period=1 timed_us=0
subsystem_time: stage=vm_read calls=0 timed_calls=0 period=1 timed_us=0
subsystem_time: stage=vm_write calls=0 timed_calls=0 period=1 timed_us=0
subsystem_time: stage=tex_hash calls=48848 timed_calls=48848 period=1 timed_us=384379
subsystem_time: stage=tex_lookup calls=48848 timed_calls=48848 period=1 timed_us=8770
subsystem_time: stage=tex_load calls=28 timed_calls=28 period=1 timed_us=1991
subsystem_time: stage=tex_activate calls=48848 timed_calls=48848 period=1 timed_us=22051
subsystem_time: stage=draw_triangles calls=52520 timed_calls=52520 period=1 timed_us=190282
subsystem_time: stage=draw_rect calls=0 timed_calls=0 period=1 timed_us=0
audio_time: stage=resample sampled_calls=57 sampled_samples=10488 sampled_us=415
audio_time: stage=zoh sampled_calls=0 sampled_samples=0 sampled_us=0
audio_time: stage=adpcm sampled_calls=44 sampled_samples=4752 sampled_us=204
audio_time: stage=envmix_exp sampled_calls=0 sampled_samples=0 sampled_us=0
audio_time: stage=envmix_ge sampled_calls=0 sampled_samples=0 sampled_us=0
audio_time: stage=envmix_lin sampled_calls=44 sampled_samples=8096 sampled_us=691
audio_time: stage=envmix_nead sampled_calls=0 sampled_samples=0 sampled_us=0
audio_time: stage=mix sampled_calls=254 sampled_samples=46736 sampled_us=779
audio_time: stage=musyx_voice sampled_calls=0 sampled_samples=0 sampled_us=0
audio_time: stage=musyx_fx sampled_calls=0 sampled_samples=0 sampled_us=0
audio_time: stage=output sampled_calls=3 sampled_samples=2208 sampled_us=39
game: n=2/3 how=vis vis=900 vi_rate=60 vi0_retrace=1665 wall_us=15182211 sleep_us=7308123 avg_vis=58.00 avg_fps=26.55 exceptions=5450 cacheResets=1 recompiles=2084 batches=52520 verts=741906 texStalls=0 treeDepthMax=31 underruns=3 overruns=0 queue_peak_ms=34 dsp_avg=1.39 dsp_peak=1.60 pmc1=5475952576 pmc2=5215563027 pmc3=0 pmc4=0 mmcr0=00000042 mmcr1=00000000 heap_used=10926088 heap_free=37000 arena1_free=495616 arena2_free=577472 flushes=4 flush_us=42802 padtrace=0 rom=sd:/wii64/roms/Banjo-Kazooie.V64
=== chain 2/3 end vis=900 how=vis rom=sd:/wii64/roms/Banjo-Kazooie.V64 ===
mark: pad replay records: 1
mark: loadROM: enter
mark: loadROM: before rom_read
mark: ROMCache_load: enter
mark: ROMCache_load: before first read
mark: ROMCache_load: first read returned
mark: ROMCache_load: byte_swap_type set
mark: ROMCache_load: first byte_swap done
menufps: 0.1
menufps: 8.5
menufps: 8.0
menufps: 8.3
menufps: 7.7
menufps: 8.3
menufps: 8.1
mark: ROMCache_load: loop exited normally
mark: ROMCache_load: elapsed_us=3778155 bytes=16777216 vm=0
mark: loadROM: after rom_read
mark: loadROM: before init_memory
mark: loadROM: after init_memory
mark: loadROM: before romOpen_gfx
mark: loadROM: after romOpen_gfx / before romOpen_audio
mark: loadROM: after romOpen_audio / before romOpen_input
mark: loadROM: after romOpen_input / before cpu_init
mark: loadROM: after cpu_init
menufps: 1.4
fps: 0.5
first_vi: vi0_retrace=3008
vis: 3.8
cpu: exceptions=0 cacheResets=0 batches=0 verts=0 texStalls=0 recompiles=0 underruns=0 overruns=0 sleep_us=0 queue_ms=0
mark: CPU core dispatch: dynarec
vis: 60.0
cpu: exceptions=1471 cacheResets=1 batches=0 verts=0 texStalls=0 recompiles=421 underruns=0 overruns=0 sleep_us=141196 queue_ms=148
fps: 3.1
vis: 60.0
cpu: exceptions=2355 cacheResets=1 batches=0 verts=0 texStalls=0 recompiles=425 underruns=0 overruns=0 sleep_us=515009 queue_ms=151
fps: 60.6
vis: 60.0
cpu: exceptions=2625 cacheResets=1 batches=0 verts=0 texStalls=0 recompiles=425 underruns=0 overruns=0 sleep_us=943569 queue_ms=147
fps: 60.0
vis: 60.0
cpu: exceptions=2918 cacheResets=1 batches=0 verts=0 texStalls=0 recompiles=468 underruns=0 overruns=0 sleep_us=1358755 queue_ms=153
vis: 60.0
cpu: exceptions=3298 cacheResets=1 batches=0 verts=0 texStalls=0 recompiles=468 underruns=0 overruns=0 sleep_us=1717043 queue_ms=148
fps: 14.9
vis: 55.6
cpu: exceptions=3637 cacheResets=1 batches=2160 verts=57624 texStalls=0 recompiles=742 underruns=0 overruns=0 sleep_us=1909004 queue_ms=112
fps: 59.7
vis: 60.0
cpu: exceptions=3927 cacheResets=1 batches=8940 verts=235104 texStalls=0 recompiles=763 underruns=0 overruns=0 sleep_us=1993140 queue_ms=117
fps: 60.0
vis: 60.0
cpu: exceptions=4223 cacheResets=1 batches=15711 verts=412530 texStalls=0 recompiles=771 underruns=0 overruns=0 sleep_us=2079717 queue_ms=112
fps: 60.0
vis: 60.0
cpu: exceptions=4522 cacheResets=1 batches=22461 verts=589830 texStalls=0 recompiles=775 underruns=0 overruns=0 sleep_us=2166194 queue_ms=110
fps: 60.0
vis: 60.0
cpu: exceptions=4813 cacheResets=1 batches=29211 verts=767130 texStalls=0 recompiles=775 underruns=0 overruns=0 sleep_us=2255741 queue_ms=114
fps: 60.0
vis: 60.0
cpu: exceptions=5101 cacheResets=1 batches=35961 verts=944430 texStalls=0 recompiles=775 underruns=0 overruns=0 sleep_us=2347341 queue_ms=111
fps: 60.0
vis: 60.0
cpu: exceptions=5396 cacheResets=1 batches=42711 verts=1121730 texStalls=0 recompiles=775 underruns=0 overruns=0 sleep_us=2435798 queue_ms=115
fps: 60.0
vis: 60.0
cpu: exceptions=5682 cacheResets=1 batches=49461 verts=1299030 texStalls=0 recompiles=777 underruns=0 overruns=0 sleep_us=2527853 queue_ms=113
fps: 60.0
vis: 60.0
cpu: exceptions=5976 cacheResets=1 batches=56211 verts=1476330 texStalls=0 recompiles=777 underruns=0 overruns=0 sleep_us=2612248 queue_ms=108
fps: 60.0
vis: 60.0
cpu: exceptions=6274 cacheResets=1 batches=62961 verts=1653630 texStalls=0 recompiles=777 underruns=0 overruns=0 sleep_us=2694596 queue_ms=114
fps: 60.0
vis: 60.0
cpu: exceptions=6569 cacheResets=1 batches=69711 verts=1830930 texStalls=0 recompiles=777 underruns=0 overruns=0 sleep_us=2777457 queue_ms=110
fps: 60.0
vis: 60.0
cpu: exceptions=6867 cacheResets=1 batches=76461 verts=2008230 texStalls=0 recompiles=777 underruns=0 overruns=0 sleep_us=2857314 queue_ms=115
fps: 60.0
vis: 60.0
cpu: exceptions=7159 cacheResets=1 batches=83211 verts=2185530 texStalls=0 recompiles=777 underruns=0 overruns=0 sleep_us=2939192 queue_ms=112
fps: 58.3
vis: 60.0
cpu: exceptions=7451 cacheResets=1 batches=89961 verts=2362830 texStalls=0 recompiles=777 underruns=0 overruns=0 sleep_us=3023413 queue_ms=98
fps: 60.0
vis: 60.0
cpu: exceptions=7740 cacheResets=1 batches=96711 verts=2540130 texStalls=0 recompiles=777 underruns=0 overruns=0 sleep_us=3109406 queue_ms=104
fps: 60.0
vis: 60.0
cpu: exceptions=8030 cacheResets=1 batches=103461 verts=2717430 texStalls=0 recompiles=777 underruns=0 overruns=0 sleep_us=3198716 queue_ms=100
fps: 59.9
vis: 60.0
cpu: exceptions=8327 cacheResets=1 batches=110211 verts=2894730 texStalls=0 recompiles=777 underruns=0 overruns=0 sleep_us=3281683 queue_ms=97
fps: 60.0
vis: 60.0
cpu: exceptions=8621 cacheResets=1 batches=116961 verts=3072030 texStalls=0 recompiles=777 underruns=0 overruns=0 sleep_us=3353841 queue_ms=101
fps: 60.0
vis: 60.0
cpu: exceptions=8932 cacheResets=1 batches=123711 verts=3249330 texStalls=0 recompiles=777 underruns=0 overruns=0 sleep_us=3413334 queue_ms=99
fps: 60.0
vis: 60.0
cpu: exceptions=9250 cacheResets=1 batches=130461 verts=3426630 texStalls=0 recompiles=777 underruns=0 overruns=0 sleep_us=3469993 queue_ms=103
fps: 60.0
vis: 60.0
cpu: exceptions=9569 cacheResets=1 batches=137211 verts=3603930 texStalls=0 recompiles=777 underruns=0 overruns=0 sleep_us=3528342 queue_ms=100
fps: 60.0
vis: 60.0
cpu: exceptions=9882 cacheResets=1 batches=143961 verts=3781230 texStalls=0 recompiles=777 underruns=0 overruns=0 sleep_us=3587668 queue_ms=105
fps: 60.0
vis: 60.0
cpu: exceptions=10191 cacheResets=1 batches=150711 verts=3958530 texStalls=0 recompiles=777 underruns=0 overruns=0 sleep_us=3649792 queue_ms=101
fps: 60.0
vis: 60.0
cpu: exceptions=10504 cacheResets=1 batches=157883 verts=4149348 texStalls=0 recompiles=777 underruns=0 overruns=0 sleep_us=3704039 queue_ms=98
fps: 59.8
vis: 60.0
cpu: exceptions=10813 cacheResets=1 batches=166733 verts=4394238 texStalls=0 recompiles=777 underruns=0 overruns=0 sleep_us=3716278 queue_ms=103
mark: stop reason: chain guest VI limit
mark: stop_it requested
audio: alist_resample_calls=10077 alist_resample_samples=1250096 alist_zoh_calls=0 alist_zoh_samples=0 musyx_subframes=0 musyx_voices=0 musyx_voice_peak=0
audio_stages: adpcm_calls=9759 adpcm_samples=1154016 envmix_calls=10077 envmix_samples=1250096 mix_calls=79024 mix_samples=10544864 musyx_fx_calls=0 musyx_fx_taps=0 output_calls=897 output_samples=478768
audio_envmix: exp_calls=10077 ge_calls=0 lin_calls=0 nead_calls=0 exp_steady=5510 ge_steady=0 lin_steady=0
audio_gaps: nead_mats=0 nead_efz=0 resample_flag2=0 musyx_ptr10=0
audio_output: stream_requests=3319 stream_fed=1655 input_hz=32006 playback_hz=32006 queue_peak_ms=173
vm_io: read_ahead=1 reads=0 hits=0 read_bytes=0 writes=0 write_bytes=0 errors=0
subsystem_time: stage=rsp_gfx calls=810 timed_calls=810 period=1 timed_us=5695640
subsystem_time: stage=rsp_audio calls=898 timed_calls=898 period=1 timed_us=590973
subsystem_time: stage=rsp_other calls=0 timed_calls=0 period=1 timed_us=0
subsystem_time: stage=lookup calls=3609996 timed_calls=28425 period=127 timed_us=4256
subsystem_time: stage=compile calls=777 timed_calls=777 period=1 timed_us=105987
subsystem_time: stage=dispatch calls=3517097 timed_calls=27693 period=127 timed_us=8739
subsystem_time: stage=execute_inclusive calls=3517097 timed_calls=27693 period=127 timed_us=143328
subsystem_time: stage=rom_copy calls=1024 timed_calls=1024 period=1 timed_us=14784
subsystem_time: stage=present calls=899 timed_calls=899 period=1 timed_us=42135
subsystem_time: stage=limiter calls=872 timed_calls=872 period=1 timed_us=3719133
subsystem_time: stage=vm_fault calls=0 timed_calls=0 period=1 timed_us=0
subsystem_time: stage=vm_victim calls=0 timed_calls=0 period=1 timed_us=0
subsystem_time: stage=vm_read calls=0 timed_calls=0 period=1 timed_us=0
subsystem_time: stage=vm_write calls=0 timed_calls=0 period=1 timed_us=0
subsystem_time: stage=tex_hash calls=147492 timed_calls=147492 period=1 timed_us=1592921
subsystem_time: stage=tex_lookup calls=147492 timed_calls=147492 period=1 timed_us=44348
subsystem_time: stage=tex_load calls=136 timed_calls=136 period=1 timed_us=18831
subsystem_time: stage=tex_activate calls=147492 timed_calls=147492 period=1 timed_us=70666
subsystem_time: stage=draw_triangles calls=167028 timed_calls=167028 period=1 timed_us=584157
subsystem_time: stage=draw_rect calls=5440 timed_calls=5440 period=1 timed_us=115575
audio_time: stage=resample sampled_calls=79 sampled_samples=10240 sampled_us=442
audio_time: stage=zoh sampled_calls=0 sampled_samples=0 sampled_us=0
audio_time: stage=adpcm sampled_calls=76 sampled_samples=8016 sampled_us=362
audio_time: stage=envmix_exp sampled_calls=79 sampled_samples=10240 sampled_us=1186
audio_time: stage=envmix_ge sampled_calls=0 sampled_samples=0 sampled_us=0
audio_time: stage=envmix_lin sampled_calls=0 sampled_samples=0 sampled_us=0
audio_time: stage=envmix_nead sampled_calls=0 sampled_samples=0 sampled_us=0
audio_time: stage=mix sampled_calls=622 sampled_samples=83008 sampled_us=1371
audio_time: stage=musyx_voice sampled_calls=0 sampled_samples=0 sampled_us=0
audio_time: stage=musyx_fx sampled_calls=0 sampled_samples=0 sampled_us=0
audio_time: stage=output sampled_calls=7 sampled_samples=3712 sampled_us=70
game: n=3/3 how=vis vis=900 vi_rate=60 vi0_retrace=3008 wall_us=15289234 sleep_us=3716278 avg_vis=58.05 avg_fps=54.38 exceptions=10823 cacheResets=1 recompiles=777 batches=167028 verts=4402401 texStalls=0 treeDepthMax=12 underruns=0 overruns=0 queue_peak_ms=153 dsp_avg=1.53 dsp_peak=1.90 pmc1=8228983040 pmc2=7965078647 pmc3=0 pmc4=0 mmcr0=00000042 mmcr1=00000000 heap_used=10838280 heap_free=157576 arena1_free=462848 arena2_free=577472 flushes=3 flush_us=38047 padtrace=0 rom=sd:/wii64/roms/Pokemon Snap.rom
=== chain 3/3 end vis=900 how=vis rom=sd:/wii64/roms/Pokemon Snap.rom ===
