--- wii64 perf log ---
mark: diag received dynacore line
mark: diag requested core: dynarec
mark: pad replay records: 11
selftest:
  raw[0]=51283032988685723
  raw[1]=51283032988685723
  raw[2]=51283032988685736
  raw[3]=51283032988685749
  raw[4]=51283032988685762
  delta[0]=0us
  delta[1]=0us
  delta[2]=0us
  delta[3]=0us
mark: audio quality: accurate
mark: audio modes: n64=0 output=0 mixer=0 latency=2 sync=0
mark: diag applied core: dynarec
mark: HBC agent ready
mark: loadROM: enter
mark: loadROM: before rom_read
mark: ROMCache_load: enter
menufps: 0.4
mark: ROMCache_load: before first read
mark: ROMCache_load: first read returned
mark: ROMCache_load: byte_swap_type set
mark: ROMCache_load: first byte_swap done
menufps: 0.2
menufps: 55.1
menufps: 1.4
menufps: 1.4
menufps: 1.4
menufps: 1.4
menufps: 1.4
menufps: 1.4
menufps: 1.4
menufps: 21.4
mark: ROMCache_load: loop exited normally
mark: ROMCache_load: preflush_us=17876453 writes=2040 bytes=16711680
mark: ROMCache_load: elapsed_us=34383682 bytes=33554432 vm=1
mark: loadROM: after rom_read
mark: loadROM: before init_memory
mark: loadROM: after init_memory
mark: loadROM: before romOpen_gfx
mark: loadROM: after romOpen_gfx / before romOpen_audio
mark: loadROM: after romOpen_audio / before romOpen_input
mark: loadROM: after romOpen_input / before cpu_init
mark: loadROM: after cpu_init
menufps: 0.8
menufps: 0.7
fps: 0.1
first_vi: vi0_retrace=2247
vis: 0.1
cpu: exceptions=0 cacheResets=0 batches=0 verts=0 texStalls=0 recompiles=0 underruns=0 overruns=0 sleep_us=0 queue_ms=0
mark: CPU core dispatch: dynarec
vis: 50.0
cpu: exceptions=1751 cacheResets=1 batches=0 verts=0 texStalls=0 recompiles=367 underruns=0 overruns=0 sleep_us=147938 queue_ms=0
fps: 1.3
vis: 49.8
cpu: exceptions=2779 cacheResets=1 batches=0 verts=0 texStalls=0 recompiles=806 underruns=1 overruns=0 sleep_us=492916 queue_ms=38
fps: 33.8
vis: 50.0
cpu: exceptions=2997 cacheResets=1 batches=0 verts=0 texStalls=0 recompiles=1243 underruns=1 overruns=0 sleep_us=745814 queue_ms=26
fps: 49.6
vis: 50.0
cpu: exceptions=3134 cacheResets=1 batches=0 verts=0 texStalls=0 recompiles=1252 underruns=1 overruns=0 sleep_us=1138763 queue_ms=28
fps: 50.3
vis: 50.0
cpu: exceptions=3292 cacheResets=1 batches=0 verts=0 texStalls=0 recompiles=1266 underruns=1 overruns=0 sleep_us=1503655 queue_ms=36
fps: 49.9
vis: 50.0
cpu: exceptions=3446 cacheResets=1 batches=0 verts=0 texStalls=0 recompiles=1268 underruns=1 overruns=0 sleep_us=1858448 queue_ms=47
fps: 50.1
vis: 50.0
cpu: exceptions=3597 cacheResets=1 batches=0 verts=0 texStalls=0 recompiles=1276 underruns=1 overruns=0 sleep_us=2202620 queue_ms=20
fps: 49.7
vis: 50.0
cpu: exceptions=3744 cacheResets=1 batches=0 verts=0 texStalls=0 recompiles=1276 underruns=1 overruns=0 sleep_us=2559311 queue_ms=37
fps: 50.2
vis: 50.0
cpu: exceptions=3894 cacheResets=1 batches=0 verts=0 texStalls=0 recompiles=1277 underruns=1 overruns=0 sleep_us=2914303 queue_ms=45
fps: 49.9
vis: 50.0
cpu: exceptions=4035 cacheResets=1 batches=0 verts=0 texStalls=0 recompiles=1278 underruns=1 overruns=0 sleep_us=3269309 queue_ms=50
fps: 50.2
vis: 50.0
cpu: exceptions=4184 cacheResets=1 batches=0 verts=0 texStalls=0 recompiles=1278 underruns=1 overruns=0 sleep_us=3622097 queue_ms=29
vis: 50.0
cpu: exceptions=4337 cacheResets=1 batches=0 verts=0 texStalls=0 recompiles=1279 underruns=1 overruns=0 sleep_us=3985201 queue_ms=46
fps: 49.7
vis: 50.0
cpu: exceptions=4496 cacheResets=1 batches=0 verts=0 texStalls=0 recompiles=1312 underruns=1 overruns=0 sleep_us=4324392 queue_ms=48
fps: 50.1
vis: 50.0
cpu: exceptions=4646 cacheResets=1 batches=0 verts=0 texStalls=0 recompiles=1314 underruns=1 overruns=0 sleep_us=4667257 queue_ms=59
fps: 50.1
vis: 50.0
cpu: exceptions=4788 cacheResets=1 batches=0 verts=0 texStalls=0 recompiles=1317 underruns=1 overruns=0 sleep_us=5006665 queue_ms=38
fps: 50.0
vis: 50.0
cpu: exceptions=4926 cacheResets=1 batches=0 verts=0 texStalls=0 recompiles=1317 underruns=1 overruns=0 sleep_us=5356460 queue_ms=40
fps: 49.9
vis: 50.0
cpu: exceptions=5070 cacheResets=1 batches=0 verts=0 texStalls=0 recompiles=1317 underruns=1 overruns=0 sleep_us=5713678 queue_ms=56
fps: 50.2
vis: 50.0
cpu: exceptions=5216 cacheResets=1 batches=0 verts=0 texStalls=0 recompiles=1317 underruns=1 overruns=0 sleep_us=6079304 queue_ms=53
fps: 49.9
vis: 50.0
cpu: exceptions=5366 cacheResets=1 batches=0 verts=0 texStalls=0 recompiles=1317 underruns=1 overruns=0 sleep_us=6433722 queue_ms=41
fps: 50.1
vis: 50.0
cpu: exceptions=5514 cacheResets=1 batches=0 verts=0 texStalls=0 recompiles=1317 underruns=1 overruns=0 sleep_us=6788620 queue_ms=48
fps: 49.9
vis: 50.0
cpu: exceptions=5659 cacheResets=1 batches=0 verts=0 texStalls=0 recompiles=1317 underruns=1 overruns=0 sleep_us=7140833 queue_ms=50
fps: 50.0
vis: 50.0
cpu: exceptions=5804 cacheResets=1 batches=0 verts=0 texStalls=0 recompiles=1317 underruns=1 overruns=0 sleep_us=7500520 queue_ms=61
fps: 49.9
vis: 50.0
cpu: exceptions=5958 cacheResets=1 batches=0 verts=0 texStalls=0 recompiles=1317 underruns=1 overruns=0 sleep_us=7850693 queue_ms=40
fps: 50.1
vis: 50.0
cpu: exceptions=6106 cacheResets=1 batches=0 verts=0 texStalls=0 recompiles=1317 underruns=1 overruns=0 sleep_us=8194297 queue_ms=51
fps: 49.9
vis: 50.0
cpu: exceptions=6267 cacheResets=1 batches=0 verts=0 texStalls=0 recompiles=1424 underruns=1 overruns=0 sleep_us=8525833 queue_ms=59
fps: 50.0
vis: 50.0
cpu: exceptions=6449 cacheResets=1 batches=0 verts=0 texStalls=0 recompiles=1435 underruns=1 overruns=0 sleep_us=8867057 queue_ms=70
fps: 50.2
vis: 50.0
cpu: exceptions=6591 cacheResets=1 batches=0 verts=0 texStalls=0 recompiles=1456 underruns=1 overruns=0 sleep_us=9276643 queue_ms=43
fps: 46.6
vis: 50.0
cpu: exceptions=6762 cacheResets=1 batches=0 verts=0 texStalls=0 recompiles=1474 underruns=1 overruns=0 sleep_us=9674632 queue_ms=60
fps: 50.0
vis: 50.0
cpu: exceptions=6902 cacheResets=1 batches=0 verts=0 texStalls=0 recompiles=1474 underruns=1 overruns=0 sleep_us=10122570 queue_ms=62
fps: 50.0
vis: 50.0
cpu: exceptions=7037 cacheResets=1 batches=0 verts=0 texStalls=0 recompiles=1476 underruns=1 overruns=0 sleep_us=10572602 queue_ms=73
fps: 50.0
vis: 50.0
cpu: exceptions=7177 cacheResets=1 batches=0 verts=0 texStalls=0 recompiles=1476 underruns=1 overruns=0 sleep_us=11020800 queue_ms=52
fps: 50.0
vis: 50.0
cpu: exceptions=7313 cacheResets=1 batches=0 verts=0 texStalls=0 recompiles=1476 underruns=1 overruns=0 sleep_us=11470989 queue_ms=54
fps: 50.0
vis: 50.0
cpu: exceptions=7452 cacheResets=1 batches=0 verts=0 texStalls=0 recompiles=1481 underruns=1 overruns=0 sleep_us=11919109 queue_ms=71
fps: 50.2
vis: 50.0
cpu: exceptions=7587 cacheResets=1 batches=0 verts=0 texStalls=0 recompiles=1484 underruns=1 overruns=0 sleep_us=12375861 queue_ms=73
fps: 46.0
vis: 50.0
cpu: exceptions=7728 cacheResets=1 batches=0 verts=0 texStalls=0 recompiles=1484 underruns=1 overruns=0 sleep_us=12791567 queue_ms=55
fps: 50.0
vis: 50.0
cpu: exceptions=7863 cacheResets=1 batches=0 verts=0 texStalls=0 recompiles=1485 underruns=1 overruns=0 sleep_us=13242052 queue_ms=63
fps: 50.0
vis: 50.0
cpu: exceptions=8003 cacheResets=1 batches=0 verts=0 texStalls=0 recompiles=1485 underruns=1 overruns=0 sleep_us=13689995 queue_ms=80
vis: 50.0
cpu: exceptions=8138 cacheResets=1 batches=0 verts=0 texStalls=0 recompiles=1485 underruns=1 overruns=0 sleep_us=14140338 queue_ms=76
fps: 50.0
vis: 50.0
cpu: exceptions=8278 cacheResets=1 batches=0 verts=0 texStalls=0 recompiles=1485 underruns=1 overruns=0 sleep_us=14588368 queue_ms=64
fps: 49.9
vis: 50.0
cpu: exceptions=8415 cacheResets=1 batches=0 verts=0 texStalls=0 recompiles=1486 underruns=1 overruns=0 sleep_us=15020978 queue_ms=72
fps: 46.2
vis: 50.0
cpu: exceptions=8555 cacheResets=1 batches=0 verts=0 texStalls=0 recompiles=1487 underruns=1 overruns=0 sleep_us=15462181 queue_ms=74
fps: 50.0
vis: 50.0
cpu: exceptions=8689 cacheResets=1 batches=0 verts=0 texStalls=0 recompiles=1487 underruns=1 overruns=0 sleep_us=15912866 queue_ms=85
fps: 50.0
vis: 50.0
cpu: exceptions=8829 cacheResets=1 batches=0 verts=0 texStalls=0 recompiles=1487 underruns=1 overruns=0 sleep_us=16361546 queue_ms=64
fps: 50.0
vis: 50.0
cpu: exceptions=8964 cacheResets=1 batches=0 verts=0 texStalls=0 recompiles=1489 underruns=1 overruns=0 sleep_us=16812611 queue_ms=75
fps: 50.0
vis: 50.0
cpu: exceptions=9103 cacheResets=1 batches=0 verts=0 texStalls=0 recompiles=1491 underruns=1 overruns=0 sleep_us=17267957 queue_ms=82
fps: 33.9
vis: 50.0
cpu: exceptions=9306 cacheResets=1 batches=0 verts=0 texStalls=0 recompiles=1883 underruns=1 overruns=0 sleep_us=17574852 queue_ms=88
fps: 27.3
vis: 50.0
cpu: exceptions=9429 cacheResets=1 batches=0 verts=0 texStalls=0 recompiles=1891 underruns=1 overruns=0 sleep_us=17962996 queue_ms=67
fps: 50.0
vis: 50.0
cpu: exceptions=9561 cacheResets=1 batches=0 verts=0 texStalls=0 recompiles=1926 underruns=1 overruns=0 sleep_us=18362286 queue_ms=74
fps: 49.9
vis: 50.0
cpu: exceptions=9696 cacheResets=1 batches=0 verts=0 texStalls=0 recompiles=1930 underruns=1 overruns=0 sleep_us=18766414 queue_ms=85
fps: 50.1
vis: 50.0
cpu: exceptions=9821 cacheResets=1 batches=0 verts=0 texStalls=0 recompiles=1930 underruns=1 overruns=0 sleep_us=19179699 queue_ms=87
fps: 49.9
vis: 50.0
cpu: exceptions=9943 cacheResets=1 batches=0 verts=0 texStalls=0 recompiles=1931 underruns=1 overruns=0 sleep_us=19596917 queue_ms=75
fps: 50.1
vis: 50.0
cpu: exceptions=10072 cacheResets=1 batches=0 verts=0 texStalls=0 recompiles=1931 underruns=1 overruns=0 sleep_us=20011059 queue_ms=77
fps: 63.3
vis: 50.0
cpu: exceptions=10225 cacheResets=1 batches=682 verts=3168 texStalls=0 recompiles=2004 underruns=1 overruns=0 sleep_us=20391941 queue_ms=94
fps: 75.1
vis: 50.0
cpu: exceptions=10377 cacheResets=1 batches=1488 verts=6912 texStalls=0 recompiles=2004 underruns=1 overruns=0 sleep_us=20789851 queue_ms=96
fps: 74.8
vis: 50.0
cpu: exceptions=10525 cacheResets=1 batches=2232 verts=10368 texStalls=0 recompiles=2004 underruns=1 overruns=0 sleep_us=21193199 queue_ms=101
fps: 75.1
vis: 50.0
cpu: exceptions=10679 cacheResets=1 batches=3038 verts=14112 texStalls=0 recompiles=2004 underruns=1 overruns=0 sleep_us=21591988 queue_ms=75
fps: 74.9
vis: 50.0
cpu: exceptions=10828 cacheResets=1 batches=3782 verts=17568 texStalls=0 recompiles=2004 underruns=1 overruns=0 sleep_us=21995840 queue_ms=91
fps: 75.1
vis: 50.0
cpu: exceptions=10985 cacheResets=1 batches=4588 verts=21312 texStalls=0 recompiles=2004 underruns=1 overruns=0 sleep_us=22393959 queue_ms=99
fps: 75.1
vis: 50.0
cpu: exceptions=11131 cacheResets=1 batches=5332 verts=24768 texStalls=0 recompiles=2005 underruns=1 overruns=0 sleep_us=22800401 queue_ms=95
fps: 74.7
vis: 50.0
cpu: exceptions=11283 cacheResets=1 batches=6138 verts=28512 texStalls=0 recompiles=2005 underruns=1 overruns=0 sleep_us=23202205 queue_ms=101
vis: 50.0
cpu: exceptions=11429 cacheResets=1 batches=6882 verts=31968 texStalls=0 recompiles=2005 underruns=1 overruns=0 sleep_us=23609509 queue_ms=80
fps: 75.1
vis: 50.0
cpu: exceptions=11582 cacheResets=1 batches=7688 verts=35712 texStalls=0 recompiles=2005 underruns=1 overruns=0 sleep_us=24012740 queue_ms=96
fps: 74.9
vis: 50.0
cpu: exceptions=11707 cacheResets=1 batches=7892 verts=36858 texStalls=0 recompiles=2055 underruns=1 overruns=0 sleep_us=24418582 queue_ms=98
fps: 54.0
vis: 50.0
cpu: exceptions=11833 cacheResets=1 batches=7996 verts=37599 texStalls=0 recompiles=2055 underruns=1 overruns=0 sleep_us=24827040 queue_ms=109
fps: 49.9
vis: 50.0
cpu: exceptions=11957 cacheResets=1 batches=8092 verts=38283 texStalls=0 recompiles=2055 underruns=1 overruns=0 sleep_us=25239846 queue_ms=88
fps: 50.1
vis: 50.0
cpu: exceptions=12084 cacheResets=1 batches=8196 verts=39024 texStalls=0 recompiles=2069 underruns=1 overruns=0 sleep_us=25648551 queue_ms=99
fps: 49.9
vis: 50.0
cpu: exceptions=12206 cacheResets=1 batches=8292 verts=39708 texStalls=0 recompiles=2069 underruns=1 overruns=0 sleep_us=26061315 queue_ms=107
fps: 50.1
vis: 50.0
cpu: exceptions=12333 cacheResets=1 batches=8396 verts=40449 texStalls=0 recompiles=2070 underruns=1 overruns=0 sleep_us=26469778 queue_ms=109
fps: 49.9
vis: 50.0
cpu: exceptions=12457 cacheResets=1 batches=8492 verts=41133 texStalls=0 recompiles=2070 underruns=1 overruns=0 sleep_us=26883389 queue_ms=91
fps: 45.9
vis: 50.0
cpu: exceptions=12599 cacheResets=1 batches=8596 verts=45411 texStalls=0 recompiles=2159 underruns=1 overruns=0 sleep_us=27254183 queue_ms=99
fps: 54.6
vis: 50.0
cpu: exceptions=12720 cacheResets=1 batches=8692 verts=50811 texStalls=0 recompiles=2160 underruns=1 overruns=0 sleep_us=27663970 queue_ms=110
fps: 49.9
mark: stop reason: chain guest VI limit
mark: stop_it requested
audio: alist_resample_calls=26826 alist_resample_samples=4935984 alist_zoh_calls=0 alist_zoh_samples=0 musyx_subframes=0 musyx_voices=0 musyx_voice_peak=0
audio_stages: adpcm_calls=27521 adpcm_samples=3544928 envmix_calls=26826 envmix_samples=4935984 mix_calls=61700 mix_samples=11352800 musyx_fx_calls=0 musyx_fx_taps=0 output_calls=1328 output_samples=1135280
audio_envmix: exp_calls=0 ge_calls=0 lin_calls=26826 nead_calls=0 exp_steady=0 ge_steady=0 lin_steady=17389
audio_gaps: nead_mats=0 nead_efz=0 resample_flag2=0 musyx_ptr10=0
audio_output: stream_requests=5756 stream_fed=3930 input_hz=31995 playback_hz=31995 queue_peak_ms=139
vm_io: read_ahead=1 reads=53 hits=272 read_bytes=1736704 writes=0 write_bytes=0 errors=0
subsystem_time: stage=rsp_gfx calls=1850 timed_calls=1850 period=1 timed_us=1631141
subsystem_time: stage=rsp_audio calls=1328 timed_calls=1328 period=1 timed_us=1819150
subsystem_time: stage=rsp_other calls=0 timed_calls=0 period=1 timed_us=0
subsystem_time: stage=lookup calls=2627185 timed_calls=20686 period=127 timed_us=2552
subsystem_time: stage=compile calls=2162 timed_calls=2162 period=1 timed_us=167703
subsystem_time: stage=dispatch calls=2617508 timed_calls=20610 period=127 timed_us=9562
subsystem_time: stage=execute_inclusive calls=2617508 timed_calls=20610 period=127 timed_us=194274
subsystem_time: stage=rom_copy calls=886 timed_calls=886 period=1 timed_us=215503
subsystem_time: stage=present calls=1799 timed_calls=1799 period=1 timed_us=17166
subsystem_time: stage=limiter calls=1772 timed_calls=1772 period=1 timed_us=28049270
subsystem_time: stage=vm_fault calls=325 timed_calls=325 period=1 timed_us=209200
subsystem_time: stage=vm_victim calls=325 timed_calls=325 period=1 timed_us=80
subsystem_time: stage=vm_read calls=53 timed_calls=53 period=1 timed_us=207629
subsystem_time: stage=vm_write calls=0 timed_calls=0 period=1 timed_us=0
subsystem_time: stage=tex_hash calls=50944 timed_calls=50944 period=1 timed_us=825671
subsystem_time: stage=tex_lookup calls=50944 timed_calls=50944 period=1 timed_us=27341
subsystem_time: stage=tex_load calls=190 timed_calls=190 period=1 timed_us=63401
subsystem_time: stage=tex_activate calls=50944 timed_calls=50944 period=1 timed_us=6742
subsystem_time: stage=draw_triangles calls=8788 timed_calls=8788 period=1 timed_us=14953
subsystem_time: stage=draw_rect calls=50839 timed_calls=50839 period=1 timed_us=1163718
subsystem_time: stage=gfx_list calls=1850 timed_calls=1850 period=1 timed_us=1630690
subsystem_time: stage=gfx_command calls=867564 timed_calls=6831 period=127 timed_us=12052
subsystem_time: stage=vertex calls=43844 timed_calls=345 period=127 timed_us=142
subsystem_time: stage=gfx_state calls=59627 timed_calls=469 period=127 timed_us=8187
subsystem_time: stage=gx_wait calls=0 timed_calls=0 period=1 timed_us=0
subsystem_time: stage=dma_pi calls=886 timed_calls=886 period=1 timed_us=241100
subsystem_time: stage=dma_sp calls=6356 timed_calls=6356 period=1 timed_us=2336
subsystem_time: stage=dma_si calls=4458 timed_calls=4458 period=1 timed_us=33592
subsystem_time: stage=tlb_translate calls=0 timed_calls=0 period=127 timed_us=0
subsystem_time: stage=pif calls=4459 timed_calls=4459 period=1 timed_us=32608
subsystem_time: stage=input calls=7080 timed_calls=7080 period=1 timed_us=29740
subsystem_time: stage=guest_interrupt calls=18017 timed_calls=18017 period=1 timed_us=28078768
subsystem_time: stage=interpreter_inclusive calls=0 timed_calls=0 period=1 timed_us=0
subsystem_time: stage=audio_submit calls=1328 timed_calls=1328 period=1 timed_us=5233
subsystem_time: stage=audio_callback calls=22239 timed_calls=22239 period=1 timed_us=6117
subsystem_time: stage=memory_slow calls=845871 timed_calls=6660 period=127 timed_us=38679
subsystem_time: stage=jit_invalidate calls=9677 timed_calls=76 period=127 timed_us=11
audio_time: stage=resample sampled_calls=211 sampled_samples=38824 sampled_us=3138
audio_time: stage=zoh sampled_calls=0 sampled_samples=0 sampled_us=0
audio_time: stage=adpcm sampled_calls=216 sampled_samples=29184 sampled_us=2173
audio_time: stage=envmix_exp sampled_calls=0 sampled_samples=0 sampled_us=0
audio_time: stage=envmix_ge sampled_calls=0 sampled_samples=0 sampled_us=0
audio_time: stage=envmix_lin sampled_calls=211 sampled_samples=38824 sampled_us=5787
audio_time: stage=envmix_nead sampled_calls=0 sampled_samples=0 sampled_us=0
audio_time: stage=mix sampled_calls=485 sampled_samples=89240 sampled_us=1863
audio_time: stage=musyx_voice sampled_calls=0 sampled_samples=0 sampled_us=0
audio_time: stage=musyx_fx sampled_calls=0 sampled_samples=0 sampled_us=0
audio_time: stage=output sampled_calls=10 sampled_samples=8280 sampled_us=35
game: n=1/1 how=vis vis=1800 vi_rate=50 vi0_retrace=2247 wall_us=36009987 sleep_us=28046789 avg_vis=49.31 avg_fps=51.12 exceptions=12842 cacheResets=1 recompiles=2162 batches=8788 verts=56211 texStalls=0 treeDepthMax=20 underruns=1 overruns=0 queue_peak_ms=110 dsp_avg=3.69 dsp_peak=5.05 pmc1=26243202682 pmc2=0 pmc3=0 pmc4=0 mmcr0=00000042 mmcr1=00000000 heap_used=10919992 heap_free=36648 arena1_free=495616 arena2_free=577472 flushes=5 flush_us=3503 padtrace=14 rom=sd:/wii64/roms/Mario Party 3 (E) (M4) [!].z64
=== chain 1/1 end vis=1800 how=vis rom=sd:/wii64/roms/Mario Party 3 (E) (M4) [!].z64 ===
