--- wii64 perf log ---
mark: diag config: wiiload arguments
mark: wiiload dynacore argument received
mark: diag received dynacore line
mark: diag requested core: dynarec
mark: pad replay records: 1
selftest:
  raw[0]=51279867558265772
  raw[1]=51279867558265773
  raw[2]=51279867558265788
  raw[3]=51279867558265799
  raw[4]=51279867558265810
  delta[0]=0us
  delta[1]=0us
  delta[2]=0us
  delta[3]=0us
mark: audio quality: accurate
mark: audio modes: n64=0 output=0 mixer=0 latency=2 sync=0
mark: diag applied core: dynarec
mark: HBC agent ready
mark: loadROM: enter
mark: loadROM: before rom_read
mark: ROMCache_load: enter
mark: ROMCache_load: before first read
mark: ROMCache_load: first read returned
mark: ROMCache_load: byte_swap_type set
mark: ROMCache_load: first byte_swap done
menufps: 10.3
menufps: 8.1
menufps: 7.8
mark: ROMCache_load: loop exited normally
mark: ROMCache_load: elapsed_us=1944884 bytes=8388608 vm=0
mark: loadROM: after rom_read
mark: loadROM: before init_memory
mark: loadROM: after init_memory
mark: loadROM: before romOpen_gfx
mark: loadROM: after romOpen_gfx / before romOpen_audio
mark: loadROM: after romOpen_audio / before romOpen_input
mark: loadROM: after romOpen_input / before cpu_init
mark: loadROM: after cpu_init
menufps: 1.2
fps: 0.0
first_vi: vi0_retrace=318
vis: 0.0
cpu: exceptions=0 cacheResets=0 batches=0 verts=0 texStalls=0 recompiles=0 underruns=0 overruns=0 sleep_us=0 queue_ms=0
mark: CPU core dispatch: dynarec
vis: 60.0
cpu: exceptions=240 cacheResets=1 batches=0 verts=0 texStalls=0 recompiles=189 underruns=1 overruns=0 sleep_us=264367 queue_ms=91
vis: 60.0
cpu: exceptions=540 cacheResets=1 batches=0 verts=0 texStalls=0 recompiles=198 underruns=1 overruns=0 sleep_us=744750 queue_ms=96
vis: 60.0
cpu: exceptions=840 cacheResets=1 batches=0 verts=0 texStalls=0 recompiles=204 underruns=1 overruns=0 sleep_us=1225147 queue_ms=93
vis: 60.0
cpu: exceptions=1135 cacheResets=1 batches=0 verts=0 texStalls=0 recompiles=204 underruns=1 overruns=0 sleep_us=1706097 queue_ms=88
fps: 0.5
vis: 60.0
cpu: exceptions=1431 cacheResets=1 batches=414 verts=9387 texStalls=0 recompiles=468 underruns=2 overruns=0 sleep_us=2056839 queue_ms=11
fps: 20.0
vis: 60.0
cpu: exceptions=1588 cacheResets=1 batches=2484 verts=56322 texStalls=0 recompiles=475 underruns=2 overruns=0 sleep_us=2478404 queue_ms=9
fps: 30.0
vis: 60.0
cpu: exceptions=1752 cacheResets=1 batches=4554 verts=103257 texStalls=0 recompiles=478 underruns=2 overruns=0 sleep_us=2898820 queue_ms=15
fps: 30.0
vis: 60.0
cpu: exceptions=1894 cacheResets=1 batches=6624 verts=150192 texStalls=0 recompiles=478 underruns=2 overruns=0 sleep_us=3328100 queue_ms=11
fps: 30.0
vis: 60.0
cpu: exceptions=2036 cacheResets=1 batches=8694 verts=197127 texStalls=0 recompiles=478 underruns=2 overruns=0 sleep_us=3757022 queue_ms=16
fps: 30.0
vis: 60.0
cpu: exceptions=2178 cacheResets=1 batches=10767 verts=244080 texStalls=0 recompiles=489 underruns=2 overruns=0 sleep_us=4184728 queue_ms=13
fps: 30.0
vis: 60.0
cpu: exceptions=2319 cacheResets=1 batches=12574 verts=284835 texStalls=0 recompiles=498 underruns=2 overruns=0 sleep_us=4616853 queue_ms=9
vis: 60.0
cpu: exceptions=2638 cacheResets=1 batches=12574 verts=284835 texStalls=0 recompiles=675 underruns=3 overruns=0 sleep_us=4831659 queue_ms=23
vis: 60.0
cpu: exceptions=2728 cacheResets=1 batches=12574 verts=284835 texStalls=0 recompiles=733 underruns=3 overruns=0 sleep_us=5075077 queue_ms=19
vis: 60.0
cpu: exceptions=2818 cacheResets=1 batches=12574 verts=284835 texStalls=0 recompiles=784 underruns=3 overruns=0 sleep_us=5371939 queue_ms=25
fps: 4.9
vis: 60.0
cpu: exceptions=2961 cacheResets=1 batches=13906 verts=302151 texStalls=0 recompiles=910 underruns=5 overruns=0 sleep_us=5640295 queue_ms=8
fps: 15.2
vis: 60.0
cpu: exceptions=3118 cacheResets=1 batches=18796 verts=366456 texStalls=0 recompiles=910 underruns=5 overruns=0 sleep_us=5819007 queue_ms=4
fps: 30.0
vis: 60.0
cpu: exceptions=3273 cacheResets=1 batches=23668 verts=430401 texStalls=0 recompiles=927 underruns=5 overruns=0 sleep_us=5997319 queue_ms=8
fps: 30.0
vis: 60.0
cpu: exceptions=3436 cacheResets=1 batches=28529 verts=494262 texStalls=0 recompiles=927 underruns=5 overruns=0 sleep_us=6175877 queue_ms=5
fps: 30.0
vis: 60.0
cpu: exceptions=3591 cacheResets=1 batches=33396 verts=558159 texStalls=0 recompiles=927 underruns=5 overruns=0 sleep_us=6364060 queue_ms=10
fps: 29.1
vis: 60.0
cpu: exceptions=3762 cacheResets=1 batches=38258 verts=622026 texStalls=0 recompiles=927 underruns=7 overruns=0 sleep_us=6538361 queue_ms=15
fps: 29.9
vis: 60.0
cpu: exceptions=3974 cacheResets=1 batches=43122 verts=685905 texStalls=0 recompiles=928 underruns=7 overruns=0 sleep_us=6698858 queue_ms=12
fps: 30.0
vis: 60.0
cpu: exceptions=4198 cacheResets=1 batches=47991 verts=749814 texStalls=0 recompiles=928 underruns=7 overruns=0 sleep_us=6844876 queue_ms=8
fps: 30.0
vis: 60.0
cpu: exceptions=4425 cacheResets=1 batches=52853 verts=813681 texStalls=0 recompiles=928 underruns=7 overruns=0 sleep_us=6993481 queue_ms=13
fps: 30.0
vis: 60.0
cpu: exceptions=4645 cacheResets=1 batches=57720 verts=877578 texStalls=0 recompiles=928 underruns=7 overruns=0 sleep_us=7144404 queue_ms=9
fps: 30.0
vis: 60.0
cpu: exceptions=4859 cacheResets=1 batches=62584 verts=941457 texStalls=0 recompiles=928 underruns=7 overruns=0 sleep_us=7299904 queue_ms=15
fps: 30.0
vis: 60.0
cpu: exceptions=5079 cacheResets=1 batches=67451 verts=1005354 texStalls=0 recompiles=928 underruns=7 overruns=0 sleep_us=7453457 queue_ms=11
fps: 30.0
vis: 60.0
cpu: exceptions=5295 cacheResets=1 batches=72320 verts=1069263 texStalls=0 recompiles=928 underruns=7 overruns=0 sleep_us=7605731 queue_ms=16
fps: 30.0
vis: 60.0
cpu: exceptions=5521 cacheResets=1 batches=77183 verts=1133136 texStalls=0 recompiles=928 underruns=7 overruns=0 sleep_us=7754171 queue_ms=13
fps: 29.0
vis: 60.0
cpu: exceptions=5752 cacheResets=1 batches=81721 verts=1192746 texStalls=0 recompiles=928 underruns=7 overruns=0 sleep_us=7910963 queue_ms=17
fps: 30.0
mark: stop reason: chain guest VI limit
mark: stop_it requested
vis: 57.0
cpu: exceptions=5979 cacheResets=1 batches=86590 verts=1256655 texStalls=0 recompiles=928 underruns=8 overruns=0 sleep_us=8044957 queue_ms=7
audio: alist_resample_calls=16770 alist_resample_samples=2210760 alist_zoh_calls=0 alist_zoh_samples=0 musyx_subframes=0 musyx_voices=0 musyx_voice_peak=0
audio_stages: adpcm_calls=16496 adpcm_samples=2666016 envmix_calls=16204 envmix_samples=2162216 mix_calls=3500 mix_samples=1120000 musyx_fx_calls=0 musyx_fx_taps=0 output_calls=876 output_samples=467088
audio_envmix: exp_calls=16204 ge_calls=0 lin_calls=0 nead_calls=0 exp_steady=13261 ge_steady=0 lin_steady=0
audio_gaps: nead_mats=0 nead_efz=0 resample_flag2=0 musyx_ptr10=0
audio_output: stream_requests=3324 stream_fed=1621 input_hz=32006 playback_hz=32006 queue_peak_ms=114
vm_io: read_ahead=1 reads=0 hits=0 read_bytes=0 writes=0 write_bytes=0 errors=0
subsystem_time: stage=rsp_gfx calls=326 timed_calls=326 period=1 timed_us=1476154
subsystem_time: stage=rsp_audio calls=875 timed_calls=875 period=1 timed_us=429550
subsystem_time: stage=rsp_other calls=0 timed_calls=0 period=1 timed_us=0
subsystem_time: stage=lookup calls=4324362 timed_calls=34050 period=127 timed_us=5027
subsystem_time: stage=compile calls=928 timed_calls=928 period=1 timed_us=105182
subsystem_time: stage=dispatch calls=4319805 timed_calls=34014 period=127 timed_us=11232
subsystem_time: stage=execute_inclusive calls=4319805 timed_calls=34014 period=127 timed_us=50054
subsystem_time: stage=rom_copy calls=1548 timed_calls=1548 period=1 timed_us=25113
subsystem_time: stage=present calls=899 timed_calls=899 period=1 timed_us=18550
subsystem_time: stage=limiter calls=880 timed_calls=880 period=1 timed_us=8047489
subsystem_time: stage=vm_fault calls=0 timed_calls=0 period=1 timed_us=0
subsystem_time: stage=vm_victim calls=0 timed_calls=0 period=1 timed_us=0
subsystem_time: stage=vm_read calls=0 timed_calls=0 period=1 timed_us=0
subsystem_time: stage=vm_write calls=0 timed_calls=0 period=1 timed_us=0
subsystem_time: stage=tex_hash calls=29108 timed_calls=29108 period=1 timed_us=282411
subsystem_time: stage=tex_lookup calls=29108 timed_calls=29108 period=1 timed_us=6060
subsystem_time: stage=tex_load calls=37 timed_calls=37 period=1 timed_us=2220
subsystem_time: stage=tex_activate calls=29108 timed_calls=29108 period=1 timed_us=12896
subsystem_time: stage=draw_triangles calls=86590 timed_calls=86590 period=1 timed_us=198466
subsystem_time: stage=draw_rect calls=2010 timed_calls=2010 period=1 timed_us=14854
audio_time: stage=resample sampled_calls=132 sampled_samples=17512 sampled_us=745
audio_time: stage=zoh sampled_calls=0 sampled_samples=0 sampled_us=0
audio_time: stage=adpcm sampled_calls=129 sampled_samples=20528 sampled_us=841
audio_time: stage=envmix_exp sampled_calls=127 sampled_samples=16960 sampled_us=1233
audio_time: stage=envmix_ge sampled_calls=0 sampled_samples=0 sampled_us=0
audio_time: stage=envmix_lin sampled_calls=0 sampled_samples=0 sampled_us=0
audio_time: stage=envmix_nead sampled_calls=0 sampled_samples=0 sampled_us=0
audio_time: stage=mix sampled_calls=27 sampled_samples=8640 sampled_us=146
audio_time: stage=musyx_voice sampled_calls=0 sampled_samples=0 sampled_us=0
audio_time: stage=musyx_fx sampled_calls=0 sampled_samples=0 sampled_us=0
audio_time: stage=output sampled_calls=6 sampled_samples=3200 sampled_us=58
game: n=1/3 how=vis vis=900 vi_rate=60 vi0_retrace=318 wall_us=15193238 sleep_us=8044957 avg_vis=57.97 avg_fps=25.35 exceptions=5980 cacheResets=1 recompiles=928 batches=86590 verts=1256655 texStalls=0 treeDepthMax=14 underruns=8 overruns=0 queue_peak_ms=96 dsp_avg=1.50 dsp_peak=1.80 pmc1=5055519550 pmc2=5023530350 pmc3=0 pmc4=0 mmcr0=00000042 mmcr1=00000000 heap_used=10848744 heap_free=36616 arena1_free=573440 arena2_free=577472 flushes=3 flush_us=36744 padtrace=4 rom=sd:/wii64/roms/Super Mario 64.v64
=== chain 1/3 end vis=900 how=vis rom=sd:/wii64/roms/Super Mario 64.v64 ===
mark: pad replay records: 1
mark: loadROM: enter
mark: loadROM: before rom_read
mark: ROMCache_load: enter
mark: ROMCache_load: before first read
mark: ROMCache_load: first read returned
mark: ROMCache_load: byte_swap_type set
mark: ROMCache_load: first byte_swap done
menufps: 0.1
menufps: 8.4
menufps: 8.3
menufps: 8.3
menufps: 8.3
menufps: 8.3
menufps: 8.3
mark: ROMCache_load: loop exited normally
mark: ROMCache_load: elapsed_us=3730753 bytes=16777216 vm=0
mark: loadROM: after rom_read
mark: loadROM: before init_memory
mark: loadROM: after init_memory
mark: loadROM: before romOpen_gfx
mark: loadROM: after romOpen_gfx / before romOpen_audio
mark: loadROM: after romOpen_audio / before romOpen_input
mark: loadROM: after romOpen_input / before cpu_init
mark: loadROM: after cpu_init
menufps: 0.9
fps: 0.7
first_vi: vi0_retrace=1658
vis: 0.1
cpu: exceptions=0 cacheResets=0 batches=0 verts=0 texStalls=0 recompiles=0 underruns=0 overruns=0 sleep_us=0 queue_ms=0
mark: CPU core dispatch: dynarec
vis: 60.0
cpu: exceptions=37 cacheResets=1 batches=0 verts=0 texStalls=0 recompiles=138 underruns=0 overruns=0 sleep_us=54024 queue_ms=0
vis: 60.0
cpu: exceptions=67 cacheResets=1 batches=0 verts=0 texStalls=0 recompiles=138 underruns=0 overruns=0 sleep_us=396594 queue_ms=0
vis: 60.0
cpu: exceptions=368 cacheResets=1 batches=0 verts=0 texStalls=0 recompiles=390 underruns=0 overruns=0 sleep_us=693584 queue_ms=0
vis: 60.0
cpu: exceptions=570 cacheResets=1 batches=0 verts=0 texStalls=0 recompiles=668 underruns=1 overruns=0 sleep_us=1002542 queue_ms=17
fps: 0.4
vis: 60.0
cpu: exceptions=766 cacheResets=1 batches=44 verts=2262 texStalls=0 recompiles=1899 underruns=2 overruns=0 sleep_us=1176024 queue_ms=34
vis: 60.0
cpu: exceptions=992 cacheResets=1 batches=147 verts=6138 texStalls=0 recompiles=1979 underruns=2 overruns=0 sleep_us=1539107 queue_ms=43
fps: 30.0
vis: 60.0
cpu: exceptions=1185 cacheResets=1 batches=828 verts=26514 texStalls=0 recompiles=2004 underruns=2 overruns=0 sleep_us=1828995 queue_ms=48
fps: 30.0
vis: 60.0
cpu: exceptions=1364 cacheResets=1 batches=1774 verts=48480 texStalls=0 recompiles=2009 underruns=2 overruns=0 sleep_us=2114590 queue_ms=39
fps: 29.4
vis: 60.0
cpu: exceptions=1552 cacheResets=1 batches=2831 verts=71112 texStalls=0 recompiles=2009 underruns=2 overruns=0 sleep_us=2393183 queue_ms=30
fps: 30.0
vis: 60.0
cpu: exceptions=1727 cacheResets=1 batches=3902 verts=93828 texStalls=0 recompiles=2011 underruns=2 overruns=0 sleep_us=2674473 queue_ms=34
fps: 30.0
vis: 60.0
cpu: exceptions=1916 cacheResets=1 batches=4953 verts=115836 texStalls=0 recompiles=2012 underruns=2 overruns=0 sleep_us=2954189 queue_ms=30
fps: 30.0
vis: 60.0
cpu: exceptions=2104 cacheResets=1 batches=6006 verts=137814 texStalls=0 recompiles=2029 underruns=2 overruns=0 sleep_us=3232171 queue_ms=35
fps: 30.0
vis: 60.0
cpu: exceptions=2289 cacheResets=1 batches=7027 verts=159600 texStalls=0 recompiles=2029 underruns=2 overruns=0 sleep_us=3513885 queue_ms=39
fps: 29.9
vis: 60.0
cpu: exceptions=2478 cacheResets=1 batches=8497 verts=197760 texStalls=0 recompiles=2036 underruns=2 overruns=0 sleep_us=3745606 queue_ms=30
fps: 30.0
vis: 60.0
cpu: exceptions=2678 cacheResets=1 batches=10222 verts=237450 texStalls=0 recompiles=2036 underruns=2 overruns=0 sleep_us=3962984 queue_ms=35
fps: 30.0
vis: 60.0
cpu: exceptions=2856 cacheResets=1 batches=11784 verts=262482 texStalls=0 recompiles=2063 underruns=2 overruns=0 sleep_us=4207703 queue_ms=31
vis: 60.0
cpu: exceptions=3031 cacheResets=1 batches=13167 verts=286440 texStalls=0 recompiles=2063 underruns=2 overruns=0 sleep_us=4485123 queue_ms=35
fps: 30.0
vis: 60.0
cpu: exceptions=3203 cacheResets=1 batches=14331 verts=309084 texStalls=0 recompiles=2064 underruns=2 overruns=0 sleep_us=4771852 queue_ms=40
fps: 30.0
vis: 60.0
cpu: exceptions=3386 cacheResets=1 batches=15370 verts=330978 texStalls=0 recompiles=2064 underruns=2 overruns=0 sleep_us=5060669 queue_ms=31
fps: 30.0
vis: 60.0
cpu: exceptions=3570 cacheResets=1 batches=16404 verts=352842 texStalls=0 recompiles=2064 underruns=2 overruns=0 sleep_us=5347758 queue_ms=35
fps: 30.0
vis: 60.0
cpu: exceptions=3761 cacheResets=1 batches=17572 verts=382806 texStalls=0 recompiles=2064 underruns=2 overruns=0 sleep_us=5607685 queue_ms=31
fps: 29.9
vis: 60.0
cpu: exceptions=3955 cacheResets=1 batches=18904 verts=420138 texStalls=0 recompiles=2065 underruns=2 overruns=0 sleep_us=5852494 queue_ms=36
fps: 30.0
vis: 60.0
cpu: exceptions=4159 cacheResets=1 batches=20452 verts=457002 texStalls=0 recompiles=2081 underruns=2 overruns=0 sleep_us=6083537 queue_ms=40
fps: 29.9
vis: 60.0
cpu: exceptions=4354 cacheResets=1 batches=24380 verts=493650 texStalls=0 recompiles=2081 underruns=2 overruns=0 sleep_us=6282693 queue_ms=31
fps: 29.8
vis: 60.0
cpu: exceptions=4544 cacheResets=1 batches=29821 verts=537546 texStalls=0 recompiles=2081 underruns=2 overruns=0 sleep_us=6455178 queue_ms=27
fps: 30.0
vis: 60.0
cpu: exceptions=4734 cacheResets=1 batches=35021 verts=579996 texStalls=0 recompiles=2082 underruns=2 overruns=0 sleep_us=6640315 queue_ms=32
fps: 30.0
vis: 60.0
cpu: exceptions=4933 cacheResets=1 batches=40008 verts=621168 texStalls=0 recompiles=2083 underruns=2 overruns=0 sleep_us=6830493 queue_ms=36
fps: 30.0
vis: 60.0
cpu: exceptions=5128 cacheResets=1 batches=45183 verts=663468 texStalls=0 recompiles=2083 underruns=2 overruns=0 sleep_us=7017036 queue_ms=40
fps: 29.1
vis: 60.0
cpu: exceptions=5336 cacheResets=1 batches=50364 verts=714012 texStalls=0 recompiles=2083 underruns=2 overruns=0 sleep_us=7178517 queue_ms=18
fps: 30.1
mark: stop reason: chain guest VI limit
mark: stop_it requested
audio: alist_resample_calls=7273 alist_resample_samples=1338232 alist_zoh_calls=0 alist_zoh_samples=0 musyx_subframes=0 musyx_voices=0 musyx_voice_peak=0
audio_stages: adpcm_calls=5684 adpcm_samples=629344 envmix_calls=5654 envmix_samples=1040336 mix_calls=32380 mix_samples=5957920 musyx_fx_calls=0 musyx_fx_taps=0 output_calls=405 output_samples=297160
audio_envmix: exp_calls=0 ge_calls=0 lin_calls=5654 nead_calls=0 exp_steady=0 ge_steady=0 lin_steady=5208
audio_gaps: nead_mats=0 nead_efz=0 resample_flag2=0 musyx_ptr10=0
audio_output: stream_requests=3353 stream_fed=1031 input_hz=21998 playback_hz=21998 queue_peak_ms=81
vm_io: read_ahead=1 reads=0 hits=0 read_bytes=0 writes=0 write_bytes=0 errors=0
subsystem_time: stage=rsp_gfx calls=358 timed_calls=358 period=1 timed_us=1339060
subsystem_time: stage=rsp_audio calls=406 timed_calls=406 period=1 timed_us=306305
subsystem_time: stage=rsp_other calls=0 timed_calls=0 period=1 timed_us=0
subsystem_time: stage=lookup calls=4415515 timed_calls=34767 period=127 timed_us=5461
subsystem_time: stage=compile calls=2084 timed_calls=2084 period=1 timed_us=177270
subsystem_time: stage=dispatch calls=4132074 timed_calls=32536 period=127 timed_us=11744
subsystem_time: stage=execute_inclusive calls=4132074 timed_calls=32536 period=127 timed_us=100601
subsystem_time: stage=rom_copy calls=640 timed_calls=640 period=1 timed_us=14335
subsystem_time: stage=present calls=899 timed_calls=899 period=1 timed_us=60948
subsystem_time: stage=limiter calls=860 timed_calls=860 period=1 timed_us=7298251
subsystem_time: stage=vm_fault calls=0 timed_calls=0 period=1 timed_us=0
subsystem_time: stage=vm_victim calls=0 timed_calls=0 period=1 timed_us=0
subsystem_time: stage=vm_read calls=0 timed_calls=0 period=1 timed_us=0
subsystem_time: stage=vm_write calls=0 timed_calls=0 period=1 timed_us=0
subsystem_time: stage=tex_hash calls=48848 timed_calls=48848 period=1 timed_us=383930
subsystem_time: stage=tex_lookup calls=48848 timed_calls=48848 period=1 timed_us=8138
subsystem_time: stage=tex_load calls=28 timed_calls=28 period=1 timed_us=1974
subsystem_time: stage=tex_activate calls=48848 timed_calls=48848 period=1 timed_us=21025
subsystem_time: stage=draw_triangles calls=52520 timed_calls=52520 period=1 timed_us=171884
subsystem_time: stage=draw_rect calls=0 timed_calls=0 period=1 timed_us=0
audio_time: stage=resample sampled_calls=57 sampled_samples=10488 sampled_us=415
audio_time: stage=zoh sampled_calls=0 sampled_samples=0 sampled_us=0
audio_time: stage=adpcm sampled_calls=44 sampled_samples=4752 sampled_us=206
audio_time: stage=envmix_exp sampled_calls=0 sampled_samples=0 sampled_us=0
audio_time: stage=envmix_ge sampled_calls=0 sampled_samples=0 sampled_us=0
audio_time: stage=envmix_lin sampled_calls=44 sampled_samples=8096 sampled_us=696
audio_time: stage=envmix_nead sampled_calls=0 sampled_samples=0 sampled_us=0
audio_time: stage=mix sampled_calls=254 sampled_samples=46736 sampled_us=770
audio_time: stage=musyx_voice sampled_calls=0 sampled_samples=0 sampled_us=0
audio_time: stage=musyx_fx sampled_calls=0 sampled_samples=0 sampled_us=0
audio_time: stage=output sampled_calls=3 sampled_samples=2208 sampled_us=38
game: n=2/3 how=vis vis=900 vi_rate=60 vi0_retrace=1658 wall_us=15163521 sleep_us=7295584 avg_vis=58.00 avg_fps=27.57 exceptions=5450 cacheResets=1 recompiles=2084 batches=52520 verts=741906 texStalls=0 treeDepthMax=31 underruns=2 overruns=0 queue_peak_ms=48 dsp_avg=1.34 dsp_peak=1.60 pmc1=5477599015 pmc2=5214069555 pmc3=0 pmc4=0 mmcr0=00000042 mmcr1=00000000 heap_used=10926152 heap_free=37032 arena1_free=495616 arena2_free=577472 flushes=4 flush_us=43051 padtrace=0 rom=sd:/wii64/roms/Banjo-Kazooie.V64
=== chain 2/3 end vis=900 how=vis rom=sd:/wii64/roms/Banjo-Kazooie.V64 ===
mark: pad replay records: 1
mark: loadROM: enter
mark: loadROM: before rom_read
mark: ROMCache_load: enter
mark: ROMCache_load: before first read
mark: ROMCache_load: first read returned
mark: ROMCache_load: byte_swap_type set
mark: ROMCache_load: first byte_swap done
menufps: 0.1
menufps: 8.5
menufps: 8.3
menufps: 8.3
menufps: 7.7
menufps: 8.3
menufps: 8.3
mark: ROMCache_load: loop exited normally
mark: ROMCache_load: elapsed_us=3746544 bytes=16777216 vm=0
mark: loadROM: after rom_read
mark: loadROM: before init_memory
mark: loadROM: after init_memory
mark: loadROM: before romOpen_gfx
mark: loadROM: after romOpen_gfx / before romOpen_audio
mark: loadROM: after romOpen_audio / before romOpen_input
mark: loadROM: after romOpen_input / before cpu_init
mark: loadROM: after cpu_init
menufps: 1.2
fps: 0.5
first_vi: vi0_retrace=2998
vis: 2.4
cpu: exceptions=0 cacheResets=0 batches=0 verts=0 texStalls=0 recompiles=0 underruns=0 overruns=0 sleep_us=0 queue_ms=0
mark: CPU core dispatch: dynarec
vis: 60.0
cpu: exceptions=1471 cacheResets=1 batches=0 verts=0 texStalls=0 recompiles=421 underruns=0 overruns=0 sleep_us=124741 queue_ms=166
fps: 3.1
vis: 60.0
cpu: exceptions=2355 cacheResets=1 batches=0 verts=0 texStalls=0 recompiles=425 underruns=0 overruns=0 sleep_us=498322 queue_ms=160
fps: 60.6
vis: 60.0
cpu: exceptions=2625 cacheResets=1 batches=0 verts=0 texStalls=0 recompiles=425 underruns=0 overruns=0 sleep_us=926746 queue_ms=165
fps: 60.0
vis: 60.0
cpu: exceptions=2918 cacheResets=1 batches=0 verts=0 texStalls=0 recompiles=468 underruns=0 overruns=0 sleep_us=1341747 queue_ms=162
vis: 60.0
cpu: exceptions=3298 cacheResets=1 batches=0 verts=0 texStalls=0 recompiles=468 underruns=0 overruns=0 sleep_us=1699991 queue_ms=166
fps: 14.9
vis: 55.7
cpu: exceptions=3637 cacheResets=1 batches=2160 verts=57624 texStalls=0 recompiles=742 underruns=0 overruns=0 sleep_us=1891849 queue_ms=130
fps: 59.7
vis: 60.0
cpu: exceptions=3927 cacheResets=1 batches=8940 verts=235104 texStalls=0 recompiles=763 underruns=0 overruns=0 sleep_us=1977045 queue_ms=126
fps: 60.0
vis: 60.0
cpu: exceptions=4223 cacheResets=1 batches=15711 verts=412530 texStalls=0 recompiles=771 underruns=0 overruns=0 sleep_us=2064831 queue_ms=130
fps: 60.0
vis: 60.0
cpu: exceptions=4522 cacheResets=1 batches=22461 verts=589830 texStalls=0 recompiles=775 underruns=0 overruns=0 sleep_us=2152410 queue_ms=128
fps: 60.0
vis: 60.0
cpu: exceptions=4813 cacheResets=1 batches=29211 verts=767130 texStalls=0 recompiles=775 underruns=0 overruns=0 sleep_us=2243175 queue_ms=123
fps: 60.0
vis: 60.0
cpu: exceptions=5101 cacheResets=1 batches=35961 verts=944430 texStalls=0 recompiles=775 underruns=0 overruns=0 sleep_us=2336063 queue_ms=129
fps: 60.0
vis: 60.0
cpu: exceptions=5396 cacheResets=1 batches=42711 verts=1121730 texStalls=0 recompiles=775 underruns=0 overruns=0 sleep_us=2425716 queue_ms=124
fps: 60.0
vis: 60.0
cpu: exceptions=5682 cacheResets=1 batches=49461 verts=1299030 texStalls=0 recompiles=777 underruns=0 overruns=0 sleep_us=2519014 queue_ms=131
fps: 60.0
vis: 60.0
cpu: exceptions=5976 cacheResets=1 batches=56211 verts=1476330 texStalls=0 recompiles=777 underruns=0 overruns=0 sleep_us=2604618 queue_ms=126
fps: 60.0
vis: 60.0
cpu: exceptions=6274 cacheResets=1 batches=62961 verts=1653630 texStalls=0 recompiles=777 underruns=0 overruns=0 sleep_us=2688132 queue_ms=132
fps: 60.0
vis: 60.0
cpu: exceptions=6569 cacheResets=1 batches=69711 verts=1830930 texStalls=0 recompiles=777 underruns=0 overruns=0 sleep_us=2772181 queue_ms=128
fps: 60.0
vis: 60.0
cpu: exceptions=6867 cacheResets=1 batches=76461 verts=2008230 texStalls=0 recompiles=777 underruns=0 overruns=0 sleep_us=2853277 queue_ms=133
fps: 60.0
vis: 60.0
cpu: exceptions=7159 cacheResets=1 batches=83211 verts=2185530 texStalls=0 recompiles=777 underruns=0 overruns=0 sleep_us=2936309 queue_ms=130
fps: 58.3
vis: 60.0
cpu: exceptions=7451 cacheResets=1 batches=89961 verts=2362830 texStalls=0 recompiles=777 underruns=0 overruns=0 sleep_us=3021811 queue_ms=116
fps: 60.0
vis: 60.0
cpu: exceptions=7740 cacheResets=1 batches=96711 verts=2540130 texStalls=0 recompiles=777 underruns=0 overruns=0 sleep_us=3108997 queue_ms=113
fps: 60.0
vis: 60.0
cpu: exceptions=8030 cacheResets=1 batches=103461 verts=2717430 texStalls=0 recompiles=777 underruns=0 overruns=0 sleep_us=3199489 queue_ms=118
fps: 59.9
vis: 60.0
cpu: exceptions=8327 cacheResets=1 batches=110211 verts=2894730 texStalls=0 recompiles=777 underruns=0 overruns=0 sleep_us=3283488 queue_ms=115
fps: 60.0
vis: 60.0
cpu: exceptions=8621 cacheResets=1 batches=116961 verts=3072030 texStalls=0 recompiles=777 underruns=0 overruns=0 sleep_us=3356831 queue_ms=119
fps: 60.0
vis: 60.0
cpu: exceptions=8932 cacheResets=1 batches=123711 verts=3249330 texStalls=0 recompiles=777 underruns=0 overruns=0 sleep_us=3417580 queue_ms=117
fps: 60.0
vis: 60.0
cpu: exceptions=9250 cacheResets=1 batches=130461 verts=3426630 texStalls=0 recompiles=777 underruns=0 overruns=0 sleep_us=3475515 queue_ms=112
fps: 60.0
vis: 60.0
cpu: exceptions=9569 cacheResets=1 batches=137211 verts=3603930 texStalls=0 recompiles=777 underruns=0 overruns=0 sleep_us=3535077 queue_ms=118
fps: 60.0
vis: 60.0
cpu: exceptions=9882 cacheResets=1 batches=143961 verts=3781230 texStalls=0 recompiles=777 underruns=0 overruns=0 sleep_us=3595629 queue_ms=114
fps: 60.0
vis: 60.0
cpu: exceptions=10191 cacheResets=1 batches=150711 verts=3958530 texStalls=0 recompiles=777 underruns=0 overruns=0 sleep_us=3659068 queue_ms=119
fps: 59.8
vis: 60.0
cpu: exceptions=10504 cacheResets=1 batches=157883 verts=4149348 texStalls=0 recompiles=777 underruns=0 overruns=0 sleep_us=3714547 queue_ms=116
fps: 60.1
vis: 60.0
cpu: exceptions=10813 cacheResets=1 batches=166733 verts=4394238 texStalls=0 recompiles=777 underruns=0 overruns=0 sleep_us=3728089 queue_ms=121
mark: stop reason: chain guest VI limit
mark: stop_it requested
audio: alist_resample_calls=10077 alist_resample_samples=1250096 alist_zoh_calls=0 alist_zoh_samples=0 musyx_subframes=0 musyx_voices=0 musyx_voice_peak=0
audio_stages: adpcm_calls=9759 adpcm_samples=1154016 envmix_calls=10077 envmix_samples=1250096 mix_calls=79024 mix_samples=10544864 musyx_fx_calls=0 musyx_fx_taps=0 output_calls=897 output_samples=478768
audio_envmix: exp_calls=10077 ge_calls=0 lin_calls=0 nead_calls=0 exp_steady=5510 ge_steady=0 lin_steady=0
audio_gaps: nead_mats=0 nead_efz=0 resample_flag2=0 musyx_ptr10=0
audio_output: stream_requests=3325 stream_fed=1653 input_hz=32006 playback_hz=32006 queue_peak_ms=190
vm_io: read_ahead=1 reads=0 hits=0 read_bytes=0 writes=0 write_bytes=0 errors=0
subsystem_time: stage=rsp_gfx calls=810 timed_calls=810 period=1 timed_us=5667653
subsystem_time: stage=rsp_audio calls=898 timed_calls=898 period=1 timed_us=590911
subsystem_time: stage=rsp_other calls=0 timed_calls=0 period=1 timed_us=0
subsystem_time: stage=lookup calls=3609977 timed_calls=28425 period=127 timed_us=4530
subsystem_time: stage=compile calls=777 timed_calls=777 period=1 timed_us=106286
subsystem_time: stage=dispatch calls=3517078 timed_calls=27693 period=127 timed_us=10251
subsystem_time: stage=execute_inclusive calls=3517078 timed_calls=27693 period=127 timed_us=94136
subsystem_time: stage=rom_copy calls=1024 timed_calls=1024 period=1 timed_us=14843
subsystem_time: stage=present calls=899 timed_calls=899 period=1 timed_us=42393
subsystem_time: stage=limiter calls=871 timed_calls=871 period=1 timed_us=3730861
subsystem_time: stage=vm_fault calls=0 timed_calls=0 period=1 timed_us=0
subsystem_time: stage=vm_victim calls=0 timed_calls=0 period=1 timed_us=0
subsystem_time: stage=vm_read calls=0 timed_calls=0 period=1 timed_us=0
subsystem_time: stage=vm_write calls=0 timed_calls=0 period=1 timed_us=0
subsystem_time: stage=tex_hash calls=147492 timed_calls=147492 period=1 timed_us=1593877
subsystem_time: stage=tex_lookup calls=147492 timed_calls=147492 period=1 timed_us=43620
subsystem_time: stage=tex_load calls=136 timed_calls=136 period=1 timed_us=18871
subsystem_time: stage=tex_activate calls=147492 timed_calls=147492 period=1 timed_us=63475
subsystem_time: stage=draw_triangles calls=167028 timed_calls=167028 period=1 timed_us=578970
subsystem_time: stage=draw_rect calls=5440 timed_calls=5440 period=1 timed_us=115988
audio_time: stage=resample sampled_calls=79 sampled_samples=10240 sampled_us=442
audio_time: stage=zoh sampled_calls=0 sampled_samples=0 sampled_us=0
audio_time: stage=adpcm sampled_calls=76 sampled_samples=8016 sampled_us=363
audio_time: stage=envmix_exp sampled_calls=79 sampled_samples=10240 sampled_us=1196
audio_time: stage=envmix_ge sampled_calls=0 sampled_samples=0 sampled_us=0
audio_time: stage=envmix_lin sampled_calls=0 sampled_samples=0 sampled_us=0
audio_time: stage=envmix_nead sampled_calls=0 sampled_samples=0 sampled_us=0
audio_time: stage=mix sampled_calls=622 sampled_samples=83008 sampled_us=1363
audio_time: stage=musyx_voice sampled_calls=0 sampled_samples=0 sampled_us=0
audio_time: stage=musyx_fx sampled_calls=0 sampled_samples=0 sampled_us=0
audio_time: stage=output sampled_calls=7 sampled_samples=3712 sampled_us=68
game: n=3/3 how=vis vis=900 vi_rate=60 vi0_retrace=2998 wall_us=15229329 sleep_us=3728089 avg_vis=58.00 avg_fps=54.38 exceptions=10823 cacheResets=1 recompiles=777 batches=167028 verts=4402401 texStalls=0 treeDepthMax=12 underruns=0 overruns=0 queue_peak_ms=166 dsp_avg=1.59 dsp_peak=1.90 pmc1=8208642301 pmc2=7964962146 pmc3=0 pmc4=0 mmcr0=00000042 mmcr1=00000000 heap_used=10838344 heap_free=157608 arena1_free=462848 arena2_free=577472 flushes=3 flush_us=36351 padtrace=0 rom=sd:/wii64/roms/Pokemon Snap.rom
=== chain 3/3 end vis=900 how=vis rom=sd:/wii64/roms/Pokemon Snap.rom ===
