--- wii64 perf log ---
mark: diag config: wiiload arguments
mark: wiiload dynacore argument received
mark: diag received dynacore line
mark: diag requested core: dynarec
mark: pad replay records: 1
selftest:
  raw[0]=51281805786955537
  raw[1]=51281805786955541
  raw[2]=51281805786955553
  raw[3]=51281805786955566
  raw[4]=51281805786955578
  delta[0]=0us
  delta[1]=0us
  delta[2]=0us
  delta[3]=0us
mark: audio quality: accurate
mark: audio modes: n64=0 output=0 mixer=0 latency=2 sync=0
mark: diag applied core: dynarec
mark: HBC agent ready
mark: loadROM: enter
mark: loadROM: before rom_read
mark: ROMCache_load: enter
mark: ROMCache_load: before first read
mark: ROMCache_load: first read returned
mark: ROMCache_load: byte_swap_type set
mark: ROMCache_load: first byte_swap done
menufps: 10.4
menufps: 8.4
menufps: 7.9
mark: ROMCache_load: loop exited normally
mark: ROMCache_load: elapsed_us=1905587 bytes=8388608 vm=0
mark: loadROM: after rom_read
mark: loadROM: before init_memory
mark: loadROM: after init_memory
mark: loadROM: before romOpen_gfx
mark: loadROM: after romOpen_gfx / before romOpen_audio
mark: loadROM: after romOpen_audio / before romOpen_input
mark: loadROM: after romOpen_input / before cpu_init
mark: loadROM: after cpu_init
menufps: 1.2
fps: 0.0
first_vi: vi0_retrace=316
vis: 0.0
cpu: exceptions=0 cacheResets=0 batches=0 verts=0 texStalls=0 recompiles=0 underruns=0 overruns=0 sleep_us=0 queue_ms=0
mark: CPU core dispatch: dynarec
vis: 60.0
cpu: exceptions=240 cacheResets=1 batches=0 verts=0 texStalls=0 recompiles=189 underruns=2 overruns=0 sleep_us=241233 queue_ms=118
vis: 60.0
cpu: exceptions=540 cacheResets=1 batches=0 verts=0 texStalls=0 recompiles=198 underruns=2 overruns=0 sleep_us=720969 queue_ms=114
vis: 60.0
cpu: exceptions=840 cacheResets=1 batches=0 verts=0 texStalls=0 recompiles=204 underruns=2 overruns=0 sleep_us=1200765 queue_ms=120
vis: 60.0
cpu: exceptions=1134 cacheResets=1 batches=0 verts=0 texStalls=0 recompiles=204 underruns=2 overruns=0 sleep_us=1681063 queue_ms=115
fps: 0.5
vis: 60.0
cpu: exceptions=1429 cacheResets=1 batches=414 verts=9387 texStalls=0 recompiles=468 underruns=3 overruns=0 sleep_us=2026771 queue_ms=11
fps: 20.0
vis: 60.0
cpu: exceptions=1586 cacheResets=1 batches=2484 verts=56322 texStalls=0 recompiles=475 underruns=3 overruns=0 sleep_us=2446229 queue_ms=9
fps: 30.0
vis: 60.0
cpu: exceptions=1750 cacheResets=1 batches=4554 verts=103257 texStalls=0 recompiles=478 underruns=3 overruns=0 sleep_us=2864577 queue_ms=6
fps: 30.0
vis: 60.0
cpu: exceptions=1892 cacheResets=1 batches=6624 verts=150192 texStalls=0 recompiles=478 underruns=3 overruns=0 sleep_us=3292006 queue_ms=11
fps: 30.0
vis: 60.0
cpu: exceptions=2034 cacheResets=1 batches=8694 verts=197127 texStalls=0 recompiles=478 underruns=3 overruns=0 sleep_us=3718999 queue_ms=7
fps: 30.0
vis: 60.0
cpu: exceptions=2176 cacheResets=1 batches=10767 verts=244080 texStalls=0 recompiles=489 underruns=3 overruns=0 sleep_us=4144837 queue_ms=13
fps: 30.0
vis: 60.0
cpu: exceptions=2615 cacheResets=1 batches=12574 verts=284835 texStalls=0 recompiles=673 underruns=3 overruns=0 sleep_us=4711092 queue_ms=23
vis: 60.0
cpu: exceptions=2705 cacheResets=1 batches=12574 verts=284835 texStalls=0 recompiles=727 underruns=3 overruns=0 sleep_us=4927571 queue_ms=29
vis: 60.0
cpu: exceptions=2795 cacheResets=1 batches=12574 verts=284835 texStalls=0 recompiles=784 underruns=3 overruns=0 sleep_us=5226111 queue_ms=25
fps: 2.4
vis: 60.0
cpu: exceptions=2923 cacheResets=1 batches=12574 verts=284835 texStalls=0 recompiles=904 underruns=5 overruns=0 sleep_us=5519842 queue_ms=14
fps: 15.1
vis: 60.0
cpu: exceptions=3077 cacheResets=1 batches=17502 verts=349368 texStalls=0 recompiles=910 underruns=5 overruns=0 sleep_us=5699398 queue_ms=12
fps: 30.0
vis: 60.0
cpu: exceptions=3234 cacheResets=1 batches=22365 verts=413331 texStalls=0 recompiles=922 underruns=5 overruns=0 sleep_us=5878488 queue_ms=9
fps: 30.0
vis: 60.0
cpu: exceptions=3395 cacheResets=1 batches=27232 verts=477228 texStalls=0 recompiles=927 underruns=5 overruns=0 sleep_us=6052257 queue_ms=14
fps: 30.0
vis: 60.0
cpu: exceptions=3555 cacheResets=1 batches=32096 verts=541107 texStalls=0 recompiles=927 underruns=5 overruns=0 sleep_us=6236779 queue_ms=10
fps: 30.0
vis: 60.0
cpu: exceptions=3715 cacheResets=1 batches=36969 verts=605040 texStalls=0 recompiles=927 underruns=5 overruns=0 sleep_us=6414680 queue_ms=16
fps: 29.1
vis: 60.0
cpu: exceptions=3919 cacheResets=1 batches=41829 verts=668895 texStalls=0 recompiles=928 underruns=6 overruns=0 sleep_us=6574046 queue_ms=3
fps: 29.9
vis: 60.0
cpu: exceptions=4143 cacheResets=1 batches=46693 verts=732774 texStalls=0 recompiles=928 underruns=6 overruns=0 sleep_us=6721690 queue_ms=8
fps: 30.0
vis: 60.0
cpu: exceptions=4369 cacheResets=1 batches=51557 verts=796653 texStalls=0 recompiles=928 underruns=6 overruns=0 sleep_us=6867036 queue_ms=5
fps: 30.0
vis: 60.0
cpu: exceptions=4592 cacheResets=1 batches=56422 verts=860538 texStalls=0 recompiles=928 underruns=6 overruns=0 sleep_us=7014798 queue_ms=9
fps: 29.9
vis: 60.0
cpu: exceptions=4806 cacheResets=1 batches=61290 verts=924441 texStalls=0 recompiles=928 underruns=6 overruns=0 sleep_us=7166081 queue_ms=6
fps: 30.0
vis: 60.0
cpu: exceptions=5021 cacheResets=1 batches=66150 verts=988296 texStalls=0 recompiles=928 underruns=6 overruns=0 sleep_us=7320420 queue_ms=12
fps: 30.0
vis: 60.0
cpu: exceptions=5241 cacheResets=1 batches=71018 verts=1052199 texStalls=0 recompiles=928 underruns=6 overruns=0 sleep_us=7469010 queue_ms=7
fps: 30.0
vis: 60.0
cpu: exceptions=5469 cacheResets=1 batches=75881 verts=1116072 texStalls=0 recompiles=928 underruns=6 overruns=0 sleep_us=7616620 queue_ms=4
fps: 29.9
vis: 60.0
cpu: exceptions=5695 cacheResets=1 batches=80750 verts=1179981 texStalls=0 recompiles=928 underruns=6 overruns=0 sleep_us=7759055 queue_ms=9
vis: 60.0
cpu: exceptions=5931 cacheResets=1 batches=85616 verts=1243872 texStalls=0 recompiles=928 underruns=6 overruns=0 sleep_us=7898916 queue_ms=5
fps: 30.0
mark: stop reason: chain guest VI limit
mark: stop_it requested
audio: alist_resample_calls=16766 alist_resample_samples=2210288 alist_zoh_calls=0 alist_zoh_samples=0 musyx_subframes=0 musyx_voices=0 musyx_voice_peak=0
audio_stages: adpcm_calls=16492 adpcm_samples=2666048 envmix_calls=16200 envmix_samples=2161744 mix_calls=3500 mix_samples=1120000 musyx_fx_calls=0 musyx_fx_taps=0 output_calls=876 output_samples=467088
audio_envmix: exp_calls=16200 ge_calls=0 lin_calls=0 nead_calls=0 exp_steady=13256 ge_steady=0 lin_steady=0
audio_gaps: nead_mats=0 nead_efz=0 resample_flag2=0 musyx_ptr10=0
audio_output: stream_requests=3332 stream_fed=1621 input_hz=32006 playback_hz=32006 queue_peak_ms=138
vm_io: read_ahead=1 reads=0 hits=0 read_bytes=0 writes=0 write_bytes=0 errors=0
subsystem_time: stage=rsp_gfx calls=326 timed_calls=326 period=1 timed_us=1488832
subsystem_time: stage=rsp_audio calls=875 timed_calls=875 period=1 timed_us=430122
subsystem_time: stage=rsp_other calls=0 timed_calls=0 period=1 timed_us=0
subsystem_time: stage=lookup calls=4328703 timed_calls=34084 period=127 timed_us=4181
subsystem_time: stage=compile calls=928 timed_calls=928 period=1 timed_us=105388
subsystem_time: stage=dispatch calls=4324145 timed_calls=34048 period=127 timed_us=9637
subsystem_time: stage=execute_inclusive calls=4324145 timed_calls=34048 period=127 timed_us=86234
subsystem_time: stage=rom_copy calls=1548 timed_calls=1548 period=1 timed_us=25073
subsystem_time: stage=present calls=899 timed_calls=899 period=1 timed_us=18561
subsystem_time: stage=limiter calls=877 timed_calls=877 period=1 timed_us=7923716
subsystem_time: stage=vm_fault calls=0 timed_calls=0 period=1 timed_us=0
subsystem_time: stage=vm_victim calls=0 timed_calls=0 period=1 timed_us=0
subsystem_time: stage=vm_read calls=0 timed_calls=0 period=1 timed_us=0
subsystem_time: stage=vm_write calls=0 timed_calls=0 period=1 timed_us=0
subsystem_time: stage=tex_hash calls=29106 timed_calls=29106 period=1 timed_us=275326
subsystem_time: stage=tex_lookup calls=29106 timed_calls=29106 period=1 timed_us=4806
subsystem_time: stage=tex_load calls=37 timed_calls=37 period=1 timed_us=2233
subsystem_time: stage=tex_activate calls=29106 timed_calls=29106 period=1 timed_us=12441
subsystem_time: stage=draw_triangles calls=86588 timed_calls=86588 period=1 timed_us=195185
subsystem_time: stage=draw_rect calls=2010 timed_calls=2010 period=1 timed_us=14045
subsystem_time: stage=gfx_list calls=326 timed_calls=326 period=1 timed_us=1488251
subsystem_time: stage=gfx_command calls=1051615 timed_calls=8280 period=127 timed_us=11317
subsystem_time: stage=vertex calls=899902 timed_calls=7085 period=127 timed_us=1943
subsystem_time: stage=gfx_state calls=45014 timed_calls=354 period=127 timed_us=2743
subsystem_time: stage=gx_wait calls=0 timed_calls=0 period=1 timed_us=0
subsystem_time: stage=dma_pi calls=1548 timed_calls=1548 period=1 timed_us=48330
subsystem_time: stage=dma_sp calls=2402 timed_calls=2402 period=1 timed_us=1672
subsystem_time: stage=dma_si calls=971 timed_calls=971 period=1 timed_us=7552
subsystem_time: stage=tlb_translate calls=200897 timed_calls=1581 period=127 timed_us=56
subsystem_time: stage=pif calls=972 timed_calls=972 period=1 timed_us=6792
subsystem_time: stage=input calls=1304 timed_calls=1304 period=1 timed_us=5638
subsystem_time: stage=guest_interrupt calls=7495 timed_calls=7495 period=1 timed_us=7993658
subsystem_time: stage=interpreter_inclusive calls=0 timed_calls=0 period=1 timed_us=0
subsystem_time: stage=audio_submit calls=876 timed_calls=876 period=1 timed_us=10210
subsystem_time: stage=audio_callback calls=9351 timed_calls=9351 period=1 timed_us=5910
subsystem_time: stage=memory_slow calls=581950 timed_calls=4582 period=127 timed_us=9888
subsystem_time: stage=jit_invalidate calls=4558 timed_calls=35 period=127 timed_us=5
audio_time: stage=resample sampled_calls=132 sampled_samples=17488 sampled_us=744
audio_time: stage=zoh sampled_calls=0 sampled_samples=0 sampled_us=0
audio_time: stage=adpcm sampled_calls=129 sampled_samples=20784 sampled_us=871
audio_time: stage=envmix_exp sampled_calls=127 sampled_samples=16960 sampled_us=1185
audio_time: stage=envmix_ge sampled_calls=0 sampled_samples=0 sampled_us=0
audio_time: stage=envmix_lin sampled_calls=0 sampled_samples=0 sampled_us=0
audio_time: stage=envmix_nead sampled_calls=0 sampled_samples=0 sampled_us=0
audio_time: stage=mix sampled_calls=27 sampled_samples=8640 sampled_us=147
audio_time: stage=musyx_voice sampled_calls=0 sampled_samples=0 sampled_us=0
audio_time: stage=musyx_fx sampled_calls=0 sampled_samples=0 sampled_us=0
audio_time: stage=output sampled_calls=6 sampled_samples=3200 sampled_us=60
game: n=1/3 how=vis vis=900 vi_rate=60 vi0_retrace=316 wall_us=15178917 sleep_us=7921079 avg_vis=58.00 avg_fps=25.29 exceptions=5978 cacheResets=1 recompiles=928 batches=86588 verts=1256643 texStalls=0 treeDepthMax=14 underruns=7 overruns=0 queue_peak_ms=120 dsp_avg=1.52 dsp_peak=1.85 pmc1=5117288878 pmc2=5101123662 pmc3=0 pmc4=0 mmcr0=00000042 mmcr1=00000000 heap_used=10848744 heap_free=37832 arena1_free=565248 arena2_free=577472 flushes=3 flush_us=34024 padtrace=4 rom=sd:/wii64/roms/Super Mario 64.v64
=== chain 1/3 end vis=900 how=vis rom=sd:/wii64/roms/Super Mario 64.v64 ===
mark: pad replay records: 1
mark: loadROM: enter
mark: loadROM: before rom_read
mark: ROMCache_load: enter
mark: ROMCache_load: before first read
mark: ROMCache_load: first read returned
mark: ROMCache_load: byte_swap_type set
mark: ROMCache_load: first byte_swap done
menufps: 0.1
menufps: 8.3
menufps: 8.4
menufps: 8.3
menufps: 8.3
menufps: 8.3
menufps: 8.3
mark: ROMCache_load: loop exited normally
mark: ROMCache_load: elapsed_us=3737348 bytes=16777216 vm=0
mark: loadROM: after rom_read
mark: loadROM: before init_memory
mark: loadROM: after init_memory
mark: loadROM: before romOpen_gfx
mark: loadROM: after romOpen_gfx / before romOpen_audio
mark: loadROM: after romOpen_audio / before romOpen_input
mark: loadROM: after romOpen_input / before cpu_init
mark: loadROM: after cpu_init
menufps: 0.9
fps: 0.4
first_vi: vi0_retrace=1656
vis: 0.9
cpu: exceptions=0 cacheResets=0 batches=0 verts=0 texStalls=0 recompiles=0 underruns=0 overruns=0 sleep_us=0 queue_ms=0
mark: CPU core dispatch: dynarec
vis: 60.0
cpu: exceptions=37 cacheResets=1 batches=0 verts=0 texStalls=0 recompiles=138 underruns=0 overruns=0 sleep_us=37691 queue_ms=0
vis: 60.0
cpu: exceptions=67 cacheResets=1 batches=0 verts=0 texStalls=0 recompiles=138 underruns=0 overruns=0 sleep_us=372885 queue_ms=0
vis: 60.0
cpu: exceptions=368 cacheResets=1 batches=0 verts=0 texStalls=0 recompiles=390 underruns=0 overruns=0 sleep_us=660729 queue_ms=0
vis: 60.0
cpu: exceptions=570 cacheResets=1 batches=0 verts=0 texStalls=0 recompiles=668 underruns=1 overruns=0 sleep_us=961313 queue_ms=17
fps: 0.4
vis: 60.0
cpu: exceptions=766 cacheResets=1 batches=44 verts=2262 texStalls=0 recompiles=1899 underruns=2 overruns=0 sleep_us=1128235 queue_ms=34
vis: 60.0
cpu: exceptions=919 cacheResets=1 batches=44 verts=2262 texStalls=0 recompiles=1913 underruns=2 overruns=0 sleep_us=1392598 queue_ms=39
fps: 1.3
vis: 60.0
cpu: exceptions=1111 cacheResets=1 batches=523 verts=18168 texStalls=0 recompiles=1999 underruns=2 overruns=0 sleep_us=1666469 queue_ms=43
fps: 30.0
vis: 60.0
cpu: exceptions=1290 cacheResets=1 batches=1367 verts=39522 texStalls=0 recompiles=2006 underruns=2 overruns=0 sleep_us=1952521 queue_ms=48
fps: 30.0
vis: 60.0
cpu: exceptions=1480 cacheResets=1 batches=2414 verts=62094 texStalls=0 recompiles=2009 underruns=2 overruns=0 sleep_us=2227951 queue_ms=52
fps: 29.4
vis: 60.0
cpu: exceptions=1657 cacheResets=1 batches=3477 verts=84762 texStalls=0 recompiles=2010 underruns=2 overruns=0 sleep_us=2505461 queue_ms=43
fps: 30.0
vis: 60.0
cpu: exceptions=1840 cacheResets=1 batches=4530 verts=107034 texStalls=0 recompiles=2012 underruns=2 overruns=0 sleep_us=2783250 queue_ms=34
fps: 30.0
vis: 60.0
cpu: exceptions=2031 cacheResets=1 batches=5594 verts=129078 texStalls=0 recompiles=2029 underruns=2 overruns=0 sleep_us=3056127 queue_ms=30
fps: 30.0
vis: 60.0
cpu: exceptions=2218 cacheResets=1 batches=6620 verts=150894 texStalls=0 recompiles=2029 underruns=2 overruns=0 sleep_us=3337838 queue_ms=35
fps: 30.0
vis: 60.0
cpu: exceptions=2399 cacheResets=1 batches=7874 verts=182286 texStalls=0 recompiles=2031 underruns=2 overruns=0 sleep_us=3588523 queue_ms=39
fps: 29.9
vis: 60.0
cpu: exceptions=2607 cacheResets=1 batches=9515 verts=221466 texStalls=0 recompiles=2036 underruns=2 overruns=0 sleep_us=3801568 queue_ms=44
fps: 30.0
vis: 60.0
cpu: exceptions=2786 cacheResets=1 batches=11160 verts=252474 texStalls=0 recompiles=2047 underruns=2 overruns=0 sleep_us=4030647 queue_ms=26
fps: 30.0
vis: 60.0
cpu: exceptions=2963 cacheResets=1 batches=12648 verts=277062 texStalls=0 recompiles=2063 underruns=2 overruns=0 sleep_us=4291669 queue_ms=31
fps: 30.0
vis: 60.0
cpu: exceptions=3134 cacheResets=1 batches=13893 verts=300192 texStalls=0 recompiles=2063 underruns=2 overruns=0 sleep_us=4572726 queue_ms=35
fps: 30.0
vis: 60.0
cpu: exceptions=3311 cacheResets=1 batches=14955 verts=322224 texStalls=0 recompiles=2064 underruns=2 overruns=0 sleep_us=4861895 queue_ms=40
fps: 30.0
vis: 60.0
cpu: exceptions=3496 cacheResets=1 batches=15990 verts=344094 texStalls=0 recompiles=2064 underruns=2 overruns=0 sleep_us=5144613 queue_ms=44
fps: 30.0
vis: 60.0
cpu: exceptions=3685 cacheResets=1 batches=17051 verts=367944 texStalls=0 recompiles=2064 underruns=2 overruns=0 sleep_us=5417183 queue_ms=27
fps: 29.9
vis: 60.0
cpu: exceptions=3873 cacheResets=1 batches=18373 verts=405216 texStalls=0 recompiles=2064 underruns=2 overruns=0 sleep_us=5659057 queue_ms=31
fps: 30.0
vis: 60.0
cpu: exceptions=4080 cacheResets=1 batches=19710 verts=442578 texStalls=0 recompiles=2072 underruns=2 overruns=0 sleep_us=5896600 queue_ms=36
fps: 29.9
vis: 60.0
cpu: exceptions=4276 cacheResets=1 batches=22471 verts=477696 texStalls=0 recompiles=2081 underruns=2 overruns=0 sleep_us=6104548 queue_ms=40
fps: 29.8
vis: 60.0
cpu: exceptions=4471 cacheResets=1 batches=27669 verts=520134 texStalls=0 recompiles=2081 underruns=2 overruns=0 sleep_us=6271352 queue_ms=44
fps: 30.0
vis: 60.0
cpu: exceptions=4657 cacheResets=1 batches=32960 verts=563130 texStalls=0 recompiles=2081 underruns=2 overruns=0 sleep_us=6443762 queue_ms=27
fps: 30.0
vis: 60.0
cpu: exceptions=4854 cacheResets=1 batches=37986 verts=604536 texStalls=0 recompiles=2083 underruns=2 overruns=0 sleep_us=6626272 queue_ms=32
fps: 30.0
vis: 60.0
cpu: exceptions=5048 cacheResets=1 batches=43113 verts=646548 texStalls=0 recompiles=2083 underruns=2 overruns=0 sleep_us=6807074 queue_ms=36
fps: 30.0
vis: 60.0
cpu: exceptions=5255 cacheResets=1 batches=48350 verts=691956 texStalls=0 recompiles=2083 underruns=2 overruns=0 sleep_us=6963901 queue_ms=40
fps: 29.2
mark: stop reason: chain guest VI limit
mark: stop_it requested
audio: alist_resample_calls=7273 alist_resample_samples=1338232 alist_zoh_calls=0 alist_zoh_samples=0 musyx_subframes=0 musyx_voices=0 musyx_voice_peak=0
audio_stages: adpcm_calls=5684 adpcm_samples=629344 envmix_calls=5654 envmix_samples=1040336 mix_calls=32380 mix_samples=5957920 musyx_fx_calls=0 musyx_fx_taps=0 output_calls=405 output_samples=297160
audio_envmix: exp_calls=0 ge_calls=0 lin_calls=5654 nead_calls=0 exp_steady=0 ge_steady=0 lin_steady=5208
audio_gaps: nead_mats=0 nead_efz=0 resample_flag2=0 musyx_ptr10=0
audio_output: stream_requests=3354 stream_fed=1031 input_hz=21998 playback_hz=21998 queue_peak_ms=82
vm_io: read_ahead=1 reads=0 hits=0 read_bytes=0 writes=0 write_bytes=0 errors=0
subsystem_time: stage=rsp_gfx calls=358 timed_calls=358 period=1 timed_us=1372175
subsystem_time: stage=rsp_audio calls=406 timed_calls=406 period=1 timed_us=307681
subsystem_time: stage=rsp_other calls=0 timed_calls=0 period=1 timed_us=0
subsystem_time: stage=lookup calls=4415549 timed_calls=34768 period=127 timed_us=5729
subsystem_time: stage=compile calls=2084 timed_calls=2084 period=1 timed_us=177750
subsystem_time: stage=dispatch calls=4132108 timed_calls=32536 period=127 timed_us=11072
subsystem_time: stage=execute_inclusive calls=4132108 timed_calls=32536 period=127 timed_us=62375
subsystem_time: stage=rom_copy calls=640 timed_calls=640 period=1 timed_us=14331
subsystem_time: stage=present calls=899 timed_calls=899 period=1 timed_us=61600
subsystem_time: stage=limiter calls=858 timed_calls=858 period=1 timed_us=7147798
subsystem_time: stage=vm_fault calls=0 timed_calls=0 period=1 timed_us=0
subsystem_time: stage=vm_victim calls=0 timed_calls=0 period=1 timed_us=0
subsystem_time: stage=vm_read calls=0 timed_calls=0 period=1 timed_us=0
subsystem_time: stage=vm_write calls=0 timed_calls=0 period=1 timed_us=0
subsystem_time: stage=tex_hash calls=48848 timed_calls=48848 period=1 timed_us=401758
subsystem_time: stage=tex_lookup calls=48848 timed_calls=48848 period=1 timed_us=7390
subsystem_time: stage=tex_load calls=28 timed_calls=28 period=1 timed_us=1992
subsystem_time: stage=tex_activate calls=48848 timed_calls=48848 period=1 timed_us=20883
subsystem_time: stage=draw_triangles calls=52520 timed_calls=52520 period=1 timed_us=180456
subsystem_time: stage=draw_rect calls=0 timed_calls=0 period=1 timed_us=0
subsystem_time: stage=gfx_list calls=358 timed_calls=358 period=1 timed_us=1371515
subsystem_time: stage=gfx_command calls=1088190 timed_calls=8568 period=127 timed_us=10865
subsystem_time: stage=vertex calls=360552 timed_calls=2838 period=127 timed_us=598
subsystem_time: stage=gfx_state calls=84009 timed_calls=661 period=127 timed_us=4503
subsystem_time: stage=gx_wait calls=0 timed_calls=0 period=1 timed_us=0
subsystem_time: stage=dma_pi calls=640 timed_calls=640 period=1 timed_us=27378
subsystem_time: stage=dma_sp calls=1528 timed_calls=1528 period=1 timed_us=1527
subsystem_time: stage=dma_si calls=1147 timed_calls=1147 period=1 timed_us=11576
subsystem_time: stage=tlb_translate calls=0 timed_calls=0 period=127 timed_us=0
subsystem_time: stage=pif calls=1149 timed_calls=1149 period=1 timed_us=10639
subsystem_time: stage=input calls=807 timed_calls=807 period=1 timed_us=8603
subsystem_time: stage=guest_interrupt calls=6614 timed_calls=6614 period=1 timed_us=7270043
subsystem_time: stage=interpreter_inclusive calls=0 timed_calls=0 period=1 timed_us=0
subsystem_time: stage=audio_submit calls=405 timed_calls=405 period=1 timed_us=6414
subsystem_time: stage=audio_callback calls=9373 timed_calls=9373 period=1 timed_us=4108
subsystem_time: stage=memory_slow calls=487873 timed_calls=3841 period=127 timed_us=20479
subsystem_time: stage=jit_invalidate calls=283441 timed_calls=2231 period=127 timed_us=325
audio_time: stage=resample sampled_calls=57 sampled_samples=10488 sampled_us=416
audio_time: stage=zoh sampled_calls=0 sampled_samples=0 sampled_us=0
audio_time: stage=adpcm sampled_calls=44 sampled_samples=4752 sampled_us=207
audio_time: stage=envmix_exp sampled_calls=0 sampled_samples=0 sampled_us=0
audio_time: stage=envmix_ge sampled_calls=0 sampled_samples=0 sampled_us=0
audio_time: stage=envmix_lin sampled_calls=44 sampled_samples=8096 sampled_us=697
audio_time: stage=envmix_nead sampled_calls=0 sampled_samples=0 sampled_us=0
audio_time: stage=mix sampled_calls=254 sampled_samples=46736 sampled_us=783
audio_time: stage=musyx_voice sampled_calls=0 sampled_samples=0 sampled_us=0
audio_time: stage=musyx_fx sampled_calls=0 sampled_samples=0 sampled_us=0
audio_time: stage=output sampled_calls=3 sampled_samples=2208 sampled_us=39
game: n=2/3 how=vis vis=900 vi_rate=60 vi0_retrace=1656 wall_us=15176326 sleep_us=7144979 avg_vis=58.03 avg_fps=26.55 exceptions=5450 cacheResets=1 recompiles=2084 batches=52520 verts=741906 texStalls=0 treeDepthMax=31 underruns=2 overruns=0 queue_peak_ms=52 dsp_avg=1.35 dsp_peak=1.60 pmc1=5597000167 pmc2=5326555978 pmc3=0 pmc4=0 mmcr0=00000042 mmcr1=00000000 heap_used=10926152 heap_free=34152 arena1_free=491520 arena2_free=577472 flushes=4 flush_us=42383 padtrace=0 rom=sd:/wii64/roms/Banjo-Kazooie.V64
=== chain 2/3 end vis=900 how=vis rom=sd:/wii64/roms/Banjo-Kazooie.V64 ===
mark: pad replay records: 1
mark: loadROM: enter
mark: loadROM: before rom_read
mark: ROMCache_load: enter
mark: ROMCache_load: before first read
mark: ROMCache_load: first read returned
mark: ROMCache_load: byte_swap_type set
mark: ROMCache_load: first byte_swap done
menufps: 0.1
menufps: 8.4
menufps: 8.3
menufps: 8.3
menufps: 7.7
menufps: 8.1
menufps: 8.3
mark: ROMCache_load: loop exited normally
mark: ROMCache_load: elapsed_us=3767467 bytes=16777216 vm=0
mark: loadROM: after rom_read
mark: loadROM: before init_memory
mark: loadROM: after init_memory
mark: loadROM: before romOpen_gfx
mark: loadROM: after romOpen_gfx / before romOpen_audio
mark: loadROM: after romOpen_audio / before romOpen_input
mark: loadROM: after romOpen_input / before cpu_init
mark: loadROM: after cpu_init
menufps: 1.2
fps: 0.7
first_vi: vi0_retrace=2998
vis: 3.8
cpu: exceptions=0 cacheResets=0 batches=0 verts=0 texStalls=0 recompiles=0 underruns=0 overruns=0 sleep_us=0 queue_ms=0
mark: CPU core dispatch: dynarec
vis: 60.0
cpu: exceptions=1470 cacheResets=1 batches=0 verts=0 texStalls=0 recompiles=421 underruns=0 overruns=0 sleep_us=130283 queue_ms=157
fps: 3.1
vis: 60.0
cpu: exceptions=2354 cacheResets=1 batches=0 verts=0 texStalls=0 recompiles=425 underruns=0 overruns=0 sleep_us=498125 queue_ms=151
fps: 60.6
vis: 60.0
cpu: exceptions=2624 cacheResets=1 batches=0 verts=0 texStalls=0 recompiles=425 underruns=0 overruns=0 sleep_us=925843 queue_ms=156
fps: 60.0
vis: 60.0
cpu: exceptions=2917 cacheResets=1 batches=0 verts=0 texStalls=0 recompiles=468 underruns=0 overruns=0 sleep_us=1340007 queue_ms=153
vis: 60.0
cpu: exceptions=3297 cacheResets=1 batches=0 verts=0 texStalls=0 recompiles=468 underruns=0 overruns=0 sleep_us=1696950 queue_ms=157
fps: 14.9
vis: 55.5
cpu: exceptions=3636 cacheResets=1 batches=2160 verts=57624 texStalls=0 recompiles=742 underruns=0 overruns=0 sleep_us=1885524 queue_ms=121
fps: 59.5
vis: 60.0
cpu: exceptions=3926 cacheResets=1 batches=8940 verts=235104 texStalls=0 recompiles=763 underruns=0 overruns=0 sleep_us=1966695 queue_ms=117
fps: 60.0
vis: 60.0
cpu: exceptions=4222 cacheResets=1 batches=15711 verts=412530 texStalls=0 recompiles=771 underruns=0 overruns=0 sleep_us=2050745 queue_ms=121
fps: 60.0
vis: 60.0
cpu: exceptions=4521 cacheResets=1 batches=22461 verts=589830 texStalls=0 recompiles=775 underruns=0 overruns=0 sleep_us=2134525 queue_ms=119
fps: 60.0
vis: 60.0
cpu: exceptions=4812 cacheResets=1 batches=29211 verts=767130 texStalls=0 recompiles=775 underruns=0 overruns=0 sleep_us=2221434 queue_ms=114
fps: 60.0
vis: 60.0
cpu: exceptions=5100 cacheResets=1 batches=35961 verts=944430 texStalls=0 recompiles=775 underruns=0 overruns=0 sleep_us=2310361 queue_ms=120
fps: 60.0
vis: 60.0
cpu: exceptions=5395 cacheResets=1 batches=42711 verts=1121730 texStalls=0 recompiles=775 underruns=0 overruns=0 sleep_us=2395921 queue_ms=115
fps: 60.0
vis: 60.0
cpu: exceptions=5681 cacheResets=1 batches=49461 verts=1299030 texStalls=0 recompiles=777 underruns=0 overruns=0 sleep_us=2485234 queue_ms=122
fps: 60.0
vis: 60.0
cpu: exceptions=5975 cacheResets=1 batches=56211 verts=1476330 texStalls=0 recompiles=777 underruns=0 overruns=0 sleep_us=2566915 queue_ms=117
fps: 60.0
vis: 60.0
cpu: exceptions=6273 cacheResets=1 batches=62961 verts=1653630 texStalls=0 recompiles=777 underruns=0 overruns=0 sleep_us=2646471 queue_ms=123
fps: 60.0
vis: 60.0
cpu: exceptions=6568 cacheResets=1 batches=69711 verts=1830930 texStalls=0 recompiles=777 underruns=0 overruns=0 sleep_us=2726537 queue_ms=119
fps: 60.0
vis: 60.0
cpu: exceptions=6866 cacheResets=1 batches=76461 verts=2008230 texStalls=0 recompiles=777 underruns=0 overruns=0 sleep_us=2803588 queue_ms=115
fps: 60.0
vis: 60.0
cpu: exceptions=7158 cacheResets=1 batches=83211 verts=2185530 texStalls=0 recompiles=777 underruns=0 overruns=0 sleep_us=2882694 queue_ms=121
fps: 60.0
vis: 60.0
cpu: exceptions=7450 cacheResets=1 batches=89961 verts=2362830 texStalls=0 recompiles=777 underruns=0 overruns=0 sleep_us=2964087 queue_ms=116
fps: 58.1
vis: 60.0
cpu: exceptions=7739 cacheResets=1 batches=96711 verts=2540130 texStalls=0 recompiles=777 underruns=0 overruns=0 sleep_us=3047209 queue_ms=104
fps: 60.0
vis: 60.0
cpu: exceptions=8029 cacheResets=1 batches=103461 verts=2717430 texStalls=0 recompiles=777 underruns=0 overruns=0 sleep_us=3133752 queue_ms=100
fps: 59.9
vis: 60.0
cpu: exceptions=8326 cacheResets=1 batches=110211 verts=2894730 texStalls=0 recompiles=777 underruns=0 overruns=0 sleep_us=3213837 queue_ms=106
fps: 60.0
vis: 60.0
cpu: exceptions=8620 cacheResets=1 batches=116961 verts=3072030 texStalls=0 recompiles=777 underruns=0 overruns=0 sleep_us=3282868 queue_ms=101
fps: 60.0
vis: 60.0
cpu: exceptions=8931 cacheResets=1 batches=123711 verts=3249330 texStalls=0 recompiles=777 underruns=0 overruns=0 sleep_us=3339222 queue_ms=99
fps: 60.0
vis: 60.0
cpu: exceptions=9249 cacheResets=1 batches=130461 verts=3426630 texStalls=0 recompiles=777 underruns=0 overruns=0 sleep_us=3392630 queue_ms=103
fps: 60.0
vis: 60.0
cpu: exceptions=9568 cacheResets=1 batches=137211 verts=3603930 texStalls=0 recompiles=777 underruns=0 overruns=0 sleep_us=3447769 queue_ms=100
fps: 60.0
vis: 60.0
cpu: exceptions=9881 cacheResets=1 batches=143961 verts=3781230 texStalls=0 recompiles=777 underruns=0 overruns=0 sleep_us=3503960 queue_ms=105
fps: 60.0
vis: 60.0
cpu: exceptions=10190 cacheResets=1 batches=150711 verts=3958530 texStalls=0 recompiles=777 underruns=0 overruns=0 sleep_us=3563003 queue_ms=101
fps: 59.8
vis: 60.0
cpu: exceptions=10503 cacheResets=1 batches=157883 verts=4149348 texStalls=0 recompiles=777 underruns=0 overruns=0 sleep_us=3614439 queue_ms=107
fps: 60.1
vis: 60.0
cpu: exceptions=10812 cacheResets=1 batches=166733 verts=4394238 texStalls=0 recompiles=777 underruns=0 overruns=0 sleep_us=3623965 queue_ms=103
mark: stop reason: chain guest VI limit
mark: stop_it requested
audio: alist_resample_calls=10077 alist_resample_samples=1250096 alist_zoh_calls=0 alist_zoh_samples=0 musyx_subframes=0 musyx_voices=0 musyx_voice_peak=0
audio_stages: adpcm_calls=9759 adpcm_samples=1154016 envmix_calls=10077 envmix_samples=1250096 mix_calls=79024 mix_samples=10544864 musyx_fx_calls=0 musyx_fx_taps=0 output_calls=897 output_samples=478768
audio_envmix: exp_calls=10077 ge_calls=0 lin_calls=0 nead_calls=0 exp_steady=5510 ge_steady=0 lin_steady=0
audio_gaps: nead_mats=0 nead_efz=0 resample_flag2=0 musyx_ptr10=0
audio_output: stream_requests=3316 stream_fed=1654 input_hz=32006 playback_hz=32006 queue_peak_ms=179
vm_io: read_ahead=1 reads=0 hits=0 read_bytes=0 writes=0 write_bytes=0 errors=0
subsystem_time: stage=rsp_gfx calls=810 timed_calls=810 period=1 timed_us=5666531
subsystem_time: stage=rsp_audio calls=898 timed_calls=898 period=1 timed_us=591787
subsystem_time: stage=rsp_other calls=0 timed_calls=0 period=1 timed_us=0
subsystem_time: stage=lookup calls=3610035 timed_calls=28425 period=127 timed_us=3994
subsystem_time: stage=compile calls=777 timed_calls=777 period=1 timed_us=106386
subsystem_time: stage=dispatch calls=3517136 timed_calls=27693 period=127 timed_us=8733
subsystem_time: stage=execute_inclusive calls=3517136 timed_calls=27693 period=127 timed_us=112604
subsystem_time: stage=rom_copy calls=1024 timed_calls=1024 period=1 timed_us=14714
subsystem_time: stage=present calls=899 timed_calls=899 period=1 timed_us=42135
subsystem_time: stage=limiter calls=862 timed_calls=862 period=1 timed_us=3626847
subsystem_time: stage=vm_fault calls=0 timed_calls=0 period=1 timed_us=0
subsystem_time: stage=vm_victim calls=0 timed_calls=0 period=1 timed_us=0
subsystem_time: stage=vm_read calls=0 timed_calls=0 period=1 timed_us=0
subsystem_time: stage=vm_write calls=0 timed_calls=0 period=1 timed_us=0
subsystem_time: stage=tex_hash calls=147492 timed_calls=147492 period=1 timed_us=1414993
subsystem_time: stage=tex_lookup calls=147492 timed_calls=147492 period=1 timed_us=38028
subsystem_time: stage=tex_load calls=136 timed_calls=136 period=1 timed_us=18804
subsystem_time: stage=tex_activate calls=147492 timed_calls=147492 period=1 timed_us=62008
subsystem_time: stage=draw_triangles calls=167028 timed_calls=167028 period=1 timed_us=585190
subsystem_time: stage=draw_rect calls=5440 timed_calls=5440 period=1 timed_us=115655
subsystem_time: stage=gfx_list calls=810 timed_calls=810 period=1 timed_us=5665096
subsystem_time: stage=gfx_command calls=5319454 timed_calls=41885 period=127 timed_us=44428
subsystem_time: stage=vertex calls=2761556 timed_calls=21744 period=127 timed_us=3530
subsystem_time: stage=gfx_state calls=147504 timed_calls=1161 period=127 timed_us=14213
subsystem_time: stage=gx_wait calls=0 timed_calls=0 period=1 timed_us=0
subsystem_time: stage=dma_pi calls=2023 timed_calls=2023 period=1 timed_us=29895
subsystem_time: stage=dma_sp calls=3416 timed_calls=3416 period=1 timed_us=3208
subsystem_time: stage=dma_si calls=4478 timed_calls=4478 period=1 timed_us=21091
subsystem_time: stage=tlb_translate calls=0 timed_calls=0 period=127 timed_us=0
subsystem_time: stage=pif calls=4479 timed_calls=4479 period=1 timed_us=20213
subsystem_time: stage=input calls=3508 timed_calls=3508 period=1 timed_us=14666
subsystem_time: stage=guest_interrupt calls=12490 timed_calls=12490 period=1 timed_us=3732185
subsystem_time: stage=interpreter_inclusive calls=0 timed_calls=0 period=1 timed_us=0
subsystem_time: stage=audio_submit calls=898 timed_calls=898 period=1 timed_us=10950
subsystem_time: stage=audio_callback calls=9367 timed_calls=9367 period=1 timed_us=7149
subsystem_time: stage=memory_slow calls=833844 timed_calls=6565 period=127 timed_us=51517
subsystem_time: stage=jit_invalidate calls=92899 timed_calls=731 period=127 timed_us=94
audio_time: stage=resample sampled_calls=79 sampled_samples=10240 sampled_us=442
audio_time: stage=zoh sampled_calls=0 sampled_samples=0 sampled_us=0
audio_time: stage=adpcm sampled_calls=76 sampled_samples=8016 sampled_us=372
audio_time: stage=envmix_exp sampled_calls=79 sampled_samples=10240 sampled_us=1189
audio_time: stage=envmix_ge sampled_calls=0 sampled_samples=0 sampled_us=0
audio_time: stage=envmix_lin sampled_calls=0 sampled_samples=0 sampled_us=0
audio_time: stage=envmix_nead sampled_calls=0 sampled_samples=0 sampled_us=0
audio_time: stage=mix sampled_calls=622 sampled_samples=83008 sampled_us=1369
audio_time: stage=musyx_voice sampled_calls=0 sampled_samples=0 sampled_us=0
audio_time: stage=musyx_fx sampled_calls=0 sampled_samples=0 sampled_us=0
audio_time: stage=output sampled_calls=7 sampled_samples=3712 sampled_us=70
game: n=3/3 how=vis vis=900 vi_rate=60 vi0_retrace=2998 wall_us=15239291 sleep_us=3623965 avg_vis=58.04 avg_fps=54.37 exceptions=10822 cacheResets=1 recompiles=777 batches=167028 verts=4402401 texStalls=0 treeDepthMax=12 underruns=0 overruns=0 queue_peak_ms=157 dsp_avg=1.60 dsp_peak=1.90 pmc1=8296781806 pmc2=7977150986 pmc3=0 pmc4=0 mmcr0=00000042 mmcr1=00000000 heap_used=10838344 heap_free=158824 arena1_free=454656 arena2_free=577472 flushes=3 flush_us=37704 padtrace=0 rom=sd:/wii64/roms/Pokemon Snap.rom
=== chain 3/3 end vis=900 how=vis rom=sd:/wii64/roms/Pokemon Snap.rom ===
