--- wii64 perf log ---
mark: diag config: wiiload arguments
mark: wiiload dynacore argument received
mark: diag received dynacore line
mark: diag requested core: dynarec
mark: pad replay records: 1
selftest:
  raw[0]=51289027747789474
  raw[1]=51289027747789476
  raw[2]=51289027747789492
  raw[3]=51289027747789503
  raw[4]=51289027747789514
  delta[0]=0us
  delta[1]=0us
  delta[2]=0us
  delta[3]=0us
mark: audio quality: accurate
mark: audio modes: n64=0 output=0 mixer=0 latency=2 sync=0
mark: diag applied core: dynarec
mark: HBC agent ready
mark: loadROM: enter
mark: loadROM: before rom_read
mark: ROMCache_load: enter
menufps: 0.4
mark: ROMCache_load: before first read
mark: ROMCache_load: first read returned
mark: ROMCache_load: byte_swap_type set
mark: ROMCache_load: first byte_swap done
menufps: 0.2
menufps: 8.4
menufps: 2.7
menufps: 8.0
menufps: 7.8
menufps: 8.0
menufps: 8.0
menufps: 8.0
menufps: 2.7
menufps: 1.3
menufps: 1.3
menufps: 1.3
menufps: 1.2
menufps: 1.2
menufps: 1.2
menufps: 3.7
menufps: 8.3
menufps: 8.1
menufps: 8.1
menufps: 8.3
mark: ROMCache_load: loop exited normally
menufps: 2.8
menufps: 1.1
menufps: 1.2
menufps: 1.1
menufps: 1.1
menufps: 1.1
menufps: 1.2
menufps: 1.1
menufps: 1.1
menufps: 1.1
menufps: 1.1
menufps: 1.1
menufps: 1.1
menufps: 1.1
menufps: 1.1
menufps: 1.1
menufps: 1.1
menufps: 1.1
menufps: 1.1
menufps: 1.1
mark: ROMCache_load: preflush_us=17659527
mark: ROMCache_load: elapsed_us=40541878 bytes=33554432 vm=1
mark: loadROM: after rom_read
mark: loadROM: before init_memory
mark: loadROM: after init_memory
mark: loadROM: before romOpen_gfx
mark: loadROM: after romOpen_gfx / before romOpen_audio
mark: loadROM: after romOpen_audio / before romOpen_input
mark: loadROM: after romOpen_input / before cpu_init
mark: loadROM: after cpu_init
menufps: 3.0
menufps: 1.0
menufps: 1.0
fps: 0.0
first_vi: vi0_retrace=2635
vis: 0.0
cpu: exceptions=0 cacheResets=0 batches=0 verts=0 texStalls=0 recompiles=0 underruns=0 overruns=0 sleep_us=0 queue_ms=0
mark: CPU core dispatch: dynarec
vis: 60.0
cpu: exceptions=81 cacheResets=1 batches=0 verts=0 texStalls=0 recompiles=242 underruns=1 overruns=0 sleep_us=22022 queue_ms=130
vis: 60.0
cpu: exceptions=211 cacheResets=1 batches=0 verts=0 texStalls=0 recompiles=372 underruns=1 overruns=0 sleep_us=434823 queue_ms=117
vis: 60.0
cpu: exceptions=314 cacheResets=1 batches=0 verts=0 texStalls=0 recompiles=452 underruns=1 overruns=0 sleep_us=783173 queue_ms=126
vis: 60.0
cpu: exceptions=1399 cacheResets=1 batches=0 verts=0 texStalls=0 recompiles=713 underruns=1 overruns=0 sleep_us=1040633 queue_ms=126
vis: 60.0
cpu: exceptions=1964 cacheResets=1 batches=0 verts=0 texStalls=0 recompiles=717 underruns=1 overruns=0 sleep_us=1342448 queue_ms=126
vis: 60.0
cpu: exceptions=6119 cacheResets=1 batches=0 verts=0 texStalls=0 recompiles=1011 underruns=1 overruns=0 sleep_us=1495704 queue_ms=121
fps: 0.3
vis: 60.0
cpu: exceptions=6942 cacheResets=1 batches=14 verts=1764 texStalls=0 recompiles=1178 underruns=1 overruns=0 sleep_us=1899378 queue_ms=121
fps: 31.9
vis: 60.0
cpu: exceptions=7089 cacheResets=1 batches=29 verts=3654 texStalls=0 recompiles=1178 underruns=1 overruns=0 sleep_us=2339457 queue_ms=121
fps: 30.0
vis: 60.0
cpu: exceptions=7237 cacheResets=1 batches=44 verts=5544 texStalls=0 recompiles=1178 underruns=1 overruns=0 sleep_us=2779623 queue_ms=130
fps: 30.0
vis: 60.0
cpu: exceptions=7383 cacheResets=1 batches=59 verts=7434 texStalls=0 recompiles=1178 underruns=1 overruns=0 sleep_us=3220154 queue_ms=117
fps: 30.0
vis: 60.0
cpu: exceptions=7530 cacheResets=1 batches=74 verts=9324 texStalls=0 recompiles=1178 underruns=1 overruns=0 sleep_us=3660342 queue_ms=117
fps: 30.0
vis: 60.0
cpu: exceptions=7677 cacheResets=1 batches=89 verts=11214 texStalls=0 recompiles=1178 underruns=1 overruns=0 sleep_us=4100848 queue_ms=126
fps: 30.0
vis: 60.0
cpu: exceptions=7823 cacheResets=1 batches=104 verts=13104 texStalls=0 recompiles=1178 underruns=1 overruns=0 sleep_us=4540986 queue_ms=113
fps: 30.0
vis: 60.0
cpu: exceptions=7970 cacheResets=1 batches=119 verts=14994 texStalls=0 recompiles=1178 underruns=1 overruns=0 sleep_us=4981175 queue_ms=113
fps: 30.0
vis: 60.0
cpu: exceptions=8117 cacheResets=1 batches=134 verts=16884 texStalls=0 recompiles=1179 underruns=1 overruns=0 sleep_us=5433277 queue_ms=121
fps: 30.0
vis: 60.0
cpu: exceptions=8264 cacheResets=1 batches=149 verts=18774 texStalls=0 recompiles=1179 underruns=1 overruns=0 sleep_us=5886342 queue_ms=121
fps: 30.0
vis: 60.0
cpu: exceptions=8412 cacheResets=1 batches=164 verts=20664 texStalls=0 recompiles=1179 underruns=1 overruns=0 sleep_us=6339408 queue_ms=117
fps: 30.0
vis: 60.0
cpu: exceptions=8558 cacheResets=1 batches=179 verts=22554 texStalls=0 recompiles=1179 underruns=1 overruns=0 sleep_us=6792846 queue_ms=117
fps: 30.0
vis: 60.0
cpu: exceptions=8705 cacheResets=1 batches=194 verts=24444 texStalls=0 recompiles=1179 underruns=1 overruns=0 sleep_us=7245917 queue_ms=117
fps: 28.9
vis: 60.0
cpu: exceptions=8853 cacheResets=1 batches=209 verts=26334 texStalls=0 recompiles=1179 underruns=1 overruns=0 sleep_us=7699031 queue_ms=100
fps: 30.0
vis: 60.0
cpu: exceptions=8999 cacheResets=1 batches=224 verts=28224 texStalls=0 recompiles=1179 underruns=1 overruns=0 sleep_us=8152468 queue_ms=100
fps: 30.0
vis: 60.0
cpu: exceptions=9146 cacheResets=1 batches=239 verts=30114 texStalls=0 recompiles=1179 underruns=1 overruns=0 sleep_us=8605591 queue_ms=100
fps: 30.0
vis: 60.0
cpu: exceptions=9293 cacheResets=1 batches=254 verts=32004 texStalls=0 recompiles=1179 underruns=1 overruns=0 sleep_us=9060747 queue_ms=95
fps: 30.0
vis: 60.0
cpu: exceptions=9439 cacheResets=1 batches=269 verts=33894 texStalls=0 recompiles=1179 underruns=1 overruns=0 sleep_us=9514645 queue_ms=95
fps: 30.0
vis: 60.0
cpu: exceptions=9587 cacheResets=1 batches=284 verts=35784 texStalls=0 recompiles=1179 underruns=1 overruns=0 sleep_us=9968592 queue_ms=104
fps: 30.0
vis: 60.0
cpu: exceptions=9733 cacheResets=1 batches=299 verts=37674 texStalls=0 recompiles=1179 underruns=1 overruns=0 sleep_us=10422851 queue_ms=91
fps: 30.0
vis: 60.0
cpu: exceptions=9880 cacheResets=1 batches=314 verts=39564 texStalls=0 recompiles=1179 underruns=1 overruns=0 sleep_us=10876794 queue_ms=91
fps: 30.0
vis: 60.0
cpu: exceptions=10028 cacheResets=1 batches=329 verts=41454 texStalls=0 recompiles=1179 underruns=1 overruns=0 sleep_us=11330747 queue_ms=100
fps: 30.0
vis: 60.0
cpu: exceptions=10174 cacheResets=1 batches=344 verts=43344 texStalls=0 recompiles=1179 underruns=1 overruns=0 sleep_us=11785038 queue_ms=100
fps: 30.0
vis: 60.0
cpu: exceptions=10321 cacheResets=1 batches=359 verts=45234 texStalls=0 recompiles=1179 underruns=1 overruns=0 sleep_us=12238982 queue_ms=87
fps: 30.0
vis: 60.0
cpu: exceptions=10469 cacheResets=1 batches=374 verts=47124 texStalls=0 recompiles=1190 underruns=1 overruns=0 sleep_us=12681657 queue_ms=95
fps: 29.9
vis: 60.0
cpu: exceptions=10615 cacheResets=1 batches=389 verts=49014 texStalls=0 recompiles=1190 underruns=1 overruns=0 sleep_us=13120151 queue_ms=95
fps: 30.0
vis: 60.0
cpu: exceptions=10763 cacheResets=1 batches=404 verts=50904 texStalls=0 recompiles=1190 underruns=1 overruns=0 sleep_us=13558271 queue_ms=91
fps: 30.0
vis: 60.0
cpu: exceptions=10909 cacheResets=1 batches=419 verts=52794 texStalls=0 recompiles=1190 underruns=1 overruns=0 sleep_us=13996800 queue_ms=91
fps: 30.0
vis: 60.0
cpu: exceptions=11056 cacheResets=1 batches=434 verts=54684 texStalls=0 recompiles=1190 underruns=1 overruns=0 sleep_us=14435027 queue_ms=91
fps: 30.0
vis: 60.0
cpu: exceptions=11204 cacheResets=1 batches=449 verts=56574 texStalls=0 recompiles=1190 underruns=1 overruns=0 sleep_us=14873290 queue_ms=100
fps: 30.0
vis: 60.0
cpu: exceptions=11350 cacheResets=1 batches=464 verts=58464 texStalls=0 recompiles=1190 underruns=1 overruns=0 sleep_us=15311878 queue_ms=87
fps: 30.0
vis: 60.0
cpu: exceptions=11496 cacheResets=1 batches=479 verts=60354 texStalls=0 recompiles=1190 underruns=1 overruns=0 sleep_us=15750127 queue_ms=87
fps: 30.0
vis: 60.0
cpu: exceptions=11644 cacheResets=1 batches=494 verts=62244 texStalls=0 recompiles=1190 underruns=1 overruns=0 sleep_us=16188504 queue_ms=95
fps: 29.5
vis: 60.0
cpu: exceptions=11790 cacheResets=1 batches=509 verts=64134 texStalls=0 recompiles=1190 underruns=1 overruns=0 sleep_us=16640738 queue_ms=82
fps: 30.0
vis: 60.0
cpu: exceptions=11938 cacheResets=1 batches=524 verts=66024 texStalls=0 recompiles=1190 underruns=1 overruns=0 sleep_us=17096955 queue_ms=78
fps: 30.0
vis: 60.0
cpu: exceptions=12085 cacheResets=1 batches=539 verts=67914 texStalls=0 recompiles=1190 underruns=1 overruns=0 sleep_us=17553230 queue_ms=78
fps: 30.0
vis: 60.0
cpu: exceptions=12231 cacheResets=1 batches=554 verts=69804 texStalls=0 recompiles=1190 underruns=1 overruns=0 sleep_us=18009802 queue_ms=78
fps: 30.0
vis: 60.0
cpu: exceptions=12379 cacheResets=1 batches=569 verts=71694 texStalls=0 recompiles=1190 underruns=1 overruns=0 sleep_us=18465986 queue_ms=87
fps: 30.0
vis: 60.0
cpu: exceptions=12525 cacheResets=1 batches=584 verts=73584 texStalls=0 recompiles=1190 underruns=1 overruns=0 sleep_us=18922611 queue_ms=74
fps: 30.0
vis: 60.0
cpu: exceptions=12672 cacheResets=1 batches=599 verts=75474 texStalls=0 recompiles=1190 underruns=1 overruns=0 sleep_us=19378878 queue_ms=74
fps: 30.0
vis: 60.0
cpu: exceptions=12820 cacheResets=1 batches=614 verts=77364 texStalls=0 recompiles=1190 underruns=1 overruns=0 sleep_us=19835115 queue_ms=82
fps: 29.4
vis: 60.0
cpu: exceptions=12966 cacheResets=1 batches=629 verts=79254 texStalls=0 recompiles=1190 underruns=1 overruns=0 sleep_us=20270116 queue_ms=69
fps: 30.6
vis: 60.0
cpu: exceptions=13114 cacheResets=1 batches=644 verts=81144 texStalls=0 recompiles=1190 underruns=1 overruns=0 sleep_us=20708178 queue_ms=78
fps: 30.0
vis: 60.0
cpu: exceptions=13261 cacheResets=1 batches=659 verts=83034 texStalls=0 recompiles=1190 underruns=1 overruns=0 sleep_us=21146254 queue_ms=78
fps: 30.0
vis: 60.0
cpu: exceptions=13407 cacheResets=1 batches=674 verts=84924 texStalls=0 recompiles=1190 underruns=1 overruns=0 sleep_us=21584709 queue_ms=78
fps: 30.0
vis: 60.0
cpu: exceptions=13554 cacheResets=1 batches=689 verts=86814 texStalls=0 recompiles=1190 underruns=1 overruns=0 sleep_us=22022846 queue_ms=74
fps: 30.0
vis: 60.0
cpu: exceptions=13701 cacheResets=1 batches=704 verts=88704 texStalls=0 recompiles=1190 underruns=1 overruns=0 sleep_us=22461004 queue_ms=74
fps: 30.0
vis: 60.0
cpu: exceptions=13847 cacheResets=1 batches=719 verts=90594 texStalls=0 recompiles=1190 underruns=1 overruns=0 sleep_us=22899457 queue_ms=74
fps: 30.0
vis: 60.0
cpu: exceptions=13995 cacheResets=1 batches=734 verts=92484 texStalls=0 recompiles=1190 underruns=1 overruns=0 sleep_us=23337575 queue_ms=69
fps: 30.0
vis: 60.0
cpu: exceptions=14143 cacheResets=1 batches=989 verts=105894 texStalls=0 recompiles=1427 underruns=1 overruns=0 sleep_us=23745647 queue_ms=69
fps: 30.0
vis: 60.0
cpu: exceptions=14309 cacheResets=1 batches=1604 verts=136584 texStalls=0 recompiles=1613 underruns=1 overruns=0 sleep_us=24150530 queue_ms=78
fps: 30.0
vis: 60.0
cpu: exceptions=14473 cacheResets=1 batches=2219 verts=167274 texStalls=0 recompiles=1618 underruns=1 overruns=0 sleep_us=24563404 queue_ms=78
fps: 30.0
vis: 60.0
cpu: exceptions=14670 cacheResets=1 batches=2834 verts=197964 texStalls=0 recompiles=1624 underruns=1 overruns=0 sleep_us=24970890 queue_ms=65
fps: 29.2
mark: stop reason: chain guest VI limit
mark: stop_it requested
audio: alist_resample_calls=0 alist_resample_samples=0 alist_zoh_calls=0 alist_zoh_samples=0 musyx_subframes=3400 musyx_voices=615 musyx_voice_peak=5
audio_stages: adpcm_calls=0 adpcm_samples=0 envmix_calls=0 envmix_samples=0 mix_calls=0 mix_samples=0 musyx_fx_calls=3331 musyx_fx_taps=6662 output_calls=3407 output_samples=654144
audio_envmix: exp_calls=0 ge_calls=0 lin_calls=0 nead_calls=0 exp_steady=0 ge_steady=0 lin_steady=0
audio_gaps: nead_mats=0 nead_efz=0 resample_flag2=0 musyx_ptr10=0
audio_output: stream_requests=4075 stream_fed=2267 input_hz=22047 playback_hz=22047 queue_peak_ms=148
audio_time: stage=resample sampled_calls=0 sampled_samples=0 sampled_us=0
audio_time: stage=zoh sampled_calls=0 sampled_samples=0 sampled_us=0
audio_time: stage=adpcm sampled_calls=0 sampled_samples=0 sampled_us=0
audio_time: stage=envmix_exp sampled_calls=0 sampled_samples=0 sampled_us=0
audio_time: stage=envmix_ge sampled_calls=0 sampled_samples=0 sampled_us=0
audio_time: stage=envmix_lin sampled_calls=0 sampled_samples=0 sampled_us=0
audio_time: stage=envmix_nead sampled_calls=0 sampled_samples=0 sampled_us=0
audio_time: stage=mix sampled_calls=0 sampled_samples=0 sampled_us=0
audio_time: stage=musyx_voice sampled_calls=4 sampled_samples=768 sampled_us=77
audio_time: stage=musyx_fx sampled_calls=26 sampled_samples=52 sampled_us=517
audio_time: stage=output sampled_calls=26 sampled_samples=4992 sampled_us=110
gpu_counters: clks=7337681829 tb_clks=7337681920 ras_busy=96299984 xf_wait_in=7101997323 xf_wait_out=93993020 ras_peak_permille=33 ztop_in=356464892 ztop_out=355558984 z_in=2361120 z_out=2287700 blend_in=357968468 copy_clks=100547840 fifo_overflows=0
game: n=1/2 how=vis vis=1800 vi_rate=60 vi0_retrace=2635 wall_us=30196075 sleep_us=25347885 avg_vis=59.00 avg_fps=28.90 exceptions=14887 cacheResets=1 recompiles=1624 batches=3408 verts=226608 texStalls=0 treeDepthMax=25 underruns=1 overruns=0 queue_peak_ms=130 dsp_avg=1.34 dsp_peak=1.55 dsp_samples=60 pmc1=3214965641 pmc2=3001726500 pmc3=0 pmc4=0 mmcr0=00000042 mmcr1=00000000 heap_used=10889136 heap_free=36936 arena1_free=299008 arena2_free=288704 flushes=5 flush_us=57299 padtrace=4 rom=sd:/wii64/roms/007 - The World Is Not Enough (USA).z64
=== chain 1/2 end vis=1800 how=vis rom=sd:/wii64/roms/007 - The World Is Not Enough (USA).z64 ===
mark: pad replay records: 1
mark: loadROM: enter
mark: loadROM: before rom_read
mark: ROMCache_load: enter
mark: ROMCache_load: before first read
mark: ROMCache_load: first read returned
mark: ROMCache_load: byte_swap_type set
mark: ROMCache_load: first byte_swap done
menufps: 0.1
menufps: 8.4
menufps: 8.1
menufps: 7.7
menufps: 8.1
mark: ROMCache_load: loop exited normally
mark: ROMCache_load: elapsed_us=2889118 bytes=12582912 vm=0
mark: loadROM: after rom_read
mark: loadROM: before init_memory
mark: loadROM: after init_memory
mark: loadROM: before romOpen_gfx
mark: loadROM: after romOpen_gfx / before romOpen_audio
mark: loadROM: after romOpen_audio / before romOpen_input
mark: loadROM: after romOpen_input / before cpu_init
mark: loadROM: after cpu_init
menufps: 6.1
menufps: 1.9
menufps: 1.0
menufps: 1.0
fps: 1.2
first_vi: vi0_retrace=4836
vis: 4.2
cpu: exceptions=0 cacheResets=0 batches=0 verts=0 texStalls=0 recompiles=0 underruns=0 overruns=0 sleep_us=0 queue_ms=0
mark: CPU core dispatch: dynarec
vis: 60.0
cpu: exceptions=100 cacheResets=1 batches=0 verts=0 texStalls=0 recompiles=296 underruns=0 overruns=0 sleep_us=125347 queue_ms=0
vis: 60.0
cpu: exceptions=266 cacheResets=1 batches=0 verts=0 texStalls=0 recompiles=472 underruns=1 overruns=0 sleep_us=448977 queue_ms=18
fps: 0.8
vis: 60.0
cpu: exceptions=427 cacheResets=1 batches=0 verts=0 texStalls=0 recompiles=675 underruns=1 overruns=0 sleep_us=833153 queue_ms=9
vis: 60.0
cpu: exceptions=697 cacheResets=1 batches=0 verts=0 texStalls=0 recompiles=675 underruns=1 overruns=0 sleep_us=1309535 queue_ms=13
vis: 60.0
cpu: exceptions=930 cacheResets=1 batches=0 verts=0 texStalls=0 recompiles=677 underruns=1 overruns=0 sleep_us=1786043 queue_ms=18
vis: 60.0
cpu: exceptions=1154 cacheResets=1 batches=0 verts=0 texStalls=0 recompiles=677 underruns=1 overruns=0 sleep_us=2263153 queue_ms=9
vis: 60.0
cpu: exceptions=1370 cacheResets=1 batches=0 verts=0 texStalls=0 recompiles=685 underruns=1 overruns=0 sleep_us=2739717 queue_ms=13
vis: 60.0
cpu: exceptions=1594 cacheResets=1 batches=0 verts=0 texStalls=0 recompiles=685 underruns=1 overruns=0 sleep_us=3216984 queue_ms=18
fps: 1.4
vis: 60.0
cpu: exceptions=1747 cacheResets=1 batches=348 verts=1044 texStalls=0 recompiles=713 underruns=1 overruns=0 sleep_us=3582612 queue_ms=22
fps: 60.2
vis: 60.0
cpu: exceptions=1897 cacheResets=1 batches=708 verts=2124 texStalls=0 recompiles=713 underruns=1 overruns=0 sleep_us=3953496 queue_ms=13
fps: 60.0
vis: 60.0
cpu: exceptions=2074 cacheResets=1 batches=4160 verts=45240 texStalls=0 recompiles=796 underruns=1 overruns=0 sleep_us=4325148 queue_ms=15
fps: 56.0
vis: 60.0
cpu: exceptions=2253 cacheResets=1 batches=11300 verts=136860 texStalls=0 recompiles=796 underruns=1 overruns=0 sleep_us=4705702 queue_ms=18
fps: 59.9
vis: 60.0
cpu: exceptions=2441 cacheResets=1 batches=18440 verts=228480 texStalls=0 recompiles=809 underruns=1 overruns=0 sleep_us=5075401 queue_ms=23
fps: 60.0
vis: 60.0
cpu: exceptions=2617 cacheResets=1 batches=25580 verts=320100 texStalls=0 recompiles=809 underruns=1 overruns=0 sleep_us=5448388 queue_ms=13
fps: 60.2
vis: 60.0
cpu: exceptions=2822 cacheResets=1 batches=32720 verts=411720 texStalls=0 recompiles=812 underruns=1 overruns=0 sleep_us=5819355 queue_ms=14
fps: 60.0
vis: 60.0
cpu: exceptions=3002 cacheResets=1 batches=39860 verts=503340 texStalls=0 recompiles=812 underruns=1 overruns=0 sleep_us=6190091 queue_ms=18
fps: 60.0
vis: 60.0
cpu: exceptions=3172 cacheResets=1 batches=47000 verts=594960 texStalls=0 recompiles=813 underruns=1 overruns=0 sleep_us=6563689 queue_ms=10
fps: 60.0
vis: 60.0
cpu: exceptions=3354 cacheResets=1 batches=54140 verts=686580 texStalls=0 recompiles=813 underruns=1 overruns=0 sleep_us=6934466 queue_ms=14
fps: 60.0
vis: 60.0
cpu: exceptions=3555 cacheResets=1 batches=61280 verts=778200 texStalls=0 recompiles=813 underruns=1 overruns=0 sleep_us=7304139 queue_ms=15
fps: 57.9
vis: 60.0
cpu: exceptions=3722 cacheResets=1 batches=68420 verts=869820 texStalls=0 recompiles=813 underruns=2 overruns=0 sleep_us=7678875 queue_ms=5
fps: 60.0
vis: 60.0
cpu: exceptions=3895 cacheResets=1 batches=75560 verts=961440 texStalls=0 recompiles=813 underruns=2 overruns=0 sleep_us=8050284 queue_ms=11
fps: 60.0
vis: 60.0
cpu: exceptions=4068 cacheResets=1 batches=82700 verts=1053060 texStalls=0 recompiles=813 underruns=2 overruns=0 sleep_us=8421135 queue_ms=14
fps: 60.2
vis: 60.0
cpu: exceptions=4264 cacheResets=1 batches=89840 verts=1144680 texStalls=0 recompiles=813 underruns=2 overruns=0 sleep_us=8794576 queue_ms=15
fps: 60.0
vis: 60.0
cpu: exceptions=4437 cacheResets=1 batches=96980 verts=1236300 texStalls=0 recompiles=813 underruns=2 overruns=0 sleep_us=9164430 queue_ms=6
fps: 60.0
vis: 60.0
cpu: exceptions=4608 cacheResets=1 batches=104120 verts=1327920 texStalls=0 recompiles=813 underruns=2 overruns=0 sleep_us=9536242 queue_ms=10
fps: 60.0
vis: 60.0
cpu: exceptions=4775 cacheResets=1 batches=111260 verts=1419540 texStalls=0 recompiles=813 underruns=2 overruns=0 sleep_us=9911006 queue_ms=15
fps: 60.0
vis: 60.0
cpu: exceptions=4974 cacheResets=1 batches=118400 verts=1511160 texStalls=0 recompiles=813 underruns=2 overruns=0 sleep_us=10280520 queue_ms=3
fps: 59.9
vis: 60.0
cpu: exceptions=5151 cacheResets=1 batches=119363 verts=1534314 texStalls=0 recompiles=835 underruns=2 overruns=0 sleep_us=10688785 queue_ms=6
fps: 60.2
vis: 60.0
cpu: exceptions=5340 cacheResets=1 batches=120233 verts=1558434 texStalls=0 recompiles=836 underruns=2 overruns=0 sleep_us=11098622 queue_ms=12
fps: 60.0
vis: 60.0
cpu: exceptions=5547 cacheResets=1 batches=121103 verts=1582554 texStalls=0 recompiles=837 underruns=2 overruns=0 sleep_us=11502374 queue_ms=15
fps: 58.0
vis: 60.0
cpu: exceptions=5764 cacheResets=1 batches=121944 verts=1605870 texStalls=0 recompiles=839 underruns=3 overruns=0 sleep_us=11908463 queue_ms=15
fps: 60.0
vis: 60.0
cpu: exceptions=5945 cacheResets=1 batches=122814 verts=1629990 texStalls=0 recompiles=839 underruns=3 overruns=0 sleep_us=12317774 queue_ms=20
fps: 60.0
vis: 60.0
cpu: exceptions=6131 cacheResets=1 batches=123684 verts=1654110 texStalls=0 recompiles=841 underruns=3 overruns=0 sleep_us=12726868 queue_ms=24
fps: 60.0
vis: 60.0
cpu: exceptions=6299 cacheResets=1 batches=124554 verts=1678230 texStalls=0 recompiles=841 underruns=3 overruns=0 sleep_us=13144869 queue_ms=29
fps: 60.0
vis: 60.0
cpu: exceptions=6495 cacheResets=1 batches=125424 verts=1702350 texStalls=0 recompiles=841 underruns=3 overruns=0 sleep_us=13561709 queue_ms=17
fps: 60.0
vis: 60.0
cpu: exceptions=6666 cacheResets=1 batches=126294 verts=1726470 texStalls=0 recompiles=841 underruns=3 overruns=0 sleep_us=13977666 queue_ms=20
fps: 60.0
vis: 60.0
cpu: exceptions=6834 cacheResets=1 batches=127048 verts=1747374 texStalls=0 recompiles=842 underruns=3 overruns=0 sleep_us=14399046 queue_ms=26
fps: 33.3
vis: 60.0
cpu: exceptions=7002 cacheResets=1 batches=127084 verts=1748886 texStalls=0 recompiles=964 underruns=3 overruns=0 sleep_us=14729216 queue_ms=15
fps: 60.2
vis: 60.0
cpu: exceptions=7218 cacheResets=1 batches=127204 verts=1753926 texStalls=0 recompiles=964 underruns=3 overruns=0 sleep_us=15168519 queue_ms=16
fps: 57.9
vis: 60.0
cpu: exceptions=7408 cacheResets=1 batches=127324 verts=1758966 texStalls=0 recompiles=967 underruns=4 overruns=0 sleep_us=15608190 queue_ms=7
fps: 60.0
vis: 60.0
cpu: exceptions=7604 cacheResets=1 batches=127444 verts=1764006 texStalls=0 recompiles=967 underruns=4 overruns=0 sleep_us=16045079 queue_ms=12
fps: 60.1
vis: 60.0
cpu: exceptions=7799 cacheResets=1 batches=127564 verts=1769046 texStalls=0 recompiles=967 underruns=4 overruns=0 sleep_us=16483168 queue_ms=16
fps: 59.9
vis: 60.0
cpu: exceptions=8014 cacheResets=1 batches=127684 verts=1774086 texStalls=0 recompiles=967 underruns=4 overruns=0 sleep_us=16921797 queue_ms=18
fps: 59.9
vis: 60.0
cpu: exceptions=8232 cacheResets=1 batches=127804 verts=1779126 texStalls=0 recompiles=967 underruns=4 overruns=0 sleep_us=17349539 queue_ms=7
fps: 60.2
vis: 60.0
cpu: exceptions=8454 cacheResets=1 batches=127924 verts=1784166 texStalls=0 recompiles=967 underruns=4 overruns=0 sleep_us=17778640 queue_ms=13
fps: 59.6
vis: 60.0
cpu: exceptions=8684 cacheResets=1 batches=128020 verts=1788198 texStalls=0 recompiles=972 underruns=5 overruns=0 sleep_us=18132779 queue_ms=42
fps: 60.0
vis: 60.0
cpu: exceptions=8916 cacheResets=1 batches=128080 verts=1790718 texStalls=0 recompiles=972 underruns=5 overruns=0 sleep_us=18449606 queue_ms=43
fps: 60.0
vis: 60.0
cpu: exceptions=9111 cacheResets=1 batches=128140 verts=1793238 texStalls=0 recompiles=972 underruns=5 overruns=0 sleep_us=18770413 queue_ms=34
fps: 60.0
vis: 60.0
cpu: exceptions=9293 cacheResets=1 batches=128200 verts=1795758 texStalls=0 recompiles=972 underruns=5 overruns=0 sleep_us=19101403 queue_ms=39
fps: 59.6
vis: 60.0
cpu: exceptions=9513 cacheResets=1 batches=132820 verts=1831938 texStalls=0 recompiles=1056 underruns=5 overruns=0 sleep_us=19343661 queue_ms=43
fps: 60.0
vis: 60.0
cpu: exceptions=9787 cacheResets=1 batches=142000 verts=1901778 texStalls=0 recompiles=1056 underruns=5 overruns=0 sleep_us=19538602 queue_ms=31
fps: 60.0
vis: 60.0
cpu: exceptions=10054 cacheResets=1 batches=151180 verts=1971618 texStalls=0 recompiles=1060 underruns=5 overruns=0 sleep_us=19729917 queue_ms=34
fps: 60.0
vis: 60.0
cpu: exceptions=10312 cacheResets=1 batches=160360 verts=2041458 texStalls=0 recompiles=1063 underruns=5 overruns=0 sleep_us=19922955 queue_ms=40
fps: 60.0
vis: 60.0
cpu: exceptions=10562 cacheResets=1 batches=169542 verts=2111304 texStalls=0 recompiles=1068 underruns=5 overruns=0 sleep_us=20114332 queue_ms=43
fps: 44.4
vis: 60.0
cpu: exceptions=10812 cacheResets=1 batches=175968 verts=2160192 texStalls=0 recompiles=1078 underruns=5 overruns=0 sleep_us=20335231 queue_ms=31
fps: 40.8
vis: 60.0
cpu: exceptions=11002 cacheResets=1 batches=182088 verts=2206752 texStalls=0 recompiles=1078 underruns=5 overruns=0 sleep_us=20574998 queue_ms=35
fps: 40.0
vis: 60.0
cpu: exceptions=11178 cacheResets=1 batches=188208 verts=2253312 texStalls=0 recompiles=1078 underruns=5 overruns=0 sleep_us=20817056 queue_ms=39
fps: 40.0
vis: 60.0
cpu: exceptions=11355 cacheResets=1 batches=194328 verts=2299872 texStalls=0 recompiles=1078 underruns=5 overruns=0 sleep_us=21059491 queue_ms=31
fps: 54.0
vis: 60.0
cpu: exceptions=11608 cacheResets=1 batches=202896 verts=2365056 texStalls=0 recompiles=1080 underruns=5 overruns=0 sleep_us=21260798 queue_ms=32
fps: 59.0
mark: stop reason: chain guest VI limit
mark: stop_it requested
audio: alist_resample_calls=36648 alist_resample_samples=5290480 alist_zoh_calls=0 alist_zoh_samples=0 musyx_subframes=0 musyx_voices=0 musyx_voice_peak=0
audio_stages: adpcm_calls=29405 adpcm_samples=1702080 envmix_calls=32233 envmix_samples=4641664 mix_calls=83885 mix_samples=12327504 musyx_fx_calls=0 musyx_fx_taps=0 output_calls=883 output_samples=648816
audio_envmix: exp_calls=0 ge_calls=32233 lin_calls=0 nead_calls=0 exp_steady=0 ge_steady=28938 lin_steady=0
audio_gaps: nead_mats=0 nead_efz=0 resample_flag2=0 musyx_ptr10=0
audio_output: stream_requests=4138 stream_fed=2250 input_hz=22047 playback_hz=22047 queue_peak_ms=76
audio_time: stage=resample sampled_calls=288 sampled_samples=41312 sampled_us=1760
audio_time: stage=zoh sampled_calls=0 sampled_samples=0 sampled_us=0
audio_time: stage=adpcm sampled_calls=231 sampled_samples=13872 sampled_us=617
audio_time: stage=envmix_exp sampled_calls=0 sampled_samples=0 sampled_us=0
audio_time: stage=envmix_ge sampled_calls=253 sampled_samples=36432 sampled_us=2118
audio_time: stage=envmix_lin sampled_calls=0 sampled_samples=0 sampled_us=0
audio_time: stage=envmix_nead sampled_calls=0 sampled_samples=0 sampled_us=0
audio_time: stage=mix sampled_calls=660 sampled_samples=97056 sampled_us=1602
audio_time: stage=musyx_voice sampled_calls=0 sampled_samples=0 sampled_us=0
audio_time: stage=musyx_fx sampled_calls=0 sampled_samples=0 sampled_us=0
audio_time: stage=output sampled_calls=6 sampled_samples=4400 sampled_us=77
gpu_counters: clks=7333185374 tb_clks=7333185460 ras_busy=156928476 xf_wait_in=7012792554 xf_wait_out=87505752 ras_peak_permille=67 ztop_in=594857272 ztop_out=535156104 z_in=0 z_out=0 blend_in=536136972 copy_clks=158887326 fifo_overflows=0
game: n=2/2 how=vis vis=1800 vi_rate=60 vi0_retrace=4836 wall_us=30177604 sleep_us=21437995 avg_vis=59.07 avg_fps=54.53 exceptions=11839 cacheResets=1 recompiles=1080 batches=211770 verts=2432568 texStalls=0 treeDepthMax=15 underruns=5 overruns=0 queue_peak_ms=43 dsp_avg=1.37 dsp_peak=1.65 dsp_samples=60 pmc1=6273178236 pmc2=5958483935 pmc3=0 pmc4=0 mmcr0=00000042 mmcr1=00000000 heap_used=10860976 heap_free=65096 arena1_free=299008 arena2_free=288704 flushes=5 flush_us=57246 padtrace=0 rom=sd:/wii64/roms/GoldenEye 007 (USA).z64
=== chain 2/2 end vis=1800 how=vis rom=sd:/wii64/roms/GoldenEye 007 (USA).z64 ===
