--- wii64 perf log ---
mark: diag config: wiiload arguments
mark: wiiload dynacore argument received
mark: diag received dynacore line
mark: diag requested core: dynarec
mark: pad replay records: 7
selftest:
  raw[0]=51286191511389212
  raw[1]=51286191511389212
  raw[2]=51286191511389229
  raw[3]=51286191511389240
  raw[4]=51286191511389251
  delta[0]=0us
  delta[1]=0us
  delta[2]=0us
  delta[3]=0us
mark: audio quality: accurate
mark: audio modes: n64=0 output=0 mixer=0 latency=2 sync=0
mark: diag applied core: dynarec
mark: HBC agent ready
mark: loadROM: enter
mark: loadROM: before rom_read
mark: ROMCache_load: enter
mark: ROMCache_load: before first read
mark: ROMCache_load: first read returned
mark: ROMCache_load: byte_swap_type set
mark: ROMCache_load: first byte_swap done
menufps: 10.2
menufps: 8.4
menufps: 7.9
mark: ROMCache_load: loop exited normally
mark: ROMCache_load: elapsed_us=1929582 bytes=8388608 vm=0
mark: loadROM: after rom_read
mark: loadROM: before init_memory
mark: loadROM: after init_memory
mark: loadROM: before romOpen_gfx
mark: loadROM: after romOpen_gfx / before romOpen_audio
mark: loadROM: after romOpen_audio / before romOpen_input
mark: loadROM: after romOpen_input / before cpu_init
mark: loadROM: after cpu_init
menufps: 2.9
menufps: 0.8
menufps: 1.0
fps: 0.0
first_vi: vi0_retrace=331
vis: 0.0
cpu: exceptions=0 cacheResets=0 batches=0 verts=0 texStalls=0 recompiles=0 underruns=0 overruns=0 sleep_us=0 queue_ms=0
mark: CPU core dispatch: dynarec
vis: 60.0
cpu: exceptions=240 cacheResets=1 batches=0 verts=0 texStalls=0 recompiles=189 underruns=1 overruns=0 sleep_us=227590 queue_ms=118
vis: 60.0
cpu: exceptions=540 cacheResets=1 batches=0 verts=0 texStalls=0 recompiles=198 underruns=1 overruns=0 sleep_us=703906 queue_ms=123
vis: 60.0
cpu: exceptions=840 cacheResets=1 batches=0 verts=0 texStalls=0 recompiles=204 underruns=1 overruns=0 sleep_us=1180402 queue_ms=120
vis: 60.0
cpu: exceptions=1134 cacheResets=1 batches=0 verts=0 texStalls=0 recompiles=204 underruns=1 overruns=0 sleep_us=1657483 queue_ms=124
fps: 0.5
vis: 60.0
cpu: exceptions=1430 cacheResets=1 batches=414 verts=9387 texStalls=0 recompiles=468 underruns=2 overruns=0 sleep_us=1966549 queue_ms=2
fps: 20.0
vis: 60.0
cpu: exceptions=1587 cacheResets=1 batches=2484 verts=56322 texStalls=0 recompiles=475 underruns=2 overruns=0 sleep_us=2376179 queue_ms=9
fps: 30.0
vis: 60.0
cpu: exceptions=1751 cacheResets=1 batches=4554 verts=103257 texStalls=0 recompiles=478 underruns=2 overruns=0 sleep_us=2784574 queue_ms=6
fps: 30.0
vis: 60.0
cpu: exceptions=1893 cacheResets=1 batches=6624 verts=150192 texStalls=0 recompiles=478 underruns=2 overruns=0 sleep_us=3202451 queue_ms=2
fps: 30.0
vis: 60.0
cpu: exceptions=2035 cacheResets=1 batches=8694 verts=197127 texStalls=0 recompiles=478 underruns=2 overruns=0 sleep_us=3620046 queue_ms=7
fps: 30.0
vis: 60.0
cpu: exceptions=2177 cacheResets=1 batches=10767 verts=244080 texStalls=0 recompiles=489 underruns=2 overruns=0 sleep_us=4036224 queue_ms=4
fps: 30.0
vis: 60.0
cpu: exceptions=2318 cacheResets=1 batches=12574 verts=284835 texStalls=0 recompiles=498 underruns=2 overruns=0 sleep_us=4457041 queue_ms=9
vis: 60.0
cpu: exceptions=2637 cacheResets=1 batches=12574 verts=284835 texStalls=0 recompiles=675 underruns=4 overruns=0 sleep_us=4618797 queue_ms=32
vis: 60.0
cpu: exceptions=2727 cacheResets=1 batches=12574 verts=284835 texStalls=0 recompiles=733 underruns=4 overruns=0 sleep_us=4802257 queue_ms=37
vis: 60.0
cpu: exceptions=2817 cacheResets=1 batches=12574 verts=284835 texStalls=0 recompiles=784 underruns=4 overruns=0 sleep_us=5068230 queue_ms=34
fps: 4.9
vis: 60.0
cpu: exceptions=2960 cacheResets=1 batches=13906 verts=302151 texStalls=0 recompiles=910 underruns=6 overruns=0 sleep_us=5290950 queue_ms=8
fps: 15.1
vis: 60.0
cpu: exceptions=3117 cacheResets=1 batches=18793 verts=366438 texStalls=0 recompiles=910 underruns=6 overruns=0 sleep_us=5432877 queue_ms=13
fps: 30.0
vis: 60.0
cpu: exceptions=3272 cacheResets=1 batches=23671 verts=430419 texStalls=0 recompiles=927 underruns=6 overruns=0 sleep_us=5573975 queue_ms=8
fps: 30.0
vis: 60.0
cpu: exceptions=3435 cacheResets=1 batches=28531 verts=494274 texStalls=0 recompiles=927 underruns=6 overruns=0 sleep_us=5714787 queue_ms=14
fps: 30.0
vis: 60.0
cpu: exceptions=3590 cacheResets=1 batches=33393 verts=558141 texStalls=0 recompiles=927 underruns=6 overruns=0 sleep_us=5867250 queue_ms=10
fps: 29.1
vis: 60.0
cpu: exceptions=3761 cacheResets=1 batches=38264 verts=622062 texStalls=0 recompiles=927 underruns=8 overruns=0 sleep_us=6003524 queue_ms=15
fps: 29.9
vis: 60.0
cpu: exceptions=3977 cacheResets=1 batches=43139 verts=686007 texStalls=0 recompiles=936 underruns=8 overruns=0 sleep_us=6120017 queue_ms=12
fps: 20.0
vis: 60.0
cpu: exceptions=4233 cacheResets=1 batches=43733 verts=693744 texStalls=0 recompiles=1065 underruns=11 overruns=0 sleep_us=6373044 queue_ms=14
fps: 31.6
vis: 60.0
cpu: exceptions=4400 cacheResets=1 batches=44539 verts=704160 texStalls=0 recompiles=1065 underruns=11 overruns=0 sleep_us=6753326 queue_ms=9
fps: 30.0
vis: 60.0
cpu: exceptions=4572 cacheResets=1 batches=45334 verts=714510 texStalls=0 recompiles=1065 underruns=11 overruns=0 sleep_us=7132884 queue_ms=13
fps: 30.0
vis: 60.0
cpu: exceptions=4737 cacheResets=1 batches=46129 verts=724860 texStalls=0 recompiles=1065 underruns=11 overruns=0 sleep_us=7522743 queue_ms=11
fps: 30.0
vis: 60.0
cpu: exceptions=4910 cacheResets=1 batches=46924 verts=735210 texStalls=0 recompiles=1065 underruns=11 overruns=0 sleep_us=7901175 queue_ms=6
fps: 30.0
vis: 60.0
cpu: exceptions=5089 cacheResets=1 batches=47719 verts=745560 texStalls=0 recompiles=1065 underruns=11 overruns=0 sleep_us=8273420 queue_ms=12
fps: 30.0
vis: 60.0
cpu: exceptions=5262 cacheResets=1 batches=48514 verts=755910 texStalls=0 recompiles=1065 underruns=11 overruns=0 sleep_us=8649826 queue_ms=8
fps: 30.0
vis: 60.0
cpu: exceptions=5431 cacheResets=1 batches=49309 verts=766260 texStalls=0 recompiles=1065 underruns=11 overruns=0 sleep_us=9033157 queue_ms=13
fps: 30.0
mark: stop reason: chain guest VI limit
mark: stop_it requested
audio: alist_resample_calls=12384 alist_resample_samples=1625744 alist_zoh_calls=0 alist_zoh_samples=0 musyx_subframes=0 musyx_voices=0 musyx_voice_peak=0
audio_stages: adpcm_calls=12114 adpcm_samples=1459104 envmix_calls=11818 envmix_samples=1577200 mix_calls=3468 mix_samples=1109760 musyx_fx_calls=0 musyx_fx_taps=0 output_calls=868 output_samples=462912
audio_envmix: exp_calls=11818 ge_calls=0 lin_calls=0 nead_calls=0 exp_steady=9585 ge_steady=0 lin_steady=0
audio_gaps: nead_mats=0 nead_efz=0 resample_flag2=0 musyx_ptr10=0
audio_output: stream_requests=3454 stream_fed=1607 input_hz=32006 playback_hz=32006 queue_peak_ms=143
probe_schema: version=2 self=1 interval=127
vm_io: read_ahead=1 reads=0 hits=0 read_bytes=0 writes=0 write_bytes=0 errors=0
subsystem_time: stage=rsp_gfx calls=320 timed_calls=320 period=1 timed_us=1046446
subsystem_time: stage=rsp_audio calls=867 timed_calls=867 period=1 timed_us=338895
subsystem_time: stage=rsp_other calls=0 timed_calls=0 period=1 timed_us=0
subsystem_time: stage=lookup calls=2962416 timed_calls=23326 period=127 timed_us=5249
subsystem_time: stage=compile calls=1065 timed_calls=1065 period=1 timed_us=116840
subsystem_time: stage=dispatch calls=2810011 timed_calls=22126 period=127 timed_us=20588
subsystem_self: stage=dispatch calls=2810011 timed_calls=22126 self_us=12762 dropped=0
subsystem_time: stage=execute_inclusive calls=2810011 timed_calls=22126 period=127 timed_us=90543
subsystem_self: stage=execute_inclusive calls=2810011 timed_calls=22126 self_us=25206 dropped=0
subsystem_time: stage=rom_copy calls=1195 timed_calls=1195 period=1 timed_us=23444
subsystem_time: stage=present calls=899 timed_calls=899 period=1 timed_us=19416
subsystem_time: stage=limiter calls=870 timed_calls=870 period=1 timed_us=9400313
subsystem_time: stage=vm_fault calls=0 timed_calls=0 period=1 timed_us=0
subsystem_time: stage=vm_victim calls=0 timed_calls=0 period=1 timed_us=0
subsystem_time: stage=vm_read calls=0 timed_calls=0 period=1 timed_us=0
subsystem_time: stage=vm_write calls=0 timed_calls=0 period=1 timed_us=0
subsystem_time: stage=tex_hash calls=22217 timed_calls=22217 period=1 timed_us=146503
subsystem_time: stage=tex_lookup calls=22217 timed_calls=22217 period=1 timed_us=6475
subsystem_time: stage=tex_load calls=68 timed_calls=68 period=1 timed_us=2801
subsystem_time: stage=tex_activate calls=22217 timed_calls=22217 period=1 timed_us=12344
subsystem_time: stage=draw_triangles calls=50104 timed_calls=50104 period=1 timed_us=127207
subsystem_time: stage=draw_rect calls=6995 timed_calls=6995 period=1 timed_us=50960
subsystem_time: stage=gfx_list calls=320 timed_calls=320 period=1 timed_us=1045849
subsystem_time: stage=gfx_command calls=667967 timed_calls=5259 period=127 timed_us=8628
gfx_ucodes: mask=00000001
gfx_opcode: op=01 calls=16054 timed_calls=126 timed_us=57
gfx_opcode: op=03 calls=9002 timed_calls=78 timed_us=42
gfx_opcode: op=04 calls=46684 timed_calls=371 timed_us=2339
gfx_opcode: op=06 calls=39728 timed_calls=311 timed_us=53
gfx_opcode: op=b4 calls=1445 timed_calls=12 timed_us=2
gfx_opcode: op=b6 calls=8194 timed_calls=60 timed_us=9
gfx_opcode: op=b7 calls=5291 timed_calls=43 timed_us=6
gfx_opcode: op=b8 calls=34645 timed_calls=255 timed_us=32
gfx_opcode: op=b9 calls=20751 timed_calls=170 timed_us=23
gfx_opcode: op=ba calls=8942 timed_calls=73 timed_us=13
gfx_opcode: op=bb calls=17168 timed_calls=128 timed_us=23
gfx_opcode: op=bc calls=7055 timed_calls=56 timed_us=12
gfx_opcode: op=bd calls=1951 timed_calls=20 timed_us=3
gfx_opcode: op=bf calls=258870 timed_calls=2017 timed_us=4000
gfx_opcode: op=e4 calls=6130 timed_calls=47 timed_us=395
gfx_opcode: op=e6 calls=22217 timed_calls=184 timed_us=22
gfx_opcode: op=e7 calls=29614 timed_calls=230 timed_us=40
gfx_opcode: op=e8 calls=1841 timed_calls=15 timed_us=1
gfx_opcode: op=e9 calls=320 timed_calls=2 timed_us=2
gfx_opcode: op=ed calls=2299 timed_calls=18 timed_us=6
gfx_opcode: op=f2 calls=20866 timed_calls=172 timed_us=43
gfx_opcode: op=f3 calls=22217 timed_calls=177 timed_us=633
gfx_opcode: op=f5 calls=38002 timed_calls=298 timed_us=58
gfx_opcode: op=f6 calls=1185 timed_calls=8 timed_us=342
gfx_opcode: op=f7 calls=865 timed_calls=7 timed_us=3
gfx_opcode: op=f9 calls=38 timed_calls=0 timed_us=0
gfx_opcode: op=fa calls=5658 timed_calls=52 timed_us=8
gfx_opcode: op=fb calls=1307 timed_calls=6 timed_us=1
gfx_opcode: op=fc calls=16451 timed_calls=135 timed_us=17
gfx_opcode: op=fd calls=22217 timed_calls=183 timed_us=25
gfx_opcode: op=fe calls=320 timed_calls=1 timed_us=0
gfx_opcode: op=ff calls=640 timed_calls=4 timed_us=2
subsystem_time: stage=vertex calls=543903 timed_calls=4282 period=127 timed_us=1515
subsystem_time: stage=gfx_state calls=39289 timed_calls=309 period=127 timed_us=1997
subsystem_self: stage=gfx_state calls=39289 timed_calls=309 self_us=675 dropped=0
subsystem_time: stage=gx_wait calls=4 timed_calls=4 period=1 timed_us=2530
subsystem_time: stage=dma_pi calls=1195 timed_calls=1195 period=1 timed_us=58389
subsystem_time: stage=dma_sp calls=2374 timed_calls=2374 period=1 timed_us=2049
subsystem_time: stage=dma_si calls=964 timed_calls=964 period=1 timed_us=7629
subsystem_time: stage=tlb_translate calls=200897 timed_calls=1581 period=127 timed_us=190
subsystem_time: stage=pif calls=965 timed_calls=965 period=1 timed_us=6859
subsystem_time: stage=input calls=1276 timed_calls=1276 period=1 timed_us=5536
subsystem_time: stage=guest_interrupt calls=6735 timed_calls=6735 period=1 timed_us=9466747
subsystem_self: stage=guest_interrupt calls=6735 timed_calls=6735 self_us=21224 dropped=0
subsystem_time: stage=interpreter_inclusive calls=0 timed_calls=0 period=1 timed_us=0
subsystem_self: stage=interpreter_inclusive calls=0 timed_calls=0 self_us=0 dropped=0
subsystem_time: stage=audio_submit calls=868 timed_calls=868 period=1 timed_us=9350
subsystem_time: stage=audio_callback calls=9355 timed_calls=9355 period=1 timed_us=5955
subsystem_time: stage=memory_slow calls=537473 timed_calls=4232 period=127 timed_us=25616
subsystem_self: stage=memory_slow calls=537473 timed_calls=4232 self_us=1970 dropped=0
subsystem_time: stage=jit_invalidate calls=152405 timed_calls=1200 period=127 timed_us=253
subsystem_time: stage=cpu_helper calls=6879965 timed_calls=54172 period=127 timed_us=21455
subsystem_time: stage=storage_read calls=0 timed_calls=0 period=1 timed_us=0
subsystem_time: stage=storage_write calls=0 timed_calls=0 period=1 timed_us=0
subsystem_time: stage=save_load calls=0 timed_calls=0 period=1 timed_us=0
subsystem_time: stage=save_write calls=0 timed_calls=0 period=1 timed_us=0
subsystem_time: stage=state_load calls=0 timed_calls=0 period=1 timed_us=0
subsystem_time: stage=state_save calls=0 timed_calls=0 period=1 timed_us=0
subsystem_time: stage=probe_io calls=3 timed_calls=3 period=1 timed_us=33424
subsystem_time: stage=agent_poll calls=1809 timed_calls=1809 period=1 timed_us=386
audio_time: stage=resample sampled_calls=97 sampled_samples=12824 sampled_us=540
audio_time: stage=zoh sampled_calls=0 sampled_samples=0 sampled_us=0
audio_time: stage=adpcm sampled_calls=95 sampled_samples=10960 sampled_us=461
audio_time: stage=envmix_exp sampled_calls=93 sampled_samples=12448 sampled_us=1048
audio_time: stage=envmix_ge sampled_calls=0 sampled_samples=0 sampled_us=0
audio_time: stage=envmix_lin sampled_calls=0 sampled_samples=0 sampled_us=0
audio_time: stage=envmix_nead sampled_calls=0 sampled_samples=0 sampled_us=0
audio_time: stage=mix sampled_calls=27 sampled_samples=8640 sampled_us=146
audio_time: stage=musyx_voice sampled_calls=0 sampled_samples=0 sampled_us=0
audio_time: stage=musyx_fx sampled_calls=0 sampled_samples=0 sampled_us=0
audio_time: stage=output sampled_calls=6 sampled_samples=3200 sampled_us=55
gpu_counters: clks=3688687756 tb_clks=3688687840 ras_busy=60973471 xf_wait_in=3573803889 xf_wait_out=78181139 ras_peak_permille=28 ztop_in=238007308 ztop_out=229858380 z_in=385512 z_out=381776 blend_in=230365604 copy_clks=45734540 fifo_overflows=0
game: n=1/4 how=vis vis=900 vi_rate=60 vi0_retrace=331 wall_us=15179712 sleep_us=9397478 avg_vis=58.00 avg_fps=25.04 exceptions=5593 cacheResets=1 recompiles=1065 batches=50104 verts=776610 texStalls=0 treeDepthMax=14 underruns=11 overruns=0 queue_peak_ms=124 dsp_avg=1.53 dsp_peak=1.85 dsp_samples=30 pmc1=4069810050 pmc2=4329456171 pmc3=0 pmc4=0 mmcr0=00000042 mmcr1=00000000 heap_used=10840044 heap_free=38088 arena1_free=352256 arena2_free=288704 flushes=3 flush_us=33423 padtrace=6 rom=sd:/wii64/roms/Super Mario 64.v64
=== chain 1/4 end vis=900 how=vis rom=sd:/wii64/roms/Super Mario 64.v64 ===
mark: pad replay records: 22
mark: loadROM: enter
mark: loadROM: before rom_read
mark: ROMCache_load: enter
mark: ROMCache_load: before first read
mark: ROMCache_load: first read returned
mark: ROMCache_load: byte_swap_type set
mark: ROMCache_load: first byte_swap done
menufps: 0.1
menufps: 8.5
menufps: 8.3
menufps: 8.3
menufps: 8.1
mark: ROMCache_load: loop exited normally
mark: ROMCache_load: elapsed_us=3070589 bytes=13893632 vm=0
mark: loadROM: after rom_read
mark: loadROM: before init_memory
mark: loadROM: after init_memory
mark: loadROM: before romOpen_gfx
mark: loadROM: after romOpen_gfx / before romOpen_audio
mark: loadROM: after romOpen_audio / before romOpen_input
mark: loadROM: after romOpen_input / before cpu_init
mark: loadROM: after cpu_init
menufps: 6.4
menufps: 1.9
menufps: 1.0
menufps: 1.0
fps: 0.1
first_vi: vi0_retrace=1634
vis: 4.2
cpu: exceptions=0 cacheResets=0 batches=0 verts=0 texStalls=0 recompiles=0 underruns=0 overruns=0 sleep_us=0 queue_ms=0
mark: CPU core dispatch: dynarec
vis: 60.0
cpu: exceptions=1030 cacheResets=1 batches=0 verts=0 texStalls=0 recompiles=316 underruns=1 overruns=0 sleep_us=81961 queue_ms=106
vis: 60.0
cpu: exceptions=1330 cacheResets=1 batches=0 verts=0 texStalls=0 recompiles=316 underruns=1 overruns=0 sleep_us=551936 queue_ms=113
vis: 60.0
cpu: exceptions=1630 cacheResets=1 batches=0 verts=0 texStalls=0 recompiles=331 underruns=1 overruns=0 sleep_us=1020419 queue_ms=109
vis: 60.0
cpu: exceptions=1928 cacheResets=1 batches=0 verts=0 texStalls=0 recompiles=331 underruns=1 overruns=0 sleep_us=1490423 queue_ms=116
vis: 60.0
cpu: exceptions=2228 cacheResets=1 batches=0 verts=0 texStalls=0 recompiles=331 underruns=1 overruns=0 sleep_us=1960329 queue_ms=113
vis: 60.0
cpu: exceptions=2527 cacheResets=1 batches=0 verts=0 texStalls=0 recompiles=331 underruns=1 overruns=0 sleep_us=2430234 queue_ms=120
vis: 60.0
cpu: exceptions=2863 cacheResets=1 batches=0 verts=0 texStalls=0 recompiles=344 underruns=1 overruns=0 sleep_us=2892061 queue_ms=116
fps: 0.8
vis: 60.0
cpu: exceptions=3435 cacheResets=1 batches=64 verts=4140 texStalls=0 recompiles=468 underruns=1 overruns=0 sleep_us=3316317 queue_ms=122
fps: 1.6
vis: 60.0
cpu: exceptions=3540 cacheResets=1 batches=576 verts=37260 texStalls=0 recompiles=528 underruns=1 overruns=0 sleep_us=3599926 queue_ms=17
fps: 30.1
vis: 60.0
cpu: exceptions=3681 cacheResets=1 batches=1536 verts=99360 texStalls=0 recompiles=528 underruns=2 overruns=0 sleep_us=3881387 queue_ms=14
fps: 30.0
vis: 60.0
cpu: exceptions=3817 cacheResets=1 batches=2304 verts=149040 texStalls=0 recompiles=566 underruns=2 overruns=0 sleep_us=4141081 queue_ms=20
vis: 60.0
cpu: exceptions=3913 cacheResets=1 batches=2304 verts=149040 texStalls=0 recompiles=566 underruns=2 overruns=0 sleep_us=4318846 queue_ms=17
fps: 3.9
vis: 60.0
cpu: exceptions=4012 cacheResets=1 batches=2424 verts=149760 texStalls=0 recompiles=598 underruns=2 overruns=0 sleep_us=4596557 queue_ms=23
fps: 1.7
vis: 59.6
cpu: exceptions=4114 cacheResets=1 batches=2904 verts=152640 texStalls=0 recompiles=610 underruns=4 overruns=0 sleep_us=4927879 queue_ms=17
fps: 30.8
vis: 59.7
cpu: exceptions=4328 cacheResets=1 batches=4704 verts=163440 texStalls=0 recompiles=611 underruns=4 overruns=0 sleep_us=5091711 queue_ms=11
fps: 29.8
vis: 59.7
cpu: exceptions=4529 cacheResets=1 batches=6504 verts=174240 texStalls=0 recompiles=614 underruns=4 overruns=0 sleep_us=5251855 queue_ms=8
fps: 29.8
vis: 59.7
cpu: exceptions=4722 cacheResets=1 batches=8304 verts=185040 texStalls=0 recompiles=614 underruns=5 overruns=0 sleep_us=5409083 queue_ms=15
fps: 29.9
vis: 59.7
cpu: exceptions=4916 cacheResets=1 batches=10104 verts=195840 texStalls=0 recompiles=614 underruns=5 overruns=0 sleep_us=5567631 queue_ms=10
fps: 29.9
vis: 59.7
cpu: exceptions=5095 cacheResets=1 batches=11904 verts=206640 texStalls=0 recompiles=614 underruns=5 overruns=0 sleep_us=5729990 queue_ms=16
fps: 29.8
vis: 59.7
cpu: exceptions=5273 cacheResets=1 batches=13704 verts=217440 texStalls=0 recompiles=618 underruns=5 overruns=0 sleep_us=5891334 queue_ms=13
vis: 60.0
cpu: exceptions=5453 cacheResets=1 batches=15024 verts=225360 texStalls=0 recompiles=625 underruns=5 overruns=0 sleep_us=6044223 queue_ms=8
vis: 60.0
cpu: exceptions=5604 cacheResets=1 batches=15024 verts=225360 texStalls=0 recompiles=625 underruns=5 overruns=0 sleep_us=6192952 queue_ms=14
vis: 60.0
cpu: exceptions=5712 cacheResets=1 batches=15024 verts=225360 texStalls=0 recompiles=631 underruns=5 overruns=0 sleep_us=6409693 queue_ms=10
fps: 7.0
vis: 60.0
cpu: exceptions=5834 cacheResets=1 batches=15024 verts=225360 texStalls=0 recompiles=674 underruns=5 overruns=0 sleep_us=6645628 queue_ms=17
fps: 31.8
vis: 59.9
cpu: exceptions=6047 cacheResets=1 batches=15024 verts=225360 texStalls=0 recompiles=674 underruns=5 overruns=0 sleep_us=6845374 queue_ms=13
fps: 30.0
vis: 60.0
cpu: exceptions=6236 cacheResets=1 batches=15024 verts=225360 texStalls=0 recompiles=674 underruns=5 overruns=0 sleep_us=7046953 queue_ms=8
fps: 30.0
vis: 60.0
cpu: exceptions=6407 cacheResets=1 batches=15024 verts=225360 texStalls=0 recompiles=674 underruns=5 overruns=0 sleep_us=7253145 queue_ms=16
fps: 30.0
vis: 60.0
cpu: exceptions=6574 cacheResets=1 batches=15024 verts=225360 texStalls=0 recompiles=674 underruns=5 overruns=0 sleep_us=7461269 queue_ms=12
fps: 30.0
vis: 60.0
cpu: exceptions=6744 cacheResets=1 batches=15024 verts=225360 texStalls=0 recompiles=674 underruns=5 overruns=0 sleep_us=7669745 queue_ms=19
fps: 29.4
vis: 59.5
cpu: exceptions=6917 cacheResets=1 batches=15024 verts=225360 texStalls=0 recompiles=681 underruns=5 overruns=0 sleep_us=7876757 queue_ms=5
fps: 29.7
vis: 59.9
cpu: exceptions=7083 cacheResets=1 batches=15024 verts=225360 texStalls=0 recompiles=686 underruns=6 overruns=0 sleep_us=8069366 queue_ms=11
fps: 30.0
vis: 60.0
cpu: exceptions=7252 cacheResets=1 batches=15024 verts=225360 texStalls=0 recompiles=686 underruns=6 overruns=0 sleep_us=8274514 queue_ms=17
vis: 60.0
cpu: exceptions=7424 cacheResets=1 batches=15024 verts=225360 texStalls=0 recompiles=686 underruns=6 overruns=0 sleep_us=8489525 queue_ms=14
fps: 30.0
vis: 60.0
cpu: exceptions=7584 cacheResets=1 batches=15024 verts=225360 texStalls=0 recompiles=686 underruns=6 overruns=0 sleep_us=8707614 queue_ms=21
fps: 30.0
vis: 60.0
cpu: exceptions=7758 cacheResets=1 batches=15024 verts=225360 texStalls=0 recompiles=686 underruns=6 overruns=0 sleep_us=8922614 queue_ms=17
fps: 30.0
vis: 60.0
cpu: exceptions=7934 cacheResets=1 batches=15024 verts=225360 texStalls=0 recompiles=686 underruns=6 overruns=0 sleep_us=9138530 queue_ms=25
fps: 30.0
vis: 60.0
cpu: exceptions=8102 cacheResets=1 batches=15024 verts=225360 texStalls=0 recompiles=686 underruns=6 overruns=0 sleep_us=9355342 queue_ms=21
fps: 30.0
vis: 60.0
cpu: exceptions=8277 cacheResets=1 batches=15024 verts=225360 texStalls=0 recompiles=686 underruns=6 overruns=0 sleep_us=9571318 queue_ms=17
fps: 30.0
vis: 60.0
cpu: exceptions=8446 cacheResets=1 batches=15024 verts=225360 texStalls=0 recompiles=686 underruns=6 overruns=0 sleep_us=9790788 queue_ms=23
fps: 30.0
vis: 59.9
cpu: exceptions=8612 cacheResets=1 batches=15024 verts=225360 texStalls=0 recompiles=688 underruns=6 overruns=0 sleep_us=10029640 queue_ms=19
fps: 30.0
vis: 60.0
cpu: exceptions=8771 cacheResets=1 batches=15024 verts=225360 texStalls=0 recompiles=688 underruns=6 overruns=0 sleep_us=10267518 queue_ms=26
fps: 30.0
vis: 60.0
cpu: exceptions=8937 cacheResets=1 batches=15024 verts=225360 texStalls=0 recompiles=688 underruns=6 overruns=0 sleep_us=10500801 queue_ms=22
fps: 30.0
vis: 60.0
cpu: exceptions=9128 cacheResets=1 batches=15024 verts=225360 texStalls=0 recompiles=688 underruns=6 overruns=0 sleep_us=10710994 queue_ms=28
fps: 30.0
vis: 60.0
cpu: exceptions=9301 cacheResets=1 batches=15024 verts=225360 texStalls=0 recompiles=688 underruns=6 overruns=0 sleep_us=10930321 queue_ms=25
fps: 30.0
vis: 60.0
cpu: exceptions=9457 cacheResets=1 batches=15024 verts=225360 texStalls=0 recompiles=688 underruns=6 overruns=0 sleep_us=11162271 queue_ms=31
fps: 30.0
vis: 60.0
cpu: exceptions=9614 cacheResets=1 batches=15024 verts=225360 texStalls=0 recompiles=688 underruns=6 overruns=0 sleep_us=11393374 queue_ms=28
fps: 30.0
vis: 60.0
cpu: exceptions=9767 cacheResets=1 batches=15024 verts=225360 texStalls=0 recompiles=688 underruns=6 overruns=0 sleep_us=11626631 queue_ms=24
fps: 30.0
vis: 60.0
cpu: exceptions=9925 cacheResets=1 batches=15024 verts=225360 texStalls=0 recompiles=688 underruns=6 overruns=0 sleep_us=11862674 queue_ms=30
fps: 30.0
vis: 60.0
cpu: exceptions=10080 cacheResets=1 batches=15024 verts=225360 texStalls=0 recompiles=688 underruns=6 overruns=0 sleep_us=12101067 queue_ms=25
fps: 29.1
vis: 60.0
cpu: exceptions=10242 cacheResets=1 batches=15024 verts=225360 texStalls=0 recompiles=688 underruns=6 overruns=0 sleep_us=12340330 queue_ms=20
fps: 30.0
vis: 60.0
cpu: exceptions=10394 cacheResets=1 batches=15024 verts=225360 texStalls=0 recompiles=688 underruns=6 overruns=0 sleep_us=12576884 queue_ms=17
fps: 30.0
vis: 60.0
cpu: exceptions=10550 cacheResets=1 batches=15024 verts=225360 texStalls=0 recompiles=688 underruns=6 overruns=0 sleep_us=12809569 queue_ms=13
fps: 30.0
vis: 60.0
cpu: exceptions=10699 cacheResets=1 batches=15024 verts=225360 texStalls=0 recompiles=688 underruns=6 overruns=0 sleep_us=13056545 queue_ms=20
fps: 29.9
vis: 60.0
cpu: exceptions=10901 cacheResets=1 batches=15024 verts=225360 texStalls=0 recompiles=688 underruns=6 overruns=0 sleep_us=13268845 queue_ms=16
fps: 30.0
vis: 60.0
cpu: exceptions=11094 cacheResets=1 batches=15024 verts=225360 texStalls=0 recompiles=688 underruns=6 overruns=0 sleep_us=13472320 queue_ms=22
fps: 30.0
vis: 60.0
cpu: exceptions=11276 cacheResets=1 batches=15024 verts=225360 texStalls=0 recompiles=688 underruns=6 overruns=0 sleep_us=13684228 queue_ms=17
fps: 30.0
vis: 60.0
cpu: exceptions=11451 cacheResets=1 batches=15024 verts=225360 texStalls=0 recompiles=688 underruns=6 overruns=0 sleep_us=13900778 queue_ms=24
fps: 30.0
vis: 60.0
cpu: exceptions=11622 cacheResets=1 batches=15024 verts=225360 texStalls=0 recompiles=688 underruns=6 overruns=0 sleep_us=14117830 queue_ms=20
fps: 30.0
vis: 60.0
cpu: exceptions=11794 cacheResets=1 batches=15024 verts=225360 texStalls=0 recompiles=688 underruns=6 overruns=0 sleep_us=14333652 queue_ms=16
fps: 30.0
vis: 60.0
cpu: exceptions=11968 cacheResets=1 batches=15024 verts=225360 texStalls=0 recompiles=692 underruns=6 overruns=0 sleep_us=14548804 queue_ms=23
vis: 60.0
cpu: exceptions=12127 cacheResets=1 batches=15024 verts=225360 texStalls=0 recompiles=692 underruns=6 overruns=0 sleep_us=14749384 queue_ms=19
vis: 60.0
cpu: exceptions=12254 cacheResets=1 batches=15024 verts=225360 texStalls=0 recompiles=692 underruns=6 overruns=0 sleep_us=14902988 queue_ms=26
vis: 60.0
cpu: exceptions=12373 cacheResets=1 batches=15024 verts=225360 texStalls=0 recompiles=692 underruns=6 overruns=0 sleep_us=15108290 queue_ms=22
fps: 7.1
vis: 59.9
cpu: exceptions=12552 cacheResets=1 batches=15024 verts=225360 texStalls=0 recompiles=720 underruns=6 overruns=0 sleep_us=15327859 queue_ms=29
fps: 31.8
vis: 59.3
cpu: exceptions=12745 cacheResets=1 batches=15024 verts=225360 texStalls=0 recompiles=721 underruns=6 overruns=0 sleep_us=15504230 queue_ms=26
fps: 29.5
vis: 60.0
cpu: exceptions=12966 cacheResets=1 batches=15024 verts=225360 texStalls=0 recompiles=721 underruns=6 overruns=0 sleep_us=15636986 queue_ms=22
fps: 30.2
vis: 59.8
cpu: exceptions=13177 cacheResets=1 batches=15024 verts=225360 texStalls=0 recompiles=721 underruns=6 overruns=0 sleep_us=15776577 queue_ms=17
fps: 29.8
vis: 59.7
cpu: exceptions=13381 cacheResets=1 batches=15024 verts=225360 texStalls=0 recompiles=721 underruns=6 overruns=0 sleep_us=15924070 queue_ms=24
fps: 29.8
vis: 59.7
cpu: exceptions=13569 cacheResets=1 batches=15024 verts=225360 texStalls=0 recompiles=721 underruns=6 overruns=0 sleep_us=16118970 queue_ms=20
fps: 29.0
vis: 59.4
cpu: exceptions=13756 cacheResets=1 batches=15024 verts=225360 texStalls=0 recompiles=724 underruns=7 overruns=0 sleep_us=16307558 queue_ms=6
fps: 29.6
vis: 60.0
cpu: exceptions=13942 cacheResets=1 batches=15024 verts=225360 texStalls=0 recompiles=731 underruns=7 overruns=0 sleep_us=16490264 queue_ms=13
fps: 30.2
vis: 59.8
cpu: exceptions=14122 cacheResets=1 batches=15024 verts=225360 texStalls=0 recompiles=731 underruns=7 overruns=0 sleep_us=16700077 queue_ms=10
fps: 29.2
vis: 59.5
cpu: exceptions=14315 cacheResets=1 batches=15024 verts=225360 texStalls=0 recompiles=731 underruns=7 overruns=0 sleep_us=16895096 queue_ms=5
fps: 30.6
vis: 60.0
cpu: exceptions=14502 cacheResets=1 batches=15024 verts=225360 texStalls=0 recompiles=731 underruns=7 overruns=0 sleep_us=17095699 queue_ms=11
vis: 60.0
cpu: exceptions=14678 cacheResets=1 batches=15024 verts=225360 texStalls=0 recompiles=731 underruns=7 overruns=0 sleep_us=17306316 queue_ms=8
fps: 30.0
vis: 60.0
cpu: exceptions=14845 cacheResets=1 batches=15024 verts=225360 texStalls=0 recompiles=731 underruns=7 overruns=0 sleep_us=17532147 queue_ms=15
fps: 30.0
vis: 60.0
cpu: exceptions=15020 cacheResets=1 batches=15024 verts=225360 texStalls=0 recompiles=731 underruns=7 overruns=0 sleep_us=17748049 queue_ms=11
fps: 30.0
vis: 60.0
cpu: exceptions=15178 cacheResets=1 batches=15024 verts=225360 texStalls=0 recompiles=731 underruns=7 overruns=0 sleep_us=17987054 queue_ms=18
fps: 30.1
vis: 60.0
cpu: exceptions=15339 cacheResets=1 batches=15024 verts=225360 texStalls=0 recompiles=731 underruns=7 overruns=0 sleep_us=18226148 queue_ms=13
fps: 29.9
vis: 59.9
cpu: exceptions=15523 cacheResets=1 batches=15024 verts=225360 texStalls=0 recompiles=732 underruns=7 overruns=0 sleep_us=18429124 queue_ms=9
fps: 29.8
vis: 60.0
cpu: exceptions=15694 cacheResets=1 batches=15024 verts=225360 texStalls=0 recompiles=732 underruns=7 overruns=0 sleep_us=18615566 queue_ms=16
vis: 60.0
cpu: exceptions=15801 cacheResets=1 batches=15024 verts=225360 texStalls=0 recompiles=732 underruns=7 overruns=0 sleep_us=18778969 queue_ms=13
vis: 60.0
cpu: exceptions=15951 cacheResets=1 batches=15024 verts=225360 texStalls=0 recompiles=733 underruns=7 overruns=0 sleep_us=18998799 queue_ms=19
vis: 60.0
cpu: exceptions=16112 cacheResets=1 batches=15024 verts=225360 texStalls=0 recompiles=734 underruns=7 overruns=0 sleep_us=19219639 queue_ms=14
fps: 4.1
vis: 60.0
cpu: exceptions=16293 cacheResets=1 batches=15024 verts=225360 texStalls=0 recompiles=761 underruns=9 overruns=0 sleep_us=19375587 queue_ms=42
fps: 32.2
vis: 59.9
cpu: exceptions=16472 cacheResets=1 batches=15024 verts=225360 texStalls=0 recompiles=761 underruns=9 overruns=0 sleep_us=19573568 queue_ms=38
fps: 30.0
vis: 60.0
cpu: exceptions=16648 cacheResets=1 batches=15024 verts=225360 texStalls=0 recompiles=761 underruns=9 overruns=0 sleep_us=19773634 queue_ms=34
fps: 30.0
vis: 59.9
cpu: exceptions=16821 cacheResets=1 batches=15024 verts=225360 texStalls=0 recompiles=761 underruns=9 overruns=0 sleep_us=19974052 queue_ms=41
fps: 30.0
vis: 60.0
cpu: exceptions=16996 cacheResets=1 batches=15024 verts=225360 texStalls=0 recompiles=761 underruns=9 overruns=0 sleep_us=20178106 queue_ms=37
fps: 29.0
vis: 59.1
cpu: exceptions=17167 cacheResets=1 batches=15024 verts=225360 texStalls=0 recompiles=765 underruns=9 overruns=0 sleep_us=20379417 queue_ms=22
fps: 29.5
vis: 59.8
cpu: exceptions=17345 cacheResets=1 batches=15024 verts=225360 texStalls=0 recompiles=767 underruns=9 overruns=0 sleep_us=20553576 queue_ms=17
fps: 29.9
vis: 59.9
cpu: exceptions=17512 cacheResets=1 batches=15024 verts=225360 texStalls=0 recompiles=767 underruns=9 overruns=0 sleep_us=20736299 queue_ms=13
fps: 30.0
vis: 59.9
cpu: exceptions=17682 cacheResets=1 batches=15024 verts=225360 texStalls=0 recompiles=767 underruns=9 overruns=0 sleep_us=20932909 queue_ms=9
fps: 29.9
vis: 59.5
cpu: exceptions=17862 cacheResets=1 batches=15024 verts=225360 texStalls=0 recompiles=767 underruns=9 overruns=0 sleep_us=21126343 queue_ms=16
fps: 29.7
vis: 59.9
cpu: exceptions=18040 cacheResets=1 batches=15024 verts=225360 texStalls=0 recompiles=767 underruns=9 overruns=0 sleep_us=21314033 queue_ms=12
fps: 30.0
vis: 60.0
cpu: exceptions=18215 cacheResets=1 batches=15024 verts=225360 texStalls=0 recompiles=767 underruns=9 overruns=0 sleep_us=21505492 queue_ms=8
fps: 30.0
vis: 60.0
cpu: exceptions=18381 cacheResets=1 batches=15024 verts=225360 texStalls=0 recompiles=767 underruns=9 overruns=0 sleep_us=21705518 queue_ms=14
fps: 30.1
vis: 59.6
cpu: exceptions=18549 cacheResets=1 batches=15024 verts=225360 texStalls=0 recompiles=767 underruns=9 overruns=0 sleep_us=21922784 queue_ms=11
fps: 29.8
vis: 60.0
cpu: exceptions=18706 cacheResets=1 batches=15024 verts=225360 texStalls=0 recompiles=767 underruns=9 overruns=0 sleep_us=22144309 queue_ms=7
fps: 30.0
vis: 60.0
cpu: exceptions=18865 cacheResets=1 batches=15024 verts=225360 texStalls=0 recompiles=767 underruns=9 overruns=0 sleep_us=22363897 queue_ms=14
fps: 29.9
vis: 60.0
cpu: exceptions=20022 cacheResets=1 batches=15024 verts=225360 texStalls=0 recompiles=776 underruns=9 overruns=0 sleep_us=22525159 queue_ms=10
vis: 60.0
cpu: exceptions=20189 cacheResets=1 batches=15024 verts=225360 texStalls=0 recompiles=829 underruns=9 overruns=0 sleep_us=22807721 queue_ms=17
vis: 60.0
cpu: exceptions=20287 cacheResets=1 batches=15024 verts=225360 texStalls=0 recompiles=829 underruns=9 overruns=0 sleep_us=23163209 queue_ms=13
vis: 60.0
cpu: exceptions=20476 cacheResets=1 batches=15024 verts=225360 texStalls=0 recompiles=1016 underruns=10 overruns=0 sleep_us=23475645 queue_ms=31
vis: 60.0
cpu: exceptions=20555 cacheResets=1 batches=15024 verts=225360 texStalls=0 recompiles=1016 underruns=11 overruns=0 sleep_us=23922973 queue_ms=5
fps: 1.7
vis: 60.0
cpu: exceptions=20761 cacheResets=1 batches=19639 verts=268494 texStalls=0 recompiles=1373 underruns=13 overruns=0 sleep_us=23988219 queue_ms=35
fps: 31.8
vis: 59.7
cpu: exceptions=20999 cacheResets=1 batches=25239 verts=319914 texStalls=0 recompiles=1405 underruns=13 overruns=0 sleep_us=24046829 queue_ms=31
fps: 29.7
vis: 59.1
cpu: exceptions=21293 cacheResets=1 batches=31151 verts=373206 texStalls=0 recompiles=1410 underruns=13 overruns=0 sleep_us=24065599 queue_ms=28
fps: 29.5
vis: 57.7
cpu: exceptions=21636 cacheResets=1 batches=37274 verts=427764 texStalls=0 recompiles=1410 underruns=13 overruns=0 sleep_us=24071172 queue_ms=2
fps: 27.0
vis: 56.7
cpu: exceptions=21999 cacheResets=1 batches=43472 verts=482772 texStalls=0 recompiles=1416 underruns=17 overruns=0 sleep_us=24073413 queue_ms=10
fps: 28.6
vis: 60.0
cpu: exceptions=22329 cacheResets=1 batches=48637 verts=531582 texStalls=0 recompiles=1417 underruns=17 overruns=0 sleep_us=24126869 queue_ms=16
fps: 30.8
vis: 60.0
cpu: exceptions=22633 cacheResets=1 batches=52720 verts=573900 texStalls=0 recompiles=1417 underruns=17 overruns=0 sleep_us=24241871 queue_ms=12
fps: 29.9
vis: 60.0
cpu: exceptions=22960 cacheResets=1 batches=56184 verts=612504 texStalls=0 recompiles=1425 underruns=18 overruns=0 sleep_us=24343769 queue_ms=30
fps: 30.1
vis: 60.0
cpu: exceptions=23271 cacheResets=1 batches=59247 verts=648702 texStalls=0 recompiles=1426 underruns=18 overruns=0 sleep_us=24476644 queue_ms=26
fps: 30.0
vis: 60.0
cpu: exceptions=23584 cacheResets=1 batches=62264 verts=684624 texStalls=0 recompiles=1439 underruns=18 overruns=0 sleep_us=24600857 queue_ms=22
fps: 29.9
vis: 60.0
cpu: exceptions=23884 cacheResets=1 batches=65183 verts=719958 texStalls=0 recompiles=1506 underruns=18 overruns=0 sleep_us=24709397 queue_ms=29
fps: 30.0
vis: 60.0
cpu: exceptions=24198 cacheResets=1 batches=68086 verts=755196 texStalls=0 recompiles=1508 underruns=18 overruns=0 sleep_us=24826096 queue_ms=24
fps: 30.1
vis: 60.0
cpu: exceptions=24507 cacheResets=1 batches=70983 verts=790398 texStalls=0 recompiles=1508 underruns=18 overruns=0 sleep_us=24964846 queue_ms=30
fps: 30.0
vis: 60.0
cpu: exceptions=24800 cacheResets=1 batches=73865 verts=825510 texStalls=0 recompiles=1508 underruns=18 overruns=0 sleep_us=25111670 queue_ms=26
fps: 30.0
mark: stop reason: chain guest VI limit
vis: 56.5
cpu: exceptions=25080 cacheResets=1 batches=76811 verts=861006 texStalls=0 recompiles=1508 underruns=19 overruns=0 sleep_us=25253310 queue_ms=5
mark: stop_it requested
audio: alist_resample_calls=124134 alist_resample_samples=18520000 alist_zoh_calls=0 alist_zoh_samples=0 musyx_subframes=0 musyx_voices=0 musyx_voice_peak=0
audio_stages: adpcm_calls=128102 adpcm_samples=19589328 envmix_calls=124134 envmix_samples=18520000 mix_calls=21240 mix_samples=8156160 musyx_fx_calls=0 musyx_fx_taps=0 output_calls=3566 output_samples=1595392
audio_envmix: exp_calls=0 ge_calls=0 lin_calls=0 nead_calls=124134 exp_steady=0 ge_steady=0 lin_steady=0
audio_gaps: nead_mats=0 nead_efz=0 resample_flag2=0 musyx_ptr10=0
audio_output: stream_requests=7366 stream_fed=5539 input_hz=26807 playback_hz=26807 queue_peak_ms=139
probe_schema: version=2 self=1 interval=127
vm_io: read_ahead=1 reads=0 hits=0 read_bytes=0 writes=0 write_bytes=0 errors=0
subsystem_time: stage=rsp_gfx calls=1428 timed_calls=1428 period=1 timed_us=17135677
subsystem_time: stage=rsp_audio calls=3540 timed_calls=3540 period=1 timed_us=3008188
subsystem_time: stage=rsp_other calls=0 timed_calls=0 period=1 timed_us=0
subsystem_time: stage=lookup calls=8678477 timed_calls=68334 period=127 timed_us=15174
subsystem_time: stage=compile calls=1508 timed_calls=1508 period=1 timed_us=203221
subsystem_time: stage=dispatch calls=8652212 timed_calls=68127 period=127 timed_us=60048
subsystem_self: stage=dispatch calls=8652212 timed_calls=68127 self_us=40042 dropped=0
subsystem_time: stage=execute_inclusive calls=8652212 timed_calls=68127 period=127 timed_us=445051
subsystem_self: stage=execute_inclusive calls=8652212 timed_calls=68127 self_us=114292 dropped=0
subsystem_time: stage=rom_copy calls=8301 timed_calls=8301 period=1 timed_us=71969
subsystem_time: stage=present calls=3599 timed_calls=3599 period=1 timed_us=66280
subsystem_time: stage=limiter calls=2755 timed_calls=2755 period=1 timed_us=25262264
subsystem_time: stage=vm_fault calls=0 timed_calls=0 period=1 timed_us=0
subsystem_time: stage=vm_victim calls=0 timed_calls=0 period=1 timed_us=0
subsystem_time: stage=vm_read calls=0 timed_calls=0 period=1 timed_us=0
subsystem_time: stage=vm_write calls=0 timed_calls=0 period=1 timed_us=0
subsystem_time: stage=tex_hash calls=231269 timed_calls=231269 period=1 timed_us=1473839
subsystem_time: stage=tex_lookup calls=231269 timed_calls=231269 period=1 timed_us=340507
subsystem_time: stage=tex_load calls=1733 timed_calls=1733 period=1 timed_us=127514
subsystem_time: stage=tex_activate calls=231269 timed_calls=231269 period=1 timed_us=61571
subsystem_time: stage=draw_triangles calls=76811 timed_calls=76811 period=1 timed_us=173004
subsystem_time: stage=draw_rect calls=199209 timed_calls=199209 period=1 timed_us=2409712
subsystem_time: stage=gfx_list calls=1428 timed_calls=1428 period=1 timed_us=17132585
subsystem_time: stage=gfx_command calls=3052105 timed_calls=24032 period=127 timed_us=138115
gfx_ucodes: mask=00040000
gfx_opcode: op=01 calls=39357 timed_calls=314 timed_us=138
gfx_opcode: op=03 calls=4732 timed_calls=44 timed_us=50
gfx_opcode: op=04 calls=74849 timed_calls=554 timed_us=1994
gfx_opcode: op=06 calls=126570 timed_calls=947 timed_us=163
gfx_opcode: op=b1 calls=89645 timed_calls=765 timed_us=5965
gfx_opcode: op=b4 calls=811 timed_calls=8 timed_us=1
gfx_opcode: op=b5 calls=21636 timed_calls=179 timed_us=285
gfx_opcode: op=b6 calls=21527 timed_calls=177 timed_us=30
gfx_opcode: op=b7 calls=13822 timed_calls=106 timed_us=16
gfx_opcode: op=b8 calls=127998 timed_calls=986 timed_us=124
gfx_opcode: op=b9 calls=89659 timed_calls=704 timed_us=103
gfx_opcode: op=ba calls=160056 timed_calls=1283 timed_us=218
gfx_opcode: op=bb calls=35718 timed_calls=296 timed_us=57
gfx_opcode: op=bc calls=34815 timed_calls=258 timed_us=53
gfx_opcode: op=bd calls=36 timed_calls=0 timed_us=0
gfx_opcode: op=bf calls=64440 timed_calls=456 timed_us=2044
gfx_opcode: op=c0 calls=16873 timed_calls=139 timed_us=19
gfx_opcode: op=e4 calls=190158 timed_calls=1505 timed_us=19671
gfx_opcode: op=e6 calls=236572 timed_calls=1861 timed_us=228
gfx_opcode: op=e7 calls=327789 timed_calls=2617 timed_us=332
gfx_opcode: op=e8 calls=41869 timed_calls=342 timed_us=41
gfx_opcode: op=e9 calls=1428 timed_calls=10 timed_us=16
gfx_opcode: op=ed calls=8043 timed_calls=63 timed_us=31
gfx_opcode: op=f0 calls=4851 timed_calls=38 timed_us=112
gfx_opcode: op=f2 calls=227707 timed_calls=1790 timed_us=448
gfx_opcode: op=f3 calls=40772 timed_calls=309 timed_us=1891
gfx_opcode: op=f4 calls=190949 timed_calls=1508 timed_us=6304
gfx_opcode: op=f5 calls=464279 timed_calls=3643 timed_us=673
gfx_opcode: op=f6 calls=10516 timed_calls=95 timed_us=2777
gfx_opcode: op=f7 calls=10090 timed_calls=83 timed_us=35
gfx_opcode: op=fa calls=40837 timed_calls=309 timed_us=54
gfx_opcode: op=fb calls=23942 timed_calls=183 timed_us=28
gfx_opcode: op=fc calls=67479 timed_calls=531 timed_us=72
gfx_opcode: op=fd calls=236572 timed_calls=1881 timed_us=270
gfx_opcode: op=fe calls=1427 timed_calls=12 timed_us=9
gfx_opcode: op=ff calls=4281 timed_calls=36 timed_us=91900
subsystem_time: stage=vertex calls=544112 timed_calls=4284 period=127 timed_us=1327
subsystem_time: stage=gfx_state calls=287905 timed_calls=2266 period=127 timed_us=20893
subsystem_self: stage=gfx_state calls=287905 timed_calls=2266 self_us=4981 dropped=0
subsystem_time: stage=gx_wait calls=4 timed_calls=4 period=1 timed_us=2554
subsystem_time: stage=dma_pi calls=8301 timed_calls=8301 period=1 timed_us=146175
subsystem_time: stage=dma_sp calls=9936 timed_calls=9936 period=1 timed_us=10612
subsystem_time: stage=dma_si calls=2986 timed_calls=2986 period=1 timed_us=34106
subsystem_time: stage=tlb_translate calls=0 timed_calls=0 period=127 timed_us=0
subsystem_time: stage=pif calls=2987 timed_calls=2987 period=1 timed_us=31406
subsystem_time: stage=input calls=5712 timed_calls=5712 period=1 timed_us=25550
subsystem_time: stage=guest_interrupt calls=33475 timed_calls=33475 period=1 timed_us=25513894
subsystem_self: stage=guest_interrupt calls=33475 timed_calls=33475 self_us=63930 dropped=0
subsystem_time: stage=interpreter_inclusive calls=0 timed_calls=0 period=1 timed_us=0
subsystem_self: stage=interpreter_inclusive calls=0 timed_calls=0 self_us=0 dropped=0
subsystem_time: stage=audio_submit calls=3566 timed_calls=3566 period=1 timed_us=35119
subsystem_time: stage=audio_callback calls=35978 timed_calls=35978 period=1 timed_us=24581
subsystem_time: stage=memory_slow calls=1357666 timed_calls=10690 period=127 timed_us=114756
subsystem_self: stage=memory_slow calls=1357666 timed_calls=10690 self_us=5407 dropped=0
subsystem_time: stage=jit_invalidate calls=26265 timed_calls=206 period=127 timed_us=44
subsystem_time: stage=cpu_helper calls=35814074 timed_calls=282000 period=127 timed_us=191896
subsystem_time: stage=storage_read calls=0 timed_calls=0 period=1 timed_us=0
subsystem_time: stage=storage_write calls=0 timed_calls=0 period=1 timed_us=0
subsystem_time: stage=save_load calls=0 timed_calls=0 period=1 timed_us=0
subsystem_time: stage=save_write calls=0 timed_calls=0 period=1 timed_us=0
subsystem_time: stage=state_load calls=0 timed_calls=0 period=1 timed_us=0
subsystem_time: stage=state_save calls=0 timed_calls=0 period=1 timed_us=0
subsystem_time: stage=probe_io calls=8 timed_calls=8 period=1 timed_us=128167
subsystem_time: stage=agent_poll calls=7220 timed_calls=7220 period=1 timed_us=1698
audio_time: stage=resample sampled_calls=977 sampled_samples=145472 sampled_us=6099
audio_time: stage=zoh sampled_calls=0 sampled_samples=0 sampled_us=0
audio_time: stage=adpcm sampled_calls=1008 sampled_samples=155248 sampled_us=6420
audio_time: stage=envmix_exp sampled_calls=0 sampled_samples=0 sampled_us=0
audio_time: stage=envmix_ge sampled_calls=0 sampled_samples=0 sampled_us=0
audio_time: stage=envmix_lin sampled_calls=0 sampled_samples=0 sampled_us=0
audio_time: stage=envmix_nead sampled_calls=977 sampled_samples=145472 sampled_us=8755
audio_time: stage=mix sampled_calls=167 sampled_samples=64128 sampled_us=1043
audio_time: stage=musyx_voice sampled_calls=0 sampled_samples=0 sampled_us=0
audio_time: stage=musyx_fx sampled_calls=0 sampled_samples=0 sampled_us=0
audio_time: stage=output sampled_calls=28 sampled_samples=12464 sampled_us=225
gpu_counters: clks=14679255078 tb_clks=14679255140 ras_busy=376791161 xf_wait_in=14246600613 xf_wait_out=206353681 ras_peak_permille=40 ztop_in=1452511680 ztop_out=1423880784 z_in=5198904 z_out=4386100 blend_in=1429402112 copy_clks=145889106 fifo_overflows=0
game: n=2/4 how=vis vis=3600 vi_rate=60 vi0_retrace=1634 wall_us=60408324 sleep_us=25253310 avg_vis=59.38 avg_fps=27.50 exceptions=25081 cacheResets=1 recompiles=1508 batches=76811 verts=861006 texStalls=0 treeDepthMax=14 underruns=19 overruns=0 queue_peak_ms=122 dsp_avg=1.56 dsp_peak=1.85 dsp_samples=121 pmc1=25489869143 pmc2=27285895123 pmc3=0 pmc4=0 mmcr0=00000042 mmcr1=00000000 heap_used=10895788 heap_free=35592 arena1_free=299008 arena2_free=288704 flushes=8 flush_us=128165 padtrace=20 rom=sd:/wii64/roms/Mario Kart 64.v64
=== chain 2/4 end vis=3600 how=vis rom=sd:/wii64/roms/Mario Kart 64.v64 ===
mark: pad replay records: 1
mark: loadROM: enter
mark: loadROM: before rom_read
mark: ROMCache_load: enter
mark: ROMCache_load: before first read
mark: ROMCache_load: first read returned
mark: ROMCache_load: byte_swap_type set
mark: ROMCache_load: first byte_swap done
menufps: 0.0
menufps: 8.4
menufps: 8.0
menufps: 8.1
menufps: 8.0
menufps: 8.1
menufps: 7.6
mark: ROMCache_load: loop exited normally
mark: ROMCache_load: elapsed_us=3836975 bytes=16777216 vm=0
mark: loadROM: after rom_read
mark: loadROM: before init_memory
mark: loadROM: after init_memory
mark: loadROM: before romOpen_gfx
mark: loadROM: after romOpen_gfx / before romOpen_audio
mark: loadROM: after romOpen_audio / before romOpen_input
mark: loadROM: after romOpen_input / before cpu_init
mark: loadROM: after cpu_init
menufps: 6.8
menufps: 1.9
menufps: 1.0
menufps: 1.0
fps: 1.0
first_vi: vi0_retrace=5696
vis: 0.1
cpu: exceptions=0 cacheResets=0 batches=0 verts=0 texStalls=0 recompiles=0 underruns=0 overruns=0 sleep_us=0 queue_ms=0
mark: CPU core dispatch: dynarec
vis: 60.0
cpu: exceptions=1471 cacheResets=1 batches=0 verts=0 texStalls=0 recompiles=421 underruns=0 overruns=0 sleep_us=78865 queue_ms=157
fps: 3.1
vis: 60.0
cpu: exceptions=2355 cacheResets=1 batches=0 verts=0 texStalls=0 recompiles=425 underruns=0 overruns=0 sleep_us=414048 queue_ms=160
fps: 61.2
vis: 60.0
cpu: exceptions=2625 cacheResets=1 batches=0 verts=0 texStalls=0 recompiles=425 underruns=0 overruns=0 sleep_us=828094 queue_ms=156
fps: 60.0
vis: 60.0
cpu: exceptions=2918 cacheResets=1 batches=0 verts=0 texStalls=0 recompiles=468 underruns=0 overruns=0 sleep_us=1228970 queue_ms=162
vis: 60.0
cpu: exceptions=3298 cacheResets=1 batches=0 verts=0 texStalls=0 recompiles=468 underruns=0 overruns=0 sleep_us=1577552 queue_ms=157
fps: 14.7
vis: 51.6
cpu: exceptions=3627 cacheResets=1 batches=1934 verts=51708 texStalls=0 recompiles=742 underruns=0 overruns=0 sleep_us=1749975 queue_ms=87
fps: 56.9
vis: 60.0
cpu: exceptions=3918 cacheResets=1 batches=8714 verts=229188 texStalls=0 recompiles=763 underruns=0 overruns=0 sleep_us=1764027 queue_ms=82
fps: 60.0
vis: 60.0
cpu: exceptions=4213 cacheResets=1 batches=15486 verts=406620 texStalls=0 recompiles=771 underruns=0 overruns=0 sleep_us=1779900 queue_ms=87
fps: 57.9
vis: 60.0
cpu: exceptions=4512 cacheResets=1 batches=22236 verts=583920 texStalls=0 recompiles=775 underruns=0 overruns=0 sleep_us=1797015 queue_ms=66
fps: 60.0
vis: 60.0
cpu: exceptions=4803 cacheResets=1 batches=28986 verts=761220 texStalls=0 recompiles=775 underruns=0 overruns=0 sleep_us=1817126 queue_ms=70
fps: 60.0
vis: 60.0
cpu: exceptions=5092 cacheResets=1 batches=35736 verts=938520 texStalls=0 recompiles=775 underruns=0 overruns=0 sleep_us=1839457 queue_ms=68
fps: 60.0
vis: 60.0
cpu: exceptions=5386 cacheResets=1 batches=42486 verts=1115820 texStalls=0 recompiles=775 underruns=0 overruns=0 sleep_us=1858627 queue_ms=72
fps: 60.0
vis: 60.0
cpu: exceptions=5673 cacheResets=1 batches=49236 verts=1293120 texStalls=0 recompiles=777 underruns=0 overruns=0 sleep_us=1881664 queue_ms=69
fps: 60.0
vis: 60.0
cpu: exceptions=5967 cacheResets=1 batches=55986 verts=1470420 texStalls=0 recompiles=777 underruns=0 overruns=0 sleep_us=1896050 queue_ms=65
fps: 60.0
vis: 60.0
cpu: exceptions=6265 cacheResets=1 batches=62736 verts=1647720 texStalls=0 recompiles=777 underruns=0 overruns=0 sleep_us=1908361 queue_ms=71
fps: 60.0
vis: 60.0
cpu: exceptions=6559 cacheResets=1 batches=69486 verts=1825020 texStalls=0 recompiles=777 underruns=0 overruns=0 sleep_us=1920998 queue_ms=66
fps: 60.0
vis: 60.0
cpu: exceptions=6857 cacheResets=1 batches=76236 verts=2002320 texStalls=0 recompiles=777 underruns=0 overruns=0 sleep_us=1930964 queue_ms=72
fps: 60.0
vis: 60.0
cpu: exceptions=7150 cacheResets=1 batches=82986 verts=2179620 texStalls=0 recompiles=777 underruns=0 overruns=0 sleep_us=1942420 queue_ms=68
fps: 60.0
vis: 60.0
cpu: exceptions=7441 cacheResets=1 batches=89736 verts=2356920 texStalls=0 recompiles=777 underruns=0 overruns=0 sleep_us=1955144 queue_ms=73
fps: 60.0
vis: 60.0
cpu: exceptions=7731 cacheResets=1 batches=96486 verts=2534220 texStalls=0 recompiles=777 underruns=0 overruns=0 sleep_us=1970886 queue_ms=70
fps: 60.0
vis: 60.0
cpu: exceptions=8020 cacheResets=1 batches=103236 verts=2711520 texStalls=0 recompiles=777 underruns=0 overruns=0 sleep_us=1990223 queue_ms=65
fps: 60.0
vis: 59.8
cpu: exceptions=8317 cacheResets=1 batches=109986 verts=2888820 texStalls=0 recompiles=777 underruns=0 overruns=0 sleep_us=2005464 queue_ms=71
fps: 59.8
vis: 59.9
cpu: exceptions=8610 cacheResets=1 batches=116736 verts=3066120 texStalls=0 recompiles=777 underruns=0 overruns=0 sleep_us=2007173 queue_ms=67
fps: 58.8
vis: 58.5
cpu: exceptions=8923 cacheResets=1 batches=123486 verts=3243420 texStalls=0 recompiles=777 underruns=0 overruns=0 sleep_us=2007173 queue_ms=55
fps: 58.3
vis: 58.2
cpu: exceptions=9241 cacheResets=1 batches=130236 verts=3420720 texStalls=0 recompiles=777 underruns=0 overruns=0 sleep_us=2007173 queue_ms=41
fps: 58.3
vis: 58.2
cpu: exceptions=9559 cacheResets=1 batches=136986 verts=3598020 texStalls=0 recompiles=777 underruns=0 overruns=0 sleep_us=2007173 queue_ms=20
fps: 58.3
vis: 58.5
cpu: exceptions=9872 cacheResets=1 batches=143736 verts=3775320 texStalls=0 recompiles=777 underruns=0 overruns=0 sleep_us=2007173 queue_ms=7
fps: 58.9
vis: 58.9
cpu: exceptions=10181 cacheResets=1 batches=150486 verts=3952620 texStalls=0 recompiles=777 underruns=2 overruns=0 sleep_us=2007173 queue_ms=21
fps: 56.8
vis: 58.1
cpu: exceptions=10493 cacheResets=1 batches=157588 verts=4141185 texStalls=0 recompiles=777 underruns=4 overruns=0 sleep_us=2007173 queue_ms=9
fps: 53.1
vis: 52.7
cpu: exceptions=10770 cacheResets=1 batches=165553 verts=4361586 texStalls=0 recompiles=777 underruns=11 overruns=0 sleep_us=2007173 queue_ms=9
mark: stop reason: chain guest VI limit
mark: stop_it requested
audio: alist_resample_calls=10077 alist_resample_samples=1250096 alist_zoh_calls=0 alist_zoh_samples=0 musyx_subframes=0 musyx_voices=0 musyx_voice_peak=0
audio_stages: adpcm_calls=9759 adpcm_samples=1154016 envmix_calls=10077 envmix_samples=1250096 mix_calls=79024 mix_samples=10544864 musyx_fx_calls=0 musyx_fx_taps=0 output_calls=897 output_samples=478768
audio_envmix: exp_calls=10077 ge_calls=0 lin_calls=0 nead_calls=0 exp_steady=5510 ge_steady=0 lin_steady=0
audio_gaps: nead_mats=0 nead_efz=0 resample_flag2=0 musyx_ptr10=0
audio_output: stream_requests=3376 stream_fed=1662 input_hz=32006 playback_hz=32006 queue_peak_ms=182
probe_schema: version=2 self=1 interval=127
vm_io: read_ahead=1 reads=0 hits=0 read_bytes=0 writes=0 write_bytes=0 errors=0
subsystem_time: stage=rsp_gfx calls=810 timed_calls=810 period=1 timed_us=6672811
subsystem_time: stage=rsp_audio calls=898 timed_calls=898 period=1 timed_us=592049
subsystem_time: stage=rsp_other calls=0 timed_calls=0 period=1 timed_us=0
subsystem_time: stage=lookup calls=3610009 timed_calls=28425 period=127 timed_us=6151
subsystem_time: stage=compile calls=777 timed_calls=777 period=1 timed_us=106431
subsystem_time: stage=dispatch calls=3517110 timed_calls=27693 period=127 timed_us=23870
subsystem_self: stage=dispatch calls=3517110 timed_calls=27693 self_us=16046 dropped=0
subsystem_time: stage=execute_inclusive calls=3517110 timed_calls=27693 period=127 timed_us=124172
subsystem_self: stage=execute_inclusive calls=3517110 timed_calls=27693 self_us=45232 dropped=0
subsystem_time: stage=rom_copy calls=1024 timed_calls=1024 period=1 timed_us=14818
subsystem_time: stage=present calls=899 timed_calls=899 period=1 timed_us=42498
subsystem_time: stage=limiter calls=613 timed_calls=613 period=1 timed_us=2009389
subsystem_time: stage=vm_fault calls=0 timed_calls=0 period=1 timed_us=0
subsystem_time: stage=vm_victim calls=0 timed_calls=0 period=1 timed_us=0
subsystem_time: stage=vm_read calls=0 timed_calls=0 period=1 timed_us=0
subsystem_time: stage=vm_write calls=0 timed_calls=0 period=1 timed_us=0
subsystem_time: stage=tex_hash calls=147492 timed_calls=147492 period=1 timed_us=1422960
subsystem_time: stage=tex_lookup calls=147492 timed_calls=147492 period=1 timed_us=51410
subsystem_time: stage=tex_load calls=136 timed_calls=136 period=1 timed_us=18882
subsystem_time: stage=tex_activate calls=147492 timed_calls=147492 period=1 timed_us=106220
subsystem_time: stage=draw_triangles calls=167028 timed_calls=167028 period=1 timed_us=670899
subsystem_time: stage=draw_rect calls=5440 timed_calls=5440 period=1 timed_us=119334
subsystem_time: stage=gfx_list calls=810 timed_calls=810 period=1 timed_us=6671187
subsystem_time: stage=gfx_command calls=5319454 timed_calls=41885 period=127 timed_us=56883
gfx_ucodes: mask=00000004
gfx_opcode: op=01 calls=343835 timed_calls=2738 timed_us=9516
gfx_opcode: op=02 calls=4507 timed_calls=41 timed_us=9
gfx_opcode: op=03 calls=108045 timed_calls=828 timed_us=120
gfx_opcode: op=05 calls=40387 timed_calls=324 timed_us=2287
gfx_opcode: op=06 calls=713540 timed_calls=5582 timed_us=27338
gfx_opcode: op=d5 calls=3 timed_calls=0 timed_us=0
gfx_opcode: op=d7 calls=105143 timed_calls=838 timed_us=157
gfx_opcode: op=d8 calls=109877 timed_calls=852 timed_us=114
gfx_opcode: op=d9 calls=416576 timed_calls=3292 timed_us=444
gfx_opcode: op=da calls=172226 timed_calls=1359 timed_us=849
gfx_opcode: op=db calls=73735 timed_calls=589 timed_us=117
gfx_opcode: op=dc calls=7700 timed_calls=64 timed_us=48
gfx_opcode: op=de calls=136822 timed_calls=1083 timed_us=221
gfx_opcode: op=df calls=130819 timed_calls=1038 timed_us=142
gfx_opcode: op=e2 calls=331942 timed_calls=2627 timed_us=368
gfx_opcode: op=e3 calls=238410 timed_calls=1849 timed_us=278
gfx_opcode: op=e4 calls=5440 timed_calls=44 timed_us=1058
gfx_opcode: op=e6 calls=248817 timed_calls=1944 timed_us=241
gfx_opcode: op=e7 calls=719043 timed_calls=5672 timed_us=721
gfx_opcode: op=e8 calls=93600 timed_calls=744 timed_us=92
gfx_opcode: op=e9 calls=810 timed_calls=6 timed_us=8
gfx_opcode: op=ed calls=6080 timed_calls=44 timed_us=16
gfx_opcode: op=f0 calls=104244 timed_calls=839 timed_us=589
gfx_opcode: op=f2 calls=146037 timed_calls=1138 timed_us=313
gfx_opcode: op=f3 calls=127782 timed_calls=994 timed_us=4896
gfx_opcode: op=f4 calls=13870 timed_calls=107 timed_us=576
gfx_opcode: op=f5 calls=342984 timed_calls=2662 timed_us=518
gfx_opcode: op=f6 calls=3080 timed_calls=29 timed_us=2209
gfx_opcode: op=f7 calls=3080 timed_calls=27 timed_us=12
gfx_opcode: op=f8 calls=6650 timed_calls=51 timed_us=11
gfx_opcode: op=f9 calls=75228 timed_calls=583 timed_us=96
gfx_opcode: op=fa calls=118261 timed_calls=953 timed_us=167
gfx_opcode: op=fb calls=14604 timed_calls=117 timed_us=19
gfx_opcode: op=fc calls=112981 timed_calls=894 timed_us=118
gfx_opcode: op=fd calls=235676 timed_calls=1870 timed_us=265
gfx_opcode: op=fe calls=810 timed_calls=7 timed_us=6
gfx_opcode: op=ff calls=6810 timed_calls=56 timed_us=19
subsystem_time: stage=vertex calls=2761556 timed_calls=21744 period=127 timed_us=5678
subsystem_time: stage=gfx_state calls=147504 timed_calls=1161 period=127 timed_us=16609
subsystem_self: stage=gfx_state calls=147504 timed_calls=1161 self_us=4080 dropped=0
subsystem_time: stage=gx_wait calls=4 timed_calls=4 period=1 timed_us=2558
subsystem_time: stage=dma_pi calls=2023 timed_calls=2023 period=1 timed_us=30457
subsystem_time: stage=dma_sp calls=3416 timed_calls=3416 period=1 timed_us=4072
subsystem_time: stage=dma_si calls=4478 timed_calls=4478 period=1 timed_us=22645
subsystem_time: stage=tlb_translate calls=0 timed_calls=0 period=127 timed_us=0
subsystem_time: stage=pif calls=4479 timed_calls=4479 period=1 timed_us=20888
subsystem_time: stage=input calls=3508 timed_calls=3508 period=1 timed_us=14638
subsystem_time: stage=guest_interrupt calls=12504 timed_calls=12504 period=1 timed_us=2132604
subsystem_self: stage=guest_interrupt calls=12504 timed_calls=12504 self_us=30137 dropped=0
subsystem_time: stage=interpreter_inclusive calls=0 timed_calls=0 period=1 timed_us=0
subsystem_self: stage=interpreter_inclusive calls=0 timed_calls=0 self_us=0 dropped=0
subsystem_time: stage=audio_submit calls=898 timed_calls=898 period=1 timed_us=10578
subsystem_time: stage=audio_callback calls=9490 timed_calls=9490 period=1 timed_us=8181
subsystem_time: stage=memory_slow calls=833888 timed_calls=6566 period=127 timed_us=50302
subsystem_self: stage=memory_slow calls=833888 timed_calls=6566 self_us=3095 dropped=0
subsystem_time: stage=jit_invalidate calls=92899 timed_calls=731 period=127 timed_us=159
subsystem_time: stage=cpu_helper calls=10719401 timed_calls=84404 period=127 timed_us=31246
subsystem_time: stage=storage_read calls=0 timed_calls=0 period=1 timed_us=0
subsystem_time: stage=storage_write calls=0 timed_calls=0 period=1 timed_us=0
subsystem_time: stage=save_load calls=0 timed_calls=0 period=1 timed_us=0
subsystem_time: stage=save_write calls=0 timed_calls=0 period=1 timed_us=0
subsystem_time: stage=state_load calls=0 timed_calls=0 period=1 timed_us=0
subsystem_time: stage=state_save calls=0 timed_calls=0 period=1 timed_us=0
subsystem_time: stage=probe_io calls=4 timed_calls=4 period=1 timed_us=58756
subsystem_time: stage=agent_poll calls=1824 timed_calls=1824 period=1 timed_us=470
audio_time: stage=resample sampled_calls=79 sampled_samples=10240 sampled_us=434
audio_time: stage=zoh sampled_calls=0 sampled_samples=0 sampled_us=0
audio_time: stage=adpcm sampled_calls=76 sampled_samples=8016 sampled_us=362
audio_time: stage=envmix_exp sampled_calls=79 sampled_samples=10240 sampled_us=1206
audio_time: stage=envmix_ge sampled_calls=0 sampled_samples=0 sampled_us=0
audio_time: stage=envmix_lin sampled_calls=0 sampled_samples=0 sampled_us=0
audio_time: stage=envmix_nead sampled_calls=0 sampled_samples=0 sampled_us=0
audio_time: stage=mix sampled_calls=622 sampled_samples=83008 sampled_us=1404
audio_time: stage=musyx_voice sampled_calls=0 sampled_samples=0 sampled_us=0
audio_time: stage=musyx_fx sampled_calls=0 sampled_samples=0 sampled_us=0
audio_time: stage=output sampled_calls=7 sampled_samples=3712 sampled_us=73
gpu_counters: clks=3749394605 tb_clks=3749394676 ras_busy=223494146 xf_wait_in=3337727037 xf_wait_out=197204739 ras_peak_permille=104 ztop_in=699052780 ztop_out=566207668 z_in=119838344 z_out=102098716 blend_in=686414264 copy_clks=84732526 fifo_overflows=0
game: n=3/4 how=vis vis=900 vi_rate=60 vi0_retrace=5696 wall_us=15429528 sleep_us=2007173 avg_vis=57.24 avg_fps=53.69 exceptions=10823 cacheResets=1 recompiles=777 batches=167028 verts=4402401 texStalls=0 treeDepthMax=12 underruns=13 overruns=0 queue_peak_ms=162 dsp_avg=1.66 dsp_peak=1.90 dsp_samples=31 pmc1=9606683755 pmc2=9522010572 pmc3=0 pmc4=0 mmcr0=00000042 mmcr1=00000000 heap_used=10842604 heap_free=125640 arena1_free=262144 arena2_free=288704 flushes=4 flush_us=58755 padtrace=0 rom=sd:/wii64/roms/Pokemon Snap.rom
=== chain 3/4 end vis=900 how=vis rom=sd:/wii64/roms/Pokemon Snap.rom ===
mark: pad replay records: 1
mark: loadROM: enter
mark: loadROM: before rom_read
mark: ROMCache_load: enter
menufps: 0.1
menufps: 0.2
mark: ROMCache_load: before first read
mark: ROMCache_load: first read returned
mark: ROMCache_load: byte_swap_type set
mark: ROMCache_load: first byte_swap done
menufps: 0.2
menufps: 8.5
menufps: 8.1
menufps: 7.6
menufps: 8.2
menufps: 7.7
menufps: 8.1
menufps: 2.8
menufps: 1.2
menufps: 1.3
menufps: 1.2
menufps: 1.3
menufps: 1.2
menufps: 1.3
menufps: 3.7
menufps: 8.1
menufps: 8.0
menufps: 8.0
menufps: 7.6
menufps: 7.8
mark: ROMCache_load: loop exited normally
menufps: 2.1
menufps: 1.1
menufps: 1.2
menufps: 1.1
menufps: 1.1
menufps: 1.1
menufps: 1.1
menufps: 1.1
menufps: 1.1
menufps: 1.1
menufps: 1.1
menufps: 1.1
menufps: 1.1
menufps: 1.1
menufps: 1.1
menufps: 1.1
menufps: 1.1
menufps: 1.1
menufps: 1.1
menufps: 1.1
mark: ROMCache_load: preflush_us=17735352 writes=2040 bytes=16711680
mark: ROMCache_load: elapsed_us=40079226 bytes=33554432 vm=1
mark: loadROM: after rom_read
mark: loadROM: before init_memory
mark: loadROM: after init_memory
mark: loadROM: before romOpen_gfx
mark: loadROM: after romOpen_gfx / before romOpen_audio
mark: loadROM: after romOpen_audio / before romOpen_input
mark: loadROM: after romOpen_input / before cpu_init
mark: loadROM: after cpu_init
menufps: 3.0
menufps: 1.0
menufps: 1.0
fps: 0.3
first_vi: vi0_retrace=9233
vis: 0.1
cpu: exceptions=0 cacheResets=0 batches=0 verts=0 texStalls=0 recompiles=0 underruns=0 overruns=0 sleep_us=0 queue_ms=0
mark: CPU core dispatch: dynarec
vis: 55.8
cpu: exceptions=31 cacheResets=1 batches=0 verts=0 texStalls=0 recompiles=82 underruns=0 overruns=0 sleep_us=0 queue_ms=0
vis: 60.0
cpu: exceptions=61 cacheResets=1 batches=0 verts=0 texStalls=0 recompiles=82 underruns=0 overruns=0 sleep_us=332167 queue_ms=0
vis: 60.0
cpu: exceptions=91 cacheResets=1 batches=0 verts=0 texStalls=0 recompiles=82 underruns=0 overruns=0 sleep_us=658224 queue_ms=0
vis: 60.0
cpu: exceptions=199 cacheResets=1 batches=0 verts=0 texStalls=0 recompiles=182 underruns=0 overruns=0 sleep_us=932018 queue_ms=0
vis: 60.0
cpu: exceptions=244 cacheResets=1 batches=0 verts=0 texStalls=0 recompiles=188 underruns=0 overruns=0 sleep_us=1254947 queue_ms=0
vis: 60.0
cpu: exceptions=286 cacheResets=1 batches=0 verts=0 texStalls=0 recompiles=188 underruns=0 overruns=0 sleep_us=1574742 queue_ms=0
vis: 60.0
cpu: exceptions=316 cacheResets=1 batches=0 verts=0 texStalls=0 recompiles=188 underruns=0 overruns=0 sleep_us=1892060 queue_ms=0
vis: 60.0
cpu: exceptions=390 cacheResets=1 batches=0 verts=0 texStalls=0 recompiles=314 underruns=1 overruns=0 sleep_us=2300547 queue_ms=30
vis: 60.0
cpu: exceptions=467 cacheResets=1 batches=0 verts=0 texStalls=0 recompiles=323 underruns=1 overruns=0 sleep_us=2747833 queue_ms=34
vis: 60.0
cpu: exceptions=542 cacheResets=1 batches=0 verts=0 texStalls=0 recompiles=323 underruns=1 overruns=0 sleep_us=3199680 queue_ms=25
vis: 60.0
cpu: exceptions=733 cacheResets=1 batches=0 verts=0 texStalls=0 recompiles=434 underruns=2 overruns=0 sleep_us=3412166 queue_ms=43
vis: 60.0
cpu: exceptions=949 cacheResets=1 batches=0 verts=0 texStalls=0 recompiles=434 underruns=2 overruns=0 sleep_us=3597649 queue_ms=47
vis: 60.0
cpu: exceptions=1139 cacheResets=1 batches=0 verts=0 texStalls=0 recompiles=448 underruns=2 overruns=0 sleep_us=3797155 queue_ms=51
vis: 60.0
cpu: exceptions=1381 cacheResets=1 batches=0 verts=0 texStalls=0 recompiles=484 underruns=2 overruns=0 sleep_us=3976397 queue_ms=43
fps: 0.1
vis: 60.0
cpu: exceptions=1669 cacheResets=1 batches=532 verts=7602 texStalls=0 recompiles=1251 underruns=3 overruns=0 sleep_us=4083834 queue_ms=112
fps: 31.2
vis: 60.0
cpu: exceptions=1943 cacheResets=1 batches=1417 verts=19932 texStalls=0 recompiles=1255 underruns=3 overruns=0 sleep_us=4411400 queue_ms=117
fps: 30.0
vis: 60.0
cpu: exceptions=2220 cacheResets=1 batches=2302 verts=32262 texStalls=0 recompiles=1276 underruns=3 overruns=0 sleep_us=4728868 queue_ms=121
fps: 29.0
vis: 60.0
cpu: exceptions=2497 cacheResets=1 batches=3187 verts=44592 texStalls=0 recompiles=1279 underruns=3 overruns=0 sleep_us=5066695 queue_ms=99
fps: 30.0
vis: 60.0
cpu: exceptions=2771 cacheResets=1 batches=4072 verts=56922 texStalls=0 recompiles=1280 underruns=3 overruns=0 sleep_us=5405595 queue_ms=104
fps: 30.0
vis: 60.0
cpu: exceptions=3058 cacheResets=1 batches=4957 verts=69252 texStalls=0 recompiles=1300 underruns=3 overruns=0 sleep_us=5730017 queue_ms=95
fps: 30.0
vis: 60.0
cpu: exceptions=3338 cacheResets=1 batches=5842 verts=81582 texStalls=0 recompiles=1300 underruns=3 overruns=0 sleep_us=6053528 queue_ms=99
fps: 30.0
vis: 60.0
cpu: exceptions=3619 cacheResets=1 batches=6727 verts=93912 texStalls=0 recompiles=1302 underruns=3 overruns=0 sleep_us=6381666 queue_ms=104
fps: 30.0
vis: 60.0
cpu: exceptions=3902 cacheResets=1 batches=7612 verts=106242 texStalls=0 recompiles=1351 underruns=3 overruns=0 sleep_us=6708232 queue_ms=95
fps: 30.1
vis: 60.0
cpu: exceptions=4187 cacheResets=1 batches=7951 verts=111852 texStalls=0 recompiles=1366 underruns=3 overruns=0 sleep_us=7059551 queue_ms=99
fps: 30.0
vis: 60.0
cpu: exceptions=4341 cacheResets=1 batches=8071 verts=113904 texStalls=0 recompiles=1383 underruns=3 overruns=0 sleep_us=7403382 queue_ms=104
fps: 29.9
vis: 60.0
cpu: exceptions=4489 cacheResets=1 batches=8449 verts=139314 texStalls=0 recompiles=1384 underruns=3 overruns=0 sleep_us=7738693 queue_ms=108
fps: 30.0
vis: 60.0
cpu: exceptions=4636 cacheResets=1 batches=8854 verts=166539 texStalls=0 recompiles=1386 underruns=3 overruns=0 sleep_us=8076620 queue_ms=99
fps: 30.0
vis: 60.0
cpu: exceptions=4781 cacheResets=1 batches=9259 verts=193764 texStalls=0 recompiles=1387 underruns=3 overruns=0 sleep_us=8424648 queue_ms=104
fps: 30.0
vis: 60.0
cpu: exceptions=4931 cacheResets=1 batches=9664 verts=220989 texStalls=0 recompiles=1387 underruns=3 overruns=0 sleep_us=8769029 queue_ms=108
fps: 30.0
vis: 60.0
cpu: exceptions=5081 cacheResets=1 batches=10069 verts=248214 texStalls=0 recompiles=1389 underruns=3 overruns=0 sleep_us=9110721 queue_ms=112
mark: stop reason: chain guest VI limit
mark: stop_it requested
audio: alist_resample_calls=11186 alist_resample_samples=2058224 alist_zoh_calls=0 alist_zoh_samples=0 musyx_subframes=0 musyx_voices=0 musyx_voice_peak=0
audio_stages: adpcm_calls=6590 adpcm_samples=722912 envmix_calls=8440 envmix_samples=1552960 mix_calls=54920 mix_samples=10105280 musyx_fx_calls=0 musyx_fx_taps=0 output_calls=342 output_samples=251896
audio_envmix: exp_calls=0 ge_calls=0 lin_calls=8440 nead_calls=0 exp_steady=0 ge_steady=0 lin_steady=7902
audio_gaps: nead_mats=0 nead_efz=0 resample_flag2=0 musyx_ptr10=0
audio_output: stream_requests=4282 stream_fed=868 input_hz=22047 playback_hz=22047 queue_peak_ms=131
probe_schema: version=2 self=1 interval=127
vm_io: read_ahead=1 reads=58 hits=277 read_bytes=1900544 writes=0 write_bytes=0 errors=0
subsystem_time: stage=rsp_gfx calls=238 timed_calls=238 period=1 timed_us=461763
subsystem_time: stage=rsp_audio calls=343 timed_calls=343 period=1 timed_us=472151
subsystem_time: stage=rsp_other calls=1 timed_calls=1 period=1 timed_us=4
subsystem_time: stage=lookup calls=1605551 timed_calls=12642 period=127 timed_us=3215
subsystem_time: stage=compile calls=1389 timed_calls=1389 period=1 timed_us=203756
subsystem_time: stage=dispatch calls=1603976 timed_calls=12629 period=127 timed_us=13456
subsystem_self: stage=dispatch calls=1603976 timed_calls=12629 self_us=8116 dropped=0
subsystem_time: stage=execute_inclusive calls=1603976 timed_calls=12629 period=127 timed_us=99114
subsystem_self: stage=execute_inclusive calls=1603976 timed_calls=12629 self_us=33836 dropped=0
subsystem_time: stage=rom_copy calls=1048 timed_calls=1048 period=1 timed_us=252258
subsystem_time: stage=present calls=899 timed_calls=899 period=1 timed_us=237320
subsystem_time: stage=limiter calls=843 timed_calls=843 period=1 timed_us=9113337
subsystem_time: stage=vm_fault calls=335 timed_calls=335 period=1 timed_us=234619
subsystem_time: stage=vm_victim calls=335 timed_calls=335 period=1 timed_us=392
subsystem_time: stage=vm_read calls=58 timed_calls=58 period=1 timed_us=218743
subsystem_time: stage=vm_write calls=0 timed_calls=0 period=1 timed_us=0
subsystem_time: stage=tex_hash calls=7634 timed_calls=7634 period=1 timed_us=68833
subsystem_time: stage=tex_lookup calls=7634 timed_calls=7634 period=1 timed_us=2347
subsystem_time: stage=tex_load calls=24 timed_calls=24 period=1 timed_us=3597
subsystem_time: stage=tex_activate calls=7634 timed_calls=7634 period=1 timed_us=4715
subsystem_time: stage=draw_triangles calls=10096 timed_calls=10096 period=1 timed_us=33691
subsystem_time: stage=draw_rect calls=1687 timed_calls=1687 period=1 timed_us=8887
subsystem_time: stage=gfx_list calls=238 timed_calls=238 period=1 timed_us=461316
subsystem_time: stage=gfx_command calls=176157 timed_calls=1387 period=127 timed_us=4228
gfx_ucodes: mask=00000004
gfx_opcode: op=00 calls=237 timed_calls=1 timed_us=0
gfx_opcode: op=01 calls=5860 timed_calls=51 timed_us=552
gfx_opcode: op=05 calls=17853 timed_calls=141 timed_us=784
gfx_opcode: op=06 calls=32745 timed_calls=254 timed_us=953
gfx_opcode: op=d7 calls=979 timed_calls=6 timed_us=1
gfx_opcode: op=d9 calls=7439 timed_calls=61 timed_us=9
gfx_opcode: op=da calls=6173 timed_calls=51 timed_us=19
gfx_opcode: op=db calls=5265 timed_calls=41 timed_us=9
gfx_opcode: op=dc calls=1858 timed_calls=16 timed_us=13
gfx_opcode: op=de calls=1346 timed_calls=12 timed_us=4
gfx_opcode: op=df calls=1584 timed_calls=11 timed_us=1
gfx_opcode: op=e2 calls=2119 timed_calls=18 timed_us=4
gfx_opcode: op=e3 calls=11276 timed_calls=82 timed_us=15
gfx_opcode: op=e6 calls=10066 timed_calls=87 timed_us=10
gfx_opcode: op=e7 calls=30043 timed_calls=248 timed_us=34
gfx_opcode: op=e8 calls=2432 timed_calls=16 timed_us=1
gfx_opcode: op=e9 calls=238 timed_calls=1 timed_us=0
gfx_opcode: op=ed calls=2162 timed_calls=11 timed_us=3
gfx_opcode: op=f0 calls=2432 timed_calls=21 timed_us=11
gfx_opcode: op=f2 calls=3086 timed_calls=23 timed_us=6
gfx_opcode: op=f3 calls=7634 timed_calls=59 timed_us=335
gfx_opcode: op=f5 calls=8229 timed_calls=62 timed_us=12
gfx_opcode: op=f6 calls=1925 timed_calls=14 timed_us=1293
gfx_opcode: op=f7 calls=948 timed_calls=8 timed_us=3
gfx_opcode: op=f8 calls=237 timed_calls=3 timed_us=1
gfx_opcode: op=fa calls=234 timed_calls=0 timed_us=0
gfx_opcode: op=fc calls=979 timed_calls=11 timed_us=2
gfx_opcode: op=fd calls=10066 timed_calls=73 timed_us=10
gfx_opcode: op=fe calls=237 timed_calls=2 timed_us=1
gfx_opcode: op=ff calls=475 timed_calls=3 timed_us=2
subsystem_time: stage=vertex calls=98130 timed_calls=772 period=127 timed_us=343
subsystem_time: stage=gfx_state calls=11689 timed_calls=92 period=127 timed_us=763
subsystem_self: stage=gfx_state calls=11689 timed_calls=92 self_us=195 dropped=0
subsystem_time: stage=gx_wait calls=4 timed_calls=4 period=1 timed_us=2554
subsystem_time: stage=dma_pi calls=1048 timed_calls=1048 period=1 timed_us=271633
subsystem_time: stage=dma_sp calls=1162 timed_calls=1162 period=1 timed_us=1132
subsystem_time: stage=dma_si calls=1351 timed_calls=1351 period=1 timed_us=3546
subsystem_time: stage=tlb_translate calls=0 timed_calls=0 period=127 timed_us=0
subsystem_time: stage=pif calls=1352 timed_calls=1352 period=1 timed_us=2873
subsystem_time: stage=input calls=388 timed_calls=388 period=1 timed_us=1666
subsystem_time: stage=guest_interrupt calls=5823 timed_calls=5823 period=1 timed_us=9400908
subsystem_self: stage=guest_interrupt calls=5823 timed_calls=5823 self_us=21280 dropped=0
subsystem_time: stage=interpreter_inclusive calls=0 timed_calls=0 period=1 timed_us=0
subsystem_self: stage=interpreter_inclusive calls=0 timed_calls=0 self_us=0 dropped=0
subsystem_time: stage=audio_submit calls=343 timed_calls=343 period=1 timed_us=5521
subsystem_time: stage=audio_callback calls=10291 timed_calls=10291 period=1 timed_us=4440
subsystem_time: stage=memory_slow calls=1083589 timed_calls=8532 period=127 timed_us=5562
subsystem_self: stage=memory_slow calls=1083589 timed_calls=8532 self_us=2677 dropped=0
subsystem_time: stage=jit_invalidate calls=1575 timed_calls=12 period=127 timed_us=2
subsystem_time: stage=cpu_helper calls=10245351 timed_calls=80672 period=127 timed_us=129111
subsystem_time: stage=storage_read calls=0 timed_calls=0 period=1 timed_us=0
subsystem_time: stage=storage_write calls=0 timed_calls=0 period=1 timed_us=0
subsystem_time: stage=save_load calls=0 timed_calls=0 period=1 timed_us=0
subsystem_time: stage=save_write calls=0 timed_calls=0 period=1 timed_us=0
subsystem_time: stage=state_load calls=0 timed_calls=0 period=1 timed_us=0
subsystem_time: stage=state_save calls=0 timed_calls=0 period=1 timed_us=0
subsystem_time: stage=probe_io calls=3 timed_calls=3 period=1 timed_us=36561
subsystem_time: stage=agent_poll calls=1811 timed_calls=1811 period=1 timed_us=444
audio_time: stage=resample sampled_calls=88 sampled_samples=16192 sampled_us=633
audio_time: stage=zoh sampled_calls=0 sampled_samples=0 sampled_us=0
audio_time: stage=adpcm sampled_calls=51 sampled_samples=5680 sampled_us=242
audio_time: stage=envmix_exp sampled_calls=0 sampled_samples=0 sampled_us=0
audio_time: stage=envmix_ge sampled_calls=0 sampled_samples=0 sampled_us=0
audio_time: stage=envmix_lin sampled_calls=66 sampled_samples=12144 sampled_us=1002
audio_time: stage=envmix_nead sampled_calls=0 sampled_samples=0 sampled_us=0
audio_time: stage=mix sampled_calls=432 sampled_samples=79488 sampled_us=1286
audio_time: stage=musyx_voice sampled_calls=0 sampled_samples=0 sampled_us=0
audio_time: stage=musyx_fx sampled_calls=0 sampled_samples=0 sampled_us=0
audio_time: stage=output sampled_calls=2 sampled_samples=1472 sampled_us=26
gpu_counters: clks=3696601878 tb_clks=3696601952 ras_busy=49114349 xf_wait_in=3619467503 xf_wait_out=65854554 ras_peak_permille=24 ztop_in=195020364 ztop_out=194039424 z_in=0 z_out=0 blend_in=194090004 copy_clks=67300822 fifo_overflows=0
game: n=4/4 how=vis vis=900 vi_rate=60 vi0_retrace=9233 wall_us=15212228 sleep_us=9110721 avg_vis=57.93 avg_fps=26.51 exceptions=5086 cacheResets=1 recompiles=1389 batches=10096 verts=250029 texStalls=0 treeDepthMax=15 underruns=3 overruns=0 queue_peak_ms=121 dsp_avg=1.39 dsp_peak=1.60 dsp_samples=31 pmc1=4143908703 pmc2=4564343659 pmc3=0 pmc4=0 mmcr0=00000042 mmcr1=00000000 heap_used=10885484 heap_free=82760 arena1_free=262144 arena2_free=288704 flushes=3 flush_us=36560 padtrace=0 rom=sd:/wii64/roms/Donkey Kong 64 (USA).z64
=== chain 4/4 end vis=900 how=vis rom=sd:/wii64/roms/Donkey Kong 64 (USA).z64 ===
