--- wii64 perf log ---
mark: diag config: wiiload arguments
mark: wiiload dynacore argument received
mark: diag received dynacore line
mark: diag requested core: dynarec
mark: pad replay records: 7
selftest:
  raw[0]=51283491538374439
  raw[1]=51283491538374440
  raw[2]=51283491538374455
  raw[3]=51283491538374468
  raw[4]=51283491538374480
  delta[0]=0us
  delta[1]=0us
  delta[2]=0us
  delta[3]=0us
mark: audio quality: accurate
mark: audio modes: n64=0 output=0 mixer=0 latency=2 sync=0
mark: diag applied core: dynarec
mark: HBC agent ready
mark: loadROM: enter
mark: loadROM: before rom_read
mark: ROMCache_load: enter
mark: ROMCache_load: before first read
mark: ROMCache_load: first read returned
mark: ROMCache_load: byte_swap_type set
mark: ROMCache_load: first byte_swap done
menufps: 10.2
menufps: 8.4
menufps: 7.9
mark: ROMCache_load: loop exited normally
mark: ROMCache_load: elapsed_us=1927445 bytes=8388608 vm=0
mark: loadROM: after rom_read
mark: loadROM: before init_memory
mark: loadROM: after init_memory
mark: loadROM: before romOpen_gfx
mark: loadROM: after romOpen_gfx / before romOpen_audio
mark: loadROM: after romOpen_audio / before romOpen_input
mark: loadROM: after romOpen_input / before cpu_init
mark: loadROM: after cpu_init
menufps: 2.9
menufps: 0.8
menufps: 1.0
fps: 0.0
first_vi: vi0_retrace=330
vis: 0.0
cpu: exceptions=0 cacheResets=0 batches=0 verts=0 texStalls=0 recompiles=0 underruns=0 overruns=0 sleep_us=0 queue_ms=0
mark: CPU core dispatch: dynarec
vis: 60.0
cpu: exceptions=240 cacheResets=1 batches=0 verts=0 texStalls=0 recompiles=189 underruns=1 overruns=0 sleep_us=226907 queue_ms=118
vis: 60.0
cpu: exceptions=540 cacheResets=1 batches=0 verts=0 texStalls=0 recompiles=198 underruns=1 overruns=0 sleep_us=703549 queue_ms=123
vis: 60.0
cpu: exceptions=840 cacheResets=1 batches=0 verts=0 texStalls=0 recompiles=204 underruns=1 overruns=0 sleep_us=1180131 queue_ms=120
vis: 60.0
cpu: exceptions=1135 cacheResets=1 batches=0 verts=0 texStalls=0 recompiles=204 underruns=1 overruns=0 sleep_us=1657296 queue_ms=124
fps: 0.5
vis: 60.0
cpu: exceptions=1431 cacheResets=1 batches=414 verts=9387 texStalls=0 recompiles=468 underruns=2 overruns=0 sleep_us=1967126 queue_ms=2
fps: 20.0
vis: 60.0
cpu: exceptions=1588 cacheResets=1 batches=2484 verts=56322 texStalls=0 recompiles=475 underruns=2 overruns=0 sleep_us=2379434 queue_ms=9
fps: 30.0
vis: 60.0
cpu: exceptions=1752 cacheResets=1 batches=4554 verts=103257 texStalls=0 recompiles=478 underruns=2 overruns=0 sleep_us=2790261 queue_ms=6
fps: 30.0
vis: 60.0
cpu: exceptions=1894 cacheResets=1 batches=6624 verts=150192 texStalls=0 recompiles=478 underruns=2 overruns=0 sleep_us=3210845 queue_ms=2
fps: 30.0
vis: 60.0
cpu: exceptions=2036 cacheResets=1 batches=8694 verts=197127 texStalls=0 recompiles=478 underruns=2 overruns=0 sleep_us=3631101 queue_ms=7
fps: 30.0
vis: 60.0
cpu: exceptions=2178 cacheResets=1 batches=10767 verts=244080 texStalls=0 recompiles=489 underruns=2 overruns=0 sleep_us=4050118 queue_ms=4
fps: 30.0
vis: 60.0
cpu: exceptions=2319 cacheResets=1 batches=12574 verts=284835 texStalls=0 recompiles=498 underruns=2 overruns=0 sleep_us=4473764 queue_ms=9
vis: 60.0
cpu: exceptions=2638 cacheResets=1 batches=12574 verts=284835 texStalls=0 recompiles=675 underruns=3 overruns=0 sleep_us=4635511 queue_ms=23
vis: 60.0
cpu: exceptions=2728 cacheResets=1 batches=12574 verts=284835 texStalls=0 recompiles=733 underruns=3 overruns=0 sleep_us=4809828 queue_ms=28
vis: 60.0
cpu: exceptions=2818 cacheResets=1 batches=12574 verts=284835 texStalls=0 recompiles=784 underruns=3 overruns=0 sleep_us=5075131 queue_ms=25
fps: 4.9
vis: 60.0
cpu: exceptions=2961 cacheResets=1 batches=13906 verts=302151 texStalls=0 recompiles=910 underruns=5 overruns=0 sleep_us=5290272 queue_ms=17
fps: 15.1
vis: 60.0
cpu: exceptions=3118 cacheResets=1 batches=18793 verts=366438 texStalls=0 recompiles=910 underruns=5 overruns=0 sleep_us=5433691 queue_ms=13
fps: 30.0
vis: 60.0
cpu: exceptions=3273 cacheResets=1 batches=23666 verts=430389 texStalls=0 recompiles=927 underruns=5 overruns=0 sleep_us=5577120 queue_ms=8
fps: 30.0
vis: 60.0
cpu: exceptions=3436 cacheResets=1 batches=28525 verts=494238 texStalls=0 recompiles=927 underruns=5 overruns=0 sleep_us=5721002 queue_ms=14
fps: 30.0
vis: 60.0
cpu: exceptions=3591 cacheResets=1 batches=33391 verts=558129 texStalls=0 recompiles=927 underruns=5 overruns=0 sleep_us=5875241 queue_ms=10
fps: 29.1
vis: 60.0
cpu: exceptions=3762 cacheResets=1 batches=38259 verts=622032 texStalls=0 recompiles=927 underruns=6 overruns=0 sleep_us=6013590 queue_ms=6
fps: 29.9
vis: 60.0
cpu: exceptions=3978 cacheResets=1 batches=43135 verts=685983 texStalls=0 recompiles=936 underruns=6 overruns=0 sleep_us=6131681 queue_ms=12
fps: 20.0
vis: 60.0
cpu: exceptions=4234 cacheResets=1 batches=43733 verts=693744 texStalls=0 recompiles=1065 underruns=9 overruns=0 sleep_us=6385815 queue_ms=14
fps: 31.6
vis: 60.0
cpu: exceptions=4401 cacheResets=1 batches=44539 verts=704160 texStalls=0 recompiles=1065 underruns=9 overruns=0 sleep_us=6767550 queue_ms=9
fps: 30.0
vis: 60.0
cpu: exceptions=4573 cacheResets=1 batches=45334 verts=714510 texStalls=0 recompiles=1065 underruns=9 overruns=0 sleep_us=7148630 queue_ms=13
fps: 30.0
vis: 60.0
cpu: exceptions=4738 cacheResets=1 batches=46129 verts=724860 texStalls=0 recompiles=1065 underruns=9 overruns=0 sleep_us=7540381 queue_ms=11
fps: 30.0
vis: 60.0
cpu: exceptions=4911 cacheResets=1 batches=46924 verts=735210 texStalls=0 recompiles=1065 underruns=9 overruns=0 sleep_us=7920152 queue_ms=15
fps: 30.0
vis: 60.0
cpu: exceptions=5090 cacheResets=1 batches=47719 verts=745560 texStalls=0 recompiles=1065 underruns=9 overruns=0 sleep_us=8293716 queue_ms=12
fps: 30.0
vis: 60.0
cpu: exceptions=5263 cacheResets=1 batches=48514 verts=755910 texStalls=0 recompiles=1065 underruns=9 overruns=0 sleep_us=8671572 queue_ms=17
fps: 30.0
vis: 60.0
cpu: exceptions=5432 cacheResets=1 batches=49309 verts=766260 texStalls=0 recompiles=1065 underruns=9 overruns=0 sleep_us=9056358 queue_ms=13
fps: 30.0
mark: stop reason: chain guest VI limit
mark: stop_it requested
audio: alist_resample_calls=12384 alist_resample_samples=1625744 alist_zoh_calls=0 alist_zoh_samples=0 musyx_subframes=0 musyx_voices=0 musyx_voice_peak=0
audio_stages: adpcm_calls=12114 adpcm_samples=1459104 envmix_calls=11818 envmix_samples=1577200 mix_calls=3468 mix_samples=1109760 musyx_fx_calls=0 musyx_fx_taps=0 output_calls=868 output_samples=462912
audio_envmix: exp_calls=11818 ge_calls=0 lin_calls=0 nead_calls=0 exp_steady=9585 ge_steady=0 lin_steady=0
audio_gaps: nead_mats=0 nead_efz=0 resample_flag2=0 musyx_ptr10=0
audio_output: stream_requests=3446 stream_fed=1607 input_hz=32006 playback_hz=32006 queue_peak_ms=145
probe_schema: version=2 self=1 interval=127
gpu_status: samples=30 command_busy=1 fifo_busy=0 over_high=0 under_low=30
vm_io: read_ahead=1 reads=0 hits=0 read_bytes=0 writes=0 write_bytes=0 errors=0
subsystem_time: stage=rsp_gfx calls=320 timed_calls=320 period=1 timed_us=986001
subsystem_time: stage=rsp_audio calls=867 timed_calls=867 period=1 timed_us=339907
subsystem_time: stage=rsp_other calls=0 timed_calls=0 period=1 timed_us=0
subsystem_time: stage=lookup calls=2962443 timed_calls=23326 period=127 timed_us=5315
subsystem_time: stage=compile calls=1065 timed_calls=1065 period=1 timed_us=117227
subsystem_time: stage=dispatch calls=2810038 timed_calls=22126 period=127 timed_us=20008
subsystem_self: stage=dispatch calls=2810038 timed_calls=22126 self_us=13833 dropped=0
subsystem_time: stage=execute_inclusive calls=2810038 timed_calls=22126 period=127 timed_us=103782
subsystem_self: stage=execute_inclusive calls=2810038 timed_calls=22126 self_us=40646 dropped=0
subsystem_time: stage=rom_copy calls=1195 timed_calls=1195 period=1 timed_us=23426
subsystem_time: stage=present calls=899 timed_calls=899 period=1 timed_us=18918
subsystem_time: stage=limiter calls=866 timed_calls=866 period=1 timed_us=9424896
subsystem_time: stage=vm_fault calls=0 timed_calls=0 period=1 timed_us=0
subsystem_time: stage=vm_victim calls=0 timed_calls=0 period=1 timed_us=0
subsystem_time: stage=vm_read calls=0 timed_calls=0 period=1 timed_us=0
subsystem_time: stage=vm_write calls=0 timed_calls=0 period=1 timed_us=0
subsystem_time: stage=tex_hash calls=22217 timed_calls=22217 period=1 timed_us=146347
subsystem_time: stage=tex_lookup calls=22217 timed_calls=22217 period=1 timed_us=7458
subsystem_time: stage=tex_load calls=68 timed_calls=68 period=1 timed_us=2789
subsystem_time: stage=tex_activate calls=22217 timed_calls=22217 period=1 timed_us=13546
subsystem_time: stage=draw_triangles calls=50104 timed_calls=50104 period=1 timed_us=127732
subsystem_time: stage=draw_rect calls=6995 timed_calls=6995 period=1 timed_us=51347
subsystem_time: stage=gfx_list calls=320 timed_calls=320 period=1 timed_us=985387
subsystem_time: stage=gfx_command calls=667967 timed_calls=5259 period=127 timed_us=8010
subsystem_time: stage=vertex calls=543903 timed_calls=4282 period=127 timed_us=1500
subsystem_time: stage=gfx_state calls=39289 timed_calls=309 period=127 timed_us=1973
subsystem_self: stage=gfx_state calls=39289 timed_calls=309 self_us=651 dropped=0
subsystem_time: stage=gx_wait calls=4 timed_calls=4 period=1 timed_us=2571
subsystem_time: stage=dma_pi calls=1195 timed_calls=1195 period=1 timed_us=57689
subsystem_time: stage=dma_sp calls=2374 timed_calls=2374 period=1 timed_us=2013
subsystem_time: stage=dma_si calls=964 timed_calls=964 period=1 timed_us=7747
subsystem_time: stage=tlb_translate calls=200897 timed_calls=1581 period=127 timed_us=179
subsystem_time: stage=pif calls=965 timed_calls=965 period=1 timed_us=7013
subsystem_time: stage=input calls=1276 timed_calls=1276 period=1 timed_us=5628
subsystem_time: stage=guest_interrupt calls=6743 timed_calls=6743 period=1 timed_us=9496804
subsystem_self: stage=guest_interrupt calls=6743 timed_calls=6743 self_us=27008 dropped=0
subsystem_time: stage=interpreter_inclusive calls=0 timed_calls=0 period=1 timed_us=0
subsystem_self: stage=interpreter_inclusive calls=0 timed_calls=0 self_us=0 dropped=0
subsystem_time: stage=audio_submit calls=868 timed_calls=868 period=1 timed_us=10077
subsystem_time: stage=audio_callback calls=9359 timed_calls=9359 period=1 timed_us=6013
subsystem_time: stage=memory_slow calls=537508 timed_calls=4232 period=127 timed_us=12372
subsystem_self: stage=memory_slow calls=537508 timed_calls=4232 self_us=2278 dropped=0
subsystem_time: stage=jit_invalidate calls=152405 timed_calls=1200 period=127 timed_us=248
subsystem_time: stage=cpu_helper calls=6879933 timed_calls=54172 period=127 timed_us=61013
subsystem_time: stage=storage_read calls=0 timed_calls=0 period=1 timed_us=0
subsystem_time: stage=storage_write calls=0 timed_calls=0 period=1 timed_us=0
subsystem_time: stage=save_load calls=0 timed_calls=0 period=1 timed_us=0
subsystem_time: stage=save_write calls=0 timed_calls=0 period=1 timed_us=0
subsystem_time: stage=state_load calls=0 timed_calls=0 period=1 timed_us=0
subsystem_time: stage=state_save calls=0 timed_calls=0 period=1 timed_us=0
subsystem_time: stage=probe_io calls=3 timed_calls=3 period=1 timed_us=33972
subsystem_time: stage=agent_poll calls=1810 timed_calls=1810 period=1 timed_us=400
audio_time: stage=resample sampled_calls=97 sampled_samples=12824 sampled_us=542
audio_time: stage=zoh sampled_calls=0 sampled_samples=0 sampled_us=0
audio_time: stage=adpcm sampled_calls=95 sampled_samples=10960 sampled_us=457
audio_time: stage=envmix_exp sampled_calls=93 sampled_samples=12448 sampled_us=1056
audio_time: stage=envmix_ge sampled_calls=0 sampled_samples=0 sampled_us=0
audio_time: stage=envmix_lin sampled_calls=0 sampled_samples=0 sampled_us=0
audio_time: stage=envmix_nead sampled_calls=0 sampled_samples=0 sampled_us=0
audio_time: stage=mix sampled_calls=27 sampled_samples=8640 sampled_us=145
audio_time: stage=musyx_voice sampled_calls=0 sampled_samples=0 sampled_us=0
audio_time: stage=musyx_fx sampled_calls=0 sampled_samples=0 sampled_us=0
audio_time: stage=output sampled_calls=6 sampled_samples=3200 sampled_us=60
game: n=1/4 how=vis vis=900 vi_rate=60 vi0_retrace=330 wall_us=15183847 sleep_us=9422286 avg_vis=58.00 avg_fps=25.05 exceptions=5594 cacheResets=1 recompiles=1065 batches=50104 verts=776610 texStalls=0 treeDepthMax=14 underruns=10 overruns=0 queue_peak_ms=124 dsp_avg=1.53 dsp_peak=1.80 dsp_samples=30 pmc1=4050186937 pmc2=4297231378 pmc3=0 pmc4=0 mmcr0=00000042 mmcr1=00000000 heap_used=10835864 heap_free=36328 arena1_free=577536 arena2_free=577472 flushes=3 flush_us=33971 padtrace=6 rom=sd:/wii64/roms/Super Mario 64.v64
=== chain 1/4 end vis=900 how=vis rom=sd:/wii64/roms/Super Mario 64.v64 ===
mark: pad replay records: 22
mark: loadROM: enter
mark: loadROM: before rom_read
mark: ROMCache_load: enter
mark: ROMCache_load: before first read
mark: ROMCache_load: first read returned
mark: ROMCache_load: byte_swap_type set
mark: ROMCache_load: first byte_swap done
menufps: 0.1
menufps: 8.5
menufps: 8.3
menufps: 8.3
menufps: 8.3
mark: ROMCache_load: loop exited normally
mark: ROMCache_load: elapsed_us=3054896 bytes=13893632 vm=0
mark: loadROM: after rom_read
mark: loadROM: before init_memory
mark: loadROM: after init_memory
mark: loadROM: before romOpen_gfx
mark: loadROM: after romOpen_gfx / before romOpen_audio
mark: loadROM: after romOpen_audio / before romOpen_input
mark: loadROM: after romOpen_input / before cpu_init
mark: loadROM: after cpu_init
menufps: 6.4
menufps: 1.9
menufps: 1.0
menufps: 1.0
fps: 0.1
first_vi: vi0_retrace=1632
vis: 4.2
cpu: exceptions=0 cacheResets=0 batches=0 verts=0 texStalls=0 recompiles=0 underruns=0 overruns=0 sleep_us=0 queue_ms=0
mark: CPU core dispatch: dynarec
vis: 60.0
cpu: exceptions=1030 cacheResets=1 batches=0 verts=0 texStalls=0 recompiles=316 underruns=1 overruns=0 sleep_us=59196 queue_ms=127
vis: 60.0
cpu: exceptions=1330 cacheResets=1 batches=0 verts=0 texStalls=0 recompiles=316 underruns=1 overruns=0 sleep_us=529110 queue_ms=134
vis: 60.0
cpu: exceptions=1630 cacheResets=1 batches=0 verts=0 texStalls=0 recompiles=331 underruns=1 overruns=0 sleep_us=997216 queue_ms=131
vis: 60.0
cpu: exceptions=1929 cacheResets=1 batches=0 verts=0 texStalls=0 recompiles=331 underruns=1 overruns=0 sleep_us=1466763 queue_ms=138
vis: 60.0
cpu: exceptions=2229 cacheResets=1 batches=0 verts=0 texStalls=0 recompiles=331 underruns=1 overruns=0 sleep_us=1936209 queue_ms=134
vis: 60.0
cpu: exceptions=2529 cacheResets=1 batches=0 verts=0 texStalls=0 recompiles=331 underruns=1 overruns=0 sleep_us=2405672 queue_ms=142
vis: 60.0
cpu: exceptions=2865 cacheResets=1 batches=0 verts=0 texStalls=0 recompiles=344 underruns=1 overruns=0 sleep_us=2866930 queue_ms=137
fps: 0.8
vis: 60.0
cpu: exceptions=3439 cacheResets=1 batches=64 verts=4140 texStalls=0 recompiles=468 underruns=1 overruns=0 sleep_us=3286103 queue_ms=133
fps: 1.6
vis: 60.0
cpu: exceptions=3544 cacheResets=1 batches=576 verts=37260 texStalls=0 recompiles=528 underruns=1 overruns=0 sleep_us=3497128 queue_ms=39
fps: 30.4
vis: 60.0
cpu: exceptions=3685 cacheResets=1 batches=1536 verts=99360 texStalls=0 recompiles=528 underruns=1 overruns=0 sleep_us=3643336 queue_ms=25
fps: 30.0
vis: 60.0
cpu: exceptions=3821 cacheResets=1 batches=2304 verts=149040 texStalls=0 recompiles=566 underruns=1 overruns=0 sleep_us=3793991 queue_ms=31
vis: 60.0
cpu: exceptions=3917 cacheResets=1 batches=2304 verts=149040 texStalls=0 recompiles=566 underruns=1 overruns=0 sleep_us=3968391 queue_ms=28
fps: 3.9
vis: 60.0
cpu: exceptions=4016 cacheResets=1 batches=2424 verts=149760 texStalls=0 recompiles=598 underruns=1 overruns=0 sleep_us=4234906 queue_ms=34
fps: 1.7
vis: 56.9
cpu: exceptions=4118 cacheResets=1 batches=2904 verts=152640 texStalls=0 recompiles=610 underruns=4 overruns=0 sleep_us=4553265 queue_ms=7
fps: 29.4
vis: 58.6
cpu: exceptions=4332 cacheResets=1 batches=4704 verts=163440 texStalls=0 recompiles=611 underruns=5 overruns=0 sleep_us=4589661 queue_ms=11
fps: 29.3
vis: 58.6
cpu: exceptions=4533 cacheResets=1 batches=6504 verts=174240 texStalls=0 recompiles=614 underruns=6 overruns=0 sleep_us=4622741 queue_ms=8
fps: 29.3
vis: 58.6
cpu: exceptions=4726 cacheResets=1 batches=8304 verts=185040 texStalls=0 recompiles=614 underruns=7 overruns=0 sleep_us=4652653 queue_ms=15
fps: 29.4
vis: 58.6
cpu: exceptions=4920 cacheResets=1 batches=10104 verts=195840 texStalls=0 recompiles=614 underruns=8 overruns=0 sleep_us=4683809 queue_ms=10
fps: 29.3
vis: 58.6
cpu: exceptions=5099 cacheResets=1 batches=11904 verts=206640 texStalls=0 recompiles=614 underruns=9 overruns=0 sleep_us=4718283 queue_ms=5
fps: 29.3
vis: 58.6
cpu: exceptions=5277 cacheResets=1 batches=13704 verts=217440 texStalls=0 recompiles=618 underruns=10 overruns=0 sleep_us=4752081 queue_ms=13
vis: 60.0
cpu: exceptions=5458 cacheResets=1 batches=15024 verts=225360 texStalls=0 recompiles=625 underruns=11 overruns=0 sleep_us=4803976 queue_ms=19
vis: 60.0
cpu: exceptions=5609 cacheResets=1 batches=15024 verts=225360 texStalls=0 recompiles=625 underruns=11 overruns=0 sleep_us=4949504 queue_ms=25
vis: 60.0
cpu: exceptions=5717 cacheResets=1 batches=15024 verts=225360 texStalls=0 recompiles=631 underruns=11 overruns=0 sleep_us=5163630 queue_ms=21
fps: 7.4
vis: 58.2
cpu: exceptions=5839 cacheResets=1 batches=15024 verts=225360 texStalls=0 recompiles=674 underruns=12 overruns=0 sleep_us=5377253 queue_ms=17
fps: 30.8
vis: 58.8
cpu: exceptions=6052 cacheResets=1 batches=15024 verts=225360 texStalls=0 recompiles=674 underruns=12 overruns=0 sleep_us=5449050 queue_ms=13
fps: 29.4
vis: 58.9
cpu: exceptions=6241 cacheResets=1 batches=15024 verts=225360 texStalls=0 recompiles=674 underruns=13 overruns=0 sleep_us=5523015 queue_ms=8
fps: 29.4
vis: 58.9
cpu: exceptions=6412 cacheResets=1 batches=15024 verts=225360 texStalls=0 recompiles=674 underruns=14 overruns=0 sleep_us=5601606 queue_ms=16
fps: 29.5
vis: 59.0
cpu: exceptions=6579 cacheResets=1 batches=15024 verts=225360 texStalls=0 recompiles=674 underruns=14 overruns=0 sleep_us=5682002 queue_ms=1
fps: 29.5
vis: 59.0
cpu: exceptions=6749 cacheResets=1 batches=15024 verts=225360 texStalls=0 recompiles=674 underruns=15 overruns=0 sleep_us=5762667 queue_ms=8
fps: 28.6
vis: 58.4
cpu: exceptions=6922 cacheResets=1 batches=15024 verts=225360 texStalls=0 recompiles=681 underruns=17 overruns=0 sleep_us=5842616 queue_ms=5
fps: 29.2
vis: 58.9
cpu: exceptions=7088 cacheResets=1 batches=15024 verts=225360 texStalls=0 recompiles=686 underruns=18 overruns=0 sleep_us=5907607 queue_ms=11
fps: 29.5
vis: 59.0
cpu: exceptions=7257 cacheResets=1 batches=15024 verts=225360 texStalls=0 recompiles=686 underruns=19 overruns=0 sleep_us=5984573 queue_ms=7
fps: 29.5
vis: 59.0
cpu: exceptions=7429 cacheResets=1 batches=15024 verts=225360 texStalls=0 recompiles=686 underruns=20 overruns=0 sleep_us=6072032 queue_ms=14
fps: 29.5
vis: 59.0
cpu: exceptions=7589 cacheResets=1 batches=15024 verts=225360 texStalls=0 recompiles=686 underruns=21 overruns=0 sleep_us=6161210 queue_ms=21
fps: 29.5
vis: 59.0
cpu: exceptions=7763 cacheResets=1 batches=15024 verts=225360 texStalls=0 recompiles=686 underruns=21 overruns=0 sleep_us=6248409 queue_ms=7
fps: 29.5
vis: 59.0
cpu: exceptions=7939 cacheResets=1 batches=15024 verts=225360 texStalls=0 recompiles=686 underruns=22 overruns=0 sleep_us=6335802 queue_ms=14
fps: 29.5
vis: 59.0
cpu: exceptions=8107 cacheResets=1 batches=15024 verts=225360 texStalls=0 recompiles=686 underruns=23 overruns=0 sleep_us=6424504 queue_ms=21
vis: 60.0
cpu: exceptions=8410 cacheResets=1 batches=15024 verts=225360 texStalls=0 recompiles=686 underruns=23 overruns=0 sleep_us=6570937 queue_ms=22
fps: 30.0
vis: 60.0
cpu: exceptions=8577 cacheResets=1 batches=15024 verts=225360 texStalls=0 recompiles=686 underruns=23 overruns=0 sleep_us=6671544 queue_ms=19
fps: 30.0
vis: 60.0
cpu: exceptions=8736 cacheResets=1 batches=15024 verts=225360 texStalls=0 recompiles=688 underruns=23 overruns=0 sleep_us=6774298 queue_ms=26
fps: 30.0
vis: 60.0
cpu: exceptions=8900 cacheResets=1 batches=15024 verts=225360 texStalls=0 recompiles=688 underruns=23 overruns=0 sleep_us=6873563 queue_ms=22
fps: 30.0
vis: 60.0
cpu: exceptions=9089 cacheResets=1 batches=15024 verts=225360 texStalls=0 recompiles=688 underruns=23 overruns=0 sleep_us=6950989 queue_ms=29
fps: 30.0
vis: 60.0
cpu: exceptions=9266 cacheResets=1 batches=15024 verts=225360 texStalls=0 recompiles=688 underruns=23 overruns=0 sleep_us=7029492 queue_ms=26
fps: 30.0
vis: 60.0
cpu: exceptions=9423 cacheResets=1 batches=15024 verts=225360 texStalls=0 recompiles=688 underruns=23 overruns=0 sleep_us=7124910 queue_ms=32
fps: 30.0
vis: 60.0
cpu: exceptions=9577 cacheResets=1 batches=15024 verts=225360 texStalls=0 recompiles=688 underruns=23 overruns=0 sleep_us=7221360 queue_ms=28
fps: 30.0
vis: 60.0
cpu: exceptions=9736 cacheResets=1 batches=15024 verts=225360 texStalls=0 recompiles=688 underruns=23 overruns=0 sleep_us=7317228 queue_ms=24
fps: 30.0
vis: 60.0
cpu: exceptions=9894 cacheResets=1 batches=15024 verts=225360 texStalls=0 recompiles=688 underruns=23 overruns=0 sleep_us=7415424 queue_ms=31
fps: 30.0
vis: 60.0
cpu: exceptions=10049 cacheResets=1 batches=15024 verts=225360 texStalls=0 recompiles=688 underruns=23 overruns=0 sleep_us=7517380 queue_ms=28
fps: 30.0
vis: 60.0
cpu: exceptions=10208 cacheResets=1 batches=15024 verts=225360 texStalls=0 recompiles=688 underruns=23 overruns=0 sleep_us=7620742 queue_ms=35
fps: 29.1
vis: 60.0
cpu: exceptions=10362 cacheResets=1 batches=15024 verts=225360 texStalls=0 recompiles=688 underruns=23 overruns=0 sleep_us=7722445 queue_ms=20
fps: 30.0
vis: 60.0
cpu: exceptions=10519 cacheResets=1 batches=15024 verts=225360 texStalls=0 recompiles=688 underruns=23 overruns=0 sleep_us=7816882 queue_ms=16
fps: 30.0
vis: 60.0
cpu: exceptions=10668 cacheResets=1 batches=15024 verts=225360 texStalls=0 recompiles=688 underruns=23 overruns=0 sleep_us=7924360 queue_ms=22
fps: 29.9
vis: 60.0
cpu: exceptions=10859 cacheResets=1 batches=15024 verts=225360 texStalls=0 recompiles=688 underruns=23 overruns=0 sleep_us=8008791 queue_ms=19
fps: 30.0
vis: 60.0
cpu: exceptions=11059 cacheResets=1 batches=15024 verts=225360 texStalls=0 recompiles=688 underruns=23 overruns=0 sleep_us=8075892 queue_ms=25
fps: 30.0
vis: 60.0
cpu: exceptions=11235 cacheResets=1 batches=15024 verts=225360 texStalls=0 recompiles=688 underruns=23 overruns=0 sleep_us=8150258 queue_ms=20
fps: 30.0
vis: 60.0
cpu: exceptions=11411 cacheResets=1 batches=15024 verts=225360 texStalls=0 recompiles=688 underruns=23 overruns=0 sleep_us=8227517 queue_ms=28
fps: 30.0
vis: 60.0
cpu: exceptions=11587 cacheResets=1 batches=15024 verts=225360 texStalls=0 recompiles=688 underruns=23 overruns=0 sleep_us=8306366 queue_ms=23
fps: 30.0
vis: 60.0
cpu: exceptions=11755 cacheResets=1 batches=15024 verts=225360 texStalls=0 recompiles=688 underruns=23 overruns=0 sleep_us=8387678 queue_ms=29
fps: 30.0
vis: 60.0
cpu: exceptions=11929 cacheResets=1 batches=15024 verts=225360 texStalls=0 recompiles=688 underruns=23 overruns=0 sleep_us=8467008 queue_ms=26
fps: 30.0
vis: 60.0
cpu: exceptions=12100 cacheResets=1 batches=15024 verts=225360 texStalls=0 recompiles=692 underruns=23 overruns=0 sleep_us=8539252 queue_ms=33
vis: 60.0
cpu: exceptions=12227 cacheResets=1 batches=15024 verts=225360 texStalls=0 recompiles=692 underruns=23 overruns=0 sleep_us=8688132 queue_ms=28
vis: 60.0
cpu: exceptions=12348 cacheResets=1 batches=15024 verts=225360 texStalls=0 recompiles=692 underruns=23 overruns=0 sleep_us=8844302 queue_ms=23
fps: 1.9
vis: 56.8
cpu: exceptions=12514 cacheResets=1 batches=15024 verts=225360 texStalls=0 recompiles=718 underruns=24 overruns=0 sleep_us=9122970 queue_ms=9
vis: 60.0
cpu: exceptions=12694 cacheResets=1 batches=15024 verts=225360 texStalls=0 recompiles=721 underruns=25 overruns=0 sleep_us=9176694 queue_ms=26
fps: 30.2
vis: 55.7
cpu: exceptions=12913 cacheResets=1 batches=15024 verts=225360 texStalls=0 recompiles=721 underruns=27 overruns=0 sleep_us=9183662 queue_ms=5
fps: 27.8
vis: 57.5
cpu: exceptions=13131 cacheResets=1 batches=15024 verts=225360 texStalls=0 recompiles=721 underruns=30 overruns=0 sleep_us=9202154 queue_ms=23
fps: 28.9
vis: 57.0
cpu: exceptions=13333 cacheResets=1 batches=15024 verts=225360 texStalls=0 recompiles=721 underruns=31 overruns=0 sleep_us=9237336 queue_ms=8
fps: 28.4
vis: 58.7
cpu: exceptions=13523 cacheResets=1 batches=15024 verts=225360 texStalls=0 recompiles=721 underruns=33 overruns=0 sleep_us=9294972 queue_ms=14
fps: 29.6
vis: 58.7
cpu: exceptions=13710 cacheResets=1 batches=15024 verts=225360 texStalls=0 recompiles=721 underruns=34 overruns=0 sleep_us=9355014 queue_ms=11
fps: 29.2
vis: 58.8
cpu: exceptions=13895 cacheResets=1 batches=15024 verts=225360 texStalls=0 recompiles=731 underruns=36 overruns=0 sleep_us=9405940 queue_ms=18
fps: 28.6
vis: 58.9
cpu: exceptions=14078 cacheResets=1 batches=15024 verts=225360 texStalls=0 recompiles=731 underruns=37 overruns=0 sleep_us=9487747 queue_ms=14
fps: 29.5
vis: 58.5
cpu: exceptions=14262 cacheResets=1 batches=15024 verts=225360 texStalls=0 recompiles=731 underruns=38 overruns=0 sleep_us=9563061 queue_ms=10
fps: 29.1
vis: 58.9
cpu: exceptions=14459 cacheResets=1 batches=15024 verts=225360 texStalls=0 recompiles=731 underruns=39 overruns=0 sleep_us=9618261 queue_ms=17
fps: 29.6
vis: 58.8
cpu: exceptions=14632 cacheResets=1 batches=15024 verts=225360 texStalls=0 recompiles=731 underruns=39 overruns=0 sleep_us=9705219 queue_ms=2
fps: 29.4
vis: 58.8
cpu: exceptions=14801 cacheResets=1 batches=15024 verts=225360 texStalls=0 recompiles=731 underruns=40 overruns=0 sleep_us=9801588 queue_ms=9
fps: 29.4
vis: 58.8
cpu: exceptions=14978 cacheResets=1 batches=15024 verts=225360 texStalls=0 recompiles=731 underruns=41 overruns=0 sleep_us=9890611 queue_ms=5
fps: 29.4
vis: 59.2
cpu: exceptions=15142 cacheResets=1 batches=15024 verts=225360 texStalls=0 recompiles=731 underruns=42 overruns=0 sleep_us=9993885 queue_ms=13
fps: 29.7
vis: 59.1
cpu: exceptions=15301 cacheResets=1 batches=15024 verts=225360 texStalls=0 recompiles=731 underruns=42 overruns=0 sleep_us=10104952 queue_ms=9
fps: 29.6
vis: 58.6
cpu: exceptions=15476 cacheResets=1 batches=15024 verts=225360 texStalls=0 recompiles=731 underruns=43 overruns=0 sleep_us=10192049 queue_ms=5
fps: 29.1
vis: 58.2
cpu: exceptions=15666 cacheResets=1 batches=15024 verts=225360 texStalls=0 recompiles=732 underruns=44 overruns=0 sleep_us=10257009 queue_ms=1
vis: 60.0
cpu: exceptions=15778 cacheResets=1 batches=15024 verts=225360 texStalls=0 recompiles=732 underruns=45 overruns=0 sleep_us=10424361 queue_ms=18
vis: 60.0
cpu: exceptions=15914 cacheResets=1 batches=15024 verts=225360 texStalls=0 recompiles=733 underruns=45 overruns=0 sleep_us=10594299 queue_ms=14
vis: 60.0
cpu: exceptions=16073 cacheResets=1 batches=15024 verts=225360 texStalls=0 recompiles=734 underruns=45 overruns=0 sleep_us=10856878 queue_ms=22
fps: 6.8
vis: 58.6
cpu: exceptions=16248 cacheResets=1 batches=15024 verts=225360 texStalls=0 recompiles=761 underruns=47 overruns=0 sleep_us=10925511 queue_ms=39
fps: 31.7
vis: 58.9
cpu: exceptions=16426 cacheResets=1 batches=15024 verts=225360 texStalls=0 recompiles=761 underruns=47 overruns=0 sleep_us=10994228 queue_ms=34
fps: 29.4
vis: 58.9
cpu: exceptions=16607 cacheResets=1 batches=15024 verts=225360 texStalls=0 recompiles=761 underruns=47 overruns=0 sleep_us=11063866 queue_ms=19
fps: 29.5
vis: 58.9
cpu: exceptions=16780 cacheResets=1 batches=15024 verts=225360 texStalls=0 recompiles=761 underruns=47 overruns=0 sleep_us=11137740 queue_ms=16
fps: 29.5
vis: 58.9
cpu: exceptions=16952 cacheResets=1 batches=15024 verts=225360 texStalls=0 recompiles=761 underruns=48 overruns=0 sleep_us=11214381 queue_ms=12
fps: 29.5
vis: 59.0
cpu: exceptions=17123 cacheResets=1 batches=15024 verts=225360 texStalls=0 recompiles=761 underruns=48 overruns=0 sleep_us=11286206 queue_ms=7
fps: 28.8
vis: 58.6
cpu: exceptions=17301 cacheResets=1 batches=15024 verts=225360 texStalls=0 recompiles=767 underruns=50 overruns=0 sleep_us=11339357 queue_ms=4
fps: 29.3
vis: 58.8
cpu: exceptions=17470 cacheResets=1 batches=15024 verts=225360 texStalls=0 recompiles=767 underruns=51 overruns=0 sleep_us=11392643 queue_ms=10
fps: 29.4
vis: 58.8
cpu: exceptions=17641 cacheResets=1 batches=15024 verts=225360 texStalls=0 recompiles=767 underruns=52 overruns=0 sleep_us=11455232 queue_ms=5
fps: 29.4
vis: 58.8
cpu: exceptions=17819 cacheResets=1 batches=15024 verts=225360 texStalls=0 recompiles=767 underruns=53 overruns=0 sleep_us=11521180 queue_ms=11
fps: 29.4
vis: 58.8
cpu: exceptions=18003 cacheResets=1 batches=15024 verts=225360 texStalls=0 recompiles=767 underruns=54 overruns=0 sleep_us=11578759 queue_ms=8
fps: 29.4
vis: 58.8
cpu: exceptions=18177 cacheResets=1 batches=15024 verts=225360 texStalls=0 recompiles=767 underruns=55 overruns=0 sleep_us=11644845 queue_ms=15
fps: 29.4
vis: 58.8
cpu: exceptions=18344 cacheResets=1 batches=15024 verts=225360 texStalls=0 recompiles=767 underruns=56 overruns=0 sleep_us=11711535 queue_ms=21
fps: 29.5
vis: 59.0
cpu: exceptions=18509 cacheResets=1 batches=15024 verts=225360 texStalls=0 recompiles=767 underruns=56 overruns=0 sleep_us=11796773 queue_ms=7
fps: 29.5
vis: 59.0
cpu: exceptions=18669 cacheResets=1 batches=15024 verts=225360 texStalls=0 recompiles=767 underruns=57 overruns=0 sleep_us=11888859 queue_ms=13
fps: 29.5
vis: 59.0
cpu: exceptions=18824 cacheResets=1 batches=15024 verts=225360 texStalls=0 recompiles=767 underruns=58 overruns=0 sleep_us=11986806 queue_ms=8
fps: 29.4
vis: 58.8
cpu: exceptions=19008 cacheResets=1 batches=15024 verts=225360 texStalls=0 recompiles=768 underruns=59 overruns=0 sleep_us=12054858 queue_ms=16
vis: 60.0
cpu: exceptions=20161 cacheResets=1 batches=15024 verts=225360 texStalls=0 recompiles=827 underruns=59 overruns=0 sleep_us=12267507 queue_ms=11
vis: 60.0
cpu: exceptions=20267 cacheResets=1 batches=15024 verts=225360 texStalls=0 recompiles=829 underruns=59 overruns=0 sleep_us=12610793 queue_ms=18
vis: 60.0
cpu: exceptions=20377 cacheResets=1 batches=15024 verts=225360 texStalls=0 recompiles=835 underruns=59 overruns=0 sleep_us=12975566 queue_ms=14
vis: 60.0
cpu: exceptions=20544 cacheResets=1 batches=15024 verts=225360 texStalls=0 recompiles=1016 underruns=60 overruns=0 sleep_us=13378644 queue_ms=32
fps: 3.6
vis: 58.6
cpu: exceptions=20707 cacheResets=1 batches=18197 verts=255090 texStalls=0 recompiles=1373 underruns=64 overruns=0 sleep_us=13477741 queue_ms=29
fps: 31.0
vis: 58.8
cpu: exceptions=20934 cacheResets=1 batches=23724 verts=306072 texStalls=0 recompiles=1396 underruns=64 overruns=0 sleep_us=13496706 queue_ms=25
fps: 28.3
vis: 54.6
cpu: exceptions=21192 cacheResets=1 batches=29141 verts=355206 texStalls=0 recompiles=1409 underruns=66 overruns=0 sleep_us=13501241 queue_ms=0
fps: 26.5
vis: 51.9
cpu: exceptions=21494 cacheResets=1 batches=34785 verts=405702 texStalls=0 recompiles=1410 underruns=73 overruns=0 sleep_us=13505921 queue_ms=7
fps: 25.4
vis: 50.0
cpu: exceptions=21809 cacheResets=1 batches=40199 verts=453630 texStalls=0 recompiles=1410 underruns=82 overruns=0 sleep_us=13510534 queue_ms=8
fps: 24.6
vis: 52.3
cpu: exceptions=22137 cacheResets=1 batches=45735 verts=503478 texStalls=0 recompiles=1417 underruns=88 overruns=0 sleep_us=13510534 queue_ms=5
fps: 28.5
vis: 60.0
cpu: exceptions=22446 cacheResets=1 batches=50303 verts=548706 texStalls=0 recompiles=1417 underruns=90 overruns=0 sleep_us=13543530 queue_ms=22
fps: 30.1
vis: 60.0
cpu: exceptions=22754 cacheResets=1 batches=54231 verts=590094 texStalls=0 recompiles=1417 underruns=90 overruns=0 sleep_us=13589315 queue_ms=28
fps: 30.1
vis: 60.0
cpu: exceptions=23065 cacheResets=1 batches=57465 verts=627318 texStalls=0 recompiles=1421 underruns=90 overruns=0 sleep_us=13635275 queue_ms=25
fps: 30.0
vis: 60.0
cpu: exceptions=23386 cacheResets=1 batches=60462 verts=663120 texStalls=0 recompiles=1422 underruns=90 overruns=0 sleep_us=13695472 queue_ms=32
fps: 30.0
vis: 60.0
cpu: exceptions=23688 cacheResets=1 batches=63437 verts=698790 texStalls=0 recompiles=1489 underruns=90 overruns=0 sleep_us=13744496 queue_ms=28
fps: 29.9
vis: 60.0
cpu: exceptions=23983 cacheResets=1 batches=66356 verts=734124 texStalls=0 recompiles=1503 underruns=90 overruns=0 sleep_us=13791594 queue_ms=35
fps: 30.1
vis: 60.0
cpu: exceptions=24304 cacheResets=1 batches=69225 verts=769158 texStalls=0 recompiles=1504 underruns=90 overruns=0 sleep_us=13851630 queue_ms=32
fps: 29.9
vis: 60.0
cpu: exceptions=24609 cacheResets=1 batches=72138 verts=804456 texStalls=0 recompiles=1504 underruns=90 overruns=0 sleep_us=13925329 queue_ms=38
fps: 30.0
vis: 60.0
cpu: exceptions=24899 cacheResets=1 batches=75053 verts=839766 texStalls=0 recompiles=1504 underruns=90 overruns=0 sleep_us=14009110 queue_ms=34
mark: stop reason: chain guest VI limit
mark: stop_it requested
audio: alist_resample_calls=124134 alist_resample_samples=18520696 alist_zoh_calls=0 alist_zoh_samples=0 musyx_subframes=0 musyx_voices=0 musyx_voice_peak=0
audio_stages: adpcm_calls=128102 adpcm_samples=19590016 envmix_calls=124134 envmix_samples=18520696 mix_calls=21240 mix_samples=8156160 musyx_fx_calls=0 musyx_fx_taps=0 output_calls=3566 output_samples=1595408
audio_envmix: exp_calls=0 ge_calls=0 lin_calls=0 nead_calls=124134 exp_steady=0 ge_steady=0 lin_steady=0
audio_gaps: nead_mats=0 nead_efz=0 resample_flag2=0 musyx_ptr10=0
audio_output: stream_requests=7451 stream_fed=5539 input_hz=26807 playback_hz=26807 queue_peak_ms=159
probe_schema: version=2 self=1 interval=127
gpu_status: samples=120 command_busy=9 fifo_busy=0 over_high=0 under_low=120
vm_io: read_ahead=1 reads=0 hits=0 read_bytes=0 writes=0 write_bytes=0 errors=0
subsystem_time: stage=rsp_gfx calls=1428 timed_calls=1428 period=1 timed_us=29017323
subsystem_time: stage=rsp_audio calls=3540 timed_calls=3540 period=1 timed_us=3012279
subsystem_time: stage=rsp_other calls=0 timed_calls=0 period=1 timed_us=0
subsystem_time: stage=lookup calls=8678184 timed_calls=68332 period=127 timed_us=15615
subsystem_time: stage=compile calls=1504 timed_calls=1504 period=1 timed_us=203759
subsystem_time: stage=dispatch calls=8651919 timed_calls=68125 period=127 timed_us=61765
subsystem_self: stage=dispatch calls=8651919 timed_calls=68125 self_us=42921 dropped=0
subsystem_time: stage=execute_inclusive calls=8651919 timed_calls=68125 period=127 timed_us=488882
subsystem_self: stage=execute_inclusive calls=8651919 timed_calls=68125 self_us=141681 dropped=0
subsystem_time: stage=rom_copy calls=8289 timed_calls=8289 period=1 timed_us=71133
subsystem_time: stage=present calls=3599 timed_calls=3599 period=1 timed_us=66016
subsystem_time: stage=limiter calls=2001 timed_calls=2001 period=1 timed_us=14060918
subsystem_time: stage=vm_fault calls=0 timed_calls=0 period=1 timed_us=0
subsystem_time: stage=vm_victim calls=0 timed_calls=0 period=1 timed_us=0
subsystem_time: stage=vm_read calls=0 timed_calls=0 period=1 timed_us=0
subsystem_time: stage=vm_write calls=0 timed_calls=0 period=1 timed_us=0
subsystem_time: stage=tex_hash calls=231269 timed_calls=231269 period=1 timed_us=1467216
subsystem_time: stage=tex_lookup calls=231269 timed_calls=231269 period=1 timed_us=340861
subsystem_time: stage=tex_load calls=1733 timed_calls=1733 period=1 timed_us=127476
subsystem_time: stage=tex_activate calls=231269 timed_calls=231269 period=1 timed_us=73206
subsystem_time: stage=draw_triangles calls=76811 timed_calls=76811 period=1 timed_us=173435
subsystem_time: stage=draw_rect calls=199209 timed_calls=199209 period=1 timed_us=2481294
subsystem_time: stage=gfx_list calls=1428 timed_calls=1428 period=1 timed_us=29014227
subsystem_time: stage=gfx_command calls=3052105 timed_calls=24032 period=127 timed_us=231176
subsystem_time: stage=vertex calls=544112 timed_calls=4284 period=127 timed_us=1311
subsystem_time: stage=gfx_state calls=287905 timed_calls=2266 period=127 timed_us=21030
subsystem_self: stage=gfx_state calls=287905 timed_calls=2266 self_us=5108 dropped=0
subsystem_time: stage=gx_wait calls=4 timed_calls=4 period=1 timed_us=2579
subsystem_time: stage=dma_pi calls=8289 timed_calls=8289 period=1 timed_us=143966
subsystem_time: stage=dma_sp calls=9936 timed_calls=9936 period=1 timed_us=9485
subsystem_time: stage=dma_si calls=2986 timed_calls=2986 period=1 timed_us=34608
subsystem_time: stage=tlb_translate calls=0 timed_calls=0 period=127 timed_us=0
subsystem_time: stage=pif calls=2987 timed_calls=2987 period=1 timed_us=32163
subsystem_time: stage=input calls=5712 timed_calls=5712 period=1 timed_us=26161
subsystem_time: stage=guest_interrupt calls=33495 timed_calls=33495 period=1 timed_us=14299950
subsystem_self: stage=guest_interrupt calls=33495 timed_calls=33495 self_us=64669 dropped=0
subsystem_time: stage=interpreter_inclusive calls=0 timed_calls=0 period=1 timed_us=0
subsystem_self: stage=interpreter_inclusive calls=0 timed_calls=0 self_us=0 dropped=0
subsystem_time: stage=audio_submit calls=3566 timed_calls=3566 period=1 timed_us=34603
subsystem_time: stage=audio_callback calls=36465 timed_calls=36465 period=1 timed_us=24845
subsystem_time: stage=memory_slow calls=1357612 timed_calls=10689 period=127 timed_us=343940
subsystem_self: stage=memory_slow calls=1357612 timed_calls=10689 self_us=6171 dropped=0
subsystem_time: stage=jit_invalidate calls=26265 timed_calls=206 period=127 timed_us=47
subsystem_time: stage=cpu_helper calls=35813374 timed_calls=281995 period=127 timed_us=151582
subsystem_time: stage=storage_read calls=0 timed_calls=0 period=1 timed_us=0
subsystem_time: stage=storage_write calls=0 timed_calls=0 period=1 timed_us=0
subsystem_time: stage=save_load calls=0 timed_calls=0 period=1 timed_us=0
subsystem_time: stage=save_write calls=0 timed_calls=0 period=1 timed_us=0
subsystem_time: stage=state_load calls=0 timed_calls=0 period=1 timed_us=0
subsystem_time: stage=state_save calls=0 timed_calls=0 period=1 timed_us=0
subsystem_time: stage=probe_io calls=8 timed_calls=8 period=1 timed_us=115375
subsystem_time: stage=agent_poll calls=7269 timed_calls=7269 period=1 timed_us=1837
audio_time: stage=resample sampled_calls=977 sampled_samples=145512 sampled_us=6167
audio_time: stage=zoh sampled_calls=0 sampled_samples=0 sampled_us=0
audio_time: stage=adpcm sampled_calls=1008 sampled_samples=155232 sampled_us=6472
audio_time: stage=envmix_exp sampled_calls=0 sampled_samples=0 sampled_us=0
audio_time: stage=envmix_ge sampled_calls=0 sampled_samples=0 sampled_us=0
audio_time: stage=envmix_lin sampled_calls=0 sampled_samples=0 sampled_us=0
audio_time: stage=envmix_nead sampled_calls=977 sampled_samples=145512 sampled_us=8742
audio_time: stage=mix sampled_calls=167 sampled_samples=64128 sampled_us=1036
audio_time: stage=musyx_voice sampled_calls=0 sampled_samples=0 sampled_us=0
audio_time: stage=musyx_fx sampled_calls=0 sampled_samples=0 sampled_us=0
audio_time: stage=output sampled_calls=28 sampled_samples=12480 sampled_us=225
game: n=2/4 how=vis vis=3600 vi_rate=60 vi0_retrace=1632 wall_us=61212240 sleep_us=14054678 avg_vis=58.62 avg_fps=27.05 exceptions=25067 cacheResets=1 recompiles=1504 batches=76811 verts=861006 texStalls=0 treeDepthMax=14 underruns=91 overruns=0 queue_peak_ms=142 dsp_avg=1.47 dsp_peak=1.80 dsp_samples=120 pmc1=34205446463 pmc2=33738235465 pmc3=0 pmc4=0 mmcr0=00000042 mmcr1=00000000 heap_used=10891352 heap_free=34088 arena1_free=524288 arena2_free=577472 flushes=8 flush_us=115373 padtrace=20 rom=sd:/wii64/roms/Mario Kart 64.v64
=== chain 2/4 end vis=3600 how=vis rom=sd:/wii64/roms/Mario Kart 64.v64 ===
mark: pad replay records: 1
mark: loadROM: enter
mark: loadROM: before rom_read
mark: ROMCache_load: enter
mark: ROMCache_load: before first read
mark: ROMCache_load: first read returned
mark: ROMCache_load: byte_swap_type set
mark: ROMCache_load: first byte_swap done
menufps: 0.0
menufps: 8.4
menufps: 8.4
menufps: 8.3
menufps: 8.3
menufps: 8.3
menufps: 7.5
mark: ROMCache_load: loop exited normally
mark: ROMCache_load: elapsed_us=3774972 bytes=16777216 vm=0
mark: loadROM: after rom_read
mark: loadROM: before init_memory
mark: loadROM: after init_memory
mark: loadROM: before romOpen_gfx
mark: loadROM: after romOpen_gfx / before romOpen_audio
mark: loadROM: after romOpen_audio / before romOpen_input
mark: loadROM: after romOpen_input / before cpu_init
mark: loadROM: after cpu_init
menufps: 2.9
menufps: 1.0
menufps: 1.0
fps: 1.5
first_vi: vi0_retrace=5737
vis: 2.3
cpu: exceptions=0 cacheResets=0 batches=0 verts=0 texStalls=0 recompiles=0 underruns=0 overruns=0 sleep_us=0 queue_ms=0
mark: CPU core dispatch: dynarec
vis: 60.0
cpu: exceptions=1473 cacheResets=1 batches=0 verts=0 texStalls=0 recompiles=421 underruns=0 overruns=0 sleep_us=78065 queue_ms=157
fps: 3.1
vis: 60.0
cpu: exceptions=2357 cacheResets=1 batches=0 verts=0 texStalls=0 recompiles=425 underruns=0 overruns=0 sleep_us=418370 queue_ms=160
fps: 60.9
vis: 60.0
cpu: exceptions=2627 cacheResets=1 batches=0 verts=0 texStalls=0 recompiles=425 underruns=0 overruns=0 sleep_us=837187 queue_ms=156
fps: 60.0
vis: 60.0
cpu: exceptions=2920 cacheResets=1 batches=0 verts=0 texStalls=0 recompiles=468 underruns=0 overruns=0 sleep_us=1242333 queue_ms=162
vis: 60.0
cpu: exceptions=3300 cacheResets=1 batches=0 verts=0 texStalls=0 recompiles=468 underruns=0 overruns=0 sleep_us=1591086 queue_ms=157
fps: 14.7
vis: 52.0
cpu: exceptions=3629 cacheResets=1 batches=1934 verts=51708 texStalls=0 recompiles=742 underruns=0 overruns=0 sleep_us=1763588 queue_ms=87
fps: 57.4
vis: 60.0
cpu: exceptions=3920 cacheResets=1 batches=8714 verts=229188 texStalls=0 recompiles=763 underruns=0 overruns=0 sleep_us=1795358 queue_ms=91
fps: 60.0
vis: 60.0
cpu: exceptions=4215 cacheResets=1 batches=15486 verts=406620 texStalls=0 recompiles=771 underruns=0 overruns=0 sleep_us=1830280 queue_ms=87
fps: 60.0
vis: 60.0
cpu: exceptions=4514 cacheResets=1 batches=22236 verts=583920 texStalls=0 recompiles=775 underruns=0 overruns=0 sleep_us=1865734 queue_ms=93
fps: 58.2
vis: 60.0
cpu: exceptions=4805 cacheResets=1 batches=28986 verts=761220 texStalls=0 recompiles=775 underruns=0 overruns=0 sleep_us=1904047 queue_ms=70
fps: 60.0
vis: 60.0
cpu: exceptions=5094 cacheResets=1 batches=35736 verts=938520 texStalls=0 recompiles=775 underruns=0 overruns=0 sleep_us=1944692 queue_ms=77
fps: 60.0
vis: 60.0
cpu: exceptions=5388 cacheResets=1 batches=42486 verts=1115820 texStalls=0 recompiles=775 underruns=0 overruns=0 sleep_us=1982023 queue_ms=72
fps: 60.0
vis: 60.0
cpu: exceptions=5675 cacheResets=1 batches=49236 verts=1293120 texStalls=0 recompiles=777 underruns=0 overruns=0 sleep_us=2023273 queue_ms=78
fps: 60.0
vis: 60.0
cpu: exceptions=5969 cacheResets=1 batches=55986 verts=1470420 texStalls=0 recompiles=777 underruns=0 overruns=0 sleep_us=2055058 queue_ms=74
fps: 60.0
vis: 60.0
cpu: exceptions=6267 cacheResets=1 batches=62736 verts=1647720 texStalls=0 recompiles=777 underruns=0 overruns=0 sleep_us=2084798 queue_ms=80
fps: 60.0
vis: 60.0
cpu: exceptions=6561 cacheResets=1 batches=69486 verts=1825020 texStalls=0 recompiles=777 underruns=0 overruns=0 sleep_us=2115957 queue_ms=75
fps: 60.0
vis: 60.0
cpu: exceptions=6859 cacheResets=1 batches=76236 verts=2002320 texStalls=0 recompiles=777 underruns=0 overruns=0 sleep_us=2142624 queue_ms=72
fps: 60.0
vis: 60.0
cpu: exceptions=7152 cacheResets=1 batches=82986 verts=2179620 texStalls=0 recompiles=777 underruns=0 overruns=0 sleep_us=2171592 queue_ms=77
fps: 60.0
vis: 60.0
cpu: exceptions=7443 cacheResets=1 batches=89736 verts=2356920 texStalls=0 recompiles=777 underruns=0 overruns=0 sleep_us=2204334 queue_ms=73
fps: 60.0
vis: 60.0
cpu: exceptions=7733 cacheResets=1 batches=96486 verts=2534220 texStalls=0 recompiles=777 underruns=0 overruns=0 sleep_us=2238632 queue_ms=79
fps: 60.0
vis: 60.0
cpu: exceptions=8022 cacheResets=1 batches=103236 verts=2711520 texStalls=0 recompiles=777 underruns=0 overruns=0 sleep_us=2277080 queue_ms=74
fps: 59.8
vis: 60.0
cpu: exceptions=8319 cacheResets=1 batches=109986 verts=2888820 texStalls=0 recompiles=777 underruns=0 overruns=0 sleep_us=2309069 queue_ms=71
fps: 60.1
vis: 60.0
cpu: exceptions=8612 cacheResets=1 batches=116736 verts=3066120 texStalls=0 recompiles=777 underruns=0 overruns=0 sleep_us=2328889 queue_ms=76
fps: 60.0
vis: 60.0
cpu: exceptions=8925 cacheResets=1 batches=123486 verts=3243420 texStalls=0 recompiles=777 underruns=0 overruns=0 sleep_us=2333697 queue_ms=73
fps: 60.0
vis: 60.0
cpu: exceptions=9243 cacheResets=1 batches=130236 verts=3420720 texStalls=0 recompiles=777 underruns=0 overruns=0 sleep_us=2336619 queue_ms=77
fps: 60.0
vis: 60.0
cpu: exceptions=9561 cacheResets=1 batches=136986 verts=3598020 texStalls=0 recompiles=777 underruns=0 overruns=0 sleep_us=2341486 queue_ms=74
fps: 60.0
vis: 60.0
cpu: exceptions=9874 cacheResets=1 batches=143736 verts=3775320 texStalls=0 recompiles=777 underruns=0 overruns=0 sleep_us=2346857 queue_ms=79
fps: 60.0
vis: 60.0
cpu: exceptions=10183 cacheResets=1 batches=150486 verts=3952620 texStalls=0 recompiles=777 underruns=0 overruns=0 sleep_us=2354506 queue_ms=75
fps: 59.7
vis: 58.8
cpu: exceptions=10495 cacheResets=1 batches=157588 verts=4141185 texStalls=0 recompiles=777 underruns=0 overruns=0 sleep_us=2365961 queue_ms=63
fps: 52.6
vis: 54.7
cpu: exceptions=10783 cacheResets=1 batches=165848 verts=4369749 texStalls=0 recompiles=777 underruns=1 overruns=0 sleep_us=2365961 queue_ms=16
mark: stop reason: chain guest VI limit
mark: stop_it requested
audio: alist_resample_calls=10077 alist_resample_samples=1250096 alist_zoh_calls=0 alist_zoh_samples=0 musyx_subframes=0 musyx_voices=0 musyx_voice_peak=0
audio_stages: adpcm_calls=9759 adpcm_samples=1154016 envmix_calls=10077 envmix_samples=1250096 mix_calls=79024 mix_samples=10544864 musyx_fx_calls=0 musyx_fx_taps=0 output_calls=897 output_samples=478768
audio_envmix: exp_calls=10077 ge_calls=0 lin_calls=0 nead_calls=0 exp_steady=5510 ge_steady=0 lin_steady=0
audio_gaps: nead_mats=0 nead_efz=0 resample_flag2=0 musyx_ptr10=0
audio_output: stream_requests=3359 stream_fed=1662 input_hz=32006 playback_hz=32006 queue_peak_ms=182
probe_schema: version=2 self=1 interval=127
gpu_status: samples=31 command_busy=1 fifo_busy=0 over_high=0 under_low=31
vm_io: read_ahead=1 reads=0 hits=0 read_bytes=0 writes=0 write_bytes=0 errors=0
subsystem_time: stage=rsp_gfx calls=810 timed_calls=810 period=1 timed_us=6242407
subsystem_time: stage=rsp_audio calls=898 timed_calls=898 period=1 timed_us=592743
subsystem_time: stage=rsp_other calls=0 timed_calls=0 period=1 timed_us=0
subsystem_time: stage=lookup calls=3610026 timed_calls=28425 period=127 timed_us=6249
subsystem_time: stage=compile calls=777 timed_calls=777 period=1 timed_us=106740
subsystem_time: stage=dispatch calls=3517127 timed_calls=27693 period=127 timed_us=25809
subsystem_self: stage=dispatch calls=3517127 timed_calls=27693 self_us=18138 dropped=0
subsystem_time: stage=execute_inclusive calls=3517127 timed_calls=27693 period=127 timed_us=121343
subsystem_self: stage=execute_inclusive calls=3517127 timed_calls=27693 self_us=43345 dropped=0
subsystem_time: stage=rom_copy calls=1024 timed_calls=1024 period=1 timed_us=14862
subsystem_time: stage=present calls=899 timed_calls=899 period=1 timed_us=42317
subsystem_time: stage=limiter calls=770 timed_calls=770 period=1 timed_us=2368695
subsystem_time: stage=vm_fault calls=0 timed_calls=0 period=1 timed_us=0
subsystem_time: stage=vm_victim calls=0 timed_calls=0 period=1 timed_us=0
subsystem_time: stage=vm_read calls=0 timed_calls=0 period=1 timed_us=0
subsystem_time: stage=vm_write calls=0 timed_calls=0 period=1 timed_us=0
subsystem_time: stage=tex_hash calls=147492 timed_calls=147492 period=1 timed_us=1423073
subsystem_time: stage=tex_lookup calls=147492 timed_calls=147492 period=1 timed_us=60233
subsystem_time: stage=tex_load calls=136 timed_calls=136 period=1 timed_us=18875
subsystem_time: stage=tex_activate calls=147492 timed_calls=147492 period=1 timed_us=112631
subsystem_time: stage=draw_triangles calls=167028 timed_calls=167028 period=1 timed_us=647271
subsystem_time: stage=draw_rect calls=5440 timed_calls=5440 period=1 timed_us=119393
subsystem_time: stage=gfx_list calls=810 timed_calls=810 period=1 timed_us=6240790
subsystem_time: stage=gfx_command calls=5319454 timed_calls=41885 period=127 timed_us=51247
subsystem_time: stage=vertex calls=2761556 timed_calls=21744 period=127 timed_us=5829
subsystem_time: stage=gfx_state calls=147504 timed_calls=1161 period=127 timed_us=16248
subsystem_self: stage=gfx_state calls=147504 timed_calls=1161 self_us=3639 dropped=0
subsystem_time: stage=gx_wait calls=4 timed_calls=4 period=1 timed_us=2577
subsystem_time: stage=dma_pi calls=2023 timed_calls=2023 period=1 timed_us=30241
subsystem_time: stage=dma_sp calls=3416 timed_calls=3416 period=1 timed_us=3720
subsystem_time: stage=dma_si calls=4478 timed_calls=4478 period=1 timed_us=22576
subsystem_time: stage=tlb_translate calls=0 timed_calls=0 period=127 timed_us=0
subsystem_time: stage=pif calls=4479 timed_calls=4479 period=1 timed_us=21180
subsystem_time: stage=input calls=3508 timed_calls=3508 period=1 timed_us=14905
subsystem_time: stage=guest_interrupt calls=12502 timed_calls=12502 period=1 timed_us=2486222
subsystem_self: stage=guest_interrupt calls=12502 timed_calls=12502 self_us=35010 dropped=0
subsystem_time: stage=interpreter_inclusive calls=0 timed_calls=0 period=1 timed_us=0
subsystem_self: stage=interpreter_inclusive calls=0 timed_calls=0 self_us=0 dropped=0
subsystem_time: stage=audio_submit calls=898 timed_calls=898 period=1 timed_us=10660
subsystem_time: stage=audio_callback calls=9426 timed_calls=9426 period=1 timed_us=7970
subsystem_time: stage=memory_slow calls=833917 timed_calls=6566 period=127 timed_us=37167
subsystem_self: stage=memory_slow calls=833917 timed_calls=6566 self_us=3679 dropped=0
subsystem_time: stage=jit_invalidate calls=92899 timed_calls=731 period=127 timed_us=164
subsystem_time: stage=cpu_helper calls=10719421 timed_calls=84404 period=127 timed_us=33868
subsystem_time: stage=storage_read calls=0 timed_calls=0 period=1 timed_us=0
subsystem_time: stage=storage_write calls=0 timed_calls=0 period=1 timed_us=0
subsystem_time: stage=save_load calls=0 timed_calls=0 period=1 timed_us=0
subsystem_time: stage=save_write calls=0 timed_calls=0 period=1 timed_us=0
subsystem_time: stage=state_load calls=0 timed_calls=0 period=1 timed_us=0
subsystem_time: stage=state_save calls=0 timed_calls=0 period=1 timed_us=0
subsystem_time: stage=probe_io calls=4 timed_calls=4 period=1 timed_us=48508
subsystem_time: stage=agent_poll calls=1818 timed_calls=1818 period=1 timed_us=519
audio_time: stage=resample sampled_calls=79 sampled_samples=10240 sampled_us=441
audio_time: stage=zoh sampled_calls=0 sampled_samples=0 sampled_us=0
audio_time: stage=adpcm sampled_calls=76 sampled_samples=8016 sampled_us=360
audio_time: stage=envmix_exp sampled_calls=79 sampled_samples=10240 sampled_us=1212
audio_time: stage=envmix_ge sampled_calls=0 sampled_samples=0 sampled_us=0
audio_time: stage=envmix_lin sampled_calls=0 sampled_samples=0 sampled_us=0
audio_time: stage=envmix_nead sampled_calls=0 sampled_samples=0 sampled_us=0
audio_time: stage=mix sampled_calls=622 sampled_samples=83008 sampled_us=1314
audio_time: stage=musyx_voice sampled_calls=0 sampled_samples=0 sampled_us=0
audio_time: stage=musyx_fx sampled_calls=0 sampled_samples=0 sampled_us=0
audio_time: stage=output sampled_calls=7 sampled_samples=3712 sampled_us=71
game: n=3/4 how=vis vis=900 vi_rate=60 vi0_retrace=5737 wall_us=15325475 sleep_us=2365961 avg_vis=57.67 avg_fps=54.07 exceptions=10825 cacheResets=1 recompiles=777 batches=167028 verts=4402401 texStalls=0 treeDepthMax=12 underruns=2 overruns=0 queue_peak_ms=162 dsp_avg=1.55 dsp_peak=1.90 dsp_samples=31 pmc1=9274912456 pmc2=9236632111 pmc3=0 pmc4=0 mmcr0=00000042 mmcr1=00000000 heap_used=10838360 heap_free=123944 arena1_free=487424 arena2_free=577472 flushes=4 flush_us=48507 padtrace=0 rom=sd:/wii64/roms/Pokemon Snap.rom
=== chain 3/4 end vis=900 how=vis rom=sd:/wii64/roms/Pokemon Snap.rom ===
mark: pad replay records: 1
mark: loadROM: enter
mark: loadROM: before rom_read
mark: ROMCache_load: enter
menufps: 0.1
menufps: 0.2
mark: ROMCache_load: before first read
mark: ROMCache_load: first read returned
mark: ROMCache_load: byte_swap_type set
mark: ROMCache_load: first byte_swap done
menufps: 0.2
menufps: 8.4
menufps: 8.1
menufps: 7.6
menufps: 8.2
menufps: 8.1
menufps: 8.0
menufps: 2.9
menufps: 1.3
menufps: 1.3
menufps: 1.2
menufps: 1.3
menufps: 1.3
menufps: 1.3
menufps: 3.7
menufps: 8.1
menufps: 8.3
menufps: 8.3
menufps: 7.7
mark: ROMCache_load: loop exited normally
menufps: 3.4
menufps: 1.2
menufps: 1.2
menufps: 1.1
menufps: 1.1
menufps: 1.1
menufps: 1.1
menufps: 1.1
menufps: 1.1
menufps: 1.2
menufps: 1.1
menufps: 1.1
menufps: 1.1
menufps: 1.1
menufps: 1.1
menufps: 1.1
menufps: 1.1
menufps: 1.1
menufps: 1.1
menufps: 1.1
mark: ROMCache_load: preflush_us=17626795 writes=2040 bytes=16711680
mark: ROMCache_load: elapsed_us=39670211 bytes=33554432 vm=1
mark: loadROM: after rom_read
mark: loadROM: before init_memory
mark: loadROM: after init_memory
mark: loadROM: before romOpen_gfx
mark: loadROM: after romOpen_gfx / before romOpen_audio
mark: loadROM: after romOpen_audio / before romOpen_input
mark: loadROM: after romOpen_input / before cpu_init
mark: loadROM: after cpu_init
menufps: 3.0
menufps: 1.0
menufps: 1.0
first_vi: vi0_retrace=9249
mark: CPU core dispatch: dynarec
vis: 55.8
cpu: exceptions=31 cacheResets=1 batches=0 verts=0 texStalls=0 recompiles=82 underruns=0 overruns=0 sleep_us=0 queue_ms=0
vis: 60.0
cpu: exceptions=61 cacheResets=1 batches=0 verts=0 texStalls=0 recompiles=82 underruns=0 overruns=0 sleep_us=331722 queue_ms=0
vis: 60.0
cpu: exceptions=91 cacheResets=1 batches=0 verts=0 texStalls=0 recompiles=82 underruns=0 overruns=0 sleep_us=657632 queue_ms=0
vis: 60.0
cpu: exceptions=199 cacheResets=1 batches=0 verts=0 texStalls=0 recompiles=182 underruns=0 overruns=0 sleep_us=931442 queue_ms=0
vis: 60.0
cpu: exceptions=244 cacheResets=1 batches=0 verts=0 texStalls=0 recompiles=188 underruns=0 overruns=0 sleep_us=1254784 queue_ms=0
vis: 60.0
cpu: exceptions=286 cacheResets=1 batches=0 verts=0 texStalls=0 recompiles=188 underruns=0 overruns=0 sleep_us=1575026 queue_ms=0
vis: 60.0
cpu: exceptions=316 cacheResets=1 batches=0 verts=0 texStalls=0 recompiles=188 underruns=0 overruns=0 sleep_us=1892816 queue_ms=0
vis: 60.0
cpu: exceptions=390 cacheResets=1 batches=0 verts=0 texStalls=0 recompiles=314 underruns=1 overruns=0 sleep_us=2301316 queue_ms=30
vis: 60.0
cpu: exceptions=467 cacheResets=1 batches=0 verts=0 texStalls=0 recompiles=323 underruns=1 overruns=0 sleep_us=2748891 queue_ms=34
vis: 60.0
cpu: exceptions=542 cacheResets=1 batches=0 verts=0 texStalls=0 recompiles=323 underruns=1 overruns=0 sleep_us=3200851 queue_ms=25
vis: 60.0
cpu: exceptions=733 cacheResets=1 batches=0 verts=0 texStalls=0 recompiles=434 underruns=2 overruns=0 sleep_us=3414120 queue_ms=43
vis: 60.0
cpu: exceptions=949 cacheResets=1 batches=0 verts=0 texStalls=0 recompiles=434 underruns=2 overruns=0 sleep_us=3597423 queue_ms=47
vis: 60.0
cpu: exceptions=1140 cacheResets=1 batches=0 verts=0 texStalls=0 recompiles=448 underruns=2 overruns=0 sleep_us=3794499 queue_ms=51
vis: 60.0
cpu: exceptions=1381 cacheResets=1 batches=0 verts=0 texStalls=0 recompiles=484 underruns=2 overruns=0 sleep_us=3972667 queue_ms=43
fps: 0.1
vis: 60.0
cpu: exceptions=1669 cacheResets=1 batches=532 verts=7602 texStalls=0 recompiles=1251 underruns=3 overruns=0 sleep_us=4085426 queue_ms=112
fps: 31.2
vis: 60.0
cpu: exceptions=1943 cacheResets=1 batches=1417 verts=19932 texStalls=0 recompiles=1255 underruns=3 overruns=0 sleep_us=4421788 queue_ms=117
fps: 30.0
vis: 60.0
cpu: exceptions=2220 cacheResets=1 batches=2302 verts=32262 texStalls=0 recompiles=1276 underruns=3 overruns=0 sleep_us=4747971 queue_ms=121
fps: 30.0
vis: 60.0
cpu: exceptions=2497 cacheResets=1 batches=3187 verts=44592 texStalls=0 recompiles=1279 underruns=3 overruns=0 sleep_us=5094618 queue_ms=112
fps: 30.0
vis: 60.0
cpu: exceptions=2771 cacheResets=1 batches=4072 verts=56922 texStalls=0 recompiles=1280 underruns=3 overruns=0 sleep_us=5442404 queue_ms=117
fps: 29.3
vis: 60.0
cpu: exceptions=3058 cacheResets=1 batches=4957 verts=69252 texStalls=0 recompiles=1300 underruns=3 overruns=0 sleep_us=5775676 queue_ms=108
fps: 30.0
vis: 60.0
cpu: exceptions=3338 cacheResets=1 batches=5842 verts=81582 texStalls=0 recompiles=1300 underruns=3 overruns=0 sleep_us=6108173 queue_ms=99
fps: 30.0
vis: 60.0
cpu: exceptions=3619 cacheResets=1 batches=6727 verts=93912 texStalls=0 recompiles=1302 underruns=3 overruns=0 sleep_us=6444971 queue_ms=104
fps: 30.0
vis: 60.0
cpu: exceptions=3902 cacheResets=1 batches=7612 verts=106242 texStalls=0 recompiles=1351 underruns=3 overruns=0 sleep_us=6780304 queue_ms=108
fps: 30.1
vis: 60.0
cpu: exceptions=4187 cacheResets=1 batches=7951 verts=111852 texStalls=0 recompiles=1366 underruns=3 overruns=0 sleep_us=7140402 queue_ms=112
fps: 30.0
vis: 60.0
cpu: exceptions=4341 cacheResets=1 batches=8071 verts=113904 texStalls=0 recompiles=1383 underruns=3 overruns=0 sleep_us=7493214 queue_ms=104
fps: 30.0
vis: 60.0
cpu: exceptions=4489 cacheResets=1 batches=8449 verts=139314 texStalls=0 recompiles=1384 underruns=3 overruns=0 sleep_us=7837662 queue_ms=108
fps: 30.0
vis: 60.0
cpu: exceptions=4636 cacheResets=1 batches=8854 verts=166539 texStalls=0 recompiles=1386 underruns=3 overruns=0 sleep_us=8184422 queue_ms=112
fps: 30.0
vis: 60.0
cpu: exceptions=4781 cacheResets=1 batches=9259 verts=193764 texStalls=0 recompiles=1387 underruns=3 overruns=0 sleep_us=8540977 queue_ms=117
fps: 30.0
vis: 60.0
cpu: exceptions=4931 cacheResets=1 batches=9664 verts=220989 texStalls=0 recompiles=1387 underruns=3 overruns=0 sleep_us=8893955 queue_ms=108
fps: 30.0
vis: 60.0
cpu: exceptions=5081 cacheResets=1 batches=10069 verts=248214 texStalls=0 recompiles=1389 underruns=3 overruns=0 sleep_us=9244553 queue_ms=112
mark: stop reason: chain guest VI limit
mark: stop_it requested
audio: alist_resample_calls=11186 alist_resample_samples=2058224 alist_zoh_calls=0 alist_zoh_samples=0 musyx_subframes=0 musyx_voices=0 musyx_voice_peak=0
audio_stages: adpcm_calls=6590 adpcm_samples=722912 envmix_calls=8440 envmix_samples=1552960 mix_calls=54920 mix_samples=10105280 musyx_fx_calls=0 musyx_fx_taps=0 output_calls=342 output_samples=251896
audio_envmix: exp_calls=0 ge_calls=0 lin_calls=8440 nead_calls=0 exp_steady=0 ge_steady=0 lin_steady=7902
audio_gaps: nead_mats=0 nead_efz=0 resample_flag2=0 musyx_ptr10=0
audio_output: stream_requests=4283 stream_fed=869 input_hz=22047 playback_hz=22047 queue_peak_ms=134
probe_schema: version=2 self=1 interval=127
gpu_status: samples=30 command_busy=0 fifo_busy=0 over_high=0 under_low=30
vm_io: read_ahead=1 reads=58 hits=277 read_bytes=1900544 writes=0 write_bytes=0 errors=0
subsystem_time: stage=rsp_gfx calls=238 timed_calls=238 period=1 timed_us=314252
subsystem_time: stage=rsp_audio calls=343 timed_calls=343 period=1 timed_us=471398
subsystem_time: stage=rsp_other calls=1 timed_calls=1 period=1 timed_us=4
subsystem_time: stage=lookup calls=1606144 timed_calls=12646 period=127 timed_us=3241
subsystem_time: stage=compile calls=1389 timed_calls=1389 period=1 timed_us=204165
subsystem_time: stage=dispatch calls=1604569 timed_calls=12634 period=127 timed_us=14032
subsystem_self: stage=dispatch calls=1604569 timed_calls=12634 self_us=8917 dropped=0
subsystem_time: stage=execute_inclusive calls=1604569 timed_calls=12634 period=127 timed_us=165594
subsystem_self: stage=execute_inclusive calls=1604569 timed_calls=12634 self_us=40277 dropped=0
subsystem_time: stage=rom_copy calls=1048 timed_calls=1048 period=1 timed_us=252347
subsystem_time: stage=present calls=899 timed_calls=899 period=1 timed_us=240482
subsystem_time: stage=limiter calls=843 timed_calls=843 period=1 timed_us=9246985
subsystem_time: stage=vm_fault calls=335 timed_calls=335 period=1 timed_us=234658
subsystem_time: stage=vm_victim calls=335 timed_calls=335 period=1 timed_us=388
subsystem_time: stage=vm_read calls=58 timed_calls=58 period=1 timed_us=218768
subsystem_time: stage=vm_write calls=0 timed_calls=0 period=1 timed_us=0
subsystem_time: stage=tex_hash calls=7634 timed_calls=7634 period=1 timed_us=68906
subsystem_time: stage=tex_lookup calls=7634 timed_calls=7634 period=1 timed_us=2639
subsystem_time: stage=tex_load calls=24 timed_calls=24 period=1 timed_us=3602
subsystem_time: stage=tex_activate calls=7634 timed_calls=7634 period=1 timed_us=5102
subsystem_time: stage=draw_triangles calls=10096 timed_calls=10096 period=1 timed_us=34241
subsystem_time: stage=draw_rect calls=1687 timed_calls=1687 period=1 timed_us=9150
subsystem_time: stage=gfx_list calls=238 timed_calls=238 period=1 timed_us=313767
subsystem_time: stage=gfx_command calls=176157 timed_calls=1387 period=127 timed_us=2847
subsystem_time: stage=vertex calls=98130 timed_calls=772 period=127 timed_us=331
subsystem_time: stage=gfx_state calls=11689 timed_calls=92 period=127 timed_us=779
subsystem_self: stage=gfx_state calls=11689 timed_calls=92 self_us=207 dropped=0
subsystem_time: stage=gx_wait calls=4 timed_calls=4 period=1 timed_us=2602
subsystem_time: stage=dma_pi calls=1048 timed_calls=1048 period=1 timed_us=271537
subsystem_time: stage=dma_sp calls=1162 timed_calls=1162 period=1 timed_us=1184
subsystem_time: stage=dma_si calls=1351 timed_calls=1351 period=1 timed_us=3584
subsystem_time: stage=tlb_translate calls=0 timed_calls=0 period=127 timed_us=0
subsystem_time: stage=pif calls=1352 timed_calls=1352 period=1 timed_us=2860
subsystem_time: stage=input calls=388 timed_calls=388 period=1 timed_us=1709
subsystem_time: stage=guest_interrupt calls=5843 timed_calls=5843 period=1 timed_us=9542528
subsystem_self: stage=guest_interrupt calls=5843 timed_calls=5843 self_us=26343 dropped=0
subsystem_time: stage=interpreter_inclusive calls=0 timed_calls=0 period=1 timed_us=0
subsystem_self: stage=interpreter_inclusive calls=0 timed_calls=0 self_us=0 dropped=0
subsystem_time: stage=audio_submit calls=343 timed_calls=343 period=1 timed_us=5509
subsystem_time: stage=audio_callback calls=10295 timed_calls=10295 period=1 timed_us=4365
subsystem_time: stage=memory_slow calls=1084330 timed_calls=8538 period=127 timed_us=8321
subsystem_self: stage=memory_slow calls=1084330 timed_calls=8538 self_us=2782 dropped=0
subsystem_time: stage=jit_invalidate calls=1575 timed_calls=12 period=127 timed_us=2
subsystem_time: stage=cpu_helper calls=10253314 timed_calls=80734 period=127 timed_us=42354
subsystem_time: stage=storage_read calls=0 timed_calls=0 period=1 timed_us=0
subsystem_time: stage=storage_write calls=0 timed_calls=0 period=1 timed_us=0
subsystem_time: stage=save_load calls=0 timed_calls=0 period=1 timed_us=0
subsystem_time: stage=save_write calls=0 timed_calls=0 period=1 timed_us=0
subsystem_time: stage=state_load calls=0 timed_calls=0 period=1 timed_us=0
subsystem_time: stage=state_save calls=0 timed_calls=0 period=1 timed_us=0
subsystem_time: stage=probe_io calls=3 timed_calls=3 period=1 timed_us=36144
subsystem_time: stage=agent_poll calls=1812 timed_calls=1812 period=1 timed_us=453
audio_time: stage=resample sampled_calls=88 sampled_samples=16192 sampled_us=646
audio_time: stage=zoh sampled_calls=0 sampled_samples=0 sampled_us=0
audio_time: stage=adpcm sampled_calls=51 sampled_samples=5680 sampled_us=244
audio_time: stage=envmix_exp sampled_calls=0 sampled_samples=0 sampled_us=0
audio_time: stage=envmix_ge sampled_calls=0 sampled_samples=0 sampled_us=0
audio_time: stage=envmix_lin sampled_calls=66 sampled_samples=12144 sampled_us=1003
audio_time: stage=envmix_nead sampled_calls=0 sampled_samples=0 sampled_us=0
audio_time: stage=mix sampled_calls=432 sampled_samples=79488 sampled_us=1286
audio_time: stage=musyx_voice sampled_calls=0 sampled_samples=0 sampled_us=0
audio_time: stage=musyx_fx sampled_calls=0 sampled_samples=0 sampled_us=0
audio_time: stage=output sampled_calls=2 sampled_samples=1472 sampled_us=27
game: n=4/4 how=vis vis=900 vi_rate=60 vi0_retrace=9249 wall_us=15218569 sleep_us=9244553 avg_vis=59.86 avg_fps=28.17 exceptions=5086 cacheResets=1 recompiles=1389 batches=10096 verts=250029 texStalls=0 treeDepthMax=15 underruns=3 overruns=0 queue_peak_ms=121 dsp_avg=1.38 dsp_peak=1.60 dsp_samples=30 pmc1=4045472398 pmc2=4491914366 pmc3=0 pmc4=0 mmcr0=00000042 mmcr1=00000000 heap_used=10881240 heap_free=81064 arena1_free=487424 arena2_free=577472 flushes=3 flush_us=36143 padtrace=0 rom=sd:/wii64/roms/Donkey Kong 64 (USA).z64
=== chain 4/4 end vis=900 how=vis rom=sd:/wii64/roms/Donkey Kong 64 (USA).z64 ===
