--- wii64 perf log ---
mark: diag config: wiiload arguments
mark: wiiload dynacore argument received
mark: diag received dynacore line
mark: diag requested core: dynarec
mark: pad replay records: 1
selftest:
  raw[0]=51279712949523290
  raw[1]=51279712949523291
  raw[2]=51279712949523307
  raw[3]=51279712949523317
  raw[4]=51279712949523328
  delta[0]=0us
  delta[1]=0us
  delta[2]=0us
  delta[3]=0us
mark: audio quality: accurate
mark: audio modes: n64=0 output=0 mixer=0 latency=2 sync=0
mark: diag applied core: dynarec
mark: HBC agent ready
mark: loadROM: enter
mark: loadROM: before rom_read
mark: ROMCache_load: enter
mark: ROMCache_load: before first read
mark: ROMCache_load: first read returned
mark: ROMCache_load: byte_swap_type set
mark: ROMCache_load: first byte_swap done
menufps: 10.3
menufps: 8.1
menufps: 7.6
mark: ROMCache_load: loop exited normally
mark: ROMCache_load: elapsed_us=1971008 bytes=8388608 vm=0
mark: loadROM: after rom_read
mark: loadROM: before init_memory
mark: loadROM: after init_memory
mark: loadROM: before romOpen_gfx
mark: loadROM: after romOpen_gfx / before romOpen_audio
mark: loadROM: after romOpen_audio / before romOpen_input
mark: loadROM: after romOpen_input / before cpu_init
mark: loadROM: after cpu_init
menufps: 1.2
fps: 0.0
first_vi: vi0_retrace=320
vis: 0.0
cpu: exceptions=0 cacheResets=0 batches=0 verts=0 texStalls=0 recompiles=0 underruns=0 overruns=0 sleep_us=0 queue_ms=0
mark: CPU core dispatch: dynarec
vis: 60.0
cpu: exceptions=240 cacheResets=1 batches=0 verts=0 texStalls=0 recompiles=189 underruns=2 overruns=0 sleep_us=267439 queue_ms=91
vis: 60.0
cpu: exceptions=540 cacheResets=1 batches=0 verts=0 texStalls=0 recompiles=198 underruns=2 overruns=0 sleep_us=748763 queue_ms=87
vis: 60.0
cpu: exceptions=840 cacheResets=1 batches=0 verts=0 texStalls=0 recompiles=204 underruns=2 overruns=0 sleep_us=1230133 queue_ms=93
vis: 60.0
cpu: exceptions=1134 cacheResets=1 batches=0 verts=0 texStalls=0 recompiles=204 underruns=2 overruns=0 sleep_us=1712048 queue_ms=88
fps: 0.5
vis: 60.0
cpu: exceptions=1430 cacheResets=1 batches=414 verts=9387 texStalls=0 recompiles=468 underruns=3 overruns=0 sleep_us=2064891 queue_ms=11
fps: 20.0
vis: 60.0
cpu: exceptions=1587 cacheResets=1 batches=2484 verts=56322 texStalls=0 recompiles=475 underruns=3 overruns=0 sleep_us=2488544 queue_ms=9
fps: 30.0
vis: 60.0
cpu: exceptions=1751 cacheResets=1 batches=4554 verts=103257 texStalls=0 recompiles=478 underruns=3 overruns=0 sleep_us=2911185 queue_ms=15
fps: 30.0
vis: 60.0
cpu: exceptions=1893 cacheResets=1 batches=6624 verts=150192 texStalls=0 recompiles=478 underruns=3 overruns=0 sleep_us=3342680 queue_ms=11
fps: 30.0
vis: 60.0
cpu: exceptions=2035 cacheResets=1 batches=8694 verts=197127 texStalls=0 recompiles=478 underruns=3 overruns=0 sleep_us=3773856 queue_ms=7
fps: 30.0
vis: 60.0
cpu: exceptions=2177 cacheResets=1 batches=10767 verts=244080 texStalls=0 recompiles=489 underruns=3 overruns=0 sleep_us=4203842 queue_ms=13
fps: 30.0
vis: 60.0
cpu: exceptions=2318 cacheResets=1 batches=12574 verts=284835 texStalls=0 recompiles=498 underruns=3 overruns=0 sleep_us=4638318 queue_ms=9
vis: 60.0
cpu: exceptions=2637 cacheResets=1 batches=12574 verts=284835 texStalls=0 recompiles=675 underruns=4 overruns=0 sleep_us=4875398 queue_ms=23
vis: 60.0
cpu: exceptions=2727 cacheResets=1 batches=12574 verts=284835 texStalls=0 recompiles=733 underruns=4 overruns=0 sleep_us=5139280 queue_ms=19
vis: 60.0
cpu: exceptions=2817 cacheResets=1 batches=12574 verts=284835 texStalls=0 recompiles=784 underruns=4 overruns=0 sleep_us=5464970 queue_ms=25
fps: 4.9
vis: 60.0
cpu: exceptions=2960 cacheResets=1 batches=13906 verts=302151 texStalls=0 recompiles=910 underruns=5 overruns=0 sleep_us=5743127 queue_ms=8
fps: 15.2
vis: 60.0
cpu: exceptions=3117 cacheResets=1 batches=18798 verts=366468 texStalls=0 recompiles=910 underruns=5 overruns=0 sleep_us=5937590 queue_ms=4
fps: 30.0
vis: 60.0
cpu: exceptions=3272 cacheResets=1 batches=23677 verts=430455 texStalls=0 recompiles=927 underruns=5 overruns=0 sleep_us=6131427 queue_ms=8
fps: 30.0
vis: 60.0
cpu: exceptions=3435 cacheResets=1 batches=28532 verts=494280 texStalls=0 recompiles=927 underruns=5 overruns=0 sleep_us=6326274 queue_ms=5
fps: 30.0
vis: 60.0
cpu: exceptions=3590 cacheResets=1 batches=33403 verts=558201 texStalls=0 recompiles=927 underruns=5 overruns=0 sleep_us=6530077 queue_ms=10
fps: 29.3
vis: 60.0
cpu: exceptions=3761 cacheResets=1 batches=38265 verts=622068 texStalls=0 recompiles=927 underruns=6 overruns=0 sleep_us=6720519 queue_ms=6
fps: 29.9
vis: 60.0
cpu: exceptions=3973 cacheResets=1 batches=43128 verts=685941 texStalls=0 recompiles=928 underruns=6 overruns=0 sleep_us=6897533 queue_ms=3
fps: 30.0
vis: 60.0
cpu: exceptions=4196 cacheResets=1 batches=47994 verts=749832 texStalls=0 recompiles=928 underruns=7 overruns=0 sleep_us=7060584 queue_ms=17
fps: 30.0
vis: 60.0
cpu: exceptions=4423 cacheResets=1 batches=52859 verts=813717 texStalls=0 recompiles=928 underruns=7 overruns=0 sleep_us=7225629 queue_ms=13
fps: 30.0
vis: 60.0
cpu: exceptions=4643 cacheResets=1 batches=57726 verts=877614 texStalls=0 recompiles=928 underruns=7 overruns=0 sleep_us=7393480 queue_ms=18
fps: 30.0
vis: 60.0
cpu: exceptions=4857 cacheResets=1 batches=62592 verts=941505 texStalls=0 recompiles=928 underruns=7 overruns=0 sleep_us=7565869 queue_ms=15
fps: 30.0
vis: 60.0
cpu: exceptions=5076 cacheResets=1 batches=67456 verts=1005384 texStalls=0 recompiles=928 underruns=7 overruns=0 sleep_us=7736589 queue_ms=10
fps: 30.0
vis: 60.0
cpu: exceptions=5293 cacheResets=1 batches=72319 verts=1069257 texStalls=0 recompiles=928 underruns=7 overruns=0 sleep_us=7905539 queue_ms=16
fps: 30.0
vis: 60.0
cpu: exceptions=5519 cacheResets=1 batches=77189 verts=1133172 texStalls=0 recompiles=928 underruns=7 overruns=0 sleep_us=8070403 queue_ms=13
fps: 30.0
vis: 60.0
cpu: exceptions=5752 cacheResets=1 batches=82052 verts=1197045 texStalls=0 recompiles=928 underruns=7 overruns=0 sleep_us=8232088 queue_ms=17
fps: 30.0
mark: stop reason: chain guest VI limit
mark: stop_it requested
audio: alist_resample_calls=16766 alist_resample_samples=2210288 alist_zoh_calls=0 alist_zoh_samples=0 musyx_subframes=0 musyx_voices=0 musyx_voice_peak=0
audio_stages: adpcm_calls=16492 adpcm_samples=2666048 envmix_calls=16200 envmix_samples=2161744 mix_calls=3500 mix_samples=1120000 musyx_fx_calls=0 musyx_fx_taps=0 output_calls=876 output_samples=467088
audio_envmix: exp_calls=16200 ge_calls=0 lin_calls=0 nead_calls=0 exp_steady=13256 ge_steady=0 lin_steady=0
audio_gaps: nead_mats=0 nead_efz=0 resample_flag2=0 musyx_ptr10=0
audio_output: stream_requests=3323 stream_fed=1621 input_hz=32006 playback_hz=32006 queue_peak_ms=113
audio_time: stage=resample sampled_calls=132 sampled_samples=17488 sampled_us=742
audio_time: stage=zoh sampled_calls=0 sampled_samples=0 sampled_us=0
audio_time: stage=adpcm sampled_calls=129 sampled_samples=20784 sampled_us=870
audio_time: stage=envmix_exp sampled_calls=127 sampled_samples=16960 sampled_us=1174
audio_time: stage=envmix_ge sampled_calls=0 sampled_samples=0 sampled_us=0
audio_time: stage=envmix_lin sampled_calls=0 sampled_samples=0 sampled_us=0
audio_time: stage=envmix_nead sampled_calls=0 sampled_samples=0 sampled_us=0
audio_time: stage=mix sampled_calls=27 sampled_samples=8640 sampled_us=146
audio_time: stage=musyx_voice sampled_calls=0 sampled_samples=0 sampled_us=0
audio_time: stage=musyx_fx sampled_calls=0 sampled_samples=0 sampled_us=0
audio_time: stage=output sampled_calls=6 sampled_samples=3200 sampled_us=58
game: n=1/3 how=vis vis=900 vi_rate=60 vi0_retrace=320 wall_us=15185756 sleep_us=8382428 avg_vis=58.00 avg_fps=25.40 exceptions=5979 cacheResets=1 recompiles=928 batches=86588 verts=1256643 texStalls=0 treeDepthMax=14 underruns=8 overruns=0 queue_peak_ms=93 dsp_avg=1.54 dsp_peak=1.85 pmc1=4807619231 pmc2=4599765795 pmc3=0 pmc4=0 mmcr0=00000042 mmcr1=00000000 heap_used=10848744 heap_free=37768 arena1_free=577536 arena2_free=577472 flushes=3 flush_us=30542 padtrace=4 rom=sd:/wii64/roms/Super Mario 64.v64
=== chain 1/3 end vis=900 how=vis rom=sd:/wii64/roms/Super Mario 64.v64 ===
mark: pad replay records: 1
mark: loadROM: enter
mark: loadROM: before rom_read
mark: ROMCache_load: enter
mark: ROMCache_load: before first read
mark: ROMCache_load: first read returned
mark: ROMCache_load: byte_swap_type set
mark: ROMCache_load: first byte_swap done
menufps: 0.1
menufps: 8.5
menufps: 8.1
menufps: 8.0
menufps: 8.1
menufps: 7.8
menufps: 8.3
mark: ROMCache_load: loop exited normally
mark: ROMCache_load: elapsed_us=3790961 bytes=16777216 vm=0
mark: loadROM: after rom_read
mark: loadROM: before init_memory
mark: loadROM: after init_memory
mark: loadROM: before romOpen_gfx
mark: loadROM: after romOpen_gfx / before romOpen_audio
mark: loadROM: after romOpen_audio / before romOpen_input
mark: loadROM: after romOpen_input / before cpu_init
mark: loadROM: after cpu_init
menufps: 1.4
fps: 0.5
first_vi: vi0_retrace=1664
vis: 3.8
cpu: exceptions=0 cacheResets=0 batches=0 verts=0 texStalls=0 recompiles=0 underruns=0 overruns=0 sleep_us=0 queue_ms=0
mark: CPU core dispatch: dynarec
vis: 60.0
cpu: exceptions=37 cacheResets=1 batches=0 verts=0 texStalls=0 recompiles=138 underruns=0 overruns=0 sleep_us=56506 queue_ms=0
vis: 60.0
cpu: exceptions=67 cacheResets=1 batches=0 verts=0 texStalls=0 recompiles=138 underruns=0 overruns=0 sleep_us=399017 queue_ms=0
vis: 60.0
cpu: exceptions=368 cacheResets=1 batches=0 verts=0 texStalls=0 recompiles=390 underruns=0 overruns=0 sleep_us=699208 queue_ms=0
vis: 60.0
cpu: exceptions=570 cacheResets=1 batches=0 verts=0 texStalls=0 recompiles=668 underruns=1 overruns=0 sleep_us=1010763 queue_ms=17
fps: 0.4
vis: 60.0
cpu: exceptions=903 cacheResets=1 batches=44 verts=2262 texStalls=0 recompiles=1902 underruns=2 overruns=0 sleep_us=1451596 queue_ms=58
vis: 60.0
cpu: exceptions=1094 cacheResets=1 batches=476 verts=16800 texStalls=0 recompiles=1995 underruns=2 overruns=0 sleep_us=1735482 queue_ms=49
fps: 30.0
vis: 60.0
cpu: exceptions=1275 cacheResets=1 batches=1302 verts=38046 texStalls=0 recompiles=2006 underruns=2 overruns=0 sleep_us=2034728 queue_ms=53
fps: 30.0
vis: 60.0
cpu: exceptions=1464 cacheResets=1 batches=2343 verts=60582 texStalls=0 recompiles=2009 underruns=2 overruns=0 sleep_us=2324374 queue_ms=58
fps: 30.0
vis: 60.0
cpu: exceptions=1641 cacheResets=1 batches=3405 verts=83244 texStalls=0 recompiles=2009 underruns=2 overruns=0 sleep_us=2615243 queue_ms=62
fps: 29.3
vis: 60.0
cpu: exceptions=1822 cacheResets=1 batches=4460 verts=105570 texStalls=0 recompiles=2012 underruns=2 overruns=0 sleep_us=2905429 queue_ms=53
fps: 30.0
vis: 60.0
cpu: exceptions=2014 cacheResets=1 batches=5526 verts=127626 texStalls=0 recompiles=2012 underruns=2 overruns=0 sleep_us=3196113 queue_ms=49
fps: 30.0
vis: 60.0
cpu: exceptions=2202 cacheResets=1 batches=6552 verts=149442 texStalls=0 recompiles=2029 underruns=2 overruns=0 sleep_us=3486130 queue_ms=41
fps: 30.0
vis: 60.0
cpu: exceptions=2381 cacheResets=1 batches=7776 verts=179742 texStalls=0 recompiles=2029 underruns=2 overruns=0 sleep_us=3756389 queue_ms=45
fps: 29.9
vis: 60.0
cpu: exceptions=2588 cacheResets=1 batches=9397 verts=218808 texStalls=0 recompiles=2036 underruns=2 overruns=0 sleep_us=3987102 queue_ms=49
fps: 30.0
vis: 60.0
cpu: exceptions=2771 cacheResets=1 batches=11054 verts=250794 texStalls=0 recompiles=2047 underruns=2 overruns=0 sleep_us=4232057 queue_ms=45
fps: 30.0
vis: 60.0
cpu: exceptions=2948 cacheResets=1 batches=12559 verts=275484 texStalls=0 recompiles=2063 underruns=2 overruns=0 sleep_us=4503465 queue_ms=50
fps: 30.0
vis: 60.0
cpu: exceptions=3120 cacheResets=1 batches=13817 verts=298692 texStalls=0 recompiles=2063 underruns=2 overruns=0 sleep_us=4796955 queue_ms=41
fps: 30.0
vis: 60.0
cpu: exceptions=3295 cacheResets=1 batches=14884 verts=320754 texStalls=0 recompiles=2064 underruns=2 overruns=0 sleep_us=5098411 queue_ms=45
fps: 30.0
vis: 60.0
cpu: exceptions=3479 cacheResets=1 batches=15921 verts=342636 texStalls=0 recompiles=2064 underruns=2 overruns=0 sleep_us=5394459 queue_ms=50
fps: 30.0
vis: 60.0
cpu: exceptions=3670 cacheResets=1 batches=16962 verts=365454 texStalls=0 recompiles=2064 underruns=2 overruns=0 sleep_us=5683353 queue_ms=46
fps: 29.9
vis: 60.0
cpu: exceptions=3858 cacheResets=1 batches=18284 verts=402726 texStalls=0 recompiles=2064 underruns=2 overruns=0 sleep_us=5941026 queue_ms=50
fps: 30.0
vis: 60.0
cpu: exceptions=4064 cacheResets=1 batches=19621 verts=440088 texStalls=0 recompiles=2065 underruns=2 overruns=0 sleep_us=6194912 queue_ms=41
fps: 29.9
vis: 60.0
cpu: exceptions=4260 cacheResets=1 batches=22199 verts=475314 texStalls=0 recompiles=2081 underruns=2 overruns=0 sleep_us=6425261 queue_ms=46
fps: 29.8
vis: 60.0
cpu: exceptions=4453 cacheResets=1 batches=27306 verts=517206 texStalls=0 recompiles=2081 underruns=2 overruns=0 sleep_us=6616855 queue_ms=50
fps: 30.0
vis: 60.0
cpu: exceptions=4642 cacheResets=1 batches=32614 verts=560304 texStalls=0 recompiles=2081 underruns=2 overruns=0 sleep_us=6810772 queue_ms=46
fps: 30.0
vis: 60.0
cpu: exceptions=4839 cacheResets=1 batches=37661 verts=601836 texStalls=0 recompiles=2082 underruns=2 overruns=0 sleep_us=7014858 queue_ms=50
fps: 30.0
vis: 60.0
cpu: exceptions=5031 cacheResets=1 batches=42768 verts=643728 texStalls=0 recompiles=2083 underruns=2 overruns=0 sleep_us=7217654 queue_ms=55
fps: 29.9
vis: 59.8
cpu: exceptions=5238 cacheResets=1 batches=47984 verts=688098 texStalls=0 recompiles=2083 underruns=2 overruns=0 sleep_us=7403094 queue_ms=46
fps: 30.1
vis: 60.0
cpu: exceptions=5437 cacheResets=1 batches=52337 verts=739146 texStalls=0 recompiles=2084 underruns=2 overruns=0 sleep_us=7609880 queue_ms=42
mark: stop reason: chain guest VI limit
mark: stop_it requested
audio: alist_resample_calls=7273 alist_resample_samples=1338232 alist_zoh_calls=0 alist_zoh_samples=0 musyx_subframes=0 musyx_voices=0 musyx_voice_peak=0
audio_stages: adpcm_calls=5684 adpcm_samples=629344 envmix_calls=5654 envmix_samples=1040336 mix_calls=32380 mix_samples=5957920 musyx_fx_calls=0 musyx_fx_taps=0 output_calls=405 output_samples=297160
audio_envmix: exp_calls=0 ge_calls=0 lin_calls=5654 nead_calls=0 exp_steady=0 ge_steady=0 lin_steady=5208
audio_gaps: nead_mats=0 nead_efz=0 resample_flag2=0 musyx_ptr10=0
audio_output: stream_requests=3365 stream_fed=1031 input_hz=21998 playback_hz=21998 queue_peak_ms=80
audio_time: stage=resample sampled_calls=57 sampled_samples=10488 sampled_us=425
audio_time: stage=zoh sampled_calls=0 sampled_samples=0 sampled_us=0
audio_time: stage=adpcm sampled_calls=44 sampled_samples=4752 sampled_us=212
audio_time: stage=envmix_exp sampled_calls=0 sampled_samples=0 sampled_us=0
audio_time: stage=envmix_ge sampled_calls=0 sampled_samples=0 sampled_us=0
audio_time: stage=envmix_lin sampled_calls=44 sampled_samples=8096 sampled_us=699
audio_time: stage=envmix_nead sampled_calls=0 sampled_samples=0 sampled_us=0
audio_time: stage=mix sampled_calls=254 sampled_samples=46736 sampled_us=786
audio_time: stage=musyx_voice sampled_calls=0 sampled_samples=0 sampled_us=0
audio_time: stage=musyx_fx sampled_calls=0 sampled_samples=0 sampled_us=0
audio_time: stage=output sampled_calls=3 sampled_samples=2208 sampled_us=39
game: n=2/3 how=vis vis=900 vi_rate=60 vi0_retrace=1664 wall_us=15172553 sleep_us=7609880 avg_vis=58.12 avg_fps=27.60 exceptions=5450 cacheResets=1 recompiles=2084 batches=52520 verts=741906 texStalls=0 treeDepthMax=31 underruns=3 overruns=0 queue_peak_ms=62 dsp_avg=1.39 dsp_peak=1.60 pmc1=5244115748 pmc2=4793354952 pmc3=0 pmc4=0 mmcr0=00000042 mmcr1=00000000 heap_used=10926152 heap_free=34088 arena1_free=503808 arena2_free=577472 flushes=3 flush_us=35487 padtrace=0 rom=sd:/wii64/roms/Banjo-Kazooie.V64
=== chain 2/3 end vis=900 how=vis rom=sd:/wii64/roms/Banjo-Kazooie.V64 ===
mark: pad replay records: 1
mark: loadROM: enter
mark: loadROM: before rom_read
mark: ROMCache_load: enter
mark: ROMCache_load: before first read
mark: ROMCache_load: first read returned
mark: ROMCache_load: byte_swap_type set
mark: ROMCache_load: first byte_swap done
menufps: 0.1
menufps: 7.8
menufps: 8.2
menufps: 8.3
menufps: 8.1
menufps: 8.0
menufps: 8.1
mark: ROMCache_load: loop exited normally
mark: ROMCache_load: elapsed_us=3860460 bytes=16777216 vm=0
mark: loadROM: after rom_read
mark: loadROM: before init_memory
mark: loadROM: after init_memory
mark: loadROM: before romOpen_gfx
mark: loadROM: after romOpen_gfx / before romOpen_audio
mark: loadROM: after romOpen_audio / before romOpen_input
mark: loadROM: after romOpen_input / before cpu_init
mark: loadROM: after cpu_init
menufps: 5.8
menufps: 0.7
fps: 0.3
first_vi: vi0_retrace=3014
vis: 0.4
cpu: exceptions=0 cacheResets=0 batches=0 verts=0 texStalls=0 recompiles=0 underruns=0 overruns=0 sleep_us=0 queue_ms=0
mark: CPU core dispatch: dynarec
vis: 60.0
cpu: exceptions=1471 cacheResets=1 batches=0 verts=0 texStalls=0 recompiles=421 underruns=0 overruns=0 sleep_us=150002 queue_ms=148
fps: 3.1
vis: 60.0
cpu: exceptions=2355 cacheResets=1 batches=0 verts=0 texStalls=0 recompiles=425 underruns=0 overruns=0 sleep_us=532536 queue_ms=142
fps: 60.6
vis: 60.0
cpu: exceptions=2625 cacheResets=1 batches=0 verts=0 texStalls=0 recompiles=425 underruns=0 overruns=0 sleep_us=964525 queue_ms=147
fps: 60.0
vis: 60.0
cpu: exceptions=2918 cacheResets=1 batches=0 verts=0 texStalls=0 recompiles=468 underruns=0 overruns=0 sleep_us=1383161 queue_ms=144
vis: 60.0
cpu: exceptions=3298 cacheResets=1 batches=0 verts=0 texStalls=0 recompiles=468 underruns=0 overruns=0 sleep_us=1744795 queue_ms=148
fps: 14.9
vis: 57.0
cpu: exceptions=3656 cacheResets=1 batches=2612 verts=69456 texStalls=0 recompiles=750 underruns=0 overruns=0 sleep_us=1938890 queue_ms=118
fps: 60.6
vis: 60.0
cpu: exceptions=3947 cacheResets=1 batches=9392 verts=246936 texStalls=0 recompiles=763 underruns=0 overruns=0 sleep_us=2034604 queue_ms=123
fps: 60.0
vis: 60.0
cpu: exceptions=4244 cacheResets=1 batches=16161 verts=424350 texStalls=0 recompiles=775 underruns=0 overruns=0 sleep_us=2131396 queue_ms=119
fps: 60.0
vis: 60.0
cpu: exceptions=4542 cacheResets=1 batches=22911 verts=601650 texStalls=0 recompiles=775 underruns=0 overruns=0 sleep_us=2228172 queue_ms=116
fps: 60.0
vis: 60.0
cpu: exceptions=4833 cacheResets=1 batches=29661 verts=778950 texStalls=0 recompiles=775 underruns=0 overruns=0 sleep_us=2327984 queue_ms=121
fps: 60.0
vis: 60.0
cpu: exceptions=5121 cacheResets=1 batches=36411 verts=956250 texStalls=0 recompiles=775 underruns=0 overruns=0 sleep_us=2429626 queue_ms=117
fps: 60.0
vis: 60.0
cpu: exceptions=5415 cacheResets=1 batches=43161 verts=1133550 texStalls=0 recompiles=775 underruns=0 overruns=0 sleep_us=2528542 queue_ms=122
fps: 60.0
vis: 60.0
cpu: exceptions=5703 cacheResets=1 batches=49911 verts=1310850 texStalls=0 recompiles=777 underruns=0 overruns=0 sleep_us=2629758 queue_ms=119
fps: 60.0
vis: 60.0
cpu: exceptions=5997 cacheResets=1 batches=56661 verts=1488150 texStalls=0 recompiles=777 underruns=0 overruns=0 sleep_us=2724532 queue_ms=123
fps: 60.0
vis: 60.0
cpu: exceptions=6295 cacheResets=1 batches=63411 verts=1665450 texStalls=0 recompiles=777 underruns=0 overruns=0 sleep_us=2817114 queue_ms=120
fps: 60.0
vis: 60.0
cpu: exceptions=6588 cacheResets=1 batches=70161 verts=1842750 texStalls=0 recompiles=777 underruns=0 overruns=0 sleep_us=2910839 queue_ms=117
fps: 60.0
vis: 60.0
cpu: exceptions=6887 cacheResets=1 batches=76911 verts=2020050 texStalls=0 recompiles=777 underruns=0 overruns=0 sleep_us=3000621 queue_ms=121
fps: 60.0
vis: 60.0
cpu: exceptions=7178 cacheResets=1 batches=83661 verts=2197350 texStalls=0 recompiles=777 underruns=0 overruns=0 sleep_us=3093536 queue_ms=118
fps: 60.0
vis: 60.0
cpu: exceptions=7470 cacheResets=1 batches=90411 verts=2374650 texStalls=0 recompiles=777 underruns=0 overruns=0 sleep_us=3188302 queue_ms=123
fps: 58.8
vis: 60.0
cpu: exceptions=7760 cacheResets=1 batches=97161 verts=2551950 texStalls=0 recompiles=777 underruns=0 overruns=0 sleep_us=3284429 queue_ms=110
fps: 60.0
vis: 60.0
cpu: exceptions=8049 cacheResets=1 batches=103911 verts=2729250 texStalls=0 recompiles=777 underruns=0 overruns=0 sleep_us=3384152 queue_ms=108
fps: 59.9
vis: 60.0
cpu: exceptions=8347 cacheResets=1 batches=110661 verts=2906550 texStalls=0 recompiles=777 underruns=0 overruns=0 sleep_us=3476075 queue_ms=112
fps: 60.0
vis: 60.0
cpu: exceptions=8641 cacheResets=1 batches=117411 verts=3083850 texStalls=0 recompiles=777 underruns=0 overruns=0 sleep_us=3558114 queue_ms=108
fps: 60.0
vis: 60.0
cpu: exceptions=8952 cacheResets=1 batches=124161 verts=3261150 texStalls=0 recompiles=777 underruns=0 overruns=0 sleep_us=3628081 queue_ms=114
fps: 60.0
vis: 60.0
cpu: exceptions=9271 cacheResets=1 batches=130911 verts=3438450 texStalls=0 recompiles=777 underruns=0 overruns=0 sleep_us=3694968 queue_ms=110
fps: 60.0
vis: 60.0
cpu: exceptions=9590 cacheResets=1 batches=137661 verts=3615750 texStalls=0 recompiles=777 underruns=0 overruns=0 sleep_us=3763864 queue_ms=115
fps: 60.0
vis: 60.0
cpu: exceptions=9902 cacheResets=1 batches=144411 verts=3793050 texStalls=0 recompiles=777 underruns=0 overruns=0 sleep_us=3834155 queue_ms=112
fps: 60.0
vis: 60.0
cpu: exceptions=10211 cacheResets=1 batches=151163 verts=3970350 texStalls=0 recompiles=777 underruns=0 overruns=0 sleep_us=3906961 queue_ms=116
fps: 59.8
vis: 60.0
cpu: exceptions=10524 cacheResets=1 batches=158473 verts=4165674 texStalls=0 recompiles=777 underruns=0 overruns=0 sleep_us=3968152 queue_ms=113
fps: 60.1
mark: stop reason: chain guest VI limit
mark: stop_it requested
vis: 56.6
cpu: exceptions=10822 cacheResets=1 batches=167028 verts=4402401 texStalls=0 recompiles=777 underruns=0 overruns=0 sleep_us=3989795 queue_ms=84
audio: alist_resample_calls=10077 alist_resample_samples=1250096 alist_zoh_calls=0 alist_zoh_samples=0 musyx_subframes=0 musyx_voices=0 musyx_voice_peak=0
audio_stages: adpcm_calls=9759 adpcm_samples=1154016 envmix_calls=10077 envmix_samples=1250096 mix_calls=79024 mix_samples=10544864 musyx_fx_calls=0 musyx_fx_taps=0 output_calls=897 output_samples=478768
audio_envmix: exp_calls=10077 ge_calls=0 lin_calls=0 nead_calls=0 exp_steady=5510 ge_steady=0 lin_steady=0
audio_gaps: nead_mats=0 nead_efz=0 resample_flag2=0 musyx_ptr10=0
audio_output: stream_requests=3326 stream_fed=1653 input_hz=32006 playback_hz=32006 queue_peak_ms=170
audio_time: stage=resample sampled_calls=79 sampled_samples=10240 sampled_us=434
audio_time: stage=zoh sampled_calls=0 sampled_samples=0 sampled_us=0
audio_time: stage=adpcm sampled_calls=76 sampled_samples=8016 sampled_us=376
audio_time: stage=envmix_exp sampled_calls=79 sampled_samples=10240 sampled_us=1196
audio_time: stage=envmix_ge sampled_calls=0 sampled_samples=0 sampled_us=0
audio_time: stage=envmix_lin sampled_calls=0 sampled_samples=0 sampled_us=0
audio_time: stage=envmix_nead sampled_calls=0 sampled_samples=0 sampled_us=0
audio_time: stage=mix sampled_calls=622 sampled_samples=83008 sampled_us=1374
audio_time: stage=musyx_voice sampled_calls=0 sampled_samples=0 sampled_us=0
audio_time: stage=musyx_fx sampled_calls=0 sampled_samples=0 sampled_us=0
audio_time: stage=output sampled_calls=7 sampled_samples=3712 sampled_us=68
game: n=3/3 how=vis vis=900 vi_rate=60 vi0_retrace=3014 wall_us=15214857 sleep_us=3989795 avg_vis=57.87 avg_fps=54.41 exceptions=10823 cacheResets=1 recompiles=777 batches=167028 verts=4402401 texStalls=0 treeDepthMax=12 underruns=0 overruns=0 queue_peak_ms=148 dsp_avg=1.56 dsp_peak=1.90 pmc1=8024127020 pmc2=7582104669 pmc3=0 pmc4=0 mmcr0=00000042 mmcr1=00000000 heap_used=10838408 heap_free=158696 arena1_free=466944 arena2_free=577472 flushes=3 flush_us=32558 padtrace=0 rom=sd:/wii64/roms/Pokemon Snap.rom
=== chain 3/3 end vis=900 how=vis rom=sd:/wii64/roms/Pokemon Snap.rom ===
