--- wii64 perf log ---
mark: diag config: wiiload arguments
mark: wiiload dynacore argument received
mark: diag received dynacore line
mark: diag requested core: dynarec
mark: pad replay records: 1
selftest:
  raw[0]=51279861361834257
  raw[1]=51279861361834261
  raw[2]=51279861361834277
  raw[3]=51279861361834288
  raw[4]=51279861361834300
  delta[0]=0us
  delta[1]=0us
  delta[2]=0us
  delta[3]=0us
mark: audio quality: accurate
mark: audio modes: n64=0 output=0 mixer=0 latency=2 sync=0
mark: diag applied core: dynarec
mark: HBC agent ready
mark: loadROM: enter
mark: loadROM: before rom_read
mark: ROMCache_load: enter
mark: ROMCache_load: before first read
mark: ROMCache_load: first read returned
mark: ROMCache_load: byte_swap_type set
mark: ROMCache_load: first byte_swap done
menufps: 10.4
menufps: 8.1
menufps: 7.9
mark: ROMCache_load: loop exited normally
mark: ROMCache_load: elapsed_us=1945753 bytes=8388608 vm=0
mark: loadROM: after rom_read
mark: loadROM: before init_memory
mark: loadROM: after init_memory
mark: loadROM: before romOpen_gfx
mark: loadROM: after romOpen_gfx / before romOpen_audio
mark: loadROM: after romOpen_audio / before romOpen_input
mark: loadROM: after romOpen_input / before cpu_init
mark: loadROM: after cpu_init
menufps: 1.2
fps: 0.1
first_vi: vi0_retrace=318
vis: 0.1
cpu: exceptions=0 cacheResets=0 batches=0 verts=0 texStalls=0 recompiles=0 underruns=0 overruns=0 sleep_us=0 queue_ms=0
mark: CPU core dispatch: dynarec
vis: 60.0
cpu: exceptions=240 cacheResets=1 batches=0 verts=0 texStalls=0 recompiles=189 underruns=1 overruns=0 sleep_us=264083 queue_ms=91
vis: 60.0
cpu: exceptions=540 cacheResets=1 batches=0 verts=0 texStalls=0 recompiles=198 underruns=1 overruns=0 sleep_us=744426 queue_ms=87
vis: 60.0
cpu: exceptions=840 cacheResets=1 batches=0 verts=0 texStalls=0 recompiles=204 underruns=1 overruns=0 sleep_us=1224865 queue_ms=84
vis: 60.0
cpu: exceptions=1135 cacheResets=1 batches=0 verts=0 texStalls=0 recompiles=204 underruns=1 overruns=0 sleep_us=1705834 queue_ms=88
fps: 0.5
vis: 60.0
cpu: exceptions=1431 cacheResets=1 batches=414 verts=9387 texStalls=0 recompiles=468 underruns=2 overruns=0 sleep_us=2056540 queue_ms=2
fps: 20.0
vis: 60.0
cpu: exceptions=1588 cacheResets=1 batches=2484 verts=56322 texStalls=0 recompiles=475 underruns=2 overruns=0 sleep_us=2477824 queue_ms=9
fps: 30.0
vis: 60.0
cpu: exceptions=1752 cacheResets=1 batches=4554 verts=103257 texStalls=0 recompiles=478 underruns=2 overruns=0 sleep_us=2897926 queue_ms=6
fps: 30.0
vis: 60.0
cpu: exceptions=1894 cacheResets=1 batches=6624 verts=150192 texStalls=0 recompiles=478 underruns=2 overruns=0 sleep_us=3326935 queue_ms=11
fps: 30.0
vis: 60.0
cpu: exceptions=2036 cacheResets=1 batches=8694 verts=197127 texStalls=0 recompiles=478 underruns=2 overruns=0 sleep_us=3755602 queue_ms=7
fps: 30.0
vis: 60.0
cpu: exceptions=2178 cacheResets=1 batches=10767 verts=244080 texStalls=0 recompiles=489 underruns=2 overruns=0 sleep_us=4182987 queue_ms=13
fps: 30.0
vis: 60.0
cpu: exceptions=2319 cacheResets=1 batches=12574 verts=284835 texStalls=0 recompiles=498 underruns=2 overruns=0 sleep_us=4614916 queue_ms=9
vis: 60.0
cpu: exceptions=2638 cacheResets=1 batches=12574 verts=284835 texStalls=0 recompiles=675 underruns=3 overruns=0 sleep_us=4828514 queue_ms=14
vis: 60.0
cpu: exceptions=2728 cacheResets=1 batches=12574 verts=284835 texStalls=0 recompiles=733 underruns=3 overruns=0 sleep_us=5070633 queue_ms=19
vis: 60.0
cpu: exceptions=2818 cacheResets=1 batches=12574 verts=284835 texStalls=0 recompiles=784 underruns=3 overruns=0 sleep_us=5368828 queue_ms=16
fps: 4.9
vis: 60.0
cpu: exceptions=2961 cacheResets=1 batches=13906 verts=302151 texStalls=0 recompiles=910 underruns=5 overruns=0 sleep_us=5636369 queue_ms=17
fps: 15.2
vis: 60.0
cpu: exceptions=3118 cacheResets=1 batches=18799 verts=366474 texStalls=0 recompiles=910 underruns=5 overruns=0 sleep_us=5811356 queue_ms=13
fps: 30.0
vis: 60.0
cpu: exceptions=3273 cacheResets=1 batches=23674 verts=430437 texStalls=0 recompiles=927 underruns=5 overruns=0 sleep_us=5985396 queue_ms=17
fps: 30.0
vis: 60.0
cpu: exceptions=3436 cacheResets=1 batches=28534 verts=494292 texStalls=0 recompiles=927 underruns=5 overruns=0 sleep_us=6160030 queue_ms=14
fps: 30.0
vis: 60.0
cpu: exceptions=3591 cacheResets=1 batches=33400 verts=558183 texStalls=0 recompiles=927 underruns=5 overruns=0 sleep_us=6344655 queue_ms=10
fps: 28.8
vis: 60.0
cpu: exceptions=3762 cacheResets=1 batches=38260 verts=622038 texStalls=0 recompiles=927 underruns=7 overruns=0 sleep_us=6515366 queue_ms=6
fps: 29.9
vis: 60.0
cpu: exceptions=3974 cacheResets=1 batches=43130 verts=685953 texStalls=0 recompiles=928 underruns=7 overruns=0 sleep_us=6671954 queue_ms=12
fps: 30.0
vis: 60.0
cpu: exceptions=4198 cacheResets=1 batches=47990 verts=749808 texStalls=0 recompiles=928 underruns=7 overruns=0 sleep_us=6814206 queue_ms=8
fps: 30.0
vis: 60.0
cpu: exceptions=4425 cacheResets=1 batches=52857 verts=813705 texStalls=0 recompiles=928 underruns=7 overruns=0 sleep_us=6958614 queue_ms=13
fps: 30.0
vis: 60.0
cpu: exceptions=4645 cacheResets=1 batches=57721 verts=877584 texStalls=0 recompiles=928 underruns=7 overruns=0 sleep_us=7105368 queue_ms=9
fps: 30.0
vis: 60.0
cpu: exceptions=4859 cacheResets=1 batches=62582 verts=941445 texStalls=0 recompiles=928 underruns=7 overruns=0 sleep_us=7257941 queue_ms=15
fps: 30.0
vis: 60.0
cpu: exceptions=5079 cacheResets=1 batches=67449 verts=1005342 texStalls=0 recompiles=928 underruns=7 overruns=0 sleep_us=7407871 queue_ms=11
fps: 30.0
vis: 60.0
cpu: exceptions=5295 cacheResets=1 batches=72318 verts=1069251 texStalls=0 recompiles=928 underruns=7 overruns=0 sleep_us=7556356 queue_ms=7
fps: 30.0
vis: 60.0
cpu: exceptions=5521 cacheResets=1 batches=77187 verts=1133160 texStalls=0 recompiles=928 underruns=7 overruns=0 sleep_us=7700873 queue_ms=13
fps: 30.0
vis: 60.0
cpu: exceptions=5752 cacheResets=1 batches=81717 verts=1192722 texStalls=0 recompiles=928 underruns=7 overruns=0 sleep_us=7848678 queue_ms=8
fps: 29.0
mark: stop reason: chain guest VI limit
mark: stop_it requested
vis: 56.7
cpu: exceptions=5979 cacheResets=1 batches=86590 verts=1256655 texStalls=0 recompiles=932 underruns=8 overruns=0 sleep_us=7985206 queue_ms=7
audio: alist_resample_calls=16770 alist_resample_samples=2210760 alist_zoh_calls=0 alist_zoh_samples=0 musyx_subframes=0 musyx_voices=0 musyx_voice_peak=0
audio_stages: adpcm_calls=16496 adpcm_samples=2666016 envmix_calls=16204 envmix_samples=2162216 mix_calls=3500 mix_samples=1120000 musyx_fx_calls=0 musyx_fx_taps=0 output_calls=876 output_samples=467088
audio_envmix: exp_calls=16204 ge_calls=0 lin_calls=0 nead_calls=0 exp_steady=13261 ge_steady=0 lin_steady=0
audio_gaps: nead_mats=0 nead_efz=0 resample_flag2=0 musyx_ptr10=0
audio_output: stream_requests=3324 stream_fed=1621 input_hz=32006 playback_hz=32006 queue_peak_ms=110
vm_io: read_ahead=1 reads=0 hits=0 read_bytes=0 writes=0 write_bytes=0 errors=0
subsystem_time: stage=rsp_gfx calls=326 timed_calls=326 period=1 timed_us=1532006
subsystem_time: stage=rsp_audio calls=875 timed_calls=875 period=1 timed_us=433189
subsystem_time: stage=rsp_other calls=0 timed_calls=0 period=1 timed_us=0
subsystem_time: stage=lookup calls=4324182 timed_calls=34048 period=127 timed_us=4507
subsystem_time: stage=compile calls=932 timed_calls=932 period=1 timed_us=105299
subsystem_time: stage=dispatch calls=4319625 timed_calls=34012 period=127 timed_us=10146
subsystem_time: stage=execute_inclusive calls=4319625 timed_calls=34012 period=127 timed_us=81412
subsystem_time: stage=rom_copy calls=1548 timed_calls=1548 period=1 timed_us=24952
subsystem_time: stage=present calls=899 timed_calls=899 period=1 timed_us=18784
subsystem_time: stage=limiter calls=880 timed_calls=880 period=1 timed_us=7987853
subsystem_time: stage=vm_fault calls=0 timed_calls=0 period=1 timed_us=0
subsystem_time: stage=vm_victim calls=0 timed_calls=0 period=1 timed_us=0
subsystem_time: stage=vm_read calls=0 timed_calls=0 period=1 timed_us=0
subsystem_time: stage=vm_write calls=0 timed_calls=0 period=1 timed_us=0
subsystem_time: stage=tex_hash calls=29108 timed_calls=29108 period=1 timed_us=317796
subsystem_time: stage=tex_lookup calls=29108 timed_calls=29108 period=1 timed_us=5396
subsystem_time: stage=tex_load calls=37 timed_calls=37 period=1 timed_us=2237
subsystem_time: stage=tex_activate calls=29108 timed_calls=29108 period=1 timed_us=15682
subsystem_time: stage=draw_triangles calls=86590 timed_calls=86590 period=1 timed_us=202386
subsystem_time: stage=draw_rect calls=2010 timed_calls=2010 period=1 timed_us=15455
audio_time: stage=resample sampled_calls=132 sampled_samples=17512 sampled_us=743
audio_time: stage=zoh sampled_calls=0 sampled_samples=0 sampled_us=0
audio_time: stage=adpcm sampled_calls=129 sampled_samples=20528 sampled_us=845
audio_time: stage=envmix_exp sampled_calls=127 sampled_samples=16960 sampled_us=1274
audio_time: stage=envmix_ge sampled_calls=0 sampled_samples=0 sampled_us=0
audio_time: stage=envmix_lin sampled_calls=0 sampled_samples=0 sampled_us=0
audio_time: stage=envmix_nead sampled_calls=0 sampled_samples=0 sampled_us=0
audio_time: stage=mix sampled_calls=27 sampled_samples=8640 sampled_us=146
audio_time: stage=musyx_voice sampled_calls=0 sampled_samples=0 sampled_us=0
audio_time: stage=musyx_fx sampled_calls=0 sampled_samples=0 sampled_us=0
audio_time: stage=output sampled_calls=6 sampled_samples=3200 sampled_us=57
game: n=1/3 how=vis vis=900 vi_rate=60 vi0_retrace=318 wall_us=15204344 sleep_us=7985206 avg_vis=57.96 avg_fps=25.34 exceptions=5980 cacheResets=1 recompiles=932 batches=86590 verts=1256655 texStalls=0 treeDepthMax=14 underruns=8 overruns=0 queue_peak_ms=91 dsp_avg=1.55 dsp_peak=1.80 pmc1=5098562725 pmc2=5087572818 pmc3=0 pmc4=0 mmcr0=00000042 mmcr1=00000000 heap_used=10848936 heap_free=37896 arena1_free=561152 arena2_free=577472 flushes=3 flush_us=41441 padtrace=4 rom=sd:/wii64/roms/Super Mario 64.v64
=== chain 1/3 end vis=900 how=vis rom=sd:/wii64/roms/Super Mario 64.v64 ===
mark: pad replay records: 1
mark: loadROM: enter
mark: loadROM: before rom_read
mark: ROMCache_load: enter
mark: ROMCache_load: before first read
mark: ROMCache_load: first read returned
mark: ROMCache_load: byte_swap_type set
mark: ROMCache_load: first byte_swap done
menufps: 0.1
menufps: 8.5
menufps: 8.0
menufps: 8.1
menufps: 8.1
menufps: 8.3
menufps: 8.3
mark: ROMCache_load: loop exited normally
mark: ROMCache_load: elapsed_us=3767766 bytes=16777216 vm=0
mark: loadROM: after rom_read
mark: loadROM: before init_memory
mark: loadROM: after init_memory
mark: loadROM: before romOpen_gfx
mark: loadROM: after romOpen_gfx / before romOpen_audio
mark: loadROM: after romOpen_audio / before romOpen_input
mark: loadROM: after romOpen_input / before cpu_init
mark: loadROM: after cpu_init
menufps: 1.2
fps: 0.7
first_vi: vi0_retrace=1661
vis: 0.1
cpu: exceptions=0 cacheResets=0 batches=0 verts=0 texStalls=0 recompiles=0 underruns=0 overruns=0 sleep_us=0 queue_ms=0
mark: CPU core dispatch: dynarec
vis: 60.0
cpu: exceptions=37 cacheResets=1 batches=0 verts=0 texStalls=0 recompiles=138 underruns=0 overruns=0 sleep_us=52943 queue_ms=0
vis: 60.0
cpu: exceptions=67 cacheResets=1 batches=0 verts=0 texStalls=0 recompiles=138 underruns=0 overruns=0 sleep_us=395363 queue_ms=0
vis: 60.0
cpu: exceptions=368 cacheResets=1 batches=0 verts=0 texStalls=0 recompiles=390 underruns=0 overruns=0 sleep_us=692379 queue_ms=0
vis: 60.0
cpu: exceptions=570 cacheResets=1 batches=0 verts=0 texStalls=0 recompiles=668 underruns=1 overruns=0 sleep_us=1001282 queue_ms=4
fps: 0.4
vis: 60.0
cpu: exceptions=766 cacheResets=1 batches=44 verts=2262 texStalls=0 recompiles=1899 underruns=2 overruns=0 sleep_us=1174182 queue_ms=34
vis: 60.0
cpu: exceptions=919 cacheResets=1 batches=44 verts=2262 texStalls=0 recompiles=1913 underruns=2 overruns=0 sleep_us=1441956 queue_ms=39
fps: 1.3
vis: 60.0
cpu: exceptions=1111 cacheResets=1 batches=523 verts=18168 texStalls=0 recompiles=1998 underruns=2 overruns=0 sleep_us=1719209 queue_ms=43
fps: 30.0
vis: 60.0
cpu: exceptions=1290 cacheResets=1 batches=1367 verts=39522 texStalls=0 recompiles=2005 underruns=2 overruns=0 sleep_us=2008102 queue_ms=48
fps: 29.3
vis: 60.0
cpu: exceptions=1480 cacheResets=1 batches=2414 verts=62094 texStalls=0 recompiles=2008 underruns=2 overruns=0 sleep_us=2286586 queue_ms=39
fps: 30.0
vis: 60.0
cpu: exceptions=1657 cacheResets=1 batches=3477 verts=84762 texStalls=0 recompiles=2009 underruns=2 overruns=0 sleep_us=2566927 queue_ms=30
fps: 30.0
vis: 60.0
cpu: exceptions=1840 cacheResets=1 batches=4530 verts=107034 texStalls=0 recompiles=2011 underruns=2 overruns=0 sleep_us=2847377 queue_ms=34
fps: 30.0
vis: 60.0
cpu: exceptions=2031 cacheResets=1 batches=5594 verts=129078 texStalls=0 recompiles=2028 underruns=2 overruns=0 sleep_us=3123095 queue_ms=30
fps: 30.0
vis: 60.0
cpu: exceptions=2218 cacheResets=1 batches=6620 verts=150894 texStalls=0 recompiles=2028 underruns=2 overruns=0 sleep_us=3407656 queue_ms=35
fps: 30.0
vis: 60.0
cpu: exceptions=2399 cacheResets=1 batches=7874 verts=182286 texStalls=0 recompiles=2030 underruns=2 overruns=0 sleep_us=3661065 queue_ms=39
fps: 29.9
vis: 60.0
cpu: exceptions=2607 cacheResets=1 batches=9515 verts=221466 texStalls=0 recompiles=2035 underruns=2 overruns=0 sleep_us=3876802 queue_ms=30
fps: 30.0
vis: 60.0
cpu: exceptions=2786 cacheResets=1 batches=11160 verts=252474 texStalls=0 recompiles=2046 underruns=2 overruns=0 sleep_us=4108307 queue_ms=26
fps: 30.0
vis: 60.0
cpu: exceptions=2963 cacheResets=1 batches=12648 verts=277062 texStalls=0 recompiles=2062 underruns=2 overruns=0 sleep_us=4371620 queue_ms=31
fps: 30.0
vis: 60.0
cpu: exceptions=3134 cacheResets=1 batches=13893 verts=300192 texStalls=0 recompiles=2062 underruns=2 overruns=0 sleep_us=4654963 queue_ms=35
fps: 30.0
vis: 60.0
cpu: exceptions=3311 cacheResets=1 batches=14955 verts=322224 texStalls=0 recompiles=2063 underruns=2 overruns=0 sleep_us=4946731 queue_ms=40
fps: 30.0
vis: 60.0
cpu: exceptions=3496 cacheResets=1 batches=15990 verts=344094 texStalls=0 recompiles=2063 underruns=2 overruns=0 sleep_us=5232200 queue_ms=31
fps: 30.0
vis: 60.0
cpu: exceptions=3685 cacheResets=1 batches=17051 verts=367944 texStalls=0 recompiles=2063 underruns=2 overruns=0 sleep_us=5507608 queue_ms=27
fps: 29.9
vis: 60.0
cpu: exceptions=3873 cacheResets=1 batches=18373 verts=405216 texStalls=0 recompiles=2063 underruns=2 overruns=0 sleep_us=5752243 queue_ms=31
fps: 30.0
vis: 60.0
cpu: exceptions=4080 cacheResets=1 batches=19710 verts=442578 texStalls=0 recompiles=2071 underruns=2 overruns=0 sleep_us=5992581 queue_ms=36
fps: 29.9
vis: 60.0
cpu: exceptions=4276 cacheResets=1 batches=22471 verts=477696 texStalls=0 recompiles=2080 underruns=2 overruns=0 sleep_us=6200339 queue_ms=40
fps: 29.8
vis: 60.0
cpu: exceptions=4471 cacheResets=1 batches=27669 verts=520134 texStalls=0 recompiles=2080 underruns=2 overruns=0 sleep_us=6362481 queue_ms=31
fps: 30.0
vis: 60.0
cpu: exceptions=4657 cacheResets=1 batches=32960 verts=563130 texStalls=0 recompiles=2080 underruns=2 overruns=0 sleep_us=6529938 queue_ms=27
fps: 30.0
vis: 60.0
cpu: exceptions=4854 cacheResets=1 batches=37986 verts=604536 texStalls=0 recompiles=2082 underruns=2 overruns=0 sleep_us=6707619 queue_ms=32
fps: 30.0
vis: 60.0
cpu: exceptions=5048 cacheResets=1 batches=43113 verts=646548 texStalls=0 recompiles=2082 underruns=2 overruns=0 sleep_us=6883159 queue_ms=36
fps: 29.1
vis: 60.0
cpu: exceptions=5255 cacheResets=1 batches=48350 verts=691956 texStalls=0 recompiles=2082 underruns=2 overruns=0 sleep_us=7035612 queue_ms=14
fps: 30.1
mark: stop reason: chain guest VI limit
mark: stop_it requested
vis: 58.0
cpu: exceptions=5449 cacheResets=1 batches=52520 verts=741906 texStalls=0 recompiles=2083 underruns=2 overruns=0 sleep_us=7214600 queue_ms=10
audio: alist_resample_calls=7273 alist_resample_samples=1338232 alist_zoh_calls=0 alist_zoh_samples=0 musyx_subframes=0 musyx_voices=0 musyx_voice_peak=0
audio_stages: adpcm_calls=5684 adpcm_samples=629344 envmix_calls=5654 envmix_samples=1040336 mix_calls=32380 mix_samples=5957920 musyx_fx_calls=0 musyx_fx_taps=0 output_calls=405 output_samples=297160
audio_envmix: exp_calls=0 ge_calls=0 lin_calls=5654 nead_calls=0 exp_steady=0 ge_steady=0 lin_steady=5208
audio_gaps: nead_mats=0 nead_efz=0 resample_flag2=0 musyx_ptr10=0
audio_output: stream_requests=3354 stream_fed=1031 input_hz=21998 playback_hz=21998 queue_peak_ms=78
vm_io: read_ahead=1 reads=0 hits=0 read_bytes=0 writes=0 write_bytes=0 errors=0
subsystem_time: stage=rsp_gfx calls=358 timed_calls=358 period=1 timed_us=1414780
subsystem_time: stage=rsp_audio calls=406 timed_calls=406 period=1 timed_us=306490
subsystem_time: stage=rsp_other calls=0 timed_calls=0 period=1 timed_us=0
subsystem_time: stage=lookup calls=4415552 timed_calls=34768 period=127 timed_us=5508
subsystem_time: stage=compile calls=2083 timed_calls=2083 period=1 timed_us=177133
subsystem_time: stage=dispatch calls=4132111 timed_calls=32536 period=127 timed_us=11406
subsystem_time: stage=execute_inclusive calls=4132111 timed_calls=32536 period=127 timed_us=70038
subsystem_time: stage=rom_copy calls=640 timed_calls=640 period=1 timed_us=14356
subsystem_time: stage=present calls=899 timed_calls=899 period=1 timed_us=60901
subsystem_time: stage=limiter calls=860 timed_calls=860 period=1 timed_us=7217409
subsystem_time: stage=vm_fault calls=0 timed_calls=0 period=1 timed_us=0
subsystem_time: stage=vm_victim calls=0 timed_calls=0 period=1 timed_us=0
subsystem_time: stage=vm_read calls=0 timed_calls=0 period=1 timed_us=0
subsystem_time: stage=vm_write calls=0 timed_calls=0 period=1 timed_us=0
subsystem_time: stage=tex_hash calls=48848 timed_calls=48848 period=1 timed_us=440559
subsystem_time: stage=tex_lookup calls=48848 timed_calls=48848 period=1 timed_us=7955
subsystem_time: stage=tex_load calls=28 timed_calls=28 period=1 timed_us=1994
subsystem_time: stage=tex_activate calls=48848 timed_calls=48848 period=1 timed_us=28513
subsystem_time: stage=draw_triangles calls=52520 timed_calls=52520 period=1 timed_us=189861
subsystem_time: stage=draw_rect calls=0 timed_calls=0 period=1 timed_us=0
audio_time: stage=resample sampled_calls=57 sampled_samples=10488 sampled_us=422
audio_time: stage=zoh sampled_calls=0 sampled_samples=0 sampled_us=0
audio_time: stage=adpcm sampled_calls=44 sampled_samples=4752 sampled_us=206
audio_time: stage=envmix_exp sampled_calls=0 sampled_samples=0 sampled_us=0
audio_time: stage=envmix_ge sampled_calls=0 sampled_samples=0 sampled_us=0
audio_time: stage=envmix_lin sampled_calls=44 sampled_samples=8096 sampled_us=691
audio_time: stage=envmix_nead sampled_calls=0 sampled_samples=0 sampled_us=0
audio_time: stage=mix sampled_calls=254 sampled_samples=46736 sampled_us=788
audio_time: stage=musyx_voice sampled_calls=0 sampled_samples=0 sampled_us=0
audio_time: stage=musyx_fx sampled_calls=0 sampled_samples=0 sampled_us=0
audio_time: stage=output sampled_calls=3 sampled_samples=2208 sampled_us=38
game: n=2/3 how=vis vis=900 vi_rate=60 vi0_retrace=1661 wall_us=15174926 sleep_us=7214600 avg_vis=58.00 avg_fps=26.56 exceptions=5450 cacheResets=1 recompiles=2083 batches=52520 verts=741906 texStalls=0 treeDepthMax=31 underruns=2 overruns=0 queue_peak_ms=48 dsp_avg=1.35 dsp_peak=1.60 pmc1=5559721196 pmc2=5311607085 pmc3=0 pmc4=0 mmcr0=00000042 mmcr1=00000000 heap_used=10926056 heap_free=34504 arena1_free=487424 arena2_free=577472 flushes=4 flush_us=43603 padtrace=0 rom=sd:/wii64/roms/Banjo-Kazooie.V64
=== chain 2/3 end vis=900 how=vis rom=sd:/wii64/roms/Banjo-Kazooie.V64 ===
mark: pad replay records: 1
mark: loadROM: enter
mark: loadROM: before rom_read
mark: ROMCache_load: enter
mark: ROMCache_load: before first read
mark: ROMCache_load: first read returned
mark: ROMCache_load: byte_swap_type set
mark: ROMCache_load: first byte_swap done
menufps: 0.1
menufps: 8.4
menufps: 8.3
menufps: 8.3
menufps: 7.7
menufps: 8.3
menufps: 8.3
mark: ROMCache_load: loop exited normally
mark: ROMCache_load: elapsed_us=3750861 bytes=16777216 vm=0
mark: loadROM: after rom_read
mark: loadROM: before init_memory
mark: loadROM: after init_memory
mark: loadROM: before romOpen_gfx
mark: loadROM: after romOpen_gfx / before romOpen_audio
mark: loadROM: after romOpen_audio / before romOpen_input
mark: loadROM: after romOpen_input / before cpu_init
mark: loadROM: after cpu_init
menufps: 1.2
fps: 0.4
first_vi: vi0_retrace=3002
vis: 0.1
cpu: exceptions=0 cacheResets=0 batches=0 verts=0 texStalls=0 recompiles=0 underruns=0 overruns=0 sleep_us=0 queue_ms=0
mark: CPU core dispatch: dynarec
vis: 60.0
cpu: exceptions=1472 cacheResets=1 batches=0 verts=0 texStalls=0 recompiles=421 underruns=0 overruns=0 sleep_us=137147 queue_ms=157
fps: 3.1
vis: 60.0
cpu: exceptions=2356 cacheResets=1 batches=0 verts=0 texStalls=0 recompiles=425 underruns=0 overruns=0 sleep_us=508951 queue_ms=151
fps: 60.6
vis: 60.0
cpu: exceptions=2626 cacheResets=1 batches=0 verts=0 texStalls=0 recompiles=425 underruns=0 overruns=0 sleep_us=935968 queue_ms=147
fps: 60.0
vis: 60.0
cpu: exceptions=2919 cacheResets=1 batches=0 verts=0 texStalls=0 recompiles=468 underruns=0 overruns=0 sleep_us=1349687 queue_ms=153
vis: 60.0
cpu: exceptions=3299 cacheResets=1 batches=0 verts=0 texStalls=0 recompiles=468 underruns=0 overruns=0 sleep_us=1707768 queue_ms=148
fps: 14.9
vis: 55.9
cpu: exceptions=3638 cacheResets=1 batches=2160 verts=57624 texStalls=0 recompiles=742 underruns=0 overruns=0 sleep_us=1899600 queue_ms=121
fps: 60.0
vis: 60.0
cpu: exceptions=3928 cacheResets=1 batches=8940 verts=235104 texStalls=0 recompiles=763 underruns=0 overruns=0 sleep_us=1993962 queue_ms=117
fps: 60.0
vis: 60.0
cpu: exceptions=4224 cacheResets=1 batches=15711 verts=412530 texStalls=0 recompiles=771 underruns=0 overruns=0 sleep_us=2091166 queue_ms=121
fps: 60.0
vis: 60.0
cpu: exceptions=4523 cacheResets=1 batches=22461 verts=589830 texStalls=0 recompiles=775 underruns=0 overruns=0 sleep_us=2188028 queue_ms=119
fps: 60.0
vis: 60.0
cpu: exceptions=4814 cacheResets=1 batches=29211 verts=767130 texStalls=0 recompiles=775 underruns=0 overruns=0 sleep_us=2288054 queue_ms=114
fps: 60.0
vis: 60.0
cpu: exceptions=5102 cacheResets=1 batches=35961 verts=944430 texStalls=0 recompiles=775 underruns=0 overruns=0 sleep_us=2390224 queue_ms=120
fps: 60.0
vis: 60.0
cpu: exceptions=5397 cacheResets=1 batches=42711 verts=1121730 texStalls=0 recompiles=775 underruns=0 overruns=0 sleep_us=2489160 queue_ms=115
fps: 60.0
vis: 60.0
cpu: exceptions=5683 cacheResets=1 batches=49461 verts=1299030 texStalls=0 recompiles=777 underruns=0 overruns=0 sleep_us=2591635 queue_ms=122
fps: 60.0
vis: 60.0
cpu: exceptions=5977 cacheResets=1 batches=56211 verts=1476330 texStalls=0 recompiles=777 underruns=0 overruns=0 sleep_us=2686092 queue_ms=117
fps: 60.0
vis: 60.0
cpu: exceptions=6275 cacheResets=1 batches=62961 verts=1653630 texStalls=0 recompiles=777 underruns=0 overruns=0 sleep_us=2778538 queue_ms=123
fps: 60.0
vis: 60.0
cpu: exceptions=6570 cacheResets=1 batches=69711 verts=1830930 texStalls=0 recompiles=777 underruns=0 overruns=0 sleep_us=2871508 queue_ms=119
fps: 60.0
vis: 60.0
cpu: exceptions=6868 cacheResets=1 batches=76461 verts=2008230 texStalls=0 recompiles=777 underruns=0 overruns=0 sleep_us=2961424 queue_ms=115
fps: 58.8
vis: 60.0
cpu: exceptions=7160 cacheResets=1 batches=83211 verts=2185530 texStalls=0 recompiles=777 underruns=0 overruns=0 sleep_us=3053450 queue_ms=112
fps: 60.0
vis: 60.0
cpu: exceptions=7452 cacheResets=1 batches=89961 verts=2362830 texStalls=0 recompiles=777 underruns=0 overruns=0 sleep_us=3148002 queue_ms=107
fps: 60.0
vis: 60.0
cpu: exceptions=7741 cacheResets=1 batches=96711 verts=2540130 texStalls=0 recompiles=777 underruns=0 overruns=0 sleep_us=3244192 queue_ms=104
fps: 60.0
vis: 60.0
cpu: exceptions=8031 cacheResets=1 batches=103461 verts=2717430 texStalls=0 recompiles=777 underruns=0 overruns=0 sleep_us=3343886 queue_ms=109
fps: 59.9
vis: 60.0
cpu: exceptions=8328 cacheResets=1 batches=110211 verts=2894730 texStalls=0 recompiles=777 underruns=0 overruns=0 sleep_us=3436872 queue_ms=106
fps: 60.0
vis: 60.0
cpu: exceptions=8622 cacheResets=1 batches=116961 verts=3072030 texStalls=0 recompiles=777 underruns=0 overruns=0 sleep_us=3517667 queue_ms=110
vis: 60.0
cpu: exceptions=8985 cacheResets=1 batches=124836 verts=3278880 texStalls=0 recompiles=777 underruns=0 overruns=0 sleep_us=3595756 queue_ms=109
fps: 60.3
vis: 60.0
cpu: exceptions=9303 cacheResets=1 batches=131586 verts=3456180 texStalls=0 recompiles=777 underruns=0 overruns=0 sleep_us=3660842 queue_ms=115
fps: 60.0
vis: 60.0
cpu: exceptions=9622 cacheResets=1 batches=138336 verts=3633480 texStalls=0 recompiles=777 underruns=0 overruns=0 sleep_us=3728329 queue_ms=111
fps: 60.0
vis: 60.0
cpu: exceptions=9935 cacheResets=1 batches=145086 verts=3810780 texStalls=0 recompiles=777 underruns=0 overruns=0 sleep_us=3797564 queue_ms=116
fps: 60.0
vis: 60.0
cpu: exceptions=10243 cacheResets=1 batches=151838 verts=3988080 texStalls=0 recompiles=777 underruns=0 overruns=0 sleep_us=3869572 queue_ms=113
fps: 60.0
vis: 60.0
cpu: exceptions=10556 cacheResets=1 batches=159358 verts=4190163 texStalls=0 recompiles=777 underruns=0 overruns=0 sleep_us=3920871 queue_ms=108
fps: 59.8
mark: stop reason: chain guest VI limit
mark: stop_it requested
audio: alist_resample_calls=10077 alist_resample_samples=1250096 alist_zoh_calls=0 alist_zoh_samples=0 musyx_subframes=0 musyx_voices=0 musyx_voice_peak=0
audio_stages: adpcm_calls=9759 adpcm_samples=1154016 envmix_calls=10077 envmix_samples=1250096 mix_calls=79024 mix_samples=10544864 musyx_fx_calls=0 musyx_fx_taps=0 output_calls=897 output_samples=478768
audio_envmix: exp_calls=10077 ge_calls=0 lin_calls=0 nead_calls=0 exp_steady=5510 ge_steady=0 lin_steady=0
audio_gaps: nead_mats=0 nead_efz=0 resample_flag2=0 musyx_ptr10=0
audio_output: stream_requests=3318 stream_fed=1653 input_hz=32006 playback_hz=32006 queue_peak_ms=176
vm_io: read_ahead=1 reads=0 hits=0 read_bytes=0 writes=0 write_bytes=0 errors=0
subsystem_time: stage=rsp_gfx calls=810 timed_calls=810 period=1 timed_us=5477495
subsystem_time: stage=rsp_audio calls=898 timed_calls=898 period=1 timed_us=593546
subsystem_time: stage=rsp_other calls=0 timed_calls=0 period=1 timed_us=0
subsystem_time: stage=lookup calls=3610024 timed_calls=28425 period=127 timed_us=3803
subsystem_time: stage=compile calls=777 timed_calls=777 period=1 timed_us=106059
subsystem_time: stage=dispatch calls=3517125 timed_calls=27693 period=127 timed_us=8318
subsystem_time: stage=execute_inclusive calls=3517125 timed_calls=27693 period=127 timed_us=114637
subsystem_time: stage=rom_copy calls=1024 timed_calls=1024 period=1 timed_us=14763
subsystem_time: stage=present calls=899 timed_calls=899 period=1 timed_us=42406
subsystem_time: stage=limiter calls=871 timed_calls=871 period=1 timed_us=3938160
subsystem_time: stage=vm_fault calls=0 timed_calls=0 period=1 timed_us=0
subsystem_time: stage=vm_victim calls=0 timed_calls=0 period=1 timed_us=0
subsystem_time: stage=vm_read calls=0 timed_calls=0 period=1 timed_us=0
subsystem_time: stage=vm_write calls=0 timed_calls=0 period=1 timed_us=0
subsystem_time: stage=tex_hash calls=147492 timed_calls=147492 period=1 timed_us=1156861
subsystem_time: stage=tex_lookup calls=147492 timed_calls=147492 period=1 timed_us=41000
subsystem_time: stage=tex_load calls=136 timed_calls=136 period=1 timed_us=18848
subsystem_time: stage=tex_activate calls=147492 timed_calls=147492 period=1 timed_us=98532
subsystem_time: stage=draw_triangles calls=167028 timed_calls=167028 period=1 timed_us=635714
subsystem_time: stage=draw_rect calls=5440 timed_calls=5440 period=1 timed_us=136860
audio_time: stage=resample sampled_calls=79 sampled_samples=10240 sampled_us=436
audio_time: stage=zoh sampled_calls=0 sampled_samples=0 sampled_us=0
audio_time: stage=adpcm sampled_calls=76 sampled_samples=8016 sampled_us=363
audio_time: stage=envmix_exp sampled_calls=79 sampled_samples=10240 sampled_us=1199
audio_time: stage=envmix_ge sampled_calls=0 sampled_samples=0 sampled_us=0
audio_time: stage=envmix_lin sampled_calls=0 sampled_samples=0 sampled_us=0
audio_time: stage=envmix_nead sampled_calls=0 sampled_samples=0 sampled_us=0
audio_time: stage=mix sampled_calls=622 sampled_samples=83008 sampled_us=1370
audio_time: stage=musyx_voice sampled_calls=0 sampled_samples=0 sampled_us=0
audio_time: stage=musyx_fx sampled_calls=0 sampled_samples=0 sampled_us=0
audio_time: stage=output sampled_calls=7 sampled_samples=3712 sampled_us=68
game: n=3/3 how=vis vis=900 vi_rate=60 vi0_retrace=3002 wall_us=15219564 sleep_us=3935292 avg_vis=57.87 avg_fps=54.21 exceptions=10824 cacheResets=1 recompiles=777 batches=167028 verts=4402401 texStalls=0 treeDepthMax=12 underruns=0 overruns=0 queue_peak_ms=157 dsp_avg=1.57 dsp_peak=1.90 pmc1=8064896479 pmc2=8017313114 pmc3=0 pmc4=0 mmcr0=00000042 mmcr1=00000000 heap_used=10838280 heap_free=159144 arena1_free=450560 arena2_free=577472 flushes=3 flush_us=35615 padtrace=0 rom=sd:/wii64/roms/Pokemon Snap.rom
=== chain 3/3 end vis=900 how=vis rom=sd:/wii64/roms/Pokemon Snap.rom ===
