--- wii64 perf log ---
mark: diag received dynacore line
mark: diag requested core: dynarec
mark: pad replay records: 1
selftest:
  raw[0]=51281032794935194
  raw[1]=51281032794935195
  raw[2]=51281032794935208
  raw[3]=51281032794935221
  raw[4]=51281032794935233
  delta[0]=0us
  delta[1]=0us
  delta[2]=0us
  delta[3]=0us
mark: audio quality: accurate
mark: audio modes: n64=0 output=0 mixer=0 latency=2 sync=0
mark: diag applied core: dynarec
mark: HBC agent ready
mark: loadROM: enter
mark: loadROM: before rom_read
mark: ROMCache_load: enter
mark: ROMCache_load: before first read
mark: ROMCache_load: first read returned
mark: ROMCache_load: byte_swap_type set
mark: ROMCache_load: first byte_swap done
mark: ROMCache_load: loop exited normally
mark: ROMCache_load: elapsed_us=382625 bytes=12582912 vm=0
mark: loadROM: after rom_read
mark: loadROM: before init_memory
mark: loadROM: after init_memory
mark: loadROM: before romOpen_gfx
mark: loadROM: after romOpen_gfx / before romOpen_audio
mark: loadROM: after romOpen_audio / before romOpen_input
mark: loadROM: after romOpen_input / before cpu_init
mark: loadROM: after cpu_init
menufps: 7.5
fps: 0.0
first_vi: vi0_retrace=209
vis: 0.0
cpu: exceptions=0 cacheResets=0 batches=0 verts=0 texStalls=0 recompiles=0 underruns=0 overruns=0 sleep_us=0 queue_ms=0
mark: CPU core dispatch: dynarec
vis: 53.1
cpu: exceptions=83 cacheResets=1 batches=0 verts=0 texStalls=0 recompiles=254 underruns=0 overruns=0 sleep_us=0 queue_ms=0
vis: 60.0
cpu: exceptions=250 cacheResets=1 batches=0 verts=0 texStalls=0 recompiles=466 underruns=1 overruns=0 sleep_us=112198 queue_ms=24
fps: 0.8
vis: 60.0
cpu: exceptions=406 cacheResets=1 batches=0 verts=0 texStalls=0 recompiles=675 underruns=2 overruns=0 sleep_us=349404 queue_ms=40
vis: 60.0
cpu: exceptions=672 cacheResets=1 batches=0 verts=0 texStalls=0 recompiles=675 underruns=2 overruns=0 sleep_us=809214 queue_ms=33
vis: 60.0
cpu: exceptions=902 cacheResets=1 batches=0 verts=0 texStalls=0 recompiles=677 underruns=2 overruns=0 sleep_us=1269556 queue_ms=36
vis: 60.0
cpu: exceptions=1133 cacheResets=1 batches=0 verts=0 texStalls=0 recompiles=677 underruns=2 overruns=0 sleep_us=1730053 queue_ms=42
vis: 60.0
cpu: exceptions=1342 cacheResets=1 batches=0 verts=0 texStalls=0 recompiles=685 underruns=2 overruns=0 sleep_us=2191070 queue_ms=44
vis: 60.0
cpu: exceptions=1573 cacheResets=1 batches=0 verts=0 texStalls=0 recompiles=685 underruns=2 overruns=0 sleep_us=2651892 queue_ms=37
fps: 1.4
vis: 60.0
cpu: exceptions=1733 cacheResets=1 batches=312 verts=936 texStalls=0 recompiles=713 underruns=2 overruns=0 sleep_us=2974605 queue_ms=40
fps: 60.3
vis: 60.0
cpu: exceptions=1883 cacheResets=1 batches=672 verts=2016 texStalls=0 recompiles=713 underruns=2 overruns=0 sleep_us=3289679 queue_ms=46
fps: 60.0
vis: 60.0
cpu: exceptions=2060 cacheResets=1 batches=3446 verts=36078 texStalls=0 recompiles=796 underruns=2 overruns=0 sleep_us=3610042 queue_ms=46
vis: 60.0
cpu: exceptions=2236 cacheResets=1 batches=10586 verts=127698 texStalls=0 recompiles=796 underruns=2 overruns=0 sleep_us=3950244 queue_ms=37
fps: 59.8
vis: 60.0
cpu: exceptions=2425 cacheResets=1 batches=17726 verts=219318 texStalls=0 recompiles=809 underruns=2 overruns=0 sleep_us=4266013 queue_ms=42
fps: 60.0
vis: 60.0
cpu: exceptions=2601 cacheResets=1 batches=24866 verts=310938 texStalls=0 recompiles=809 underruns=2 overruns=0 sleep_us=4583190 queue_ms=46
fps: 60.4
vis: 60.0
cpu: exceptions=2806 cacheResets=1 batches=32006 verts=402558 texStalls=0 recompiles=812 underruns=2 overruns=0 sleep_us=4900664 queue_ms=32
fps: 60.0
vis: 60.0
cpu: exceptions=2984 cacheResets=1 batches=39146 verts=494178 texStalls=0 recompiles=812 underruns=2 overruns=0 sleep_us=5215261 queue_ms=38
fps: 60.0
vis: 60.0
cpu: exceptions=3156 cacheResets=1 batches=46286 verts=585798 texStalls=0 recompiles=813 underruns=2 overruns=0 sleep_us=5535947 queue_ms=41
fps: 60.0
vis: 60.0
cpu: exceptions=3339 cacheResets=1 batches=53426 verts=677418 texStalls=0 recompiles=813 underruns=2 overruns=0 sleep_us=5851483 queue_ms=34
fps: 60.0
vis: 60.0
cpu: exceptions=3539 cacheResets=1 batches=60566 verts=769038 texStalls=0 recompiles=813 underruns=2 overruns=0 sleep_us=6164236 queue_ms=34
fps: 59.9
vis: 60.0
cpu: exceptions=3705 cacheResets=1 batches=67706 verts=860658 texStalls=0 recompiles=813 underruns=2 overruns=0 sleep_us=6486354 queue_ms=38
fps: 60.0
vis: 60.0
cpu: exceptions=3879 cacheResets=1 batches=74846 verts=952278 texStalls=0 recompiles=813 underruns=2 overruns=0 sleep_us=6802520 queue_ms=42
fps: 60.0
vis: 60.0
cpu: exceptions=4052 cacheResets=1 batches=81986 verts=1043898 texStalls=0 recompiles=813 underruns=2 overruns=0 sleep_us=7115334 queue_ms=34
fps: 60.0
vis: 60.0
cpu: exceptions=4248 cacheResets=1 batches=89126 verts=1135518 texStalls=0 recompiles=813 underruns=2 overruns=0 sleep_us=7436228 queue_ms=33
fps: 60.0
vis: 60.0
cpu: exceptions=4421 cacheResets=1 batches=96266 verts=1227138 texStalls=0 recompiles=813 underruns=2 overruns=0 sleep_us=7748979 queue_ms=39
fps: 60.0
vis: 60.0
cpu: exceptions=4592 cacheResets=1 batches=103406 verts=1318758 texStalls=0 recompiles=813 underruns=2 overruns=0 sleep_us=8065332 queue_ms=42
fps: 60.0
vis: 60.0
cpu: exceptions=4760 cacheResets=1 batches=110546 verts=1410378 texStalls=0 recompiles=813 underruns=2 overruns=0 sleep_us=8386589 queue_ms=34
fps: 60.0
vis: 60.0
cpu: exceptions=4960 cacheResets=1 batches=117686 verts=1501998 texStalls=0 recompiles=813 underruns=2 overruns=0 sleep_us=8698944 queue_ms=34
fps: 60.0
vis: 60.0
cpu: exceptions=5135 cacheResets=1 batches=119276 verts=1531902 texStalls=0 recompiles=835 underruns=2 overruns=0 sleep_us=9061596 queue_ms=39
fps: 59.8
vis: 60.0
cpu: exceptions=5324 cacheResets=1 batches=120146 verts=1556022 texStalls=0 recompiles=836 underruns=2 overruns=0 sleep_us=9435392 queue_ms=30
fps: 59.9
vis: 60.0
cpu: exceptions=5529 cacheResets=1 batches=121016 verts=1580142 texStalls=0 recompiles=837 underruns=2 overruns=0 sleep_us=9795305 queue_ms=34
mark: stop reason: chain guest VI limit
mark: stop_it requested
audio: alist_resample_calls=18199 alist_resample_samples=2623744 alist_zoh_calls=0 alist_zoh_samples=0 musyx_subframes=0 musyx_voices=0 musyx_voice_peak=0
audio_stages: adpcm_calls=15527 adpcm_samples=620464 envmix_calls=16034 envmix_samples=2305456 mix_calls=41135 mix_samples=6047472 musyx_fx_calls=0 musyx_fx_taps=0 output_calls=433 output_samples=318288
audio_envmix: exp_calls=0 ge_calls=16034 lin_calls=0 nead_calls=0 exp_steady=0 ge_steady=14219 lin_steady=0
audio_gaps: nead_mats=0 nead_efz=0 resample_flag2=0 musyx_ptr10=0
audio_output: stream_requests=2944 stream_fed=1103 input_hz=22047 playback_hz=22047 queue_peak_ms=67
vm_io: read_ahead=1 reads=0 hits=0 read_bytes=0 writes=0 write_bytes=0 errors=0
subsystem_time: stage=rsp_gfx calls=660 timed_calls=660 period=1 timed_us=1290063
subsystem_time: stage=rsp_audio calls=433 timed_calls=433 period=1 timed_us=949560
subsystem_time: stage=rsp_other calls=0 timed_calls=0 period=1 timed_us=0
subsystem_time: stage=lookup calls=1656759 timed_calls=13045 period=127 timed_us=1093
subsystem_time: stage=compile calls=837 timed_calls=837 period=1 timed_us=115915
subsystem_time: stage=dispatch calls=1558193 timed_calls=12269 period=127 timed_us=6354
subsystem_time: stage=execute_inclusive calls=1558193 timed_calls=12269 period=127 timed_us=88526
subsystem_time: stage=rom_copy calls=620 timed_calls=620 period=1 timed_us=2400
subsystem_time: stage=present calls=899 timed_calls=899 period=1 timed_us=13972
subsystem_time: stage=limiter calls=861 timed_calls=861 period=1 timed_us=9818458
subsystem_time: stage=vm_fault calls=0 timed_calls=0 period=1 timed_us=0
subsystem_time: stage=vm_victim calls=0 timed_calls=0 period=1 timed_us=0
subsystem_time: stage=vm_read calls=0 timed_calls=0 period=1 timed_us=0
subsystem_time: stage=vm_write calls=0 timed_calls=0 period=1 timed_us=0
subsystem_time: stage=tex_hash calls=29691 timed_calls=29691 period=1 timed_us=127852
subsystem_time: stage=tex_lookup calls=29691 timed_calls=29691 period=1 timed_us=6325
subsystem_time: stage=tex_load calls=69 timed_calls=69 period=1 timed_us=2149
subsystem_time: stage=tex_activate calls=29691 timed_calls=29691 period=1 timed_us=8298
subsystem_time: stage=draw_triangles calls=121074 timed_calls=121074 period=1 timed_us=253010
subsystem_time: stage=draw_rect calls=17457 timed_calls=17457 period=1 timed_us=111986
subsystem_time: stage=gfx_list calls=660 timed_calls=660 period=1 timed_us=1289902
subsystem_time: stage=gfx_command calls=653190 timed_calls=5143 period=127 timed_us=9721
subsystem_time: stage=vertex calls=712209 timed_calls=5607 period=127 timed_us=1996
subsystem_time: stage=gfx_state calls=32799 timed_calls=258 period=127 timed_us=1590
subsystem_time: stage=gx_wait calls=0 timed_calls=0 period=1 timed_us=0
subsystem_time: stage=dma_pi calls=620 timed_calls=620 period=1 timed_us=65638
subsystem_time: stage=dma_sp calls=2186 timed_calls=2186 period=1 timed_us=700
subsystem_time: stage=dma_si calls=1681 timed_calls=1681 period=1 timed_us=16086
subsystem_time: stage=tlb_translate calls=2212139 timed_calls=17418 period=127 timed_us=1053
subsystem_time: stage=pif calls=1682 timed_calls=1682 period=1 timed_us=15823
subsystem_time: stage=input calls=2972 timed_calls=2972 period=1 timed_us=14535
subsystem_time: stage=guest_interrupt calls=7044 timed_calls=7044 period=1 timed_us=9838749
subsystem_time: stage=interpreter_inclusive calls=0 timed_calls=0 period=1 timed_us=0
subsystem_time: stage=audio_submit calls=433 timed_calls=433 period=1 timed_us=1493
subsystem_time: stage=audio_callback calls=8954 timed_calls=8954 period=1 timed_us=1772
subsystem_time: stage=memory_slow calls=997479 timed_calls=7854 period=127 timed_us=12924
subsystem_time: stage=jit_invalidate calls=5505884 timed_calls=43353 period=127 timed_us=1677
audio_time: stage=resample sampled_calls=143 sampled_samples=20368 sampled_us=1731
audio_time: stage=zoh sampled_calls=0 sampled_samples=0 sampled_us=0
audio_time: stage=adpcm sampled_calls=122 sampled_samples=4912 sampled_us=389
audio_time: stage=envmix_exp sampled_calls=0 sampled_samples=0 sampled_us=0
audio_time: stage=envmix_ge sampled_calls=126 sampled_samples=18352 sampled_us=2769
audio_time: stage=envmix_lin sampled_calls=0 sampled_samples=0 sampled_us=0
audio_time: stage=envmix_nead sampled_calls=0 sampled_samples=0 sampled_us=0
audio_time: stage=mix sampled_calls=323 sampled_samples=47968 sampled_us=1015
audio_time: stage=musyx_voice sampled_calls=0 sampled_samples=0 sampled_us=0
audio_time: stage=musyx_fx sampled_calls=0 sampled_samples=0 sampled_us=0
audio_time: stage=output sampled_calls=3 sampled_samples=2192 sampled_us=9
game: n=1/6 how=vis vis=900 vi_rate=60 vi0_retrace=209 wall_us=15066492 sleep_us=9817239 avg_vis=57.84 avg_fps=52.27 exceptions=5544 cacheResets=1 recompiles=837 batches=121074 verts=1581750 texStalls=0 treeDepthMax=15 underruns=2 overruns=0 queue_peak_ms=46 dsp_avg=3.60 dsp_peak=4.75 pmc1=10980149674 pmc2=0 pmc3=0 pmc4=0 mmcr0=00000042 mmcr1=00000000 heap_used=10842872 heap_free=37576 arena1_free=569344 arena2_free=577472 flushes=3 flush_us=2169 padtrace=4 rom=sd:/wii64/roms/GoldenEye 007 (USA).z64
=== chain 1/6 end vis=900 how=vis rom=sd:/wii64/roms/GoldenEye 007 (USA).z64 ===
mark: pad replay records: 1
mark: loadROM: enter
mark: loadROM: before rom_read
mark: ROMCache_load: enter
mark: ROMCache_load: before first read
mark: ROMCache_load: first read returned
mark: ROMCache_load: byte_swap_type set
mark: ROMCache_load: first byte_swap done
menufps: 0.1
mark: ROMCache_load: loop exited normally
mark: ROMCache_load: elapsed_us=379272 bytes=12582912 vm=0
mark: loadROM: after rom_read
mark: loadROM: before init_memory
mark: loadROM: after init_memory
mark: loadROM: before romOpen_gfx
mark: loadROM: after romOpen_gfx / before romOpen_audio
mark: loadROM: after romOpen_audio / before romOpen_input
mark: loadROM: after romOpen_input / before cpu_init
mark: loadROM: after cpu_init
menufps: 7.2
fps: 7.5
first_vi: vi0_retrace=1321
vis: 0.8
cpu: exceptions=0 cacheResets=0 batches=0 verts=0 texStalls=0 recompiles=0 underruns=0 overruns=0 sleep_us=0 queue_ms=0
mark: CPU core dispatch: dynarec
vis: 60.0
cpu: exceptions=923 cacheResets=1 batches=0 verts=0 texStalls=0 recompiles=326 underruns=0 overruns=0 sleep_us=157100 queue_ms=125
fps: 1.8
vis: 60.0
cpu: exceptions=1661 cacheResets=1 batches=0 verts=0 texStalls=0 recompiles=533 underruns=0 overruns=0 sleep_us=439265 queue_ms=129
fps: 12.1
vis: 60.0
cpu: exceptions=1965 cacheResets=1 batches=40 verts=960 texStalls=0 recompiles=682 underruns=0 overruns=0 sleep_us=741142 queue_ms=134
vis: 60.0
cpu: exceptions=2841 cacheResets=1 batches=70 verts=1680 texStalls=0 recompiles=691 underruns=0 overruns=0 sleep_us=1063532 queue_ms=125
fps: 18.7
vis: 60.0
cpu: exceptions=2946 cacheResets=1 batches=145 verts=3480 texStalls=0 recompiles=691 underruns=0 overruns=0 sleep_us=1500457 queue_ms=129
fps: 30.0
vis: 60.0
cpu: exceptions=3054 cacheResets=1 batches=225 verts=5400 texStalls=0 recompiles=691 underruns=0 overruns=0 sleep_us=1935877 queue_ms=134
fps: 31.1
vis: 60.0
cpu: exceptions=3159 cacheResets=1 batches=300 verts=7200 texStalls=0 recompiles=691 underruns=0 overruns=0 sleep_us=2372937 queue_ms=138
fps: 30.0
vis: 60.0
cpu: exceptions=3264 cacheResets=1 batches=375 verts=9000 texStalls=0 recompiles=696 underruns=0 overruns=0 sleep_us=2814647 queue_ms=129
vis: 60.0
cpu: exceptions=3608 cacheResets=1 batches=380 verts=9120 texStalls=0 recompiles=764 underruns=0 overruns=0 sleep_us=3018375 queue_ms=134
fps: 12.1
vis: 60.0
cpu: exceptions=3922 cacheResets=1 batches=759 verts=17781 texStalls=0 recompiles=889 underruns=0 overruns=0 sleep_us=3271844 queue_ms=138
fps: 29.8
vis: 60.0
cpu: exceptions=4039 cacheResets=1 batches=1743 verts=38949 texStalls=0 recompiles=904 underruns=0 overruns=0 sleep_us=3631307 queue_ms=129
fps: 31.2
vis: 60.0
cpu: exceptions=4175 cacheResets=1 batches=2680 verts=58968 texStalls=0 recompiles=906 underruns=0 overruns=0 sleep_us=3988853 queue_ms=134
fps: 30.0
vis: 60.0
cpu: exceptions=4296 cacheResets=1 batches=3610 verts=78903 texStalls=0 recompiles=918 underruns=0 overruns=0 sleep_us=4339411 queue_ms=138
fps: 30.0
vis: 60.0
cpu: exceptions=4414 cacheResets=1 batches=4540 verts=98838 texStalls=0 recompiles=918 underruns=0 overruns=0 sleep_us=4693594 queue_ms=129
fps: 30.0
vis: 60.0
cpu: exceptions=4531 cacheResets=1 batches=5470 verts=118773 texStalls=0 recompiles=924 underruns=0 overruns=0 sleep_us=5048581 queue_ms=134
fps: 30.0
vis: 60.0
cpu: exceptions=4649 cacheResets=1 batches=6400 verts=138708 texStalls=0 recompiles=924 underruns=0 overruns=0 sleep_us=5406846 queue_ms=138
fps: 30.0
vis: 60.0
cpu: exceptions=4762 cacheResets=1 batches=7330 verts=158643 texStalls=0 recompiles=925 underruns=0 overruns=0 sleep_us=5771652 queue_ms=142
fps: 30.0
vis: 60.0
cpu: exceptions=4873 cacheResets=1 batches=8260 verts=178578 texStalls=0 recompiles=925 underruns=0 overruns=0 sleep_us=6140124 queue_ms=134
fps: 30.0
vis: 60.0
cpu: exceptions=4984 cacheResets=1 batches=9190 verts=198513 texStalls=0 recompiles=925 underruns=0 overruns=0 sleep_us=6507122 queue_ms=138
fps: 30.0
vis: 60.0
cpu: exceptions=5097 cacheResets=1 batches=10120 verts=218448 texStalls=0 recompiles=925 underruns=0 overruns=0 sleep_us=6870613 queue_ms=142
fps: 30.0
vis: 60.0
cpu: exceptions=5210 cacheResets=1 batches=10924 verts=234561 texStalls=0 recompiles=925 underruns=0 overruns=0 sleep_us=7240423 queue_ms=147
fps: 30.0
vis: 60.0
cpu: exceptions=5335 cacheResets=1 batches=11448 verts=246147 texStalls=0 recompiles=934 underruns=0 overruns=0 sleep_us=7599466 queue_ms=138
fps: 30.0
vis: 60.0
cpu: exceptions=5462 cacheResets=1 batches=12239 verts=261468 texStalls=0 recompiles=934 underruns=0 overruns=0 sleep_us=7933918 queue_ms=142
fps: 30.0
vis: 60.0
cpu: exceptions=5587 cacheResets=1 batches=13268 verts=278217 texStalls=0 recompiles=934 underruns=0 overruns=0 sleep_us=8252965 queue_ms=147
fps: 30.0
vis: 60.0
cpu: exceptions=5705 cacheResets=1 batches=14399 verts=295578 texStalls=0 recompiles=945 underruns=0 overruns=0 sleep_us=8560902 queue_ms=138
fps: 30.0
vis: 60.0
cpu: exceptions=5825 cacheResets=1 batches=15194 verts=310923 texStalls=0 recompiles=946 underruns=0 overruns=0 sleep_us=8870220 queue_ms=142
fps: 30.0
vis: 60.0
cpu: exceptions=5946 cacheResets=1 batches=15934 verts=325938 texStalls=0 recompiles=946 underruns=0 overruns=0 sleep_us=9188533 queue_ms=147
fps: 30.1
vis: 60.0
cpu: exceptions=6067 cacheResets=1 batches=16588 verts=340437 texStalls=0 recompiles=946 underruns=0 overruns=0 sleep_us=9533200 queue_ms=151
fps: 29.9
vis: 60.0
cpu: exceptions=6188 cacheResets=1 batches=17048 verts=353772 texStalls=0 recompiles=946 underruns=0 overruns=0 sleep_us=9897487 queue_ms=142
mark: stop reason: chain guest VI limit
mark: stop_it requested
audio: alist_resample_calls=9757 alist_resample_samples=1397968 alist_zoh_calls=0 alist_zoh_samples=0 musyx_subframes=0 musyx_voices=0 musyx_voice_peak=0
audio_stages: adpcm_calls=7520 adpcm_samples=460832 envmix_calls=7516 envmix_samples=1068128 mix_calls=67230 mix_samples=9895200 musyx_fx_calls=0 musyx_fx_taps=0 output_calls=448 output_samples=329840
audio_envmix: exp_calls=0 ge_calls=7516 lin_calls=0 nead_calls=0 exp_steady=0 ge_steady=7194 lin_steady=0
audio_gaps: nead_mats=0 nead_efz=0 resample_flag2=0 musyx_ptr10=0
audio_output: stream_requests=2754 stream_fed=1133 input_hz=22047 playback_hz=22047 queue_peak_ms=184
vm_io: read_ahead=1 reads=0 hits=0 read_bytes=0 writes=0 write_bytes=0 errors=0
subsystem_time: stage=rsp_gfx calls=393 timed_calls=393 period=1 timed_us=573134
subsystem_time: stage=rsp_audio calls=448 timed_calls=448 period=1 timed_us=765923
subsystem_time: stage=rsp_other calls=0 timed_calls=0 period=1 timed_us=0
subsystem_time: stage=lookup calls=1667760 timed_calls=13131 period=127 timed_us=1335
subsystem_time: stage=compile calls=946 timed_calls=946 period=1 timed_us=174741
subsystem_time: stage=dispatch calls=1666186 timed_calls=13119 period=127 timed_us=5831
subsystem_time: stage=execute_inclusive calls=1666186 timed_calls=13119 period=127 timed_us=99068
subsystem_time: stage=rom_copy calls=1133 timed_calls=1133 period=1 timed_us=2534
subsystem_time: stage=present calls=899 timed_calls=899 period=1 timed_us=8103
subsystem_time: stage=limiter calls=877 timed_calls=877 period=1 timed_us=10255664
subsystem_time: stage=vm_fault calls=0 timed_calls=0 period=1 timed_us=0
subsystem_time: stage=vm_victim calls=0 timed_calls=0 period=1 timed_us=0
subsystem_time: stage=vm_read calls=0 timed_calls=0 period=1 timed_us=0
subsystem_time: stage=vm_write calls=0 timed_calls=0 period=1 timed_us=0
subsystem_time: stage=tex_hash calls=12379 timed_calls=12379 period=1 timed_us=162873
subsystem_time: stage=tex_lookup calls=12379 timed_calls=12379 period=1 timed_us=3672
subsystem_time: stage=tex_load calls=103 timed_calls=103 period=1 timed_us=6398
subsystem_time: stage=tex_activate calls=12379 timed_calls=12379 period=1 timed_us=5996
subsystem_time: stage=draw_triangles calls=17454 timed_calls=17454 period=1 timed_us=53156
subsystem_time: stage=draw_rect calls=5382 timed_calls=5382 period=1 timed_us=53489
subsystem_time: stage=gfx_list calls=393 timed_calls=393 period=1 timed_us=573040
subsystem_time: stage=gfx_command calls=269016 timed_calls=2118 period=127 timed_us=4355
subsystem_time: stage=vertex calls=183788 timed_calls=1447 period=127 timed_us=383
subsystem_time: stage=gfx_state calls=127408 timed_calls=1003 period=127 timed_us=1988
subsystem_time: stage=gx_wait calls=0 timed_calls=0 period=1 timed_us=0
subsystem_time: stage=dma_pi calls=1133 timed_calls=1133 period=1 timed_us=63868
subsystem_time: stage=dma_sp calls=1682 timed_calls=1682 period=1 timed_us=596
subsystem_time: stage=dma_si calls=2587 timed_calls=2587 period=1 timed_us=13334
subsystem_time: stage=tlb_translate calls=0 timed_calls=0 period=127 timed_us=0
subsystem_time: stage=pif calls=2588 timed_calls=2588 period=1 timed_us=15491
subsystem_time: stage=input calls=1600 timed_calls=1600 period=1 timed_us=11646
subsystem_time: stage=guest_interrupt calls=7098 timed_calls=7098 period=1 timed_us=10274251
subsystem_time: stage=interpreter_inclusive calls=0 timed_calls=0 period=1 timed_us=0
subsystem_time: stage=audio_submit calls=448 timed_calls=448 period=1 timed_us=1532
subsystem_time: stage=audio_callback calls=8735 timed_calls=8735 period=1 timed_us=1915
subsystem_time: stage=memory_slow calls=807575 timed_calls=6358 period=127 timed_us=8670
subsystem_time: stage=jit_invalidate calls=7731403 timed_calls=60877 period=127 timed_us=2718
audio_time: stage=resample sampled_calls=76 sampled_samples=10832 sampled_us=918
audio_time: stage=zoh sampled_calls=0 sampled_samples=0 sampled_us=0
audio_time: stage=adpcm sampled_calls=59 sampled_samples=3808 sampled_us=284
audio_time: stage=envmix_exp sampled_calls=0 sampled_samples=0 sampled_us=0
audio_time: stage=envmix_ge sampled_calls=59 sampled_samples=8240 sampled_us=1141
audio_time: stage=envmix_lin sampled_calls=0 sampled_samples=0 sampled_us=0
audio_time: stage=envmix_nead sampled_calls=0 sampled_samples=0 sampled_us=0
audio_time: stage=mix sampled_calls=529 sampled_samples=77792 sampled_us=1649
audio_time: stage=musyx_voice sampled_calls=0 sampled_samples=0 sampled_us=0
audio_time: stage=musyx_fx sampled_calls=0 sampled_samples=0 sampled_us=0
audio_time: stage=output sampled_calls=3 sampled_samples=2176 sampled_us=9
game: n=2/6 how=vis vis=900 vi_rate=60 vi0_retrace=1321 wall_us=15008690 sleep_us=10254460 avg_vis=58.03 avg_fps=26.46 exceptions=6300 cacheResets=1 recompiles=946 batches=17454 verts=366078 texStalls=0 treeDepthMax=13 underruns=0 overruns=0 queue_peak_ms=151 dsp_avg=3.99 dsp_peak=5.55 pmc1=10937747472 pmc2=0 pmc3=0 pmc4=0 mmcr0=00000042 mmcr1=00000000 heap_used=10852184 heap_free=36456 arena1_free=561152 arena2_free=577472 flushes=4 flush_us=3455 padtrace=0 rom=sd:/wii64/roms/Diddy Kong Racing (USA) (En,Fr) (Rev 1).z64
=== chain 2/6 end vis=900 how=vis rom=sd:/wii64/roms/Diddy Kong Racing (USA) (En,Fr) (Rev 1).z64 ===
mark: pad replay records: 1
mark: loadROM: enter
mark: loadROM: before rom_read
mark: ROMCache_load: enter
mark: ROMCache_load: before first read
mark: ROMCache_load: first read returned
mark: ROMCache_load: byte_swap_type set
mark: ROMCache_load: first byte_swap done
menufps: 0.1
mark: ROMCache_load: loop exited normally
mark: ROMCache_load: elapsed_us=264301 bytes=8388608 vm=0
mark: loadROM: after rom_read
mark: loadROM: before init_memory
mark: loadROM: after init_memory
mark: loadROM: before romOpen_gfx
mark: loadROM: after romOpen_gfx / before romOpen_audio
mark: loadROM: after romOpen_audio / before romOpen_input
mark: loadROM: after romOpen_input / before cpu_init
mark: loadROM: after cpu_init
menufps: 5.4
fps: 3.9
first_vi: vi0_retrace=2422
vis: 7.8
cpu: exceptions=0 cacheResets=0 batches=0 verts=0 texStalls=0 recompiles=0 underruns=0 overruns=0 sleep_us=0 queue_ms=0
mark: CPU core dispatch: dynarec
vis: 60.0
cpu: exceptions=60 cacheResets=1 batches=0 verts=0 texStalls=0 recompiles=163 underruns=2 overruns=0 sleep_us=3346 queue_ms=120
fps: 1.2
vis: 60.0
cpu: exceptions=216 cacheResets=1 batches=0 verts=0 texStalls=0 recompiles=207 underruns=2 overruns=0 sleep_us=454632 queue_ms=124
vis: 60.0
cpu: exceptions=516 cacheResets=1 batches=0 verts=0 texStalls=0 recompiles=207 underruns=2 overruns=0 sleep_us=918304 queue_ms=120
vis: 60.0
cpu: exceptions=816 cacheResets=1 batches=0 verts=0 texStalls=0 recompiles=233 underruns=2 overruns=0 sleep_us=1379362 queue_ms=116
vis: 60.0
cpu: exceptions=1069 cacheResets=1 batches=0 verts=0 texStalls=0 recompiles=287 underruns=2 overruns=0 sleep_us=1831391 queue_ms=122
vis: 60.0
cpu: exceptions=1140 cacheResets=1 batches=0 verts=0 texStalls=0 recompiles=288 underruns=2 overruns=0 sleep_us=2214492 queue_ms=0
fps: 0.4
vis: 55.8
cpu: exceptions=1277 cacheResets=1 batches=0 verts=0 texStalls=0 recompiles=505 underruns=5 overruns=0 sleep_us=2363978 queue_ms=4
vis: 55.2
cpu: exceptions=1419 cacheResets=1 batches=0 verts=0 texStalls=0 recompiles=626 underruns=7 overruns=0 sleep_us=2528887 queue_ms=4
fps: 1.5
vis: 59.7
cpu: exceptions=1608 cacheResets=1 batches=3470 verts=86430 texStalls=0 recompiles=834 underruns=10 overruns=0 sleep_us=2588689 queue_ms=108
fps: 23.0
vis: 59.7
cpu: exceptions=1790 cacheResets=1 batches=6940 verts=172860 texStalls=0 recompiles=835 underruns=10 overruns=0 sleep_us=2775963 queue_ms=105
fps: 19.9
vis: 59.7
cpu: exceptions=1984 cacheResets=1 batches=10410 verts=259290 texStalls=0 recompiles=836 underruns=10 overruns=0 sleep_us=2955723 queue_ms=109
fps: 19.9
vis: 59.7
cpu: exceptions=2186 cacheResets=1 batches=13932 verts=345876 texStalls=0 recompiles=837 underruns=10 overruns=0 sleep_us=3130681 queue_ms=106
fps: 19.9
vis: 59.6
cpu: exceptions=2378 cacheResets=1 batches=17630 verts=432990 texStalls=0 recompiles=839 underruns=10 overruns=0 sleep_us=3310436 queue_ms=102
fps: 19.9
vis: 59.5
cpu: exceptions=2598 cacheResets=1 batches=21424 verts=520392 texStalls=0 recompiles=842 underruns=10 overruns=0 sleep_us=3467249 queue_ms=98
fps: 19.8
vis: 59.4
cpu: exceptions=2833 cacheResets=1 batches=25294 verts=608022 texStalls=0 recompiles=843 underruns=10 overruns=0 sleep_us=3615974 queue_ms=86
fps: 19.8
vis: 59.3
cpu: exceptions=3082 cacheResets=1 batches=29226 verts=695838 texStalls=0 recompiles=843 underruns=10 overruns=0 sleep_us=3757331 queue_ms=81
fps: 19.8
vis: 59.3
cpu: exceptions=3363 cacheResets=1 batches=33210 verts=786162 texStalls=0 recompiles=844 underruns=10 overruns=0 sleep_us=3873262 queue_ms=78
fps: 19.7
vis: 59.4
cpu: exceptions=3644 cacheResets=1 batches=37126 verts=877290 texStalls=0 recompiles=844 underruns=10 overruns=0 sleep_us=3995172 queue_ms=75
fps: 19.7
vis: 59.4
cpu: exceptions=3918 cacheResets=1 batches=40782 verts=968238 texStalls=0 recompiles=844 underruns=10 overruns=0 sleep_us=4123363 queue_ms=70
fps: 19.8
vis: 59.4
cpu: exceptions=4181 cacheResets=1 batches=44352 verts=1058928 texStalls=0 recompiles=844 underruns=10 overruns=0 sleep_us=4259495 queue_ms=67
fps: 19.8
vis: 59.4
cpu: exceptions=4453 cacheResets=1 batches=47922 verts=1149618 texStalls=0 recompiles=844 underruns=10 overruns=0 sleep_us=4390907 queue_ms=63
fps: 19.8
vis: 59.4
cpu: exceptions=4727 cacheResets=1 batches=51494 verts=1240314 texStalls=0 recompiles=845 underruns=10 overruns=0 sleep_us=4516900 queue_ms=50
fps: 19.8
vis: 59.3
cpu: exceptions=5002 cacheResets=1 batches=55119 verts=1331790 texStalls=0 recompiles=847 underruns=10 overruns=0 sleep_us=4641059 queue_ms=47
fps: 19.7
vis: 59.3
cpu: exceptions=5282 cacheResets=1 batches=58813 verts=1423752 texStalls=0 recompiles=848 underruns=10 overruns=0 sleep_us=4763139 queue_ms=42
fps: 19.8
vis: 59.2
cpu: exceptions=5564 cacheResets=1 batches=62584 verts=1515903 texStalls=0 recompiles=856 underruns=10 overruns=0 sleep_us=4874768 queue_ms=39
fps: 19.8
vis: 59.6
cpu: exceptions=5806 cacheResets=1 batches=66555 verts=1608909 texStalls=0 recompiles=863 underruns=10 overruns=0 sleep_us=5000597 queue_ms=35
fps: 19.9
vis: 59.4
cpu: exceptions=6004 cacheResets=1 batches=70497 verts=1701954 texStalls=0 recompiles=864 underruns=10 overruns=0 sleep_us=5163600 queue_ms=32
fps: 19.8
vis: 59.5
cpu: exceptions=6175 cacheResets=1 batches=74416 verts=1795074 texStalls=0 recompiles=866 underruns=10 overruns=0 sleep_us=5335402 queue_ms=27
fps: 19.8
vis: 59.5
cpu: exceptions=6392 cacheResets=1 batches=78099 verts=1887171 texStalls=0 recompiles=866 underruns=10 overruns=0 sleep_us=5489254 queue_ms=24
fps: 19.9
vis: 59.5
cpu: exceptions=6577 cacheResets=1 batches=81741 verts=1978887 texStalls=0 recompiles=866 underruns=10 overruns=0 sleep_us=5651886 queue_ms=20
mark: stop reason: chain guest VI limit
mark: stop_it requested
audio: alist_resample_calls=30582 alist_resample_samples=4080152 alist_zoh_calls=0 alist_zoh_samples=0 musyx_subframes=0 musyx_voices=0 musyx_voice_peak=0
audio_stages: adpcm_calls=23953 adpcm_samples=3233952 envmix_calls=23750 envmix_samples=3168504 mix_calls=21026 mix_samples=6632320 musyx_fx_calls=0 musyx_fx_taps=0 output_calls=862 output_samples=459344
audio_envmix: exp_calls=23750 ge_calls=0 lin_calls=0 nead_calls=0 exp_steady=20211 ge_steady=0 lin_steady=0
audio_gaps: nead_mats=0 nead_efz=0 resample_flag2=0 musyx_ptr10=0
audio_output: stream_requests=3386 stream_fed=1594 input_hz=32006 playback_hz=32006 queue_peak_ms=141
vm_io: read_ahead=1 reads=0 hits=0 read_bytes=0 writes=0 write_bytes=0 errors=0
subsystem_time: stage=rsp_gfx calls=224 timed_calls=224 period=1 timed_us=3110732
subsystem_time: stage=rsp_audio calls=854 timed_calls=854 period=1 timed_us=1360176
subsystem_time: stage=rsp_other calls=0 timed_calls=0 period=1 timed_us=0
subsystem_time: stage=lookup calls=2002645 timed_calls=15768 period=127 timed_us=1479
subsystem_time: stage=compile calls=866 timed_calls=866 period=1 timed_us=274194
subsystem_time: stage=dispatch calls=2002608 timed_calls=15768 period=127 timed_us=6430
subsystem_time: stage=execute_inclusive calls=2002608 timed_calls=15768 period=127 timed_us=136286
subsystem_time: stage=rom_copy calls=2674 timed_calls=2674 period=1 timed_us=4226
subsystem_time: stage=present calls=899 timed_calls=899 period=1 timed_us=17008
subsystem_time: stage=limiter calls=630 timed_calls=630 period=1 timed_us=5673018
subsystem_time: stage=vm_fault calls=0 timed_calls=0 period=1 timed_us=0
subsystem_time: stage=vm_victim calls=0 timed_calls=0 period=1 timed_us=0
subsystem_time: stage=vm_read calls=0 timed_calls=0 period=1 timed_us=0
subsystem_time: stage=vm_write calls=0 timed_calls=0 period=1 timed_us=0
subsystem_time: stage=tex_hash calls=65209 timed_calls=65209 period=1 timed_us=1246731
subsystem_time: stage=tex_lookup calls=65209 timed_calls=65209 period=1 timed_us=50111
subsystem_time: stage=tex_load calls=178 timed_calls=178 period=1 timed_us=19122
subsystem_time: stage=tex_activate calls=65209 timed_calls=65209 period=1 timed_us=34817
subsystem_time: stage=draw_triangles calls=82105 timed_calls=82105 period=1 timed_us=249695
subsystem_time: stage=draw_rect calls=2288 timed_calls=2288 period=1 timed_us=25265
subsystem_time: stage=gfx_list calls=224 timed_calls=224 period=1 timed_us=3110670
subsystem_time: stage=gfx_command calls=1457502 timed_calls=11476 period=127 timed_us=24294
subsystem_time: stage=vertex calls=941821 timed_calls=7415 period=127 timed_us=2336
subsystem_time: stage=gfx_state calls=68388 timed_calls=538 period=127 timed_us=11101
subsystem_time: stage=gx_wait calls=0 timed_calls=0 period=1 timed_us=0
subsystem_time: stage=dma_pi calls=2674 timed_calls=2674 period=1 timed_us=138421
subsystem_time: stage=dma_sp calls=2156 timed_calls=2156 period=1 timed_us=766
subsystem_time: stage=dma_si calls=741 timed_calls=741 period=1 timed_us=9278
subsystem_time: stage=tlb_translate calls=0 timed_calls=0 period=127 timed_us=0
subsystem_time: stage=pif calls=742 timed_calls=742 period=1 timed_us=9066
subsystem_time: stage=input calls=896 timed_calls=896 period=1 timed_us=8661
subsystem_time: stage=guest_interrupt calls=9479 timed_calls=9479 period=1 timed_us=5696733
subsystem_time: stage=interpreter_inclusive calls=0 timed_calls=0 period=1 timed_us=0
subsystem_time: stage=audio_submit calls=862 timed_calls=862 period=1 timed_us=2473
subsystem_time: stage=audio_callback calls=9462 timed_calls=9462 period=1 timed_us=2508
subsystem_time: stage=memory_slow calls=577551 timed_calls=4547 period=127 timed_us=20482
subsystem_time: stage=jit_invalidate calls=11094544 timed_calls=87358 period=127 timed_us=3960
audio_time: stage=resample sampled_calls=240 sampled_samples=32032 sampled_us=2758
audio_time: stage=zoh sampled_calls=0 sampled_samples=0 sampled_us=0
audio_time: stage=adpcm sampled_calls=188 sampled_samples=25424 sampled_us=1884
audio_time: stage=envmix_exp sampled_calls=187 sampled_samples=24952 sampled_us=3890
audio_time: stage=envmix_ge sampled_calls=0 sampled_samples=0 sampled_us=0
audio_time: stage=envmix_lin sampled_calls=0 sampled_samples=0 sampled_us=0
audio_time: stage=envmix_nead sampled_calls=0 sampled_samples=0 sampled_us=0
audio_time: stage=mix sampled_calls=165 sampled_samples=51712 sampled_us=1082
audio_time: stage=musyx_voice sampled_calls=0 sampled_samples=0 sampled_us=0
audio_time: stage=musyx_fx sampled_calls=0 sampled_samples=0 sampled_us=0
audio_time: stage=output sampled_calls=6 sampled_samples=3232 sampled_us=14
game: n=3/6 how=vis vis=900 vi_rate=60 vi0_retrace=2422 wall_us=15187883 sleep_us=5672089 avg_vis=57.65 avg_fps=17.05 exceptions=6595 cacheResets=1 recompiles=866 batches=82105 verts=1988049 texStalls=0 treeDepthMax=12 underruns=10 overruns=0 queue_peak_ms=124 dsp_avg=3.91 dsp_peak=4.85 pmc1=11067778713 pmc2=0 pmc3=0 pmc4=0 mmcr0=00000042 mmcr1=00000000 heap_used=10848056 heap_free=73352 arena1_free=528384 arena2_free=577472 flushes=3 flush_us=2397 padtrace=0 rom=sd:/wii64/roms/Wave Race 64 - Kawasaki Jet Ski (USA) (Rev 1).z64
=== chain 3/6 end vis=900 how=vis rom=sd:/wii64/roms/Wave Race 64 - Kawasaki Jet Ski (USA) (Rev 1).z64 ===
mark: pad replay records: 1
mark: loadROM: enter
mark: loadROM: before rom_read
mark: ROMCache_load: enter
menufps: 0.1
menufps: 0.2
mark: ROMCache_load: before first read
mark: ROMCache_load: first read returned
mark: ROMCache_load: byte_swap_type set
mark: ROMCache_load: first byte_swap done
menufps: 0.2
menufps: 55.1
menufps: 1.4
menufps: 1.4
menufps: 1.4
menufps: 1.4
menufps: 1.4
menufps: 1.4
menufps: 1.4
menufps: 21.4
mark: ROMCache_load: loop exited normally
mark: ROMCache_load: preflush_us=17876746 writes=2040 bytes=16711680
mark: ROMCache_load: elapsed_us=34377047 bytes=33554432 vm=1
mark: loadROM: after rom_read
mark: loadROM: before init_memory
mark: loadROM: after init_memory
mark: loadROM: before romOpen_gfx
mark: loadROM: after romOpen_gfx / before romOpen_audio
mark: loadROM: after romOpen_audio / before romOpen_input
mark: loadROM: after romOpen_input / before cpu_init
mark: loadROM: after cpu_init
menufps: 0.8
menufps: 0.7
first_vi: vi0_retrace=5579
mark: CPU core dispatch: dynarec
vis: 28.7
cpu: exceptions=15 cacheResets=1 batches=0 verts=0 texStalls=0 recompiles=78 underruns=0 overruns=0 sleep_us=0 queue_ms=0
vis: 60.0
cpu: exceptions=132 cacheResets=1 batches=0 verts=0 texStalls=0 recompiles=250 underruns=2 overruns=0 sleep_us=260448 queue_ms=8
vis: 60.0
cpu: exceptions=263 cacheResets=1 batches=0 verts=0 texStalls=0 recompiles=414 underruns=2 overruns=0 sleep_us=643385 queue_ms=17
vis: 60.0
cpu: exceptions=617 cacheResets=1 batches=0 verts=0 texStalls=0 recompiles=669 underruns=3 overruns=0 sleep_us=666553 queue_ms=17
vis: 57.0
cpu: exceptions=1910 cacheResets=1 batches=0 verts=0 texStalls=0 recompiles=716 underruns=5 overruns=0 sleep_us=833877 queue_ms=13
vis: 52.5
cpu: exceptions=2832 cacheResets=1 batches=0 verts=0 texStalls=0 recompiles=785 underruns=8 overruns=0 sleep_us=1058343 queue_ms=13
fps: 0.3
vis: 60.0
cpu: exceptions=6845 cacheResets=1 batches=5 verts=630 texStalls=0 recompiles=1178 underruns=14 overruns=0 sleep_us=1120553 queue_ms=91
fps: 33.6
vis: 60.0
cpu: exceptions=6993 cacheResets=1 batches=20 verts=2520 texStalls=0 recompiles=1178 underruns=14 overruns=0 sleep_us=1550240 queue_ms=87
fps: 30.0
vis: 60.0
cpu: exceptions=7140 cacheResets=1 batches=35 verts=4410 texStalls=0 recompiles=1178 underruns=14 overruns=0 sleep_us=1979911 queue_ms=87
fps: 30.0
vis: 60.0
cpu: exceptions=7287 cacheResets=1 batches=50 verts=6300 texStalls=0 recompiles=1178 underruns=14 overruns=0 sleep_us=2409972 queue_ms=95
fps: 30.0
vis: 60.0
cpu: exceptions=7434 cacheResets=1 batches=65 verts=8190 texStalls=0 recompiles=1178 underruns=14 overruns=0 sleep_us=2839855 queue_ms=82
fps: 30.0
vis: 60.0
cpu: exceptions=7581 cacheResets=1 batches=80 verts=10080 texStalls=0 recompiles=1178 underruns=14 overruns=0 sleep_us=3269647 queue_ms=82
fps: 30.0
vis: 60.0
cpu: exceptions=7728 cacheResets=1 batches=95 verts=11970 texStalls=0 recompiles=1178 underruns=14 overruns=0 sleep_us=3699842 queue_ms=91
fps: 30.0
vis: 60.0
cpu: exceptions=7875 cacheResets=1 batches=110 verts=13860 texStalls=0 recompiles=1178 underruns=14 overruns=0 sleep_us=4129610 queue_ms=91
fps: 30.0
vis: 60.0
cpu: exceptions=8022 cacheResets=1 batches=125 verts=15750 texStalls=0 recompiles=1179 underruns=14 overruns=0 sleep_us=4565159 queue_ms=78
fps: 30.0
vis: 60.0
cpu: exceptions=8169 cacheResets=1 batches=140 verts=17640 texStalls=0 recompiles=1179 underruns=14 overruns=0 sleep_us=5013489 queue_ms=87
fps: 30.0
vis: 60.0
cpu: exceptions=8316 cacheResets=1 batches=155 verts=19530 texStalls=0 recompiles=1179 underruns=14 overruns=0 sleep_us=5461437 queue_ms=87
fps: 30.0
vis: 60.0
cpu: exceptions=8463 cacheResets=1 batches=170 verts=21420 texStalls=0 recompiles=1179 underruns=14 overruns=0 sleep_us=5909727 queue_ms=95
fps: 30.0
vis: 60.0
cpu: exceptions=8610 cacheResets=1 batches=185 verts=23310 texStalls=0 recompiles=1179 underruns=14 overruns=0 sleep_us=6357767 queue_ms=82
fps: 30.0
vis: 60.0
cpu: exceptions=8757 cacheResets=1 batches=200 verts=25200 texStalls=0 recompiles=1179 underruns=14 overruns=0 sleep_us=6805678 queue_ms=82
fps: 30.0
vis: 60.0
cpu: exceptions=8904 cacheResets=1 batches=215 verts=27090 texStalls=0 recompiles=1179 underruns=14 overruns=0 sleep_us=7253953 queue_ms=91
fps: 30.0
vis: 60.0
cpu: exceptions=9051 cacheResets=1 batches=230 verts=28980 texStalls=0 recompiles=1179 underruns=14 overruns=0 sleep_us=7701835 queue_ms=78
fps: 30.0
vis: 60.0
cpu: exceptions=9198 cacheResets=1 batches=245 verts=30870 texStalls=0 recompiles=1179 underruns=14 overruns=0 sleep_us=8149696 queue_ms=78
vis: 60.0
cpu: exceptions=9345 cacheResets=1 batches=260 verts=32760 texStalls=0 recompiles=1179 underruns=14 overruns=0 sleep_us=8600823 queue_ms=87
fps: 30.0
vis: 60.0
cpu: exceptions=9492 cacheResets=1 batches=275 verts=34650 texStalls=0 recompiles=1179 underruns=14 overruns=0 sleep_us=9049814 queue_ms=87
fps: 30.0
vis: 60.0
cpu: exceptions=9640 cacheResets=1 batches=290 verts=36540 texStalls=0 recompiles=1179 underruns=14 overruns=0 sleep_us=9498901 queue_ms=82
fps: 30.0
vis: 60.0
cpu: exceptions=9786 cacheResets=1 batches=305 verts=38430 texStalls=0 recompiles=1179 underruns=14 overruns=0 sleep_us=9948389 queue_ms=82
fps: 30.0
vis: 60.0
cpu: exceptions=9933 cacheResets=1 batches=320 verts=40320 texStalls=0 recompiles=1179 underruns=14 overruns=0 sleep_us=10397509 queue_ms=82
fps: 29.9
vis: 60.0
cpu: exceptions=10080 cacheResets=1 batches=335 verts=42210 texStalls=0 recompiles=1179 underruns=14 overruns=0 sleep_us=10846964 queue_ms=78
fps: 30.0
vis: 60.0
cpu: exceptions=10226 cacheResets=1 batches=350 verts=44100 texStalls=0 recompiles=1179 underruns=14 overruns=0 sleep_us=11296185 queue_ms=78
fps: 30.0
mark: stop reason: chain guest VI limit
mark: stop_it requested
audio: alist_resample_calls=0 alist_resample_samples=0 alist_zoh_calls=0 alist_zoh_samples=0 musyx_subframes=1679 musyx_voices=0 musyx_voice_peak=0
audio_stages: adpcm_calls=0 adpcm_samples=0 envmix_calls=0 envmix_samples=0 mix_calls=0 mix_samples=0 musyx_fx_calls=1610 musyx_fx_taps=3220 output_calls=1686 output_samples=323712
audio_envmix: exp_calls=0 ge_calls=0 lin_calls=0 nead_calls=0 exp_steady=0 ge_steady=0 lin_steady=0
audio_gaps: nead_mats=0 nead_efz=0 resample_flag2=0 musyx_ptr10=0
audio_output: stream_requests=2946 stream_fed=1118 input_hz=22047 playback_hz=22047 queue_peak_ms=117
vm_io: read_ahead=1 reads=77 hits=294 read_bytes=2523136 writes=0 write_bytes=0 errors=0
subsystem_time: stage=rsp_gfx calls=358 timed_calls=358 period=1 timed_us=558561
subsystem_time: stage=rsp_audio calls=439 timed_calls=439 period=1 timed_us=58685
subsystem_time: stage=rsp_other calls=0 timed_calls=0 period=1 timed_us=0
subsystem_time: stage=lookup calls=829498 timed_calls=6531 period=127 timed_us=761
subsystem_time: stage=compile calls=1179 timed_calls=1179 period=1 timed_us=85088
subsystem_time: stage=dispatch calls=827395 timed_calls=6514 period=127 timed_us=4650
subsystem_time: stage=execute_inclusive calls=827395 timed_calls=6514 period=127 timed_us=75117
subsystem_time: stage=rom_copy calls=4991 timed_calls=4991 period=1 timed_us=307055
subsystem_time: stage=present calls=899 timed_calls=899 period=1 timed_us=39021
subsystem_time: stage=limiter calls=838 timed_calls=838 period=1 timed_us=11551311
subsystem_time: stage=vm_fault calls=371 timed_calls=371 period=1 timed_us=303433
subsystem_time: stage=vm_victim calls=371 timed_calls=371 period=1 timed_us=90
subsystem_time: stage=vm_read calls=77 timed_calls=77 period=1 timed_us=301649
subsystem_time: stage=vm_write calls=0 timed_calls=0 period=1 timed_us=0
subsystem_time: stage=tex_hash calls=713 timed_calls=713 period=1 timed_us=10465
subsystem_time: stage=tex_lookup calls=713 timed_calls=713 period=1 timed_us=97
subsystem_time: stage=tex_load calls=2 timed_calls=2 period=1 timed_us=546
subsystem_time: stage=tex_activate calls=713 timed_calls=713 period=1 timed_us=234
subsystem_time: stage=draw_triangles calls=358 timed_calls=358 period=1 timed_us=3594
subsystem_time: stage=draw_rect calls=117143 timed_calls=117143 period=1 timed_us=456306
subsystem_time: stage=gfx_list calls=358 timed_calls=358 period=1 timed_us=558468
subsystem_time: stage=gfx_command calls=221043 timed_calls=1740 period=127 timed_us=4342
subsystem_time: stage=vertex calls=10382 timed_calls=81 period=127 timed_us=22
subsystem_time: stage=gfx_state calls=117501 timed_calls=925 period=127 timed_us=514
subsystem_time: stage=gx_wait calls=0 timed_calls=0 period=1 timed_us=0
subsystem_time: stage=dma_pi calls=4991 timed_calls=4991 period=1 timed_us=397239
subsystem_time: stage=dma_sp calls=1594 timed_calls=1594 period=1 timed_us=579
subsystem_time: stage=dma_si calls=1605 timed_calls=1605 period=1 timed_us=11701
subsystem_time: stage=tlb_translate calls=0 timed_calls=0 period=127 timed_us=0
subsystem_time: stage=pif calls=1606 timed_calls=1606 period=1 timed_us=12955
subsystem_time: stage=input calls=1548 timed_calls=1548 period=1 timed_us=10535
subsystem_time: stage=guest_interrupt calls=12911 timed_calls=12911 period=1 timed_us=11600063
subsystem_time: stage=interpreter_inclusive calls=0 timed_calls=0 period=1 timed_us=0
subsystem_time: stage=audio_submit calls=1686 timed_calls=1686 period=1 timed_us=2340
subsystem_time: stage=audio_callback calls=9115 timed_calls=9115 period=1 timed_us=1927
subsystem_time: stage=memory_slow calls=509474 timed_calls=4011 period=127 timed_us=7195
subsystem_time: stage=jit_invalidate calls=10045419 timed_calls=79097 period=127 timed_us=3588
audio_time: stage=resample sampled_calls=0 sampled_samples=0 sampled_us=0
audio_time: stage=zoh sampled_calls=0 sampled_samples=0 sampled_us=0
audio_time: stage=adpcm sampled_calls=0 sampled_samples=0 sampled_us=0
audio_time: stage=envmix_exp sampled_calls=0 sampled_samples=0 sampled_us=0
audio_time: stage=envmix_ge sampled_calls=0 sampled_samples=0 sampled_us=0
audio_time: stage=envmix_lin sampled_calls=0 sampled_samples=0 sampled_us=0
audio_time: stage=envmix_nead sampled_calls=0 sampled_samples=0 sampled_us=0
audio_time: stage=mix sampled_calls=0 sampled_samples=0 sampled_us=0
audio_time: stage=musyx_voice sampled_calls=0 sampled_samples=0 sampled_us=0
audio_time: stage=musyx_fx sampled_calls=12 sampled_samples=24 sampled_us=302
audio_time: stage=output sampled_calls=13 sampled_samples=2496 sampled_us=13
game: n=4/6 how=vis vis=900 vi_rate=60 vi0_retrace=5579 wall_us=15382286 sleep_us=11550162 avg_vis=58.61 avg_fps=28.91 exceptions=10310 cacheResets=1 recompiles=1179 batches=358 verts=45108 texStalls=0 treeDepthMax=19 underruns=14 overruns=0 queue_peak_ms=95 dsp_avg=3.75 dsp_peak=4.65 pmc1=11209340751 pmc2=0 pmc3=0 pmc4=0 mmcr0=00000042 mmcr1=00000000 heap_used=10858168 heap_free=63240 arena1_free=528384 arena2_free=577472 flushes=4 flush_us=2759 padtrace=0 rom=sd:/wii64/roms/007 - The World Is Not Enough (USA).z64
=== chain 4/6 end vis=900 how=vis rom=sd:/wii64/roms/007 - The World Is Not Enough (USA).z64 ===
mark: pad replay records: 1
mark: loadROM: enter
mark: loadROM: before rom_read
mark: ROMCache_load: enter
mark: ROMCache_load: before first read
mark: ROMCache_load: first read returned
mark: ROMCache_load: byte_swap_type set
mark: ROMCache_load: first byte_swap done
menufps: 0.1
menufps: 54.6
menufps: 1.4
menufps: 1.4
menufps: 1.4
menufps: 1.4
menufps: 1.4
menufps: 1.4
menufps: 1.4
menufps: 21.4
mark: ROMCache_load: loop exited normally
mark: ROMCache_load: preflush_us=17876791 writes=2040 bytes=16711680
mark: ROMCache_load: elapsed_us=24237044 bytes=33554432 vm=1
mark: loadROM: after rom_read
mark: loadROM: before init_memory
mark: loadROM: after init_memory
mark: loadROM: before romOpen_gfx
mark: loadROM: after romOpen_gfx / before romOpen_audio
mark: loadROM: after romOpen_audio / before romOpen_input
mark: loadROM: after romOpen_input / before cpu_init
mark: loadROM: after cpu_init
menufps: 0.8
menufps: 0.7
fps: 0.3
first_vi: vi0_retrace=8143
vis: 0.6
cpu: exceptions=0 cacheResets=0 batches=0 verts=0 texStalls=0 recompiles=0 underruns=0 overruns=0 sleep_us=0 queue_ms=0
mark: CPU core dispatch: dynarec
vis: 35.8
cpu: exceptions=21 cacheResets=1 batches=0 verts=0 texStalls=0 recompiles=82 underruns=0 overruns=0 sleep_us=0 queue_ms=0
vis: 60.0
cpu: exceptions=51 cacheResets=1 batches=0 verts=0 texStalls=0 recompiles=82 underruns=0 overruns=0 sleep_us=278907 queue_ms=0
vis: 60.0
cpu: exceptions=81 cacheResets=1 batches=0 verts=0 texStalls=0 recompiles=82 underruns=0 overruns=0 sleep_us=556998 queue_ms=0
vis: 60.0
cpu: exceptions=189 cacheResets=1 batches=0 verts=0 texStalls=0 recompiles=182 underruns=0 overruns=0 sleep_us=764950 queue_ms=0
vis: 60.0
cpu: exceptions=234 cacheResets=1 batches=0 verts=0 texStalls=0 recompiles=188 underruns=0 overruns=0 sleep_us=1002012 queue_ms=0
vis: 60.0
cpu: exceptions=264 cacheResets=1 batches=0 verts=0 texStalls=0 recompiles=188 underruns=0 overruns=0 sleep_us=1247789 queue_ms=0
vis: 60.0
cpu: exceptions=306 cacheResets=1 batches=0 verts=0 texStalls=0 recompiles=188 underruns=0 overruns=0 sleep_us=1479706 queue_ms=0
vis: 60.0
cpu: exceptions=364 cacheResets=1 batches=0 verts=0 texStalls=0 recompiles=314 underruns=1 overruns=0 sleep_us=1805882 queue_ms=33
vis: 60.0
cpu: exceptions=441 cacheResets=1 batches=0 verts=0 texStalls=0 recompiles=314 underruns=1 overruns=0 sleep_us=2254253 queue_ms=24
vis: 60.0
cpu: exceptions=517 cacheResets=1 batches=0 verts=0 texStalls=0 recompiles=323 underruns=1 overruns=0 sleep_us=2703996 queue_ms=28
vis: 60.0
cpu: exceptions=663 cacheResets=1 batches=0 verts=0 texStalls=0 recompiles=396 underruns=2 overruns=0 sleep_us=3003598 queue_ms=46
vis: 60.0
cpu: exceptions=860 cacheResets=1 batches=0 verts=0 texStalls=0 recompiles=434 underruns=3 overruns=0 sleep_us=3128271 queue_ms=50
vis: 60.0
cpu: exceptions=1084 cacheResets=1 batches=0 verts=0 texStalls=0 recompiles=448 underruns=3 overruns=0 sleep_us=3273273 queue_ms=54
vis: 60.0
cpu: exceptions=1307 cacheResets=1 batches=0 verts=0 texStalls=0 recompiles=448 underruns=3 overruns=0 sleep_us=3426082 queue_ms=59
fps: 0.1
vis: 46.9
cpu: exceptions=1524 cacheResets=1 batches=60 verts=1026 texStalls=0 recompiles=1247 underruns=4 overruns=0 sleep_us=3475683 queue_ms=28
fps: 25.1
vis: 60.0
cpu: exceptions=1800 cacheResets=1 batches=945 verts=13356 texStalls=0 recompiles=1255 underruns=5 overruns=0 sleep_us=3824578 queue_ms=33
fps: 30.0
vis: 60.0
cpu: exceptions=2076 cacheResets=1 batches=1830 verts=25686 texStalls=0 recompiles=1276 underruns=5 overruns=0 sleep_us=4160757 queue_ms=37
fps: 29.9
vis: 60.0
cpu: exceptions=2351 cacheResets=1 batches=2715 verts=38016 texStalls=0 recompiles=1276 underruns=5 overruns=0 sleep_us=4518384 queue_ms=41
fps: 30.0
vis: 60.0
cpu: exceptions=2626 cacheResets=1 batches=3600 verts=50346 texStalls=0 recompiles=1279 underruns=5 overruns=0 sleep_us=4881038 queue_ms=46
fps: 30.0
vis: 60.0
cpu: exceptions=2905 cacheResets=1 batches=4485 verts=62676 texStalls=0 recompiles=1283 underruns=5 overruns=0 sleep_us=5239687 queue_ms=37
fps: 30.0
vis: 60.0
cpu: exceptions=3191 cacheResets=1 batches=5370 verts=75006 texStalls=0 recompiles=1300 underruns=5 overruns=0 sleep_us=5577714 queue_ms=41
fps: 30.0
vis: 60.0
cpu: exceptions=3473 cacheResets=1 batches=6255 verts=87336 texStalls=0 recompiles=1300 underruns=5 overruns=0 sleep_us=5921197 queue_ms=46
fps: 30.0
vis: 60.0
cpu: exceptions=3753 cacheResets=1 batches=7140 verts=99666 texStalls=0 recompiles=1303 underruns=5 overruns=0 sleep_us=6273278 queue_ms=37
fps: 30.1
vis: 60.0
cpu: exceptions=4036 cacheResets=1 batches=7791 verts=109116 texStalls=0 recompiles=1351 underruns=5 overruns=0 sleep_us=6627482 queue_ms=41
fps: 30.0
vis: 60.0
cpu: exceptions=4263 cacheResets=1 batches=8071 verts=113904 texStalls=0 recompiles=1377 underruns=5 overruns=0 sleep_us=6990368 queue_ms=46
fps: 30.0
vis: 60.0
cpu: exceptions=4410 cacheResets=1 batches=8233 verts=124794 texStalls=0 recompiles=1383 underruns=5 overruns=0 sleep_us=7350658 queue_ms=50
fps: 30.0
vis: 60.0
cpu: exceptions=4560 cacheResets=1 batches=8638 verts=152019 texStalls=0 recompiles=1384 underruns=5 overruns=0 sleep_us=7704916 queue_ms=41
fps: 30.0
vis: 60.0
cpu: exceptions=4705 cacheResets=1 batches=9043 verts=179244 texStalls=0 recompiles=1386 underruns=5 overruns=0 sleep_us=8074455 queue_ms=46
fps: 30.0
vis: 60.0
cpu: exceptions=4851 cacheResets=1 batches=9448 verts=206469 texStalls=0 recompiles=1387 underruns=5 overruns=0 sleep_us=8447200 queue_ms=50
vis: 60.0
cpu: exceptions=5011 cacheResets=1 batches=9880 verts=235509 texStalls=0 recompiles=1389 underruns=5 overruns=0 sleep_us=8823123 queue_ms=62
fps: 30.0
mark: stop reason: chain guest VI limit
mark: stop_it requested
audio: alist_resample_calls=11186 alist_resample_samples=2058224 alist_zoh_calls=0 alist_zoh_samples=0 musyx_subframes=0 musyx_voices=0 musyx_voice_peak=0
audio_stages: adpcm_calls=6590 adpcm_samples=722912 envmix_calls=8440 envmix_samples=1552960 mix_calls=54920 mix_samples=10105280 musyx_fx_calls=0 musyx_fx_taps=0 output_calls=342 output_samples=251896
audio_envmix: exp_calls=0 ge_calls=0 lin_calls=8440 nead_calls=0 exp_steady=0 ge_steady=0 lin_steady=7902
audio_gaps: nead_mats=0 nead_efz=0 resample_flag2=0 musyx_ptr10=0
audio_output: stream_requests=4297 stream_fed=871 input_hz=22047 playback_hz=22047 queue_peak_ms=80
vm_io: read_ahead=1 reads=58 hits=277 read_bytes=1900544 writes=0 write_bytes=0 errors=0
subsystem_time: stage=rsp_gfx calls=238 timed_calls=238 period=1 timed_us=329534
subsystem_time: stage=rsp_audio calls=343 timed_calls=343 period=1 timed_us=717517
subsystem_time: stage=rsp_other calls=1 timed_calls=1 period=1 timed_us=1
subsystem_time: stage=lookup calls=1606225 timed_calls=12647 period=127 timed_us=1266
subsystem_time: stage=compile calls=1389 timed_calls=1389 period=1 timed_us=248981
subsystem_time: stage=dispatch calls=1604650 timed_calls=12635 period=127 timed_us=7417
subsystem_time: stage=execute_inclusive calls=1604650 timed_calls=12635 period=127 timed_us=108859
subsystem_time: stage=rom_copy calls=1048 timed_calls=1048 period=1 timed_us=233649
subsystem_time: stage=present calls=899 timed_calls=899 period=1 timed_us=157662
subsystem_time: stage=limiter calls=853 timed_calls=853 period=1 timed_us=9003571
subsystem_time: stage=vm_fault calls=335 timed_calls=335 period=1 timed_us=228826
subsystem_time: stage=vm_victim calls=335 timed_calls=335 period=1 timed_us=82
subsystem_time: stage=vm_read calls=58 timed_calls=58 period=1 timed_us=227215
subsystem_time: stage=vm_write calls=0 timed_calls=0 period=1 timed_us=0
subsystem_time: stage=tex_hash calls=7634 timed_calls=7634 period=1 timed_us=108732
subsystem_time: stage=tex_lookup calls=7634 timed_calls=7634 period=1 timed_us=1525
subsystem_time: stage=tex_load calls=24 timed_calls=24 period=1 timed_us=5966
subsystem_time: stage=tex_activate calls=7634 timed_calls=7634 period=1 timed_us=4116
subsystem_time: stage=draw_triangles calls=10096 timed_calls=10096 period=1 timed_us=31027
subsystem_time: stage=draw_rect calls=1687 timed_calls=1687 period=1 timed_us=5826
subsystem_time: stage=gfx_list calls=238 timed_calls=238 period=1 timed_us=329469
subsystem_time: stage=gfx_command calls=176157 timed_calls=1387 period=127 timed_us=3076
subsystem_time: stage=vertex calls=98130 timed_calls=772 period=127 timed_us=309
subsystem_time: stage=gfx_state calls=11689 timed_calls=92 period=127 timed_us=950
subsystem_time: stage=gx_wait calls=0 timed_calls=0 period=1 timed_us=0
subsystem_time: stage=dma_pi calls=1048 timed_calls=1048 period=1 timed_us=342838
subsystem_time: stage=dma_sp calls=1162 timed_calls=1162 period=1 timed_us=408
subsystem_time: stage=dma_si calls=1351 timed_calls=1351 period=1 timed_us=1660
subsystem_time: stage=tlb_translate calls=0 timed_calls=0 period=127 timed_us=0
subsystem_time: stage=pif calls=1352 timed_calls=1352 period=1 timed_us=1517
subsystem_time: stage=input calls=388 timed_calls=388 period=1 timed_us=927
subsystem_time: stage=guest_interrupt calls=5855 timed_calls=5855 period=1 timed_us=9167580
subsystem_time: stage=interpreter_inclusive calls=0 timed_calls=0 period=1 timed_us=0
subsystem_time: stage=audio_submit calls=343 timed_calls=343 period=1 timed_us=1201
subsystem_time: stage=audio_callback calls=10431 timed_calls=10431 period=1 timed_us=1725
subsystem_time: stage=memory_slow calls=1084521 timed_calls=8539 period=127 timed_us=9246
subsystem_time: stage=jit_invalidate calls=11902227 timed_calls=93718 period=127 timed_us=4244
audio_time: stage=resample sampled_calls=88 sampled_samples=16192 sampled_us=1289
audio_time: stage=zoh sampled_calls=0 sampled_samples=0 sampled_us=0
audio_time: stage=adpcm sampled_calls=51 sampled_samples=5680 sampled_us=416
audio_time: stage=envmix_exp sampled_calls=0 sampled_samples=0 sampled_us=0
audio_time: stage=envmix_ge sampled_calls=0 sampled_samples=0 sampled_us=0
audio_time: stage=envmix_lin sampled_calls=66 sampled_samples=12144 sampled_us=1511
audio_time: stage=envmix_nead sampled_calls=0 sampled_samples=0 sampled_us=0
audio_time: stage=mix sampled_calls=432 sampled_samples=79488 sampled_us=1681
audio_time: stage=musyx_voice sampled_calls=0 sampled_samples=0 sampled_us=0
audio_time: stage=musyx_fx sampled_calls=0 sampled_samples=0 sampled_us=0
audio_time: stage=output sampled_calls=2 sampled_samples=1472 sampled_us=6
game: n=5/6 how=vis vis=900 vi_rate=60 vi0_retrace=8143 wall_us=15310714 sleep_us=9002501 avg_vis=56.88 avg_fps=26.20 exceptions=5087 cacheResets=1 recompiles=1389 batches=10096 verts=250029 texStalls=0 treeDepthMax=15 underruns=5 overruns=0 queue_peak_ms=62 dsp_avg=3.85 dsp_peak=5.30 pmc1=11158843777 pmc2=0 pmc3=0 pmc4=0 mmcr0=00000042 mmcr1=00000000 heap_used=10881976 heap_free=47624 arena1_free=520192 arena2_free=577472 flushes=3 flush_us=2446 padtrace=0 rom=sd:/wii64/roms/Donkey Kong 64 (USA).z64
=== chain 5/6 end vis=900 how=vis rom=sd:/wii64/roms/Donkey Kong 64 (USA).z64 ===
mark: pad replay records: 11
mark: loadROM: enter
mark: loadROM: before rom_read
mark: ROMCache_load: enter
mark: ROMCache_load: before first read
mark: ROMCache_load: first read returned
mark: ROMCache_load: byte_swap_type set
mark: ROMCache_load: first byte_swap done
menufps: 0.1
menufps: 54.4
menufps: 1.4
menufps: 1.4
menufps: 1.4
menufps: 1.4
menufps: 1.4
menufps: 1.4
menufps: 1.4
menufps: 21.4
mark: ROMCache_load: loop exited normally
mark: ROMCache_load: preflush_us=17876646 writes=2040 bytes=16711680
mark: ROMCache_load: elapsed_us=24239465 bytes=33554432 vm=1
mark: loadROM: after rom_read
mark: loadROM: before init_memory
mark: loadROM: after init_memory
mark: loadROM: before romOpen_gfx
mark: loadROM: after romOpen_gfx / before romOpen_audio
mark: loadROM: after romOpen_audio / before romOpen_input
mark: loadROM: after romOpen_input / before cpu_init
mark: loadROM: after cpu_init
menufps: 0.8
menufps: 0.7
fps: 0.3
first_vi: vi0_retrace=10703
vis: 0.6
cpu: exceptions=0 cacheResets=0 batches=0 verts=0 texStalls=0 recompiles=0 underruns=0 overruns=0 sleep_us=0 queue_ms=0
mark: CPU core dispatch: dynarec
vis: 50.0
cpu: exceptions=1752 cacheResets=1 batches=0 verts=0 texStalls=0 recompiles=367 underruns=0 overruns=0 sleep_us=109503 queue_ms=0
fps: 1.2
vis: 49.1
cpu: exceptions=2780 cacheResets=1 batches=0 verts=0 texStalls=0 recompiles=807 underruns=1 overruns=0 sleep_us=436177 queue_ms=38
fps: 33.6
vis: 50.0
cpu: exceptions=2996 cacheResets=1 batches=0 verts=0 texStalls=0 recompiles=1244 underruns=1 overruns=0 sleep_us=655977 queue_ms=26
fps: 49.6
vis: 50.0
cpu: exceptions=3128 cacheResets=1 batches=0 verts=0 texStalls=0 recompiles=1253 underruns=1 overruns=0 sleep_us=1043806 queue_ms=28
fps: 50.3
vis: 50.0
cpu: exceptions=3285 cacheResets=1 batches=0 verts=0 texStalls=0 recompiles=1267 underruns=1 overruns=0 sleep_us=1402088 queue_ms=45
fps: 49.9
vis: 50.0
cpu: exceptions=3439 cacheResets=1 batches=0 verts=0 texStalls=0 recompiles=1269 underruns=1 overruns=0 sleep_us=1749901 queue_ms=47
fps: 50.1
vis: 50.0
cpu: exceptions=3591 cacheResets=1 batches=0 verts=0 texStalls=0 recompiles=1277 underruns=1 overruns=0 sleep_us=2088234 queue_ms=20
fps: 49.7
vis: 50.0
cpu: exceptions=3739 cacheResets=1 batches=0 verts=0 texStalls=0 recompiles=1277 underruns=1 overruns=0 sleep_us=2439342 queue_ms=37
fps: 50.2
vis: 50.0
cpu: exceptions=3888 cacheResets=1 batches=0 verts=0 texStalls=0 recompiles=1278 underruns=1 overruns=0 sleep_us=2788497 queue_ms=45
fps: 49.9
vis: 50.0
cpu: exceptions=4030 cacheResets=1 batches=0 verts=0 texStalls=0 recompiles=1279 underruns=1 overruns=0 sleep_us=3137872 queue_ms=50
fps: 50.2
vis: 50.0
cpu: exceptions=4181 cacheResets=1 batches=0 verts=0 texStalls=0 recompiles=1279 underruns=1 overruns=0 sleep_us=3484656 queue_ms=29
vis: 50.0
cpu: exceptions=4333 cacheResets=1 batches=0 verts=0 texStalls=0 recompiles=1280 underruns=1 overruns=0 sleep_us=3841517 queue_ms=46
fps: 49.7
vis: 50.0
cpu: exceptions=4490 cacheResets=1 batches=0 verts=0 texStalls=0 recompiles=1313 underruns=1 overruns=0 sleep_us=4173696 queue_ms=48
fps: 50.1
vis: 50.0
cpu: exceptions=4641 cacheResets=1 batches=0 verts=0 texStalls=0 recompiles=1315 underruns=1 overruns=0 sleep_us=4510235 queue_ms=59
fps: 50.1
vis: 50.0
cpu: exceptions=4787 cacheResets=1 batches=0 verts=0 texStalls=0 recompiles=1318 underruns=1 overruns=0 sleep_us=4843852 queue_ms=38
fps: 50.0
vis: 50.0
cpu: exceptions=4924 cacheResets=1 batches=0 verts=0 texStalls=0 recompiles=1318 underruns=1 overruns=0 sleep_us=5187720 queue_ms=40
fps: 49.9
vis: 50.0
cpu: exceptions=5067 cacheResets=1 batches=0 verts=0 texStalls=0 recompiles=1318 underruns=1 overruns=0 sleep_us=5538729 queue_ms=56
fps: 50.2
vis: 50.0
cpu: exceptions=5212 cacheResets=1 batches=0 verts=0 texStalls=0 recompiles=1318 underruns=1 overruns=0 sleep_us=5897972 queue_ms=53
fps: 49.9
vis: 50.0
cpu: exceptions=5363 cacheResets=1 batches=0 verts=0 texStalls=0 recompiles=1318 underruns=1 overruns=0 sleep_us=6245871 queue_ms=41
fps: 50.1
vis: 50.0
cpu: exceptions=5511 cacheResets=1 batches=0 verts=0 texStalls=0 recompiles=1318 underruns=1 overruns=0 sleep_us=6594312 queue_ms=48
fps: 49.9
vis: 50.0
cpu: exceptions=5658 cacheResets=1 batches=0 verts=0 texStalls=0 recompiles=1318 underruns=1 overruns=0 sleep_us=6940275 queue_ms=59
fps: 50.0
vis: 50.0
cpu: exceptions=5799 cacheResets=1 batches=0 verts=0 texStalls=0 recompiles=1318 underruns=1 overruns=0 sleep_us=7293943 queue_ms=61
fps: 49.9
vis: 50.0
cpu: exceptions=5954 cacheResets=1 batches=0 verts=0 texStalls=0 recompiles=1318 underruns=1 overruns=0 sleep_us=7637617 queue_ms=49
fps: 50.1
vis: 50.0
cpu: exceptions=6101 cacheResets=1 batches=0 verts=0 texStalls=0 recompiles=1318 underruns=1 overruns=0 sleep_us=7974678 queue_ms=51
fps: 49.9
vis: 50.0
cpu: exceptions=6256 cacheResets=1 batches=0 verts=0 texStalls=0 recompiles=1425 underruns=1 overruns=0 sleep_us=8299055 queue_ms=68
fps: 50.0
vis: 50.0
cpu: exceptions=6439 cacheResets=1 batches=0 verts=0 texStalls=0 recompiles=1436 underruns=1 overruns=0 sleep_us=8633205 queue_ms=70
fps: 50.1
vis: 50.0
cpu: exceptions=6587 cacheResets=1 batches=0 verts=0 texStalls=0 recompiles=1457 underruns=1 overruns=0 sleep_us=9039142 queue_ms=43
fps: 46.6
vis: 50.0
cpu: exceptions=6759 cacheResets=1 batches=0 verts=0 texStalls=0 recompiles=1475 underruns=1 overruns=0 sleep_us=9421398 queue_ms=60
fps: 50.0
vis: 50.0
cpu: exceptions=6899 cacheResets=1 batches=0 verts=0 texStalls=0 recompiles=1475 underruns=1 overruns=0 sleep_us=9867597 queue_ms=62
fps: 50.0
vis: 50.0
cpu: exceptions=7034 cacheResets=1 batches=0 verts=0 texStalls=0 recompiles=1477 underruns=1 overruns=0 sleep_us=10316139 queue_ms=73
fps: 50.0
vis: 50.0
cpu: exceptions=7174 cacheResets=1 batches=0 verts=0 texStalls=0 recompiles=1477 underruns=1 overruns=0 sleep_us=10762803 queue_ms=52
fps: 50.0
vis: 50.0
cpu: exceptions=7310 cacheResets=1 batches=0 verts=0 texStalls=0 recompiles=1477 underruns=1 overruns=0 sleep_us=11211507 queue_ms=54
fps: 50.0
vis: 50.0
cpu: exceptions=7449 cacheResets=1 batches=0 verts=0 texStalls=0 recompiles=1482 underruns=1 overruns=0 sleep_us=11658005 queue_ms=71
fps: 50.2
vis: 50.0
cpu: exceptions=7584 cacheResets=1 batches=0 verts=0 texStalls=0 recompiles=1484 underruns=1 overruns=0 sleep_us=12113350 queue_ms=73
fps: 46.0
vis: 50.0
cpu: exceptions=7725 cacheResets=1 batches=0 verts=0 texStalls=0 recompiles=1484 underruns=1 overruns=0 sleep_us=12514079 queue_ms=55
fps: 50.0
mark: stop reason: chain guest VI limit
mark: stop_it requested
audio: alist_resample_calls=19920 alist_resample_samples=3665280 alist_zoh_calls=0 alist_zoh_samples=0 musyx_subframes=0 musyx_voices=0 musyx_voice_peak=0
audio_stages: adpcm_calls=20583 adpcm_samples=3302304 envmix_calls=19920 envmix_samples=3665280 mix_calls=30350 mix_samples=5584400 musyx_fx_calls=0 musyx_fx_taps=0 output_calls=652 output_samples=557520
audio_envmix: exp_calls=0 ge_calls=0 lin_calls=19920 nead_calls=0 exp_steady=0 ge_steady=0 lin_steady=10752
audio_gaps: nead_mats=0 nead_efz=0 resample_flag2=0 musyx_ptr10=0
audio_output: stream_requests=3757 stream_fed=1930 input_hz=31995 playback_hz=31995 queue_peak_ms=103
vm_io: read_ahead=1 reads=44 hits=253 read_bytes=1441792 writes=0 write_bytes=0 errors=0
subsystem_time: stage=rsp_gfx calls=848 timed_calls=848 period=1 timed_us=787238
subsystem_time: stage=rsp_audio calls=653 timed_calls=653 period=1 timed_us=1350235
subsystem_time: stage=rsp_other calls=0 timed_calls=0 period=1 timed_us=0
subsystem_time: stage=lookup calls=1453113 timed_calls=11441 period=127 timed_us=1446
subsystem_time: stage=compile calls=1485 timed_calls=1485 period=1 timed_us=109145
subsystem_time: stage=dispatch calls=1449842 timed_calls=11416 period=127 timed_us=5385
subsystem_time: stage=execute_inclusive calls=1449842 timed_calls=11416 period=127 timed_us=109613
subsystem_time: stage=rom_copy calls=724 timed_calls=724 period=1 timed_us=179068
subsystem_time: stage=present calls=899 timed_calls=899 period=1 timed_us=8794
subsystem_time: stage=limiter calls=874 timed_calls=874 period=1 timed_us=12942944
subsystem_time: stage=vm_fault calls=297 timed_calls=297 period=1 timed_us=173798
subsystem_time: stage=vm_victim calls=297 timed_calls=297 period=1 timed_us=72
subsystem_time: stage=vm_read calls=44 timed_calls=44 period=1 timed_us=172370
subsystem_time: stage=vm_write calls=0 timed_calls=0 period=1 timed_us=0
subsystem_time: stage=tex_hash calls=25845 timed_calls=25845 period=1 timed_us=437319
subsystem_time: stage=tex_lookup calls=25845 timed_calls=25845 period=1 timed_us=14314
subsystem_time: stage=tex_load calls=106 timed_calls=106 period=1 timed_us=33866
subsystem_time: stage=tex_activate calls=25845 timed_calls=25845 period=1 timed_us=3258
subsystem_time: stage=draw_triangles calls=0 timed_calls=0 period=1 timed_us=0
subsystem_time: stage=draw_rect calls=26284 timed_calls=26284 period=1 timed_us=613892
subsystem_time: stage=gfx_list calls=848 timed_calls=848 period=1 timed_us=787037
subsystem_time: stage=gfx_command calls=397619 timed_calls=3130 period=127 timed_us=6018
subsystem_time: stage=vertex calls=0 timed_calls=0 period=127 timed_us=0
subsystem_time: stage=gfx_state calls=26284 timed_calls=206 period=127 timed_us=3828
subsystem_time: stage=gx_wait calls=0 timed_calls=0 period=1 timed_us=0
subsystem_time: stage=dma_pi calls=724 timed_calls=724 period=1 timed_us=273215
subsystem_time: stage=dma_sp calls=3002 timed_calls=3002 period=1 timed_us=1097
subsystem_time: stage=dma_si calls=3519 timed_calls=3519 period=1 timed_us=10440
subsystem_time: stage=tlb_translate calls=0 timed_calls=0 period=127 timed_us=0
subsystem_time: stage=pif calls=3520 timed_calls=3520 period=1 timed_us=9705
subsystem_time: stage=input calls=3508 timed_calls=3508 period=1 timed_us=7871
subsystem_time: stage=guest_interrupt calls=10573 timed_calls=10573 period=1 timed_us=12960124
subsystem_time: stage=interpreter_inclusive calls=0 timed_calls=0 period=1 timed_us=0
subsystem_time: stage=audio_submit calls=652 timed_calls=652 period=1 timed_us=2525
subsystem_time: stage=audio_callback calls=11241 timed_calls=11241 period=1 timed_us=3036
subsystem_time: stage=memory_slow calls=492643 timed_calls=3879 period=127 timed_us=12712
subsystem_time: stage=jit_invalidate calls=7097911 timed_calls=55889 period=127 timed_us=2542
audio_time: stage=resample sampled_calls=156 sampled_samples=28704 sampled_us=2290
audio_time: stage=zoh sampled_calls=0 sampled_samples=0 sampled_us=0
audio_time: stage=adpcm sampled_calls=162 sampled_samples=27264 sampled_us=2003
audio_time: stage=envmix_exp sampled_calls=0 sampled_samples=0 sampled_us=0
audio_time: stage=envmix_ge sampled_calls=0 sampled_samples=0 sampled_us=0
audio_time: stage=envmix_lin sampled_calls=156 sampled_samples=28704 sampled_us=4530
audio_time: stage=envmix_nead sampled_calls=0 sampled_samples=0 sampled_us=0
audio_time: stage=mix sampled_calls=238 sampled_samples=43792 sampled_us=914
audio_time: stage=musyx_voice sampled_calls=0 sampled_samples=0 sampled_us=0
audio_time: stage=musyx_fx sampled_calls=0 sampled_samples=0 sampled_us=0
audio_time: stage=output sampled_calls=5 sampled_samples=4232 sampled_us=17
game: n=6/6 how=vis vis=900 vi_rate=50 vi0_retrace=10703 wall_us=18014545 sleep_us=12941848 avg_vis=48.60 avg_fps=46.50 exceptions=7858 cacheResets=1 recompiles=1485 batches=0 verts=0 texStalls=0 treeDepthMax=18 underruns=1 overruns=0 queue_peak_ms=73 dsp_avg=3.80 dsp_peak=4.80 pmc1=13130579713 pmc2=0 pmc3=0 pmc4=0 mmcr0=00000042 mmcr1=00000000 heap_used=10878392 heap_free=51208 arena1_free=520192 arena2_free=577472 flushes=4 flush_us=3040 padtrace=4 rom=sd:/wii64/roms/Mario Party 3 (E) (M4) [!].z64
=== chain 6/6 end vis=900 how=vis rom=sd:/wii64/roms/Mario Party 3 (E) (M4) [!].z64 ===
