--- wii64 perf log ---
mark: diag config: wiiload arguments
mark: wiiload dynacore argument received
mark: diag received dynacore line
mark: diag requested core: dynarec
mark: pad replay records: 7
selftest:
  raw[0]=51286179969563110
  raw[1]=51286179969563114
  raw[2]=51286179969563130
  raw[3]=51286179969563143
  raw[4]=51286179969563155
  delta[0]=0us
  delta[1]=0us
  delta[2]=0us
  delta[3]=0us
mark: audio quality: accurate
mark: audio modes: n64=0 output=0 mixer=0 latency=2 sync=0
mark: diag applied core: dynarec
mark: HBC agent ready
mark: loadROM: enter
mark: loadROM: before rom_read
mark: ROMCache_load: enter
mark: ROMCache_load: before first read
mark: ROMCache_load: first read returned
mark: ROMCache_load: byte_swap_type set
mark: ROMCache_load: first byte_swap done
menufps: 8.7
menufps: 8.2
menufps: 8.2
mark: ROMCache_load: loop exited normally
mark: ROMCache_load: elapsed_us=2017829 bytes=8388608 vm=0
mark: loadROM: after rom_read
mark: loadROM: before init_memory
mark: loadROM: after init_memory
mark: loadROM: before romOpen_gfx
mark: loadROM: after romOpen_gfx / before romOpen_audio
mark: loadROM: after romOpen_audio / before romOpen_input
mark: loadROM: after romOpen_input / before cpu_init
mark: loadROM: after cpu_init
menufps: 2.9
menufps: 1.0
menufps: 0.6
fps: 0.0
first_vi: vi0_retrace=366
vis: 0.0
cpu: exceptions=0 cacheResets=0 batches=0 verts=0 texStalls=0 recompiles=0 underruns=0 overruns=0 sleep_us=0 queue_ms=0
mark: CPU core dispatch: dynarec
vis: 60.0
cpu: exceptions=240 cacheResets=1 batches=0 verts=0 texStalls=0 recompiles=189 underruns=1 overruns=0 sleep_us=227805 queue_ms=118
vis: 60.0
cpu: exceptions=540 cacheResets=1 batches=0 verts=0 texStalls=0 recompiles=198 underruns=1 overruns=0 sleep_us=704315 queue_ms=123
vis: 60.0
cpu: exceptions=840 cacheResets=1 batches=0 verts=0 texStalls=0 recompiles=204 underruns=1 overruns=0 sleep_us=1180907 queue_ms=120
vis: 60.0
cpu: exceptions=1135 cacheResets=1 batches=0 verts=0 texStalls=0 recompiles=204 underruns=1 overruns=0 sleep_us=1658106 queue_ms=115
fps: 0.5
vis: 60.0
cpu: exceptions=1430 cacheResets=1 batches=414 verts=9387 texStalls=0 recompiles=468 underruns=2 overruns=0 sleep_us=1967311 queue_ms=11
fps: 20.0
vis: 60.0
cpu: exceptions=1587 cacheResets=1 batches=2484 verts=56322 texStalls=0 recompiles=475 underruns=2 overruns=0 sleep_us=2377071 queue_ms=9
fps: 30.0
vis: 60.0
cpu: exceptions=1751 cacheResets=1 batches=4554 verts=103257 texStalls=0 recompiles=478 underruns=2 overruns=0 sleep_us=2785687 queue_ms=15
fps: 30.0
vis: 60.0
cpu: exceptions=1893 cacheResets=1 batches=6624 verts=150192 texStalls=0 recompiles=478 underruns=2 overruns=0 sleep_us=3203757 queue_ms=11
fps: 30.0
vis: 60.0
cpu: exceptions=2035 cacheResets=1 batches=8694 verts=197127 texStalls=0 recompiles=478 underruns=2 overruns=0 sleep_us=3621127 queue_ms=16
fps: 30.0
vis: 60.0
cpu: exceptions=2177 cacheResets=1 batches=10767 verts=244080 texStalls=0 recompiles=489 underruns=2 overruns=0 sleep_us=4037587 queue_ms=13
fps: 30.0
vis: 60.0
cpu: exceptions=2318 cacheResets=1 batches=12574 verts=284835 texStalls=0 recompiles=498 underruns=2 overruns=0 sleep_us=4458728 queue_ms=18
vis: 60.0
cpu: exceptions=2637 cacheResets=1 batches=12574 verts=284835 texStalls=0 recompiles=675 underruns=4 overruns=0 sleep_us=4621765 queue_ms=32
vis: 60.0
cpu: exceptions=2727 cacheResets=1 batches=12574 verts=284835 texStalls=0 recompiles=733 underruns=4 overruns=0 sleep_us=4805923 queue_ms=28
vis: 60.0
cpu: exceptions=2817 cacheResets=1 batches=12574 verts=284835 texStalls=0 recompiles=784 underruns=4 overruns=0 sleep_us=5070732 queue_ms=34
fps: 4.9
vis: 60.0
cpu: exceptions=2960 cacheResets=1 batches=13906 verts=302151 texStalls=0 recompiles=910 underruns=6 overruns=0 sleep_us=5293647 queue_ms=8
fps: 15.1
vis: 60.0
cpu: exceptions=3117 cacheResets=1 batches=18795 verts=366450 texStalls=0 recompiles=910 underruns=6 overruns=0 sleep_us=5436795 queue_ms=4
fps: 30.0
vis: 60.0
cpu: exceptions=3272 cacheResets=1 batches=23664 verts=430377 texStalls=0 recompiles=927 underruns=6 overruns=0 sleep_us=5579819 queue_ms=8
fps: 30.0
vis: 60.0
cpu: exceptions=3435 cacheResets=1 batches=28530 verts=494268 texStalls=0 recompiles=927 underruns=6 overruns=0 sleep_us=5722639 queue_ms=5
fps: 30.0
vis: 60.0
cpu: exceptions=3590 cacheResets=1 batches=33399 verts=558177 texStalls=0 recompiles=927 underruns=6 overruns=0 sleep_us=5875739 queue_ms=10
fps: 29.2
vis: 60.0
cpu: exceptions=3761 cacheResets=1 batches=38257 verts=622020 texStalls=0 recompiles=927 underruns=8 overruns=0 sleep_us=6013721 queue_ms=15
fps: 29.9
vis: 60.0
cpu: exceptions=3977 cacheResets=1 batches=43140 verts=686013 texStalls=0 recompiles=936 underruns=8 overruns=0 sleep_us=6131285 queue_ms=12
fps: 20.0
vis: 60.0
cpu: exceptions=4233 cacheResets=1 batches=43732 verts=693738 texStalls=0 recompiles=1065 underruns=10 overruns=0 sleep_us=6385022 queue_ms=13
fps: 31.6
vis: 60.0
cpu: exceptions=4400 cacheResets=1 batches=44538 verts=704154 texStalls=0 recompiles=1065 underruns=10 overruns=0 sleep_us=6765708 queue_ms=8
fps: 30.0
vis: 60.0
cpu: exceptions=4572 cacheResets=1 batches=45333 verts=714504 texStalls=0 recompiles=1065 underruns=10 overruns=0 sleep_us=7145715 queue_ms=4
fps: 30.0
vis: 60.0
cpu: exceptions=4737 cacheResets=1 batches=46128 verts=724854 texStalls=0 recompiles=1065 underruns=10 overruns=0 sleep_us=7536197 queue_ms=9
fps: 30.0
vis: 60.0
cpu: exceptions=4910 cacheResets=1 batches=46923 verts=735204 texStalls=0 recompiles=1065 underruns=10 overruns=0 sleep_us=7914908 queue_ms=6
fps: 30.0
vis: 60.0
cpu: exceptions=5089 cacheResets=1 batches=47718 verts=745554 texStalls=0 recompiles=1065 underruns=10 overruns=0 sleep_us=8287386 queue_ms=10
fps: 30.0
vis: 60.0
cpu: exceptions=5262 cacheResets=1 batches=48513 verts=755904 texStalls=0 recompiles=1065 underruns=10 overruns=0 sleep_us=8663920 queue_ms=7
fps: 30.0
vis: 60.0
cpu: exceptions=5431 cacheResets=1 batches=49308 verts=766254 texStalls=0 recompiles=1065 underruns=10 overruns=0 sleep_us=9047508 queue_ms=13
fps: 30.0
mark: stop reason: chain guest VI limit
mark: stop_it requested
audio: alist_resample_calls=12384 alist_resample_samples=1625832 alist_zoh_calls=0 alist_zoh_samples=0 musyx_subframes=0 musyx_voices=0 musyx_voice_peak=0
audio_stages: adpcm_calls=12114 adpcm_samples=1459184 envmix_calls=11818 envmix_samples=1577288 mix_calls=3468 mix_samples=1109760 musyx_fx_calls=0 musyx_fx_taps=0 output_calls=868 output_samples=462864
audio_envmix: exp_calls=11818 ge_calls=0 lin_calls=0 nead_calls=0 exp_steady=9585 ge_steady=0 lin_steady=0
audio_gaps: nead_mats=0 nead_efz=0 resample_flag2=0 musyx_ptr10=0
audio_output: stream_requests=3699 stream_fed=1607 input_hz=32006 playback_hz=32006 queue_peak_ms=141
probe_schema: version=2 self=1 interval=127
vm_io: read_ahead=1 reads=0 hits=0 read_bytes=0 writes=0 write_bytes=0 errors=0
subsystem_time: stage=rsp_gfx calls=320 timed_calls=320 period=1 timed_us=1037929
subsystem_time: stage=rsp_audio calls=867 timed_calls=867 period=1 timed_us=339267
subsystem_time: stage=rsp_other calls=0 timed_calls=0 period=1 timed_us=0
subsystem_time: stage=lookup calls=2962347 timed_calls=23325 period=127 timed_us=5182
subsystem_time: stage=compile calls=1065 timed_calls=1065 period=1 timed_us=117044
subsystem_time: stage=dispatch calls=2809942 timed_calls=22125 period=127 timed_us=19802
subsystem_self: stage=dispatch calls=2809942 timed_calls=22125 self_us=13644 dropped=0
subsystem_time: stage=execute_inclusive calls=2809942 timed_calls=22125 period=127 timed_us=91336
subsystem_self: stage=execute_inclusive calls=2809942 timed_calls=22125 self_us=25396 dropped=0
subsystem_time: stage=rom_copy calls=1195 timed_calls=1195 period=1 timed_us=23410
subsystem_time: stage=present calls=899 timed_calls=899 period=1 timed_us=19737
subsystem_time: stage=limiter calls=868 timed_calls=868 period=1 timed_us=9414728
subsystem_time: stage=vm_fault calls=0 timed_calls=0 period=1 timed_us=0
subsystem_time: stage=vm_victim calls=0 timed_calls=0 period=1 timed_us=0
subsystem_time: stage=vm_read calls=0 timed_calls=0 period=1 timed_us=0
subsystem_time: stage=vm_write calls=0 timed_calls=0 period=1 timed_us=0
subsystem_time: stage=tex_hash calls=22216 timed_calls=22216 period=1 timed_us=146098
subsystem_time: stage=tex_lookup calls=22216 timed_calls=22216 period=1 timed_us=6849
subsystem_time: stage=tex_load calls=68 timed_calls=68 period=1 timed_us=2779
subsystem_time: stage=tex_activate calls=22216 timed_calls=22216 period=1 timed_us=11818
subsystem_time: stage=draw_triangles calls=50103 timed_calls=50103 period=1 timed_us=126378
subsystem_time: stage=draw_rect calls=6995 timed_calls=6995 period=1 timed_us=50582
subsystem_time: stage=gfx_list calls=320 timed_calls=320 period=1 timed_us=1037284
subsystem_time: stage=gfx_command calls=667942 timed_calls=5259 period=127 timed_us=8945
gfx_ucodes: mask=00000001
gfx_opcode: op=01 calls=16053 timed_calls=125 timed_us=58
gfx_opcode: op=03 calls=9002 timed_calls=80 timed_us=41
gfx_opcode: op=04 calls=46683 timed_calls=391 timed_us=2457
gfx_opcode: op=06 calls=39725 timed_calls=315 timed_us=55
gfx_opcode: op=b4 calls=1445 timed_calls=8 timed_us=1
gfx_opcode: op=b6 calls=8193 timed_calls=58 timed_us=8
gfx_opcode: op=b7 calls=5291 timed_calls=37 timed_us=5
gfx_opcode: op=b8 calls=34643 timed_calls=259 timed_us=33
gfx_opcode: op=b9 calls=20748 timed_calls=177 timed_us=23
gfx_opcode: op=ba calls=8942 timed_calls=77 timed_us=15
gfx_opcode: op=bb calls=17166 timed_calls=124 timed_us=24
gfx_opcode: op=bc calls=7055 timed_calls=54 timed_us=12
gfx_opcode: op=bd calls=1951 timed_calls=16 timed_us=2
gfx_opcode: op=bf calls=258868 timed_calls=2034 timed_us=4111
gfx_opcode: op=e4 calls=6130 timed_calls=50 timed_us=394
gfx_opcode: op=e6 calls=22216 timed_calls=177 timed_us=22
gfx_opcode: op=e7 calls=29613 timed_calls=231 timed_us=31
gfx_opcode: op=e8 calls=1841 timed_calls=15 timed_us=2
gfx_opcode: op=e9 calls=320 timed_calls=3 timed_us=3
gfx_opcode: op=ed calls=2299 timed_calls=14 timed_us=6
gfx_opcode: op=f2 calls=20865 timed_calls=159 timed_us=39
gfx_opcode: op=f3 calls=22216 timed_calls=181 timed_us=737
gfx_opcode: op=f5 calls=38000 timed_calls=294 timed_us=54
gfx_opcode: op=f6 calls=1185 timed_calls=8 timed_us=335
gfx_opcode: op=f7 calls=865 timed_calls=7 timed_us=3
gfx_opcode: op=f9 calls=38 timed_calls=0 timed_us=0
gfx_opcode: op=fa calls=5657 timed_calls=51 timed_us=8
gfx_opcode: op=fb calls=1307 timed_calls=8 timed_us=1
gfx_opcode: op=fc calls=16449 timed_calls=122 timed_us=15
gfx_opcode: op=fd calls=22216 timed_calls=175 timed_us=25
gfx_opcode: op=fe calls=320 timed_calls=2 timed_us=1
gfx_opcode: op=ff calls=640 timed_calls=7 timed_us=4
subsystem_time: stage=vertex calls=543899 timed_calls=4282 period=127 timed_us=1500
subsystem_time: stage=gfx_state calls=39288 timed_calls=309 period=127 timed_us=1918
subsystem_self: stage=gfx_state calls=39288 timed_calls=309 self_us=615 dropped=0
subsystem_time: stage=gx_wait calls=4 timed_calls=4 period=1 timed_us=2536
subsystem_time: stage=dma_pi calls=1195 timed_calls=1195 period=1 timed_us=58472
subsystem_time: stage=dma_sp calls=2374 timed_calls=2374 period=1 timed_us=2230
subsystem_time: stage=dma_si calls=964 timed_calls=964 period=1 timed_us=7537
subsystem_time: stage=tlb_translate calls=200897 timed_calls=1581 period=127 timed_us=175
subsystem_time: stage=pif calls=965 timed_calls=965 period=1 timed_us=6771
subsystem_time: stage=input calls=1276 timed_calls=1276 period=1 timed_us=5529
subsystem_time: stage=guest_interrupt calls=6737 timed_calls=6737 period=1 timed_us=9479337
subsystem_self: stage=guest_interrupt calls=6737 timed_calls=6737 self_us=20606 dropped=0
subsystem_time: stage=interpreter_inclusive calls=0 timed_calls=0 period=1 timed_us=0
subsystem_self: stage=interpreter_inclusive calls=0 timed_calls=0 self_us=0 dropped=0
subsystem_time: stage=audio_submit calls=868 timed_calls=868 period=1 timed_us=9795
subsystem_time: stage=audio_callback calls=9352 timed_calls=9352 period=1 timed_us=6201
subsystem_time: stage=memory_slow calls=537473 timed_calls=4232 period=127 timed_us=9110
subsystem_self: stage=memory_slow calls=537473 timed_calls=4232 self_us=1955 dropped=0
subsystem_time: stage=jit_invalidate calls=152405 timed_calls=1200 period=127 timed_us=244
subsystem_time: stage=cpu_helper calls=6879865 timed_calls=54172 period=127 timed_us=21575
subsystem_time: stage=storage_read calls=0 timed_calls=0 period=1 timed_us=0
subsystem_time: stage=storage_write calls=0 timed_calls=0 period=1 timed_us=0
subsystem_time: stage=save_load calls=0 timed_calls=0 period=1 timed_us=0
subsystem_time: stage=save_write calls=0 timed_calls=0 period=1 timed_us=0
subsystem_time: stage=state_load calls=0 timed_calls=0 period=1 timed_us=0
subsystem_time: stage=state_save calls=0 timed_calls=0 period=1 timed_us=0
subsystem_time: stage=probe_io calls=3 timed_calls=3 period=1 timed_us=32009
subsystem_time: stage=agent_poll calls=1809 timed_calls=1809 period=1 timed_us=341
audio_time: stage=resample sampled_calls=97 sampled_samples=12824 sampled_us=547
audio_time: stage=zoh sampled_calls=0 sampled_samples=0 sampled_us=0
audio_time: stage=adpcm sampled_calls=95 sampled_samples=11424 sampled_us=493
audio_time: stage=envmix_exp sampled_calls=93 sampled_samples=12456 sampled_us=1129
audio_time: stage=envmix_ge sampled_calls=0 sampled_samples=0 sampled_us=0
audio_time: stage=envmix_lin sampled_calls=0 sampled_samples=0 sampled_us=0
audio_time: stage=envmix_nead sampled_calls=0 sampled_samples=0 sampled_us=0
audio_time: stage=mix sampled_calls=27 sampled_samples=8640 sampled_us=150
audio_time: stage=musyx_voice sampled_calls=0 sampled_samples=0 sampled_us=0
audio_time: stage=musyx_fx sampled_calls=0 sampled_samples=0 sampled_us=0
audio_time: stage=output sampled_calls=6 sampled_samples=3200 sampled_us=56
gpu_counters: clks=3686753864 tb_clks=3686753944 ras_busy=60973773 xf_wait_in=3571661370 xf_wait_out=78133594 ras_peak_permille=28 ztop_in=238008748 ztop_out=229859880 z_in=385512 z_out=381776 blend_in=230367024 copy_clks=45735872 fifo_overflows=0
game: n=1/4 how=vis vis=900 vi_rate=60 vi0_retrace=366 wall_us=15171749 sleep_us=9412146 avg_vis=58.00 avg_fps=25.05 exceptions=5593 cacheResets=1 recompiles=1065 batches=50103 verts=776604 texStalls=0 treeDepthMax=14 underruns=10 overruns=0 queue_peak_ms=123 dsp_avg=1.49 dsp_peak=1.90 dsp_samples=30 pmc1=4059787835 pmc2=4326858536 pmc3=0 pmc4=0 mmcr0=00000042 mmcr1=00000000 heap_used=10840044 heap_free=36488 arena1_free=356352 arena2_free=288704 flushes=3 flush_us=32008 padtrace=6 rom=sd:/wii64/roms/Super Mario 64.v64
=== chain 1/4 end vis=900 how=vis rom=sd:/wii64/roms/Super Mario 64.v64 ===
mark: pad replay records: 22
mark: loadROM: enter
mark: loadROM: before rom_read
mark: ROMCache_load: enter
mark: ROMCache_load: before first read
mark: ROMCache_load: first read returned
mark: ROMCache_load: byte_swap_type set
mark: ROMCache_load: first byte_swap done
menufps: 0.1
menufps: 8.5
menufps: 8.3
menufps: 8.1
menufps: 8.3
menufps: 7.8
mark: ROMCache_load: loop exited normally
mark: ROMCache_load: elapsed_us=3131718 bytes=13893632 vm=0
mark: loadROM: after rom_read
mark: loadROM: before init_memory
mark: loadROM: after init_memory
mark: loadROM: before romOpen_gfx
mark: loadROM: after romOpen_gfx / before romOpen_audio
mark: loadROM: after romOpen_audio / before romOpen_input
mark: loadROM: after romOpen_input / before cpu_init
mark: loadROM: after cpu_init
menufps: 2.2
menufps: 1.0
menufps: 1.0
fps: 0.1
first_vi: vi0_retrace=1672
vis: 4.1
cpu: exceptions=0 cacheResets=0 batches=0 verts=0 texStalls=0 recompiles=0 underruns=0 overruns=0 sleep_us=0 queue_ms=0
mark: CPU core dispatch: dynarec
vis: 60.0
cpu: exceptions=1029 cacheResets=1 batches=0 verts=0 texStalls=0 recompiles=316 underruns=2 overruns=0 sleep_us=76330 queue_ms=116
vis: 60.0
cpu: exceptions=1329 cacheResets=1 batches=0 verts=0 texStalls=0 recompiles=316 underruns=2 overruns=0 sleep_us=546456 queue_ms=124
vis: 60.0
cpu: exceptions=1629 cacheResets=1 batches=0 verts=0 texStalls=0 recompiles=331 underruns=2 overruns=0 sleep_us=1015043 queue_ms=120
vis: 60.0
cpu: exceptions=1929 cacheResets=1 batches=0 verts=0 texStalls=0 recompiles=331 underruns=2 overruns=0 sleep_us=1484971 queue_ms=127
vis: 60.0
cpu: exceptions=2229 cacheResets=1 batches=0 verts=0 texStalls=0 recompiles=331 underruns=2 overruns=0 sleep_us=1955030 queue_ms=124
vis: 60.0
cpu: exceptions=2528 cacheResets=1 batches=0 verts=0 texStalls=0 recompiles=331 underruns=2 overruns=0 sleep_us=2425003 queue_ms=131
vis: 60.0
cpu: exceptions=2864 cacheResets=1 batches=0 verts=0 texStalls=0 recompiles=344 underruns=2 overruns=0 sleep_us=2886867 queue_ms=127
fps: 0.8
vis: 60.0
cpu: exceptions=3438 cacheResets=1 batches=64 verts=4140 texStalls=0 recompiles=468 underruns=2 overruns=0 sleep_us=3306470 queue_ms=133
fps: 1.6
vis: 60.0
cpu: exceptions=3543 cacheResets=1 batches=576 verts=37260 texStalls=0 recompiles=528 underruns=2 overruns=0 sleep_us=3516419 queue_ms=28
fps: 30.2
vis: 60.0
cpu: exceptions=3684 cacheResets=1 batches=1536 verts=99360 texStalls=0 recompiles=528 underruns=2 overruns=0 sleep_us=3659865 queue_ms=14
fps: 30.0
vis: 60.0
cpu: exceptions=3820 cacheResets=1 batches=2304 verts=149040 texStalls=0 recompiles=566 underruns=2 overruns=0 sleep_us=3809135 queue_ms=20
vis: 60.0
cpu: exceptions=3916 cacheResets=1 batches=2304 verts=149040 texStalls=0 recompiles=566 underruns=2 overruns=0 sleep_us=3986372 queue_ms=17
fps: 3.9
vis: 60.0
cpu: exceptions=4015 cacheResets=1 batches=2424 verts=149760 texStalls=0 recompiles=598 underruns=3 overruns=0 sleep_us=4254205 queue_ms=34
fps: 1.7
vis: 56.8
cpu: exceptions=4117 cacheResets=1 batches=2904 verts=152640 texStalls=0 recompiles=610 underruns=7 overruns=0 sleep_us=4572592 queue_ms=7
fps: 29.4
vis: 58.6
cpu: exceptions=4331 cacheResets=1 batches=4704 verts=163440 texStalls=0 recompiles=611 underruns=8 overruns=0 sleep_us=4607061 queue_ms=11
fps: 29.3
vis: 58.6
cpu: exceptions=4532 cacheResets=1 batches=6504 verts=174240 texStalls=0 recompiles=614 underruns=9 overruns=0 sleep_us=4637846 queue_ms=8
fps: 29.3
vis: 58.6
cpu: exceptions=4725 cacheResets=1 batches=8304 verts=185040 texStalls=0 recompiles=614 underruns=11 overruns=0 sleep_us=4665342 queue_ms=15
fps: 29.3
vis: 58.6
cpu: exceptions=4919 cacheResets=1 batches=10104 verts=195840 texStalls=0 recompiles=614 underruns=11 overruns=0 sleep_us=4694374 queue_ms=10
fps: 29.3
vis: 58.6
cpu: exceptions=5098 cacheResets=1 batches=11904 verts=206640 texStalls=0 recompiles=614 underruns=12 overruns=0 sleep_us=4727169 queue_ms=5
fps: 29.3
vis: 58.6
cpu: exceptions=5276 cacheResets=1 batches=13704 verts=217440 texStalls=0 recompiles=618 underruns=14 overruns=0 sleep_us=4758551 queue_ms=13
vis: 60.0
cpu: exceptions=5457 cacheResets=1 batches=15024 verts=225360 texStalls=0 recompiles=625 underruns=14 overruns=0 sleep_us=4809237 queue_ms=19
vis: 60.0
cpu: exceptions=5608 cacheResets=1 batches=15024 verts=225360 texStalls=0 recompiles=625 underruns=14 overruns=0 sleep_us=4957391 queue_ms=14
vis: 60.0
cpu: exceptions=5716 cacheResets=1 batches=15024 verts=225360 texStalls=0 recompiles=631 underruns=14 overruns=0 sleep_us=5173370 queue_ms=21
fps: 7.4
vis: 58.1
cpu: exceptions=5838 cacheResets=1 batches=15024 verts=225360 texStalls=0 recompiles=674 underruns=15 overruns=0 sleep_us=5388249 queue_ms=17
fps: 30.8
vis: 58.8
cpu: exceptions=6051 cacheResets=1 batches=15024 verts=225360 texStalls=0 recompiles=674 underruns=16 overruns=0 sleep_us=5458996 queue_ms=13
fps: 29.4
vis: 58.9
cpu: exceptions=6240 cacheResets=1 batches=15024 verts=225360 texStalls=0 recompiles=674 underruns=16 overruns=0 sleep_us=5531235 queue_ms=8
fps: 29.4
vis: 58.9
cpu: exceptions=6411 cacheResets=1 batches=15024 verts=225360 texStalls=0 recompiles=674 underruns=17 overruns=0 sleep_us=5608224 queue_ms=16
fps: 29.5
vis: 58.9
cpu: exceptions=6578 cacheResets=1 batches=15024 verts=225360 texStalls=0 recompiles=674 underruns=18 overruns=0 sleep_us=5686783 queue_ms=12
fps: 29.5
vis: 59.0
cpu: exceptions=6748 cacheResets=1 batches=15024 verts=225360 texStalls=0 recompiles=674 underruns=18 overruns=0 sleep_us=5765842 queue_ms=8
fps: 28.9
vis: 58.4
cpu: exceptions=6921 cacheResets=1 batches=15024 verts=225360 texStalls=0 recompiles=681 underruns=20 overruns=0 sleep_us=5844439 queue_ms=5
fps: 29.2
vis: 58.8
cpu: exceptions=7087 cacheResets=1 batches=15024 verts=225360 texStalls=0 recompiles=686 underruns=21 overruns=0 sleep_us=5907718 queue_ms=11
fps: 29.5
vis: 58.9
cpu: exceptions=7256 cacheResets=1 batches=15024 verts=225360 texStalls=0 recompiles=686 underruns=22 overruns=0 sleep_us=5983526 queue_ms=7
fps: 29.5
vis: 59.0
cpu: exceptions=7428 cacheResets=1 batches=15024 verts=225360 texStalls=0 recompiles=686 underruns=23 overruns=0 sleep_us=6069340 queue_ms=14
fps: 29.5
vis: 59.0
cpu: exceptions=7588 cacheResets=1 batches=15024 verts=225360 texStalls=0 recompiles=686 underruns=24 overruns=0 sleep_us=6157079 queue_ms=21
fps: 29.5
vis: 59.0
cpu: exceptions=7762 cacheResets=1 batches=15024 verts=225360 texStalls=0 recompiles=686 underruns=24 overruns=0 sleep_us=6242559 queue_ms=7
fps: 29.5
vis: 59.0
cpu: exceptions=7938 cacheResets=1 batches=15024 verts=225360 texStalls=0 recompiles=686 underruns=25 overruns=0 sleep_us=6328253 queue_ms=14
fps: 29.5
vis: 59.0
cpu: exceptions=8106 cacheResets=1 batches=15024 verts=225360 texStalls=0 recompiles=686 underruns=26 overruns=0 sleep_us=6415428 queue_ms=10
fps: 29.5
vis: 59.0
cpu: exceptions=8281 cacheResets=1 batches=15024 verts=225360 texStalls=0 recompiles=686 underruns=26 overruns=0 sleep_us=6501260 queue_ms=6
fps: 29.5
vis: 59.0
cpu: exceptions=8450 cacheResets=1 batches=15024 verts=225360 texStalls=0 recompiles=686 underruns=27 overruns=0 sleep_us=6590521 queue_ms=12
fps: 29.6
vis: 58.8
cpu: exceptions=8616 cacheResets=1 batches=15024 verts=225360 texStalls=0 recompiles=688 underruns=28 overruns=0 sleep_us=6700207 queue_ms=8
fps: 29.3
vis: 59.1
cpu: exceptions=8775 cacheResets=1 batches=15024 verts=225360 texStalls=0 recompiles=688 underruns=29 overruns=0 sleep_us=6807722 queue_ms=16
fps: 29.6
vis: 59.0
cpu: exceptions=8941 cacheResets=1 batches=15024 verts=225360 texStalls=0 recompiles=688 underruns=29 overruns=0 sleep_us=6910355 queue_ms=11
fps: 29.5
vis: 59.0
cpu: exceptions=9132 cacheResets=1 batches=15024 verts=225360 texStalls=0 recompiles=688 underruns=30 overruns=0 sleep_us=6991329 queue_ms=7
fps: 29.5
vis: 59.1
cpu: exceptions=9305 cacheResets=1 batches=15024 verts=225360 texStalls=0 recompiles=688 underruns=31 overruns=0 sleep_us=7079728 queue_ms=14
fps: 29.6
vis: 59.0
cpu: exceptions=9461 cacheResets=1 batches=15024 verts=225360 texStalls=0 recompiles=688 underruns=31 overruns=0 sleep_us=7181935 queue_ms=10
fps: 29.5
vis: 59.1
cpu: exceptions=9618 cacheResets=1 batches=15024 verts=225360 texStalls=0 recompiles=688 underruns=32 overruns=0 sleep_us=7283509 queue_ms=17
fps: 29.6
vis: 59.0
cpu: exceptions=9771 cacheResets=1 batches=15024 verts=225360 texStalls=0 recompiles=688 underruns=33 overruns=0 sleep_us=7386598 queue_ms=13
fps: 29.5
vis: 59.1
cpu: exceptions=9929 cacheResets=1 batches=15024 verts=225360 texStalls=0 recompiles=688 underruns=33 overruns=0 sleep_us=7493074 queue_ms=8
fps: 29.5
vis: 59.1
cpu: exceptions=10084 cacheResets=1 batches=15024 verts=225360 texStalls=0 recompiles=688 underruns=34 overruns=0 sleep_us=7601343 queue_ms=14
fps: 28.7
vis: 59.1
cpu: exceptions=10246 cacheResets=1 batches=15024 verts=225360 texStalls=0 recompiles=688 underruns=36 overruns=0 sleep_us=7710142 queue_ms=10
fps: 29.5
vis: 59.1
cpu: exceptions=10398 cacheResets=1 batches=15024 verts=225360 texStalls=0 recompiles=688 underruns=37 overruns=0 sleep_us=7815835 queue_ms=17
fps: 29.6
vis: 59.1
cpu: exceptions=10554 cacheResets=1 batches=15024 verts=225360 texStalls=0 recompiles=688 underruns=37 overruns=0 sleep_us=7918042 queue_ms=13
fps: 29.5
vis: 59.1
cpu: exceptions=10703 cacheResets=1 batches=15024 verts=225360 texStalls=0 recompiles=688 underruns=38 overruns=0 sleep_us=8034487 queue_ms=9
fps: 29.5
vis: 58.9
cpu: exceptions=10905 cacheResets=1 batches=15024 verts=225360 texStalls=0 recompiles=688 underruns=38 overruns=0 sleep_us=8117720 queue_ms=5
fps: 29.4
vis: 58.9
cpu: exceptions=11098 cacheResets=1 batches=15024 verts=225360 texStalls=0 recompiles=688 underruns=39 overruns=0 sleep_us=8192127 queue_ms=11
fps: 29.5
vis: 59.0
cpu: exceptions=11280 cacheResets=1 batches=15024 verts=225360 texStalls=0 recompiles=688 underruns=40 overruns=0 sleep_us=8274377 queue_ms=7
fps: 29.5
vis: 59.0
cpu: exceptions=11454 cacheResets=1 batches=15024 verts=225360 texStalls=0 recompiles=688 underruns=41 overruns=0 sleep_us=8360810 queue_ms=13
fps: 29.5
vis: 59.0
cpu: exceptions=11625 cacheResets=1 batches=15024 verts=225360 texStalls=0 recompiles=688 underruns=41 overruns=0 sleep_us=8447719 queue_ms=10
fps: 29.5
vis: 58.9
cpu: exceptions=11797 cacheResets=1 batches=15024 verts=225360 texStalls=0 recompiles=688 underruns=42 overruns=0 sleep_us=8534489 queue_ms=5
fps: 29.5
vis: 58.9
cpu: exceptions=11971 cacheResets=1 batches=15024 verts=225360 texStalls=0 recompiles=692 underruns=43 overruns=0 sleep_us=8620556 queue_ms=12
vis: 60.0
cpu: exceptions=12130 cacheResets=1 batches=15024 verts=225360 texStalls=0 recompiles=692 underruns=44 overruns=0 sleep_us=8719449 queue_ms=19
vis: 60.0
cpu: exceptions=12257 cacheResets=1 batches=15024 verts=225360 texStalls=0 recompiles=692 underruns=44 overruns=0 sleep_us=8872019 queue_ms=26
vis: 60.0
cpu: exceptions=12376 cacheResets=1 batches=15024 verts=225360 texStalls=0 recompiles=692 underruns=44 overruns=0 sleep_us=9076470 queue_ms=22
fps: 7.1
vis: 57.0
cpu: exceptions=12554 cacheResets=1 batches=15024 verts=225360 texStalls=0 recompiles=720 underruns=46 overruns=0 sleep_us=9274210 queue_ms=19
fps: 30.4
vis: 57.2
cpu: exceptions=12747 cacheResets=1 batches=15024 verts=225360 texStalls=0 recompiles=721 underruns=47 overruns=0 sleep_us=9332291 queue_ms=4
fps: 27.6
vis: 57.7
cpu: exceptions=12960 cacheResets=1 batches=15024 verts=225360 texStalls=0 recompiles=721 underruns=50 overruns=0 sleep_us=9346507 queue_ms=27
fps: 29.4
vis: 60.0
cpu: exceptions=13170 cacheResets=1 batches=15024 verts=225360 texStalls=0 recompiles=721 underruns=51 overruns=0 sleep_us=9354853 queue_ms=33
fps: 29.5
vis: 57.3
cpu: exceptions=13371 cacheResets=1 batches=15024 verts=225360 texStalls=0 recompiles=721 underruns=51 overruns=0 sleep_us=9369903 queue_ms=13
fps: 29.6
vis: 58.6
cpu: exceptions=13556 cacheResets=1 batches=15024 verts=225360 texStalls=0 recompiles=721 underruns=52 overruns=0 sleep_us=9433852 queue_ms=10
fps: 28.5
vis: 58.8
cpu: exceptions=13745 cacheResets=1 batches=15024 verts=225360 texStalls=0 recompiles=721 underruns=54 overruns=0 sleep_us=9491802 queue_ms=16
fps: 29.5
vis: 58.8
cpu: exceptions=13934 cacheResets=1 batches=15024 verts=225360 texStalls=0 recompiles=731 underruns=55 overruns=0 sleep_us=9541462 queue_ms=13
fps: 29.4
vis: 58.7
cpu: exceptions=14113 cacheResets=1 batches=15024 verts=225360 texStalls=0 recompiles=731 underruns=56 overruns=0 sleep_us=9623836 queue_ms=8
fps: 29.2
vis: 60.0
cpu: exceptions=14303 cacheResets=1 batches=15024 verts=225360 texStalls=0 recompiles=731 underruns=57 overruns=0 sleep_us=9698929 queue_ms=25
fps: 30.2
vis: 58.9
cpu: exceptions=14490 cacheResets=1 batches=15024 verts=225360 texStalls=0 recompiles=731 underruns=57 overruns=0 sleep_us=9745882 queue_ms=11
fps: 29.4
vis: 58.9
cpu: exceptions=14670 cacheResets=1 batches=15024 verts=225360 texStalls=0 recompiles=731 underruns=57 overruns=0 sleep_us=9827015 queue_ms=7
fps: 29.4
vis: 59.0
cpu: exceptions=14838 cacheResets=1 batches=15024 verts=225360 texStalls=0 recompiles=731 underruns=58 overruns=0 sleep_us=9922794 queue_ms=13
fps: 29.5
vis: 58.9
cpu: exceptions=15013 cacheResets=1 batches=15024 verts=225360 texStalls=0 recompiles=731 underruns=59 overruns=0 sleep_us=10010257 queue_ms=8
fps: 29.5
vis: 59.1
cpu: exceptions=15172 cacheResets=1 batches=15024 verts=225360 texStalls=0 recompiles=731 underruns=60 overruns=0 sleep_us=10117044 queue_ms=16
fps: 29.6
vis: 59.0
cpu: exceptions=15330 cacheResets=1 batches=15024 verts=225360 texStalls=0 recompiles=731 underruns=60 overruns=0 sleep_us=10227029 queue_ms=11
fps: 29.3
vis: 58.8
cpu: exceptions=15515 cacheResets=1 batches=15024 verts=225360 texStalls=0 recompiles=731 underruns=61 overruns=0 sleep_us=10302956 queue_ms=7
vis: 60.0
cpu: exceptions=15689 cacheResets=1 batches=15024 verts=225360 texStalls=0 recompiles=732 underruns=62 overruns=0 sleep_us=10379563 queue_ms=25
vis: 60.0
cpu: exceptions=15798 cacheResets=1 batches=15024 verts=225360 texStalls=0 recompiles=732 underruns=62 overruns=0 sleep_us=10542505 queue_ms=21
vis: 60.0
cpu: exceptions=15944 cacheResets=1 batches=15024 verts=225360 texStalls=0 recompiles=733 underruns=62 overruns=0 sleep_us=10750616 queue_ms=27
vis: 60.0
cpu: exceptions=16104 cacheResets=1 batches=15024 verts=225360 texStalls=0 recompiles=734 underruns=62 overruns=0 sleep_us=10980091 queue_ms=22
fps: 6.8
vis: 58.8
cpu: exceptions=16287 cacheResets=1 batches=15024 verts=225360 texStalls=0 recompiles=761 underruns=64 overruns=0 sleep_us=11025220 queue_ms=51
fps: 31.8
vis: 58.9
cpu: exceptions=16462 cacheResets=1 batches=15024 verts=225360 texStalls=0 recompiles=761 underruns=64 overruns=0 sleep_us=11094182 queue_ms=36
fps: 29.4
vis: 58.9
cpu: exceptions=16640 cacheResets=1 batches=15024 verts=225360 texStalls=0 recompiles=761 underruns=64 overruns=0 sleep_us=11163301 queue_ms=32
fps: 29.5
vis: 58.9
cpu: exceptions=16813 cacheResets=1 batches=15024 verts=225360 texStalls=0 recompiles=761 underruns=64 overruns=0 sleep_us=11234560 queue_ms=17
fps: 29.5
vis: 58.8
cpu: exceptions=16987 cacheResets=1 batches=15024 verts=225360 texStalls=0 recompiles=761 underruns=64 overruns=0 sleep_us=11309692 queue_ms=13
fps: 28.6
vis: 58.9
cpu: exceptions=17160 cacheResets=1 batches=15024 verts=225360 texStalls=0 recompiles=761 underruns=65 overruns=0 sleep_us=11381016 queue_ms=9
fps: 29.4
vis: 58.7
cpu: exceptions=17332 cacheResets=1 batches=15024 verts=225360 texStalls=0 recompiles=767 underruns=66 overruns=0 sleep_us=11425617 queue_ms=16
fps: 29.4
vis: 58.4
cpu: exceptions=17503 cacheResets=1 batches=15024 verts=225360 texStalls=0 recompiles=767 underruns=67 overruns=0 sleep_us=11480062 queue_ms=13
fps: 29.2
vis: 58.9
cpu: exceptions=17673 cacheResets=1 batches=15024 verts=225360 texStalls=0 recompiles=767 underruns=68 overruns=0 sleep_us=11546684 queue_ms=9
fps: 29.5
vis: 58.8
cpu: exceptions=17854 cacheResets=1 batches=15024 verts=225360 texStalls=0 recompiles=767 underruns=69 overruns=0 sleep_us=11610522 queue_ms=16
fps: 29.4
vis: 58.9
cpu: exceptions=18035 cacheResets=1 batches=15024 verts=225360 texStalls=0 recompiles=767 underruns=70 overruns=0 sleep_us=11664809 queue_ms=12
fps: 29.4
vis: 58.5
cpu: exceptions=18210 cacheResets=1 batches=15024 verts=225360 texStalls=0 recompiles=767 underruns=70 overruns=0 sleep_us=11729555 queue_ms=7
fps: 29.2
vis: 58.9
cpu: exceptions=18376 cacheResets=1 batches=15024 verts=225360 texStalls=0 recompiles=767 underruns=72 overruns=0 sleep_us=11798232 queue_ms=14
fps: 29.5
vis: 58.9
cpu: exceptions=18539 cacheResets=1 batches=15024 verts=225360 texStalls=0 recompiles=767 underruns=72 overruns=0 sleep_us=11887110 queue_ms=11
fps: 29.5
vis: 58.9
cpu: exceptions=18700 cacheResets=1 batches=15024 verts=225360 texStalls=0 recompiles=767 underruns=73 overruns=0 sleep_us=11976115 queue_ms=7
fps: 29.5
vis: 58.6
cpu: exceptions=18859 cacheResets=1 batches=15024 verts=225360 texStalls=0 recompiles=767 underruns=74 overruns=0 sleep_us=12069908 queue_ms=14
fps: 29.2
vis: 60.0
cpu: exceptions=19811 cacheResets=1 batches=15024 verts=225360 texStalls=0 recompiles=774 underruns=75 overruns=0 sleep_us=12127309 queue_ms=21
vis: 60.0
cpu: exceptions=20185 cacheResets=1 batches=15024 verts=225360 texStalls=0 recompiles=827 underruns=75 overruns=0 sleep_us=12394509 queue_ms=28
vis: 60.0
cpu: exceptions=20284 cacheResets=1 batches=15024 verts=225360 texStalls=0 recompiles=829 underruns=75 overruns=0 sleep_us=12747349 queue_ms=23
vis: 57.5
cpu: exceptions=20458 cacheResets=1 batches=15024 verts=225360 texStalls=0 recompiles=999 underruns=75 overruns=0 sleep_us=13064797 queue_ms=3
vis: 60.0
cpu: exceptions=20554 cacheResets=1 batches=15024 verts=225360 texStalls=0 recompiles=1016 underruns=76 overruns=0 sleep_us=13534585 queue_ms=16
fps: 3.5
vis: 60.0
cpu: exceptions=20739 cacheResets=1 batches=18916 verts=261780 texStalls=0 recompiles=1373 underruns=80 overruns=0 sleep_us=13562476 queue_ms=40
fps: 31.5
vis: 57.9
cpu: exceptions=20964 cacheResets=1 batches=24481 verts=312990 texStalls=0 recompiles=1405 underruns=80 overruns=0 sleep_us=13570291 queue_ms=19
fps: 28.3
vis: 54.5
cpu: exceptions=21231 cacheResets=1 batches=29938 verts=362364 texStalls=0 recompiles=1409 underruns=83 overruns=0 sleep_us=13574950 queue_ms=1
fps: 26.5
vis: 51.3
cpu: exceptions=21519 cacheResets=1 batches=35196 verts=409356 texStalls=0 recompiles=1410 underruns=90 overruns=0 sleep_us=13579499 queue_ms=7
fps: 24.1
vis: 50.3
cpu: exceptions=21839 cacheResets=1 batches=40617 verts=457326 texStalls=0 recompiles=1410 underruns=97 overruns=0 sleep_us=13580900 queue_ms=10
fps: 25.1
vis: 51.8
cpu: exceptions=22139 cacheResets=1 batches=45735 verts=503478 texStalls=0 recompiles=1417 underruns=103 overruns=0 sleep_us=13585614 queue_ms=5
fps: 28.5
vis: 60.0
cpu: exceptions=22448 cacheResets=1 batches=50303 verts=548706 texStalls=0 recompiles=1417 underruns=105 overruns=0 sleep_us=13617772 queue_ms=22
fps: 30.1
vis: 60.0
cpu: exceptions=22756 cacheResets=1 batches=54231 verts=590094 texStalls=0 recompiles=1417 underruns=105 overruns=0 sleep_us=13662283 queue_ms=28
fps: 30.1
vis: 60.0
cpu: exceptions=23067 cacheResets=1 batches=57465 verts=627318 texStalls=0 recompiles=1421 underruns=105 overruns=0 sleep_us=13707198 queue_ms=25
fps: 30.0
vis: 60.0
cpu: exceptions=23388 cacheResets=1 batches=60462 verts=663120 texStalls=0 recompiles=1422 underruns=105 overruns=0 sleep_us=13765797 queue_ms=32
fps: 30.0
vis: 60.0
cpu: exceptions=23690 cacheResets=1 batches=63437 verts=698790 texStalls=0 recompiles=1489 underruns=105 overruns=0 sleep_us=13813158 queue_ms=28
fps: 29.9
vis: 60.0
cpu: exceptions=23985 cacheResets=1 batches=66356 verts=734124 texStalls=0 recompiles=1503 underruns=105 overruns=0 sleep_us=13858827 queue_ms=35
fps: 30.1
vis: 60.0
cpu: exceptions=24306 cacheResets=1 batches=69225 verts=769158 texStalls=0 recompiles=1504 underruns=105 overruns=0 sleep_us=13917013 queue_ms=32
fps: 29.9
vis: 60.0
cpu: exceptions=24610 cacheResets=1 batches=72138 verts=804456 texStalls=0 recompiles=1504 underruns=105 overruns=0 sleep_us=13988188 queue_ms=28
fps: 30.0
vis: 60.0
cpu: exceptions=24900 cacheResets=1 batches=75053 verts=839766 texStalls=0 recompiles=1504 underruns=105 overruns=0 sleep_us=14070081 queue_ms=34
mark: stop reason: chain guest VI limit
mark: stop_it requested
audio: alist_resample_calls=124134 alist_resample_samples=18520696 alist_zoh_calls=0 alist_zoh_samples=0 musyx_subframes=0 musyx_voices=0 musyx_voice_peak=0
audio_stages: adpcm_calls=128102 adpcm_samples=19590016 envmix_calls=124134 envmix_samples=18520696 mix_calls=21240 mix_samples=8156160 musyx_fx_calls=0 musyx_fx_taps=0 output_calls=3566 output_samples=1595408
audio_envmix: exp_calls=0 ge_calls=0 lin_calls=0 nead_calls=124134 exp_steady=0 ge_steady=0 lin_steady=0
audio_gaps: nead_mats=0 nead_efz=0 resample_flag2=0 musyx_ptr10=0
audio_output: stream_requests=7534 stream_fed=5539 input_hz=26807 playback_hz=26807 queue_peak_ms=149
probe_schema: version=2 self=1 interval=127
vm_io: read_ahead=1 reads=0 hits=0 read_bytes=0 writes=0 write_bytes=0 errors=0
subsystem_time: stage=rsp_gfx calls=1428 timed_calls=1428 period=1 timed_us=29203315
subsystem_time: stage=rsp_audio calls=3540 timed_calls=3540 period=1 timed_us=3011636
subsystem_time: stage=rsp_other calls=0 timed_calls=0 period=1 timed_us=0
subsystem_time: stage=lookup calls=8677853 timed_calls=68329 period=127 timed_us=15577
subsystem_time: stage=compile calls=1504 timed_calls=1504 period=1 timed_us=203732
subsystem_time: stage=dispatch calls=8651588 timed_calls=68122 period=127 timed_us=61437
subsystem_self: stage=dispatch calls=8651588 timed_calls=68122 self_us=42011 dropped=0
subsystem_time: stage=execute_inclusive calls=8651588 timed_calls=68122 period=127 timed_us=428440
subsystem_self: stage=execute_inclusive calls=8651588 timed_calls=68122 self_us=117288 dropped=0
subsystem_time: stage=rom_copy calls=8289 timed_calls=8289 period=1 timed_us=71374
subsystem_time: stage=present calls=3599 timed_calls=3599 period=1 timed_us=66254
subsystem_time: stage=limiter calls=1992 timed_calls=1992 period=1 timed_us=14120547
subsystem_time: stage=vm_fault calls=0 timed_calls=0 period=1 timed_us=0
subsystem_time: stage=vm_victim calls=0 timed_calls=0 period=1 timed_us=0
subsystem_time: stage=vm_read calls=0 timed_calls=0 period=1 timed_us=0
subsystem_time: stage=vm_write calls=0 timed_calls=0 period=1 timed_us=0
subsystem_time: stage=tex_hash calls=231269 timed_calls=231269 period=1 timed_us=1472050
subsystem_time: stage=tex_lookup calls=231269 timed_calls=231269 period=1 timed_us=346944
subsystem_time: stage=tex_load calls=1733 timed_calls=1733 period=1 timed_us=127513
subsystem_time: stage=tex_activate calls=231269 timed_calls=231269 period=1 timed_us=57469
subsystem_time: stage=draw_triangles calls=76811 timed_calls=76811 period=1 timed_us=169089
subsystem_time: stage=draw_rect calls=199209 timed_calls=199209 period=1 timed_us=2403814
subsystem_time: stage=gfx_list calls=1428 timed_calls=1428 period=1 timed_us=29200163
subsystem_time: stage=gfx_command calls=3052105 timed_calls=24032 period=127 timed_us=234622
gfx_ucodes: mask=00040000
gfx_opcode: op=01 calls=39357 timed_calls=314 timed_us=134
gfx_opcode: op=03 calls=4732 timed_calls=44 timed_us=50
gfx_opcode: op=04 calls=74849 timed_calls=554 timed_us=1970
gfx_opcode: op=06 calls=126570 timed_calls=947 timed_us=166
gfx_opcode: op=b1 calls=89645 timed_calls=765 timed_us=5894
gfx_opcode: op=b4 calls=811 timed_calls=8 timed_us=1
gfx_opcode: op=b5 calls=21636 timed_calls=179 timed_us=287
gfx_opcode: op=b6 calls=21527 timed_calls=177 timed_us=30
gfx_opcode: op=b7 calls=13822 timed_calls=106 timed_us=16
gfx_opcode: op=b8 calls=127998 timed_calls=986 timed_us=129
gfx_opcode: op=b9 calls=89659 timed_calls=704 timed_us=110
gfx_opcode: op=ba calls=160056 timed_calls=1283 timed_us=232
gfx_opcode: op=bb calls=35718 timed_calls=296 timed_us=62
gfx_opcode: op=bc calls=34815 timed_calls=258 timed_us=55
gfx_opcode: op=bd calls=36 timed_calls=0 timed_us=0
gfx_opcode: op=bf calls=64440 timed_calls=456 timed_us=1962
gfx_opcode: op=c0 calls=16873 timed_calls=139 timed_us=19
gfx_opcode: op=e4 calls=190158 timed_calls=1505 timed_us=19579
gfx_opcode: op=e6 calls=236572 timed_calls=1861 timed_us=253
gfx_opcode: op=e7 calls=327789 timed_calls=2617 timed_us=344
gfx_opcode: op=e8 calls=41869 timed_calls=342 timed_us=42
gfx_opcode: op=e9 calls=1428 timed_calls=10 timed_us=15
gfx_opcode: op=ed calls=8043 timed_calls=63 timed_us=34
gfx_opcode: op=f0 calls=4851 timed_calls=38 timed_us=107
gfx_opcode: op=f2 calls=227707 timed_calls=1790 timed_us=452
gfx_opcode: op=f3 calls=40772 timed_calls=309 timed_us=1911
gfx_opcode: op=f4 calls=190949 timed_calls=1508 timed_us=6329
gfx_opcode: op=f5 calls=464279 timed_calls=3643 timed_us=680
gfx_opcode: op=f6 calls=10516 timed_calls=95 timed_us=2754
gfx_opcode: op=f7 calls=10090 timed_calls=83 timed_us=36
gfx_opcode: op=fa calls=40837 timed_calls=309 timed_us=54
gfx_opcode: op=fb calls=23942 timed_calls=183 timed_us=27
gfx_opcode: op=fc calls=67479 timed_calls=531 timed_us=73
gfx_opcode: op=fd calls=236572 timed_calls=1881 timed_us=272
gfx_opcode: op=fe calls=1427 timed_calls=12 timed_us=10
gfx_opcode: op=ff calls=4281 timed_calls=36 timed_us=188623
subsystem_time: stage=vertex calls=544112 timed_calls=4284 period=127 timed_us=1320
subsystem_time: stage=gfx_state calls=287905 timed_calls=2266 period=127 timed_us=20561
subsystem_self: stage=gfx_state calls=287905 timed_calls=2266 self_us=4697 dropped=0
subsystem_time: stage=gx_wait calls=4 timed_calls=4 period=1 timed_us=2555
subsystem_time: stage=dma_pi calls=8289 timed_calls=8289 period=1 timed_us=145011
subsystem_time: stage=dma_sp calls=9936 timed_calls=9936 period=1 timed_us=10357
subsystem_time: stage=dma_si calls=2986 timed_calls=2986 period=1 timed_us=33833
subsystem_time: stage=tlb_translate calls=0 timed_calls=0 period=127 timed_us=0
subsystem_time: stage=pif calls=2987 timed_calls=2987 period=1 timed_us=31487
subsystem_time: stage=input calls=5712 timed_calls=5712 period=1 timed_us=25916
subsystem_time: stage=guest_interrupt calls=33449 timed_calls=33449 period=1 timed_us=14358654
subsystem_self: stage=guest_interrupt calls=33449 timed_calls=33449 self_us=60605 dropped=0
subsystem_time: stage=interpreter_inclusive calls=0 timed_calls=0 period=1 timed_us=0
subsystem_self: stage=interpreter_inclusive calls=0 timed_calls=0 self_us=0 dropped=0
subsystem_time: stage=audio_submit calls=3566 timed_calls=3566 period=1 timed_us=36584
subsystem_time: stage=audio_callback calls=36629 timed_calls=36629 period=1 timed_us=26817
subsystem_time: stage=memory_slow calls=1356882 timed_calls=10684 period=127 timed_us=161313
subsystem_self: stage=memory_slow calls=1356882 timed_calls=10684 self_us=5625 dropped=0
subsystem_time: stage=jit_invalidate calls=26265 timed_calls=206 period=127 timed_us=44
subsystem_time: stage=cpu_helper calls=35812237 timed_calls=281986 period=127 timed_us=126429
subsystem_time: stage=storage_read calls=0 timed_calls=0 period=1 timed_us=0
subsystem_time: stage=storage_write calls=0 timed_calls=0 period=1 timed_us=0
subsystem_time: stage=save_load calls=0 timed_calls=0 period=1 timed_us=0
subsystem_time: stage=save_write calls=0 timed_calls=0 period=1 timed_us=0
subsystem_time: stage=state_load calls=0 timed_calls=0 period=1 timed_us=0
subsystem_time: stage=state_save calls=0 timed_calls=0 period=1 timed_us=0
subsystem_time: stage=probe_io calls=8 timed_calls=8 period=1 timed_us=119431
subsystem_time: stage=agent_poll calls=7278 timed_calls=7278 period=1 timed_us=1556
audio_time: stage=resample sampled_calls=977 sampled_samples=145512 sampled_us=6219
audio_time: stage=zoh sampled_calls=0 sampled_samples=0 sampled_us=0
audio_time: stage=adpcm sampled_calls=1008 sampled_samples=155232 sampled_us=6459
audio_time: stage=envmix_exp sampled_calls=0 sampled_samples=0 sampled_us=0
audio_time: stage=envmix_ge sampled_calls=0 sampled_samples=0 sampled_us=0
audio_time: stage=envmix_lin sampled_calls=0 sampled_samples=0 sampled_us=0
audio_time: stage=envmix_nead sampled_calls=977 sampled_samples=145512 sampled_us=8730
audio_time: stage=mix sampled_calls=167 sampled_samples=64128 sampled_us=1055
audio_time: stage=musyx_voice sampled_calls=0 sampled_samples=0 sampled_us=0
audio_time: stage=musyx_fx sampled_calls=0 sampled_samples=0 sampled_us=0
audio_time: stage=output sampled_calls=28 sampled_samples=12480 sampled_us=235
gpu_counters: clks=14913875867 tb_clks=14913875944 ras_busy=376780882 xf_wait_in=14480683206 xf_wait_out=207274244 ras_peak_permille=40 ztop_in=1452470564 ztop_out=1423821880 z_in=5198904 z_out=4386100 blend_in=1429342676 copy_clks=145888361 fifo_overflows=0
game: n=2/4 how=vis vis=3600 vi_rate=60 vi0_retrace=1672 wall_us=61373832 sleep_us=14114592 avg_vis=58.47 avg_fps=27.03 exceptions=25068 cacheResets=1 recompiles=1504 batches=76811 verts=861006 texStalls=0 treeDepthMax=14 underruns=106 overruns=0 queue_peak_ms=133 dsp_avg=1.53 dsp_peak=1.85 dsp_samples=121 pmc1=34283003251 pmc2=33920836948 pmc3=0 pmc4=0 mmcr0=00000042 mmcr1=00000000 heap_used=10895532 heap_free=34248 arena1_free=303104 arena2_free=288704 flushes=8 flush_us=119425 padtrace=20 rom=sd:/wii64/roms/Mario Kart 64.v64
=== chain 2/4 end vis=3600 how=vis rom=sd:/wii64/roms/Mario Kart 64.v64 ===
mark: pad replay records: 1
mark: loadROM: enter
mark: loadROM: before rom_read
mark: ROMCache_load: enter
mark: ROMCache_load: before first read
mark: ROMCache_load: first read returned
mark: ROMCache_load: byte_swap_type set
mark: ROMCache_load: first byte_swap done
menufps: 0.0
menufps: 8.5
menufps: 8.3
menufps: 8.0
menufps: 8.0
menufps: 8.1
menufps: 8.2
mark: ROMCache_load: loop exited normally
mark: ROMCache_load: elapsed_us=3791420 bytes=16777216 vm=0
mark: loadROM: after rom_read
mark: loadROM: before init_memory
mark: loadROM: after init_memory
mark: loadROM: before romOpen_gfx
mark: loadROM: after romOpen_gfx / before romOpen_audio
mark: loadROM: after romOpen_audio / before romOpen_input
mark: loadROM: after romOpen_input / before cpu_init
mark: loadROM: after cpu_init
menufps: 3.3
menufps: 1.0
menufps: 1.0
fps: 1.5
first_vi: vi0_retrace=5788
vis: 2.3
cpu: exceptions=0 cacheResets=0 batches=0 verts=0 texStalls=0 recompiles=0 underruns=0 overruns=0 sleep_us=0 queue_ms=0
mark: CPU core dispatch: dynarec
vis: 60.0
cpu: exceptions=1471 cacheResets=1 batches=0 verts=0 texStalls=0 recompiles=421 underruns=0 overruns=0 sleep_us=79164 queue_ms=166
fps: 3.1
vis: 60.0
cpu: exceptions=2355 cacheResets=1 batches=0 verts=0 texStalls=0 recompiles=425 underruns=0 overruns=0 sleep_us=418319 queue_ms=160
fps: 60.9
vis: 60.0
cpu: exceptions=2625 cacheResets=1 batches=0 verts=0 texStalls=0 recompiles=425 underruns=0 overruns=0 sleep_us=833156 queue_ms=165
fps: 60.0
vis: 60.0
cpu: exceptions=2918 cacheResets=1 batches=0 verts=0 texStalls=0 recompiles=468 underruns=0 overruns=0 sleep_us=1234649 queue_ms=162
vis: 60.0
cpu: exceptions=3298 cacheResets=1 batches=0 verts=0 texStalls=0 recompiles=468 underruns=0 overruns=0 sleep_us=1583694 queue_ms=166
fps: 14.7
vis: 51.6
cpu: exceptions=3627 cacheResets=1 batches=1934 verts=51708 texStalls=0 recompiles=742 underruns=0 overruns=0 sleep_us=1756377 queue_ms=96
fps: 57.1
vis: 60.0
cpu: exceptions=3918 cacheResets=1 batches=8714 verts=229188 texStalls=0 recompiles=763 underruns=0 overruns=0 sleep_us=1775986 queue_ms=91
fps: 60.0
vis: 60.0
cpu: exceptions=4213 cacheResets=1 batches=15486 verts=406620 texStalls=0 recompiles=771 underruns=0 overruns=0 sleep_us=1798707 queue_ms=87
fps: 57.8
vis: 60.0
cpu: exceptions=4512 cacheResets=1 batches=22236 verts=583920 texStalls=0 recompiles=775 underruns=0 overruns=0 sleep_us=1822026 queue_ms=75
fps: 60.0
vis: 60.0
cpu: exceptions=4803 cacheResets=1 batches=28986 verts=761220 texStalls=0 recompiles=775 underruns=0 overruns=0 sleep_us=1848440 queue_ms=70
fps: 60.0
vis: 60.0
cpu: exceptions=5092 cacheResets=1 batches=35736 verts=938520 texStalls=0 recompiles=775 underruns=0 overruns=0 sleep_us=1877188 queue_ms=77
fps: 60.0
vis: 60.0
cpu: exceptions=5386 cacheResets=1 batches=42486 verts=1115820 texStalls=0 recompiles=775 underruns=0 overruns=0 sleep_us=1902313 queue_ms=72
fps: 60.0
vis: 60.0
cpu: exceptions=5673 cacheResets=1 batches=49236 verts=1293120 texStalls=0 recompiles=777 underruns=0 overruns=0 sleep_us=1931639 queue_ms=69
fps: 60.0
vis: 60.0
cpu: exceptions=5967 cacheResets=1 batches=55986 verts=1470420 texStalls=0 recompiles=777 underruns=0 overruns=0 sleep_us=1952410 queue_ms=74
fps: 60.0
vis: 60.0
cpu: exceptions=6265 cacheResets=1 batches=62736 verts=1647720 texStalls=0 recompiles=777 underruns=0 overruns=0 sleep_us=1970952 queue_ms=71
fps: 60.0
vis: 60.0
cpu: exceptions=6559 cacheResets=1 batches=69486 verts=1825020 texStalls=0 recompiles=777 underruns=0 overruns=0 sleep_us=1990073 queue_ms=75
fps: 60.0
vis: 60.0
cpu: exceptions=6857 cacheResets=1 batches=76236 verts=2002320 texStalls=0 recompiles=777 underruns=0 overruns=0 sleep_us=2006274 queue_ms=72
fps: 60.0
vis: 60.0
cpu: exceptions=7150 cacheResets=1 batches=82986 verts=2179620 texStalls=0 recompiles=777 underruns=0 overruns=0 sleep_us=2023415 queue_ms=77
fps: 60.0
vis: 60.0
cpu: exceptions=7441 cacheResets=1 batches=89736 verts=2356920 texStalls=0 recompiles=777 underruns=0 overruns=0 sleep_us=2043329 queue_ms=73
fps: 60.0
vis: 60.0
cpu: exceptions=7731 cacheResets=1 batches=96486 verts=2534220 texStalls=0 recompiles=777 underruns=0 overruns=0 sleep_us=2065595 queue_ms=70
fps: 60.0
vis: 60.0
cpu: exceptions=8020 cacheResets=1 batches=103236 verts=2711520 texStalls=0 recompiles=777 underruns=0 overruns=0 sleep_us=2091857 queue_ms=74
fps: 59.8
vis: 60.0
cpu: exceptions=8317 cacheResets=1 batches=109986 verts=2888820 texStalls=0 recompiles=777 underruns=0 overruns=0 sleep_us=2111812 queue_ms=71
fps: 60.1
vis: 59.8
cpu: exceptions=8610 cacheResets=1 batches=116736 verts=3066120 texStalls=0 recompiles=777 underruns=0 overruns=0 sleep_us=2119306 queue_ms=76
fps: 59.1
vis: 59.0
cpu: exceptions=8923 cacheResets=1 batches=123486 verts=3243420 texStalls=0 recompiles=777 underruns=0 overruns=0 sleep_us=2119452 queue_ms=64
fps: 58.9
vis: 58.9
cpu: exceptions=9241 cacheResets=1 batches=130236 verts=3420720 texStalls=0 recompiles=777 underruns=0 overruns=0 sleep_us=2119558 queue_ms=50
fps: 59.2
vis: 59.1
cpu: exceptions=9559 cacheResets=1 batches=136986 verts=3598020 texStalls=0 recompiles=777 underruns=0 overruns=0 sleep_us=2119558 queue_ms=47
fps: 59.0
vis: 59.2
cpu: exceptions=9872 cacheResets=1 batches=143736 verts=3775320 texStalls=0 recompiles=777 underruns=0 overruns=0 sleep_us=2119558 queue_ms=43
fps: 59.6
vis: 60.0
cpu: exceptions=10181 cacheResets=1 batches=150486 verts=3952620 texStalls=0 recompiles=777 underruns=0 overruns=0 sleep_us=2119558 queue_ms=39
fps: 57.2
vis: 58.4
cpu: exceptions=10493 cacheResets=1 batches=157588 verts=4141185 texStalls=0 recompiles=777 underruns=1 overruns=0 sleep_us=2122069 queue_ms=9
fps: 53.3
vis: 53.3
cpu: exceptions=10770 cacheResets=1 batches=165553 verts=4361586 texStalls=0 recompiles=777 underruns=7 overruns=0 sleep_us=2122069 queue_ms=9
mark: stop reason: chain guest VI limit
mark: stop_it requested
audio: alist_resample_calls=10077 alist_resample_samples=1250096 alist_zoh_calls=0 alist_zoh_samples=0 musyx_subframes=0 musyx_voices=0 musyx_voice_peak=0
audio_stages: adpcm_calls=9759 adpcm_samples=1154016 envmix_calls=10077 envmix_samples=1250096 mix_calls=79024 mix_samples=10544864 musyx_fx_calls=0 musyx_fx_taps=0 output_calls=897 output_samples=478768
audio_envmix: exp_calls=10077 ge_calls=0 lin_calls=0 nead_calls=0 exp_steady=5510 ge_steady=0 lin_steady=0
audio_gaps: nead_mats=0 nead_efz=0 resample_flag2=0 musyx_ptr10=0
audio_output: stream_requests=3362 stream_fed=1662 input_hz=32006 playback_hz=32006 queue_peak_ms=187
probe_schema: version=2 self=1 interval=127
vm_io: read_ahead=1 reads=0 hits=0 read_bytes=0 writes=0 write_bytes=0 errors=0
subsystem_time: stage=rsp_gfx calls=810 timed_calls=810 period=1 timed_us=6549429
subsystem_time: stage=rsp_audio calls=898 timed_calls=898 period=1 timed_us=593024
subsystem_time: stage=rsp_other calls=0 timed_calls=0 period=1 timed_us=0
subsystem_time: stage=lookup calls=3610020 timed_calls=28425 period=127 timed_us=6234
subsystem_time: stage=compile calls=777 timed_calls=777 period=1 timed_us=106651
subsystem_time: stage=dispatch calls=3517121 timed_calls=27693 period=127 timed_us=24270
subsystem_self: stage=dispatch calls=3517121 timed_calls=27693 self_us=16929 dropped=0
subsystem_time: stage=execute_inclusive calls=3517121 timed_calls=27693 period=127 timed_us=113330
subsystem_self: stage=execute_inclusive calls=3517121 timed_calls=27693 self_us=42177 dropped=0
subsystem_time: stage=rom_copy calls=1024 timed_calls=1024 period=1 timed_us=14846
subsystem_time: stage=present calls=899 timed_calls=899 period=1 timed_us=42512
subsystem_time: stage=limiter calls=660 timed_calls=660 period=1 timed_us=2124311
subsystem_time: stage=vm_fault calls=0 timed_calls=0 period=1 timed_us=0
subsystem_time: stage=vm_victim calls=0 timed_calls=0 period=1 timed_us=0
subsystem_time: stage=vm_read calls=0 timed_calls=0 period=1 timed_us=0
subsystem_time: stage=vm_write calls=0 timed_calls=0 period=1 timed_us=0
subsystem_time: stage=tex_hash calls=147492 timed_calls=147492 period=1 timed_us=1420921
subsystem_time: stage=tex_lookup calls=147492 timed_calls=147492 period=1 timed_us=50613
subsystem_time: stage=tex_load calls=136 timed_calls=136 period=1 timed_us=18916
subsystem_time: stage=tex_activate calls=147492 timed_calls=147492 period=1 timed_us=97589
subsystem_time: stage=draw_triangles calls=167028 timed_calls=167028 period=1 timed_us=639773
subsystem_time: stage=draw_rect calls=5440 timed_calls=5440 period=1 timed_us=119607
subsystem_time: stage=gfx_list calls=810 timed_calls=810 period=1 timed_us=6547811
subsystem_time: stage=gfx_command calls=5319454 timed_calls=41885 period=127 timed_us=55807
gfx_ucodes: mask=00000004
gfx_opcode: op=01 calls=343835 timed_calls=2738 timed_us=9405
gfx_opcode: op=02 calls=4507 timed_calls=41 timed_us=11
gfx_opcode: op=03 calls=108045 timed_calls=828 timed_us=102
gfx_opcode: op=05 calls=40387 timed_calls=324 timed_us=2218
gfx_opcode: op=06 calls=713540 timed_calls=5582 timed_us=26461
gfx_opcode: op=d5 calls=3 timed_calls=0 timed_us=0
gfx_opcode: op=d7 calls=105143 timed_calls=838 timed_us=170
gfx_opcode: op=d8 calls=109877 timed_calls=852 timed_us=136
gfx_opcode: op=d9 calls=416576 timed_calls=3292 timed_us=422
gfx_opcode: op=da calls=172226 timed_calls=1359 timed_us=879
gfx_opcode: op=db calls=73735 timed_calls=589 timed_us=111
gfx_opcode: op=dc calls=7700 timed_calls=64 timed_us=47
gfx_opcode: op=de calls=136822 timed_calls=1083 timed_us=235
gfx_opcode: op=df calls=130819 timed_calls=1038 timed_us=139
gfx_opcode: op=e2 calls=331942 timed_calls=2627 timed_us=366
gfx_opcode: op=e3 calls=238410 timed_calls=1849 timed_us=292
gfx_opcode: op=e4 calls=5440 timed_calls=44 timed_us=1057
gfx_opcode: op=e6 calls=248817 timed_calls=1944 timed_us=231
gfx_opcode: op=e7 calls=719043 timed_calls=5672 timed_us=700
gfx_opcode: op=e8 calls=93600 timed_calls=744 timed_us=88
gfx_opcode: op=e9 calls=810 timed_calls=6 timed_us=7
gfx_opcode: op=ed calls=6080 timed_calls=44 timed_us=18
gfx_opcode: op=f0 calls=104244 timed_calls=839 timed_us=533
gfx_opcode: op=f2 calls=146037 timed_calls=1138 timed_us=319
gfx_opcode: op=f3 calls=127782 timed_calls=994 timed_us=4863
gfx_opcode: op=f4 calls=13870 timed_calls=107 timed_us=589
gfx_opcode: op=f5 calls=342984 timed_calls=2662 timed_us=478
gfx_opcode: op=f6 calls=3080 timed_calls=29 timed_us=2216
gfx_opcode: op=f7 calls=3080 timed_calls=27 timed_us=10
gfx_opcode: op=f8 calls=6650 timed_calls=51 timed_us=16
gfx_opcode: op=f9 calls=75228 timed_calls=583 timed_us=102
gfx_opcode: op=fa calls=118261 timed_calls=953 timed_us=162
gfx_opcode: op=fb calls=14604 timed_calls=117 timed_us=19
gfx_opcode: op=fc calls=112981 timed_calls=894 timed_us=115
gfx_opcode: op=fd calls=235676 timed_calls=1870 timed_us=268
gfx_opcode: op=fe calls=810 timed_calls=7 timed_us=6
gfx_opcode: op=ff calls=6810 timed_calls=56 timed_us=19
subsystem_time: stage=vertex calls=2761556 timed_calls=21744 period=127 timed_us=5711
subsystem_time: stage=gfx_state calls=147504 timed_calls=1161 period=127 timed_us=15888
subsystem_self: stage=gfx_state calls=147504 timed_calls=1161 self_us=3460 dropped=0
subsystem_time: stage=gx_wait calls=4 timed_calls=4 period=1 timed_us=2558
subsystem_time: stage=dma_pi calls=2023 timed_calls=2023 period=1 timed_us=30472
subsystem_time: stage=dma_sp calls=3416 timed_calls=3416 period=1 timed_us=3939
subsystem_time: stage=dma_si calls=4478 timed_calls=4478 period=1 timed_us=21985
subsystem_time: stage=tlb_translate calls=0 timed_calls=0 period=127 timed_us=0
subsystem_time: stage=pif calls=4479 timed_calls=4479 period=1 timed_us=20699
subsystem_time: stage=input calls=3508 timed_calls=3508 period=1 timed_us=14672
subsystem_time: stage=guest_interrupt calls=12508 timed_calls=12508 period=1 timed_us=2247542
subsystem_self: stage=guest_interrupt calls=12508 timed_calls=12508 self_us=28679 dropped=0
subsystem_time: stage=interpreter_inclusive calls=0 timed_calls=0 period=1 timed_us=0
subsystem_self: stage=interpreter_inclusive calls=0 timed_calls=0 self_us=0 dropped=0
subsystem_time: stage=audio_submit calls=898 timed_calls=898 period=1 timed_us=10703
subsystem_time: stage=audio_callback calls=9465 timed_calls=9465 period=1 timed_us=8636
subsystem_time: stage=memory_slow calls=833891 timed_calls=6566 period=127 timed_us=75450
subsystem_self: stage=memory_slow calls=833891 timed_calls=6566 self_us=3180 dropped=0
subsystem_time: stage=jit_invalidate calls=92899 timed_calls=731 period=127 timed_us=154
subsystem_time: stage=cpu_helper calls=10719399 timed_calls=84404 period=127 timed_us=31597
subsystem_time: stage=storage_read calls=0 timed_calls=0 period=1 timed_us=0
subsystem_time: stage=storage_write calls=0 timed_calls=0 period=1 timed_us=0
subsystem_time: stage=save_load calls=0 timed_calls=0 period=1 timed_us=0
subsystem_time: stage=save_write calls=0 timed_calls=0 period=1 timed_us=0
subsystem_time: stage=state_load calls=0 timed_calls=0 period=1 timed_us=0
subsystem_time: stage=state_save calls=0 timed_calls=0 period=1 timed_us=0
subsystem_time: stage=probe_io calls=4 timed_calls=4 period=1 timed_us=60457
subsystem_time: stage=agent_poll calls=1822 timed_calls=1822 period=1 timed_us=432
audio_time: stage=resample sampled_calls=79 sampled_samples=10240 sampled_us=450
audio_time: stage=zoh sampled_calls=0 sampled_samples=0 sampled_us=0
audio_time: stage=adpcm sampled_calls=76 sampled_samples=8016 sampled_us=356
audio_time: stage=envmix_exp sampled_calls=79 sampled_samples=10240 sampled_us=1193
audio_time: stage=envmix_ge sampled_calls=0 sampled_samples=0 sampled_us=0
audio_time: stage=envmix_lin sampled_calls=0 sampled_samples=0 sampled_us=0
audio_time: stage=envmix_nead sampled_calls=0 sampled_samples=0 sampled_us=0
audio_time: stage=mix sampled_calls=622 sampled_samples=83008 sampled_us=1402
audio_time: stage=musyx_voice sampled_calls=0 sampled_samples=0 sampled_us=0
audio_time: stage=musyx_fx sampled_calls=0 sampled_samples=0 sampled_us=0
audio_time: stage=output sampled_calls=7 sampled_samples=3712 sampled_us=69
gpu_counters: clks=3739652620 tb_clks=3739652692 ras_busy=223495030 xf_wait_in=3327296227 xf_wait_out=199295388 ras_peak_permille=105 ztop_in=699056316 ztop_out=566212472 z_in=119838328 z_out=102098716 blend_in=686418884 copy_clks=84733521 fifo_overflows=0
game: n=3/4 how=vis vis=900 vi_rate=60 vi0_retrace=5788 wall_us=15389438 sleep_us=2122069 avg_vis=57.48 avg_fps=53.84 exceptions=10823 cacheResets=1 recompiles=777 batches=167028 verts=4402401 texStalls=0 treeDepthMax=12 underruns=9 overruns=0 queue_peak_ms=166 dsp_avg=1.69 dsp_peak=1.95 dsp_samples=31 pmc1=9493524734 pmc2=9521235997 pmc3=0 pmc4=0 mmcr0=00000042 mmcr1=00000000 heap_used=10842540 heap_free=124104 arena1_free=266240 arena2_free=288704 flushes=4 flush_us=60456 padtrace=0 rom=sd:/wii64/roms/Pokemon Snap.rom
=== chain 3/4 end vis=900 how=vis rom=sd:/wii64/roms/Pokemon Snap.rom ===
mark: pad replay records: 1
mark: loadROM: enter
mark: loadROM: before rom_read
mark: ROMCache_load: enter
menufps: 0.1
menufps: 0.2
mark: ROMCache_load: before first read
mark: ROMCache_load: first read returned
mark: ROMCache_load: byte_swap_type set
mark: ROMCache_load: first byte_swap done
menufps: 0.2
menufps: 8.6
menufps: 8.1
menufps: 7.5
menufps: 8.0
menufps: 8.0
menufps: 8.1
menufps: 3.4
menufps: 1.3
menufps: 1.2
menufps: 1.3
menufps: 1.3
menufps: 1.2
menufps: 1.3
menufps: 3.7
menufps: 8.3
menufps: 8.3
menufps: 8.4
menufps: 7.7
mark: ROMCache_load: loop exited normally
menufps: 3.4
menufps: 1.1
menufps: 1.2
menufps: 1.1
menufps: 1.1
menufps: 1.1
menufps: 1.1
menufps: 1.1
menufps: 1.1
menufps: 1.1
menufps: 1.1
menufps: 1.1
menufps: 1.1
menufps: 1.1
menufps: 1.1
menufps: 1.1
menufps: 1.1
menufps: 1.1
menufps: 1.1
menufps: 1.1
mark: ROMCache_load: preflush_us=17711960 writes=2040 bytes=16711680
mark: ROMCache_load: elapsed_us=39898530 bytes=33554432 vm=1
mark: loadROM: after rom_read
mark: loadROM: before init_memory
mark: loadROM: after init_memory
mark: loadROM: before romOpen_gfx
mark: loadROM: after romOpen_gfx / before romOpen_audio
mark: loadROM: after romOpen_audio / before romOpen_input
mark: loadROM: after romOpen_input / before cpu_init
mark: loadROM: after cpu_init
menufps: 3.0
menufps: 1.0
menufps: 1.0
fps: 0.3
first_vi: vi0_retrace=9311
vis: 0.1
cpu: exceptions=0 cacheResets=0 batches=0 verts=0 texStalls=0 recompiles=0 underruns=0 overruns=0 sleep_us=0 queue_ms=0
mark: CPU core dispatch: dynarec
vis: 55.7
cpu: exceptions=31 cacheResets=1 batches=0 verts=0 texStalls=0 recompiles=82 underruns=0 overruns=0 sleep_us=0 queue_ms=0
vis: 60.0
cpu: exceptions=61 cacheResets=1 batches=0 verts=0 texStalls=0 recompiles=82 underruns=0 overruns=0 sleep_us=332031 queue_ms=0
vis: 60.0
cpu: exceptions=91 cacheResets=1 batches=0 verts=0 texStalls=0 recompiles=82 underruns=0 overruns=0 sleep_us=663533 queue_ms=0
vis: 60.0
cpu: exceptions=199 cacheResets=1 batches=0 verts=0 texStalls=0 recompiles=182 underruns=0 overruns=0 sleep_us=934009 queue_ms=0
vis: 60.0
cpu: exceptions=244 cacheResets=1 batches=0 verts=0 texStalls=0 recompiles=188 underruns=0 overruns=0 sleep_us=1257345 queue_ms=0
vis: 60.0
cpu: exceptions=286 cacheResets=1 batches=0 verts=0 texStalls=0 recompiles=188 underruns=0 overruns=0 sleep_us=1577664 queue_ms=0
vis: 60.0
cpu: exceptions=316 cacheResets=1 batches=0 verts=0 texStalls=0 recompiles=188 underruns=0 overruns=0 sleep_us=1895391 queue_ms=0
vis: 60.0
cpu: exceptions=390 cacheResets=1 batches=0 verts=0 texStalls=0 recompiles=314 underruns=1 overruns=0 sleep_us=2303831 queue_ms=30
vis: 60.0
cpu: exceptions=467 cacheResets=1 batches=0 verts=0 texStalls=0 recompiles=323 underruns=1 overruns=0 sleep_us=2751196 queue_ms=34
vis: 60.0
cpu: exceptions=542 cacheResets=1 batches=0 verts=0 texStalls=0 recompiles=323 underruns=1 overruns=0 sleep_us=3202993 queue_ms=25
vis: 60.0
cpu: exceptions=733 cacheResets=1 batches=0 verts=0 texStalls=0 recompiles=434 underruns=2 overruns=0 sleep_us=3415345 queue_ms=43
vis: 60.0
cpu: exceptions=950 cacheResets=1 batches=0 verts=0 texStalls=0 recompiles=434 underruns=2 overruns=0 sleep_us=3600616 queue_ms=47
vis: 60.0
cpu: exceptions=1140 cacheResets=1 batches=0 verts=0 texStalls=0 recompiles=448 underruns=2 overruns=0 sleep_us=3798606 queue_ms=51
vis: 60.0
cpu: exceptions=1382 cacheResets=1 batches=0 verts=0 texStalls=0 recompiles=484 underruns=2 overruns=0 sleep_us=3976825 queue_ms=43
fps: 0.1
vis: 60.0
cpu: exceptions=1670 cacheResets=1 batches=532 verts=7602 texStalls=0 recompiles=1251 underruns=3 overruns=0 sleep_us=4084071 queue_ms=112
fps: 31.2
vis: 60.0
cpu: exceptions=1944 cacheResets=1 batches=1417 verts=19932 texStalls=0 recompiles=1255 underruns=3 overruns=0 sleep_us=4411537 queue_ms=117
fps: 30.0
vis: 60.0
cpu: exceptions=2221 cacheResets=1 batches=2302 verts=32262 texStalls=0 recompiles=1276 underruns=3 overruns=0 sleep_us=4728932 queue_ms=121
fps: 28.8
vis: 60.0
cpu: exceptions=2498 cacheResets=1 batches=3187 verts=44592 texStalls=0 recompiles=1279 underruns=3 overruns=0 sleep_us=5066701 queue_ms=99
fps: 30.0
vis: 60.0
cpu: exceptions=2772 cacheResets=1 batches=4072 verts=56922 texStalls=0 recompiles=1280 underruns=3 overruns=0 sleep_us=5405704 queue_ms=91
fps: 30.0
vis: 60.0
cpu: exceptions=3059 cacheResets=1 batches=4957 verts=69252 texStalls=0 recompiles=1300 underruns=3 overruns=0 sleep_us=5730112 queue_ms=95
fps: 30.0
vis: 60.0
cpu: exceptions=3339 cacheResets=1 batches=5842 verts=81582 texStalls=0 recompiles=1300 underruns=3 overruns=0 sleep_us=6053559 queue_ms=99
fps: 30.0
vis: 60.0
cpu: exceptions=3620 cacheResets=1 batches=6727 verts=93912 texStalls=0 recompiles=1302 underruns=3 overruns=0 sleep_us=6381627 queue_ms=104
fps: 30.0
vis: 60.0
cpu: exceptions=3903 cacheResets=1 batches=7612 verts=106242 texStalls=0 recompiles=1351 underruns=3 overruns=0 sleep_us=6708071 queue_ms=95
fps: 30.1
vis: 60.0
cpu: exceptions=4188 cacheResets=1 batches=7951 verts=111852 texStalls=0 recompiles=1366 underruns=3 overruns=0 sleep_us=7059283 queue_ms=99
fps: 30.0
vis: 60.0
cpu: exceptions=4342 cacheResets=1 batches=8071 verts=113904 texStalls=0 recompiles=1383 underruns=3 overruns=0 sleep_us=7403138 queue_ms=104
fps: 30.0
vis: 60.0
cpu: exceptions=4490 cacheResets=1 batches=8449 verts=139314 texStalls=0 recompiles=1384 underruns=3 overruns=0 sleep_us=7738505 queue_ms=95
fps: 30.0
vis: 60.0
cpu: exceptions=4637 cacheResets=1 batches=8854 verts=166539 texStalls=0 recompiles=1386 underruns=3 overruns=0 sleep_us=8076065 queue_ms=99
fps: 30.0
vis: 60.0
cpu: exceptions=4782 cacheResets=1 batches=9259 verts=193764 texStalls=0 recompiles=1387 underruns=3 overruns=0 sleep_us=8424023 queue_ms=104
fps: 30.0
vis: 60.0
cpu: exceptions=4932 cacheResets=1 batches=9664 verts=220989 texStalls=0 recompiles=1387 underruns=3 overruns=0 sleep_us=8768366 queue_ms=108
fps: 30.0
vis: 60.0
cpu: exceptions=5082 cacheResets=1 batches=10069 verts=248214 texStalls=0 recompiles=1389 underruns=3 overruns=0 sleep_us=9110130 queue_ms=99
mark: stop reason: chain guest VI limit
mark: stop_it requested
audio: alist_resample_calls=11186 alist_resample_samples=2058224 alist_zoh_calls=0 alist_zoh_samples=0 musyx_subframes=0 musyx_voices=0 musyx_voice_peak=0
audio_stages: adpcm_calls=6590 adpcm_samples=722912 envmix_calls=8440 envmix_samples=1552960 mix_calls=54920 mix_samples=10105280 musyx_fx_calls=0 musyx_fx_taps=0 output_calls=342 output_samples=251896
audio_envmix: exp_calls=0 ge_calls=0 lin_calls=8440 nead_calls=0 exp_steady=0 ge_steady=0 lin_steady=7902
audio_gaps: nead_mats=0 nead_efz=0 resample_flag2=0 musyx_ptr10=0
audio_output: stream_requests=4283 stream_fed=869 input_hz=22047 playback_hz=22047 queue_peak_ms=131
probe_schema: version=2 self=1 interval=127
vm_io: read_ahead=1 reads=58 hits=277 read_bytes=1900544 writes=0 write_bytes=0 errors=0
subsystem_time: stage=rsp_gfx calls=238 timed_calls=238 period=1 timed_us=462297
subsystem_time: stage=rsp_audio calls=343 timed_calls=343 period=1 timed_us=472184
subsystem_time: stage=rsp_other calls=1 timed_calls=1 period=1 timed_us=4
subsystem_time: stage=lookup calls=1605637 timed_calls=12642 period=127 timed_us=3192
subsystem_time: stage=compile calls=1389 timed_calls=1389 period=1 timed_us=204170
subsystem_time: stage=dispatch calls=1604062 timed_calls=12630 period=127 timed_us=13074
subsystem_self: stage=dispatch calls=1604062 timed_calls=12630 self_us=8375 dropped=0
subsystem_time: stage=execute_inclusive calls=1604062 timed_calls=12630 period=127 timed_us=82356
subsystem_self: stage=execute_inclusive calls=1604062 timed_calls=12630 self_us=33179 dropped=0
subsystem_time: stage=rom_copy calls=1048 timed_calls=1048 period=1 timed_us=252107
subsystem_time: stage=present calls=899 timed_calls=899 period=1 timed_us=237753
subsystem_time: stage=limiter calls=842 timed_calls=842 period=1 timed_us=9112659
subsystem_time: stage=vm_fault calls=335 timed_calls=335 period=1 timed_us=234496
subsystem_time: stage=vm_victim calls=335 timed_calls=335 period=1 timed_us=399
subsystem_time: stage=vm_read calls=58 timed_calls=58 period=1 timed_us=218578
subsystem_time: stage=vm_write calls=0 timed_calls=0 period=1 timed_us=0
subsystem_time: stage=tex_hash calls=7634 timed_calls=7634 period=1 timed_us=68773
subsystem_time: stage=tex_lookup calls=7634 timed_calls=7634 period=1 timed_us=2445
subsystem_time: stage=tex_load calls=24 timed_calls=24 period=1 timed_us=3609
subsystem_time: stage=tex_activate calls=7634 timed_calls=7634 period=1 timed_us=4902
subsystem_time: stage=draw_triangles calls=10096 timed_calls=10096 period=1 timed_us=33732
subsystem_time: stage=draw_rect calls=1687 timed_calls=1687 period=1 timed_us=8965
subsystem_time: stage=gfx_list calls=238 timed_calls=238 period=1 timed_us=461848
subsystem_time: stage=gfx_command calls=176157 timed_calls=1387 period=127 timed_us=4249
gfx_ucodes: mask=00000004
gfx_opcode: op=00 calls=237 timed_calls=1 timed_us=0
gfx_opcode: op=01 calls=5860 timed_calls=51 timed_us=556
gfx_opcode: op=05 calls=17853 timed_calls=141 timed_us=772
gfx_opcode: op=06 calls=32745 timed_calls=254 timed_us=968
gfx_opcode: op=d7 calls=979 timed_calls=6 timed_us=1
gfx_opcode: op=d9 calls=7439 timed_calls=61 timed_us=10
gfx_opcode: op=da calls=6173 timed_calls=51 timed_us=20
gfx_opcode: op=db calls=5265 timed_calls=41 timed_us=10
gfx_opcode: op=dc calls=1858 timed_calls=16 timed_us=14
gfx_opcode: op=de calls=1346 timed_calls=12 timed_us=4
gfx_opcode: op=df calls=1584 timed_calls=11 timed_us=2
gfx_opcode: op=e2 calls=2119 timed_calls=18 timed_us=4
gfx_opcode: op=e3 calls=11276 timed_calls=82 timed_us=16
gfx_opcode: op=e6 calls=10066 timed_calls=87 timed_us=10
gfx_opcode: op=e7 calls=30043 timed_calls=248 timed_us=35
gfx_opcode: op=e8 calls=2432 timed_calls=16 timed_us=1
gfx_opcode: op=e9 calls=238 timed_calls=1 timed_us=0
gfx_opcode: op=ed calls=2162 timed_calls=11 timed_us=3
gfx_opcode: op=f0 calls=2432 timed_calls=21 timed_us=10
gfx_opcode: op=f2 calls=3086 timed_calls=23 timed_us=6
gfx_opcode: op=f3 calls=7634 timed_calls=59 timed_us=339
gfx_opcode: op=f5 calls=8229 timed_calls=62 timed_us=12
gfx_opcode: op=f6 calls=1925 timed_calls=14 timed_us=1295
gfx_opcode: op=f7 calls=948 timed_calls=8 timed_us=4
gfx_opcode: op=f8 calls=237 timed_calls=3 timed_us=1
gfx_opcode: op=fa calls=234 timed_calls=0 timed_us=0
gfx_opcode: op=fc calls=979 timed_calls=11 timed_us=2
gfx_opcode: op=fd calls=10066 timed_calls=73 timed_us=12
gfx_opcode: op=fe calls=237 timed_calls=2 timed_us=1
gfx_opcode: op=ff calls=475 timed_calls=3 timed_us=2
subsystem_time: stage=vertex calls=98130 timed_calls=772 period=127 timed_us=333
subsystem_time: stage=gfx_state calls=11689 timed_calls=92 period=127 timed_us=772
subsystem_self: stage=gfx_state calls=11689 timed_calls=92 self_us=195 dropped=0
subsystem_time: stage=gx_wait calls=4 timed_calls=4 period=1 timed_us=2546
subsystem_time: stage=dma_pi calls=1048 timed_calls=1048 period=1 timed_us=271449
subsystem_time: stage=dma_sp calls=1162 timed_calls=1162 period=1 timed_us=1150
subsystem_time: stage=dma_si calls=1351 timed_calls=1351 period=1 timed_us=3416
subsystem_time: stage=tlb_translate calls=0 timed_calls=0 period=127 timed_us=0
subsystem_time: stage=pif calls=1352 timed_calls=1352 period=1 timed_us=2819
subsystem_time: stage=input calls=388 timed_calls=388 period=1 timed_us=1660
subsystem_time: stage=guest_interrupt calls=5831 timed_calls=5831 period=1 timed_us=9403183
subsystem_self: stage=guest_interrupt calls=5831 timed_calls=5831 self_us=21230 dropped=0
subsystem_time: stage=interpreter_inclusive calls=0 timed_calls=0 period=1 timed_us=0
subsystem_self: stage=interpreter_inclusive calls=0 timed_calls=0 self_us=0 dropped=0
subsystem_time: stage=audio_submit calls=343 timed_calls=343 period=1 timed_us=5537
subsystem_time: stage=audio_callback calls=10294 timed_calls=10294 period=1 timed_us=4606
subsystem_time: stage=memory_slow calls=1083722 timed_calls=8533 period=127 timed_us=6034
subsystem_self: stage=memory_slow calls=1083722 timed_calls=8533 self_us=2687 dropped=0
subsystem_time: stage=jit_invalidate calls=1575 timed_calls=12 period=127 timed_us=2
subsystem_time: stage=cpu_helper calls=10245537 timed_calls=80673 period=127 timed_us=22418
subsystem_time: stage=storage_read calls=0 timed_calls=0 period=1 timed_us=0
subsystem_time: stage=storage_write calls=0 timed_calls=0 period=1 timed_us=0
subsystem_time: stage=save_load calls=0 timed_calls=0 period=1 timed_us=0
subsystem_time: stage=save_write calls=0 timed_calls=0 period=1 timed_us=0
subsystem_time: stage=state_load calls=0 timed_calls=0 period=1 timed_us=0
subsystem_time: stage=state_save calls=0 timed_calls=0 period=1 timed_us=0
subsystem_time: stage=probe_io calls=3 timed_calls=3 period=1 timed_us=39878
subsystem_time: stage=agent_poll calls=1812 timed_calls=1812 period=1 timed_us=452
audio_time: stage=resample sampled_calls=88 sampled_samples=16192 sampled_us=633
audio_time: stage=zoh sampled_calls=0 sampled_samples=0 sampled_us=0
audio_time: stage=adpcm sampled_calls=51 sampled_samples=5680 sampled_us=243
audio_time: stage=envmix_exp sampled_calls=0 sampled_samples=0 sampled_us=0
audio_time: stage=envmix_ge sampled_calls=0 sampled_samples=0 sampled_us=0
audio_time: stage=envmix_lin sampled_calls=66 sampled_samples=12144 sampled_us=1014
audio_time: stage=envmix_nead sampled_calls=0 sampled_samples=0 sampled_us=0
audio_time: stage=mix sampled_calls=432 sampled_samples=79488 sampled_us=1290
audio_time: stage=musyx_voice sampled_calls=0 sampled_samples=0 sampled_us=0
audio_time: stage=musyx_fx sampled_calls=0 sampled_samples=0 sampled_us=0
audio_time: stage=output sampled_calls=2 sampled_samples=1472 sampled_us=26
gpu_counters: clks=3697298591 tb_clks=3697298652 ras_busy=49114363 xf_wait_in=3620220369 xf_wait_out=65800316 ras_peak_permille=24 ztop_in=195020420 ztop_out=194039404 z_in=0 z_out=0 blend_in=194089928 copy_clks=67298674 fifo_overflows=0
game: n=4/4 how=vis vis=900 vi_rate=60 vi0_retrace=9311 wall_us=15215098 sleep_us=9110130 avg_vis=57.93 avg_fps=26.50 exceptions=5087 cacheResets=1 recompiles=1389 batches=10096 verts=250029 texStalls=0 treeDepthMax=15 underruns=3 overruns=0 queue_peak_ms=121 dsp_avg=1.33 dsp_peak=1.60 dsp_samples=31 pmc1=4143994028 pmc2=4564781129 pmc3=0 pmc4=0 mmcr0=00000042 mmcr1=00000000 heap_used=10885484 heap_free=81160 arena1_free=266240 arena2_free=288704 flushes=3 flush_us=39877 padtrace=0 rom=sd:/wii64/roms/Donkey Kong 64 (USA).z64
=== chain 4/4 end vis=900 how=vis rom=sd:/wii64/roms/Donkey Kong 64 (USA).z64 ===
