--- wii64 perf log ---
mark: diag config: wiiload arguments
mark: wiiload dynacore argument received
mark: diag received dynacore line
mark: diag requested core: dynarec
mark: pad replay records: 1
selftest:
  raw[0]=51279124706943101
  raw[1]=51279124706943106
  raw[2]=51279124706943118
  raw[3]=51279124706943129
  raw[4]=51279124706943140
  delta[0]=0us
  delta[1]=0us
  delta[2]=0us
  delta[3]=0us
mark: audio quality: accurate
mark: audio modes: n64=0 output=0 mixer=0 latency=2 sync=0
mark: diag applied core: dynarec
mark: loadROM: enter
mark: loadROM: before rom_read
mark: ROMCache_load: enter
mark: ROMCache_load: before first read
mark: ROMCache_load: first read returned
mark: ROMCache_load: byte_swap_type set
mark: ROMCache_load: first byte_swap done
menufps: 10.3
menufps: 8.1
menufps: 7.9
mark: ROMCache_load: loop exited normally
mark: loadROM: after rom_read
mark: loadROM: before init_memory
mark: loadROM: after init_memory
mark: loadROM: before romOpen_gfx
mark: loadROM: after romOpen_gfx / before romOpen_audio
mark: loadROM: after romOpen_audio / before romOpen_input
mark: loadROM: after romOpen_input / before cpu_init
mark: loadROM: after cpu_init
menufps: 1.2
fps: 0.0
first_vi: vi0_retrace=318
vis: 0.0
cpu: exceptions=0 cacheResets=0 batches=0 verts=0 texStalls=0 recompiles=0 underruns=0 overruns=0 sleep_us=0 queue_ms=0
mark: CPU core dispatch: dynarec
vis: 60.0
cpu: exceptions=240 cacheResets=1 batches=0 verts=0 texStalls=0 recompiles=189 underruns=1 overruns=0 sleep_us=264392 queue_ms=91
vis: 60.0
cpu: exceptions=540 cacheResets=1 batches=0 verts=0 texStalls=0 recompiles=198 underruns=1 overruns=0 sleep_us=744776 queue_ms=87
vis: 60.0
cpu: exceptions=840 cacheResets=1 batches=0 verts=0 texStalls=0 recompiles=204 underruns=1 overruns=0 sleep_us=1225200 queue_ms=93
vis: 60.0
cpu: exceptions=1135 cacheResets=1 batches=0 verts=0 texStalls=0 recompiles=204 underruns=1 overruns=0 sleep_us=1706123 queue_ms=88
fps: 0.5
vis: 60.0
cpu: exceptions=1431 cacheResets=1 batches=414 verts=9387 texStalls=0 recompiles=468 underruns=2 overruns=0 sleep_us=2056824 queue_ms=2
fps: 20.0
vis: 60.0
cpu: exceptions=1588 cacheResets=1 batches=2484 verts=56322 texStalls=0 recompiles=475 underruns=2 overruns=0 sleep_us=2478752 queue_ms=9
fps: 30.0
vis: 60.0
cpu: exceptions=1752 cacheResets=1 batches=4554 verts=103257 texStalls=0 recompiles=478 underruns=2 overruns=0 sleep_us=2899527 queue_ms=6
fps: 30.0
vis: 60.0
cpu: exceptions=1894 cacheResets=1 batches=6624 verts=150192 texStalls=0 recompiles=478 underruns=2 overruns=0 sleep_us=3329253 queue_ms=11
fps: 30.0
vis: 60.0
cpu: exceptions=2036 cacheResets=1 batches=8694 verts=197127 texStalls=0 recompiles=478 underruns=2 overruns=0 sleep_us=3758707 queue_ms=7
fps: 30.0
vis: 60.0
cpu: exceptions=2178 cacheResets=1 batches=10767 verts=244080 texStalls=0 recompiles=489 underruns=2 overruns=0 sleep_us=4186955 queue_ms=13
fps: 30.0
vis: 60.0
cpu: exceptions=2319 cacheResets=1 batches=12574 verts=284835 texStalls=0 recompiles=498 underruns=2 overruns=0 sleep_us=4619572 queue_ms=9
vis: 60.0
cpu: exceptions=2638 cacheResets=1 batches=12574 verts=284835 texStalls=0 recompiles=675 underruns=3 overruns=0 sleep_us=4833732 queue_ms=23
vis: 60.0
cpu: exceptions=2728 cacheResets=1 batches=12574 verts=284835 texStalls=0 recompiles=733 underruns=3 overruns=0 sleep_us=5077002 queue_ms=19
vis: 60.0
cpu: exceptions=2818 cacheResets=1 batches=12574 verts=284835 texStalls=0 recompiles=784 underruns=3 overruns=0 sleep_us=5375634 queue_ms=16
fps: 4.9
vis: 60.0
cpu: exceptions=2961 cacheResets=1 batches=13906 verts=302151 texStalls=0 recompiles=910 underruns=5 overruns=0 sleep_us=5644831 queue_ms=17
fps: 15.2
vis: 60.0
cpu: exceptions=3118 cacheResets=1 batches=18796 verts=366456 texStalls=0 recompiles=910 underruns=5 overruns=0 sleep_us=5826222 queue_ms=13
fps: 30.0
vis: 60.0
cpu: exceptions=3273 cacheResets=1 batches=23668 verts=430401 texStalls=0 recompiles=927 underruns=5 overruns=0 sleep_us=6007269 queue_ms=17
fps: 30.0
vis: 60.0
cpu: exceptions=3436 cacheResets=1 batches=28535 verts=494298 texStalls=0 recompiles=927 underruns=5 overruns=0 sleep_us=6188224 queue_ms=14
fps: 30.0
vis: 60.0
cpu: exceptions=3591 cacheResets=1 batches=33398 verts=558171 texStalls=0 recompiles=927 underruns=5 overruns=0 sleep_us=6379005 queue_ms=19
fps: 29.1
vis: 60.0
cpu: exceptions=3762 cacheResets=1 batches=38270 verts=622098 texStalls=0 recompiles=927 underruns=6 overruns=0 sleep_us=6555190 queue_ms=6
fps: 29.9
vis: 60.0
cpu: exceptions=3974 cacheResets=1 batches=43136 verts=685989 texStalls=0 recompiles=928 underruns=6 overruns=0 sleep_us=6718394 queue_ms=12
fps: 30.0
vis: 60.0
cpu: exceptions=4198 cacheResets=1 batches=47997 verts=749850 texStalls=0 recompiles=928 underruns=6 overruns=0 sleep_us=6867550 queue_ms=8
fps: 30.0
vis: 60.0
cpu: exceptions=4425 cacheResets=1 batches=52864 verts=813747 texStalls=0 recompiles=928 underruns=6 overruns=0 sleep_us=7018475 queue_ms=13
fps: 30.0
vis: 60.0
cpu: exceptions=4645 cacheResets=1 batches=57729 verts=877632 texStalls=0 recompiles=928 underruns=6 overruns=0 sleep_us=7172096 queue_ms=9
fps: 30.0
vis: 60.0
cpu: exceptions=4859 cacheResets=1 batches=62592 verts=941505 texStalls=0 recompiles=928 underruns=6 overruns=0 sleep_us=7330750 queue_ms=6
fps: 30.0
vis: 60.0
cpu: exceptions=5079 cacheResets=1 batches=67454 verts=1005372 texStalls=0 recompiles=928 underruns=6 overruns=0 sleep_us=7487446 queue_ms=11
fps: 30.0
vis: 60.0
cpu: exceptions=5295 cacheResets=1 batches=72319 verts=1069257 texStalls=0 recompiles=928 underruns=6 overruns=0 sleep_us=7642791 queue_ms=7
fps: 30.0
vis: 60.0
cpu: exceptions=5521 cacheResets=1 batches=77182 verts=1133130 texStalls=0 recompiles=928 underruns=6 overruns=0 sleep_us=7793912 queue_ms=13
fps: 29.1
vis: 60.0
cpu: exceptions=5752 cacheResets=1 batches=81722 verts=1192752 texStalls=0 recompiles=932 underruns=7 overruns=0 sleep_us=7953248 queue_ms=17
fps: 30.0
mark: stop reason: chain guest VI limit
mark: stop_it requested
vis: 57.4
cpu: exceptions=5979 cacheResets=1 batches=86591 verts=1256661 texStalls=0 recompiles=932 underruns=8 overruns=0 sleep_us=8089969 queue_ms=7
audio: alist_resample_calls=16770 alist_resample_samples=2210760 alist_zoh_calls=0 alist_zoh_samples=0 musyx_subframes=0 musyx_voices=0 musyx_voice_peak=0
audio_stages: adpcm_calls=16496 adpcm_samples=2666016 envmix_calls=16204 envmix_samples=2162216 mix_calls=3500 mix_samples=1120000 musyx_fx_calls=0 musyx_fx_taps=0 output_calls=876 output_samples=467088
audio_envmix: exp_calls=16204 ge_calls=0 lin_calls=0 nead_calls=0 exp_steady=13261 ge_steady=0 lin_steady=0
audio_gaps: nead_mats=0 nead_efz=0 resample_flag2=0 musyx_ptr10=0
audio_output: stream_requests=3329 stream_fed=1621 input_hz=32006 playback_hz=32006 queue_peak_ms=112
subsystem_time: stage=rsp_gfx calls=326 timed_calls=326 period=1 timed_us=1452253
subsystem_time: stage=rsp_audio calls=875 timed_calls=875 period=1 timed_us=429776
subsystem_time: stage=rsp_other calls=0 timed_calls=0 period=1 timed_us=0
subsystem_time: stage=lookup calls=4323738 timed_calls=34045 period=127 timed_us=4549
subsystem_time: stage=compile calls=932 timed_calls=932 period=1 timed_us=105952
subsystem_time: stage=dispatch calls=4319181 timed_calls=34009 period=127 timed_us=10158
subsystem_time: stage=execute_inclusive calls=4319181 timed_calls=34009 period=127 timed_us=96436
subsystem_time: stage=rom_copy calls=1548 timed_calls=1548 period=1 timed_us=24921
subsystem_time: stage=present calls=899 timed_calls=899 period=1 timed_us=19072
subsystem_time: stage=limiter calls=880 timed_calls=880 period=1 timed_us=8092606
audio_time: stage=resample sampled_calls=132 sampled_samples=17512 sampled_us=740
audio_time: stage=zoh sampled_calls=0 sampled_samples=0 sampled_us=0
audio_time: stage=adpcm sampled_calls=129 sampled_samples=20528 sampled_us=849
audio_time: stage=envmix_exp sampled_calls=127 sampled_samples=16960 sampled_us=1239
audio_time: stage=envmix_ge sampled_calls=0 sampled_samples=0 sampled_us=0
audio_time: stage=envmix_lin sampled_calls=0 sampled_samples=0 sampled_us=0
audio_time: stage=envmix_nead sampled_calls=0 sampled_samples=0 sampled_us=0
audio_time: stage=mix sampled_calls=27 sampled_samples=8640 sampled_us=145
audio_time: stage=musyx_voice sampled_calls=0 sampled_samples=0 sampled_us=0
audio_time: stage=musyx_fx sampled_calls=0 sampled_samples=0 sampled_us=0
audio_time: stage=output sampled_calls=6 sampled_samples=3200 sampled_us=59
game: n=1/6 how=vis vis=900 vi_rate=60 vi0_retrace=318 wall_us=15193047 sleep_us=8089969 avg_vis=57.98 avg_fps=25.35 exceptions=5980 cacheResets=1 recompiles=932 batches=86591 verts=1256661 texStalls=0 treeDepthMax=14 underruns=8 overruns=0 queue_peak_ms=93 dsp_avg=1.54 dsp_peak=1.80 pmc1=5020945268 pmc2=5011738756 pmc3=0 pmc4=0 mmcr0=00000042 mmcr1=00000000 heap_used=10836692 heap_free=34408 arena1_free=634880 arena2_free=56405952 flushes=3 flush_us=34657 padtrace=4 rom=sd:/wii64/roms/Super Mario 64.v64
=== chain 1/6 end vis=900 how=vis rom=sd:/wii64/roms/Super Mario 64.v64 ===
mark: pad replay records: 1
mark: loadROM: enter
mark: loadROM: before rom_read
mark: ROMCache_load: enter
mark: ROMCache_load: before first read
mark: ROMCache_load: first read returned
mark: ROMCache_load: byte_swap_type set
mark: ROMCache_load: first byte_swap done
menufps: 0.1
menufps: 8.1
menufps: 8.3
menufps: 8.3
menufps: 8.1
menufps: 8.3
menufps: 8.1
mark: ROMCache_load: loop exited normally
mark: loadROM: after rom_read
mark: loadROM: before init_memory
mark: loadROM: after init_memory
mark: loadROM: before romOpen_gfx
mark: loadROM: after romOpen_gfx / before romOpen_audio
mark: loadROM: after romOpen_audio / before romOpen_input
mark: loadROM: after romOpen_input / before cpu_init
mark: loadROM: after cpu_init
menufps: 0.9
first_vi: vi0_retrace=1662
mark: CPU core dispatch: dynarec
vis: 60.0
cpu: exceptions=37 cacheResets=1 batches=0 verts=0 texStalls=0 recompiles=138 underruns=0 overruns=0 sleep_us=53864 queue_ms=0
vis: 60.0
cpu: exceptions=67 cacheResets=1 batches=0 verts=0 texStalls=0 recompiles=138 underruns=0 overruns=0 sleep_us=396277 queue_ms=0
vis: 60.0
cpu: exceptions=368 cacheResets=1 batches=0 verts=0 texStalls=0 recompiles=390 underruns=0 overruns=0 sleep_us=693108 queue_ms=0
vis: 60.0
cpu: exceptions=570 cacheResets=1 batches=0 verts=0 texStalls=0 recompiles=668 underruns=2 overruns=0 sleep_us=1001960 queue_ms=17
fps: 0.4
vis: 60.0
cpu: exceptions=766 cacheResets=1 batches=44 verts=2262 texStalls=0 recompiles=1899 underruns=3 overruns=0 sleep_us=1174979 queue_ms=34
vis: 60.0
cpu: exceptions=919 cacheResets=1 batches=44 verts=2262 texStalls=0 recompiles=1913 underruns=3 overruns=0 sleep_us=1443203 queue_ms=39
fps: 1.3
vis: 60.0
cpu: exceptions=1111 cacheResets=1 batches=523 verts=18168 texStalls=0 recompiles=1999 underruns=3 overruns=0 sleep_us=1720575 queue_ms=30
fps: 30.0
vis: 60.0
cpu: exceptions=1290 cacheResets=1 batches=1367 verts=39522 texStalls=0 recompiles=2006 underruns=3 overruns=0 sleep_us=2009618 queue_ms=34
fps: 30.0
vis: 60.0
cpu: exceptions=1480 cacheResets=1 batches=2414 verts=62094 texStalls=0 recompiles=2009 underruns=3 overruns=0 sleep_us=2288523 queue_ms=39
fps: 29.4
vis: 60.0
cpu: exceptions=1657 cacheResets=1 batches=3477 verts=84762 texStalls=0 recompiles=2010 underruns=3 overruns=0 sleep_us=2569489 queue_ms=30
fps: 30.0
vis: 60.0
cpu: exceptions=1840 cacheResets=1 batches=4530 verts=107034 texStalls=0 recompiles=2012 underruns=3 overruns=0 sleep_us=2850636 queue_ms=34
fps: 30.0
vis: 60.0
cpu: exceptions=2031 cacheResets=1 batches=5594 verts=129078 texStalls=0 recompiles=2029 underruns=3 overruns=0 sleep_us=3127076 queue_ms=17
fps: 30.0
vis: 60.0
cpu: exceptions=2218 cacheResets=1 batches=6620 verts=150894 texStalls=0 recompiles=2029 underruns=3 overruns=0 sleep_us=3412043 queue_ms=22
fps: 30.0
vis: 60.0
cpu: exceptions=2399 cacheResets=1 batches=7874 verts=182286 texStalls=0 recompiles=2031 underruns=3 overruns=0 sleep_us=3666871 queue_ms=26
fps: 29.9
vis: 60.0
cpu: exceptions=2607 cacheResets=1 batches=9515 verts=221466 texStalls=0 recompiles=2036 underruns=3 overruns=0 sleep_us=3885319 queue_ms=30
fps: 30.0
vis: 60.0
cpu: exceptions=2786 cacheResets=1 batches=11160 verts=252474 texStalls=0 recompiles=2047 underruns=3 overruns=0 sleep_us=4118863 queue_ms=26
fps: 30.0
vis: 60.0
cpu: exceptions=2963 cacheResets=1 batches=12648 verts=277062 texStalls=0 recompiles=2063 underruns=3 overruns=0 sleep_us=4383970 queue_ms=31
fps: 30.0
vis: 60.0
cpu: exceptions=3134 cacheResets=1 batches=13893 verts=300192 texStalls=0 recompiles=2063 underruns=3 overruns=0 sleep_us=4668584 queue_ms=22
fps: 30.0
vis: 60.0
cpu: exceptions=3311 cacheResets=1 batches=14955 verts=322224 texStalls=0 recompiles=2064 underruns=3 overruns=0 sleep_us=4960982 queue_ms=26
fps: 30.0
vis: 60.0
cpu: exceptions=3496 cacheResets=1 batches=15990 verts=344094 texStalls=0 recompiles=2064 underruns=3 overruns=0 sleep_us=5247037 queue_ms=31
fps: 30.0
vis: 60.0
cpu: exceptions=3685 cacheResets=1 batches=17051 verts=367944 texStalls=0 recompiles=2064 underruns=3 overruns=0 sleep_us=5523123 queue_ms=27
fps: 29.9
vis: 60.0
cpu: exceptions=3873 cacheResets=1 batches=18373 verts=405216 texStalls=0 recompiles=2064 underruns=3 overruns=0 sleep_us=5769342 queue_ms=31
fps: 30.0
vis: 60.0
cpu: exceptions=4080 cacheResets=1 batches=19710 verts=442578 texStalls=0 recompiles=2072 underruns=3 overruns=0 sleep_us=6011411 queue_ms=22
fps: 29.9
vis: 60.0
cpu: exceptions=4276 cacheResets=1 batches=22471 verts=477696 texStalls=0 recompiles=2081 underruns=3 overruns=0 sleep_us=6226642 queue_ms=27
fps: 29.9
vis: 60.0
cpu: exceptions=4471 cacheResets=1 batches=27669 verts=520134 texStalls=0 recompiles=2081 underruns=3 overruns=0 sleep_us=6403906 queue_ms=31
fps: 30.0
vis: 60.0
cpu: exceptions=4657 cacheResets=1 batches=32960 verts=563130 texStalls=0 recompiles=2081 underruns=3 overruns=0 sleep_us=6586240 queue_ms=27
fps: 30.0
vis: 60.0
cpu: exceptions=4854 cacheResets=1 batches=37986 verts=604536 texStalls=0 recompiles=2083 underruns=3 overruns=0 sleep_us=6778541 queue_ms=32
fps: 30.0
vis: 60.0
cpu: exceptions=5048 cacheResets=1 batches=43113 verts=646548 texStalls=0 recompiles=2083 underruns=3 overruns=0 sleep_us=6969119 queue_ms=23
fps: 30.0
vis: 60.0
cpu: exceptions=5255 cacheResets=1 batches=48350 verts=691956 texStalls=0 recompiles=2083 underruns=3 overruns=0 sleep_us=7136436 queue_ms=27
fps: 29.1
mark: stop reason: chain guest VI limit
mark: stop_it requested
audio: alist_resample_calls=7273 alist_resample_samples=1338232 alist_zoh_calls=0 alist_zoh_samples=0 musyx_subframes=0 musyx_voices=0 musyx_voice_peak=0
audio_stages: adpcm_calls=5684 adpcm_samples=629344 envmix_calls=5654 envmix_samples=1040336 mix_calls=32380 mix_samples=5957920 musyx_fx_calls=0 musyx_fx_taps=0 output_calls=405 output_samples=297160
audio_envmix: exp_calls=0 ge_calls=0 lin_calls=5654 nead_calls=0 exp_steady=0 ge_steady=0 lin_steady=5208
audio_gaps: nead_mats=0 nead_efz=0 resample_flag2=0 musyx_ptr10=0
audio_output: stream_requests=3356 stream_fed=1030 input_hz=21998 playback_hz=21998 queue_peak_ms=74
subsystem_time: stage=rsp_gfx calls=358 timed_calls=358 period=1 timed_us=1322596
subsystem_time: stage=rsp_audio calls=406 timed_calls=406 period=1 timed_us=306398
subsystem_time: stage=rsp_other calls=0 timed_calls=0 period=1 timed_us=0
subsystem_time: stage=lookup calls=4415531 timed_calls=34767 period=127 timed_us=5756
subsystem_time: stage=compile calls=2084 timed_calls=2084 period=1 timed_us=178408
subsystem_time: stage=dispatch calls=4132090 timed_calls=32536 period=127 timed_us=11758
subsystem_time: stage=execute_inclusive calls=4132090 timed_calls=32536 period=127 timed_us=71831
subsystem_time: stage=rom_copy calls=640 timed_calls=640 period=1 timed_us=14352
subsystem_time: stage=present calls=899 timed_calls=899 period=1 timed_us=60799
subsystem_time: stage=limiter calls=861 timed_calls=861 period=1 timed_us=7328172
audio_time: stage=resample sampled_calls=57 sampled_samples=10488 sampled_us=411
audio_time: stage=zoh sampled_calls=0 sampled_samples=0 sampled_us=0
audio_time: stage=adpcm sampled_calls=44 sampled_samples=4752 sampled_us=204
audio_time: stage=envmix_exp sampled_calls=0 sampled_samples=0 sampled_us=0
audio_time: stage=envmix_ge sampled_calls=0 sampled_samples=0 sampled_us=0
audio_time: stage=envmix_lin sampled_calls=44 sampled_samples=8096 sampled_us=691
audio_time: stage=envmix_nead sampled_calls=0 sampled_samples=0 sampled_us=0
audio_time: stage=mix sampled_calls=254 sampled_samples=46736 sampled_us=774
audio_time: stage=musyx_voice sampled_calls=0 sampled_samples=0 sampled_us=0
audio_time: stage=musyx_fx sampled_calls=0 sampled_samples=0 sampled_us=0
audio_time: stage=output sampled_calls=3 sampled_samples=2208 sampled_us=39
game: n=2/6 how=vis vis=900 vi_rate=60 vi0_retrace=1662 wall_us=15178477 sleep_us=7325271 avg_vis=60.00 avg_fps=27.59 exceptions=5450 cacheResets=1 recompiles=2084 batches=52520 verts=741906 texStalls=0 treeDepthMax=31 underruns=4 overruns=0 queue_peak_ms=39 dsp_avg=1.37 dsp_peak=1.60 pmc1=5457578525 pmc2=5201889942 pmc3=0 pmc4=0 mmcr0=00000042 mmcr1=00000000 heap_used=10913844 heap_free=35080 arena1_free=557056 arena2_free=56405952 flushes=4 flush_us=43129 padtrace=0 rom=sd:/wii64/roms/Banjo-Kazooie.V64
=== chain 2/6 end vis=900 how=vis rom=sd:/wii64/roms/Banjo-Kazooie.V64 ===
mark: pad replay records: 1
mark: loadROM: enter
mark: loadROM: before rom_read
mark: ROMCache_load: enter
mark: ROMCache_load: before first read
mark: ROMCache_load: first read returned
mark: ROMCache_load: byte_swap_type set
mark: ROMCache_load: first byte_swap done
menufps: 0.1
menufps: 8.5
menufps: 8.3
menufps: 8.3
menufps: 8.3
menufps: 8.3
menufps: 8.3
mark: ROMCache_load: loop exited normally
mark: loadROM: after rom_read
mark: loadROM: before init_memory
mark: loadROM: after init_memory
mark: loadROM: before romOpen_gfx
mark: loadROM: after romOpen_gfx / before romOpen_audio
mark: loadROM: after romOpen_audio / before romOpen_input
mark: loadROM: after romOpen_input / before cpu_init
mark: loadROM: after cpu_init
menufps: 0.9
fps: 0.8
first_vi: vi0_retrace=2999
vis: 3.9
cpu: exceptions=0 cacheResets=0 batches=0 verts=0 texStalls=0 recompiles=0 underruns=0 overruns=0 sleep_us=0 queue_ms=0
mark: CPU core dispatch: dynarec
vis: 60.0
cpu: exceptions=1472 cacheResets=1 batches=0 verts=0 texStalls=0 recompiles=421 underruns=0 overruns=0 sleep_us=140640 queue_ms=148
fps: 3.1
vis: 60.0
cpu: exceptions=2356 cacheResets=1 batches=0 verts=0 texStalls=0 recompiles=425 underruns=0 overruns=0 sleep_us=514394 queue_ms=151
fps: 60.6
vis: 60.0
cpu: exceptions=2626 cacheResets=1 batches=0 verts=0 texStalls=0 recompiles=425 underruns=0 overruns=0 sleep_us=943081 queue_ms=147
fps: 60.0
vis: 60.0
cpu: exceptions=2919 cacheResets=1 batches=0 verts=0 texStalls=0 recompiles=468 underruns=0 overruns=0 sleep_us=1358318 queue_ms=153
vis: 60.0
cpu: exceptions=3299 cacheResets=1 batches=0 verts=0 texStalls=0 recompiles=468 underruns=0 overruns=0 sleep_us=1716325 queue_ms=148
fps: 14.9
vis: 55.9
cpu: exceptions=3638 cacheResets=1 batches=2160 verts=57624 texStalls=0 recompiles=742 underruns=0 overruns=0 sleep_us=1908147 queue_ms=112
fps: 59.8
vis: 60.0
cpu: exceptions=3928 cacheResets=1 batches=8940 verts=235104 texStalls=0 recompiles=763 underruns=0 overruns=0 sleep_us=1996231 queue_ms=117
fps: 60.0
vis: 60.0
cpu: exceptions=4224 cacheResets=1 batches=15711 verts=412530 texStalls=0 recompiles=771 underruns=0 overruns=0 sleep_us=2087084 queue_ms=112
fps: 60.0
vis: 60.0
cpu: exceptions=4523 cacheResets=1 batches=22461 verts=589830 texStalls=0 recompiles=775 underruns=0 overruns=0 sleep_us=2177711 queue_ms=119
fps: 60.0
vis: 60.0
cpu: exceptions=4814 cacheResets=1 batches=29211 verts=767130 texStalls=0 recompiles=775 underruns=0 overruns=0 sleep_us=2271538 queue_ms=114
fps: 60.0
vis: 60.0
cpu: exceptions=5102 cacheResets=1 batches=35961 verts=944430 texStalls=0 recompiles=775 underruns=0 overruns=0 sleep_us=2367539 queue_ms=120
fps: 60.0
vis: 60.0
cpu: exceptions=5397 cacheResets=1 batches=42711 verts=1121730 texStalls=0 recompiles=775 underruns=0 overruns=0 sleep_us=2460270 queue_ms=115
fps: 60.0
vis: 60.0
cpu: exceptions=5683 cacheResets=1 batches=49461 verts=1299030 texStalls=0 recompiles=777 underruns=0 overruns=0 sleep_us=2556653 queue_ms=122
fps: 60.0
vis: 60.0
cpu: exceptions=5977 cacheResets=1 batches=56211 verts=1476330 texStalls=0 recompiles=777 underruns=0 overruns=0 sleep_us=2645342 queue_ms=117
fps: 60.0
vis: 60.0
cpu: exceptions=6275 cacheResets=1 batches=62961 verts=1653630 texStalls=0 recompiles=777 underruns=0 overruns=0 sleep_us=2731966 queue_ms=114
fps: 60.0
vis: 60.0
cpu: exceptions=6570 cacheResets=1 batches=69711 verts=1830930 texStalls=0 recompiles=777 underruns=0 overruns=0 sleep_us=2819139 queue_ms=119
fps: 60.0
vis: 60.0
cpu: exceptions=6868 cacheResets=1 batches=76461 verts=2008230 texStalls=0 recompiles=777 underruns=0 overruns=0 sleep_us=2903361 queue_ms=115
fps: 60.0
vis: 60.0
cpu: exceptions=7160 cacheResets=1 batches=83211 verts=2185530 texStalls=0 recompiles=777 underruns=0 overruns=0 sleep_us=2989593 queue_ms=121
fps: 60.0
vis: 60.0
cpu: exceptions=7452 cacheResets=1 batches=89961 verts=2362830 texStalls=0 recompiles=777 underruns=0 overruns=0 sleep_us=3078257 queue_ms=116
fps: 58.2
vis: 60.0
cpu: exceptions=7741 cacheResets=1 batches=96711 verts=2540130 texStalls=0 recompiles=777 underruns=0 overruns=0 sleep_us=3168572 queue_ms=104
fps: 60.0
vis: 60.0
cpu: exceptions=8031 cacheResets=1 batches=103461 verts=2717430 texStalls=0 recompiles=777 underruns=0 overruns=0 sleep_us=3262178 queue_ms=100
fps: 59.9
vis: 60.0
cpu: exceptions=8328 cacheResets=1 batches=110211 verts=2894730 texStalls=0 recompiles=777 underruns=0 overruns=0 sleep_us=3349623 queue_ms=106
fps: 60.0
vis: 60.0
cpu: exceptions=8622 cacheResets=1 batches=116961 verts=3072030 texStalls=0 recompiles=777 underruns=0 overruns=0 sleep_us=3426388 queue_ms=101
fps: 60.0
vis: 60.0
cpu: exceptions=8933 cacheResets=1 batches=123711 verts=3249330 texStalls=0 recompiles=777 underruns=0 overruns=0 sleep_us=3490643 queue_ms=108
fps: 60.0
vis: 60.0
cpu: exceptions=9251 cacheResets=1 batches=130461 verts=3426630 texStalls=0 recompiles=777 underruns=0 overruns=0 sleep_us=3551959 queue_ms=103
fps: 60.0
vis: 60.0
cpu: exceptions=9570 cacheResets=1 batches=137211 verts=3603930 texStalls=0 recompiles=777 underruns=0 overruns=0 sleep_us=3615030 queue_ms=100
fps: 60.0
vis: 60.0
cpu: exceptions=9883 cacheResets=1 batches=143961 verts=3781230 texStalls=0 recompiles=777 underruns=0 overruns=0 sleep_us=3679032 queue_ms=105
fps: 60.0
vis: 60.0
cpu: exceptions=10192 cacheResets=1 batches=150711 verts=3958530 texStalls=0 recompiles=777 underruns=0 overruns=0 sleep_us=3745890 queue_ms=101
fps: 59.8
vis: 60.0
cpu: exceptions=10505 cacheResets=1 batches=157883 verts=4149348 texStalls=0 recompiles=777 underruns=0 overruns=0 sleep_us=3805059 queue_ms=107
fps: 60.1
vis: 60.0
cpu: exceptions=10814 cacheResets=1 batches=166733 verts=4394238 texStalls=0 recompiles=777 underruns=0 overruns=0 sleep_us=3822703 queue_ms=103
mark: stop reason: chain guest VI limit
mark: stop_it requested
audio: alist_resample_calls=10077 alist_resample_samples=1250096 alist_zoh_calls=0 alist_zoh_samples=0 musyx_subframes=0 musyx_voices=0 musyx_voice_peak=0
audio_stages: adpcm_calls=9759 adpcm_samples=1154016 envmix_calls=10077 envmix_samples=1250096 mix_calls=79024 mix_samples=10544864 musyx_fx_calls=0 musyx_fx_taps=0 output_calls=897 output_samples=478768
audio_envmix: exp_calls=10077 ge_calls=0 lin_calls=0 nead_calls=0 exp_steady=5510 ge_steady=0 lin_steady=0
audio_gaps: nead_mats=0 nead_efz=0 resample_flag2=0 musyx_ptr10=0
audio_output: stream_requests=3312 stream_fed=1654 input_hz=32006 playback_hz=32006 queue_peak_ms=173
subsystem_time: stage=rsp_gfx calls=810 timed_calls=810 period=1 timed_us=5586949
subsystem_time: stage=rsp_audio calls=898 timed_calls=898 period=1 timed_us=591551
subsystem_time: stage=rsp_other calls=0 timed_calls=0 period=1 timed_us=0
subsystem_time: stage=lookup calls=3609997 timed_calls=28425 period=127 timed_us=4174
subsystem_time: stage=compile calls=777 timed_calls=777 period=1 timed_us=106796
subsystem_time: stage=dispatch calls=3517098 timed_calls=27693 period=127 timed_us=8714
subsystem_time: stage=execute_inclusive calls=3517098 timed_calls=27693 period=127 timed_us=111026
subsystem_time: stage=rom_copy calls=1024 timed_calls=1024 period=1 timed_us=14848
subsystem_time: stage=present calls=899 timed_calls=899 period=1 timed_us=42028
subsystem_time: stage=limiter calls=875 timed_calls=875 period=1 timed_us=3825625
audio_time: stage=resample sampled_calls=79 sampled_samples=10240 sampled_us=450
audio_time: stage=zoh sampled_calls=0 sampled_samples=0 sampled_us=0
audio_time: stage=adpcm sampled_calls=76 sampled_samples=8016 sampled_us=369
audio_time: stage=envmix_exp sampled_calls=79 sampled_samples=10240 sampled_us=1189
audio_time: stage=envmix_ge sampled_calls=0 sampled_samples=0 sampled_us=0
audio_time: stage=envmix_lin sampled_calls=0 sampled_samples=0 sampled_us=0
audio_time: stage=envmix_nead sampled_calls=0 sampled_samples=0 sampled_us=0
audio_time: stage=mix sampled_calls=622 sampled_samples=83008 sampled_us=1312
audio_time: stage=musyx_voice sampled_calls=0 sampled_samples=0 sampled_us=0
audio_time: stage=musyx_fx sampled_calls=0 sampled_samples=0 sampled_us=0
audio_time: stage=output sampled_calls=7 sampled_samples=3712 sampled_us=70
game: n=3/6 how=vis vis=900 vi_rate=60 vi0_retrace=2999 wall_us=15221028 sleep_us=3822703 avg_vis=58.06 avg_fps=54.39 exceptions=10824 cacheResets=1 recompiles=777 batches=167028 verts=4402401 texStalls=0 treeDepthMax=12 underruns=0 overruns=0 queue_peak_ms=153 dsp_avg=1.62 dsp_peak=1.90 pmc1=8147966142 pmc2=7924030772 pmc3=0 pmc4=0 mmcr0=00000042 mmcr1=00000000 heap_used=10826036 heap_free=159752 arena1_free=520192 arena2_free=56405952 flushes=3 flush_us=33415 padtrace=0 rom=sd:/wii64/roms/Pokemon Snap.rom
=== chain 3/6 end vis=900 how=vis rom=sd:/wii64/roms/Pokemon Snap.rom ===
mark: pad replay records: 1
mark: loadROM: enter
mark: loadROM: before rom_read
mark: ROMCache_load: enter
menufps: 0.1
menufps: 0.2
mark: ROMCache_load: before first read
mark: ROMCache_load: first read returned
mark: ROMCache_load: byte_swap_type set
mark: ROMCache_load: first byte_swap done
menufps: 0.2
menufps: 8.5
menufps: 8.3
menufps: 8.1
menufps: 8.4
menufps: 8.3
menufps: 7.8
menufps: 1.3
menufps: 1.3
menufps: 1.3
menufps: 1.3
menufps: 1.3
menufps: 1.3
menufps: 1.3
menufps: 3.5
menufps: 7.8
menufps: 8.0
menufps: 8.0
menufps: 8.0
menufps: 8.2
mark: ROMCache_load: loop exited normally
mark: loadROM: after rom_read
mark: loadROM: before init_memory
mark: loadROM: after init_memory
mark: loadROM: before romOpen_gfx
mark: loadROM: after romOpen_gfx / before romOpen_audio
mark: loadROM: after romOpen_audio / before romOpen_input
mark: loadROM: after romOpen_input / before cpu_init
mark: loadROM: after cpu_init
menufps: 0.9
fps: 0.2
first_vi: vi0_retrace=5442
vis: 0.1
cpu: exceptions=0 cacheResets=0 batches=0 verts=0 texStalls=0 recompiles=0 underruns=0 overruns=0 sleep_us=0 queue_ms=0
mark: CPU core dispatch: dynarec
vis: 0.4
cpu: exceptions=2 cacheResets=1 batches=0 verts=0 texStalls=0 recompiles=138 underruns=0 overruns=0 sleep_us=0 queue_ms=0
vis: 50.0
cpu: exceptions=2005 cacheResets=1 batches=0 verts=0 texStalls=0 recompiles=367 underruns=0 overruns=0 sleep_us=419777 queue_ms=0
fps: 0.3
vis: 43.8
cpu: exceptions=2765 cacheResets=1 batches=0 verts=0 texStalls=0 recompiles=777 underruns=1 overruns=0 sleep_us=610623 queue_ms=150
fps: 45.0
vis: 50.0
cpu: exceptions=2988 cacheResets=1 batches=0 verts=0 texStalls=0 recompiles=1244 underruns=1 overruns=0 sleep_us=853261 queue_ms=161
fps: 50.0
vis: 50.0
cpu: exceptions=3125 cacheResets=1 batches=0 verts=0 texStalls=0 recompiles=1253 underruns=1 overruns=0 sleep_us=1253049 queue_ms=163
vis: 50.0
cpu: exceptions=3274 cacheResets=1 batches=0 verts=0 texStalls=0 recompiles=1267 underruns=1 overruns=0 sleep_us=1643050 queue_ms=151
fps: 49.9
vis: 50.0
cpu: exceptions=3432 cacheResets=1 batches=0 verts=0 texStalls=0 recompiles=1269 underruns=1 overruns=0 sleep_us=2018225 queue_ms=159
fps: 50.1
vis: 50.0
cpu: exceptions=3584 cacheResets=1 batches=0 verts=0 texStalls=0 recompiles=1277 underruns=1 overruns=0 sleep_us=2393625 queue_ms=164
fps: 48.9
vis: 50.0
cpu: exceptions=3733 cacheResets=1 batches=0 verts=0 texStalls=0 recompiles=1277 underruns=1 overruns=0 sleep_us=2769376 queue_ms=134
fps: 50.2
vis: 50.0
cpu: exceptions=3884 cacheResets=1 batches=0 verts=0 texStalls=0 recompiles=1278 underruns=1 overruns=0 sleep_us=3154218 queue_ms=142
fps: 49.9
vis: 50.0
cpu: exceptions=4163 cacheResets=1 batches=0 verts=0 texStalls=0 recompiles=1279 underruns=1 overruns=0 sleep_us=3845474 queue_ms=155
fps: 50.0
vis: 50.0
cpu: exceptions=4306 cacheResets=1 batches=0 verts=0 texStalls=0 recompiles=1280 underruns=1 overruns=0 sleep_us=4233482 queue_ms=163
fps: 50.0
vis: 50.0
cpu: exceptions=4462 cacheResets=1 batches=0 verts=0 texStalls=0 recompiles=1280 underruns=1 overruns=0 sleep_us=4611803 queue_ms=174
fps: 49.9
vis: 50.0
cpu: exceptions=4614 cacheResets=1 batches=0 verts=0 texStalls=0 recompiles=1280 underruns=1 overruns=0 sleep_us=4985521 queue_ms=176
fps: 50.2
vis: 50.0
cpu: exceptions=4759 cacheResets=1 batches=0 verts=0 texStalls=0 recompiles=1283 underruns=1 overruns=0 sleep_us=5356263 queue_ms=155
fps: 49.9
vis: 50.0
cpu: exceptions=4900 cacheResets=1 batches=0 verts=0 texStalls=0 recompiles=1283 underruns=1 overruns=0 sleep_us=5733075 queue_ms=166
fps: 50.1
vis: 50.0
cpu: exceptions=5040 cacheResets=1 batches=0 verts=0 texStalls=0 recompiles=1283 underruns=1 overruns=0 sleep_us=6114426 queue_ms=174
fps: 49.9
vis: 50.0
cpu: exceptions=5185 cacheResets=1 batches=0 verts=0 texStalls=0 recompiles=1283 underruns=1 overruns=0 sleep_us=6505086 queue_ms=185
fps: 50.2
vis: 50.0
cpu: exceptions=5333 cacheResets=1 batches=0 verts=0 texStalls=0 recompiles=1283 underruns=1 overruns=0 sleep_us=6884598 queue_ms=158
fps: 49.9
vis: 50.0
cpu: exceptions=5484 cacheResets=1 batches=0 verts=0 texStalls=0 recompiles=1283 underruns=1 overruns=0 sleep_us=7268929 queue_ms=175
fps: 50.1
vis: 50.0
cpu: exceptions=5637 cacheResets=1 batches=0 verts=0 texStalls=0 recompiles=1283 underruns=1 overruns=0 sleep_us=7642246 queue_ms=177
fps: 49.7
vis: 50.0
cpu: exceptions=5777 cacheResets=1 batches=0 verts=0 texStalls=0 recompiles=1283 underruns=1 overruns=0 sleep_us=8026553 queue_ms=188
fps: 50.2
vis: 50.0
cpu: exceptions=5923 cacheResets=1 batches=0 verts=0 texStalls=0 recompiles=1283 underruns=1 overruns=0 sleep_us=8409237 queue_ms=167
fps: 49.9
vis: 50.0
cpu: exceptions=6076 cacheResets=1 batches=0 verts=0 texStalls=0 recompiles=1283 underruns=1 overruns=0 sleep_us=8781383 queue_ms=178
fps: 50.2
vis: 50.0
cpu: exceptions=6231 cacheResets=1 batches=0 verts=0 texStalls=0 recompiles=1283 underruns=1 overruns=0 sleep_us=9157706 queue_ms=186
fps: 49.8
vis: 50.0
cpu: exceptions=6381 cacheResets=1 batches=0 verts=0 texStalls=0 recompiles=1283 underruns=1 overruns=0 sleep_us=9535562 queue_ms=188
fps: 50.0
vis: 50.0
cpu: exceptions=6525 cacheResets=1 batches=0 verts=0 texStalls=0 recompiles=1283 underruns=1 overruns=0 sleep_us=9908687 queue_ms=170
fps: 50.0
vis: 50.0
cpu: exceptions=6673 cacheResets=1 batches=0 verts=0 texStalls=0 recompiles=1283 underruns=1 overruns=0 sleep_us=10283113 queue_ms=178
fps: 48.8
vis: 50.0
cpu: exceptions=6825 cacheResets=1 batches=0 verts=0 texStalls=0 recompiles=1283 underruns=1 overruns=0 sleep_us=10646129 queue_ms=176
fps: 49.7
vis: 50.0
cpu: exceptions=6970 cacheResets=1 batches=0 verts=0 texStalls=0 recompiles=1283 underruns=1 overruns=0 sleep_us=11013188 queue_ms=182
fps: 50.2
vis: 50.0
cpu: exceptions=7111 cacheResets=1 batches=0 verts=0 texStalls=0 recompiles=1283 underruns=1 overruns=0 sleep_us=11376916 queue_ms=161
fps: 49.9
vis: 50.0
cpu: exceptions=7266 cacheResets=1 batches=0 verts=0 texStalls=0 recompiles=1283 underruns=1 overruns=0 sleep_us=11755429 queue_ms=177
fps: 50.1
vis: 50.0
cpu: exceptions=7433 cacheResets=1 batches=0 verts=0 texStalls=0 recompiles=1286 underruns=1 overruns=0 sleep_us=12122359 queue_ms=179
fps: 49.8
vis: 50.0
cpu: exceptions=7586 cacheResets=1 batches=0 verts=0 texStalls=0 recompiles=1286 underruns=1 overruns=0 sleep_us=12492251 queue_ms=190
fps: 50.1
vis: 50.0
cpu: exceptions=7738 cacheResets=1 batches=0 verts=0 texStalls=0 recompiles=1286 underruns=1 overruns=0 sleep_us=12860838 queue_ms=164
vis: 50.0
cpu: exceptions=7898 cacheResets=1 batches=0 verts=0 texStalls=0 recompiles=1286 underruns=1 overruns=0 sleep_us=13237083 queue_ms=171
fps: 49.9
mark: stop reason: chain guest VI limit
mark: stop_it requested
audio: alist_resample_calls=29202 alist_resample_samples=5373168 alist_zoh_calls=0 alist_zoh_samples=0 musyx_subframes=0 musyx_voices=0 musyx_voice_peak=0
audio_stages: adpcm_calls=30702 adpcm_samples=5024896 envmix_calls=29202 envmix_samples=5373168 mix_calls=30350 mix_samples=5584400 musyx_fx_calls=0 musyx_fx_taps=0 output_calls=652 output_samples=557520
audio_envmix: exp_calls=0 ge_calls=0 lin_calls=29202 nead_calls=0 exp_steady=0 ge_steady=0 lin_steady=16497
audio_gaps: nead_mats=0 nead_efz=0 resample_flag2=0 musyx_ptr10=0
audio_output: stream_requests=5011 stream_fed=1922 input_hz=31995 playback_hz=31995 queue_peak_ms=218
subsystem_time: stage=rsp_gfx calls=852 timed_calls=852 period=1 timed_us=777752
subsystem_time: stage=rsp_audio calls=653 timed_calls=653 period=1 timed_us=1138023
subsystem_time: stage=rsp_other calls=0 timed_calls=0 period=1 timed_us=0
subsystem_time: stage=lookup calls=1674625 timed_calls=13186 period=127 timed_us=2586
subsystem_time: stage=compile calls=1286 timed_calls=1286 period=1 timed_us=81441
subsystem_time: stage=dispatch calls=1672069 timed_calls=13165 period=127 timed_us=5552
subsystem_time: stage=execute_inclusive calls=1672069 timed_calls=13165 period=127 timed_us=103234
subsystem_time: stage=rom_copy calls=940 timed_calls=940 period=1 timed_us=2565598
subsystem_time: stage=present calls=899 timed_calls=899 period=1 timed_us=19995
subsystem_time: stage=limiter calls=878 timed_calls=878 period=1 timed_us=13267524
audio_time: stage=resample sampled_calls=229 sampled_samples=42136 sampled_us=1643
audio_time: stage=zoh sampled_calls=0 sampled_samples=0 sampled_us=0
audio_time: stage=adpcm sampled_calls=241 sampled_samples=40144 sampled_us=1648
audio_time: stage=envmix_exp sampled_calls=0 sampled_samples=0 sampled_us=0
audio_time: stage=envmix_ge sampled_calls=0 sampled_samples=0 sampled_us=0
audio_time: stage=envmix_lin sampled_calls=229 sampled_samples=42136 sampled_us=4278
audio_time: stage=envmix_nead sampled_calls=0 sampled_samples=0 sampled_us=0
audio_time: stage=mix sampled_calls=238 sampled_samples=43792 sampled_us=722
audio_time: stage=musyx_voice sampled_calls=0 sampled_samples=0 sampled_us=0
audio_time: stage=musyx_fx sampled_calls=0 sampled_samples=0 sampled_us=0
audio_time: stage=output sampled_calls=5 sampled_samples=4232 sampled_us=67
game: n=4/6 how=vis vis=900 vi_rate=50 vi0_retrace=5442 wall_us=20616566 sleep_us=13264741 avg_vis=47.14 avg_fps=46.85 exceptions=7919 cacheResets=1 recompiles=1286 batches=0 verts=0 texStalls=0 treeDepthMax=18 underruns=1 overruns=0 queue_peak_ms=190 dsp_avg=1.45 dsp_peak=1.60 pmc1=3369386207 pmc2=3288894652 pmc3=0 pmc4=0 mmcr0=00000042 mmcr1=00000000 heap_used=10853684 heap_free=132104 arena1_free=520192 arena2_free=56405952 flushes=4 flush_us=42408 padtrace=0 rom=sd:/wii64/roms/Mario Party 3 (E) (M4) [!].z64
=== chain 4/6 end vis=900 how=vis rom=sd:/wii64/roms/Mario Party 3 (E) (M4) [!].z64 ===
mark: pad replay records: 1
mark: loadROM: enter
mark: loadROM: before rom_read
mark: ROMCache_load: enter
mark: ROMCache_load: before first read
mark: ROMCache_load: first read returned
mark: ROMCache_load: byte_swap_type set
mark: ROMCache_load: first byte_swap done
menufps: 0.0
menufps: 8.3
menufps: 8.0
menufps: 8.1
menufps: 7.7
menufps: 8.1
menufps: 8.0
menufps: 3.4
menufps: 1.3
menufps: 1.2
menufps: 1.3
menufps: 1.3
menufps: 1.2
menufps: 1.2
menufps: 3.7
menufps: 8.0
menufps: 8.1
menufps: 8.1
menufps: 8.3
mark: ROMCache_load: loop exited normally
mark: loadROM: after rom_read
mark: loadROM: before init_memory
mark: loadROM: after init_memory
mark: loadROM: before romOpen_gfx
mark: loadROM: after romOpen_gfx / before romOpen_audio
mark: loadROM: after romOpen_audio / before romOpen_input
mark: loadROM: after romOpen_input / before cpu_init
mark: loadROM: after cpu_init
menufps: 4.9
menufps: 0.7
fps: 0.2
first_vi: vi0_retrace=7651
vis: 0.2
cpu: exceptions=0 cacheResets=0 batches=0 verts=0 texStalls=0 recompiles=0 underruns=0 overruns=0 sleep_us=0 queue_ms=0
mark: CPU core dispatch: dynarec
vis: 0.4
cpu: exceptions=1 cacheResets=1 batches=0 verts=0 texStalls=0 recompiles=75 underruns=0 overruns=0 sleep_us=0 queue_ms=0
vis: 60.0
cpu: exceptions=85 cacheResets=1 batches=0 verts=0 texStalls=0 recompiles=242 underruns=2 overruns=0 sleep_us=313067 queue_ms=17
vis: 60.0
cpu: exceptions=215 cacheResets=1 batches=0 verts=0 texStalls=0 recompiles=373 underruns=2 overruns=0 sleep_us=718274 queue_ms=17
vis: 60.0
cpu: exceptions=317 cacheResets=1 batches=0 verts=0 texStalls=0 recompiles=452 underruns=2 overruns=0 sleep_us=1065289 queue_ms=4
vis: 56.8
cpu: exceptions=1396 cacheResets=1 batches=0 verts=0 texStalls=0 recompiles=713 underruns=3 overruns=0 sleep_us=1179915 queue_ms=60
vis: 25.1
cpu: exceptions=1914 cacheResets=1 batches=0 verts=0 texStalls=0 recompiles=716 underruns=6 overruns=0 sleep_us=1187450 queue_ms=13
vis: 47.6
cpu: exceptions=2456 cacheResets=1 batches=0 verts=0 texStalls=0 recompiles=785 underruns=10 overruns=0 sleep_us=1432071 queue_ms=4
fps: 0.2
vis: 60.0
cpu: exceptions=6841 cacheResets=1 batches=4 verts=504 texStalls=0 recompiles=1178 underruns=17 overruns=0 sleep_us=1432071 queue_ms=182
fps: 35.9
vis: 60.0
cpu: exceptions=6988 cacheResets=1 batches=19 verts=2394 texStalls=0 recompiles=1178 underruns=17 overruns=0 sleep_us=1868994 queue_ms=182
fps: 30.0
vis: 60.0
cpu: exceptions=7135 cacheResets=1 batches=34 verts=4284 texStalls=0 recompiles=1178 underruns=17 overruns=0 sleep_us=2306153 queue_ms=169
fps: 30.0
vis: 60.0
cpu: exceptions=7282 cacheResets=1 batches=49 verts=6174 texStalls=0 recompiles=1178 underruns=17 overruns=0 sleep_us=2743748 queue_ms=178
fps: 29.0
vis: 60.0
cpu: exceptions=7429 cacheResets=1 batches=64 verts=8064 texStalls=0 recompiles=1178 underruns=17 overruns=0 sleep_us=3180913 queue_ms=152
fps: 30.0
vis: 60.0
cpu: exceptions=7577 cacheResets=1 batches=79 verts=9954 texStalls=0 recompiles=1178 underruns=17 overruns=0 sleep_us=3618084 queue_ms=161
fps: 30.0
vis: 60.0
cpu: exceptions=7723 cacheResets=1 batches=94 verts=11844 texStalls=0 recompiles=1178 underruns=17 overruns=0 sleep_us=4055672 queue_ms=161
fps: 30.0
vis: 60.0
cpu: exceptions=7870 cacheResets=1 batches=109 verts=13734 texStalls=0 recompiles=1178 underruns=17 overruns=0 sleep_us=4492826 queue_ms=161
vis: 60.0
cpu: exceptions=8018 cacheResets=1 batches=124 verts=15624 texStalls=0 recompiles=1179 underruns=17 overruns=0 sleep_us=4933404 queue_ms=156
fps: 30.0
vis: 60.0
cpu: exceptions=8164 cacheResets=1 batches=139 verts=17514 texStalls=0 recompiles=1179 underruns=17 overruns=0 sleep_us=5384657 queue_ms=156
fps: 30.0
vis: 60.0
cpu: exceptions=8311 cacheResets=1 batches=154 verts=19404 texStalls=0 recompiles=1179 underruns=17 overruns=0 sleep_us=5835465 queue_ms=156
fps: 30.0
vis: 60.0
cpu: exceptions=8458 cacheResets=1 batches=169 verts=21294 texStalls=0 recompiles=1179 underruns=17 overruns=0 sleep_us=6286680 queue_ms=165
fps: 30.0
vis: 60.0
cpu: exceptions=8605 cacheResets=1 batches=184 verts=23184 texStalls=0 recompiles=1179 underruns=17 overruns=0 sleep_us=6737482 queue_ms=152
fps: 30.0
vis: 60.0
cpu: exceptions=8752 cacheResets=1 batches=199 verts=25074 texStalls=0 recompiles=1179 underruns=17 overruns=0 sleep_us=7188264 queue_ms=152
fps: 30.0
vis: 60.0
cpu: exceptions=8899 cacheResets=1 batches=214 verts=26964 texStalls=0 recompiles=1179 underruns=17 overruns=0 sleep_us=7639426 queue_ms=161
fps: 30.0
vis: 60.0
cpu: exceptions=9046 cacheResets=1 batches=229 verts=28854 texStalls=0 recompiles=1179 underruns=17 overruns=0 sleep_us=8090202 queue_ms=148
fps: 30.0
vis: 60.0
cpu: exceptions=9194 cacheResets=1 batches=244 verts=30744 texStalls=0 recompiles=1179 underruns=17 overruns=0 sleep_us=8541044 queue_ms=156
fps: 30.0
vis: 60.0
cpu: exceptions=9340 cacheResets=1 batches=259 verts=32634 texStalls=0 recompiles=1179 underruns=17 overruns=0 sleep_us=8994444 queue_ms=156
fps: 30.0
vis: 60.0
cpu: exceptions=9487 cacheResets=1 batches=274 verts=34524 texStalls=0 recompiles=1179 underruns=17 overruns=0 sleep_us=9446119 queue_ms=156
fps: 30.0
vis: 60.0
cpu: exceptions=9635 cacheResets=1 batches=289 verts=36414 texStalls=0 recompiles=1179 underruns=17 overruns=0 sleep_us=9897803 queue_ms=152
fps: 30.0
vis: 60.0
cpu: exceptions=9781 cacheResets=1 batches=304 verts=38304 texStalls=0 recompiles=1179 underruns=17 overruns=0 sleep_us=10349926 queue_ms=152
fps: 30.0
vis: 60.0
cpu: exceptions=9928 cacheResets=1 batches=319 verts=40194 texStalls=0 recompiles=1179 underruns=17 overruns=0 sleep_us=10801626 queue_ms=152
fps: 30.0
vis: 60.0
cpu: exceptions=10075 cacheResets=1 batches=334 verts=42084 texStalls=0 recompiles=1179 underruns=17 overruns=0 sleep_us=11253690 queue_ms=148
fps: 30.0
vis: 60.0
cpu: exceptions=10221 cacheResets=1 batches=349 verts=43974 texStalls=0 recompiles=1179 underruns=17 overruns=0 sleep_us=11705339 queue_ms=148
fps: 29.0
mark: stop reason: chain guest VI limit
mark: stop_it requested
audio: alist_resample_calls=0 alist_resample_samples=0 alist_zoh_calls=0 alist_zoh_samples=0 musyx_subframes=1679 musyx_voices=0 musyx_voice_peak=0
audio_stages: adpcm_calls=0 adpcm_samples=0 envmix_calls=0 envmix_samples=0 mix_calls=0 mix_samples=0 musyx_fx_calls=1610 musyx_fx_taps=3220 output_calls=1686 output_samples=323712
audio_envmix: exp_calls=0 ge_calls=0 lin_calls=0 nead_calls=0 exp_steady=0 ge_steady=0 lin_steady=0
audio_gaps: nead_mats=0 nead_efz=0 resample_flag2=0 musyx_ptr10=0
audio_output: stream_requests=4086 stream_fed=1114 input_hz=22047 playback_hz=22047 queue_peak_ms=200
subsystem_time: stage=rsp_gfx calls=358 timed_calls=358 period=1 timed_us=503681
subsystem_time: stage=rsp_audio calls=439 timed_calls=439 period=1 timed_us=46638
subsystem_time: stage=rsp_other calls=0 timed_calls=0 period=1 timed_us=0
subsystem_time: stage=lookup calls=829608 timed_calls=6532 period=127 timed_us=1236
subsystem_time: stage=compile calls=1179 timed_calls=1179 period=1 timed_us=72206
subsystem_time: stage=dispatch calls=827505 timed_calls=6515 period=127 timed_us=3031
subsystem_time: stage=execute_inclusive calls=827505 timed_calls=6515 period=127 timed_us=151102
subsystem_time: stage=rom_copy calls=4991 timed_calls=4991 period=1 timed_us=3252449
subsystem_time: stage=present calls=899 timed_calls=899 period=1 timed_us=65842
subsystem_time: stage=limiter calls=830 timed_calls=830 period=1 timed_us=11978754
audio_time: stage=resample sampled_calls=0 sampled_samples=0 sampled_us=0
audio_time: stage=zoh sampled_calls=0 sampled_samples=0 sampled_us=0
audio_time: stage=adpcm sampled_calls=0 sampled_samples=0 sampled_us=0
audio_time: stage=envmix_exp sampled_calls=0 sampled_samples=0 sampled_us=0
audio_time: stage=envmix_ge sampled_calls=0 sampled_samples=0 sampled_us=0
audio_time: stage=envmix_lin sampled_calls=0 sampled_samples=0 sampled_us=0
audio_time: stage=envmix_nead sampled_calls=0 sampled_samples=0 sampled_us=0
audio_time: stage=mix sampled_calls=0 sampled_samples=0 sampled_us=0
audio_time: stage=musyx_voice sampled_calls=0 sampled_samples=0 sampled_us=0
audio_time: stage=musyx_fx sampled_calls=12 sampled_samples=24 sampled_us=245
audio_time: stage=output sampled_calls=13 sampled_samples=2496 sampled_us=52
game: n=5/6 how=vis vis=900 vi_rate=60 vi0_retrace=7651 wall_us=18039516 sleep_us=11976316 avg_vis=54.69 avg_fps=27.77 exceptions=10315 cacheResets=1 recompiles=1179 batches=358 verts=45108 texStalls=0 treeDepthMax=19 underruns=17 overruns=0 queue_peak_ms=182 dsp_avg=1.38 dsp_peak=1.60 pmc1=1926369120 pmc2=2071552360 pmc3=0 pmc4=0 mmcr0=00000042 mmcr1=00000000 heap_used=10845236 heap_free=140552 arena1_free=520192 arena2_free=56405952 flushes=4 flush_us=52806 padtrace=0 rom=sd:/wii64/roms/007 - The World Is Not Enough (USA).z64
=== chain 5/6 end vis=900 how=vis rom=sd:/wii64/roms/007 - The World Is Not Enough (USA).z64 ===
mark: pad replay records: 1
mark: loadROM: enter
mark: loadROM: before rom_read
mark: ROMCache_load: enter
mark: ROMCache_load: before first read
mark: ROMCache_load: first read returned
mark: ROMCache_load: byte_swap_type set
mark: ROMCache_load: first byte_swap done
menufps: 0.1
menufps: 8.5
menufps: 8.1
menufps: 8.0
menufps: 8.0
menufps: 8.0
menufps: 8.1
menufps: 3.4
menufps: 1.3
menufps: 1.3
menufps: 1.3
menufps: 1.2
menufps: 1.2
menufps: 1.2
menufps: 3.7
menufps: 8.1
menufps: 8.3
menufps: 8.3
menufps: 8.3
mark: ROMCache_load: loop exited normally
mark: loadROM: after rom_read
mark: loadROM: before init_memory
mark: loadROM: after init_memory
mark: loadROM: before romOpen_gfx
mark: loadROM: after romOpen_gfx / before romOpen_audio
mark: loadROM: after romOpen_audio / before romOpen_input
mark: loadROM: after romOpen_input / before cpu_init
mark: loadROM: after cpu_init
menufps: 1.2
fps: 0.5
first_vi: vi0_retrace=9692
vis: 1.2
cpu: exceptions=0 cacheResets=0 batches=0 verts=0 texStalls=0 recompiles=0 underruns=0 overruns=0 sleep_us=0 queue_ms=0
mark: CPU core dispatch: dynarec
vis: 0.4
cpu: exceptions=3 cacheResets=1 batches=0 verts=0 texStalls=0 recompiles=68 underruns=0 overruns=0 sleep_us=0 queue_ms=0
vis: 60.0
cpu: exceptions=34 cacheResets=1 batches=0 verts=0 texStalls=0 recompiles=82 underruns=0 overruns=0 sleep_us=346928 queue_ms=0
vis: 60.0
cpu: exceptions=64 cacheResets=1 batches=0 verts=0 texStalls=0 recompiles=82 underruns=0 overruns=0 sleep_us=715833 queue_ms=0
vis: 60.0
cpu: exceptions=94 cacheResets=1 batches=0 verts=0 texStalls=0 recompiles=82 underruns=0 overruns=0 sleep_us=1083731 queue_ms=0
vis: 60.0
cpu: exceptions=207 cacheResets=1 batches=0 verts=0 texStalls=0 recompiles=182 underruns=0 overruns=0 sleep_us=1399063 queue_ms=0
vis: 60.0
cpu: exceptions=247 cacheResets=1 batches=0 verts=0 texStalls=0 recompiles=188 underruns=0 overruns=0 sleep_us=1746997 queue_ms=0
vis: 60.0
cpu: exceptions=289 cacheResets=1 batches=0 verts=0 texStalls=0 recompiles=188 underruns=0 overruns=0 sleep_us=2089478 queue_ms=0
vis: 60.0
cpu: exceptions=319 cacheResets=1 batches=0 verts=0 texStalls=0 recompiles=188 underruns=0 overruns=0 sleep_us=2429920 queue_ms=0
vis: 60.0
cpu: exceptions=396 cacheResets=1 batches=0 verts=0 texStalls=0 recompiles=314 underruns=1 overruns=0 sleep_us=2847969 queue_ms=11
vis: 60.0
cpu: exceptions=473 cacheResets=1 batches=0 verts=0 texStalls=0 recompiles=323 underruns=1 overruns=0 sleep_us=3299350 queue_ms=15
vis: 60.0
cpu: exceptions=632 cacheResets=1 batches=0 verts=0 texStalls=0 recompiles=395 underruns=1 overruns=0 sleep_us=3874805 queue_ms=31
vis: 49.0
cpu: exceptions=799 cacheResets=1 batches=0 verts=0 texStalls=0 recompiles=434 underruns=5 overruns=0 sleep_us=3898910 queue_ms=47
vis: 60.0
cpu: exceptions=1044 cacheResets=1 batches=0 verts=0 texStalls=0 recompiles=448 underruns=5 overruns=0 sleep_us=3978603 queue_ms=38
vis: 60.0
cpu: exceptions=1234 cacheResets=1 batches=0 verts=0 texStalls=0 recompiles=448 underruns=5 overruns=0 sleep_us=4236884 queue_ms=43
vis: 46.0
cpu: exceptions=1442 cacheResets=1 batches=0 verts=0 texStalls=0 recompiles=1078 underruns=8 overruns=0 sleep_us=4349088 queue_ms=12
fps: 26.7
vis: 60.0
cpu: exceptions=1735 cacheResets=1 batches=768 verts=10890 texStalls=0 recompiles=1255 underruns=9 overruns=0 sleep_us=4607854 queue_ms=30
fps: 30.0
vis: 60.0
cpu: exceptions=2008 cacheResets=1 batches=1653 verts=23220 texStalls=0 recompiles=1255 underruns=9 overruns=0 sleep_us=4961233 queue_ms=34
fps: 30.0
vis: 60.0
cpu: exceptions=2285 cacheResets=1 batches=2538 verts=35550 texStalls=0 recompiles=1276 underruns=10 overruns=0 sleep_us=5271844 queue_ms=51
fps: 30.0
vis: 60.0
cpu: exceptions=2561 cacheResets=1 batches=3423 verts=47880 texStalls=0 recompiles=1279 underruns=10 overruns=0 sleep_us=5633563 queue_ms=43
fps: 29.3
vis: 60.0
cpu: exceptions=2837 cacheResets=1 batches=4308 verts=60210 texStalls=0 recompiles=1297 underruns=10 overruns=0 sleep_us=5994682 queue_ms=34
fps: 30.0
vis: 60.0
cpu: exceptions=3123 cacheResets=1 batches=5193 verts=72540 texStalls=0 recompiles=1300 underruns=10 overruns=0 sleep_us=6341049 queue_ms=38
fps: 30.0
vis: 60.0
cpu: exceptions=3406 cacheResets=1 batches=6078 verts=84870 texStalls=0 recompiles=1300 underruns=10 overruns=0 sleep_us=6689087 queue_ms=43
fps: 30.0
vis: 60.0
cpu: exceptions=3686 cacheResets=1 batches=6963 verts=97200 texStalls=0 recompiles=1302 underruns=10 overruns=0 sleep_us=7043634 queue_ms=34
fps: 30.0
vis: 60.0
cpu: exceptions=3967 cacheResets=1 batches=7731 verts=108090 texStalls=0 recompiles=1351 underruns=10 overruns=0 sleep_us=7397930 queue_ms=38
fps: 30.0
vis: 60.0
cpu: exceptions=4225 cacheResets=1 batches=8031 verts=113220 texStalls=0 recompiles=1366 underruns=10 overruns=0 sleep_us=7771337 queue_ms=43
fps: 30.0
vis: 60.0
cpu: exceptions=4376 cacheResets=1 batches=8152 verts=119349 texStalls=0 recompiles=1383 underruns=10 overruns=0 sleep_us=8128312 queue_ms=47
fps: 30.0
vis: 60.0
cpu: exceptions=4523 cacheResets=1 batches=8557 verts=146574 texStalls=0 recompiles=1384 underruns=10 overruns=0 sleep_us=8486106 queue_ms=38
fps: 30.0
vis: 60.0
cpu: exceptions=4671 cacheResets=1 batches=8962 verts=173799 texStalls=0 recompiles=1386 underruns=10 overruns=0 sleep_us=8848724 queue_ms=43
fps: 30.0
vis: 60.0
cpu: exceptions=4817 cacheResets=1 batches=9367 verts=201024 texStalls=0 recompiles=1387 underruns=10 overruns=0 sleep_us=9217791 queue_ms=47
vis: 60.0
cpu: exceptions=4965 cacheResets=1 batches=9772 verts=228249 texStalls=0 recompiles=1387 underruns=10 overruns=0 sleep_us=9583308 queue_ms=38
fps: 30.0
mark: stop reason: chain guest VI limit
mark: stop_it requested
audio: alist_resample_calls=11186 alist_resample_samples=2058224 alist_zoh_calls=0 alist_zoh_samples=0 musyx_subframes=0 musyx_voices=0 musyx_voice_peak=0
audio_stages: adpcm_calls=6590 adpcm_samples=722912 envmix_calls=8440 envmix_samples=1552960 mix_calls=54920 mix_samples=10105280 musyx_fx_calls=0 musyx_fx_taps=0 output_calls=342 output_samples=251896
audio_envmix: exp_calls=0 ge_calls=0 lin_calls=8440 nead_calls=0 exp_steady=0 ge_steady=0 lin_steady=7902
audio_gaps: nead_mats=0 nead_efz=0 resample_flag2=0 musyx_ptr10=0
audio_output: stream_requests=5448 stream_fed=873 input_hz=22047 playback_hz=22047 queue_peak_ms=82
subsystem_time: stage=rsp_gfx calls=238 timed_calls=238 period=1 timed_us=293813
subsystem_time: stage=rsp_audio calls=343 timed_calls=343 period=1 timed_us=471645
subsystem_time: stage=rsp_other calls=1 timed_calls=1 period=1 timed_us=4
subsystem_time: stage=lookup calls=1606195 timed_calls=12647 period=127 timed_us=1920
subsystem_time: stage=compile calls=1389 timed_calls=1389 period=1 timed_us=204282
subsystem_time: stage=dispatch calls=1604620 timed_calls=12634 period=127 timed_us=4956
subsystem_time: stage=execute_inclusive calls=1604620 timed_calls=12634 period=127 timed_us=74036
subsystem_time: stage=rom_copy calls=1048 timed_calls=1048 period=1 timed_us=2953906
subsystem_time: stage=present calls=899 timed_calls=899 period=1 timed_us=239817
subsystem_time: stage=limiter calls=831 timed_calls=831 period=1 timed_us=9863159
audio_time: stage=resample sampled_calls=88 sampled_samples=16192 sampled_us=634
audio_time: stage=zoh sampled_calls=0 sampled_samples=0 sampled_us=0
audio_time: stage=adpcm sampled_calls=51 sampled_samples=5680 sampled_us=249
audio_time: stage=envmix_exp sampled_calls=0 sampled_samples=0 sampled_us=0
audio_time: stage=envmix_ge sampled_calls=0 sampled_samples=0 sampled_us=0
audio_time: stage=envmix_lin sampled_calls=66 sampled_samples=12144 sampled_us=1014
audio_time: stage=envmix_nead sampled_calls=0 sampled_samples=0 sampled_us=0
audio_time: stage=mix sampled_calls=432 sampled_samples=79488 sampled_us=1272
audio_time: stage=musyx_voice sampled_calls=0 sampled_samples=0 sampled_us=0
audio_time: stage=musyx_fx sampled_calls=0 sampled_samples=0 sampled_us=0
audio_time: stage=output sampled_calls=2 sampled_samples=1472 sampled_us=28
game: n=6/6 how=vis vis=900 vi_rate=60 vi0_retrace=9692 wall_us=17787591 sleep_us=9860755 avg_vis=55.37 avg_fps=27.91 exceptions=5087 cacheResets=1 recompiles=1389 batches=10096 verts=250029 texStalls=0 treeDepthMax=15 underruns=10 overruns=0 queue_peak_ms=51 dsp_avg=1.37 dsp_peak=1.75 pmc1=3503617073 pmc2=3703407260 pmc3=0 pmc4=0 mmcr0=00000042 mmcr1=00000000 heap_used=10869044 heap_free=116744 arena1_free=520192 arena2_free=56405952 flushes=3 flush_us=38377 padtrace=0 rom=sd:/wii64/roms/Donkey Kong 64 (USA).z64
=== chain 6/6 end vis=900 how=vis rom=sd:/wii64/roms/Donkey Kong 64 (USA).z64 ===
