--- wii64 perf log ---
mark: diag config: wiiload arguments
mark: wiiload dynacore argument received
mark: diag received dynacore line
mark: diag requested core: dynarec
mark: pad replay records: 1
selftest:
  raw[0]=51281788534274304
  raw[1]=51281788534274305
  raw[2]=51281788534274320
  raw[3]=51281788534274333
  raw[4]=51281788534274346
  delta[0]=0us
  delta[1]=0us
  delta[2]=0us
  delta[3]=0us
mark: audio quality: accurate
mark: audio modes: n64=0 output=0 mixer=0 latency=2 sync=0
mark: diag applied core: dynarec
mark: HBC agent ready
mark: loadROM: enter
mark: loadROM: before rom_read
mark: ROMCache_load: enter
mark: ROMCache_load: before first read
mark: ROMCache_load: first read returned
mark: ROMCache_load: byte_swap_type set
mark: ROMCache_load: first byte_swap done
menufps: 10.2
menufps: 8.1
menufps: 7.6
mark: ROMCache_load: loop exited normally
mark: ROMCache_load: elapsed_us=1973174 bytes=8388608 vm=0
mark: loadROM: after rom_read
mark: loadROM: before init_memory
mark: loadROM: after init_memory
mark: loadROM: before romOpen_gfx
mark: loadROM: after romOpen_gfx / before romOpen_audio
mark: loadROM: after romOpen_audio / before romOpen_input
mark: loadROM: after romOpen_input / before cpu_init
mark: loadROM: after cpu_init
menufps: 1.2
fps: 0.0
first_vi: vi0_retrace=320
vis: 0.0
cpu: exceptions=0 cacheResets=0 batches=0 verts=0 texStalls=0 recompiles=0 underruns=0 overruns=0 sleep_us=0 queue_ms=0
mark: CPU core dispatch: dynarec
vis: 60.0
cpu: exceptions=240 cacheResets=1 batches=0 verts=0 texStalls=0 recompiles=189 underruns=2 overruns=0 sleep_us=262241 queue_ms=91
vis: 60.0
cpu: exceptions=540 cacheResets=1 batches=0 verts=0 texStalls=0 recompiles=198 underruns=2 overruns=0 sleep_us=742127 queue_ms=96
vis: 60.0
cpu: exceptions=840 cacheResets=1 batches=0 verts=0 texStalls=0 recompiles=204 underruns=2 overruns=0 sleep_us=1221969 queue_ms=93
vis: 60.0
cpu: exceptions=1135 cacheResets=1 batches=0 verts=0 texStalls=0 recompiles=204 underruns=2 overruns=0 sleep_us=1702350 queue_ms=97
fps: 0.5
vis: 60.0
cpu: exceptions=1431 cacheResets=1 batches=414 verts=9387 texStalls=0 recompiles=468 underruns=3 overruns=0 sleep_us=2048146 queue_ms=2
fps: 20.0
vis: 60.0
cpu: exceptions=1588 cacheResets=1 batches=2484 verts=56322 texStalls=0 recompiles=475 underruns=3 overruns=0 sleep_us=2467650 queue_ms=9
fps: 30.0
vis: 60.0
cpu: exceptions=1752 cacheResets=1 batches=4554 verts=103257 texStalls=0 recompiles=478 underruns=3 overruns=0 sleep_us=2885989 queue_ms=6
fps: 30.0
vis: 60.0
cpu: exceptions=1894 cacheResets=1 batches=6624 verts=150192 texStalls=0 recompiles=478 underruns=3 overruns=0 sleep_us=3313333 queue_ms=2
fps: 30.0
vis: 60.0
cpu: exceptions=2036 cacheResets=1 batches=8694 verts=197127 texStalls=0 recompiles=478 underruns=3 overruns=0 sleep_us=3740385 queue_ms=7
fps: 30.0
vis: 60.0
cpu: exceptions=2178 cacheResets=1 batches=10767 verts=244080 texStalls=0 recompiles=489 underruns=3 overruns=0 sleep_us=4166105 queue_ms=4
fps: 30.0
vis: 60.0
cpu: exceptions=2319 cacheResets=1 batches=12574 verts=284835 texStalls=0 recompiles=498 underruns=3 overruns=0 sleep_us=4596514 queue_ms=9
vis: 60.0
cpu: exceptions=2638 cacheResets=1 batches=12574 verts=284835 texStalls=0 recompiles=675 underruns=5 overruns=0 sleep_us=4804987 queue_ms=23
vis: 60.0
cpu: exceptions=2818 cacheResets=1 batches=12574 verts=284835 texStalls=0 recompiles=784 underruns=5 overruns=0 sleep_us=5324225 queue_ms=34
vis: 60.0
cpu: exceptions=2961 cacheResets=1 batches=13906 verts=302151 texStalls=0 recompiles=910 underruns=7 overruns=0 sleep_us=5587957 queue_ms=17
fps: 15.2
vis: 60.0
cpu: exceptions=3118 cacheResets=1 batches=18791 verts=366426 texStalls=0 recompiles=910 underruns=7 overruns=0 sleep_us=5762628 queue_ms=13
fps: 30.0
vis: 60.0
cpu: exceptions=3273 cacheResets=1 batches=23664 verts=430377 texStalls=0 recompiles=927 underruns=7 overruns=0 sleep_us=5936635 queue_ms=8
fps: 30.0
vis: 60.0
cpu: exceptions=3436 cacheResets=1 batches=28529 verts=494262 texStalls=0 recompiles=927 underruns=7 overruns=0 sleep_us=6110948 queue_ms=14
fps: 30.0
vis: 60.0
cpu: exceptions=3591 cacheResets=1 batches=33391 verts=558129 texStalls=0 recompiles=927 underruns=7 overruns=0 sleep_us=6295190 queue_ms=10
fps: 30.0
mark: stop reason: chain guest VI limit
mark: stop_it requested
vis: 57.7
cpu: exceptions=3754 cacheResets=1 batches=37933 verts=617763 texStalls=0 recompiles=927 underruns=8 overruns=0 sleep_us=6454155 queue_ms=7
audio: alist_resample_calls=4708 alist_resample_samples=601432 alist_zoh_calls=0 alist_zoh_samples=0 musyx_subframes=0 musyx_voices=0 musyx_voice_peak=0
audio_stages: adpcm_calls=4434 adpcm_samples=509200 envmix_calls=4142 envmix_samples=552888 mix_calls=2300 mix_samples=736000 musyx_fx_calls=0 musyx_fx_taps=0 output_calls=576 output_samples=306976
audio_envmix: exp_calls=4142 ge_calls=0 lin_calls=0 nead_calls=0 exp_steady=3446 ge_steady=0 lin_steady=0
audio_gaps: nead_mats=0 nead_efz=0 resample_flag2=0 musyx_ptr10=0
audio_output: stream_requests=2853 stream_fed=1065 input_hz=32006 playback_hz=32006 queue_peak_ms=116
vm_io: read_ahead=1 reads=0 hits=0 read_bytes=0 writes=0 write_bytes=0 errors=0
subsystem_time: stage=rsp_gfx calls=176 timed_calls=176 period=1 timed_us=637227
subsystem_time: stage=rsp_audio calls=575 timed_calls=575 period=1 timed_us=132054
subsystem_time: stage=rsp_other calls=0 timed_calls=0 period=1 timed_us=0
subsystem_time: stage=lookup calls=2255209 timed_calls=17757 period=127 timed_us=2250
subsystem_time: stage=compile calls=927 timed_calls=927 period=1 timed_us=104901
subsystem_time: stage=dispatch calls=2250801 timed_calls=17722 period=127 timed_us=5722
subsystem_time: stage=execute_inclusive calls=2250801 timed_calls=17722 period=127 timed_us=77021
subsystem_time: stage=rom_copy calls=671 timed_calls=671 period=1 timed_us=17574
subsystem_time: stage=present calls=599 timed_calls=599 period=1 timed_us=12297
subsystem_time: stage=limiter calls=579 timed_calls=579 period=1 timed_us=6455782
subsystem_time: stage=vm_fault calls=0 timed_calls=0 period=1 timed_us=0
subsystem_time: stage=vm_victim calls=0 timed_calls=0 period=1 timed_us=0
subsystem_time: stage=vm_read calls=0 timed_calls=0 period=1 timed_us=0
subsystem_time: stage=vm_write calls=0 timed_calls=0 period=1 timed_us=0
subsystem_time: stage=tex_hash calls=10151 timed_calls=10151 period=1 timed_us=98620
subsystem_time: stage=tex_lookup calls=10151 timed_calls=10151 period=1 timed_us=1763
subsystem_time: stage=tex_load calls=37 timed_calls=37 period=1 timed_us=2240
subsystem_time: stage=tex_activate calls=10151 timed_calls=10151 period=1 timed_us=5377
subsystem_time: stage=draw_triangles calls=37933 timed_calls=37933 period=1 timed_us=93070
subsystem_time: stage=draw_rect calls=810 timed_calls=810 period=1 timed_us=6267
subsystem_time: stage=gfx_list calls=176 timed_calls=176 period=1 timed_us=636915
subsystem_time: stage=gfx_command calls=440370 timed_calls=3467 period=127 timed_us=5179
subsystem_time: stage=vertex calls=429882 timed_calls=3384 period=127 timed_us=778
subsystem_time: stage=gfx_state calls=25759 timed_calls=202 period=127 timed_us=1124
subsystem_time: stage=gx_wait calls=0 timed_calls=0 period=1 timed_us=0
subsystem_time: stage=dma_pi calls=671 timed_calls=671 period=1 timed_us=33499
subsystem_time: stage=dma_sp calls=1502 timed_calls=1502 period=1 timed_us=1149
subsystem_time: stage=dma_si calls=821 timed_calls=821 period=1 timed_us=4303
subsystem_time: stage=tlb_translate calls=200897 timed_calls=1581 period=127 timed_us=74
subsystem_time: stage=pif calls=822 timed_calls=822 period=1 timed_us=3875
subsystem_time: stage=input calls=704 timed_calls=704 period=1 timed_us=3112
subsystem_time: stage=guest_interrupt calls=4394 timed_calls=4394 period=1 timed_us=6507788
subsystem_time: stage=interpreter_inclusive calls=0 timed_calls=0 period=1 timed_us=0
subsystem_time: stage=audio_submit calls=576 timed_calls=576 period=1 timed_us=6602
subsystem_time: stage=audio_callback calls=6372 timed_calls=6372 period=1 timed_us=3513
subsystem_time: stage=memory_slow calls=404940 timed_calls=3188 period=127 timed_us=3735
subsystem_time: stage=jit_invalidate calls=4408 timed_calls=34 period=127 timed_us=3
audio_time: stage=resample sampled_calls=37 sampled_samples=4800 sampled_us=203
audio_time: stage=zoh sampled_calls=0 sampled_samples=0 sampled_us=0
audio_time: stage=adpcm sampled_calls=34 sampled_samples=3632 sampled_us=158
audio_time: stage=envmix_exp sampled_calls=32 sampled_samples=4264 sampled_us=325
audio_time: stage=envmix_ge sampled_calls=0 sampled_samples=0 sampled_us=0
audio_time: stage=envmix_lin sampled_calls=0 sampled_samples=0 sampled_us=0
audio_time: stage=envmix_nead sampled_calls=0 sampled_samples=0 sampled_us=0
audio_time: stage=mix sampled_calls=18 sampled_samples=5760 sampled_us=97
audio_time: stage=musyx_voice sampled_calls=0 sampled_samples=0 sampled_us=0
audio_time: stage=musyx_fx sampled_calls=0 sampled_samples=0 sampled_us=0
audio_time: stage=output sampled_calls=4 sampled_samples=2144 sampled_us=39
game: n=1/2 how=vis vis=600 vi_rate=60 vi0_retrace=320 wall_us=10176275 sleep_us=6454155 avg_vis=56.89 avg_fps=23.51 exceptions=3755 cacheResets=1 recompiles=927 batches=37933 verts=617763 texStalls=0 treeDepthMax=14 underruns=8 overruns=0 queue_peak_ms=97 dsp_avg=1.52 dsp_peak=1.70 pmc1=2552395102 pmc2=2619598421 pmc3=0 pmc4=0 mmcr0=00000042 mmcr1=00000000 heap_used=10848716 heap_free=35528 arena1_free=565248 arena2_free=577472 flushes=3 flush_us=27096 padtrace=4 rom=sd:/wii64/roms/Super Mario 64.v64
=== chain 1/2 end vis=600 how=vis rom=sd:/wii64/roms/Super Mario 64.v64 ===
mark: pad replay records: 1
mark: loadROM: enter
mark: loadROM: before rom_read
mark: ROMCache_load: enter
mark: ROMCache_load: before first read
mark: ROMCache_load: first read returned
mark: ROMCache_load: byte_swap_type set
mark: ROMCache_load: first byte_swap done
menufps: 0.1
menufps: 8.4
menufps: 8.3
menufps: 8.3
menufps: 8.3
mark: ROMCache_load: loop exited normally
mark: ROMCache_load: elapsed_us=3072202 bytes=13893632 vm=0
mark: loadROM: after rom_read
mark: loadROM: before init_memory
mark: loadROM: after init_memory
mark: loadROM: before romOpen_gfx
mark: loadROM: after romOpen_gfx / before romOpen_audio
mark: loadROM: after romOpen_audio / before romOpen_input
mark: loadROM: after romOpen_input / before cpu_init
mark: loadROM: after cpu_init
menufps: 6.3
menufps: 0.7
fps: 1.3
first_vi: vi0_retrace=1321
vis: 0.1
cpu: exceptions=0 cacheResets=0 batches=0 verts=0 texStalls=0 recompiles=0 underruns=0 overruns=0 sleep_us=0 queue_ms=0
mark: CPU core dispatch: dynarec
vis: 60.0
cpu: exceptions=1029 cacheResets=1 batches=0 verts=0 texStalls=0 recompiles=316 underruns=1 overruns=0 sleep_us=140533 queue_ms=52
vis: 60.0
cpu: exceptions=1329 cacheResets=1 batches=0 verts=0 texStalls=0 recompiles=316 underruns=1 overruns=0 sleep_us=614526 queue_ms=48
vis: 60.0
cpu: exceptions=1629 cacheResets=1 batches=0 verts=0 texStalls=0 recompiles=331 underruns=1 overruns=0 sleep_us=1086627 queue_ms=56
vis: 60.0
cpu: exceptions=1928 cacheResets=1 batches=0 verts=0 texStalls=0 recompiles=331 underruns=1 overruns=0 sleep_us=1560229 queue_ms=52
vis: 60.0
cpu: exceptions=2228 cacheResets=1 batches=0 verts=0 texStalls=0 recompiles=331 underruns=1 overruns=0 sleep_us=2033789 queue_ms=59
vis: 60.0
cpu: exceptions=2528 cacheResets=1 batches=0 verts=0 texStalls=0 recompiles=331 underruns=1 overruns=0 sleep_us=2507303 queue_ms=56
vis: 60.0
cpu: exceptions=2863 cacheResets=1 batches=0 verts=0 texStalls=0 recompiles=344 underruns=1 overruns=0 sleep_us=2974428 queue_ms=62
fps: 0.8
vis: 60.0
cpu: exceptions=3436 cacheResets=1 batches=64 verts=4140 texStalls=0 recompiles=468 underruns=1 overruns=0 sleep_us=3399980 queue_ms=57
fps: 1.6
vis: 60.0
cpu: exceptions=3541 cacheResets=1 batches=576 verts=37260 texStalls=0 recompiles=528 underruns=3 overruns=0 sleep_us=3643546 queue_ms=17
fps: 31.0
vis: 60.0
cpu: exceptions=3682 cacheResets=1 batches=1536 verts=99360 texStalls=0 recompiles=528 underruns=3 overruns=0 sleep_us=3795365 queue_ms=14
fps: 30.0
vis: 60.0
cpu: exceptions=3823 cacheResets=1 batches=2496 verts=161460 texStalls=0 recompiles=528 underruns=3 overruns=0 sleep_us=3947366 queue_ms=10
fps: 30.0
vis: 60.0
cpu: exceptions=3964 cacheResets=1 batches=3456 verts=223560 texStalls=0 recompiles=528 underruns=3 overruns=0 sleep_us=4099330 queue_ms=17
fps: 30.0
vis: 60.0
cpu: exceptions=4105 cacheResets=1 batches=4416 verts=285660 texStalls=0 recompiles=529 underruns=3 overruns=0 sleep_us=4251240 queue_ms=13
fps: 30.0
vis: 60.0
cpu: exceptions=4246 cacheResets=1 batches=5712 verts=373104 texStalls=0 recompiles=529 underruns=3 overruns=0 sleep_us=4389805 queue_ms=19
fps: 29.8
vis: 60.0
cpu: exceptions=4387 cacheResets=1 batches=7932 verts=530244 texStalls=0 recompiles=529 underruns=3 overruns=0 sleep_us=4490721 queue_ms=16
fps: 30.0
vis: 60.0
cpu: exceptions=4528 cacheResets=1 batches=10152 verts=687384 texStalls=0 recompiles=529 underruns=3 overruns=0 sleep_us=4591669 queue_ms=22
fps: 30.0
vis: 60.0
cpu: exceptions=4669 cacheResets=1 batches=12372 verts=844524 texStalls=0 recompiles=529 underruns=3 overruns=0 sleep_us=4692384 queue_ms=17
fps: 30.0
vis: 60.0
cpu: exceptions=4809 cacheResets=1 batches=14592 verts=1001664 texStalls=0 recompiles=529 underruns=3 overruns=0 sleep_us=4793293 queue_ms=23
fps: 30.0
vis: 60.0
cpu: exceptions=4950 cacheResets=1 batches=16812 verts=1158804 texStalls=0 recompiles=529 underruns=3 overruns=0 sleep_us=4894013 queue_ms=20
fps: 29.0
vis: 60.0
cpu: exceptions=5089 cacheResets=1 batches=19032 verts=1315944 texStalls=0 recompiles=530 underruns=4 overruns=0 sleep_us=4994437 queue_ms=16
fps: 30.0
vis: 60.0
cpu: exceptions=5225 cacheResets=1 batches=21252 verts=1473084 texStalls=0 recompiles=536 underruns=4 overruns=0 sleep_us=5094762 queue_ms=12
fps: 30.0
vis: 60.0
cpu: exceptions=5363 cacheResets=1 batches=23472 verts=1630224 texStalls=0 recompiles=536 underruns=4 overruns=0 sleep_us=5195659 queue_ms=19
fps: 30.0
vis: 60.0
cpu: exceptions=5499 cacheResets=1 batches=25692 verts=1787364 texStalls=0 recompiles=536 underruns=4 overruns=0 sleep_us=5296987 queue_ms=14
vis: 60.0
cpu: exceptions=5602 cacheResets=1 batches=26136 verts=1818792 texStalls=0 recompiles=567 underruns=4 overruns=0 sleep_us=5518105 queue_ms=20
fps: 6.9
vis: 57.1
cpu: exceptions=5695 cacheResets=1 batches=26256 verts=1819512 texStalls=0 recompiles=595 underruns=5 overruns=0 sleep_us=5758245 queue_ms=5
vis: 60.0
cpu: exceptions=5779 cacheResets=1 batches=26256 verts=1819512 texStalls=0 recompiles=599 underruns=5 overruns=0 sleep_us=6239190 queue_ms=6
fps: 1.6
vis: 58.7
cpu: exceptions=5969 cacheResets=1 batches=27816 verts=1828872 texStalls=0 recompiles=611 underruns=8 overruns=0 sleep_us=6318330 queue_ms=20
fps: 30.3
vis: 58.8
cpu: exceptions=6168 cacheResets=1 batches=29616 verts=1839672 texStalls=0 recompiles=614 underruns=8 overruns=0 sleep_us=6372071 queue_ms=5
fps: 29.4
vis: 58.7
cpu: exceptions=6355 cacheResets=1 batches=31416 verts=1850472 texStalls=0 recompiles=614 underruns=9 overruns=0 sleep_us=6424752 queue_ms=12
fps: 29.4
vis: 58.7
cpu: exceptions=6546 cacheResets=1 batches=33216 verts=1861272 texStalls=0 recompiles=614 underruns=10 overruns=0 sleep_us=6476378 queue_ms=7
fps: 29.4
vis: 58.8
cpu: exceptions=6730 cacheResets=1 batches=35016 verts=1872072 texStalls=0 recompiles=614 underruns=11 overruns=0 sleep_us=6530837 queue_ms=14
fps: 29.4
vis: 58.7
cpu: exceptions=6907 cacheResets=1 batches=36816 verts=1882872 texStalls=0 recompiles=614 underruns=12 overruns=0 sleep_us=6587351 queue_ms=10
fps: 29.4
vis: 58.8
cpu: exceptions=7081 cacheResets=1 batches=38616 verts=1893672 texStalls=0 recompiles=614 underruns=13 overruns=0 sleep_us=6642462 queue_ms=16
fps: 29.3
vis: 58.8
cpu: exceptions=7285 cacheResets=1 batches=40416 verts=1904472 texStalls=0 recompiles=617 underruns=14 overruns=0 sleep_us=6699270 queue_ms=13
fps: 29.5
vis: 58.7
cpu: exceptions=7476 cacheResets=1 batches=42216 verts=1915272 texStalls=0 recompiles=617 underruns=14 overruns=0 sleep_us=6760932 queue_ms=9
fps: 29.4
vis: 58.8
cpu: exceptions=7655 cacheResets=1 batches=44016 verts=1926072 texStalls=0 recompiles=617 underruns=15 overruns=0 sleep_us=6820471 queue_ms=4
fps: 29.4
vis: 58.8
cpu: exceptions=7835 cacheResets=1 batches=45816 verts=1936872 texStalls=0 recompiles=617 underruns=16 overruns=0 sleep_us=6879565 queue_ms=10
fps: 29.4
vis: 58.7
cpu: exceptions=8013 cacheResets=1 batches=47616 verts=1947672 texStalls=0 recompiles=617 underruns=17 overruns=0 sleep_us=6937903 queue_ms=7
fps: 29.4
vis: 58.8
cpu: exceptions=8194 cacheResets=1 batches=49416 verts=1958472 texStalls=0 recompiles=617 underruns=18 overruns=0 sleep_us=6995755 queue_ms=13
fps: 28.5
vis: 58.8
cpu: exceptions=8382 cacheResets=1 batches=51216 verts=1969272 texStalls=0 recompiles=617 underruns=20 overruns=0 sleep_us=7050785 queue_ms=9
fps: 29.4
vis: 58.8
cpu: exceptions=8590 cacheResets=1 batches=53016 verts=1980072 texStalls=0 recompiles=617 underruns=21 overruns=0 sleep_us=7102611 queue_ms=5
fps: 29.4
vis: 58.8
cpu: exceptions=8791 cacheResets=1 batches=54816 verts=1990872 texStalls=0 recompiles=617 underruns=22 overruns=0 sleep_us=7158555 queue_ms=12
fps: 29.4
vis: 58.8
cpu: exceptions=8984 cacheResets=1 batches=56616 verts=2001672 texStalls=0 recompiles=617 underruns=23 overruns=0 sleep_us=7214305 queue_ms=8
fps: 29.4
vis: 58.8
cpu: exceptions=9171 cacheResets=1 batches=58416 verts=2012472 texStalls=0 recompiles=617 underruns=24 overruns=0 sleep_us=7273818 queue_ms=15
fps: 29.4
vis: 58.8
cpu: exceptions=9336 cacheResets=1 batches=60216 verts=2023272 texStalls=0 recompiles=617 underruns=25 overruns=0 sleep_us=7336059 queue_ms=11
fps: 29.4
vis: 58.8
cpu: exceptions=9517 cacheResets=1 batches=62016 verts=2034072 texStalls=0 recompiles=617 underruns=26 overruns=0 sleep_us=7397092 queue_ms=19
fps: 29.4
vis: 60.0
cpu: exceptions=10235 cacheResets=1 batches=63576 verts=2043432 texStalls=0 recompiles=624 underruns=27 overruns=0 sleep_us=7460607 queue_ms=26
vis: 60.0
cpu: exceptions=10806 cacheResets=1 batches=63576 verts=2043432 texStalls=0 recompiles=682 underruns=27 overruns=0 sleep_us=7752823 queue_ms=33
vis: 60.0
cpu: exceptions=10939 cacheResets=1 batches=63576 verts=2043432 texStalls=0 recompiles=682 underruns=27 overruns=0 sleep_us=8086357 queue_ms=29
fps: 5.3
vis: 55.4
cpu: exceptions=11176 cacheResets=1 batches=63887 verts=2046519 texStalls=0 recompiles=1202 underruns=28 overruns=0 sleep_us=8323743 queue_ms=8
fps: 29.9
vis: 59.7
cpu: exceptions=11479 cacheResets=1 batches=68661 verts=2093478 texStalls=0 recompiles=1212 underruns=28 overruns=0 sleep_us=8392998 queue_ms=15
fps: 28.9
vis: 57.8
cpu: exceptions=11776 cacheResets=1 batches=73634 verts=2141631 texStalls=0 recompiles=1268 underruns=30 overruns=0 sleep_us=8406425 queue_ms=11
fps: 28.9
vis: 57.8
cpu: exceptions=12069 cacheResets=1 batches=78734 verts=2190546 texStalls=0 recompiles=1273 underruns=31 overruns=0 sleep_us=8411196 queue_ms=7
fps: 29.6
vis: 59.2
cpu: exceptions=12368 cacheResets=1 batches=83527 verts=2237619 texStalls=0 recompiles=1284 underruns=32 overruns=0 sleep_us=8417314 queue_ms=13
fps: 29.4
vis: 58.8
cpu: exceptions=12707 cacheResets=1 batches=88001 verts=2282778 texStalls=0 recompiles=1293 underruns=33 overruns=0 sleep_us=8421052 queue_ms=10
fps: 29.8
vis: 59.7
cpu: exceptions=13019 cacheResets=1 batches=91383 verts=2321385 texStalls=0 recompiles=1294 underruns=33 overruns=0 sleep_us=8442867 queue_ms=17
fps: 29.7
vis: 59.4
cpu: exceptions=13340 cacheResets=1 batches=93934 verts=2355006 texStalls=0 recompiles=1305 underruns=33 overruns=0 sleep_us=8473480 queue_ms=13
fps: 29.9
vis: 59.8
cpu: exceptions=13686 cacheResets=1 batches=95589 verts=2383251 texStalls=0 recompiles=1312 underruns=34 overruns=0 sleep_us=8490808 queue_ms=20
fps: 29.3
vis: 58.6
cpu: exceptions=14042 cacheResets=1 batches=97234 verts=2411832 texStalls=0 recompiles=1333 underruns=34 overruns=0 sleep_us=8497957 queue_ms=4
fps: 29.2
vis: 59.4
cpu: exceptions=14377 cacheResets=1 batches=98876 verts=2441061 texStalls=0 recompiles=1341 underruns=36 overruns=0 sleep_us=8515394 queue_ms=11
fps: 29.7
vis: 59.4
cpu: exceptions=14741 cacheResets=1 batches=100668 verts=2471940 texStalls=0 recompiles=1355 underruns=36 overruns=0 sleep_us=8520308 queue_ms=7
fps: 29.9
vis: 59.8
cpu: exceptions=15085 cacheResets=1 batches=102764 verts=2513301 texStalls=0 recompiles=1361 underruns=37 overruns=0 sleep_us=8532702 queue_ms=25
fps: 29.9
vis: 59.9
cpu: exceptions=15393 cacheResets=1 batches=104739 verts=2553240 texStalls=0 recompiles=1373 underruns=37 overruns=0 sleep_us=8572266 queue_ms=21
fps: 29.8
vis: 59.7
cpu: exceptions=15718 cacheResets=1 batches=106772 verts=2592951 texStalls=0 recompiles=1373 underruns=37 overruns=0 sleep_us=8603225 queue_ms=16
fps: 29.5
vis: 59.0
cpu: exceptions=16066 cacheResets=1 batches=108625 verts=2632029 texStalls=0 recompiles=1373 underruns=37 overruns=0 sleep_us=8616186 queue_ms=13
fps: 29.6
vis: 59.3
cpu: exceptions=16394 cacheResets=1 batches=110747 verts=2671437 texStalls=0 recompiles=1373 underruns=38 overruns=0 sleep_us=8625024 queue_ms=19
vis: 60.0
cpu: exceptions=16682 cacheResets=1 batches=112863 verts=2712027 texStalls=0 recompiles=1394 underruns=38 overruns=0 sleep_us=8645624 queue_ms=14
fps: 28.8
vis: 60.0
cpu: exceptions=16992 cacheResets=1 batches=114732 verts=2746539 texStalls=0 recompiles=1395 underruns=38 overruns=0 sleep_us=8672182 queue_ms=10
fps: 30.1
vis: 59.2
cpu: exceptions=17227 cacheResets=1 batches=116579 verts=2776197 texStalls=0 recompiles=1395 underruns=38 overruns=0 sleep_us=8737235 queue_ms=6
fps: 30.3
vis: 60.0
cpu: exceptions=17425 cacheResets=1 batches=117928 verts=2805552 texStalls=0 recompiles=1395 underruns=39 overruns=0 sleep_us=8845514 queue_ms=24
fps: 29.3
vis: 57.7
cpu: exceptions=17756 cacheResets=1 batches=119984 verts=2847435 texStalls=0 recompiles=1399 underruns=39 overruns=0 sleep_us=8857391 queue_ms=2
fps: 28.7
vis: 59.7
cpu: exceptions=18079 cacheResets=1 batches=121808 verts=2886324 texStalls=0 recompiles=1399 underruns=40 overruns=0 sleep_us=8871900 queue_ms=9
fps: 30.1
vis: 59.8
cpu: exceptions=18374 cacheResets=1 batches=123632 verts=2926041 texStalls=0 recompiles=1401 underruns=40 overruns=0 sleep_us=8911071 queue_ms=16
fps: 29.9
vis: 59.9
cpu: exceptions=18606 cacheResets=1 batches=125865 verts=2971344 texStalls=0 recompiles=1401 underruns=40 overruns=0 sleep_us=8961409 queue_ms=12
fps: 30.5
vis: 59.3
cpu: exceptions=18826 cacheResets=1 batches=128065 verts=3011964 texStalls=0 recompiles=1407 underruns=41 overruns=0 sleep_us=9024386 queue_ms=19
fps: 28.9
vis: 59.8
cpu: exceptions=19136 cacheResets=1 batches=130952 verts=3067086 texStalls=0 recompiles=1414 underruns=41 overruns=0 sleep_us=9031092 queue_ms=15
fps: 30.0
vis: 59.8
cpu: exceptions=19401 cacheResets=1 batches=133593 verts=3121086 texStalls=0 recompiles=1414 underruns=41 overruns=0 sleep_us=9059976 queue_ms=10
fps: 29.6
vis: 59.3
cpu: exceptions=19667 cacheResets=1 batches=136179 verts=3170307 texStalls=0 recompiles=1414 underruns=41 overruns=0 sleep_us=9080302 queue_ms=7
fps: 30.0
vis: 59.9
cpu: exceptions=19892 cacheResets=1 batches=138677 verts=3219423 texStalls=0 recompiles=1414 underruns=41 overruns=0 sleep_us=9121260 queue_ms=14
fps: 28.8
vis: 59.9
cpu: exceptions=20198 cacheResets=1 batches=141091 verts=3258033 texStalls=0 recompiles=1416 underruns=43 overruns=0 sleep_us=9131273 queue_ms=10
fps: 30.2
vis: 59.9
cpu: exceptions=20475 cacheResets=1 batches=143336 verts=3300729 texStalls=0 recompiles=1420 underruns=43 overruns=0 sleep_us=9175191 queue_ms=17
fps: 29.7
vis: 59.5
cpu: exceptions=20758 cacheResets=1 batches=145758 verts=3345834 texStalls=0 recompiles=1420 underruns=43 overruns=0 sleep_us=9202029 queue_ms=14
fps: 30.1
vis: 59.9
cpu: exceptions=20978 cacheResets=1 batches=147846 verts=3391527 texStalls=0 recompiles=1420 underruns=43 overruns=0 sleep_us=9270212 queue_ms=10
fps: 29.8
vis: 59.6
cpu: exceptions=21253 cacheResets=1 batches=149830 verts=3426501 texStalls=0 recompiles=1420 underruns=43 overruns=0 sleep_us=9300436 queue_ms=16
fps: 29.9
vis: 60.0
cpu: exceptions=21511 cacheResets=1 batches=151604 verts=3459555 texStalls=0 recompiles=1420 underruns=43 overruns=0 sleep_us=9344767 queue_ms=12
fps: 29.7
vis: 59.8
cpu: exceptions=21765 cacheResets=1 batches=153617 verts=3492411 texStalls=0 recompiles=1420 underruns=43 overruns=0 sleep_us=9384918 queue_ms=8
fps: 30.1
vis: 59.8
cpu: exceptions=21997 cacheResets=1 batches=155950 verts=3525759 texStalls=0 recompiles=1420 underruns=43 overruns=0 sleep_us=9433479 queue_ms=16
fps: 30.0
vis: 59.3
cpu: exceptions=22208 cacheResets=1 batches=157917 verts=3559332 texStalls=0 recompiles=1420 underruns=43 overruns=0 sleep_us=9512982 queue_ms=1
fps: 29.4
vis: 59.8
cpu: exceptions=22467 cacheResets=1 batches=160970 verts=3614775 texStalls=0 recompiles=1420 underruns=44 overruns=0 sleep_us=9528587 queue_ms=19
fps: 30.0
vis: 59.7
cpu: exceptions=22717 cacheResets=1 batches=163427 verts=3659925 texStalls=0 recompiles=1420 underruns=44 overruns=0 sleep_us=9568658 queue_ms=14
fps: 29.8
vis: 59.8
cpu: exceptions=22973 cacheResets=1 batches=165777 verts=3703746 texStalls=0 recompiles=1420 underruns=44 overruns=0 sleep_us=9605641 queue_ms=10
fps: 29.6
vis: 59.9
cpu: exceptions=23216 cacheResets=1 batches=168482 verts=3749991 texStalls=0 recompiles=1459 underruns=45 overruns=0 sleep_us=9624612 queue_ms=28
fps: 30.1
vis: 59.5
cpu: exceptions=23476 cacheResets=1 batches=171068 verts=3789456 texStalls=0 recompiles=1464 underruns=45 overruns=0 sleep_us=9646747 queue_ms=24
fps: 29.2
vis: 58.9
cpu: exceptions=23743 cacheResets=1 batches=173338 verts=3831021 texStalls=0 recompiles=1483 underruns=45 overruns=0 sleep_us=9664977 queue_ms=8
fps: 30.1
vis: 59.2
cpu: exceptions=24006 cacheResets=1 batches=175802 verts=3870000 texStalls=0 recompiles=1484 underruns=45 overruns=0 sleep_us=9700350 queue_ms=4
fps: 29.7
vis: 59.7
cpu: exceptions=24265 cacheResets=1 batches=178207 verts=3909450 texStalls=0 recompiles=1487 underruns=46 overruns=0 sleep_us=9740969 queue_ms=11
fps: 29.9
vis: 60.0
cpu: exceptions=24512 cacheResets=1 batches=180668 verts=3948192 texStalls=0 recompiles=1490 underruns=46 overruns=0 sleep_us=9780208 queue_ms=17
fps: 30.0
vis: 60.0
cpu: exceptions=24721 cacheResets=1 batches=182721 verts=3981615 texStalls=0 recompiles=1491 underruns=46 overruns=0 sleep_us=9858760 queue_ms=13
fps: 29.9
vis: 59.8
cpu: exceptions=24921 cacheResets=1 batches=184693 verts=4014852 texStalls=0 recompiles=1491 underruns=46 overruns=0 sleep_us=9945738 queue_ms=20
fps: 29.1
vis: 60.0
cpu: exceptions=25174 cacheResets=1 batches=186400 verts=4044054 texStalls=0 recompiles=1491 underruns=48 overruns=0 sleep_us=10003044 queue_ms=16
fps: 29.9
vis: 60.0
cpu: exceptions=25416 cacheResets=1 batches=187898 verts=4071132 texStalls=0 recompiles=1491 underruns=48 overruns=0 sleep_us=10073257 queue_ms=22
fps: 29.9
vis: 59.9
cpu: exceptions=25679 cacheResets=1 batches=189373 verts=4097322 texStalls=0 recompiles=1491 underruns=48 overruns=0 sleep_us=10138901 queue_ms=17
fps: 29.9
vis: 59.8
cpu: exceptions=25953 cacheResets=1 batches=190846 verts=4122168 texStalls=0 recompiles=1493 underruns=48 overruns=0 sleep_us=10191229 queue_ms=25
vis: 60.0
cpu: exceptions=26160 cacheResets=1 batches=192790 verts=4160112 texStalls=0 recompiles=1499 underruns=48 overruns=0 sleep_us=10269628 queue_ms=21
fps: 30.5
vis: 59.8
cpu: exceptions=26403 cacheResets=1 batches=195151 verts=4207290 texStalls=0 recompiles=1504 underruns=48 overruns=0 sleep_us=10316498 queue_ms=17
fps: 29.4
vis: 60.0
cpu: exceptions=26606 cacheResets=1 batches=197322 verts=4254435 texStalls=0 recompiles=1506 underruns=48 overruns=0 sleep_us=10392696 queue_ms=24
fps: 30.6
vis: 60.0
cpu: exceptions=26783 cacheResets=1 batches=199338 verts=4300473 texStalls=0 recompiles=1506 underruns=48 overruns=0 sleep_us=10486070 queue_ms=19
fps: 30.0
vis: 60.0
cpu: exceptions=27010 cacheResets=1 batches=201020 verts=4337295 texStalls=0 recompiles=1507 underruns=48 overruns=0 sleep_us=10573144 queue_ms=26
fps: 29.4
vis: 59.5
cpu: exceptions=27258 cacheResets=1 batches=202688 verts=4369668 texStalls=0 recompiles=1507 underruns=48 overruns=0 sleep_us=10617755 queue_ms=23
fps: 30.4
vis: 60.0
cpu: exceptions=27425 cacheResets=1 batches=204385 verts=4405575 texStalls=0 recompiles=1508 underruns=48 overruns=0 sleep_us=10729221 queue_ms=19
fps: 30.0
vis: 60.0
cpu: exceptions=27592 cacheResets=1 batches=205879 verts=4436034 texStalls=0 recompiles=1511 underruns=48 overruns=0 sleep_us=10849375 queue_ms=26
fps: 30.0
vis: 60.0
cpu: exceptions=27770 cacheResets=1 batches=207122 verts=4461825 texStalls=0 recompiles=1511 underruns=48 overruns=0 sleep_us=10968588 queue_ms=22
fps: 30.0
vis: 60.0
cpu: exceptions=27965 cacheResets=1 batches=208587 verts=4496388 texStalls=0 recompiles=1511 underruns=48 overruns=0 sleep_us=11084290 queue_ms=29
fps: 30.0
vis: 60.0
cpu: exceptions=28147 cacheResets=1 batches=210158 verts=4533984 texStalls=0 recompiles=1511 underruns=48 overruns=0 sleep_us=11207216 queue_ms=25
fps: 30.1
vis: 60.0
cpu: exceptions=28329 cacheResets=1 batches=211794 verts=4572897 texStalls=0 recompiles=1516 underruns=48 overruns=0 sleep_us=11349662 queue_ms=21
fps: 30.0
vis: 60.0
cpu: exceptions=28501 cacheResets=1 batches=214110 verts=4624995 texStalls=0 recompiles=1516 underruns=48 overruns=0 sleep_us=11481670 queue_ms=28
vis: 60.0
cpu: exceptions=28672 cacheResets=1 batches=214174 verts=4629135 texStalls=0 recompiles=1518 underruns=48 overruns=0 sleep_us=11853422 queue_ms=25
fps: 13.1
vis: 59.3
cpu: exceptions=28769 cacheResets=1 batches=214558 verts=4653975 texStalls=0 recompiles=1518 underruns=50 overruns=0 sleep_us=12159009 queue_ms=8
fps: 30.7
vis: 59.3
cpu: exceptions=28908 cacheResets=1 batches=215518 verts=4716075 texStalls=0 recompiles=1518 underruns=50 overruns=0 sleep_us=12315633 queue_ms=5
fps: 28.9
mark: stop reason: chain guest VI limit
mark: stop_it requested
audio: alist_resample_calls=136976 alist_resample_samples=20436448 alist_zoh_calls=0 alist_zoh_samples=0 musyx_subframes=0 musyx_voices=0 musyx_voice_peak=0
audio_stages: adpcm_calls=143489 adpcm_samples=21761888 envmix_calls=136976 envmix_samples=20436448 mix_calls=21234 mix_samples=8153856 musyx_fx_calls=0 musyx_fx_taps=0 output_calls=3565 output_samples=1595424
audio_envmix: exp_calls=0 ge_calls=0 lin_calls=0 nead_calls=136976 exp_steady=0 ge_steady=0 lin_steady=0
audio_gaps: nead_mats=0 nead_efz=0 resample_flag2=0 musyx_ptr10=0
audio_output: stream_requests=7356 stream_fed=5539 input_hz=26807 playback_hz=26807 queue_peak_ms=79
vm_io: read_ahead=1 reads=0 hits=0 read_bytes=0 writes=0 write_bytes=0 errors=0
subsystem_time: stage=rsp_gfx calls=1569 timed_calls=1569 period=1 timed_us=26007642
subsystem_time: stage=rsp_audio calls=3539 timed_calls=3539 period=1 timed_us=3306505
subsystem_time: stage=rsp_other calls=0 timed_calls=0 period=1 timed_us=0
subsystem_time: stage=lookup calls=13557146 timed_calls=106749 period=127 timed_us=15114
subsystem_time: stage=compile calls=1518 timed_calls=1518 period=1 timed_us=225057
subsystem_time: stage=dispatch calls=13512477 timed_calls=106397 period=127 timed_us=33990
subsystem_time: stage=execute_inclusive calls=13512477 timed_calls=106397 period=127 timed_us=341390
subsystem_time: stage=rom_copy calls=11894 timed_calls=11894 period=1 timed_us=72128
subsystem_time: stage=present calls=3599 timed_calls=3599 period=1 timed_us=70635
subsystem_time: stage=limiter calls=1883 timed_calls=1883 period=1 timed_us=12483988
subsystem_time: stage=vm_fault calls=0 timed_calls=0 period=1 timed_us=0
subsystem_time: stage=vm_victim calls=0 timed_calls=0 period=1 timed_us=0
subsystem_time: stage=vm_read calls=0 timed_calls=0 period=1 timed_us=0
subsystem_time: stage=vm_write calls=0 timed_calls=0 period=1 timed_us=0
subsystem_time: stage=tex_hash calls=156452 timed_calls=156452 period=1 timed_us=1562731
subsystem_time: stage=tex_lookup calls=156452 timed_calls=156452 period=1 timed_us=505679
subsystem_time: stage=tex_load calls=2566 timed_calls=2566 period=1 timed_us=257876
subsystem_time: stage=tex_activate calls=156452 timed_calls=156452 period=1 timed_us=64227
subsystem_time: stage=draw_triangles calls=216478 timed_calls=216478 period=1 timed_us=653750
subsystem_time: stage=draw_rect calls=50874 timed_calls=50874 period=1 timed_us=663382
subsystem_time: stage=gfx_list calls=1569 timed_calls=1569 period=1 timed_us=26004554
subsystem_time: stage=gfx_command calls=3794031 timed_calls=29874 period=127 timed_us=225313
subsystem_time: stage=vertex calls=2743005 timed_calls=21598 period=127 timed_us=4050
subsystem_time: stage=gfx_state calls=251068 timed_calls=1976 period=127 timed_us=20991
subsystem_time: stage=gx_wait calls=0 timed_calls=0 period=1 timed_us=0
subsystem_time: stage=dma_pi calls=11894 timed_calls=11894 period=1 timed_us=145402
subsystem_time: stage=dma_sp calls=10216 timed_calls=10216 period=1 timed_us=9665
subsystem_time: stage=dma_si calls=3127 timed_calls=3127 period=1 timed_us=35854
subsystem_time: stage=tlb_translate calls=0 timed_calls=0 period=127 timed_us=0
subsystem_time: stage=pif calls=3128 timed_calls=3128 period=1 timed_us=33872
subsystem_time: stage=input calls=6276 timed_calls=6276 period=1 timed_us=28398
subsystem_time: stage=guest_interrupt calls=39476 timed_calls=39476 period=1 timed_us=12702695
subsystem_time: stage=interpreter_inclusive calls=0 timed_calls=0 period=1 timed_us=0
subsystem_time: stage=audio_submit calls=3565 timed_calls=3565 period=1 timed_us=35661
subsystem_time: stage=audio_callback calls=36159 timed_calls=36159 period=1 timed_us=24372
subsystem_time: stage=memory_slow calls=1571134 timed_calls=12371 period=127 timed_us=184462
subsystem_time: stage=jit_invalidate calls=44669 timed_calls=351 period=127 timed_us=68
audio_time: stage=resample sampled_calls=1078 sampled_samples=160792 sampled_us=6763
audio_time: stage=zoh sampled_calls=0 sampled_samples=0 sampled_us=0
audio_time: stage=adpcm sampled_calls=1129 sampled_samples=171856 sampled_us=7063
audio_time: stage=envmix_exp sampled_calls=0 sampled_samples=0 sampled_us=0
audio_time: stage=envmix_ge sampled_calls=0 sampled_samples=0 sampled_us=0
audio_time: stage=envmix_lin sampled_calls=0 sampled_samples=0 sampled_us=0
audio_time: stage=envmix_nead sampled_calls=1078 sampled_samples=160792 sampled_us=9618
audio_time: stage=mix sampled_calls=167 sampled_samples=64128 sampled_us=1048
audio_time: stage=musyx_voice sampled_calls=0 sampled_samples=0 sampled_us=0
audio_time: stage=musyx_fx sampled_calls=0 sampled_samples=0 sampled_us=0
audio_time: stage=output sampled_calls=28 sampled_samples=12480 sampled_us=233
game: n=2/2 how=vis vis=3600 vi_rate=60 vi0_retrace=1321 wall_us=60755413 sleep_us=12478132 avg_vis=59.01 avg_fps=28.06 exceptions=29052 cacheResets=1 recompiles=1518 batches=216478 verts=4778175 texStalls=0 treeDepthMax=14 underruns=53 overruns=0 queue_peak_ms=62 dsp_avg=1.51 dsp_peak=1.80 pmc1=35017164676 pmc2=32371961795 pmc3=0 pmc4=0 mmcr0=00000042 mmcr1=00000000 heap_used=10891564 heap_free=33640 arena1_free=524288 arena2_free=577472 flushes=8 flush_us=105015 padtrace=0 rom=sd:/wii64/roms/Mario Kart 64.v64
=== chain 2/2 end vis=3600 how=vis rom=sd:/wii64/roms/Mario Kart 64.v64 ===
