--- wii64 perf log ---
mark: diag config: wiiload arguments
mark: wiiload dynacore argument received
mark: diag received dynacore line
mark: diag requested core: dynarec
mark: pad replay records: 1
selftest:
  raw[0]=51281782215742813
  raw[1]=51281782215742817
  raw[2]=51281782215742828
  raw[3]=51281782215742842
  raw[4]=51281782215742854
  delta[0]=0us
  delta[1]=0us
  delta[2]=0us
  delta[3]=0us
mark: audio quality: accurate
mark: audio modes: n64=0 output=0 mixer=0 latency=2 sync=0
mark: diag applied core: dynarec
mark: HBC agent ready
mark: loadROM: enter
mark: loadROM: before rom_read
mark: ROMCache_load: enter
mark: ROMCache_load: before first read
mark: ROMCache_load: first read returned
mark: ROMCache_load: byte_swap_type set
mark: ROMCache_load: first byte_swap done
menufps: 10.3
menufps: 8.4
menufps: 7.9
mark: ROMCache_load: loop exited normally
mark: ROMCache_load: elapsed_us=1924946 bytes=8388608 vm=0
mark: loadROM: after rom_read
mark: loadROM: before init_memory
mark: loadROM: after init_memory
mark: loadROM: before romOpen_gfx
mark: loadROM: after romOpen_gfx / before romOpen_audio
mark: loadROM: after romOpen_audio / before romOpen_input
mark: loadROM: after romOpen_input / before cpu_init
mark: loadROM: after cpu_init
menufps: 1.2
fps: 0.0
first_vi: vi0_retrace=316
vis: 0.0
cpu: exceptions=0 cacheResets=0 batches=0 verts=0 texStalls=0 recompiles=0 underruns=0 overruns=0 sleep_us=0 queue_ms=0
mark: CPU core dispatch: dynarec
vis: 60.0
cpu: exceptions=240 cacheResets=1 batches=0 verts=0 texStalls=0 recompiles=189 underruns=1 overruns=0 sleep_us=258993 queue_ms=100
vis: 60.0
cpu: exceptions=540 cacheResets=1 batches=0 verts=0 texStalls=0 recompiles=198 underruns=1 overruns=0 sleep_us=738707 queue_ms=96
vis: 60.0
cpu: exceptions=840 cacheResets=1 batches=0 verts=0 texStalls=0 recompiles=204 underruns=1 overruns=0 sleep_us=1218425 queue_ms=93
vis: 60.0
cpu: exceptions=1134 cacheResets=1 batches=0 verts=0 texStalls=0 recompiles=204 underruns=1 overruns=0 sleep_us=1698715 queue_ms=97
fps: 0.5
vis: 60.0
cpu: exceptions=1430 cacheResets=1 batches=414 verts=9387 texStalls=0 recompiles=468 underruns=2 overruns=0 sleep_us=2044339 queue_ms=2
fps: 20.0
vis: 60.0
cpu: exceptions=1587 cacheResets=1 batches=2484 verts=56322 texStalls=0 recompiles=475 underruns=2 overruns=0 sleep_us=2463698 queue_ms=9
fps: 30.0
vis: 60.0
cpu: exceptions=1751 cacheResets=1 batches=4554 verts=103257 texStalls=0 recompiles=478 underruns=2 overruns=0 sleep_us=2881889 queue_ms=6
fps: 30.0
vis: 60.0
cpu: exceptions=1893 cacheResets=1 batches=6624 verts=150192 texStalls=0 recompiles=478 underruns=2 overruns=0 sleep_us=3309032 queue_ms=11
fps: 30.0
vis: 60.0
cpu: exceptions=2035 cacheResets=1 batches=8694 verts=197127 texStalls=0 recompiles=478 underruns=2 overruns=0 sleep_us=3735937 queue_ms=7
fps: 30.0
vis: 60.0
cpu: exceptions=2177 cacheResets=1 batches=10767 verts=244080 texStalls=0 recompiles=489 underruns=2 overruns=0 sleep_us=4161627 queue_ms=4
fps: 30.0
vis: 60.0
cpu: exceptions=2318 cacheResets=1 batches=12574 verts=284835 texStalls=0 recompiles=498 underruns=2 overruns=0 sleep_us=4591898 queue_ms=9
vis: 60.0
cpu: exceptions=2637 cacheResets=1 batches=12574 verts=284835 texStalls=0 recompiles=675 underruns=4 overruns=0 sleep_us=4798771 queue_ms=23
vis: 60.0
cpu: exceptions=2727 cacheResets=1 batches=12574 verts=284835 texStalls=0 recompiles=733 underruns=4 overruns=0 sleep_us=5029858 queue_ms=28
vis: 60.0
cpu: exceptions=2817 cacheResets=1 batches=12574 verts=284835 texStalls=0 recompiles=784 underruns=4 overruns=0 sleep_us=5324309 queue_ms=25
fps: 4.9
vis: 60.0
cpu: exceptions=2960 cacheResets=1 batches=13906 verts=302151 texStalls=0 recompiles=910 underruns=6 overruns=0 sleep_us=5587435 queue_ms=8
fps: 15.2
vis: 60.0
cpu: exceptions=3117 cacheResets=1 batches=18797 verts=366462 texStalls=0 recompiles=910 underruns=6 overruns=0 sleep_us=5761105 queue_ms=13
fps: 30.0
vis: 60.0
cpu: exceptions=3272 cacheResets=1 batches=23670 verts=430413 texStalls=0 recompiles=927 underruns=6 overruns=0 sleep_us=5934456 queue_ms=8
fps: 30.0
vis: 60.0
cpu: exceptions=3435 cacheResets=1 batches=28532 verts=494280 texStalls=0 recompiles=927 underruns=6 overruns=0 sleep_us=6107963 queue_ms=14
fps: 30.0
vis: 60.0
cpu: exceptions=3590 cacheResets=1 batches=33399 verts=558177 texStalls=0 recompiles=927 underruns=6 overruns=0 sleep_us=6291566 queue_ms=10
fps: 29.1
mark: stop reason: chain guest VI limit
mark: stop_it requested
audio: alist_resample_calls=4708 alist_resample_samples=601432 alist_zoh_calls=0 alist_zoh_samples=0 musyx_subframes=0 musyx_voices=0 musyx_voice_peak=0
audio_stages: adpcm_calls=4434 adpcm_samples=509200 envmix_calls=4142 envmix_samples=552888 mix_calls=2300 mix_samples=736000 musyx_fx_calls=0 musyx_fx_taps=0 output_calls=576 output_samples=306976
audio_envmix: exp_calls=4142 ge_calls=0 lin_calls=0 nead_calls=0 exp_steady=3446 ge_steady=0 lin_steady=0
audio_gaps: nead_mats=0 nead_efz=0 resample_flag2=0 musyx_ptr10=0
audio_output: stream_requests=2763 stream_fed=1065 input_hz=32006 playback_hz=32006 queue_peak_ms=117
vm_io: read_ahead=1 reads=0 hits=0 read_bytes=0 writes=0 write_bytes=0 errors=0
subsystem_time: stage=rsp_gfx calls=176 timed_calls=176 period=1 timed_us=636854
subsystem_time: stage=rsp_audio calls=575 timed_calls=575 period=1 timed_us=132453
subsystem_time: stage=rsp_other calls=0 timed_calls=0 period=1 timed_us=0
subsystem_time: stage=lookup calls=2254807 timed_calls=17754 period=127 timed_us=2397
subsystem_time: stage=compile calls=927 timed_calls=927 period=1 timed_us=104958
subsystem_time: stage=dispatch calls=2250399 timed_calls=17719 period=127 timed_us=6024
subsystem_time: stage=execute_inclusive calls=2250399 timed_calls=17719 period=127 timed_us=94915
subsystem_time: stage=rom_copy calls=671 timed_calls=671 period=1 timed_us=17525
subsystem_time: stage=present calls=599 timed_calls=599 period=1 timed_us=12129
subsystem_time: stage=limiter calls=579 timed_calls=579 period=1 timed_us=6451611
subsystem_time: stage=vm_fault calls=0 timed_calls=0 period=1 timed_us=0
subsystem_time: stage=vm_victim calls=0 timed_calls=0 period=1 timed_us=0
subsystem_time: stage=vm_read calls=0 timed_calls=0 period=1 timed_us=0
subsystem_time: stage=vm_write calls=0 timed_calls=0 period=1 timed_us=0
subsystem_time: stage=tex_hash calls=10156 timed_calls=10156 period=1 timed_us=98819
subsystem_time: stage=tex_lookup calls=10156 timed_calls=10156 period=1 timed_us=1819
subsystem_time: stage=tex_load calls=37 timed_calls=37 period=1 timed_us=2233
subsystem_time: stage=tex_activate calls=10156 timed_calls=10156 period=1 timed_us=5345
subsystem_time: stage=draw_triangles calls=37938 timed_calls=37938 period=1 timed_us=92955
subsystem_time: stage=draw_rect calls=810 timed_calls=810 period=1 timed_us=6264
subsystem_time: stage=gfx_list calls=176 timed_calls=176 period=1 timed_us=636553
subsystem_time: stage=gfx_command calls=440495 timed_calls=3468 period=127 timed_us=4930
subsystem_time: stage=vertex calls=429902 timed_calls=3385 period=127 timed_us=789
subsystem_time: stage=gfx_state calls=25764 timed_calls=202 period=127 timed_us=1082
subsystem_time: stage=gx_wait calls=0 timed_calls=0 period=1 timed_us=0
subsystem_time: stage=dma_pi calls=671 timed_calls=671 period=1 timed_us=33472
subsystem_time: stage=dma_sp calls=1502 timed_calls=1502 period=1 timed_us=1127
subsystem_time: stage=dma_si calls=821 timed_calls=821 period=1 timed_us=4205
subsystem_time: stage=tlb_translate calls=200897 timed_calls=1581 period=127 timed_us=76
subsystem_time: stage=pif calls=822 timed_calls=822 period=1 timed_us=3778
subsystem_time: stage=input calls=704 timed_calls=704 period=1 timed_us=3026
subsystem_time: stage=guest_interrupt calls=4389 timed_calls=4389 period=1 timed_us=6508187
subsystem_time: stage=interpreter_inclusive calls=0 timed_calls=0 period=1 timed_us=0
subsystem_time: stage=audio_submit calls=576 timed_calls=576 period=1 timed_us=6499
subsystem_time: stage=audio_callback calls=6293 timed_calls=6293 period=1 timed_us=3523
subsystem_time: stage=memory_slow calls=404846 timed_calls=3187 period=127 timed_us=1773
subsystem_time: stage=jit_invalidate calls=4408 timed_calls=34 period=127 timed_us=4
audio_time: stage=resample sampled_calls=37 sampled_samples=4800 sampled_us=204
audio_time: stage=zoh sampled_calls=0 sampled_samples=0 sampled_us=0
audio_time: stage=adpcm sampled_calls=34 sampled_samples=3632 sampled_us=157
audio_time: stage=envmix_exp sampled_calls=32 sampled_samples=4264 sampled_us=324
audio_time: stage=envmix_ge sampled_calls=0 sampled_samples=0 sampled_us=0
audio_time: stage=envmix_lin sampled_calls=0 sampled_samples=0 sampled_us=0
audio_time: stage=envmix_nead sampled_calls=0 sampled_samples=0 sampled_us=0
audio_time: stage=mix sampled_calls=18 sampled_samples=5760 sampled_us=100
audio_time: stage=musyx_voice sampled_calls=0 sampled_samples=0 sampled_us=0
audio_time: stage=musyx_fx sampled_calls=0 sampled_samples=0 sampled_us=0
audio_time: stage=output sampled_calls=4 sampled_samples=2144 sampled_us=39
game: n=1/2 how=vis vis=600 vi_rate=60 vi0_retrace=316 wall_us=10187809 sleep_us=6449999 avg_vis=57.00 avg_fps=22.12 exceptions=3754 cacheResets=1 recompiles=927 batches=37938 verts=617793 texStalls=0 treeDepthMax=14 underruns=8 overruns=0 queue_peak_ms=100 dsp_avg=1.44 dsp_peak=1.70 pmc1=2561310728 pmc2=2619900604 pmc3=0 pmc4=0 mmcr0=00000042 mmcr1=00000000 heap_used=10848716 heap_free=35528 arena1_free=565248 arena2_free=577472 flushes=3 flush_us=32384 padtrace=4 rom=sd:/wii64/roms/Super Mario 64.v64
=== chain 1/2 end vis=600 how=vis rom=sd:/wii64/roms/Super Mario 64.v64 ===
mark: pad replay records: 1
mark: loadROM: enter
mark: loadROM: before rom_read
mark: ROMCache_load: enter
mark: ROMCache_load: before first read
mark: ROMCache_load: first read returned
mark: ROMCache_load: byte_swap_type set
mark: ROMCache_load: first byte_swap done
menufps: 0.1
menufps: 8.5
menufps: 8.3
menufps: 8.3
menufps: 8.3
mark: ROMCache_load: loop exited normally
mark: ROMCache_load: elapsed_us=3060773 bytes=13893632 vm=0
mark: loadROM: after rom_read
mark: loadROM: before init_memory
mark: loadROM: after init_memory
mark: loadROM: before romOpen_gfx
mark: loadROM: after romOpen_gfx / before romOpen_audio
mark: loadROM: after romOpen_audio / before romOpen_input
mark: loadROM: after romOpen_input / before cpu_init
mark: loadROM: after cpu_init
menufps: 6.4
menufps: 0.7
fps: 1.4
first_vi: vi0_retrace=1316
vis: 4.2
cpu: exceptions=0 cacheResets=0 batches=0 verts=0 texStalls=0 recompiles=0 underruns=0 overruns=0 sleep_us=0 queue_ms=0
mark: CPU core dispatch: dynarec
vis: 60.0
cpu: exceptions=1004 cacheResets=1 batches=0 verts=0 texStalls=0 recompiles=256 underruns=0 overruns=0 sleep_us=160658 queue_ms=0
vis: 60.0
cpu: exceptions=1244 cacheResets=1 batches=0 verts=0 texStalls=0 recompiles=256 underruns=0 overruns=0 sleep_us=651421 queue_ms=0
vis: 60.0
cpu: exceptions=1482 cacheResets=1 batches=0 verts=0 texStalls=0 recompiles=271 underruns=0 overruns=0 sleep_us=1140595 queue_ms=0
vis: 60.0
cpu: exceptions=1718 cacheResets=1 batches=0 verts=0 texStalls=0 recompiles=271 underruns=0 overruns=0 sleep_us=1631175 queue_ms=0
vis: 60.0
cpu: exceptions=1958 cacheResets=1 batches=0 verts=0 texStalls=0 recompiles=271 underruns=0 overruns=0 sleep_us=2121672 queue_ms=0
vis: 60.0
cpu: exceptions=2198 cacheResets=1 batches=0 verts=0 texStalls=0 recompiles=271 underruns=0 overruns=0 sleep_us=2612096 queue_ms=0
vis: 60.0
cpu: exceptions=2495 cacheResets=1 batches=0 verts=0 texStalls=0 recompiles=313 underruns=0 overruns=0 sleep_us=3090868 queue_ms=0
fps: 0.8
vis: 60.0
cpu: exceptions=2987 cacheResets=1 batches=64 verts=4140 texStalls=0 recompiles=403 underruns=0 overruns=0 sleep_us=3535171 queue_ms=0
vis: 60.0
cpu: exceptions=3017 cacheResets=1 batches=64 verts=4140 texStalls=0 recompiles=403 underruns=0 overruns=0 sleep_us=4033408 queue_ms=0
vis: 60.0
cpu: exceptions=3047 cacheResets=1 batches=64 verts=4140 texStalls=0 recompiles=403 underruns=0 overruns=0 sleep_us=4531601 queue_ms=0
vis: 60.0
cpu: exceptions=3077 cacheResets=1 batches=64 verts=4140 texStalls=0 recompiles=403 underruns=0 overruns=0 sleep_us=5029826 queue_ms=0
vis: 60.0
cpu: exceptions=3107 cacheResets=1 batches=64 verts=4140 texStalls=0 recompiles=403 underruns=0 overruns=0 sleep_us=5528084 queue_ms=0
vis: 60.0
cpu: exceptions=3137 cacheResets=1 batches=64 verts=4140 texStalls=0 recompiles=403 underruns=0 overruns=0 sleep_us=6026347 queue_ms=0
vis: 60.0
cpu: exceptions=3167 cacheResets=1 batches=64 verts=4140 texStalls=0 recompiles=403 underruns=0 overruns=0 sleep_us=6524605 queue_ms=0
vis: 60.0
cpu: exceptions=3197 cacheResets=1 batches=64 verts=4140 texStalls=0 recompiles=403 underruns=0 overruns=0 sleep_us=7022866 queue_ms=0
vis: 60.0
cpu: exceptions=3227 cacheResets=1 batches=64 verts=4140 texStalls=0 recompiles=403 underruns=0 overruns=0 sleep_us=7521091 queue_ms=0
vis: 60.0
cpu: exceptions=3257 cacheResets=1 batches=64 verts=4140 texStalls=0 recompiles=403 underruns=0 overruns=0 sleep_us=8019351 queue_ms=0
vis: 60.0
cpu: exceptions=3287 cacheResets=1 batches=64 verts=4140 texStalls=0 recompiles=403 underruns=0 overruns=0 sleep_us=8517609 queue_ms=0
vis: 60.0
cpu: exceptions=3317 cacheResets=1 batches=64 verts=4140 texStalls=0 recompiles=403 underruns=0 overruns=0 sleep_us=9015868 queue_ms=0
vis: 60.0
cpu: exceptions=3347 cacheResets=1 batches=64 verts=4140 texStalls=0 recompiles=403 underruns=0 overruns=0 sleep_us=9514111 queue_ms=0
vis: 60.0
cpu: exceptions=3377 cacheResets=1 batches=64 verts=4140 texStalls=0 recompiles=403 underruns=0 overruns=0 sleep_us=10012366 queue_ms=0
vis: 60.0
cpu: exceptions=3407 cacheResets=1 batches=64 verts=4140 texStalls=0 recompiles=403 underruns=0 overruns=0 sleep_us=10510625 queue_ms=0
vis: 60.0
cpu: exceptions=3437 cacheResets=1 batches=64 verts=4140 texStalls=0 recompiles=403 underruns=0 overruns=0 sleep_us=11008888 queue_ms=0
vis: 60.0
cpu: exceptions=3467 cacheResets=1 batches=64 verts=4140 texStalls=0 recompiles=403 underruns=0 overruns=0 sleep_us=11507144 queue_ms=0
vis: 60.0
cpu: exceptions=3497 cacheResets=1 batches=64 verts=4140 texStalls=0 recompiles=403 underruns=0 overruns=0 sleep_us=12005403 queue_ms=0
vis: 60.0
cpu: exceptions=3527 cacheResets=1 batches=64 verts=4140 texStalls=0 recompiles=403 underruns=0 overruns=0 sleep_us=12503632 queue_ms=0
vis: 60.0
cpu: exceptions=3557 cacheResets=1 batches=64 verts=4140 texStalls=0 recompiles=403 underruns=0 overruns=0 sleep_us=13001863 queue_ms=0
vis: 60.0
cpu: exceptions=3587 cacheResets=1 batches=64 verts=4140 texStalls=0 recompiles=403 underruns=0 overruns=0 sleep_us=13500065 queue_ms=0
vis: 60.0
cpu: exceptions=3617 cacheResets=1 batches=64 verts=4140 texStalls=0 recompiles=403 underruns=0 overruns=0 sleep_us=13998271 queue_ms=0
vis: 60.0
cpu: exceptions=3647 cacheResets=1 batches=64 verts=4140 texStalls=0 recompiles=403 underruns=0 overruns=0 sleep_us=14496528 queue_ms=0
vis: 60.0
cpu: exceptions=3677 cacheResets=1 batches=64 verts=4140 texStalls=0 recompiles=403 underruns=0 overruns=0 sleep_us=14994785 queue_ms=0
vis: 60.0
cpu: exceptions=3707 cacheResets=1 batches=64 verts=4140 texStalls=0 recompiles=403 underruns=0 overruns=0 sleep_us=15493046 queue_ms=0
vis: 60.0
cpu: exceptions=3737 cacheResets=1 batches=64 verts=4140 texStalls=0 recompiles=403 underruns=0 overruns=0 sleep_us=15991301 queue_ms=0
vis: 60.0
cpu: exceptions=3767 cacheResets=1 batches=64 verts=4140 texStalls=0 recompiles=403 underruns=0 overruns=0 sleep_us=16489560 queue_ms=0
vis: 60.0
cpu: exceptions=3797 cacheResets=1 batches=64 verts=4140 texStalls=0 recompiles=403 underruns=0 overruns=0 sleep_us=16987814 queue_ms=0
vis: 60.0
cpu: exceptions=3827 cacheResets=1 batches=64 verts=4140 texStalls=0 recompiles=403 underruns=0 overruns=0 sleep_us=17486042 queue_ms=0
vis: 60.0
cpu: exceptions=3857 cacheResets=1 batches=64 verts=4140 texStalls=0 recompiles=403 underruns=0 overruns=0 sleep_us=17984300 queue_ms=0
vis: 60.0
cpu: exceptions=3887 cacheResets=1 batches=64 verts=4140 texStalls=0 recompiles=403 underruns=0 overruns=0 sleep_us=18482553 queue_ms=0
vis: 60.0
cpu: exceptions=3917 cacheResets=1 batches=64 verts=4140 texStalls=0 recompiles=403 underruns=0 overruns=0 sleep_us=18980811 queue_ms=0
vis: 60.0
cpu: exceptions=3947 cacheResets=1 batches=64 verts=4140 texStalls=0 recompiles=403 underruns=0 overruns=0 sleep_us=19479045 queue_ms=0
vis: 60.0
cpu: exceptions=3977 cacheResets=1 batches=64 verts=4140 texStalls=0 recompiles=403 underruns=0 overruns=0 sleep_us=19977302 queue_ms=0
vis: 60.0
cpu: exceptions=4007 cacheResets=1 batches=64 verts=4140 texStalls=0 recompiles=403 underruns=0 overruns=0 sleep_us=20475561 queue_ms=0
vis: 60.0
cpu: exceptions=4037 cacheResets=1 batches=64 verts=4140 texStalls=0 recompiles=403 underruns=0 overruns=0 sleep_us=20973819 queue_ms=0
vis: 60.0
cpu: exceptions=4067 cacheResets=1 batches=64 verts=4140 texStalls=0 recompiles=403 underruns=0 overruns=0 sleep_us=21472079 queue_ms=0
vis: 60.0
cpu: exceptions=4097 cacheResets=1 batches=64 verts=4140 texStalls=0 recompiles=403 underruns=0 overruns=0 sleep_us=21970338 queue_ms=0
vis: 60.0
cpu: exceptions=4127 cacheResets=1 batches=64 verts=4140 texStalls=0 recompiles=403 underruns=0 overruns=0 sleep_us=22468560 queue_ms=0
vis: 60.0
cpu: exceptions=4168 cacheResets=1 batches=64 verts=4140 texStalls=0 recompiles=403 underruns=0 overruns=0 sleep_us=23132912 queue_ms=0
vis: 60.0
cpu: exceptions=4198 cacheResets=1 batches=64 verts=4140 texStalls=0 recompiles=403 underruns=0 overruns=0 sleep_us=23631170 queue_ms=0
vis: 60.0
cpu: exceptions=4228 cacheResets=1 batches=64 verts=4140 texStalls=0 recompiles=403 underruns=0 overruns=0 sleep_us=24129425 queue_ms=0
vis: 60.0
cpu: exceptions=4258 cacheResets=1 batches=64 verts=4140 texStalls=0 recompiles=403 underruns=0 overruns=0 sleep_us=24627664 queue_ms=0
vis: 60.0
cpu: exceptions=4288 cacheResets=1 batches=64 verts=4140 texStalls=0 recompiles=403 underruns=0 overruns=0 sleep_us=25125865 queue_ms=0
vis: 60.0
cpu: exceptions=4318 cacheResets=1 batches=64 verts=4140 texStalls=0 recompiles=403 underruns=0 overruns=0 sleep_us=25624079 queue_ms=0
vis: 60.0
cpu: exceptions=4348 cacheResets=1 batches=64 verts=4140 texStalls=0 recompiles=403 underruns=0 overruns=0 sleep_us=26122334 queue_ms=0
vis: 60.0
cpu: exceptions=4378 cacheResets=1 batches=64 verts=4140 texStalls=0 recompiles=403 underruns=0 overruns=0 sleep_us=26620596 queue_ms=0
vis: 60.0
cpu: exceptions=4408 cacheResets=1 batches=64 verts=4140 texStalls=0 recompiles=403 underruns=0 overruns=0 sleep_us=27118856 queue_ms=0
vis: 60.0
cpu: exceptions=4438 cacheResets=1 batches=64 verts=4140 texStalls=0 recompiles=403 underruns=0 overruns=0 sleep_us=27617090 queue_ms=0
vis: 60.0
cpu: exceptions=4468 cacheResets=1 batches=64 verts=4140 texStalls=0 recompiles=403 underruns=0 overruns=0 sleep_us=28115349 queue_ms=0
vis: 60.0
cpu: exceptions=4498 cacheResets=1 batches=64 verts=4140 texStalls=0 recompiles=403 underruns=0 overruns=0 sleep_us=28613611 queue_ms=0
vis: 60.0
cpu: exceptions=4528 cacheResets=1 batches=64 verts=4140 texStalls=0 recompiles=403 underruns=0 overruns=0 sleep_us=29111870 queue_ms=0
vis: 60.0
cpu: exceptions=4558 cacheResets=1 batches=64 verts=4140 texStalls=0 recompiles=403 underruns=0 overruns=0 sleep_us=29610110 queue_ms=0
vis: 60.0
cpu: exceptions=4588 cacheResets=1 batches=64 verts=4140 texStalls=0 recompiles=403 underruns=0 overruns=0 sleep_us=30108371 queue_ms=0
vis: 60.0
cpu: exceptions=4618 cacheResets=1 batches=64 verts=4140 texStalls=0 recompiles=403 underruns=0 overruns=0 sleep_us=30606626 queue_ms=0
vis: 60.0
cpu: exceptions=4648 cacheResets=1 batches=64 verts=4140 texStalls=0 recompiles=403 underruns=0 overruns=0 sleep_us=31104816 queue_ms=0
vis: 60.0
cpu: exceptions=4678 cacheResets=1 batches=64 verts=4140 texStalls=0 recompiles=403 underruns=0 overruns=0 sleep_us=31603024 queue_ms=0
vis: 60.0
cpu: exceptions=4708 cacheResets=1 batches=64 verts=4140 texStalls=0 recompiles=403 underruns=0 overruns=0 sleep_us=32101251 queue_ms=0
vis: 60.0
cpu: exceptions=4738 cacheResets=1 batches=64 verts=4140 texStalls=0 recompiles=403 underruns=0 overruns=0 sleep_us=32599475 queue_ms=0
vis: 60.0
cpu: exceptions=4768 cacheResets=1 batches=64 verts=4140 texStalls=0 recompiles=403 underruns=0 overruns=0 sleep_us=33097738 queue_ms=0
vis: 60.0
cpu: exceptions=4798 cacheResets=1 batches=64 verts=4140 texStalls=0 recompiles=403 underruns=0 overruns=0 sleep_us=33595998 queue_ms=0
vis: 60.0
cpu: exceptions=4828 cacheResets=1 batches=64 verts=4140 texStalls=0 recompiles=403 underruns=0 overruns=0 sleep_us=34094260 queue_ms=0
vis: 60.0
cpu: exceptions=4858 cacheResets=1 batches=64 verts=4140 texStalls=0 recompiles=403 underruns=0 overruns=0 sleep_us=34592517 queue_ms=0
vis: 60.0
cpu: exceptions=4888 cacheResets=1 batches=64 verts=4140 texStalls=0 recompiles=403 underruns=0 overruns=0 sleep_us=35090775 queue_ms=0
vis: 60.0
cpu: exceptions=4918 cacheResets=1 batches=64 verts=4140 texStalls=0 recompiles=403 underruns=0 overruns=0 sleep_us=35589037 queue_ms=0
vis: 60.0
cpu: exceptions=4948 cacheResets=1 batches=64 verts=4140 texStalls=0 recompiles=403 underruns=0 overruns=0 sleep_us=36087296 queue_ms=0
vis: 60.0
cpu: exceptions=4978 cacheResets=1 batches=64 verts=4140 texStalls=0 recompiles=403 underruns=0 overruns=0 sleep_us=36585555 queue_ms=0
vis: 60.0
cpu: exceptions=5008 cacheResets=1 batches=64 verts=4140 texStalls=0 recompiles=403 underruns=0 overruns=0 sleep_us=37083818 queue_ms=0
vis: 60.0
cpu: exceptions=5038 cacheResets=1 batches=64 verts=4140 texStalls=0 recompiles=403 underruns=0 overruns=0 sleep_us=37582074 queue_ms=0
vis: 60.0
cpu: exceptions=5068 cacheResets=1 batches=64 verts=4140 texStalls=0 recompiles=403 underruns=0 overruns=0 sleep_us=38080303 queue_ms=0
vis: 60.0
cpu: exceptions=5098 cacheResets=1 batches=64 verts=4140 texStalls=0 recompiles=403 underruns=0 overruns=0 sleep_us=38578564 queue_ms=0
vis: 60.0
cpu: exceptions=5128 cacheResets=1 batches=64 verts=4140 texStalls=0 recompiles=403 underruns=0 overruns=0 sleep_us=39076823 queue_ms=0
vis: 60.0
cpu: exceptions=5158 cacheResets=1 batches=64 verts=4140 texStalls=0 recompiles=403 underruns=0 overruns=0 sleep_us=39575063 queue_ms=0
vis: 60.0
cpu: exceptions=5188 cacheResets=1 batches=64 verts=4140 texStalls=0 recompiles=403 underruns=0 overruns=0 sleep_us=40073319 queue_ms=0
vis: 60.0
cpu: exceptions=5218 cacheResets=1 batches=64 verts=4140 texStalls=0 recompiles=403 underruns=0 overruns=0 sleep_us=40571577 queue_ms=0
vis: 60.0
cpu: exceptions=5248 cacheResets=1 batches=64 verts=4140 texStalls=0 recompiles=403 underruns=0 overruns=0 sleep_us=41069839 queue_ms=0
vis: 60.0
cpu: exceptions=5278 cacheResets=1 batches=64 verts=4140 texStalls=0 recompiles=403 underruns=0 overruns=0 sleep_us=41568099 queue_ms=0
vis: 60.0
cpu: exceptions=5308 cacheResets=1 batches=64 verts=4140 texStalls=0 recompiles=403 underruns=0 overruns=0 sleep_us=42066354 queue_ms=0
vis: 60.0
cpu: exceptions=5338 cacheResets=1 batches=64 verts=4140 texStalls=0 recompiles=403 underruns=0 overruns=0 sleep_us=42564615 queue_ms=0
vis: 60.0
cpu: exceptions=5368 cacheResets=1 batches=64 verts=4140 texStalls=0 recompiles=403 underruns=0 overruns=0 sleep_us=43062828 queue_ms=0
vis: 60.0
cpu: exceptions=5398 cacheResets=1 batches=64 verts=4140 texStalls=0 recompiles=403 underruns=0 overruns=0 sleep_us=43561084 queue_ms=0
vis: 60.0
cpu: exceptions=5428 cacheResets=1 batches=64 verts=4140 texStalls=0 recompiles=403 underruns=0 overruns=0 sleep_us=44059344 queue_ms=0
vis: 60.0
cpu: exceptions=5458 cacheResets=1 batches=64 verts=4140 texStalls=0 recompiles=403 underruns=0 overruns=0 sleep_us=44557603 queue_ms=0
vis: 60.0
cpu: exceptions=5488 cacheResets=1 batches=64 verts=4140 texStalls=0 recompiles=403 underruns=0 overruns=0 sleep_us=45055865 queue_ms=0
vis: 60.0
cpu: exceptions=5518 cacheResets=1 batches=64 verts=4140 texStalls=0 recompiles=403 underruns=0 overruns=0 sleep_us=45554125 queue_ms=0
vis: 60.0
cpu: exceptions=5548 cacheResets=1 batches=64 verts=4140 texStalls=0 recompiles=403 underruns=0 overruns=0 sleep_us=46052383 queue_ms=0
vis: 60.0
cpu: exceptions=5578 cacheResets=1 batches=64 verts=4140 texStalls=0 recompiles=403 underruns=0 overruns=0 sleep_us=46550644 queue_ms=0
vis: 60.0
cpu: exceptions=5608 cacheResets=1 batches=64 verts=4140 texStalls=0 recompiles=403 underruns=0 overruns=0 sleep_us=47048901 queue_ms=0
vis: 60.0
cpu: exceptions=5638 cacheResets=1 batches=64 verts=4140 texStalls=0 recompiles=403 underruns=0 overruns=0 sleep_us=47547159 queue_ms=0
vis: 60.0
cpu: exceptions=5668 cacheResets=1 batches=64 verts=4140 texStalls=0 recompiles=403 underruns=0 overruns=0 sleep_us=48045382 queue_ms=0
vis: 60.0
cpu: exceptions=5698 cacheResets=1 batches=64 verts=4140 texStalls=0 recompiles=403 underruns=0 overruns=0 sleep_us=48543643 queue_ms=0
vis: 60.0
cpu: exceptions=5728 cacheResets=1 batches=64 verts=4140 texStalls=0 recompiles=403 underruns=0 overruns=0 sleep_us=49041905 queue_ms=0
vis: 60.0
cpu: exceptions=5758 cacheResets=1 batches=64 verts=4140 texStalls=0 recompiles=403 underruns=0 overruns=0 sleep_us=49540148 queue_ms=0
vis: 60.0
cpu: exceptions=5788 cacheResets=1 batches=64 verts=4140 texStalls=0 recompiles=403 underruns=0 overruns=0 sleep_us=50038405 queue_ms=0
vis: 60.0
cpu: exceptions=5818 cacheResets=1 batches=64 verts=4140 texStalls=0 recompiles=403 underruns=0 overruns=0 sleep_us=50536668 queue_ms=0
vis: 60.0
cpu: exceptions=5848 cacheResets=1 batches=64 verts=4140 texStalls=0 recompiles=403 underruns=0 overruns=0 sleep_us=51034928 queue_ms=0
vis: 60.0
cpu: exceptions=5878 cacheResets=1 batches=64 verts=4140 texStalls=0 recompiles=403 underruns=0 overruns=0 sleep_us=51533190 queue_ms=0
vis: 60.0
cpu: exceptions=5908 cacheResets=1 batches=64 verts=4140 texStalls=0 recompiles=403 underruns=0 overruns=0 sleep_us=52031452 queue_ms=0
vis: 60.0
cpu: exceptions=5938 cacheResets=1 batches=64 verts=4140 texStalls=0 recompiles=403 underruns=0 overruns=0 sleep_us=52529713 queue_ms=0
vis: 60.0
cpu: exceptions=5968 cacheResets=1 batches=64 verts=4140 texStalls=0 recompiles=403 underruns=0 overruns=0 sleep_us=53027937 queue_ms=0
vis: 60.0
cpu: exceptions=5998 cacheResets=1 batches=64 verts=4140 texStalls=0 recompiles=403 underruns=0 overruns=0 sleep_us=53526193 queue_ms=0
vis: 60.0
cpu: exceptions=6028 cacheResets=1 batches=64 verts=4140 texStalls=0 recompiles=403 underruns=0 overruns=0 sleep_us=54024445 queue_ms=0
vis: 60.0
cpu: exceptions=6058 cacheResets=1 batches=64 verts=4140 texStalls=0 recompiles=403 underruns=0 overruns=0 sleep_us=54522708 queue_ms=0
vis: 60.0
cpu: exceptions=6088 cacheResets=1 batches=64 verts=4140 texStalls=0 recompiles=403 underruns=0 overruns=0 sleep_us=55020966 queue_ms=0
vis: 60.0
cpu: exceptions=6118 cacheResets=1 batches=64 verts=4140 texStalls=0 recompiles=403 underruns=0 overruns=0 sleep_us=55519225 queue_ms=0
vis: 60.0
cpu: exceptions=6148 cacheResets=1 batches=64 verts=4140 texStalls=0 recompiles=403 underruns=0 overruns=0 sleep_us=56017471 queue_ms=0
vis: 60.0
cpu: exceptions=6178 cacheResets=1 batches=64 verts=4140 texStalls=0 recompiles=403 underruns=0 overruns=0 sleep_us=56515664 queue_ms=0
vis: 60.0
cpu: exceptions=6208 cacheResets=1 batches=64 verts=4140 texStalls=0 recompiles=403 underruns=0 overruns=0 sleep_us=57013889 queue_ms=0
vis: 60.0
cpu: exceptions=6238 cacheResets=1 batches=64 verts=4140 texStalls=0 recompiles=403 underruns=0 overruns=0 sleep_us=57512152 queue_ms=0
vis: 60.0
cpu: exceptions=6268 cacheResets=1 batches=64 verts=4140 texStalls=0 recompiles=403 underruns=0 overruns=0 sleep_us=58010411 queue_ms=0
vis: 60.0
cpu: exceptions=6298 cacheResets=1 batches=64 verts=4140 texStalls=0 recompiles=403 underruns=0 overruns=0 sleep_us=58508646 queue_ms=0
vis: 60.0
cpu: exceptions=6328 cacheResets=1 batches=64 verts=4140 texStalls=0 recompiles=403 underruns=0 overruns=0 sleep_us=59006908 queue_ms=0
mark: stop reason: chain guest VI limit
mark: stop_it requested
audio: alist_resample_calls=0 alist_resample_samples=0 alist_zoh_calls=0 alist_zoh_samples=0 musyx_subframes=0 musyx_voices=0 musyx_voice_peak=0
audio_stages: adpcm_calls=0 adpcm_samples=0 envmix_calls=0 envmix_samples=0 mix_calls=0 mix_samples=0 musyx_fx_calls=0 musyx_fx_taps=0 output_calls=0 output_samples=0
audio_envmix: exp_calls=0 ge_calls=0 lin_calls=0 nead_calls=0 exp_steady=0 ge_steady=0 lin_steady=0
audio_gaps: nead_mats=0 nead_efz=0 resample_flag2=0 musyx_ptr10=0
audio_output: stream_requests=31667 stream_fed=0 input_hz=26807 playback_hz=26807 queue_peak_ms=0
vm_io: read_ahead=1 reads=0 hits=0 read_bytes=0 writes=0 write_bytes=0 errors=0
subsystem_time: stage=rsp_gfx calls=3 timed_calls=3 period=1 timed_us=29271
subsystem_time: stage=rsp_audio calls=0 timed_calls=0 period=1 timed_us=0
subsystem_time: stage=rsp_other calls=0 timed_calls=0 period=1 timed_us=0
subsystem_time: stage=lookup calls=266743 timed_calls=2100 period=127 timed_us=270
subsystem_time: stage=compile calls=403 timed_calls=403 period=1 timed_us=39232
subsystem_time: stage=dispatch calls=265154 timed_calls=2087 period=127 timed_us=806
subsystem_time: stage=execute_inclusive calls=265154 timed_calls=2087 period=127 timed_us=450513
subsystem_time: stage=rom_copy calls=911 timed_calls=911 period=1 timed_us=8392
subsystem_time: stage=present calls=3599 timed_calls=3599 period=1 timed_us=1279
subsystem_time: stage=limiter calls=3577 timed_calls=3577 period=1 timed_us=59295084
subsystem_time: stage=vm_fault calls=0 timed_calls=0 period=1 timed_us=0
subsystem_time: stage=vm_victim calls=0 timed_calls=0 period=1 timed_us=0
subsystem_time: stage=vm_read calls=0 timed_calls=0 period=1 timed_us=0
subsystem_time: stage=vm_write calls=0 timed_calls=0 period=1 timed_us=0
subsystem_time: stage=tex_hash calls=2 timed_calls=2 period=1 timed_us=19
subsystem_time: stage=tex_lookup calls=2 timed_calls=2 period=1 timed_us=1
subsystem_time: stage=tex_load calls=1 timed_calls=1 period=1 timed_us=46
subsystem_time: stage=tex_activate calls=2 timed_calls=2 period=1 timed_us=3
subsystem_time: stage=draw_triangles calls=64 timed_calls=64 period=1 timed_us=402
subsystem_time: stage=draw_rect calls=3 timed_calls=3 period=1 timed_us=59
subsystem_time: stage=gfx_list calls=3 timed_calls=3 period=1 timed_us=29255
subsystem_time: stage=gfx_command calls=1220 timed_calls=9 period=127 timed_us=6
subsystem_time: stage=vertex calls=1781 timed_calls=14 period=127 timed_us=3
subsystem_time: stage=gfx_state calls=5 timed_calls=0 period=127 timed_us=0
subsystem_time: stage=gx_wait calls=0 timed_calls=0 period=1 timed_us=0
subsystem_time: stage=dma_pi calls=911 timed_calls=911 period=1 timed_us=16128
subsystem_time: stage=dma_sp calls=6 timed_calls=6 period=1 timed_us=5
subsystem_time: stage=dma_si calls=1561 timed_calls=1561 period=1 timed_us=1185
subsystem_time: stage=tlb_translate calls=2 timed_calls=0 period=127 timed_us=0
subsystem_time: stage=pif calls=1562 timed_calls=1562 period=1 timed_us=1245
subsystem_time: stage=input calls=12 timed_calls=12 period=1 timed_us=43
subsystem_time: stage=guest_interrupt calls=7024 timed_calls=7024 period=1 timed_us=59402265
subsystem_time: stage=interpreter_inclusive calls=0 timed_calls=0 period=1 timed_us=0
subsystem_time: stage=audio_submit calls=1 timed_calls=1 period=1 timed_us=0
subsystem_time: stage=audio_callback calls=60196 timed_calls=60196 period=1 timed_us=2243
subsystem_time: stage=memory_slow calls=322466 timed_calls=2539 period=127 timed_us=541
subsystem_time: stage=jit_invalidate calls=1589 timed_calls=12 period=127 timed_us=1
audio_time: stage=resample sampled_calls=0 sampled_samples=0 sampled_us=0
audio_time: stage=zoh sampled_calls=0 sampled_samples=0 sampled_us=0
audio_time: stage=adpcm sampled_calls=0 sampled_samples=0 sampled_us=0
audio_time: stage=envmix_exp sampled_calls=0 sampled_samples=0 sampled_us=0
audio_time: stage=envmix_ge sampled_calls=0 sampled_samples=0 sampled_us=0
audio_time: stage=envmix_lin sampled_calls=0 sampled_samples=0 sampled_us=0
audio_time: stage=envmix_nead sampled_calls=0 sampled_samples=0 sampled_us=0
audio_time: stage=mix sampled_calls=0 sampled_samples=0 sampled_us=0
audio_time: stage=musyx_voice sampled_calls=0 sampled_samples=0 sampled_us=0
audio_time: stage=musyx_fx sampled_calls=0 sampled_samples=0 sampled_us=0
audio_time: stage=output sampled_calls=0 sampled_samples=0 sampled_us=0
game: n=2/2 how=vis vis=3600 vi_rate=60 vi0_retrace=1316 wall_us=60195843 sleep_us=59289698 avg_vis=59.53 avg_fps=1.13 exceptions=6347 cacheResets=1 recompiles=403 batches=64 verts=4140 texStalls=0 treeDepthMax=14 underruns=0 overruns=0 queue_peak_ms=0 dsp_avg=1.40 dsp_peak=1.55 pmc1=617103853 pmc2=587499319 pmc3=0 pmc4=0 mmcr0=00000042 mmcr1=00000000 heap_used=10811276 heap_free=72968 arena1_free=565248 arena2_free=577472 flushes=7 flush_us=86476 padtrace=0 rom=sd:/wii64/roms/Mario Kart 64.v64
=== chain 2/2 end vis=3600 how=vis rom=sd:/wii64/roms/Mario Kart 64.v64 ===
