--- wii64 perf log ---
mark: diag received dynacore line
mark: diag requested core: dynarec
mark: pad replay records: 7
selftest:
  raw[0]=51283056924177802
  raw[1]=51283056924177803
  raw[2]=51283056924177816
  raw[3]=51283056924177829
  raw[4]=51283056924177841
  delta[0]=0us
  delta[1]=0us
  delta[2]=0us
  delta[3]=0us
mark: audio quality: accurate
mark: audio modes: n64=0 output=0 mixer=0 latency=2 sync=0
mark: diag applied core: dynarec
mark: HBC agent ready
mark: loadROM: enter
mark: loadROM: before rom_read
mark: ROMCache_load: enter
mark: ROMCache_load: before first read
mark: ROMCache_load: first read returned
mark: ROMCache_load: byte_swap_type set
mark: ROMCache_load: first byte_swap done
mark: ROMCache_load: loop exited normally
mark: ROMCache_load: elapsed_us=258699 bytes=8388608 vm=0
mark: loadROM: after rom_read
mark: loadROM: before init_memory
mark: loadROM: after init_memory
mark: loadROM: before romOpen_gfx
mark: loadROM: after romOpen_gfx / before romOpen_audio
mark: loadROM: after romOpen_audio / before romOpen_input
mark: loadROM: after romOpen_input / before cpu_init
mark: loadROM: after cpu_init
menufps: 5.7
fps: 0.1
first_vi: vi0_retrace=201
vis: 0.1
cpu: exceptions=0 cacheResets=0 batches=0 verts=0 texStalls=0 recompiles=0 underruns=0 overruns=0 sleep_us=0 queue_ms=0
mark: CPU core dispatch: dynarec
vis: 60.0
cpu: exceptions=240 cacheResets=1 batches=0 verts=0 texStalls=0 recompiles=189 underruns=2 overruns=0 sleep_us=260638 queue_ms=91
vis: 60.0
cpu: exceptions=540 cacheResets=1 batches=0 verts=0 texStalls=0 recompiles=198 underruns=2 overruns=0 sleep_us=740533 queue_ms=96
vis: 60.0
cpu: exceptions=840 cacheResets=1 batches=0 verts=0 texStalls=0 recompiles=204 underruns=2 overruns=0 sleep_us=1220679 queue_ms=93
vis: 60.0
cpu: exceptions=1135 cacheResets=1 batches=0 verts=0 texStalls=0 recompiles=204 underruns=2 overruns=0 sleep_us=1701549 queue_ms=89
fps: 0.5
vis: 60.0
cpu: exceptions=1431 cacheResets=1 batches=414 verts=9387 texStalls=0 recompiles=468 underruns=3 overruns=0 sleep_us=1996034 queue_ms=12
fps: 20.6
vis: 60.0
cpu: exceptions=1588 cacheResets=1 batches=2484 verts=56322 texStalls=0 recompiles=475 underruns=3 overruns=0 sleep_us=2418500 queue_ms=9
fps: 29.8
vis: 60.0
cpu: exceptions=1752 cacheResets=1 batches=4554 verts=103257 texStalls=0 recompiles=478 underruns=3 overruns=0 sleep_us=2838945 queue_ms=15
fps: 30.1
vis: 60.0
cpu: exceptions=1894 cacheResets=1 batches=6624 verts=150192 texStalls=0 recompiles=478 underruns=3 overruns=0 sleep_us=3270571 queue_ms=12
fps: 30.0
vis: 60.0
cpu: exceptions=2036 cacheResets=1 batches=8694 verts=197127 texStalls=0 recompiles=478 underruns=3 overruns=0 sleep_us=3701292 queue_ms=7
fps: 30.0
vis: 60.0
cpu: exceptions=2178 cacheResets=1 batches=10767 verts=244080 texStalls=0 recompiles=489 underruns=3 overruns=0 sleep_us=4130762 queue_ms=13
fps: 30.0
vis: 60.0
cpu: exceptions=2319 cacheResets=1 batches=12574 verts=284835 texStalls=0 recompiles=498 underruns=3 overruns=0 sleep_us=4565068 queue_ms=9
vis: 60.0
cpu: exceptions=2638 cacheResets=1 batches=12574 verts=284835 texStalls=0 recompiles=675 underruns=5 overruns=0 sleep_us=4728858 queue_ms=32
vis: 60.0
cpu: exceptions=2728 cacheResets=1 batches=12574 verts=284835 texStalls=0 recompiles=733 underruns=5 overruns=0 sleep_us=4896754 queue_ms=29
vis: 60.0
cpu: exceptions=2818 cacheResets=1 batches=12574 verts=284835 texStalls=0 recompiles=784 underruns=5 overruns=0 sleep_us=5119438 queue_ms=34
fps: 3.9
vis: 60.0
cpu: exceptions=2961 cacheResets=1 batches=13906 verts=302151 texStalls=0 recompiles=910 underruns=7 overruns=0 sleep_us=5328857 queue_ms=9
fps: 15.1
vis: 60.0
cpu: exceptions=3118 cacheResets=1 batches=18800 verts=366480 texStalls=0 recompiles=910 underruns=7 overruns=0 sleep_us=5493899 queue_ms=4
fps: 30.0
vis: 60.0
cpu: exceptions=3273 cacheResets=1 batches=23678 verts=430461 texStalls=0 recompiles=927 underruns=7 overruns=0 sleep_us=5659801 queue_ms=8
fps: 30.0
vis: 60.0
cpu: exceptions=3436 cacheResets=1 batches=28535 verts=494298 texStalls=0 recompiles=927 underruns=7 overruns=0 sleep_us=5826679 queue_ms=5
fps: 30.0
vis: 60.0
cpu: exceptions=3591 cacheResets=1 batches=33404 verts=558207 texStalls=0 recompiles=927 underruns=7 overruns=0 sleep_us=6005315 queue_ms=11
fps: 30.0
vis: 60.0
cpu: exceptions=3762 cacheResets=1 batches=38272 verts=622110 texStalls=0 recompiles=927 underruns=7 overruns=0 sleep_us=6164852 queue_ms=6
fps: 29.8
vis: 60.0
cpu: exceptions=3978 cacheResets=1 batches=43149 verts=686067 texStalls=0 recompiles=936 underruns=7 overruns=0 sleep_us=6299228 queue_ms=12
fps: 20.0
vis: 60.0
cpu: exceptions=4234 cacheResets=1 batches=43746 verts=693822 texStalls=0 recompiles=1065 underruns=10 overruns=0 sleep_us=6533222 queue_ms=14
fps: 31.6
vis: 60.0
cpu: exceptions=4401 cacheResets=1 batches=44552 verts=704238 texStalls=0 recompiles=1065 underruns=10 overruns=0 sleep_us=6920466 queue_ms=18
fps: 30.0
vis: 60.0
cpu: exceptions=4573 cacheResets=1 batches=45347 verts=714588 texStalls=0 recompiles=1065 underruns=10 overruns=0 sleep_us=7305951 queue_ms=13
fps: 30.0
vis: 60.0
cpu: exceptions=4738 cacheResets=1 batches=46142 verts=724938 texStalls=0 recompiles=1065 underruns=10 overruns=0 sleep_us=7705359 queue_ms=10
fps: 30.0
vis: 60.0
cpu: exceptions=4911 cacheResets=1 batches=46937 verts=735288 texStalls=0 recompiles=1065 underruns=10 overruns=0 sleep_us=8089693 queue_ms=16
fps: 30.0
vis: 60.0
cpu: exceptions=5090 cacheResets=1 batches=47732 verts=745638 texStalls=0 recompiles=1065 underruns=10 overruns=0 sleep_us=8465403 queue_ms=11
fps: 30.0
vis: 60.0
cpu: exceptions=5263 cacheResets=1 batches=48527 verts=755988 texStalls=0 recompiles=1065 underruns=10 overruns=0 sleep_us=8846549 queue_ms=17
fps: 30.0
vis: 60.0
cpu: exceptions=5432 cacheResets=1 batches=49322 verts=766338 texStalls=0 recompiles=1065 underruns=10 overruns=0 sleep_us=9237286 queue_ms=13
fps: 30.0
vis: 60.0
cpu: exceptions=5597 cacheResets=1 batches=50117 verts=776688 texStalls=0 recompiles=1065 underruns=10 overruns=0 sleep_us=9637186 queue_ms=18
vis: 60.0
cpu: exceptions=5779 cacheResets=1 batches=50632 verts=785358 texStalls=0 recompiles=1068 underruns=10 overruns=0 sleep_us=10033283 queue_ms=15
fps: 30.0
vis: 60.0
cpu: exceptions=5954 cacheResets=1 batches=51140 verts=793986 texStalls=0 recompiles=1071 underruns=10 overruns=0 sleep_us=10424853 queue_ms=10
fps: 30.0
vis: 60.0
cpu: exceptions=6203 cacheResets=1 batches=51242 verts=795714 texStalls=0 recompiles=1131 underruns=10 overruns=0 sleep_us=10685358 queue_ms=16
fps: 4.1
vis: 60.0
cpu: exceptions=6353 cacheResets=1 batches=51797 verts=806730 texStalls=0 recompiles=1530 underruns=11 overruns=0 sleep_us=10857025 queue_ms=33
fps: 32.8
vis: 60.0
cpu: exceptions=6488 cacheResets=1 batches=54707 verts=879360 texStalls=0 recompiles=1534 underruns=11 overruns=0 sleep_us=11213338 queue_ms=39
vis: 60.0
cpu: exceptions=6623 cacheResets=1 batches=57617 verts=951990 texStalls=0 recompiles=1534 underruns=11 overruns=0 sleep_us=11569621 queue_ms=35
fps: 30.0
vis: 60.0
cpu: exceptions=6758 cacheResets=1 batches=60527 verts=1024620 texStalls=0 recompiles=1534 underruns=11 overruns=0 sleep_us=11926035 queue_ms=41
fps: 30.0
vis: 60.0
cpu: exceptions=6893 cacheResets=1 batches=63437 verts=1097250 texStalls=0 recompiles=1534 underruns=11 overruns=0 sleep_us=12282514 queue_ms=36
fps: 30.0
vis: 60.0
cpu: exceptions=7045 cacheResets=1 batches=67355 verts=1175928 texStalls=0 recompiles=1544 underruns=11 overruns=0 sleep_us=12600142 queue_ms=33
fps: 29.8
vis: 60.0
cpu: exceptions=7220 cacheResets=1 batches=71522 verts=1256100 texStalls=0 recompiles=1545 underruns=11 overruns=0 sleep_us=12894683 queue_ms=39
fps: 30.0
vis: 60.0
cpu: exceptions=7400 cacheResets=1 batches=75677 verts=1336200 texStalls=0 recompiles=1545 underruns=11 overruns=0 sleep_us=13182686 queue_ms=34
fps: 30.0
vis: 60.0
cpu: exceptions=7581 cacheResets=1 batches=79832 verts=1416300 texStalls=0 recompiles=1545 underruns=11 overruns=0 sleep_us=13464715 queue_ms=40
fps: 30.0
vis: 60.0
cpu: exceptions=7776 cacheResets=1 batches=83987 verts=1496400 texStalls=0 recompiles=1545 underruns=11 overruns=0 sleep_us=13735555 queue_ms=36
fps: 29.9
vis: 60.0
cpu: exceptions=7989 cacheResets=1 batches=88142 verts=1576500 texStalls=0 recompiles=1545 underruns=11 overruns=0 sleep_us=13994358 queue_ms=33
fps: 30.0
vis: 60.0
cpu: exceptions=8197 cacheResets=1 batches=92297 verts=1656600 texStalls=0 recompiles=1545 underruns=11 overruns=0 sleep_us=14255819 queue_ms=37
fps: 30.0
vis: 60.0
cpu: exceptions=8416 cacheResets=1 batches=96452 verts=1736700 texStalls=0 recompiles=1545 underruns=11 overruns=0 sleep_us=14504745 queue_ms=35
fps: 30.0
vis: 60.0
cpu: exceptions=8621 cacheResets=1 batches=100607 verts=1816800 texStalls=0 recompiles=1545 underruns=11 overruns=0 sleep_us=14767639 queue_ms=39
fps: 30.0
vis: 60.0
cpu: exceptions=8815 cacheResets=1 batches=104762 verts=1896900 texStalls=0 recompiles=1545 underruns=11 overruns=0 sleep_us=15042697 queue_ms=36
fps: 30.0
vis: 60.0
cpu: exceptions=9007 cacheResets=1 batches=108917 verts=1977000 texStalls=0 recompiles=1545 underruns=11 overruns=0 sleep_us=15322002 queue_ms=41
fps: 30.1
vis: 60.0
cpu: exceptions=9171 cacheResets=1 batches=113072 verts=2057100 texStalls=0 recompiles=1547 underruns=11 overruns=0 sleep_us=15626184 queue_ms=37
fps: 30.0
vis: 60.0
cpu: exceptions=9315 cacheResets=1 batches=117227 verts=2137200 texStalls=0 recompiles=1547 underruns=11 overruns=0 sleep_us=15945889 queue_ms=34
fps: 30.0
vis: 60.0
cpu: exceptions=9455 cacheResets=1 batches=121382 verts=2217300 texStalls=0 recompiles=1547 underruns=11 overruns=0 sleep_us=16268610 queue_ms=38
fps: 30.0
vis: 60.0
cpu: exceptions=9595 cacheResets=1 batches=125537 verts=2297400 texStalls=0 recompiles=1547 underruns=11 overruns=0 sleep_us=16591401 queue_ms=35
fps: 30.0
vis: 60.0
cpu: exceptions=9733 cacheResets=1 batches=129692 verts=2377500 texStalls=0 recompiles=1547 underruns=11 overruns=0 sleep_us=16917145 queue_ms=40
fps: 30.0
vis: 60.0
cpu: exceptions=9868 cacheResets=1 batches=133847 verts=2457600 texStalls=0 recompiles=1547 underruns=11 overruns=0 sleep_us=17247130 queue_ms=37
fps: 30.0
vis: 60.0
cpu: exceptions=10003 cacheResets=1 batches=138002 verts=2537700 texStalls=0 recompiles=1547 underruns=11 overruns=0 sleep_us=17576943 queue_ms=41
fps: 30.1
vis: 60.0
cpu: exceptions=10138 cacheResets=1 batches=141317 verts=2612760 texStalls=0 recompiles=1548 underruns=11 overruns=0 sleep_us=17927773 queue_ms=38
fps: 30.0
vis: 60.0
cpu: exceptions=10273 cacheResets=1 batches=144212 verts=2685300 texStalls=0 recompiles=1548 underruns=11 overruns=0 sleep_us=18289220 queue_ms=34
fps: 30.0
vis: 60.0
cpu: exceptions=10414 cacheResets=1 batches=147136 verts=2758488 texStalls=0 recompiles=1568 underruns=11 overruns=0 sleep_us=18641378 queue_ms=39
fps: 29.8
vis: 60.0
cpu: exceptions=10579 cacheResets=1 batches=150451 verts=2840658 texStalls=0 recompiles=1568 underruns=11 overruns=0 sleep_us=18946934 queue_ms=36
fps: 30.2
vis: 60.0
cpu: exceptions=10740 cacheResets=1 batches=153286 verts=2904012 texStalls=0 recompiles=1569 underruns=11 overruns=0 sleep_us=19275864 queue_ms=40
fps: 30.0
vis: 60.0
cpu: exceptions=10898 cacheResets=1 batches=155701 verts=2950902 texStalls=0 recompiles=1569 underruns=11 overruns=0 sleep_us=19625868 queue_ms=37
fps: 30.0
vis: 60.0
cpu: exceptions=11062 cacheResets=1 batches=158116 verts=2997792 texStalls=0 recompiles=1572 underruns=11 overruns=0 sleep_us=19970093 queue_ms=34
fps: 29.9
vis: 60.0
cpu: exceptions=11258 cacheResets=1 batches=160531 verts=3044682 texStalls=0 recompiles=1572 underruns=11 overruns=0 sleep_us=20280006 queue_ms=39
fps: 30.1
vis: 60.0
cpu: exceptions=11446 cacheResets=1 batches=162952 verts=3091602 texStalls=0 recompiles=1572 underruns=11 overruns=0 sleep_us=20600680 queue_ms=36
fps: 30.0
vis: 60.0
cpu: exceptions=11613 cacheResets=1 batches=165457 verts=3138942 texStalls=0 recompiles=1572 underruns=11 overruns=0 sleep_us=20939622 queue_ms=40
fps: 29.9
vis: 60.0
cpu: exceptions=11794 cacheResets=1 batches=167986 verts=3186354 texStalls=0 recompiles=1572 underruns=11 overruns=0 sleep_us=21256704 queue_ms=36
fps: 29.9
vis: 60.0
cpu: exceptions=11988 cacheResets=1 batches=170640 verts=3235653 texStalls=0 recompiles=1572 underruns=11 overruns=0 sleep_us=21549709 queue_ms=42
fps: 30.1
vis: 60.0
cpu: exceptions=12182 cacheResets=1 batches=173374 verts=3286200 texStalls=0 recompiles=1572 underruns=11 overruns=0 sleep_us=21851043 queue_ms=39
fps: 30.1
vis: 60.0
cpu: exceptions=12352 cacheResets=1 batches=176150 verts=3336873 texStalls=0 recompiles=1572 underruns=11 overruns=0 sleep_us=22179217 queue_ms=34
fps: 29.9
vis: 60.0
cpu: exceptions=12529 cacheResets=1 batches=178988 verts=3387828 texStalls=0 recompiles=1572 underruns=11 overruns=0 sleep_us=22496719 queue_ms=40
fps: 30.0
vis: 60.0
cpu: exceptions=12717 cacheResets=1 batches=181868 verts=3438993 texStalls=0 recompiles=1572 underruns=11 overruns=0 sleep_us=22796144 queue_ms=36
fps: 30.0
vis: 60.0
cpu: exceptions=12923 cacheResets=1 batches=184748 verts=3490158 texStalls=0 recompiles=1572 underruns=11 overruns=0 sleep_us=23077481 queue_ms=41
fps: 30.0
vis: 60.0
cpu: exceptions=13105 cacheResets=1 batches=187666 verts=3542547 texStalls=0 recompiles=1572 underruns=11 overruns=0 sleep_us=23386562 queue_ms=38
fps: 30.0
vis: 60.0
cpu: exceptions=13273 cacheResets=1 batches=190696 verts=3598392 texStalls=0 recompiles=1572 underruns=11 overruns=0 sleep_us=23699762 queue_ms=42
fps: 30.0
vis: 60.0
cpu: exceptions=13459 cacheResets=1 batches=193726 verts=3654237 texStalls=0 recompiles=1572 underruns=11 overruns=0 sleep_us=23993372 queue_ms=39
fps: 30.0
vis: 60.0
cpu: exceptions=13661 cacheResets=1 batches=196756 verts=3710082 texStalls=0 recompiles=1572 underruns=11 overruns=0 sleep_us=24261342 queue_ms=35
vis: 60.0
cpu: exceptions=13851 cacheResets=1 batches=199788 verts=3766209 texStalls=0 recompiles=1572 underruns=11 overruns=0 sleep_us=24550368 queue_ms=41
fps: 30.0
vis: 60.0
cpu: exceptions=14021 cacheResets=1 batches=202790 verts=3822666 texStalls=0 recompiles=1572 underruns=11 overruns=0 sleep_us=24867370 queue_ms=36
fps: 30.0
mark: stop reason: chain guest VI limit
mark: stop_it requested
audio: alist_resample_calls=42763 alist_resample_samples=5572696 alist_zoh_calls=0 alist_zoh_samples=0 musyx_subframes=0 musyx_voices=0 musyx_voice_peak=0
audio_stages: adpcm_calls=41651 adpcm_samples=5505360 envmix_calls=40317 envmix_samples=5378800 mix_calls=9436 mix_samples=3019520 musyx_fx_calls=0 musyx_fx_taps=0 output_calls=2360 output_samples=1259120
audio_envmix: exp_calls=40317 ge_calls=0 lin_calls=0 nead_calls=0 exp_steady=33833 ge_steady=0 lin_steady=0
audio_gaps: nead_mats=0 nead_efz=0 resample_flag2=0 musyx_ptr10=0
audio_output: stream_requests=6049 stream_fed=4368 input_hz=32006 playback_hz=32006 queue_peak_ms=114
vm_io: read_ahead=1 reads=0 hits=0 read_bytes=0 writes=0 write_bytes=0 errors=0
subsystem_time: stage=rsp_gfx calls=1046 timed_calls=1046 period=1 timed_us=4017346
subsystem_time: stage=rsp_audio calls=2359 timed_calls=2359 period=1 timed_us=1936241
subsystem_time: stage=rsp_other calls=0 timed_calls=0 period=1 timed_us=0
subsystem_time: stage=lookup calls=6905936 timed_calls=54377 period=127 timed_us=5155
subsystem_time: stage=compile calls=1572 timed_calls=1572 period=1 timed_us=198469
subsystem_time: stage=dispatch calls=6520264 timed_calls=51340 period=127 timed_us=19622
subsystem_time: stage=execute_inclusive calls=6520264 timed_calls=51340 period=127 timed_us=213981
subsystem_time: stage=rom_copy calls=3129 timed_calls=3129 period=1 timed_us=6763
subsystem_time: stage=present calls=2399 timed_calls=2399 period=1 timed_us=22340
subsystem_time: stage=limiter calls=2361 timed_calls=2361 period=1 timed_us=25172676
subsystem_time: stage=vm_fault calls=0 timed_calls=0 period=1 timed_us=0
subsystem_time: stage=vm_victim calls=0 timed_calls=0 period=1 timed_us=0
subsystem_time: stage=vm_read calls=0 timed_calls=0 period=1 timed_us=0
subsystem_time: stage=vm_write calls=0 timed_calls=0 period=1 timed_us=0
subsystem_time: stage=tex_hash calls=85152 timed_calls=85152 period=1 timed_us=788214
subsystem_time: stage=tex_lookup calls=85152 timed_calls=85152 period=1 timed_us=30902
subsystem_time: stage=tex_load calls=177 timed_calls=177 period=1 timed_us=11464
subsystem_time: stage=tex_activate calls=85152 timed_calls=85152 period=1 timed_us=43410
subsystem_time: stage=draw_triangles calls=205478 timed_calls=205478 period=1 timed_us=548752
subsystem_time: stage=draw_rect calls=8799 timed_calls=8799 period=1 timed_us=59342
subsystem_time: stage=gfx_list calls=1046 timed_calls=1046 period=1 timed_us=4017103
subsystem_time: stage=gfx_command calls=2786775 timed_calls=21943 period=127 timed_us=30877
subsystem_time: stage=vertex calls=2212190 timed_calls=17418 period=127 timed_us=5504
subsystem_time: stage=gfx_state calls=314522 timed_calls=2476 period=127 timed_us=9617
subsystem_time: stage=gx_wait calls=0 timed_calls=0 period=1 timed_us=0
subsystem_time: stage=dma_pi calls=3129 timed_calls=3129 period=1 timed_us=72956
subsystem_time: stage=dma_sp calls=6810 timed_calls=6810 period=1 timed_us=2487
subsystem_time: stage=dma_si calls=1690 timed_calls=1690 period=1 timed_us=49193
subsystem_time: stage=tlb_translate calls=200897 timed_calls=1581 period=127 timed_us=115
subsystem_time: stage=pif calls=1691 timed_calls=1691 period=1 timed_us=48704
subsystem_time: stage=input calls=4180 timed_calls=4180 period=1 timed_us=47332
subsystem_time: stage=guest_interrupt calls=17254 timed_calls=17254 period=1 timed_us=25208703
subsystem_time: stage=interpreter_inclusive calls=0 timed_calls=0 period=1 timed_us=0
subsystem_time: stage=audio_submit calls=2360 timed_calls=2360 period=1 timed_us=6751
subsystem_time: stage=audio_callback calls=24537 timed_calls=24537 period=1 timed_us=6795
subsystem_time: stage=memory_slow calls=1118238 timed_calls=8805 period=127 timed_us=75251
subsystem_time: stage=jit_invalidate calls=385672 timed_calls=3036 period=127 timed_us=438
audio_time: stage=resample sampled_calls=336 sampled_samples=43888 sampled_us=3771
audio_time: stage=zoh sampled_calls=0 sampled_samples=0 sampled_us=0
audio_time: stage=adpcm sampled_calls=327 sampled_samples=42240 sampled_us=3154
audio_time: stage=envmix_exp sampled_calls=317 sampled_samples=42336 sampled_us=6487
audio_time: stage=envmix_ge sampled_calls=0 sampled_samples=0 sampled_us=0
audio_time: stage=envmix_lin sampled_calls=0 sampled_samples=0 sampled_us=0
audio_time: stage=envmix_nead sampled_calls=0 sampled_samples=0 sampled_us=0
audio_time: stage=mix sampled_calls=74 sampled_samples=23680 sampled_us=493
audio_time: stage=musyx_voice sampled_calls=0 sampled_samples=0 sampled_us=0
audio_time: stage=musyx_fx sampled_calls=0 sampled_samples=0 sampled_us=0
audio_time: stage=output sampled_calls=18 sampled_samples=9584 sampled_us=41
game: n=1/1 how=vis vis=2400 vi_rate=60 vi0_retrace=201 wall_us=40011972 sleep_us=25169519 avg_vis=59.25 avg_fps=28.00 exceptions=14190 cacheResets=1 recompiles=1572 batches=205478 verts=3874872 texStalls=0 treeDepthMax=14 underruns=11 overruns=0 queue_peak_ms=96 dsp_avg=3.88 dsp_peak=6.25 pmc1=29160487245 pmc2=0 pmc3=0 pmc4=0 mmcr0=00000042 mmcr1=00000000 heap_used=10873304 heap_free=34184 arena1_free=544768 arena2_free=577472 flushes=6 flush_us=4577 padtrace=11 rom=sd:/wii64/roms/Super Mario 64.v64
=== chain 1/1 end vis=2400 how=vis rom=sd:/wii64/roms/Super Mario 64.v64 ===
