--- wii64 perf log ---
mark: diag config: wiiload arguments
mark: wiiload dynacore argument received
mark: diag received dynacore line
mark: diag requested core: dynarec
mark: pad replay records: 1
selftest:
  raw[0]=51279765619325717
  raw[1]=51279765619325719
  raw[2]=51279765619325734
  raw[3]=51279765619325747
  raw[4]=51279765619325760
  delta[0]=0us
  delta[1]=0us
  delta[2]=0us
  delta[3]=0us
mark: audio quality: accurate
mark: audio modes: n64=0 output=0 mixer=0 latency=2 sync=0
mark: diag applied core: dynarec
mark: HBC agent ready
mark: loadROM: enter
mark: loadROM: before rom_read
mark: ROMCache_load: enter
mark: ROMCache_load: before first read
mark: ROMCache_load: first read returned
mark: ROMCache_load: byte_swap_type set
mark: ROMCache_load: first byte_swap done
menufps: 10.2
menufps: 8.4
menufps: 7.9
mark: ROMCache_load: loop exited normally
mark: ROMCache_load: elapsed_us=1926134 bytes=8388608 vm=0
mark: loadROM: after rom_read
mark: loadROM: before init_memory
mark: loadROM: after init_memory
mark: loadROM: before romOpen_gfx
mark: loadROM: after romOpen_gfx / before romOpen_audio
mark: loadROM: after romOpen_audio / before romOpen_input
mark: loadROM: after romOpen_input / before cpu_init
mark: loadROM: after cpu_init
menufps: 1.2
fps: 0.0
first_vi: vi0_retrace=316
vis: 0.0
cpu: exceptions=0 cacheResets=0 batches=0 verts=0 texStalls=0 recompiles=0 underruns=0 overruns=0 sleep_us=0 queue_ms=0
mark: CPU core dispatch: dynarec
vis: 60.0
cpu: exceptions=240 cacheResets=1 batches=0 verts=0 texStalls=0 recompiles=189 underruns=1 overruns=0 sleep_us=265369 queue_ms=91
vis: 60.0
cpu: exceptions=540 cacheResets=1 batches=0 verts=0 texStalls=0 recompiles=198 underruns=1 overruns=0 sleep_us=745850 queue_ms=87
vis: 60.0
cpu: exceptions=840 cacheResets=1 batches=0 verts=0 texStalls=0 recompiles=204 underruns=1 overruns=0 sleep_us=1226270 queue_ms=84
vis: 60.0
cpu: exceptions=1135 cacheResets=1 batches=0 verts=0 texStalls=0 recompiles=204 underruns=1 overruns=0 sleep_us=1707248 queue_ms=88
fps: 0.5
vis: 60.0
cpu: exceptions=1431 cacheResets=1 batches=414 verts=9387 texStalls=0 recompiles=468 underruns=2 overruns=0 sleep_us=2058033 queue_ms=2
fps: 20.0
vis: 60.0
cpu: exceptions=1588 cacheResets=1 batches=2484 verts=56322 texStalls=0 recompiles=475 underruns=2 overruns=0 sleep_us=2479669 queue_ms=9
fps: 30.0
vis: 60.0
cpu: exceptions=1752 cacheResets=1 batches=4554 verts=103257 texStalls=0 recompiles=478 underruns=2 overruns=0 sleep_us=2900187 queue_ms=6
fps: 30.0
vis: 60.0
cpu: exceptions=1894 cacheResets=1 batches=6624 verts=150192 texStalls=0 recompiles=478 underruns=2 overruns=0 sleep_us=3329714 queue_ms=11
fps: 30.0
vis: 60.0
cpu: exceptions=2036 cacheResets=1 batches=8694 verts=197127 texStalls=0 recompiles=478 underruns=2 overruns=0 sleep_us=3758811 queue_ms=7
fps: 30.0
vis: 60.0
cpu: exceptions=2178 cacheResets=1 batches=10767 verts=244080 texStalls=0 recompiles=489 underruns=2 overruns=0 sleep_us=4186796 queue_ms=4
fps: 30.0
vis: 60.0
cpu: exceptions=2319 cacheResets=1 batches=12574 verts=284835 texStalls=0 recompiles=498 underruns=2 overruns=0 sleep_us=4619174 queue_ms=9
vis: 60.0
cpu: exceptions=2638 cacheResets=1 batches=12574 verts=284835 texStalls=0 recompiles=675 underruns=3 overruns=0 sleep_us=4834492 queue_ms=14
vis: 60.0
cpu: exceptions=2788 cacheResets=1 batches=12574 verts=284835 texStalls=0 recompiles=784 underruns=3 overruns=0 sleep_us=5267801 queue_ms=19
vis: 60.0
cpu: exceptions=2915 cacheResets=1 batches=12574 verts=284835 texStalls=0 recompiles=828 underruns=4 overruns=0 sleep_us=5582576 queue_ms=0
fps: 15.1
vis: 60.0
cpu: exceptions=3065 cacheResets=1 batches=17173 verts=345063 texStalls=0 recompiles=910 underruns=5 overruns=0 sleep_us=5755964 queue_ms=7
fps: 30.0
vis: 60.0
cpu: exceptions=3220 cacheResets=1 batches=22046 verts=409104 texStalls=0 recompiles=920 underruns=5 overruns=0 sleep_us=5938050 queue_ms=13
fps: 30.0
vis: 60.0
cpu: exceptions=3380 cacheResets=1 batches=26914 verts=473007 texStalls=0 recompiles=927 underruns=5 overruns=0 sleep_us=6113501 queue_ms=9
fps: 30.0
vis: 60.0
cpu: exceptions=3544 cacheResets=1 batches=31779 verts=536892 texStalls=0 recompiles=927 underruns=5 overruns=0 sleep_us=6297113 queue_ms=6
fps: 30.0
vis: 60.0
cpu: exceptions=3697 cacheResets=1 batches=36644 verts=600777 texStalls=0 recompiles=927 underruns=5 overruns=0 sleep_us=6479918 queue_ms=10
fps: 29.1
vis: 60.0
cpu: exceptions=3901 cacheResets=1 batches=41505 verts=664638 texStalls=0 recompiles=928 underruns=7 overruns=0 sleep_us=6641249 queue_ms=16
fps: 30.0
vis: 60.0
cpu: exceptions=4124 cacheResets=1 batches=46373 verts=728541 texStalls=0 recompiles=928 underruns=7 overruns=0 sleep_us=6793073 queue_ms=13
fps: 30.0
vis: 60.0
cpu: exceptions=4350 cacheResets=1 batches=51235 verts=792408 texStalls=0 recompiles=928 underruns=7 overruns=0 sleep_us=6939556 queue_ms=8
fps: 30.0
vis: 60.0
cpu: exceptions=4574 cacheResets=1 batches=56105 verts=856323 texStalls=0 recompiles=928 underruns=7 overruns=0 sleep_us=7088172 queue_ms=14
fps: 30.0
vis: 60.0
cpu: exceptions=4787 cacheResets=1 batches=60969 verts=920202 texStalls=0 recompiles=928 underruns=7 overruns=0 sleep_us=7242509 queue_ms=9
fps: 30.0
vis: 60.0
cpu: exceptions=5005 cacheResets=1 batches=65832 verts=984075 texStalls=0 recompiles=928 underruns=7 overruns=0 sleep_us=7398342 queue_ms=16
fps: 30.0
vis: 60.0
cpu: exceptions=5223 cacheResets=1 batches=70695 verts=1047948 texStalls=0 recompiles=928 underruns=7 overruns=0 sleep_us=7549199 queue_ms=11
fps: 30.0
vis: 60.0
cpu: exceptions=5448 cacheResets=1 batches=75561 verts=1111839 texStalls=0 recompiles=928 underruns=7 overruns=0 sleep_us=7699342 queue_ms=17
fps: 30.0
vis: 60.0
cpu: exceptions=5675 cacheResets=1 batches=80423 verts=1175706 texStalls=0 recompiles=928 underruns=7 overruns=0 sleep_us=7845405 queue_ms=12
vis: 60.0
cpu: exceptions=5911 cacheResets=1 batches=85286 verts=1239579 texStalls=0 recompiles=928 underruns=7 overruns=0 sleep_us=7987403 queue_ms=9
fps: 30.0
mark: stop reason: chain guest VI limit
mark: stop_it requested
audio: alist_resample_calls=16770 alist_resample_samples=2210760 alist_zoh_calls=0 alist_zoh_samples=0 musyx_subframes=0 musyx_voices=0 musyx_voice_peak=0
audio_stages: adpcm_calls=16496 adpcm_samples=2666016 envmix_calls=16204 envmix_samples=2162216 mix_calls=3500 mix_samples=1120000 musyx_fx_calls=0 musyx_fx_taps=0 output_calls=876 output_samples=467088
audio_envmix: exp_calls=16204 ge_calls=0 lin_calls=0 nead_calls=0 exp_steady=13261 ge_steady=0 lin_steady=0
audio_gaps: nead_mats=0 nead_efz=0 resample_flag2=0 musyx_ptr10=0
audio_output: stream_requests=3317 stream_fed=1621 input_hz=32006 playback_hz=32006 queue_peak_ms=109
vm_io: read_ahead=1 reads=0 hits=0 read_bytes=0 writes=0 write_bytes=0 errors=0
subsystem_time: stage=rsp_gfx calls=326 timed_calls=326 period=1 timed_us=1485442
subsystem_time: stage=rsp_audio calls=875 timed_calls=875 period=1 timed_us=429502
subsystem_time: stage=rsp_other calls=0 timed_calls=0 period=1 timed_us=0
subsystem_time: stage=lookup calls=4329265 timed_calls=34088 period=127 timed_us=4062
subsystem_time: stage=compile calls=928 timed_calls=928 period=1 timed_us=105155
subsystem_time: stage=dispatch calls=4324707 timed_calls=34052 period=127 timed_us=10248
subsystem_time: stage=execute_inclusive calls=4324707 timed_calls=34052 period=127 timed_us=44498
subsystem_time: stage=rom_copy calls=1548 timed_calls=1548 period=1 timed_us=25015
subsystem_time: stage=present calls=899 timed_calls=899 period=1 timed_us=18495
subsystem_time: stage=limiter calls=879 timed_calls=879 period=1 timed_us=8029234
subsystem_time: stage=vm_fault calls=0 timed_calls=0 period=1 timed_us=0
subsystem_time: stage=vm_victim calls=0 timed_calls=0 period=1 timed_us=0
subsystem_time: stage=vm_read calls=0 timed_calls=0 period=1 timed_us=0
subsystem_time: stage=vm_write calls=0 timed_calls=0 period=1 timed_us=0
subsystem_time: stage=tex_hash calls=29103 timed_calls=29103 period=1 timed_us=284873
subsystem_time: stage=tex_lookup calls=29103 timed_calls=29103 period=1 timed_us=5038
subsystem_time: stage=tex_load calls=37 timed_calls=37 period=1 timed_us=2222
subsystem_time: stage=tex_activate calls=29103 timed_calls=29103 period=1 timed_us=14145
subsystem_time: stage=draw_triangles calls=86585 timed_calls=86585 period=1 timed_us=199000
subsystem_time: stage=draw_rect calls=2010 timed_calls=2010 period=1 timed_us=14699
audio_time: stage=resample sampled_calls=132 sampled_samples=17512 sampled_us=742
audio_time: stage=zoh sampled_calls=0 sampled_samples=0 sampled_us=0
audio_time: stage=adpcm sampled_calls=129 sampled_samples=20528 sampled_us=835
audio_time: stage=envmix_exp sampled_calls=127 sampled_samples=16960 sampled_us=1233
audio_time: stage=envmix_ge sampled_calls=0 sampled_samples=0 sampled_us=0
audio_time: stage=envmix_lin sampled_calls=0 sampled_samples=0 sampled_us=0
audio_time: stage=envmix_nead sampled_calls=0 sampled_samples=0 sampled_us=0
audio_time: stage=mix sampled_calls=27 sampled_samples=8640 sampled_us=147
audio_time: stage=musyx_voice sampled_calls=0 sampled_samples=0 sampled_us=0
audio_time: stage=musyx_fx sampled_calls=0 sampled_samples=0 sampled_us=0
audio_time: stage=output sampled_calls=6 sampled_samples=3200 sampled_us=59
game: n=1/3 how=vis vis=900 vi_rate=60 vi0_retrace=316 wall_us=15178321 sleep_us=8026715 avg_vis=58.00 avg_fps=26.29 exceptions=5981 cacheResets=1 recompiles=928 batches=86585 verts=1256625 texStalls=0 treeDepthMax=14 underruns=8 overruns=0 queue_peak_ms=91 dsp_avg=1.47 dsp_peak=1.75 pmc1=5060891645 pmc2=5029640936 pmc3=0 pmc4=0 mmcr0=00000042 mmcr1=00000000 heap_used=10848744 heap_free=34728 arena1_free=573440 arena2_free=577472 flushes=3 flush_us=34153 padtrace=4 rom=sd:/wii64/roms/Super Mario 64.v64
=== chain 1/3 end vis=900 how=vis rom=sd:/wii64/roms/Super Mario 64.v64 ===
mark: pad replay records: 1
mark: loadROM: enter
mark: loadROM: before rom_read
mark: ROMCache_load: enter
mark: ROMCache_load: before first read
mark: ROMCache_load: first read returned
mark: ROMCache_load: byte_swap_type set
mark: ROMCache_load: first byte_swap done
menufps: 0.1
menufps: 8.5
menufps: 8.3
menufps: 8.0
menufps: 8.1
menufps: 8.3
menufps: 8.4
mark: ROMCache_load: loop exited normally
mark: ROMCache_load: elapsed_us=3753075 bytes=16777216 vm=0
mark: loadROM: after rom_read
mark: loadROM: before init_memory
mark: loadROM: after init_memory
mark: loadROM: before romOpen_gfx
mark: loadROM: after romOpen_gfx / before romOpen_audio
mark: loadROM: after romOpen_audio / before romOpen_input
mark: loadROM: after romOpen_input / before cpu_init
mark: loadROM: after cpu_init
menufps: 1.2
fps: 0.5
first_vi: vi0_retrace=1657
vis: 1.3
cpu: exceptions=0 cacheResets=0 batches=0 verts=0 texStalls=0 recompiles=0 underruns=0 overruns=0 sleep_us=0 queue_ms=0
mark: CPU core dispatch: dynarec
vis: 60.0
cpu: exceptions=37 cacheResets=1 batches=0 verts=0 texStalls=0 recompiles=138 underruns=0 overruns=0 sleep_us=55267 queue_ms=0
vis: 60.0
cpu: exceptions=67 cacheResets=1 batches=0 verts=0 texStalls=0 recompiles=138 underruns=0 overruns=0 sleep_us=397744 queue_ms=0
vis: 60.0
cpu: exceptions=368 cacheResets=1 batches=0 verts=0 texStalls=0 recompiles=390 underruns=0 overruns=0 sleep_us=694926 queue_ms=0
vis: 60.0
cpu: exceptions=570 cacheResets=1 batches=0 verts=0 texStalls=0 recompiles=668 underruns=1 overruns=0 sleep_us=1003994 queue_ms=17
fps: 0.4
vis: 60.0
cpu: exceptions=766 cacheResets=1 batches=44 verts=2262 texStalls=0 recompiles=1899 underruns=2 overruns=0 sleep_us=1177248 queue_ms=34
vis: 60.0
cpu: exceptions=919 cacheResets=1 batches=44 verts=2262 texStalls=0 recompiles=1913 underruns=2 overruns=0 sleep_us=1445689 queue_ms=39
fps: 1.3
vis: 60.0
cpu: exceptions=1111 cacheResets=1 batches=523 verts=18168 texStalls=0 recompiles=1998 underruns=2 overruns=0 sleep_us=1723025 queue_ms=43
fps: 30.0
vis: 60.0
cpu: exceptions=1290 cacheResets=1 batches=1367 verts=39522 texStalls=0 recompiles=2005 underruns=2 overruns=0 sleep_us=2011489 queue_ms=48
fps: 30.0
vis: 60.0
cpu: exceptions=1480 cacheResets=1 batches=2414 verts=62094 texStalls=0 recompiles=2008 underruns=2 overruns=0 sleep_us=2289651 queue_ms=52
fps: 29.3
vis: 60.0
cpu: exceptions=1657 cacheResets=1 batches=3477 verts=84762 texStalls=0 recompiles=2009 underruns=2 overruns=0 sleep_us=2569723 queue_ms=30
fps: 30.0
vis: 60.0
cpu: exceptions=1840 cacheResets=1 batches=4530 verts=107034 texStalls=0 recompiles=2011 underruns=2 overruns=0 sleep_us=2849975 queue_ms=34
fps: 30.0
vis: 60.0
cpu: exceptions=2031 cacheResets=1 batches=5594 verts=129078 texStalls=0 recompiles=2028 underruns=2 overruns=0 sleep_us=3125569 queue_ms=30
fps: 30.0
vis: 60.0
cpu: exceptions=2218 cacheResets=1 batches=6620 verts=150894 texStalls=0 recompiles=2028 underruns=2 overruns=0 sleep_us=3409728 queue_ms=35
fps: 30.0
vis: 60.0
cpu: exceptions=2399 cacheResets=1 batches=7874 verts=182286 texStalls=0 recompiles=2030 underruns=2 overruns=0 sleep_us=3663510 queue_ms=39
fps: 29.9
vis: 60.0
cpu: exceptions=2607 cacheResets=1 batches=9515 verts=221466 texStalls=0 recompiles=2035 underruns=2 overruns=0 sleep_us=3880415 queue_ms=30
fps: 30.0
vis: 60.0
cpu: exceptions=2786 cacheResets=1 batches=11160 verts=252474 texStalls=0 recompiles=2046 underruns=2 overruns=0 sleep_us=4113016 queue_ms=26
fps: 30.0
vis: 60.0
cpu: exceptions=2963 cacheResets=1 batches=12648 verts=277062 texStalls=0 recompiles=2062 underruns=2 overruns=0 sleep_us=4377003 queue_ms=31
fps: 30.0
vis: 60.0
cpu: exceptions=3134 cacheResets=1 batches=13893 verts=300192 texStalls=0 recompiles=2062 underruns=2 overruns=0 sleep_us=4660638 queue_ms=35
fps: 30.0
vis: 60.0
cpu: exceptions=3311 cacheResets=1 batches=14955 verts=322224 texStalls=0 recompiles=2063 underruns=2 overruns=0 sleep_us=4952256 queue_ms=40
fps: 30.0
vis: 60.0
cpu: exceptions=3496 cacheResets=1 batches=15990 verts=344094 texStalls=0 recompiles=2063 underruns=2 overruns=0 sleep_us=5237557 queue_ms=44
fps: 30.0
vis: 60.0
cpu: exceptions=3685 cacheResets=1 batches=17051 verts=367944 texStalls=0 recompiles=2063 underruns=2 overruns=0 sleep_us=5512897 queue_ms=27
fps: 29.9
vis: 60.0
cpu: exceptions=3873 cacheResets=1 batches=18373 verts=405216 texStalls=0 recompiles=2063 underruns=2 overruns=0 sleep_us=5758054 queue_ms=31
fps: 30.0
vis: 60.0
cpu: exceptions=4080 cacheResets=1 batches=19710 verts=442578 texStalls=0 recompiles=2071 underruns=2 overruns=0 sleep_us=5998981 queue_ms=36
fps: 29.9
vis: 60.0
cpu: exceptions=4276 cacheResets=1 batches=22471 verts=477696 texStalls=0 recompiles=2080 underruns=2 overruns=0 sleep_us=6211052 queue_ms=40
fps: 29.8
vis: 60.0
cpu: exceptions=4471 cacheResets=1 batches=27669 verts=520134 texStalls=0 recompiles=2080 underruns=2 overruns=0 sleep_us=6382888 queue_ms=44
fps: 30.0
vis: 60.0
cpu: exceptions=4657 cacheResets=1 batches=32960 verts=563130 texStalls=0 recompiles=2080 underruns=2 overruns=0 sleep_us=6560071 queue_ms=27
fps: 30.0
vis: 60.0
cpu: exceptions=4854 cacheResets=1 batches=37986 verts=604536 texStalls=0 recompiles=2082 underruns=2 overruns=0 sleep_us=6747123 queue_ms=32
fps: 30.0
vis: 60.0
cpu: exceptions=5048 cacheResets=1 batches=43113 verts=646548 texStalls=0 recompiles=2082 underruns=2 overruns=0 sleep_us=6932225 queue_ms=36
fps: 30.0
vis: 60.0
cpu: exceptions=5255 cacheResets=1 batches=48350 verts=691956 texStalls=0 recompiles=2082 underruns=2 overruns=0 sleep_us=7094379 queue_ms=40
fps: 29.2
mark: stop reason: chain guest VI limit
mark: stop_it requested
audio: alist_resample_calls=7273 alist_resample_samples=1338232 alist_zoh_calls=0 alist_zoh_samples=0 musyx_subframes=0 musyx_voices=0 musyx_voice_peak=0
audio_stages: adpcm_calls=5684 adpcm_samples=629344 envmix_calls=5654 envmix_samples=1040336 mix_calls=32380 mix_samples=5957920 musyx_fx_calls=0 musyx_fx_taps=0 output_calls=405 output_samples=297160
audio_envmix: exp_calls=0 ge_calls=0 lin_calls=5654 nead_calls=0 exp_steady=0 ge_steady=0 lin_steady=5208
audio_gaps: nead_mats=0 nead_efz=0 resample_flag2=0 musyx_ptr10=0
audio_output: stream_requests=3354 stream_fed=1031 input_hz=21998 playback_hz=21998 queue_peak_ms=81
vm_io: read_ahead=1 reads=0 hits=0 read_bytes=0 writes=0 write_bytes=0 errors=0
subsystem_time: stage=rsp_gfx calls=358 timed_calls=358 period=1 timed_us=1362086
subsystem_time: stage=rsp_audio calls=406 timed_calls=406 period=1 timed_us=306311
subsystem_time: stage=rsp_other calls=0 timed_calls=0 period=1 timed_us=0
subsystem_time: stage=lookup calls=4415535 timed_calls=34767 period=127 timed_us=6259
subsystem_time: stage=compile calls=2083 timed_calls=2083 period=1 timed_us=176997
subsystem_time: stage=dispatch calls=4132094 timed_calls=32536 period=127 timed_us=11722
subsystem_time: stage=execute_inclusive calls=4132094 timed_calls=32536 period=127 timed_us=76341
subsystem_time: stage=rom_copy calls=640 timed_calls=640 period=1 timed_us=14298
subsystem_time: stage=present calls=899 timed_calls=899 period=1 timed_us=61184
subsystem_time: stage=limiter calls=861 timed_calls=861 period=1 timed_us=7282309
subsystem_time: stage=vm_fault calls=0 timed_calls=0 period=1 timed_us=0
subsystem_time: stage=vm_victim calls=0 timed_calls=0 period=1 timed_us=0
subsystem_time: stage=vm_read calls=0 timed_calls=0 period=1 timed_us=0
subsystem_time: stage=vm_write calls=0 timed_calls=0 period=1 timed_us=0
subsystem_time: stage=tex_hash calls=48848 timed_calls=48848 period=1 timed_us=388816
subsystem_time: stage=tex_lookup calls=48848 timed_calls=48848 period=1 timed_us=8061
subsystem_time: stage=tex_load calls=28 timed_calls=28 period=1 timed_us=1993
subsystem_time: stage=tex_activate calls=48848 timed_calls=48848 period=1 timed_us=24802
subsystem_time: stage=draw_triangles calls=52520 timed_calls=52520 period=1 timed_us=188895
subsystem_time: stage=draw_rect calls=0 timed_calls=0 period=1 timed_us=0
audio_time: stage=resample sampled_calls=57 sampled_samples=10488 sampled_us=416
audio_time: stage=zoh sampled_calls=0 sampled_samples=0 sampled_us=0
audio_time: stage=adpcm sampled_calls=44 sampled_samples=4752 sampled_us=207
audio_time: stage=envmix_exp sampled_calls=0 sampled_samples=0 sampled_us=0
audio_time: stage=envmix_ge sampled_calls=0 sampled_samples=0 sampled_us=0
audio_time: stage=envmix_lin sampled_calls=44 sampled_samples=8096 sampled_us=704
audio_time: stage=envmix_nead sampled_calls=0 sampled_samples=0 sampled_us=0
audio_time: stage=mix sampled_calls=254 sampled_samples=46736 sampled_us=756
audio_time: stage=musyx_voice sampled_calls=0 sampled_samples=0 sampled_us=0
audio_time: stage=musyx_fx sampled_calls=0 sampled_samples=0 sampled_us=0
audio_time: stage=output sampled_calls=3 sampled_samples=2208 sampled_us=39
game: n=2/3 how=vis vis=900 vi_rate=60 vi0_retrace=1657 wall_us=15194318 sleep_us=7279606 avg_vis=58.04 avg_fps=26.55 exceptions=5450 cacheResets=1 recompiles=2083 batches=52520 verts=741906 texStalls=0 treeDepthMax=31 underruns=2 overruns=0 queue_peak_ms=52 dsp_avg=1.34 dsp_peak=1.60 pmc1=5500978091 pmc2=5220039390 pmc3=0 pmc4=0 mmcr0=00000042 mmcr1=00000000 heap_used=10926120 heap_free=35176 arena1_free=495616 arena2_free=577472 flushes=4 flush_us=42241 padtrace=0 rom=sd:/wii64/roms/Banjo-Kazooie.V64
=== chain 2/3 end vis=900 how=vis rom=sd:/wii64/roms/Banjo-Kazooie.V64 ===
mark: pad replay records: 1
mark: loadROM: enter
mark: loadROM: before rom_read
mark: ROMCache_load: enter
mark: ROMCache_load: before first read
mark: ROMCache_load: first read returned
mark: ROMCache_load: byte_swap_type set
mark: ROMCache_load: first byte_swap done
menufps: 0.1
menufps: 8.4
menufps: 8.3
menufps: 8.3
menufps: 7.7
menufps: 8.3
menufps: 8.3
mark: ROMCache_load: loop exited normally
mark: ROMCache_load: elapsed_us=3745588 bytes=16777216 vm=0
mark: loadROM: after rom_read
mark: loadROM: before init_memory
mark: loadROM: after init_memory
mark: loadROM: before romOpen_gfx
mark: loadROM: after romOpen_gfx / before romOpen_audio
mark: loadROM: after romOpen_audio / before romOpen_input
mark: loadROM: after romOpen_input / before cpu_init
mark: loadROM: after cpu_init
menufps: 1.2
fps: 0.7
first_vi: vi0_retrace=2998
vis: 3.8
cpu: exceptions=0 cacheResets=0 batches=0 verts=0 texStalls=0 recompiles=0 underruns=0 overruns=0 sleep_us=0 queue_ms=0
mark: CPU core dispatch: dynarec
vis: 60.0
cpu: exceptions=1473 cacheResets=1 batches=0 verts=0 texStalls=0 recompiles=421 underruns=0 overruns=0 sleep_us=142227 queue_ms=148
fps: 3.1
vis: 60.0
cpu: exceptions=2357 cacheResets=1 batches=0 verts=0 texStalls=0 recompiles=425 underruns=0 overruns=0 sleep_us=516346 queue_ms=142
fps: 60.6
vis: 60.0
cpu: exceptions=2627 cacheResets=1 batches=0 verts=0 texStalls=0 recompiles=425 underruns=0 overruns=0 sleep_us=945165 queue_ms=147
fps: 60.0
vis: 60.0
cpu: exceptions=2920 cacheResets=1 batches=0 verts=0 texStalls=0 recompiles=468 underruns=0 overruns=0 sleep_us=1360538 queue_ms=144
vis: 60.0
cpu: exceptions=3300 cacheResets=1 batches=0 verts=0 texStalls=0 recompiles=468 underruns=0 overruns=0 sleep_us=1719183 queue_ms=148
fps: 14.9
vis: 55.4
cpu: exceptions=3639 cacheResets=1 batches=2160 verts=57624 texStalls=0 recompiles=742 underruns=0 overruns=0 sleep_us=1911339 queue_ms=103
fps: 59.5
vis: 60.0
cpu: exceptions=3929 cacheResets=1 batches=8940 verts=235104 texStalls=0 recompiles=763 underruns=0 overruns=0 sleep_us=1990252 queue_ms=108
fps: 60.0
vis: 60.0
cpu: exceptions=4225 cacheResets=1 batches=15711 verts=412530 texStalls=0 recompiles=771 underruns=0 overruns=0 sleep_us=2071844 queue_ms=103
fps: 60.0
vis: 60.0
cpu: exceptions=4524 cacheResets=1 batches=22461 verts=589830 texStalls=0 recompiles=775 underruns=0 overruns=0 sleep_us=2153374 queue_ms=110
fps: 60.0
vis: 60.0
cpu: exceptions=4815 cacheResets=1 batches=29211 verts=767130 texStalls=0 recompiles=775 underruns=0 overruns=0 sleep_us=2237922 queue_ms=105
fps: 60.0
vis: 60.0
cpu: exceptions=5103 cacheResets=1 batches=35961 verts=944430 texStalls=0 recompiles=775 underruns=0 overruns=0 sleep_us=2324753 queue_ms=111
fps: 60.0
vis: 60.0
cpu: exceptions=5398 cacheResets=1 batches=42711 verts=1121730 texStalls=0 recompiles=775 underruns=0 overruns=0 sleep_us=2408301 queue_ms=106
fps: 60.0
vis: 60.0
cpu: exceptions=5684 cacheResets=1 batches=49461 verts=1299030 texStalls=0 recompiles=777 underruns=0 overruns=0 sleep_us=2495314 queue_ms=104
fps: 60.0
vis: 60.0
cpu: exceptions=5978 cacheResets=1 batches=56211 verts=1476330 texStalls=0 recompiles=777 underruns=0 overruns=0 sleep_us=2574681 queue_ms=108
fps: 60.0
vis: 60.0
cpu: exceptions=6276 cacheResets=1 batches=62961 verts=1653630 texStalls=0 recompiles=777 underruns=0 overruns=0 sleep_us=2651997 queue_ms=105
fps: 60.0
vis: 60.0
cpu: exceptions=6571 cacheResets=1 batches=69711 verts=1830930 texStalls=0 recompiles=777 underruns=0 overruns=0 sleep_us=2729781 queue_ms=110
fps: 60.0
vis: 60.0
cpu: exceptions=6869 cacheResets=1 batches=76461 verts=2008230 texStalls=0 recompiles=777 underruns=0 overruns=0 sleep_us=2804588 queue_ms=106
fps: 60.0
vis: 60.0
cpu: exceptions=7161 cacheResets=1 batches=83211 verts=2185530 texStalls=0 recompiles=777 underruns=0 overruns=0 sleep_us=2881346 queue_ms=112
fps: 60.0
vis: 60.0
cpu: exceptions=7453 cacheResets=1 batches=89961 verts=2362830 texStalls=0 recompiles=777 underruns=0 overruns=0 sleep_us=2960534 queue_ms=107
fps: 58.4
vis: 60.0
cpu: exceptions=7742 cacheResets=1 batches=96711 verts=2540130 texStalls=0 recompiles=777 underruns=0 overruns=0 sleep_us=3041383 queue_ms=95
fps: 60.0
vis: 60.0
cpu: exceptions=8032 cacheResets=1 batches=103461 verts=2717430 texStalls=0 recompiles=777 underruns=0 overruns=0 sleep_us=3125512 queue_ms=91
fps: 59.9
vis: 60.0
cpu: exceptions=8329 cacheResets=1 batches=110211 verts=2894730 texStalls=0 recompiles=777 underruns=0 overruns=0 sleep_us=3203321 queue_ms=97
fps: 60.0
vis: 60.0
cpu: exceptions=8623 cacheResets=1 batches=116961 verts=3072030 texStalls=0 recompiles=777 underruns=0 overruns=0 sleep_us=3270362 queue_ms=92
fps: 60.0
vis: 60.0
cpu: exceptions=8934 cacheResets=1 batches=123711 verts=3249330 texStalls=0 recompiles=777 underruns=0 overruns=0 sleep_us=3324759 queue_ms=99
fps: 60.0
vis: 60.0
cpu: exceptions=9252 cacheResets=1 batches=130461 verts=3426630 texStalls=0 recompiles=777 underruns=0 overruns=0 sleep_us=3376383 queue_ms=94
fps: 60.0
vis: 60.0
cpu: exceptions=9571 cacheResets=1 batches=137211 verts=3603930 texStalls=0 recompiles=777 underruns=0 overruns=0 sleep_us=3429666 queue_ms=100
fps: 60.0
vis: 60.0
cpu: exceptions=9884 cacheResets=1 batches=143961 verts=3781230 texStalls=0 recompiles=777 underruns=0 overruns=0 sleep_us=3483942 queue_ms=96
fps: 60.0
vis: 60.0
cpu: exceptions=10193 cacheResets=1 batches=150711 verts=3958530 texStalls=0 recompiles=777 underruns=0 overruns=0 sleep_us=3541048 queue_ms=92
fps: 59.8
vis: 59.9
cpu: exceptions=10506 cacheResets=1 batches=157883 verts=4149348 texStalls=0 recompiles=777 underruns=0 overruns=0 sleep_us=3590761 queue_ms=98
fps: 60.0
vis: 60.0
cpu: exceptions=10815 cacheResets=1 batches=166733 verts=4394238 texStalls=0 recompiles=777 underruns=0 overruns=0 sleep_us=3595768 queue_ms=94
mark: stop reason: chain guest VI limit
mark: stop_it requested
audio: alist_resample_calls=10077 alist_resample_samples=1250096 alist_zoh_calls=0 alist_zoh_samples=0 musyx_subframes=0 musyx_voices=0 musyx_voice_peak=0
audio_stages: adpcm_calls=9759 adpcm_samples=1154016 envmix_calls=10077 envmix_samples=1250096 mix_calls=79024 mix_samples=10544864 musyx_fx_calls=0 musyx_fx_taps=0 output_calls=897 output_samples=478768
audio_envmix: exp_calls=10077 ge_calls=0 lin_calls=0 nead_calls=0 exp_steady=5510 ge_steady=0 lin_steady=0
audio_gaps: nead_mats=0 nead_efz=0 resample_flag2=0 musyx_ptr10=0
audio_output: stream_requests=3315 stream_fed=1655 input_hz=32006 playback_hz=32006 queue_peak_ms=167
vm_io: read_ahead=1 reads=0 hits=0 read_bytes=0 writes=0 write_bytes=0 errors=0
subsystem_time: stage=rsp_gfx calls=810 timed_calls=810 period=1 timed_us=5845883
subsystem_time: stage=rsp_audio calls=898 timed_calls=898 period=1 timed_us=591421
subsystem_time: stage=rsp_other calls=0 timed_calls=0 period=1 timed_us=0
subsystem_time: stage=lookup calls=3610028 timed_calls=28425 period=127 timed_us=4059
subsystem_time: stage=compile calls=777 timed_calls=777 period=1 timed_us=106232
subsystem_time: stage=dispatch calls=3517129 timed_calls=27693 period=127 timed_us=8524
subsystem_time: stage=execute_inclusive calls=3517129 timed_calls=27693 period=127 timed_us=71924
subsystem_time: stage=rom_copy calls=1024 timed_calls=1024 period=1 timed_us=14747
subsystem_time: stage=present calls=899 timed_calls=899 period=1 timed_us=42052
subsystem_time: stage=limiter calls=851 timed_calls=851 period=1 timed_us=3598488
subsystem_time: stage=vm_fault calls=0 timed_calls=0 period=1 timed_us=0
subsystem_time: stage=vm_victim calls=0 timed_calls=0 period=1 timed_us=0
subsystem_time: stage=vm_read calls=0 timed_calls=0 period=1 timed_us=0
subsystem_time: stage=vm_write calls=0 timed_calls=0 period=1 timed_us=0
subsystem_time: stage=tex_hash calls=147492 timed_calls=147492 period=1 timed_us=1559916
subsystem_time: stage=tex_lookup calls=147492 timed_calls=147492 period=1 timed_us=44200
subsystem_time: stage=tex_load calls=136 timed_calls=136 period=1 timed_us=18872
subsystem_time: stage=tex_activate calls=147492 timed_calls=147492 period=1 timed_us=91071
subsystem_time: stage=draw_triangles calls=167028 timed_calls=167028 period=1 timed_us=618998
subsystem_time: stage=draw_rect calls=5440 timed_calls=5440 period=1 timed_us=115214
audio_time: stage=resample sampled_calls=79 sampled_samples=10240 sampled_us=445
audio_time: stage=zoh sampled_calls=0 sampled_samples=0 sampled_us=0
audio_time: stage=adpcm sampled_calls=76 sampled_samples=8016 sampled_us=363
audio_time: stage=envmix_exp sampled_calls=79 sampled_samples=10240 sampled_us=1193
audio_time: stage=envmix_ge sampled_calls=0 sampled_samples=0 sampled_us=0
audio_time: stage=envmix_lin sampled_calls=0 sampled_samples=0 sampled_us=0
audio_time: stage=envmix_nead sampled_calls=0 sampled_samples=0 sampled_us=0
audio_time: stage=mix sampled_calls=622 sampled_samples=83008 sampled_us=1382
audio_time: stage=musyx_voice sampled_calls=0 sampled_samples=0 sampled_us=0
audio_time: stage=musyx_fx sampled_calls=0 sampled_samples=0 sampled_us=0
audio_time: stage=output sampled_calls=7 sampled_samples=3712 sampled_us=69
game: n=3/3 how=vis vis=900 vi_rate=60 vi0_retrace=2998 wall_us=15241411 sleep_us=3595768 avg_vis=58.04 avg_fps=54.37 exceptions=10825 cacheResets=1 recompiles=777 batches=167028 verts=4402401 texStalls=0 treeDepthMax=12 underruns=0 overruns=0 queue_peak_ms=148 dsp_avg=1.60 dsp_peak=1.90 pmc1=8319689005 pmc2=7951956599 pmc3=0 pmc4=0 mmcr0=00000042 mmcr1=00000000 heap_used=10838344 heap_free=159816 arena1_free=458752 arena2_free=577472 flushes=3 flush_us=34441 padtrace=0 rom=sd:/wii64/roms/Pokemon Snap.rom
=== chain 3/3 end vis=900 how=vis rom=sd:/wii64/roms/Pokemon Snap.rom ===
