--- wii64 perf log ---
mark: diag config: wiiload arguments
mark: wiiload dynacore argument received
mark: diag received dynacore line
mark: diag requested core: dynarec
mark: pad replay records: 1
selftest:
  raw[0]=51279412662004072
  raw[1]=51279412662004074
  raw[2]=51279412662004088
  raw[3]=51279412662004100
  raw[4]=51279412662004112
  delta[0]=0us
  delta[1]=0us
  delta[2]=0us
  delta[3]=0us
mark: audio quality: accurate
mark: audio modes: n64=0 output=0 mixer=0 latency=2 sync=0
mark: diag applied core: dynarec
mark: HBC agent ready
mark: loadROM: enter
mark: loadROM: before rom_read
mark: ROMCache_load: enter
menufps: 0.4
mark: ROMCache_load: before first read
mark: ROMCache_load: first read returned
mark: ROMCache_load: byte_swap_type set
mark: ROMCache_load: first byte_swap done
menufps: 0.2
menufps: 7.8
menufps: 8.3
menufps: 8.3
menufps: 8.3
menufps: 8.3
menufps: 8.1
menufps: 2.1
menufps: 1.3
menufps: 1.2
menufps: 1.3
menufps: 1.2
menufps: 1.3
menufps: 1.2
menufps: 3.6
menufps: 8.3
menufps: 7.8
menufps: 8.3
menufps: 8.3
mark: ROMCache_load: loop exited normally
mark: loadROM: after rom_read
mark: loadROM: before init_memory
mark: loadROM: after init_memory
mark: loadROM: before romOpen_gfx
mark: loadROM: after romOpen_gfx / before romOpen_audio
mark: loadROM: after romOpen_audio / before romOpen_input
mark: loadROM: after romOpen_input / before cpu_init
mark: loadROM: after cpu_init
menufps: 5.6
menufps: 0.7
fps: 0.2
first_vi: vi0_retrace=1533
vis: 0.2
cpu: exceptions=0 cacheResets=0 batches=0 verts=0 texStalls=0 recompiles=0 underruns=0 overruns=0 sleep_us=0 queue_ms=0
mark: CPU core dispatch: dynarec
vis: 0.4
cpu: exceptions=2 cacheResets=1 batches=0 verts=0 texStalls=0 recompiles=138 underruns=0 overruns=0 sleep_us=0 queue_ms=0
vis: 50.0
cpu: exceptions=2003 cacheResets=1 batches=0 verts=0 texStalls=0 recompiles=367 underruns=0 overruns=0 sleep_us=419187 queue_ms=0
fps: 0.3
vis: 43.5
cpu: exceptions=2763 cacheResets=1 batches=0 verts=0 texStalls=0 recompiles=777 underruns=1 overruns=0 sleep_us=609703 queue_ms=159
fps: 44.9
vis: 50.0
cpu: exceptions=2984 cacheResets=1 batches=0 verts=0 texStalls=0 recompiles=1244 underruns=1 overruns=0 sleep_us=851721 queue_ms=161
fps: 50.0
vis: 50.0
cpu: exceptions=3126 cacheResets=1 batches=0 verts=0 texStalls=0 recompiles=1253 underruns=1 overruns=0 sleep_us=1250943 queue_ms=172
vis: 50.0
cpu: exceptions=3272 cacheResets=1 batches=0 verts=0 texStalls=0 recompiles=1267 underruns=1 overruns=0 sleep_us=1640413 queue_ms=151
fps: 49.9
vis: 50.0
cpu: exceptions=3432 cacheResets=1 batches=0 verts=0 texStalls=0 recompiles=1269 underruns=1 overruns=0 sleep_us=2014908 queue_ms=168
fps: 50.1
vis: 50.0
cpu: exceptions=3581 cacheResets=1 batches=0 verts=0 texStalls=0 recompiles=1277 underruns=1 overruns=0 sleep_us=2389735 queue_ms=164
fps: 49.8
vis: 50.0
cpu: exceptions=3732 cacheResets=1 batches=0 verts=0 texStalls=0 recompiles=1277 underruns=1 overruns=0 sleep_us=2764972 queue_ms=152
fps: 50.2
vis: 50.0
cpu: exceptions=3879 cacheResets=1 batches=0 verts=0 texStalls=0 recompiles=1278 underruns=1 overruns=0 sleep_us=3149271 queue_ms=160
fps: 49.9
vis: 50.0
cpu: exceptions=4024 cacheResets=1 batches=0 verts=0 texStalls=0 recompiles=1279 underruns=1 overruns=0 sleep_us=3524085 queue_ms=171
fps: 50.1
vis: 50.0
cpu: exceptions=4171 cacheResets=1 batches=0 verts=0 texStalls=0 recompiles=1279 underruns=1 overruns=0 sleep_us=3904299 queue_ms=173
fps: 49.9
vis: 50.0
cpu: exceptions=4330 cacheResets=1 batches=0 verts=0 texStalls=0 recompiles=1280 underruns=1 overruns=0 sleep_us=4283350 queue_ms=152
fps: 50.0
vis: 50.0
cpu: exceptions=4474 cacheResets=1 batches=0 verts=0 texStalls=0 recompiles=1280 underruns=1 overruns=0 sleep_us=4667956 queue_ms=163
fps: 50.0
vis: 50.0
cpu: exceptions=4630 cacheResets=1 batches=0 verts=0 texStalls=0 recompiles=1280 underruns=1 overruns=0 sleep_us=5036943 queue_ms=171
fps: 50.1
vis: 50.0
cpu: exceptions=4769 cacheResets=1 batches=0 verts=0 texStalls=0 recompiles=1283 underruns=1 overruns=0 sleep_us=5410699 queue_ms=182
fps: 49.8
vis: 50.0
cpu: exceptions=4912 cacheResets=1 batches=0 verts=0 texStalls=0 recompiles=1283 underruns=1 overruns=0 sleep_us=5783183 queue_ms=155
fps: 50.2
vis: 50.0
cpu: exceptions=5053 cacheResets=1 batches=0 verts=0 texStalls=0 recompiles=1283 underruns=1 overruns=0 sleep_us=6170692 queue_ms=172
fps: 50.0
vis: 50.0
cpu: exceptions=5199 cacheResets=1 batches=0 verts=0 texStalls=0 recompiles=1283 underruns=1 overruns=0 sleep_us=6554763 queue_ms=174
fps: 48.7
vis: 50.0
cpu: exceptions=5346 cacheResets=1 batches=0 verts=0 texStalls=0 recompiles=1283 underruns=1 overruns=0 sleep_us=6937141 queue_ms=167
fps: 49.8
vis: 50.0
cpu: exceptions=5499 cacheResets=1 batches=0 verts=0 texStalls=0 recompiles=1283 underruns=1 overruns=0 sleep_us=7312901 queue_ms=146
fps: 50.1
vis: 50.0
cpu: exceptions=5640 cacheResets=1 batches=0 verts=0 texStalls=0 recompiles=1283 underruns=1 overruns=0 sleep_us=7696693 queue_ms=157
fps: 50.0
vis: 50.0
cpu: exceptions=5786 cacheResets=1 batches=0 verts=0 texStalls=0 recompiles=1283 underruns=1 overruns=0 sleep_us=8076979 queue_ms=164
fps: 50.1
vis: 50.0
cpu: exceptions=5937 cacheResets=1 batches=0 verts=0 texStalls=0 recompiles=1283 underruns=1 overruns=0 sleep_us=8458067 queue_ms=175
fps: 49.8
vis: 50.0
cpu: exceptions=6087 cacheResets=1 batches=0 verts=0 texStalls=0 recompiles=1283 underruns=1 overruns=0 sleep_us=8825931 queue_ms=149
fps: 50.1
vis: 50.0
cpu: exceptions=6236 cacheResets=1 batches=0 verts=0 texStalls=0 recompiles=1283 underruns=1 overruns=0 sleep_us=9208230 queue_ms=165
fps: 49.9
vis: 50.0
cpu: exceptions=6388 cacheResets=1 batches=0 verts=0 texStalls=0 recompiles=1283 underruns=1 overruns=0 sleep_us=9582114 queue_ms=173
fps: 50.2
vis: 50.0
cpu: exceptions=6531 cacheResets=1 batches=0 verts=0 texStalls=0 recompiles=1283 underruns=1 overruns=0 sleep_us=9958174 queue_ms=178
fps: 49.9
vis: 50.0
cpu: exceptions=6686 cacheResets=1 batches=0 verts=0 texStalls=0 recompiles=1283 underruns=1 overruns=0 sleep_us=10323188 queue_ms=157
fps: 50.1
vis: 50.0
cpu: exceptions=6827 cacheResets=1 batches=0 verts=0 texStalls=0 recompiles=1283 underruns=1 overruns=0 sleep_us=10693987 queue_ms=174
fps: 49.8
vis: 50.0
cpu: exceptions=6975 cacheResets=1 batches=0 verts=0 texStalls=0 recompiles=1283 underruns=1 overruns=0 sleep_us=11054620 queue_ms=176
vis: 50.0
cpu: exceptions=7115 cacheResets=1 batches=0 verts=0 texStalls=0 recompiles=1283 underruns=1 overruns=0 sleep_us=11422659 queue_ms=178
fps: 50.2
vis: 50.0
cpu: exceptions=7273 cacheResets=1 batches=0 verts=0 texStalls=0 recompiles=1283 underruns=1 overruns=0 sleep_us=11794894 queue_ms=189
fps: 50.1
vis: 50.0
cpu: exceptions=7436 cacheResets=1 batches=0 verts=0 texStalls=0 recompiles=1286 underruns=1 overruns=0 sleep_us=12168811 queue_ms=168
fps: 49.8
vis: 50.0
cpu: exceptions=7596 cacheResets=1 batches=0 verts=0 texStalls=0 recompiles=1286 underruns=1 overruns=0 sleep_us=12533242 queue_ms=185
fps: 49.9
vis: 50.0
cpu: exceptions=7745 cacheResets=1 batches=0 verts=0 texStalls=0 recompiles=1286 underruns=1 overruns=0 sleep_us=12904383 queue_ms=181
fps: 50.1
mark: stop reason: chain guest VI limit
mark: stop_it requested
vis: 48.7
cpu: exceptions=7904 cacheResets=1 batches=0 verts=0 texStalls=0 recompiles=1286 underruns=1 overruns=0 sleep_us=13262288 queue_ms=151
audio: alist_resample_calls=29202 alist_resample_samples=5373168 alist_zoh_calls=0 alist_zoh_samples=0 musyx_subframes=0 musyx_voices=0 musyx_voice_peak=0
audio_stages: adpcm_calls=30702 adpcm_samples=5024896 envmix_calls=29202 envmix_samples=5373168 mix_calls=30350 mix_samples=5584400 musyx_fx_calls=0 musyx_fx_taps=0 output_calls=652 output_samples=557520
audio_envmix: exp_calls=0 ge_calls=0 lin_calls=29202 nead_calls=0 exp_steady=0 ge_steady=0 lin_steady=16497
audio_gaps: nead_mats=0 nead_efz=0 resample_flag2=0 musyx_ptr10=0
audio_output: stream_requests=5007 stream_fed=1919 input_hz=31995 playback_hz=31995 queue_peak_ms=213
vm_io: read_ahead=0 reads=292 hits=0 read_bytes=1196032 writes=292 write_bytes=1196032 errors=0
subsystem_time: stage=rsp_gfx calls=852 timed_calls=852 period=1 timed_us=777992
subsystem_time: stage=rsp_audio calls=653 timed_calls=653 period=1 timed_us=1139377
subsystem_time: stage=rsp_other calls=0 timed_calls=0 period=1 timed_us=0
subsystem_time: stage=lookup calls=1674555 timed_calls=13185 period=127 timed_us=3005
subsystem_time: stage=compile calls=1286 timed_calls=1286 period=1 timed_us=81123
subsystem_time: stage=dispatch calls=1671999 timed_calls=13165 period=127 timed_us=5349
subsystem_time: stage=execute_inclusive calls=1671999 timed_calls=13165 period=127 timed_us=171224
subsystem_time: stage=rom_copy calls=940 timed_calls=940 period=1 timed_us=2588787
subsystem_time: stage=present calls=899 timed_calls=899 period=1 timed_us=20066
subsystem_time: stage=limiter calls=880 timed_calls=880 period=1 timed_us=13264954
subsystem_time: stage=vm_fault calls=292 timed_calls=292 period=1 timed_us=2566003
subsystem_time: stage=vm_victim calls=292 timed_calls=292 period=1 timed_us=293
subsystem_time: stage=vm_read calls=292 timed_calls=292 period=1 timed_us=1634518
subsystem_time: stage=vm_write calls=292 timed_calls=292 period=1 timed_us=930939
audio_time: stage=resample sampled_calls=229 sampled_samples=42136 sampled_us=1659
audio_time: stage=zoh sampled_calls=0 sampled_samples=0 sampled_us=0
audio_time: stage=adpcm sampled_calls=241 sampled_samples=40144 sampled_us=1650
audio_time: stage=envmix_exp sampled_calls=0 sampled_samples=0 sampled_us=0
audio_time: stage=envmix_ge sampled_calls=0 sampled_samples=0 sampled_us=0
audio_time: stage=envmix_lin sampled_calls=229 sampled_samples=42136 sampled_us=4276
audio_time: stage=envmix_nead sampled_calls=0 sampled_samples=0 sampled_us=0
audio_time: stage=mix sampled_calls=238 sampled_samples=43792 sampled_us=734
audio_time: stage=musyx_voice sampled_calls=0 sampled_samples=0 sampled_us=0
audio_time: stage=musyx_fx sampled_calls=0 sampled_samples=0 sampled_us=0
audio_time: stage=output sampled_calls=5 sampled_samples=4232 sampled_us=65
game: n=1/3 how=vis vis=900 vi_rate=50 vi0_retrace=1533 wall_us=20630215 sleep_us=13262288 avg_vis=47.18 avg_fps=46.88 exceptions=7905 cacheResets=1 recompiles=1286 batches=0 verts=0 texStalls=0 treeDepthMax=18 underruns=1 overruns=0 queue_peak_ms=189 dsp_avg=1.48 dsp_peak=1.60 pmc1=3383679170 pmc2=3290311090 pmc3=0 pmc4=0 mmcr0=00000042 mmcr1=00000000 heap_used=10865728 heap_free=35496 arena1_free=561152 arena2_free=577472 flushes=3 flush_us=32441 padtrace=4 rom=sd:/wii64/roms/Mario Party 3 (E) (M4) [!].z64
=== chain 1/3 end vis=900 how=vis rom=sd:/wii64/roms/Mario Party 3 (E) (M4) [!].z64 ===
mark: pad replay records: 1
mark: loadROM: enter
mark: loadROM: before rom_read
mark: ROMCache_load: enter
mark: ROMCache_load: before first read
mark: ROMCache_load: first read returned
mark: ROMCache_load: byte_swap_type set
mark: ROMCache_load: first byte_swap done
menufps: 0.0
menufps: 8.4
menufps: 8.3
menufps: 8.1
menufps: 8.1
menufps: 8.4
menufps: 7.8
menufps: 1.2
menufps: 1.3
menufps: 1.2
menufps: 1.2
menufps: 1.3
menufps: 1.2
menufps: 1.2
menufps: 3.6
menufps: 8.1
menufps: 8.2
menufps: 8.3
menufps: 8.1
mark: ROMCache_load: loop exited normally
mark: loadROM: after rom_read
mark: loadROM: before init_memory
mark: loadROM: after init_memory
mark: loadROM: before romOpen_gfx
mark: loadROM: after romOpen_gfx / before romOpen_audio
mark: loadROM: after romOpen_audio / before romOpen_input
mark: loadROM: after romOpen_input / before cpu_init
mark: loadROM: after cpu_init
menufps: 1.2
fps: 1.3
first_vi: vi0_retrace=3736
vis: 0.1
cpu: exceptions=0 cacheResets=0 batches=0 verts=0 texStalls=0 recompiles=0 underruns=0 overruns=0 sleep_us=0 queue_ms=0
mark: CPU core dispatch: dynarec
vis: 0.4
cpu: exceptions=1 cacheResets=1 batches=0 verts=0 texStalls=0 recompiles=75 underruns=0 overruns=0 sleep_us=0 queue_ms=0
vis: 60.0
cpu: exceptions=85 cacheResets=1 batches=0 verts=0 texStalls=0 recompiles=242 underruns=2 overruns=0 sleep_us=313327 queue_ms=17
vis: 60.0
cpu: exceptions=215 cacheResets=1 batches=0 verts=0 texStalls=0 recompiles=373 underruns=2 overruns=0 sleep_us=718705 queue_ms=17
vis: 60.0
cpu: exceptions=317 cacheResets=1 batches=0 verts=0 texStalls=0 recompiles=452 underruns=2 overruns=0 sleep_us=1065817 queue_ms=17
vis: 56.7
cpu: exceptions=1399 cacheResets=1 batches=0 verts=0 texStalls=0 recompiles=713 underruns=3 overruns=0 sleep_us=1179609 queue_ms=74
vis: 25.0
cpu: exceptions=1915 cacheResets=1 batches=0 verts=0 texStalls=0 recompiles=716 underruns=5 overruns=0 sleep_us=1187201 queue_ms=13
vis: 47.5
cpu: exceptions=2456 cacheResets=1 batches=0 verts=0 texStalls=0 recompiles=785 underruns=10 overruns=0 sleep_us=1431773 queue_ms=4
fps: 0.2
vis: 57.8
cpu: exceptions=6841 cacheResets=1 batches=3 verts=378 texStalls=0 recompiles=1178 underruns=16 overruns=0 sleep_us=1431773 queue_ms=165
vis: 60.0
cpu: exceptions=6987 cacheResets=1 batches=18 verts=2268 texStalls=0 recompiles=1178 underruns=16 overruns=0 sleep_us=1869005 queue_ms=165
fps: 34.9
vis: 60.0
cpu: exceptions=7134 cacheResets=1 batches=33 verts=4158 texStalls=0 recompiles=1178 underruns=16 overruns=0 sleep_us=2306109 queue_ms=152
fps: 30.0
vis: 60.0
cpu: exceptions=7281 cacheResets=1 batches=48 verts=6048 texStalls=0 recompiles=1178 underruns=16 overruns=0 sleep_us=2743593 queue_ms=161
fps: 30.0
vis: 60.0
cpu: exceptions=7428 cacheResets=1 batches=63 verts=7938 texStalls=0 recompiles=1178 underruns=16 overruns=0 sleep_us=3180650 queue_ms=161
fps: 30.0
vis: 60.0
cpu: exceptions=7576 cacheResets=1 batches=78 verts=9828 texStalls=0 recompiles=1178 underruns=16 overruns=0 sleep_us=3617664 queue_ms=156
fps: 30.0
vis: 60.0
cpu: exceptions=7722 cacheResets=1 batches=93 verts=11718 texStalls=0 recompiles=1178 underruns=16 overruns=0 sleep_us=4055083 queue_ms=156
fps: 30.0
vis: 60.0
cpu: exceptions=7869 cacheResets=1 batches=108 verts=13608 texStalls=0 recompiles=1178 underruns=16 overruns=0 sleep_us=4492102 queue_ms=156
fps: 30.0
vis: 60.0
cpu: exceptions=8017 cacheResets=1 batches=123 verts=15498 texStalls=0 recompiles=1179 underruns=16 overruns=0 sleep_us=4931565 queue_ms=165
fps: 30.0
vis: 60.0
cpu: exceptions=8163 cacheResets=1 batches=138 verts=17388 texStalls=0 recompiles=1179 underruns=16 overruns=0 sleep_us=5382691 queue_ms=152
fps: 30.0
vis: 60.0
cpu: exceptions=8310 cacheResets=1 batches=153 verts=19278 texStalls=0 recompiles=1179 underruns=16 overruns=0 sleep_us=5833385 queue_ms=152
fps: 30.0
vis: 60.0
cpu: exceptions=8458 cacheResets=1 batches=168 verts=21168 texStalls=0 recompiles=1179 underruns=16 overruns=0 sleep_us=6284070 queue_ms=161
fps: 30.0
vis: 60.0
cpu: exceptions=8604 cacheResets=1 batches=183 verts=23058 texStalls=0 recompiles=1179 underruns=16 overruns=0 sleep_us=6735186 queue_ms=148
fps: 30.0
vis: 60.0
cpu: exceptions=8752 cacheResets=1 batches=198 verts=24948 texStalls=0 recompiles=1179 underruns=16 overruns=0 sleep_us=7185878 queue_ms=156
fps: 29.2
vis: 60.0
cpu: exceptions=8897 cacheResets=1 batches=213 verts=26838 texStalls=0 recompiles=1179 underruns=16 overruns=0 sleep_us=7636953 queue_ms=143
fps: 30.0
vis: 60.0
cpu: exceptions=9044 cacheResets=1 batches=228 verts=28728 texStalls=0 recompiles=1179 underruns=16 overruns=0 sleep_us=8087661 queue_ms=143
fps: 30.0
vis: 60.0
cpu: exceptions=9192 cacheResets=1 batches=243 verts=30618 texStalls=0 recompiles=1179 underruns=16 overruns=0 sleep_us=8538215 queue_ms=139
fps: 30.0
vis: 60.0
cpu: exceptions=9338 cacheResets=1 batches=258 verts=32508 texStalls=0 recompiles=1179 underruns=16 overruns=0 sleep_us=8991387 queue_ms=139
fps: 30.0
vis: 60.0
cpu: exceptions=9485 cacheResets=1 batches=273 verts=34398 texStalls=0 recompiles=1179 underruns=16 overruns=0 sleep_us=9442946 queue_ms=139
fps: 30.0
vis: 60.0
cpu: exceptions=9633 cacheResets=1 batches=288 verts=36288 texStalls=0 recompiles=1179 underruns=16 overruns=0 sleep_us=9894534 queue_ms=134
fps: 30.0
vis: 60.0
cpu: exceptions=9779 cacheResets=1 batches=303 verts=38178 texStalls=0 recompiles=1179 underruns=16 overruns=0 sleep_us=10346562 queue_ms=134
fps: 30.0
vis: 60.0
cpu: exceptions=9927 cacheResets=1 batches=318 verts=40068 texStalls=0 recompiles=1179 underruns=16 overruns=0 sleep_us=10798058 queue_ms=143
fps: 30.0
vis: 60.0
cpu: exceptions=10074 cacheResets=1 batches=333 verts=41958 texStalls=0 recompiles=1179 underruns=16 overruns=0 sleep_us=11249649 queue_ms=143
fps: 30.0
vis: 60.0
cpu: exceptions=10220 cacheResets=1 batches=348 verts=43848 texStalls=0 recompiles=1179 underruns=16 overruns=0 sleep_us=11701633 queue_ms=130
fps: 30.0
mark: stop reason: chain guest VI limit
mark: stop_it requested
audio: alist_resample_calls=0 alist_resample_samples=0 alist_zoh_calls=0 alist_zoh_samples=0 musyx_subframes=1679 musyx_voices=0 musyx_voice_peak=0
audio_stages: adpcm_calls=0 adpcm_samples=0 envmix_calls=0 envmix_samples=0 mix_calls=0 mix_samples=0 musyx_fx_calls=1610 musyx_fx_taps=3220 output_calls=1686 output_samples=323712
audio_envmix: exp_calls=0 ge_calls=0 lin_calls=0 nead_calls=0 exp_steady=0 ge_steady=0 lin_steady=0
audio_gaps: nead_mats=0 nead_efz=0 resample_flag2=0 musyx_ptr10=0
audio_output: stream_requests=4084 stream_fed=1114 input_hz=22047 playback_hz=22047 queue_peak_ms=187
vm_io: read_ahead=0 reads=371 hits=0 read_bytes=1519616 writes=371 write_bytes=1519616 errors=0
subsystem_time: stage=rsp_gfx calls=358 timed_calls=358 period=1 timed_us=506424
subsystem_time: stage=rsp_audio calls=439 timed_calls=439 period=1 timed_us=46228
subsystem_time: stage=rsp_other calls=0 timed_calls=0 period=1 timed_us=0
subsystem_time: stage=lookup calls=829378 timed_calls=6530 period=127 timed_us=1274
subsystem_time: stage=compile calls=1179 timed_calls=1179 period=1 timed_us=71718
subsystem_time: stage=dispatch calls=827275 timed_calls=6513 period=127 timed_us=3191
subsystem_time: stage=execute_inclusive calls=827275 timed_calls=6513 period=127 timed_us=86428
subsystem_time: stage=rom_copy calls=4991 timed_calls=4991 period=1 timed_us=3264337
subsystem_time: stage=present calls=899 timed_calls=899 period=1 timed_us=65868
subsystem_time: stage=limiter calls=831 timed_calls=831 period=1 timed_us=11988819
subsystem_time: stage=vm_fault calls=371 timed_calls=371 period=1 timed_us=3251439
subsystem_time: stage=vm_victim calls=371 timed_calls=371 period=1 timed_us=389
subsystem_time: stage=vm_read calls=371 timed_calls=371 period=1 timed_us=2067197
subsystem_time: stage=vm_write calls=371 timed_calls=371 period=1 timed_us=1183425
audio_time: stage=resample sampled_calls=0 sampled_samples=0 sampled_us=0
audio_time: stage=zoh sampled_calls=0 sampled_samples=0 sampled_us=0
audio_time: stage=adpcm sampled_calls=0 sampled_samples=0 sampled_us=0
audio_time: stage=envmix_exp sampled_calls=0 sampled_samples=0 sampled_us=0
audio_time: stage=envmix_ge sampled_calls=0 sampled_samples=0 sampled_us=0
audio_time: stage=envmix_lin sampled_calls=0 sampled_samples=0 sampled_us=0
audio_time: stage=envmix_nead sampled_calls=0 sampled_samples=0 sampled_us=0
audio_time: stage=mix sampled_calls=0 sampled_samples=0 sampled_us=0
audio_time: stage=musyx_voice sampled_calls=0 sampled_samples=0 sampled_us=0
audio_time: stage=musyx_fx sampled_calls=12 sampled_samples=24 sampled_us=241
audio_time: stage=output sampled_calls=13 sampled_samples=2496 sampled_us=54
game: n=2/3 how=vis vis=900 vi_rate=60 vi0_retrace=3736 wall_us=18076121 sleep_us=11986497 avg_vis=54.61 avg_fps=27.82 exceptions=10320 cacheResets=1 recompiles=1179 batches=358 verts=45108 texStalls=0 treeDepthMax=19 underruns=16 overruns=0 queue_peak_ms=165 dsp_avg=1.38 dsp_peak=1.70 pmc1=1935327326 pmc2=2072364769 pmc3=0 pmc4=0 mmcr0=00000042 mmcr1=00000000 heap_used=10857280 heap_free=43944 arena1_free=561152 arena2_free=577472 flushes=4 flush_us=46246 padtrace=0 rom=sd:/wii64/roms/007 - The World Is Not Enough (USA).z64
=== chain 2/3 end vis=900 how=vis rom=sd:/wii64/roms/007 - The World Is Not Enough (USA).z64 ===
mark: pad replay records: 1
mark: loadROM: enter
mark: loadROM: before rom_read
mark: ROMCache_load: enter
mark: ROMCache_load: before first read
mark: ROMCache_load: first read returned
mark: ROMCache_load: byte_swap_type set
mark: ROMCache_load: first byte_swap done
menufps: 0.1
menufps: 7.9
menufps: 8.3
menufps: 8.3
menufps: 8.3
menufps: 8.1
menufps: 8.1
menufps: 2.1
menufps: 1.2
menufps: 1.3
menufps: 1.3
menufps: 1.3
menufps: 1.3
menufps: 1.3
menufps: 3.7
menufps: 7.9
menufps: 8.3
menufps: 8.0
menufps: 8.3
mark: ROMCache_load: loop exited normally
mark: loadROM: after rom_read
mark: loadROM: before init_memory
mark: loadROM: after init_memory
mark: loadROM: before romOpen_gfx
mark: loadROM: after romOpen_gfx / before romOpen_audio
mark: loadROM: after romOpen_audio / before romOpen_input
mark: loadROM: after romOpen_input / before cpu_init
mark: loadROM: after cpu_init
menufps: 5.5
menufps: 0.7
first_vi: vi0_retrace=5783
mark: CPU core dispatch: dynarec
vis: 0.4
cpu: exceptions=3 cacheResets=1 batches=0 verts=0 texStalls=0 recompiles=68 underruns=0 overruns=0 sleep_us=0 queue_ms=0
vis: 60.0
cpu: exceptions=34 cacheResets=1 batches=0 verts=0 texStalls=0 recompiles=82 underruns=0 overruns=0 sleep_us=347021 queue_ms=0
vis: 60.0
cpu: exceptions=64 cacheResets=1 batches=0 verts=0 texStalls=0 recompiles=82 underruns=0 overruns=0 sleep_us=715974 queue_ms=0
vis: 60.0
cpu: exceptions=94 cacheResets=1 batches=0 verts=0 texStalls=0 recompiles=82 underruns=0 overruns=0 sleep_us=1083919 queue_ms=0
vis: 60.0
cpu: exceptions=207 cacheResets=1 batches=0 verts=0 texStalls=0 recompiles=182 underruns=0 overruns=0 sleep_us=1399126 queue_ms=0
vis: 60.0
cpu: exceptions=247 cacheResets=1 batches=0 verts=0 texStalls=0 recompiles=188 underruns=0 overruns=0 sleep_us=1746508 queue_ms=0
vis: 60.0
cpu: exceptions=289 cacheResets=1 batches=0 verts=0 texStalls=0 recompiles=188 underruns=0 overruns=0 sleep_us=2088375 queue_ms=0
vis: 60.0
cpu: exceptions=319 cacheResets=1 batches=0 verts=0 texStalls=0 recompiles=188 underruns=0 overruns=0 sleep_us=2428037 queue_ms=0
vis: 60.0
cpu: exceptions=396 cacheResets=1 batches=0 verts=0 texStalls=0 recompiles=314 underruns=2 overruns=0 sleep_us=2846132 queue_ms=24
vis: 60.0
cpu: exceptions=473 cacheResets=1 batches=0 verts=0 texStalls=0 recompiles=323 underruns=2 overruns=0 sleep_us=3297528 queue_ms=15
vis: 60.0
cpu: exceptions=548 cacheResets=1 batches=0 verts=0 texStalls=0 recompiles=323 underruns=2 overruns=0 sleep_us=3753295 queue_ms=6
vis: 49.7
cpu: exceptions=725 cacheResets=1 batches=0 verts=0 texStalls=0 recompiles=434 underruns=4 overruns=0 sleep_us=3906447 queue_ms=9
vis: 59.9
cpu: exceptions=932 cacheResets=1 batches=0 verts=0 texStalls=0 recompiles=434 underruns=6 overruns=0 sleep_us=3927275 queue_ms=66
vis: 60.0
cpu: exceptions=1125 cacheResets=1 batches=0 verts=0 texStalls=0 recompiles=448 underruns=6 overruns=0 sleep_us=4123192 queue_ms=57
vis: 52.8
cpu: exceptions=1372 cacheResets=1 batches=0 verts=0 texStalls=0 recompiles=484 underruns=7 overruns=0 sleep_us=4351514 queue_ms=2
fps: 0.1
vis: 60.0
cpu: exceptions=1640 cacheResets=1 batches=473 verts=6780 texStalls=0 recompiles=1251 underruns=10 overruns=0 sleep_us=4431544 queue_ms=124
fps: 32.4
vis: 60.0
cpu: exceptions=1916 cacheResets=1 batches=1358 verts=19110 texStalls=0 recompiles=1255 underruns=10 overruns=0 sleep_us=4782631 queue_ms=128
fps: 28.0
vis: 60.0
cpu: exceptions=2193 cacheResets=1 batches=2243 verts=31440 texStalls=0 recompiles=1276 underruns=10 overruns=0 sleep_us=5091415 queue_ms=120
fps: 32.0
vis: 60.0
cpu: exceptions=2469 cacheResets=1 batches=3128 verts=43770 texStalls=0 recompiles=1279 underruns=10 overruns=0 sleep_us=5452361 queue_ms=124
fps: 30.0
vis: 60.0
cpu: exceptions=2744 cacheResets=1 batches=4013 verts=56100 texStalls=0 recompiles=1280 underruns=10 overruns=0 sleep_us=5813698 queue_ms=128
fps: 30.0
vis: 60.0
cpu: exceptions=3028 cacheResets=1 batches=4898 verts=68430 texStalls=0 recompiles=1300 underruns=10 overruns=0 sleep_us=6164181 queue_ms=120
fps: 30.0
vis: 60.0
cpu: exceptions=3309 cacheResets=1 batches=5783 verts=80760 texStalls=0 recompiles=1300 underruns=10 overruns=0 sleep_us=6511294 queue_ms=124
fps: 30.0
vis: 60.0
cpu: exceptions=3592 cacheResets=1 batches=6668 verts=93090 texStalls=0 recompiles=1300 underruns=10 overruns=0 sleep_us=6861591 queue_ms=128
fps: 30.0
vis: 60.0
cpu: exceptions=3873 cacheResets=1 batches=7553 verts=105420 texStalls=0 recompiles=1351 underruns=10 overruns=0 sleep_us=7211525 queue_ms=133
fps: 30.0
vis: 60.0
cpu: exceptions=4172 cacheResets=1 batches=7931 verts=111510 texStalls=0 recompiles=1366 underruns=10 overruns=0 sleep_us=7583419 queue_ms=124
fps: 30.0
vis: 60.0
cpu: exceptions=4326 cacheResets=1 batches=8071 verts=113904 texStalls=0 recompiles=1377 underruns=10 overruns=0 sleep_us=7952688 queue_ms=128
fps: 29.9
vis: 60.0
cpu: exceptions=4474 cacheResets=1 batches=8422 verts=137499 texStalls=0 recompiles=1383 underruns=10 overruns=0 sleep_us=8302584 queue_ms=133
fps: 30.0
vis: 60.0
cpu: exceptions=4621 cacheResets=1 batches=8827 verts=164724 texStalls=0 recompiles=1384 underruns=10 overruns=0 sleep_us=8662483 queue_ms=137
fps: 30.0
vis: 60.0
cpu: exceptions=4765 cacheResets=1 batches=9232 verts=191949 texStalls=0 recompiles=1387 underruns=10 overruns=0 sleep_us=9030334 queue_ms=128
fps: 30.0
vis: 60.0
cpu: exceptions=4915 cacheResets=1 batches=9637 verts=219174 texStalls=0 recompiles=1387 underruns=10 overruns=0 sleep_us=9397054 queue_ms=133
fps: 29.2
vis: 60.0
cpu: exceptions=5065 cacheResets=1 batches=10042 verts=246399 texStalls=0 recompiles=1389 underruns=10 overruns=0 sleep_us=9759870 queue_ms=124
mark: stop reason: chain guest VI limit
mark: stop_it requested
audio: alist_resample_calls=11186 alist_resample_samples=2058224 alist_zoh_calls=0 alist_zoh_samples=0 musyx_subframes=0 musyx_voices=0 musyx_voice_peak=0
audio_stages: adpcm_calls=6590 adpcm_samples=722912 envmix_calls=8440 envmix_samples=1552960 mix_calls=54920 mix_samples=10105280 musyx_fx_calls=0 musyx_fx_taps=0 output_calls=342 output_samples=251896
audio_envmix: exp_calls=0 ge_calls=0 lin_calls=8440 nead_calls=0 exp_steady=0 ge_steady=0 lin_steady=7902
audio_gaps: nead_mats=0 nead_efz=0 resample_flag2=0 musyx_ptr10=0
audio_output: stream_requests=5449 stream_fed=866 input_hz=22047 playback_hz=22047 queue_peak_ms=169
vm_io: read_ahead=0 reads=335 hits=0 read_bytes=1372160 writes=335 write_bytes=1372160 errors=0
subsystem_time: stage=rsp_gfx calls=238 timed_calls=238 period=1 timed_us=293897
subsystem_time: stage=rsp_audio calls=343 timed_calls=343 period=1 timed_us=471672
subsystem_time: stage=rsp_other calls=1 timed_calls=1 period=1 timed_us=4
subsystem_time: stage=lookup calls=1605996 timed_calls=12645 period=127 timed_us=2288
subsystem_time: stage=compile calls=1389 timed_calls=1389 period=1 timed_us=203201
subsystem_time: stage=dispatch calls=1604421 timed_calls=12633 period=127 timed_us=5534
subsystem_time: stage=execute_inclusive calls=1604421 timed_calls=12633 period=127 timed_us=109884
subsystem_time: stage=rom_copy calls=1048 timed_calls=1048 period=1 timed_us=2946285
subsystem_time: stage=present calls=899 timed_calls=899 period=1 timed_us=239848
subsystem_time: stage=limiter calls=824 timed_calls=824 period=1 timed_us=9796835
subsystem_time: stage=vm_fault calls=335 timed_calls=335 period=1 timed_us=2924427
subsystem_time: stage=vm_victim calls=335 timed_calls=335 period=1 timed_us=365
subsystem_time: stage=vm_read calls=335 timed_calls=335 period=1 timed_us=1851162
subsystem_time: stage=vm_write calls=335 timed_calls=335 period=1 timed_us=1072446
audio_time: stage=resample sampled_calls=88 sampled_samples=16192 sampled_us=637
audio_time: stage=zoh sampled_calls=0 sampled_samples=0 sampled_us=0
audio_time: stage=adpcm sampled_calls=51 sampled_samples=5680 sampled_us=245
audio_time: stage=envmix_exp sampled_calls=0 sampled_samples=0 sampled_us=0
audio_time: stage=envmix_ge sampled_calls=0 sampled_samples=0 sampled_us=0
audio_time: stage=envmix_lin sampled_calls=66 sampled_samples=12144 sampled_us=1000
audio_time: stage=envmix_nead sampled_calls=0 sampled_samples=0 sampled_us=0
audio_time: stage=mix sampled_calls=432 sampled_samples=79488 sampled_us=1308
audio_time: stage=musyx_voice sampled_calls=0 sampled_samples=0 sampled_us=0
audio_time: stage=musyx_fx sampled_calls=0 sampled_samples=0 sampled_us=0
audio_time: stage=output sampled_calls=2 sampled_samples=1472 sampled_us=32
game: n=3/3 how=vis vis=900 vi_rate=60 vi0_retrace=5783 wall_us=17710638 sleep_us=9794698 avg_vis=57.51 avg_fps=28.24 exceptions=5086 cacheResets=1 recompiles=1389 batches=10096 verts=250029 texStalls=0 treeDepthMax=15 underruns=10 overruns=0 queue_peak_ms=137 dsp_avg=1.35 dsp_peak=1.80 pmc1=3511022007 pmc2=3704331116 pmc3=0 pmc4=0 mmcr0=00000042 mmcr1=00000000 heap_used=10881088 heap_free=36520 arena1_free=544768 arena2_free=577472 flushes=4 flush_us=38465 padtrace=0 rom=sd:/wii64/roms/Donkey Kong 64 (USA).z64
=== chain 3/3 end vis=900 how=vis rom=sd:/wii64/roms/Donkey Kong 64 (USA).z64 ===
