--- wii64 perf log ---
mark: diag config: wiiload arguments
mark: wiiload dynacore argument received
mark: diag received dynacore line
mark: diag requested core: dynarec
mark: pad replay records: 1
selftest:
  raw[0]=51279596733847938
  raw[1]=51279596733847942
  raw[2]=51279596733847958
  raw[3]=51279596733847970
  raw[4]=51279596733847982
  delta[0]=0us
  delta[1]=0us
  delta[2]=0us
  delta[3]=0us
mark: audio quality: accurate
mark: audio modes: n64=0 output=0 mixer=0 latency=2 sync=0
mark: diag applied core: dynarec
mark: HBC agent ready
mark: loadROM: enter
mark: loadROM: before rom_read
mark: ROMCache_load: enter
menufps: 0.4
mark: ROMCache_load: before first read
mark: ROMCache_load: first read returned
mark: ROMCache_load: byte_swap_type set
mark: ROMCache_load: first byte_swap done
menufps: 0.2
menufps: 8.2
menufps: 2.7
menufps: 8.3
menufps: 8.1
menufps: 8.4
menufps: 8.3
menufps: 2.9
menufps: 1.2
menufps: 1.3
menufps: 1.3
menufps: 1.3
menufps: 1.3
menufps: 1.2
menufps: 3.7
menufps: 8.1
menufps: 8.1
menufps: 8.1
menufps: 8.3
mark: ROMCache_load: loop exited normally
mark: loadROM: after rom_read
mark: loadROM: before init_memory
mark: loadROM: after init_memory
mark: loadROM: before romOpen_gfx
mark: loadROM: after romOpen_gfx / before romOpen_audio
mark: loadROM: after romOpen_audio / before romOpen_input
mark: loadROM: after romOpen_input / before cpu_init
mark: loadROM: after cpu_init
menufps: 3.9
menufps: 0.7
fps: 0.0
first_vi: vi0_retrace=1578
vis: 0.0
cpu: exceptions=0 cacheResets=0 batches=0 verts=0 texStalls=0 recompiles=0 underruns=0 overruns=0 sleep_us=0 queue_ms=0
mark: CPU core dispatch: dynarec
vis: 0.4
cpu: exceptions=2 cacheResets=1 batches=0 verts=0 texStalls=0 recompiles=138 underruns=0 overruns=0 sleep_us=0 queue_ms=0
vis: 50.0
cpu: exceptions=2004 cacheResets=1 batches=0 verts=0 texStalls=0 recompiles=367 underruns=0 overruns=0 sleep_us=418738 queue_ms=0
fps: 0.3
vis: 43.7
cpu: exceptions=2764 cacheResets=1 batches=0 verts=0 texStalls=0 recompiles=777 underruns=1 overruns=0 sleep_us=609010 queue_ms=150
fps: 44.9
vis: 50.0
cpu: exceptions=2985 cacheResets=1 batches=0 verts=0 texStalls=0 recompiles=1244 underruns=1 overruns=0 sleep_us=851469 queue_ms=161
fps: 50.0
vis: 50.0
cpu: exceptions=3126 cacheResets=1 batches=0 verts=0 texStalls=0 recompiles=1253 underruns=1 overruns=0 sleep_us=1250608 queue_ms=163
vis: 50.0
cpu: exceptions=3272 cacheResets=1 batches=0 verts=0 texStalls=0 recompiles=1267 underruns=1 overruns=0 sleep_us=1639927 queue_ms=142
fps: 49.9
vis: 50.0
cpu: exceptions=3433 cacheResets=1 batches=0 verts=0 texStalls=0 recompiles=1269 underruns=1 overruns=0 sleep_us=2014451 queue_ms=159
fps: 50.1
vis: 50.0
cpu: exceptions=3579 cacheResets=1 batches=0 verts=0 texStalls=0 recompiles=1277 underruns=1 overruns=0 sleep_us=2389198 queue_ms=155
fps: 49.8
vis: 50.0
cpu: exceptions=3725 cacheResets=1 batches=0 verts=0 texStalls=0 recompiles=1277 underruns=1 overruns=0 sleep_us=2764364 queue_ms=143
fps: 50.2
vis: 50.0
cpu: exceptions=3875 cacheResets=1 batches=0 verts=0 texStalls=0 recompiles=1278 underruns=1 overruns=0 sleep_us=3148552 queue_ms=151
fps: 49.9
vis: 50.0
cpu: exceptions=4023 cacheResets=1 batches=0 verts=0 texStalls=0 recompiles=1279 underruns=1 overruns=0 sleep_us=3523190 queue_ms=162
fps: 50.1
vis: 50.0
cpu: exceptions=4167 cacheResets=1 batches=0 verts=0 texStalls=0 recompiles=1279 underruns=1 overruns=0 sleep_us=3903294 queue_ms=164
vis: 50.0
cpu: exceptions=4357 cacheResets=1 batches=0 verts=0 texStalls=0 recompiles=1280 underruns=1 overruns=0 sleep_us=4353319 queue_ms=185
fps: 50.0
vis: 50.0
cpu: exceptions=4502 cacheResets=1 batches=0 verts=0 texStalls=0 recompiles=1280 underruns=1 overruns=0 sleep_us=4732609 queue_ms=187
fps: 50.0
vis: 50.0
cpu: exceptions=4651 cacheResets=1 batches=0 verts=0 texStalls=0 recompiles=1280 underruns=1 overruns=0 sleep_us=5107814 queue_ms=166
fps: 50.1
vis: 50.0
cpu: exceptions=4791 cacheResets=1 batches=0 verts=0 texStalls=0 recompiles=1283 underruns=1 overruns=0 sleep_us=5481963 queue_ms=177
fps: 49.8
vis: 50.0
cpu: exceptions=4936 cacheResets=1 batches=0 verts=0 texStalls=0 recompiles=1283 underruns=1 overruns=0 sleep_us=5854977 queue_ms=185
fps: 50.2
vis: 50.0
cpu: exceptions=5075 cacheResets=1 batches=0 verts=0 texStalls=0 recompiles=1283 underruns=1 overruns=0 sleep_us=6240595 queue_ms=196
fps: 50.0
vis: 50.0
cpu: exceptions=5220 cacheResets=1 batches=0 verts=0 texStalls=0 recompiles=1283 underruns=1 overruns=0 sleep_us=6625005 queue_ms=169
fps: 48.6
vis: 50.0
cpu: exceptions=5368 cacheResets=1 batches=0 verts=0 texStalls=0 recompiles=1283 underruns=1 overruns=0 sleep_us=7010807 queue_ms=168
fps: 49.8
vis: 50.0
cpu: exceptions=5519 cacheResets=1 batches=0 verts=0 texStalls=0 recompiles=1283 underruns=1 overruns=0 sleep_us=7383577 queue_ms=176
fps: 50.1
vis: 50.0
cpu: exceptions=5664 cacheResets=1 batches=0 verts=0 texStalls=0 recompiles=1283 underruns=1 overruns=0 sleep_us=7766168 queue_ms=181
fps: 50.0
vis: 50.0
cpu: exceptions=5812 cacheResets=1 batches=0 verts=0 texStalls=0 recompiles=1283 underruns=1 overruns=0 sleep_us=8145929 queue_ms=160
fps: 50.1
vis: 50.0
cpu: exceptions=5963 cacheResets=1 batches=0 verts=0 texStalls=0 recompiles=1283 underruns=1 overruns=0 sleep_us=8525179 queue_ms=177
fps: 49.8
vis: 50.0
cpu: exceptions=6111 cacheResets=1 batches=0 verts=0 texStalls=0 recompiles=1283 underruns=1 overruns=0 sleep_us=8897110 queue_ms=179
fps: 50.1
vis: 50.0
cpu: exceptions=6257 cacheResets=1 batches=0 verts=0 texStalls=0 recompiles=1283 underruns=1 overruns=0 sleep_us=9279542 queue_ms=190
fps: 49.9
vis: 50.0
cpu: exceptions=6407 cacheResets=1 batches=0 verts=0 texStalls=0 recompiles=1283 underruns=1 overruns=0 sleep_us=9654336 queue_ms=169
fps: 50.2
vis: 50.0
cpu: exceptions=6555 cacheResets=1 batches=0 verts=0 texStalls=0 recompiles=1283 underruns=1 overruns=0 sleep_us=10027102 queue_ms=180
fps: 49.9
vis: 50.0
cpu: exceptions=6710 cacheResets=1 batches=0 verts=0 texStalls=0 recompiles=1283 underruns=1 overruns=0 sleep_us=10385483 queue_ms=187
fps: 50.1
vis: 50.0
cpu: exceptions=6857 cacheResets=1 batches=0 verts=0 texStalls=0 recompiles=1283 underruns=1 overruns=0 sleep_us=10757509 queue_ms=184
fps: 49.8
vis: 50.0
cpu: exceptions=6999 cacheResets=1 batches=0 verts=0 texStalls=0 recompiles=1283 underruns=1 overruns=0 sleep_us=11117130 queue_ms=172
fps: 50.2
vis: 50.0
cpu: exceptions=7139 cacheResets=1 batches=0 verts=0 texStalls=0 recompiles=1283 underruns=1 overruns=0 sleep_us=11493224 queue_ms=179
fps: 50.1
vis: 50.0
cpu: exceptions=7305 cacheResets=1 batches=0 verts=0 texStalls=0 recompiles=1283 underruns=1 overruns=0 sleep_us=11859795 queue_ms=190
fps: 49.9
vis: 50.0
cpu: exceptions=7462 cacheResets=1 batches=0 verts=0 texStalls=0 recompiles=1286 underruns=1 overruns=0 sleep_us=12231140 queue_ms=192
fps: 49.9
vis: 50.0
cpu: exceptions=7617 cacheResets=1 batches=0 verts=0 texStalls=0 recompiles=1286 underruns=1 overruns=0 sleep_us=12599346 queue_ms=180
fps: 50.1
vis: 50.0
cpu: exceptions=7770 cacheResets=1 batches=0 verts=0 texStalls=0 recompiles=1286 underruns=1 overruns=0 sleep_us=12972431 queue_ms=182
mark: stop reason: chain guest VI limit
mark: stop_it requested
audio: alist_resample_calls=29202 alist_resample_samples=5373168 alist_zoh_calls=0 alist_zoh_samples=0 musyx_subframes=0 musyx_voices=0 musyx_voice_peak=0
audio_stages: adpcm_calls=30702 adpcm_samples=5024896 envmix_calls=29202 envmix_samples=5373168 mix_calls=30350 mix_samples=5584400 musyx_fx_calls=0 musyx_fx_taps=0 output_calls=652 output_samples=557520
audio_envmix: exp_calls=0 ge_calls=0 lin_calls=29202 nead_calls=0 exp_steady=0 ge_steady=0 lin_steady=16497
audio_gaps: nead_mats=0 nead_efz=0 resample_flag2=0 musyx_ptr10=0
audio_output: stream_requests=5017 stream_fed=1918 input_hz=31995 playback_hz=31995 queue_peak_ms=220
vm_io: read_ahead=0 reads=292 hits=0 read_bytes=1196032 writes=292 write_bytes=1196032 errors=0
subsystem_time: stage=rsp_gfx calls=852 timed_calls=852 period=1 timed_us=780157
subsystem_time: stage=rsp_audio calls=653 timed_calls=653 period=1 timed_us=1138135
subsystem_time: stage=rsp_other calls=0 timed_calls=0 period=1 timed_us=0
subsystem_time: stage=lookup calls=1674389 timed_calls=13184 period=127 timed_us=2742
subsystem_time: stage=compile calls=1286 timed_calls=1286 period=1 timed_us=80971
subsystem_time: stage=dispatch calls=1671833 timed_calls=13164 period=127 timed_us=4936
subsystem_time: stage=execute_inclusive calls=1671833 timed_calls=13164 period=127 timed_us=119991
subsystem_time: stage=rom_copy calls=940 timed_calls=940 period=1 timed_us=2568465
subsystem_time: stage=present calls=899 timed_calls=899 period=1 timed_us=20323
subsystem_time: stage=limiter calls=879 timed_calls=879 period=1 timed_us=13240889
subsystem_time: stage=vm_fault calls=292 timed_calls=292 period=1 timed_us=2545733
subsystem_time: stage=vm_victim calls=292 timed_calls=292 period=1 timed_us=294
subsystem_time: stage=vm_read calls=292 timed_calls=292 period=1 timed_us=1618996
subsystem_time: stage=vm_write calls=292 timed_calls=292 period=1 timed_us=926191
audio_time: stage=resample sampled_calls=229 sampled_samples=42136 sampled_us=1639
audio_time: stage=zoh sampled_calls=0 sampled_samples=0 sampled_us=0
audio_time: stage=adpcm sampled_calls=241 sampled_samples=40144 sampled_us=1648
audio_time: stage=envmix_exp sampled_calls=0 sampled_samples=0 sampled_us=0
audio_time: stage=envmix_ge sampled_calls=0 sampled_samples=0 sampled_us=0
audio_time: stage=envmix_lin sampled_calls=229 sampled_samples=42136 sampled_us=4284
audio_time: stage=envmix_nead sampled_calls=0 sampled_samples=0 sampled_us=0
audio_time: stage=mix sampled_calls=238 sampled_samples=43792 sampled_us=736
audio_time: stage=musyx_voice sampled_calls=0 sampled_samples=0 sampled_us=0
audio_time: stage=musyx_fx sampled_calls=0 sampled_samples=0 sampled_us=0
audio_time: stage=output sampled_calls=5 sampled_samples=4232 sampled_us=68
game: n=1/3 how=vis vis=900 vi_rate=50 vi0_retrace=1578 wall_us=20598604 sleep_us=13238367 avg_vis=47.14 avg_fps=46.78 exceptions=7891 cacheResets=1 recompiles=1286 batches=0 verts=0 texStalls=0 treeDepthMax=18 underruns=1 overruns=0 queue_peak_ms=196 dsp_avg=1.44 dsp_peak=1.65 pmc1=3388501459 pmc2=3289912544 pmc3=0 pmc4=0 mmcr0=00000042 mmcr1=00000000 heap_used=10865856 heap_free=37064 arena1_free=557056 arena2_free=577472 flushes=3 flush_us=34282 padtrace=4 rom=sd:/wii64/roms/Mario Party 3 (E) (M4) [!].z64
=== chain 1/3 end vis=900 how=vis rom=sd:/wii64/roms/Mario Party 3 (E) (M4) [!].z64 ===
mark: pad replay records: 1
mark: loadROM: enter
mark: loadROM: before rom_read
mark: ROMCache_load: enter
mark: ROMCache_load: before first read
mark: ROMCache_load: first read returned
mark: ROMCache_load: byte_swap_type set
mark: ROMCache_load: first byte_swap done
menufps: 0.0
menufps: 8.3
menufps: 8.1
menufps: 8.1
menufps: 7.5
menufps: 7.7
menufps: 8.1
menufps: 2.9
menufps: 1.3
menufps: 1.3
menufps: 1.3
menufps: 1.3
menufps: 1.3
menufps: 1.3
menufps: 3.7
menufps: 8.3
menufps: 8.3
menufps: 8.3
menufps: 8.3
mark: ROMCache_load: loop exited normally
mark: loadROM: after rom_read
mark: loadROM: before init_memory
mark: loadROM: after init_memory
mark: loadROM: before romOpen_gfx
mark: loadROM: after romOpen_gfx / before romOpen_audio
mark: loadROM: after romOpen_audio / before romOpen_input
mark: loadROM: after romOpen_input / before cpu_init
mark: loadROM: after cpu_init
menufps: 3.0
menufps: 0.7
fps: 1.3
first_vi: vi0_retrace=3791
vis: 1.2
cpu: exceptions=0 cacheResets=0 batches=0 verts=0 texStalls=0 recompiles=0 underruns=0 overruns=0 sleep_us=0 queue_ms=0
mark: CPU core dispatch: dynarec
vis: 0.4
cpu: exceptions=1 cacheResets=1 batches=0 verts=0 texStalls=0 recompiles=75 underruns=0 overruns=0 sleep_us=0 queue_ms=0
vis: 60.0
cpu: exceptions=85 cacheResets=1 batches=0 verts=0 texStalls=0 recompiles=242 underruns=2 overruns=0 sleep_us=313254 queue_ms=17
vis: 60.0
cpu: exceptions=215 cacheResets=1 batches=0 verts=0 texStalls=0 recompiles=373 underruns=3 overruns=0 sleep_us=718554 queue_ms=17
vis: 60.0
cpu: exceptions=317 cacheResets=1 batches=0 verts=0 texStalls=0 recompiles=452 underruns=3 overruns=0 sleep_us=1065544 queue_ms=4
vis: 56.8
cpu: exceptions=1395 cacheResets=1 batches=0 verts=0 texStalls=0 recompiles=713 underruns=4 overruns=0 sleep_us=1179085 queue_ms=60
vis: 25.0
cpu: exceptions=1914 cacheResets=1 batches=0 verts=0 texStalls=0 recompiles=716 underruns=7 overruns=0 sleep_us=1186400 queue_ms=13
vis: 47.5
cpu: exceptions=2450 cacheResets=1 batches=0 verts=0 texStalls=0 recompiles=785 underruns=11 overruns=0 sleep_us=1430875 queue_ms=4
fps: 0.2
vis: 57.9
cpu: exceptions=6840 cacheResets=1 batches=3 verts=378 texStalls=0 recompiles=1178 underruns=16 overruns=0 sleep_us=1430875 queue_ms=165
vis: 60.0
cpu: exceptions=6987 cacheResets=1 batches=18 verts=2268 texStalls=0 recompiles=1178 underruns=16 overruns=0 sleep_us=1867403 queue_ms=152
fps: 35.0
vis: 60.0
cpu: exceptions=7135 cacheResets=1 batches=33 verts=4158 texStalls=0 recompiles=1178 underruns=16 overruns=0 sleep_us=2304234 queue_ms=161
fps: 30.0
vis: 60.0
cpu: exceptions=7281 cacheResets=1 batches=48 verts=6048 texStalls=0 recompiles=1178 underruns=16 overruns=0 sleep_us=2741548 queue_ms=161
fps: 30.0
vis: 60.0
cpu: exceptions=7427 cacheResets=1 batches=63 verts=7938 texStalls=0 recompiles=1178 underruns=16 overruns=0 sleep_us=3178428 queue_ms=161
fps: 30.0
vis: 60.0
cpu: exceptions=7575 cacheResets=1 batches=78 verts=9828 texStalls=0 recompiles=1178 underruns=16 overruns=0 sleep_us=3615321 queue_ms=156
fps: 30.0
vis: 60.0
cpu: exceptions=7721 cacheResets=1 batches=93 verts=11718 texStalls=0 recompiles=1178 underruns=16 overruns=0 sleep_us=4052676 queue_ms=156
fps: 30.0
vis: 60.0
cpu: exceptions=7868 cacheResets=1 batches=108 verts=13608 texStalls=0 recompiles=1178 underruns=16 overruns=0 sleep_us=4489642 queue_ms=156
fps: 30.0
vis: 60.0
cpu: exceptions=8016 cacheResets=1 batches=123 verts=15498 texStalls=0 recompiles=1179 underruns=16 overruns=0 sleep_us=4929103 queue_ms=165
fps: 30.0
vis: 60.0
cpu: exceptions=8161 cacheResets=1 batches=138 verts=17388 texStalls=0 recompiles=1179 underruns=16 overruns=0 sleep_us=5380169 queue_ms=152
fps: 30.0
vis: 60.0
cpu: exceptions=8308 cacheResets=1 batches=153 verts=19278 texStalls=0 recompiles=1179 underruns=16 overruns=0 sleep_us=5830802 queue_ms=152
fps: 30.0
vis: 60.0
cpu: exceptions=8455 cacheResets=1 batches=168 verts=21168 texStalls=0 recompiles=1179 underruns=16 overruns=0 sleep_us=6281770 queue_ms=161
fps: 30.0
vis: 60.0
cpu: exceptions=8602 cacheResets=1 batches=183 verts=23058 texStalls=0 recompiles=1179 underruns=16 overruns=0 sleep_us=6732296 queue_ms=148
fps: 30.0
vis: 60.0
cpu: exceptions=8750 cacheResets=1 batches=198 verts=24948 texStalls=0 recompiles=1179 underruns=16 overruns=0 sleep_us=7182802 queue_ms=156
fps: 30.0
vis: 60.0
cpu: exceptions=8896 cacheResets=1 batches=213 verts=26838 texStalls=0 recompiles=1179 underruns=16 overruns=0 sleep_us=7633770 queue_ms=156
fps: 29.1
vis: 60.0
cpu: exceptions=9042 cacheResets=1 batches=228 verts=28728 texStalls=0 recompiles=1179 underruns=16 overruns=0 sleep_us=8084282 queue_ms=130
fps: 30.0
vis: 60.0
cpu: exceptions=9190 cacheResets=1 batches=243 verts=30618 texStalls=0 recompiles=1179 underruns=16 overruns=0 sleep_us=8534807 queue_ms=139
fps: 30.0
vis: 60.0
cpu: exceptions=9336 cacheResets=1 batches=258 verts=32508 texStalls=0 recompiles=1179 underruns=16 overruns=0 sleep_us=8987950 queue_ms=139
fps: 30.0
vis: 60.0
cpu: exceptions=9483 cacheResets=1 batches=273 verts=34398 texStalls=0 recompiles=1179 underruns=16 overruns=0 sleep_us=9439458 queue_ms=139
fps: 30.0
vis: 60.0
cpu: exceptions=9631 cacheResets=1 batches=288 verts=36288 texStalls=0 recompiles=1179 underruns=16 overruns=0 sleep_us=9890929 queue_ms=134
fps: 30.0
vis: 60.0
cpu: exceptions=9777 cacheResets=1 batches=303 verts=38178 texStalls=0 recompiles=1179 underruns=16 overruns=0 sleep_us=10342824 queue_ms=134
fps: 30.0
vis: 60.0
cpu: exceptions=9925 cacheResets=1 batches=318 verts=40068 texStalls=0 recompiles=1179 underruns=16 overruns=0 sleep_us=10794304 queue_ms=143
fps: 30.0
vis: 60.0
cpu: exceptions=10071 cacheResets=1 batches=333 verts=41958 texStalls=0 recompiles=1179 underruns=16 overruns=0 sleep_us=11246156 queue_ms=130
fps: 30.0
vis: 60.0
cpu: exceptions=10218 cacheResets=1 batches=348 verts=43848 texStalls=0 recompiles=1179 underruns=16 overruns=0 sleep_us=11697677 queue_ms=130
fps: 30.0
mark: stop reason: chain guest VI limit
mark: stop_it requested
audio: alist_resample_calls=0 alist_resample_samples=0 alist_zoh_calls=0 alist_zoh_samples=0 musyx_subframes=1679 musyx_voices=0 musyx_voice_peak=0
audio_stages: adpcm_calls=0 adpcm_samples=0 envmix_calls=0 envmix_samples=0 mix_calls=0 mix_samples=0 musyx_fx_calls=1610 musyx_fx_taps=3220 output_calls=1686 output_samples=323712
audio_envmix: exp_calls=0 ge_calls=0 lin_calls=0 nead_calls=0 exp_steady=0 ge_steady=0 lin_steady=0
audio_gaps: nead_mats=0 nead_efz=0 resample_flag2=0 musyx_ptr10=0
audio_output: stream_requests=4195 stream_fed=1115 input_hz=22047 playback_hz=22047 queue_peak_ms=187
vm_io: read_ahead=0 reads=371 hits=0 read_bytes=1519616 writes=371 write_bytes=1519616 errors=0
subsystem_time: stage=rsp_gfx calls=358 timed_calls=358 period=1 timed_us=506592
subsystem_time: stage=rsp_audio calls=439 timed_calls=439 period=1 timed_us=46366
subsystem_time: stage=rsp_other calls=0 timed_calls=0 period=1 timed_us=0
subsystem_time: stage=lookup calls=830043 timed_calls=6535 period=127 timed_us=1226
subsystem_time: stage=compile calls=1179 timed_calls=1179 period=1 timed_us=71661
subsystem_time: stage=dispatch calls=827940 timed_calls=6519 period=127 timed_us=2967
subsystem_time: stage=execute_inclusive calls=827940 timed_calls=6519 period=127 timed_us=95364
subsystem_time: stage=rom_copy calls=4991 timed_calls=4991 period=1 timed_us=3271694
subsystem_time: stage=present calls=899 timed_calls=899 period=1 timed_us=65793
subsystem_time: stage=limiter calls=832 timed_calls=832 period=1 timed_us=11984760
subsystem_time: stage=vm_fault calls=371 timed_calls=371 period=1 timed_us=3258817
subsystem_time: stage=vm_victim calls=371 timed_calls=371 period=1 timed_us=382
subsystem_time: stage=vm_read calls=371 timed_calls=371 period=1 timed_us=2023529
subsystem_time: stage=vm_write calls=371 timed_calls=371 period=1 timed_us=1234470
audio_time: stage=resample sampled_calls=0 sampled_samples=0 sampled_us=0
audio_time: stage=zoh sampled_calls=0 sampled_samples=0 sampled_us=0
audio_time: stage=adpcm sampled_calls=0 sampled_samples=0 sampled_us=0
audio_time: stage=envmix_exp sampled_calls=0 sampled_samples=0 sampled_us=0
audio_time: stage=envmix_ge sampled_calls=0 sampled_samples=0 sampled_us=0
audio_time: stage=envmix_lin sampled_calls=0 sampled_samples=0 sampled_us=0
audio_time: stage=envmix_nead sampled_calls=0 sampled_samples=0 sampled_us=0
audio_time: stage=mix sampled_calls=0 sampled_samples=0 sampled_us=0
audio_time: stage=musyx_voice sampled_calls=0 sampled_samples=0 sampled_us=0
audio_time: stage=musyx_fx sampled_calls=12 sampled_samples=24 sampled_us=237
audio_time: stage=output sampled_calls=13 sampled_samples=2496 sampled_us=58
game: n=2/3 how=vis vis=900 vi_rate=60 vi0_retrace=3791 wall_us=18083771 sleep_us=11982484 avg_vis=54.65 avg_fps=27.82 exceptions=10318 cacheResets=1 recompiles=1179 batches=358 verts=45108 texStalls=0 treeDepthMax=19 underruns=16 overruns=0 queue_peak_ms=165 dsp_avg=1.37 dsp_peak=1.60 pmc1=1939040087 pmc2=2073303422 pmc3=0 pmc4=0 mmcr0=00000042 mmcr1=00000000 heap_used=10857408 heap_free=45512 arena1_free=557056 arena2_free=577472 flushes=4 flush_us=50757 padtrace=0 rom=sd:/wii64/roms/007 - The World Is Not Enough (USA).z64
=== chain 2/3 end vis=900 how=vis rom=sd:/wii64/roms/007 - The World Is Not Enough (USA).z64 ===
mark: pad replay records: 1
mark: loadROM: enter
mark: loadROM: before rom_read
mark: ROMCache_load: enter
mark: ROMCache_load: before first read
mark: ROMCache_load: first read returned
mark: ROMCache_load: byte_swap_type set
mark: ROMCache_load: first byte_swap done
menufps: 0.1
menufps: 8.5
menufps: 8.3
menufps: 8.3
menufps: 8.3
menufps: 8.3
menufps: 7.7
menufps: 2.1
menufps: 1.3
menufps: 1.3
menufps: 1.3
menufps: 1.3
menufps: 1.3
menufps: 1.3
menufps: 3.7
menufps: 8.4
menufps: 8.3
menufps: 8.3
menufps: 8.3
mark: ROMCache_load: loop exited normally
mark: loadROM: after rom_read
mark: loadROM: before init_memory
mark: loadROM: after init_memory
mark: loadROM: before romOpen_gfx
mark: loadROM: after romOpen_gfx / before romOpen_audio
mark: loadROM: after romOpen_audio / before romOpen_input
mark: loadROM: after romOpen_input / before cpu_init
mark: loadROM: after cpu_init
menufps: 1.2
fps: 0.5
first_vi: vi0_retrace=5829
vis: 1.3
cpu: exceptions=0 cacheResets=0 batches=0 verts=0 texStalls=0 recompiles=0 underruns=0 overruns=0 sleep_us=0 queue_ms=0
mark: CPU core dispatch: dynarec
vis: 0.4
cpu: exceptions=3 cacheResets=1 batches=0 verts=0 texStalls=0 recompiles=68 underruns=0 overruns=0 sleep_us=0 queue_ms=0
vis: 60.0
cpu: exceptions=34 cacheResets=1 batches=0 verts=0 texStalls=0 recompiles=82 underruns=0 overruns=0 sleep_us=347047 queue_ms=0
vis: 60.0
cpu: exceptions=64 cacheResets=1 batches=0 verts=0 texStalls=0 recompiles=82 underruns=0 overruns=0 sleep_us=716064 queue_ms=0
vis: 60.0
cpu: exceptions=94 cacheResets=1 batches=0 verts=0 texStalls=0 recompiles=82 underruns=0 overruns=0 sleep_us=1084045 queue_ms=0
vis: 60.0
cpu: exceptions=207 cacheResets=1 batches=0 verts=0 texStalls=0 recompiles=182 underruns=0 overruns=0 sleep_us=1398084 queue_ms=0
vis: 60.0
cpu: exceptions=247 cacheResets=1 batches=0 verts=0 texStalls=0 recompiles=188 underruns=0 overruns=0 sleep_us=1743343 queue_ms=0
vis: 60.0
cpu: exceptions=289 cacheResets=1 batches=0 verts=0 texStalls=0 recompiles=188 underruns=0 overruns=0 sleep_us=2083072 queue_ms=0
vis: 60.0
cpu: exceptions=319 cacheResets=1 batches=0 verts=0 texStalls=0 recompiles=188 underruns=0 overruns=0 sleep_us=2420568 queue_ms=0
vis: 60.0
cpu: exceptions=396 cacheResets=1 batches=0 verts=0 texStalls=0 recompiles=314 underruns=1 overruns=0 sleep_us=2838692 queue_ms=11
vis: 60.0
cpu: exceptions=473 cacheResets=1 batches=0 verts=0 texStalls=0 recompiles=323 underruns=2 overruns=0 sleep_us=3290073 queue_ms=15
vis: 60.0
cpu: exceptions=548 cacheResets=1 batches=0 verts=0 texStalls=0 recompiles=323 underruns=2 overruns=0 sleep_us=3745748 queue_ms=6
vis: 56.6
cpu: exceptions=871 cacheResets=1 batches=0 verts=0 texStalls=0 recompiles=434 underruns=7 overruns=0 sleep_us=3906995 queue_ms=44
vis: 60.0
cpu: exceptions=1092 cacheResets=1 batches=0 verts=0 texStalls=0 recompiles=448 underruns=7 overruns=0 sleep_us=4071198 queue_ms=48
vis: 60.0
cpu: exceptions=1320 cacheResets=1 batches=0 verts=0 texStalls=0 recompiles=448 underruns=7 overruns=0 sleep_us=4321423 queue_ms=53
vis: 43.7
cpu: exceptions=1522 cacheResets=1 batches=60 verts=1026 texStalls=0 recompiles=1247 underruns=11 overruns=0 sleep_us=4353570 queue_ms=28
fps: 25.9
vis: 60.0
cpu: exceptions=1798 cacheResets=1 batches=945 verts=13356 texStalls=0 recompiles=1255 underruns=11 overruns=0 sleep_us=4703764 queue_ms=33
fps: 30.0
vis: 60.0
cpu: exceptions=2074 cacheResets=1 batches=1830 verts=25686 texStalls=0 recompiles=1276 underruns=12 overruns=0 sleep_us=5010112 queue_ms=76
fps: 30.0
vis: 60.0
cpu: exceptions=2349 cacheResets=1 batches=2715 verts=38016 texStalls=0 recompiles=1276 underruns=12 overruns=0 sleep_us=5368367 queue_ms=67
fps: 30.0
vis: 60.0
cpu: exceptions=2624 cacheResets=1 batches=3600 verts=50346 texStalls=0 recompiles=1279 underruns=12 overruns=0 sleep_us=5729693 queue_ms=72
fps: 30.0
vis: 60.0
cpu: exceptions=2903 cacheResets=1 batches=4485 verts=62676 texStalls=0 recompiles=1297 underruns=12 overruns=0 sleep_us=6087036 queue_ms=76
fps: 30.0
vis: 60.0
cpu: exceptions=3189 cacheResets=1 batches=5370 verts=75006 texStalls=0 recompiles=1300 underruns=12 overruns=0 sleep_us=6432197 queue_ms=80
fps: 30.0
vis: 60.0
cpu: exceptions=3471 cacheResets=1 batches=6255 verts=87336 texStalls=0 recompiles=1300 underruns=12 overruns=0 sleep_us=6781517 queue_ms=72
fps: 30.0
vis: 60.0
cpu: exceptions=3751 cacheResets=1 batches=7140 verts=99666 texStalls=0 recompiles=1303 underruns=12 overruns=0 sleep_us=7136356 queue_ms=76
fps: 30.0
vis: 60.0
cpu: exceptions=4034 cacheResets=1 batches=7791 verts=109116 texStalls=0 recompiles=1351 underruns=12 overruns=0 sleep_us=7494102 queue_ms=80
fps: 30.0
vis: 60.0
cpu: exceptions=4261 cacheResets=1 batches=8071 verts=113904 texStalls=0 recompiles=1377 underruns=12 overruns=0 sleep_us=7860402 queue_ms=72
fps: 30.0
vis: 60.0
cpu: exceptions=4408 cacheResets=1 batches=8233 verts=124794 texStalls=0 recompiles=1383 underruns=12 overruns=0 sleep_us=8219350 queue_ms=76
fps: 30.0
vis: 60.0
cpu: exceptions=4558 cacheResets=1 batches=8638 verts=152019 texStalls=0 recompiles=1384 underruns=12 overruns=0 sleep_us=8575409 queue_ms=80
fps: 30.0
vis: 60.0
cpu: exceptions=4703 cacheResets=1 batches=9043 verts=179244 texStalls=0 recompiles=1386 underruns=12 overruns=0 sleep_us=8941227 queue_ms=85
fps: 30.0
vis: 60.0
cpu: exceptions=4849 cacheResets=1 batches=9448 verts=206469 texStalls=0 recompiles=1387 underruns=12 overruns=0 sleep_us=9309021 queue_ms=76
fps: 30.0
vis: 60.0
cpu: exceptions=5000 cacheResets=1 batches=9853 verts=233694 texStalls=0 recompiles=1389 underruns=12 overruns=0 sleep_us=9672418 queue_ms=80
mark: stop reason: chain guest VI limit
mark: stop_it requested
audio: alist_resample_calls=11186 alist_resample_samples=2058224 alist_zoh_calls=0 alist_zoh_samples=0 musyx_subframes=0 musyx_voices=0 musyx_voice_peak=0
audio_stages: adpcm_calls=6590 adpcm_samples=722912 envmix_calls=8440 envmix_samples=1552960 mix_calls=54920 mix_samples=10105280 musyx_fx_calls=0 musyx_fx_taps=0 output_calls=342 output_samples=251896
audio_envmix: exp_calls=0 ge_calls=0 lin_calls=8440 nead_calls=0 exp_steady=0 ge_steady=0 lin_steady=7902
audio_gaps: nead_mats=0 nead_efz=0 resample_flag2=0 musyx_ptr10=0
audio_output: stream_requests=5454 stream_fed=871 input_hz=22047 playback_hz=22047 queue_peak_ms=99
vm_io: read_ahead=0 reads=335 hits=0 read_bytes=1372160 writes=335 write_bytes=1372160 errors=0
subsystem_time: stage=rsp_gfx calls=238 timed_calls=238 period=1 timed_us=295394
subsystem_time: stage=rsp_audio calls=343 timed_calls=343 period=1 timed_us=471533
subsystem_time: stage=rsp_other calls=1 timed_calls=1 period=1 timed_us=4
subsystem_time: stage=lookup calls=1606069 timed_calls=12646 period=127 timed_us=2133
subsystem_time: stage=compile calls=1389 timed_calls=1389 period=1 timed_us=203026
subsystem_time: stage=dispatch calls=1604494 timed_calls=12633 period=127 timed_us=4882
subsystem_time: stage=execute_inclusive calls=1604494 timed_calls=12633 period=127 timed_us=75683
subsystem_time: stage=rom_copy calls=1048 timed_calls=1048 period=1 timed_us=2950082
subsystem_time: stage=present calls=899 timed_calls=899 period=1 timed_us=237247
subsystem_time: stage=limiter calls=830 timed_calls=830 period=1 timed_us=9868583
subsystem_time: stage=vm_fault calls=335 timed_calls=335 period=1 timed_us=2928259
subsystem_time: stage=vm_victim calls=335 timed_calls=335 period=1 timed_us=360
subsystem_time: stage=vm_read calls=335 timed_calls=335 period=1 timed_us=1856161
subsystem_time: stage=vm_write calls=335 timed_calls=335 period=1 timed_us=1071272
audio_time: stage=resample sampled_calls=88 sampled_samples=16192 sampled_us=631
audio_time: stage=zoh sampled_calls=0 sampled_samples=0 sampled_us=0
audio_time: stage=adpcm sampled_calls=51 sampled_samples=5680 sampled_us=248
audio_time: stage=envmix_exp sampled_calls=0 sampled_samples=0 sampled_us=0
audio_time: stage=envmix_ge sampled_calls=0 sampled_samples=0 sampled_us=0
audio_time: stage=envmix_lin sampled_calls=66 sampled_samples=12144 sampled_us=1002
audio_time: stage=envmix_nead sampled_calls=0 sampled_samples=0 sampled_us=0
audio_time: stage=mix sampled_calls=432 sampled_samples=79488 sampled_us=1295
audio_time: stage=musyx_voice sampled_calls=0 sampled_samples=0 sampled_us=0
audio_time: stage=musyx_fx sampled_calls=0 sampled_samples=0 sampled_us=0
audio_time: stage=output sampled_calls=2 sampled_samples=1472 sampled_us=28
game: n=3/3 how=vis vis=900 vi_rate=60 vi0_retrace=5829 wall_us=17806872 sleep_us=9866514 avg_vis=55.55 avg_fps=27.90 exceptions=5085 cacheResets=1 recompiles=1389 batches=10096 verts=250029 texStalls=0 treeDepthMax=15 underruns=12 overruns=0 queue_peak_ms=85 dsp_avg=1.37 dsp_peak=1.65 pmc1=3517314151 pmc2=3704270199 pmc3=0 pmc4=0 mmcr0=00000042 mmcr1=00000000 heap_used=10881216 heap_free=33992 arena1_free=544768 arena2_free=577472 flushes=3 flush_us=34893 padtrace=0 rom=sd:/wii64/roms/Donkey Kong 64 (USA).z64
=== chain 3/3 end vis=900 how=vis rom=sd:/wii64/roms/Donkey Kong 64 (USA).z64 ===
