--- wii64 perf log ---
mark: diag config: wiiload arguments
mark: wiiload dynacore argument received
mark: diag received dynacore line
mark: diag requested core: dynarec
mark: pad replay records: 7
selftest:
  raw[0]=51281035173539660
  raw[1]=51281035173539665
  raw[2]=51281035173539677
  raw[3]=51281035173539690
  raw[4]=51281035173539702
  delta[0]=0us
  delta[1]=0us
  delta[2]=0us
  delta[3]=0us
mark: audio quality: accurate
mark: audio modes: n64=0 output=0 mixer=0 latency=2 sync=0
mark: diag applied core: dynarec
mark: HBC agent ready
mark: loadROM: enter
mark: loadROM: before rom_read
mark: ROMCache_load: enter
mark: ROMCache_load: before first read
mark: ROMCache_load: first read returned
mark: ROMCache_load: byte_swap_type set
mark: ROMCache_load: first byte_swap done
menufps: 10.1
menufps: 8.1
menufps: 7.9
mark: ROMCache_load: loop exited normally
mark: ROMCache_load: elapsed_us=1955542 bytes=8388608 vm=0
mark: loadROM: after rom_read
mark: loadROM: before init_memory
mark: loadROM: after init_memory
mark: loadROM: before romOpen_gfx
mark: loadROM: after romOpen_gfx / before romOpen_audio
mark: loadROM: after romOpen_audio / before romOpen_input
mark: loadROM: after romOpen_input / before cpu_init
mark: loadROM: after cpu_init
menufps: 1.2
fps: 0.0
first_vi: vi0_retrace=336
vis: 0.0
cpu: exceptions=0 cacheResets=0 batches=0 verts=0 texStalls=0 recompiles=0 underruns=0 overruns=0 sleep_us=0 queue_ms=0
mark: CPU core dispatch: dynarec
vis: 60.0
cpu: exceptions=240 cacheResets=1 batches=0 verts=0 texStalls=0 recompiles=189 underruns=1 overruns=0 sleep_us=269209 queue_ms=82
vis: 60.0
cpu: exceptions=540 cacheResets=1 batches=0 verts=0 texStalls=0 recompiles=198 underruns=1 overruns=0 sleep_us=751928 queue_ms=87
vis: 60.0
cpu: exceptions=840 cacheResets=1 batches=0 verts=0 texStalls=0 recompiles=204 underruns=1 overruns=0 sleep_us=1234579 queue_ms=84
vis: 60.0
cpu: exceptions=1134 cacheResets=1 batches=0 verts=0 texStalls=0 recompiles=204 underruns=1 overruns=0 sleep_us=1717742 queue_ms=88
fps: 0.5
vis: 60.0
cpu: exceptions=1430 cacheResets=1 batches=414 verts=7620 texStalls=0 recompiles=468 underruns=2 overruns=0 sleep_us=2070433 queue_ms=2
fps: 20.0
vis: 60.0
cpu: exceptions=1587 cacheResets=1 batches=2480 verts=45081 texStalls=0 recompiles=475 underruns=2 overruns=0 sleep_us=2492371 queue_ms=0
fps: 30.0
vis: 60.0
cpu: exceptions=1751 cacheResets=1 batches=4550 verts=82473 texStalls=0 recompiles=478 underruns=3 overruns=0 sleep_us=2913233 queue_ms=15
fps: 30.0
vis: 60.0
cpu: exceptions=1893 cacheResets=1 batches=6620 verts=119868 texStalls=0 recompiles=478 underruns=3 overruns=0 sleep_us=3342876 queue_ms=11
fps: 30.0
vis: 60.0
cpu: exceptions=2035 cacheResets=1 batches=8690 verts=157263 texStalls=0 recompiles=478 underruns=3 overruns=0 sleep_us=3772183 queue_ms=16
fps: 30.0
vis: 60.0
cpu: exceptions=2177 cacheResets=1 batches=10763 verts=194676 texStalls=0 recompiles=489 underruns=3 overruns=0 sleep_us=4200241 queue_ms=13
fps: 30.0
vis: 60.0
cpu: exceptions=2318 cacheResets=1 batches=12570 verts=228066 texStalls=0 recompiles=498 underruns=3 overruns=0 sleep_us=4632753 queue_ms=18
vis: 60.0
cpu: exceptions=2637 cacheResets=1 batches=12570 verts=228066 texStalls=0 recompiles=675 underruns=3 overruns=0 sleep_us=4868546 queue_ms=14
vis: 60.0
cpu: exceptions=2727 cacheResets=1 batches=12570 verts=228066 texStalls=0 recompiles=733 underruns=3 overruns=0 sleep_us=5131149 queue_ms=19
vis: 60.0
cpu: exceptions=2817 cacheResets=1 batches=12570 verts=228066 texStalls=0 recompiles=784 underruns=3 overruns=0 sleep_us=5455462 queue_ms=16
fps: 4.9
vis: 60.0
cpu: exceptions=2960 cacheResets=1 batches=13550 verts=235065 texStalls=0 recompiles=910 underruns=5 overruns=0 sleep_us=5735851 queue_ms=8
fps: 15.2
vis: 60.0
cpu: exceptions=3117 cacheResets=1 batches=17588 verts=269373 texStalls=0 recompiles=910 underruns=5 overruns=0 sleep_us=5934586 queue_ms=13
fps: 30.0
vis: 60.0
cpu: exceptions=3272 cacheResets=1 batches=21626 verts=306096 texStalls=0 recompiles=927 underruns=5 overruns=0 sleep_us=6132075 queue_ms=8
fps: 30.0
vis: 60.0
cpu: exceptions=3435 cacheResets=1 batches=25781 verts=345633 texStalls=0 recompiles=927 underruns=5 overruns=0 sleep_us=6328439 queue_ms=14
fps: 30.0
vis: 60.0
cpu: exceptions=3590 cacheResets=1 batches=29926 verts=385176 texStalls=0 recompiles=927 underruns=5 overruns=0 sleep_us=6534668 queue_ms=10
fps: 29.2
vis: 60.0
cpu: exceptions=3761 cacheResets=1 batches=34046 verts=424278 texStalls=0 recompiles=927 underruns=6 overruns=0 sleep_us=6727064 queue_ms=6
fps: 29.9
vis: 60.0
cpu: exceptions=3977 cacheResets=1 batches=38237 verts=463113 texStalls=0 recompiles=936 underruns=6 overruns=0 sleep_us=6901025 queue_ms=3
fps: 20.0
vis: 60.0
cpu: exceptions=4233 cacheResets=1 batches=38743 verts=467853 texStalls=0 recompiles=1065 underruns=9 overruns=0 sleep_us=7215930 queue_ms=13
fps: 31.5
vis: 60.0
cpu: exceptions=4400 cacheResets=1 batches=39414 verts=474219 texStalls=0 recompiles=1065 underruns=9 overruns=0 sleep_us=7614757 queue_ms=8
fps: 30.0
vis: 60.0
cpu: exceptions=4572 cacheResets=1 batches=40074 verts=480519 texStalls=0 recompiles=1065 underruns=9 overruns=0 sleep_us=8013091 queue_ms=13
fps: 30.0
vis: 60.0
cpu: exceptions=4737 cacheResets=1 batches=40734 verts=486819 texStalls=0 recompiles=1065 underruns=9 overruns=0 sleep_us=8420867 queue_ms=9
fps: 30.0
vis: 60.0
cpu: exceptions=4910 cacheResets=1 batches=41394 verts=493119 texStalls=0 recompiles=1065 underruns=9 overruns=0 sleep_us=8817980 queue_ms=15
fps: 30.0
vis: 60.0
cpu: exceptions=5089 cacheResets=1 batches=42054 verts=499419 texStalls=0 recompiles=1065 underruns=9 overruns=0 sleep_us=9209550 queue_ms=10
fps: 30.0
vis: 60.0
cpu: exceptions=5262 cacheResets=1 batches=42714 verts=505719 texStalls=0 recompiles=1065 underruns=9 overruns=0 sleep_us=9604766 queue_ms=7
fps: 30.0
vis: 60.0
cpu: exceptions=5431 cacheResets=1 batches=43374 verts=512019 texStalls=0 recompiles=1065 underruns=9 overruns=0 sleep_us=10006295 queue_ms=13
fps: 30.0
vis: 60.0
cpu: exceptions=5596 cacheResets=1 batches=44034 verts=518319 texStalls=0 recompiles=1065 underruns=9 overruns=0 sleep_us=10414221 queue_ms=8
vis: 60.0
cpu: exceptions=5778 cacheResets=1 batches=44412 verts=522807 texStalls=0 recompiles=1068 underruns=9 overruns=0 sleep_us=10821360 queue_ms=14
fps: 30.0
vis: 60.0
cpu: exceptions=5953 cacheResets=1 batches=44770 verts=527025 texStalls=0 recompiles=1071 underruns=9 overruns=0 sleep_us=11226894 queue_ms=10
fps: 30.0
vis: 60.0
cpu: exceptions=6202 cacheResets=1 batches=44842 verts=527871 texStalls=0 recompiles=1131 underruns=9 overruns=0 sleep_us=11561830 queue_ms=16
fps: 4.2
vis: 60.0
cpu: exceptions=6352 cacheResets=1 batches=45193 verts=532920 texStalls=0 recompiles=1530 underruns=10 overruns=0 sleep_us=11840369 queue_ms=23
fps: 32.2
vis: 60.0
cpu: exceptions=6487 cacheResets=1 batches=46996 verts=561768 texStalls=0 recompiles=1534 underruns=10 overruns=0 sleep_us=12208634 queue_ms=29
fps: 30.0
vis: 60.0
cpu: exceptions=6622 cacheResets=1 batches=48923 verts=592017 texStalls=0 recompiles=1534 underruns=10 overruns=0 sleep_us=12576689 queue_ms=26
fps: 30.0
vis: 60.0
cpu: exceptions=6757 cacheResets=1 batches=50977 verts=623916 texStalls=0 recompiles=1534 underruns=10 overruns=0 sleep_us=12944034 queue_ms=23
fps: 30.0
vis: 60.0
cpu: exceptions=6892 cacheResets=1 batches=53081 verts=657159 texStalls=0 recompiles=1534 underruns=10 overruns=0 sleep_us=13310774 queue_ms=27
fps: 29.9
vis: 60.0
cpu: exceptions=7044 cacheResets=1 batches=56218 verts=697011 texStalls=0 recompiles=1544 underruns=10 overruns=0 sleep_us=13644072 queue_ms=24
fps: 29.4
vis: 60.0
cpu: exceptions=7219 cacheResets=1 batches=59605 verts=738732 texStalls=0 recompiles=1545 underruns=10 overruns=0 sleep_us=13959672 queue_ms=20
fps: 30.0
vis: 60.0
cpu: exceptions=7399 cacheResets=1 batches=62992 verts=780594 texStalls=0 recompiles=1545 underruns=10 overruns=0 sleep_us=14271033 queue_ms=16
vis: 60.0
cpu: exceptions=7580 cacheResets=1 batches=66382 verts=822672 texStalls=0 recompiles=1545 underruns=10 overruns=0 sleep_us=14578344 queue_ms=13
fps: 30.0
vis: 60.0
cpu: exceptions=7775 cacheResets=1 batches=69772 verts=864876 texStalls=0 recompiles=1545 underruns=10 overruns=0 sleep_us=14877884 queue_ms=18
fps: 29.9
vis: 60.0
cpu: exceptions=7988 cacheResets=1 batches=73162 verts=907086 texStalls=0 recompiles=1545 underruns=10 overruns=0 sleep_us=15169783 queue_ms=14
fps: 30.0
vis: 60.0
cpu: exceptions=8196 cacheResets=1 batches=76552 verts=949296 texStalls=0 recompiles=1545 underruns=10 overruns=0 sleep_us=15463423 queue_ms=19
fps: 30.0
vis: 60.0
cpu: exceptions=8415 cacheResets=1 batches=79942 verts=991506 texStalls=0 recompiles=1545 underruns=10 overruns=0 sleep_us=15748711 queue_ms=16
fps: 30.0
vis: 60.0
cpu: exceptions=8620 cacheResets=1 batches=83332 verts=1033779 texStalls=0 recompiles=1545 underruns=10 overruns=0 sleep_us=16043756 queue_ms=11
fps: 30.0
vis: 60.0
cpu: exceptions=8814 cacheResets=1 batches=86722 verts=1076124 texStalls=0 recompiles=1545 underruns=10 overruns=0 sleep_us=16347068 queue_ms=17
fps: 30.0
vis: 60.0
cpu: exceptions=9006 cacheResets=1 batches=90112 verts=1118469 texStalls=0 recompiles=1545 underruns=10 overruns=0 sleep_us=16652502 queue_ms=13
fps: 30.0
vis: 60.0
cpu: exceptions=9170 cacheResets=1 batches=93502 verts=1160814 texStalls=0 recompiles=1547 underruns=10 overruns=0 sleep_us=16974571 queue_ms=18
fps: 30.0
vis: 60.0
cpu: exceptions=9314 cacheResets=1 batches=96900 verts=1203183 texStalls=0 recompiles=1547 underruns=10 overruns=0 sleep_us=17307563 queue_ms=15
fps: 30.0
vis: 60.0
cpu: exceptions=9454 cacheResets=1 batches=100305 verts=1245573 texStalls=0 recompiles=1547 underruns=10 overruns=0 sleep_us=17642757 queue_ms=20
fps: 30.0
vis: 60.0
cpu: exceptions=9594 cacheResets=1 batches=103710 verts=1287963 texStalls=0 recompiles=1547 underruns=10 overruns=0 sleep_us=17977955 queue_ms=16
fps: 30.0
vis: 60.0
cpu: exceptions=9732 cacheResets=1 batches=107115 verts=1330353 texStalls=0 recompiles=1547 underruns=10 overruns=0 sleep_us=18316355 queue_ms=12
fps: 30.0
vis: 60.0
cpu: exceptions=9867 cacheResets=1 batches=110520 verts=1372743 texStalls=0 recompiles=1547 underruns=10 overruns=0 sleep_us=18659702 queue_ms=18
fps: 30.0
vis: 60.0
cpu: exceptions=10002 cacheResets=1 batches=113925 verts=1415133 texStalls=0 recompiles=1547 underruns=10 overruns=0 sleep_us=19003159 queue_ms=14
fps: 30.1
vis: 60.0
cpu: exceptions=10137 cacheResets=1 batches=116500 verts=1452732 texStalls=0 recompiles=1548 underruns=10 overruns=0 sleep_us=19363877 queue_ms=20
fps: 30.0
vis: 60.0
cpu: exceptions=10272 cacheResets=1 batches=118699 verts=1489188 texStalls=0 recompiles=1548 underruns=10 overruns=0 sleep_us=19732889 queue_ms=16
fps: 30.0
vis: 60.0
cpu: exceptions=10413 cacheResets=1 batches=120970 verts=1526751 texStalls=0 recompiles=1568 underruns=10 overruns=0 sleep_us=20092860 queue_ms=21
fps: 29.1
vis: 60.0
cpu: exceptions=10578 cacheResets=1 batches=123330 verts=1566324 texStalls=0 recompiles=1568 underruns=11 overruns=0 sleep_us=20417081 queue_ms=18
fps: 30.1
vis: 60.0
cpu: exceptions=10739 cacheResets=1 batches=125292 verts=1599177 texStalls=0 recompiles=1569 underruns=11 overruns=0 sleep_us=20760574 queue_ms=13
fps: 30.0
vis: 60.0
cpu: exceptions=10897 cacheResets=1 batches=126897 verts=1625553 texStalls=0 recompiles=1569 underruns=11 overruns=0 sleep_us=21121166 queue_ms=19
fps: 30.0
vis: 60.0
cpu: exceptions=11061 cacheResets=1 batches=128597 verts=1653060 texStalls=0 recompiles=1572 underruns=11 overruns=0 sleep_us=21475679 queue_ms=15
fps: 29.9
vis: 60.0
cpu: exceptions=11257 cacheResets=1 batches=130505 verts=1683732 texStalls=0 recompiles=1572 underruns=11 overruns=0 sleep_us=21805464 queue_ms=11
fps: 30.0
vis: 60.0
cpu: exceptions=11445 cacheResets=1 batches=132436 verts=1714527 texStalls=0 recompiles=1572 underruns=11 overruns=0 sleep_us=22142201 queue_ms=17
fps: 30.0
vis: 60.0
cpu: exceptions=11612 cacheResets=1 batches=134462 verts=1746048 texStalls=0 recompiles=1572 underruns=11 overruns=0 sleep_us=22490343 queue_ms=13
fps: 30.0
vis: 60.0
cpu: exceptions=11793 cacheResets=1 batches=136445 verts=1777506 texStalls=0 recompiles=1572 underruns=11 overruns=0 sleep_us=22824241 queue_ms=18
fps: 29.9
vis: 60.0
cpu: exceptions=11987 cacheResets=1 batches=138466 verts=1808673 texStalls=0 recompiles=1572 underruns=11 overruns=0 sleep_us=23143449 queue_ms=14
fps: 30.0
vis: 60.0
cpu: exceptions=12181 cacheResets=1 batches=140484 verts=1838391 texStalls=0 recompiles=1572 underruns=11 overruns=0 sleep_us=23468563 queue_ms=11
vis: 60.0
cpu: exceptions=12480 cacheResets=1 batches=143828 verts=1884474 texStalls=0 recompiles=1572 underruns=11 overruns=0 sleep_us=24054379 queue_ms=22
fps: 30.4
vis: 60.0
cpu: exceptions=12664 cacheResets=1 batches=145621 verts=1908084 texStalls=0 recompiles=1572 underruns=11 overruns=0 sleep_us=24385131 queue_ms=19
fps: 30.0
vis: 60.0
cpu: exceptions=12866 cacheResets=1 batches=147268 verts=1929828 texStalls=0 recompiles=1572 underruns=11 overruns=0 sleep_us=24701224 queue_ms=24
fps: 30.0
vis: 60.0
cpu: exceptions=13057 cacheResets=1 batches=148811 verts=1950009 texStalls=0 recompiles=1572 underruns=11 overruns=0 sleep_us=25032519 queue_ms=20
fps: 30.0
vis: 60.0
cpu: exceptions=13225 cacheResets=1 batches=150378 verts=1969656 texStalls=0 recompiles=1572 underruns=11 overruns=0 sleep_us=25371907 queue_ms=26
fps: 30.0
vis: 60.0
cpu: exceptions=13408 cacheResets=1 batches=152089 verts=1990782 texStalls=0 recompiles=1572 underruns=11 overruns=0 sleep_us=25698968 queue_ms=21
fps: 30.0
vis: 60.0
cpu: exceptions=13605 cacheResets=1 batches=153908 verts=2013354 texStalls=0 recompiles=1572 underruns=11 overruns=0 sleep_us=26011843 queue_ms=28
fps: 30.0
vis: 60.0
cpu: exceptions=13804 cacheResets=1 batches=155859 verts=2036748 texStalls=0 recompiles=1572 underruns=11 overruns=0 sleep_us=26325316 queue_ms=23
fps: 30.0
vis: 60.0
cpu: exceptions=13975 cacheResets=1 batches=157840 verts=2060331 texStalls=0 recompiles=1572 underruns=11 overruns=0 sleep_us=26659514 queue_ms=29
fps: 30.0
vis: 60.0
cpu: exceptions=14148 cacheResets=1 batches=159615 verts=2081685 texStalls=0 recompiles=1572 underruns=11 overruns=0 sleep_us=26994461 queue_ms=25
mark: stop reason: chain guest VI limit
mark: stop_it requested
audio: alist_resample_calls=42763 alist_resample_samples=5572696 alist_zoh_calls=0 alist_zoh_samples=0 musyx_subframes=0 musyx_voices=0 musyx_voice_peak=0
audio_stages: adpcm_calls=41651 adpcm_samples=5505360 envmix_calls=40317 envmix_samples=5378800 mix_calls=9436 mix_samples=3019520 musyx_fx_calls=0 musyx_fx_taps=0 output_calls=2360 output_samples=1259104
audio_envmix: exp_calls=40317 ge_calls=0 lin_calls=0 nead_calls=0 exp_steady=33833 ge_steady=0 lin_steady=0
audio_gaps: nead_mats=0 nead_efz=0 resample_flag2=0 musyx_ptr10=0
audio_output: stream_requests=6217 stream_fed=4371 input_hz=32006 playback_hz=32006 queue_peak_ms=107
audio_time: stage=resample sampled_calls=336 sampled_samples=43888 sampled_us=1870
audio_time: stage=zoh sampled_calls=0 sampled_samples=0 sampled_us=0
audio_time: stage=adpcm sampled_calls=327 sampled_samples=42240 sampled_us=1763
audio_time: stage=envmix_exp sampled_calls=317 sampled_samples=42336 sampled_us=4180
audio_time: stage=envmix_ge sampled_calls=0 sampled_samples=0 sampled_us=0
audio_time: stage=envmix_lin sampled_calls=0 sampled_samples=0 sampled_us=0
audio_time: stage=envmix_nead sampled_calls=0 sampled_samples=0 sampled_us=0
audio_time: stage=mix sampled_calls=74 sampled_samples=23680 sampled_us=403
audio_time: stage=musyx_voice sampled_calls=0 sampled_samples=0 sampled_us=0
audio_time: stage=musyx_fx sampled_calls=0 sampled_samples=0 sampled_us=0
audio_time: stage=output sampled_calls=18 sampled_samples=9584 sampled_us=172
game: n=1/8 how=vis vis=2400 vi_rate=60 vi0_retrace=336 wall_us=40203949 sleep_us=27060714 avg_vis=59.25 avg_fps=27.95 exceptions=14189 cacheResets=1 recompiles=1572 batches=159912 verts=2085042 texStalls=0 treeDepthMax=14 underruns=11 overruns=0 queue_peak_ms=88 dsp_avg=1.48 dsp_peak=1.70 pmc1=9475401206 pmc2=8820590830 pmc3=0 pmc4=0 mmcr0=00000042 mmcr1=00000000 heap_used=10468480 heap_free=37032 arena1_free=380928 arena2_free=577472 flushes=5 flush_us=57470 padtrace=11 rom=sd:/wii64/roms/Super Mario 64.v64
=== chain 1/8 end vis=2400 how=vis rom=sd:/wii64/roms/Super Mario 64.v64 ===
mark: pad replay records: 7
mark: loadROM: enter
mark: loadROM: before rom_read
mark: ROMCache_load: enter
mark: ROMCache_load: before first read
mark: ROMCache_load: first read returned
mark: ROMCache_load: byte_swap_type set
mark: ROMCache_load: first byte_swap done
menufps: 0.0
menufps: 8.3
menufps: 8.0
menufps: 8.0
menufps: 8.1
menufps: 8.2
mark: ROMCache_load: loop exited normally
mark: ROMCache_load: elapsed_us=3179054 bytes=13893632 vm=0
mark: loadROM: after rom_read
mark: loadROM: before init_memory
mark: loadROM: after init_memory
mark: loadROM: before romOpen_gfx
mark: loadROM: after romOpen_gfx / before romOpen_audio
mark: loadROM: after romOpen_audio / before romOpen_input
mark: loadROM: after romOpen_input / before cpu_init
mark: loadROM: after cpu_init
menufps: 3.6
menufps: 0.7
fps: 1.9
first_vi: vi0_retrace=3151
vis: 1.1
cpu: exceptions=0 cacheResets=0 batches=0 verts=0 texStalls=0 recompiles=0 underruns=0 overruns=0 sleep_us=0 queue_ms=0
mark: CPU core dispatch: dynarec
vis: 60.0
cpu: exceptions=1028 cacheResets=1 batches=0 verts=0 texStalls=0 recompiles=316 underruns=1 overruns=0 sleep_us=165230 queue_ms=31
vis: 60.0
cpu: exceptions=1328 cacheResets=1 batches=0 verts=0 texStalls=0 recompiles=316 underruns=1 overruns=0 sleep_us=641529 queue_ms=27
vis: 60.0
cpu: exceptions=1628 cacheResets=1 batches=0 verts=0 texStalls=0 recompiles=331 underruns=1 overruns=0 sleep_us=1115983 queue_ms=34
vis: 60.0
cpu: exceptions=1926 cacheResets=1 batches=0 verts=0 texStalls=0 recompiles=331 underruns=1 overruns=0 sleep_us=1591911 queue_ms=31
vis: 60.0
cpu: exceptions=2226 cacheResets=1 batches=0 verts=0 texStalls=0 recompiles=331 underruns=1 overruns=0 sleep_us=2067812 queue_ms=27
vis: 60.0
cpu: exceptions=2526 cacheResets=1 batches=0 verts=0 texStalls=0 recompiles=331 underruns=1 overruns=0 sleep_us=2543557 queue_ms=34
vis: 60.0
cpu: exceptions=2862 cacheResets=1 batches=0 verts=0 texStalls=0 recompiles=344 underruns=1 overruns=0 sleep_us=3013615 queue_ms=30
fps: 0.8
vis: 60.0
cpu: exceptions=3435 cacheResets=1 batches=45 verts=1023 texStalls=0 recompiles=468 underruns=1 overruns=0 sleep_us=3451339 queue_ms=36
fps: 1.6
vis: 60.0
cpu: exceptions=3540 cacheResets=1 batches=1005 verts=17211 texStalls=0 recompiles=528 underruns=3 overruns=0 sleep_us=3839210 queue_ms=7
fps: 31.0
vis: 60.0
cpu: exceptions=3681 cacheResets=1 batches=2801 verts=47604 texStalls=0 recompiles=528 underruns=3 overruns=0 sleep_us=4254409 queue_ms=14
fps: 30.0
vis: 60.0
cpu: exceptions=3817 cacheResets=1 batches=4244 verts=71676 texStalls=0 recompiles=566 underruns=3 overruns=0 sleep_us=4639991 queue_ms=10
vis: 60.0
cpu: exceptions=3913 cacheResets=1 batches=4244 verts=71676 texStalls=0 recompiles=566 underruns=3 overruns=0 sleep_us=4912619 queue_ms=17
fps: 3.9
vis: 60.0
cpu: exceptions=4012 cacheResets=1 batches=4364 verts=72396 texStalls=0 recompiles=598 underruns=3 overruns=0 sleep_us=5256408 queue_ms=12
fps: 1.6
vis: 60.0
cpu: exceptions=4114 cacheResets=1 batches=4844 verts=75276 texStalls=0 recompiles=610 underruns=5 overruns=0 sleep_us=5659921 queue_ms=17
fps: 31.0
vis: 60.0
cpu: exceptions=4328 cacheResets=1 batches=6644 verts=86076 texStalls=0 recompiles=611 underruns=5 overruns=0 sleep_us=5984883 queue_ms=11
fps: 30.0
vis: 60.0
cpu: exceptions=4529 cacheResets=1 batches=8444 verts=96876 texStalls=0 recompiles=614 underruns=5 overruns=0 sleep_us=6307003 queue_ms=19
fps: 30.0
vis: 60.0
cpu: exceptions=4722 cacheResets=1 batches=10244 verts=107676 texStalls=0 recompiles=614 underruns=5 overruns=0 sleep_us=6625878 queue_ms=15
fps: 30.0
vis: 60.0
cpu: exceptions=4916 cacheResets=1 batches=12044 verts=118476 texStalls=0 recompiles=614 underruns=5 overruns=0 sleep_us=6945811 queue_ms=10
fps: 30.0
vis: 60.0
cpu: exceptions=5095 cacheResets=1 batches=13844 verts=129276 texStalls=0 recompiles=614 underruns=5 overruns=0 sleep_us=7269384 queue_ms=16
fps: 29.3
vis: 60.0
cpu: exceptions=5273 cacheResets=1 batches=15644 verts=140076 texStalls=0 recompiles=614 underruns=6 overruns=0 sleep_us=7591859 queue_ms=13
fps: 30.0
vis: 60.0
cpu: exceptions=5465 cacheResets=1 batches=17444 verts=150876 texStalls=0 recompiles=616 underruns=6 overruns=0 sleep_us=7912969 queue_ms=19
vis: 60.0
cpu: exceptions=5666 cacheResets=1 batches=19244 verts=161676 texStalls=0 recompiles=617 underruns=6 overruns=0 sleep_us=8240903 queue_ms=14
fps: 30.0
vis: 60.0
cpu: exceptions=5855 cacheResets=1 batches=21044 verts=172476 texStalls=0 recompiles=617 underruns=6 overruns=0 sleep_us=8568987 queue_ms=22
fps: 30.0
vis: 60.0
cpu: exceptions=6034 cacheResets=1 batches=22844 verts=183276 texStalls=0 recompiles=617 underruns=6 overruns=0 sleep_us=8895821 queue_ms=18
fps: 30.0
vis: 60.0
cpu: exceptions=6227 cacheResets=1 batches=24644 verts=194076 texStalls=0 recompiles=617 underruns=6 overruns=0 sleep_us=9220127 queue_ms=24
fps: 30.0
vis: 60.0
cpu: exceptions=6410 cacheResets=1 batches=26444 verts=204876 texStalls=0 recompiles=617 underruns=6 overruns=0 sleep_us=9546702 queue_ms=19
fps: 30.0
vis: 60.0
cpu: exceptions=6598 cacheResets=1 batches=28244 verts=215676 texStalls=0 recompiles=617 underruns=6 overruns=0 sleep_us=9870406 queue_ms=16
fps: 30.0
vis: 60.0
cpu: exceptions=6813 cacheResets=1 batches=30044 verts=226476 texStalls=0 recompiles=617 underruns=6 overruns=0 sleep_us=10190624 queue_ms=22
fps: 30.0
vis: 60.0
cpu: exceptions=7014 cacheResets=1 batches=31844 verts=237276 texStalls=0 recompiles=617 underruns=6 overruns=0 sleep_us=10511727 queue_ms=18
fps: 30.0
vis: 60.0
cpu: exceptions=7201 cacheResets=1 batches=33644 verts=248076 texStalls=0 recompiles=621 underruns=6 overruns=0 sleep_us=10835764 queue_ms=25
fps: 30.0
vis: 60.0
cpu: exceptions=7374 cacheResets=1 batches=34964 verts=255996 texStalls=0 recompiles=626 underruns=6 overruns=0 sleep_us=11133308 queue_ms=21
vis: 60.0
cpu: exceptions=7508 cacheResets=1 batches=34964 verts=255996 texStalls=0 recompiles=626 underruns=6 overruns=0 sleep_us=11370560 queue_ms=28
vis: 60.0
cpu: exceptions=7617 cacheResets=1 batches=34964 verts=255996 texStalls=0 recompiles=632 underruns=6 overruns=0 sleep_us=11656853 queue_ms=24
fps: 4.9
vis: 60.0
cpu: exceptions=7740 cacheResets=1 batches=34964 verts=255996 texStalls=0 recompiles=674 underruns=6 overruns=0 sleep_us=11982378 queue_ms=31
fps: 31.7
vis: 60.0
cpu: exceptions=7949 cacheResets=1 batches=34964 verts=255996 texStalls=0 recompiles=674 underruns=6 overruns=0 sleep_us=12340319 queue_ms=28
fps: 30.0
vis: 60.0
cpu: exceptions=8134 cacheResets=1 batches=34964 verts=255996 texStalls=0 recompiles=674 underruns=6 overruns=0 sleep_us=12700617 queue_ms=34
fps: 30.0
vis: 60.0
cpu: exceptions=8312 cacheResets=1 batches=34964 verts=255996 texStalls=0 recompiles=674 underruns=6 overruns=0 sleep_us=13063933 queue_ms=31
fps: 30.0
vis: 60.0
cpu: exceptions=8483 cacheResets=1 batches=34964 verts=255996 texStalls=0 recompiles=674 underruns=6 overruns=0 sleep_us=13429210 queue_ms=37
vis: 60.0
cpu: exceptions=8648 cacheResets=1 batches=34964 verts=255996 texStalls=0 recompiles=674 underruns=6 overruns=0 sleep_us=13795245 queue_ms=33
fps: 29.9
vis: 60.0
cpu: exceptions=8818 cacheResets=1 batches=34964 verts=255996 texStalls=0 recompiles=674 underruns=6 overruns=0 sleep_us=14159752 queue_ms=19
fps: 29.2
vis: 60.0
cpu: exceptions=8988 cacheResets=1 batches=34964 verts=255996 texStalls=0 recompiles=674 underruns=6 overruns=0 sleep_us=14524772 queue_ms=15
fps: 30.0
vis: 60.0
cpu: exceptions=9156 cacheResets=1 batches=34964 verts=255996 texStalls=0 recompiles=674 underruns=6 overruns=0 sleep_us=14891043 queue_ms=22
fps: 30.0
vis: 60.0
cpu: exceptions=9326 cacheResets=1 batches=34964 verts=255996 texStalls=0 recompiles=674 underruns=6 overruns=0 sleep_us=15255815 queue_ms=18
fps: 30.0
vis: 60.0
cpu: exceptions=9492 cacheResets=1 batches=34964 verts=255996 texStalls=0 recompiles=674 underruns=6 overruns=0 sleep_us=15621338 queue_ms=25
fps: 30.0
vis: 60.0
cpu: exceptions=9672 cacheResets=1 batches=34964 verts=255996 texStalls=0 recompiles=674 underruns=6 overruns=0 sleep_us=15984742 queue_ms=20
fps: 30.0
vis: 60.0
cpu: exceptions=9847 cacheResets=1 batches=34964 verts=255996 texStalls=0 recompiles=674 underruns=6 overruns=0 sleep_us=16349897 queue_ms=28
fps: 30.0
vis: 60.0
cpu: exceptions=10019 cacheResets=1 batches=34964 verts=255996 texStalls=0 recompiles=674 underruns=6 overruns=0 sleep_us=16715162 queue_ms=24
fps: 30.0
vis: 60.0
cpu: exceptions=10184 cacheResets=1 batches=34964 verts=255996 texStalls=0 recompiles=674 underruns=6 overruns=0 sleep_us=17080550 queue_ms=31
fps: 30.0
vis: 60.0
cpu: exceptions=10353 cacheResets=1 batches=34964 verts=255996 texStalls=0 recompiles=674 underruns=6 overruns=0 sleep_us=17448560 queue_ms=26
fps: 30.0
vis: 60.0
cpu: exceptions=10515 cacheResets=1 batches=34964 verts=255996 texStalls=0 recompiles=681 underruns=6 overruns=0 sleep_us=17832617 queue_ms=32
fps: 30.0
vis: 60.0
cpu: exceptions=10667 cacheResets=1 batches=34964 verts=255996 texStalls=0 recompiles=686 underruns=6 overruns=0 sleep_us=18210529 queue_ms=29
fps: 30.0
vis: 60.0
cpu: exceptions=10827 cacheResets=1 batches=34964 verts=255996 texStalls=0 recompiles=686 underruns=6 overruns=0 sleep_us=18592344 queue_ms=36
fps: 30.0
vis: 60.0
cpu: exceptions=11012 cacheResets=1 batches=34964 verts=255996 texStalls=0 recompiles=686 underruns=6 overruns=0 sleep_us=18964795 queue_ms=31
fps: 30.0
vis: 60.0
cpu: exceptions=11181 cacheResets=1 batches=34964 verts=255996 texStalls=0 recompiles=686 underruns=6 overruns=0 sleep_us=19340439 queue_ms=28
fps: 30.0
vis: 60.0
cpu: exceptions=11336 cacheResets=1 batches=34964 verts=255996 texStalls=0 recompiles=686 underruns=6 overruns=0 sleep_us=19725315 queue_ms=34
fps: 30.0
vis: 60.0
cpu: exceptions=11488 cacheResets=1 batches=34964 verts=255996 texStalls=0 recompiles=686 underruns=6 overruns=0 sleep_us=20110442 queue_ms=29
fps: 30.0
vis: 60.0
cpu: exceptions=11644 cacheResets=1 batches=34964 verts=255996 texStalls=0 recompiles=686 underruns=6 overruns=0 sleep_us=20497696 queue_ms=35
fps: 30.0
vis: 60.0
cpu: exceptions=11796 cacheResets=1 batches=34964 verts=255996 texStalls=0 recompiles=686 underruns=6 overruns=0 sleep_us=20893289 queue_ms=32
fps: 30.0
vis: 60.0
cpu: exceptions=11948 cacheResets=1 batches=34964 verts=255996 texStalls=0 recompiles=686 underruns=6 overruns=0 sleep_us=21290690 queue_ms=39
fps: 29.1
vis: 60.0
cpu: exceptions=12106 cacheResets=1 batches=34964 verts=255996 texStalls=0 recompiles=686 underruns=6 overruns=0 sleep_us=21688168 queue_ms=23
fps: 30.0
vis: 60.0
cpu: exceptions=12257 cacheResets=1 batches=34964 verts=255996 texStalls=0 recompiles=686 underruns=6 overruns=0 sleep_us=22086852 queue_ms=20
fps: 30.0
vis: 60.0
cpu: exceptions=12412 cacheResets=1 batches=34964 verts=255996 texStalls=0 recompiles=686 underruns=6 overruns=0 sleep_us=22483353 queue_ms=26
fps: 30.0
vis: 60.0
cpu: exceptions=12561 cacheResets=1 batches=34964 verts=255996 texStalls=0 recompiles=686 underruns=6 overruns=0 sleep_us=22881705 queue_ms=22
fps: 29.9
vis: 60.0
cpu: exceptions=12763 cacheResets=1 batches=34964 verts=255996 texStalls=0 recompiles=686 underruns=6 overruns=0 sleep_us=23248989 queue_ms=29
fps: 30.0
vis: 60.0
cpu: exceptions=12945 cacheResets=1 batches=34964 verts=255996 texStalls=0 recompiles=686 underruns=6 overruns=0 sleep_us=23614501 queue_ms=25
fps: 30.0
vis: 60.0
cpu: exceptions=13119 cacheResets=1 batches=34964 verts=255996 texStalls=0 recompiles=686 underruns=6 overruns=0 sleep_us=23983268 queue_ms=20
fps: 30.0
vis: 60.0
cpu: exceptions=13295 cacheResets=1 batches=34964 verts=255996 texStalls=0 recompiles=686 underruns=6 overruns=0 sleep_us=24353543 queue_ms=27
vis: 60.0
cpu: exceptions=13470 cacheResets=1 batches=34964 verts=255996 texStalls=0 recompiles=686 underruns=6 overruns=0 sleep_us=24724094 queue_ms=23
fps: 30.0
vis: 60.0
cpu: exceptions=13648 cacheResets=1 batches=34964 verts=255996 texStalls=0 recompiles=686 underruns=6 overruns=0 sleep_us=25093358 queue_ms=31
fps: 30.0
vis: 60.0
cpu: exceptions=13819 cacheResets=1 batches=34964 verts=255996 texStalls=0 recompiles=686 underruns=6 overruns=0 sleep_us=25463252 queue_ms=27
fps: 30.0
vis: 60.0
cpu: exceptions=13987 cacheResets=1 batches=34964 verts=255996 texStalls=0 recompiles=686 underruns=6 overruns=0 sleep_us=25834270 queue_ms=34
fps: 30.0
vis: 60.0
cpu: exceptions=14169 cacheResets=1 batches=34964 verts=255996 texStalls=0 recompiles=686 underruns=6 overruns=0 sleep_us=26203563 queue_ms=30
fps: 30.0
vis: 60.0
cpu: exceptions=14334 cacheResets=1 batches=34964 verts=255996 texStalls=0 recompiles=686 underruns=6 overruns=0 sleep_us=26574450 queue_ms=36
fps: 30.0
vis: 60.0
cpu: exceptions=14507 cacheResets=1 batches=34964 verts=255996 texStalls=0 recompiles=686 underruns=6 overruns=0 sleep_us=26943239 queue_ms=32
fps: 30.0
vis: 60.0
cpu: exceptions=14680 cacheResets=1 batches=34964 verts=255996 texStalls=0 recompiles=686 underruns=6 overruns=0 sleep_us=27313490 queue_ms=39
fps: 30.0
vis: 60.0
cpu: exceptions=14850 cacheResets=1 batches=34964 verts=255996 texStalls=0 recompiles=686 underruns=6 overruns=0 sleep_us=27684166 queue_ms=36
fps: 30.0
vis: 60.0
cpu: exceptions=15026 cacheResets=1 batches=34964 verts=255996 texStalls=0 recompiles=686 underruns=6 overruns=0 sleep_us=28054174 queue_ms=43
fps: 30.0
vis: 60.0
cpu: exceptions=15196 cacheResets=1 batches=34964 verts=255996 texStalls=0 recompiles=686 underruns=6 overruns=0 sleep_us=28427413 queue_ms=39
fps: 30.0
vis: 60.0
cpu: exceptions=15361 cacheResets=1 batches=34964 verts=255996 texStalls=0 recompiles=686 underruns=6 overruns=0 sleep_us=28820204 queue_ms=35
fps: 29.0
mark: stop reason: chain guest VI limit
mark: stop_it requested
audio: alist_resample_calls=85425 alist_resample_samples=12745824 alist_zoh_calls=0 alist_zoh_samples=0 musyx_subframes=0 musyx_voices=0 musyx_voice_peak=0
audio_stages: adpcm_calls=86909 adpcm_samples=13342432 envmix_calls=85425 envmix_samples=12745824 mix_calls=14118 mix_samples=5421312 musyx_fx_calls=0 musyx_fx_taps=0 output_calls=2371 output_samples=1060816
audio_envmix: exp_calls=0 ge_calls=0 lin_calls=0 nead_calls=85425 exp_steady=0 ge_steady=0 lin_steady=0
audio_gaps: nead_mats=0 nead_efz=0 resample_flag2=0 musyx_ptr10=0
audio_output: stream_requests=5445 stream_fed=3682 input_hz=26807 playback_hz=26807 queue_peak_ms=61
audio_time: stage=resample sampled_calls=672 sampled_samples=100152 sampled_us=4224
audio_time: stage=zoh sampled_calls=0 sampled_samples=0 sampled_us=0
audio_time: stage=adpcm sampled_calls=684 sampled_samples=105904 sampled_us=4341
audio_time: stage=envmix_exp sampled_calls=0 sampled_samples=0 sampled_us=0
audio_time: stage=envmix_ge sampled_calls=0 sampled_samples=0 sampled_us=0
audio_time: stage=envmix_lin sampled_calls=0 sampled_samples=0 sampled_us=0
audio_time: stage=envmix_nead sampled_calls=672 sampled_samples=100152 sampled_us=5926
audio_time: stage=mix sampled_calls=111 sampled_samples=42624 sampled_us=689
audio_time: stage=musyx_voice sampled_calls=0 sampled_samples=0 sampled_us=0
audio_time: stage=musyx_fx sampled_calls=0 sampled_samples=0 sampled_us=0
audio_time: stage=output sampled_calls=18 sampled_samples=8000 sampled_us=138
game: n=2/8 how=vis vis=2400 vi_rate=60 vi0_retrace=3151 wall_us=40202629 sleep_us=29190109 avg_vis=59.26 avg_fps=27.57 exceptions=15513 cacheResets=1 recompiles=686 batches=34964 verts=255996 texStalls=0 treeDepthMax=14 underruns=6 overruns=0 queue_peak_ms=43 dsp_avg=1.45 dsp_peak=1.70 pmc1=7931036133 pmc2=8358304648 pmc3=0 pmc4=0 mmcr0=00000042 mmcr1=00000000 heap_used=10474400 heap_free=35208 arena1_free=376832 arena2_free=577472 flushes=6 flush_us=75177 padtrace=7 rom=sd:/wii64/roms/Mario Kart 64.v64
=== chain 2/8 end vis=2400 how=vis rom=sd:/wii64/roms/Mario Kart 64.v64 ===
mark: pad replay records: 1
mark: loadROM: enter
mark: loadROM: before rom_read
mark: ROMCache_load: enter
mark: ROMCache_load: before first read
mark: ROMCache_load: first read returned
mark: ROMCache_load: byte_swap_type set
mark: ROMCache_load: first byte_swap done
menufps: 0.0
menufps: 8.5
menufps: 8.3
menufps: 8.3
menufps: 8.3
menufps: 8.3
menufps: 7.8
mark: ROMCache_load: loop exited normally
mark: ROMCache_load: elapsed_us=3758135 bytes=16777216 vm=0
mark: loadROM: after rom_read
mark: loadROM: before init_memory
mark: loadROM: after init_memory
mark: loadROM: before romOpen_gfx
mark: loadROM: after romOpen_gfx / before romOpen_audio
mark: loadROM: after romOpen_audio / before romOpen_input
mark: loadROM: after romOpen_input / before cpu_init
mark: loadROM: after cpu_init
menufps: 1.2
fps: 1.2
first_vi: vi0_retrace=5996
vis: 3.8
cpu: exceptions=0 cacheResets=0 batches=0 verts=0 texStalls=0 recompiles=0 underruns=0 overruns=0 sleep_us=0 queue_ms=0
mark: CPU core dispatch: dynarec
vis: 60.0
cpu: exceptions=37 cacheResets=1 batches=0 verts=0 texStalls=0 recompiles=138 underruns=0 overruns=0 sleep_us=55093 queue_ms=0
vis: 60.0
cpu: exceptions=67 cacheResets=1 batches=0 verts=0 texStalls=0 recompiles=138 underruns=0 overruns=0 sleep_us=397568 queue_ms=0
vis: 60.0
cpu: exceptions=368 cacheResets=1 batches=0 verts=0 texStalls=0 recompiles=390 underruns=0 overruns=0 sleep_us=697501 queue_ms=0
vis: 60.0
cpu: exceptions=570 cacheResets=1 batches=0 verts=0 texStalls=0 recompiles=668 underruns=2 overruns=0 sleep_us=1009075 queue_ms=17
fps: 0.4
vis: 60.0
cpu: exceptions=766 cacheResets=1 batches=40 verts=843 texStalls=0 recompiles=1899 underruns=3 overruns=0 sleep_us=1195458 queue_ms=34
vis: 60.0
cpu: exceptions=919 cacheResets=1 batches=40 verts=843 texStalls=0 recompiles=1913 underruns=3 overruns=0 sleep_us=1482283 queue_ms=39
fps: 1.3
vis: 60.0
cpu: exceptions=1111 cacheResets=1 batches=304 verts=4779 texStalls=0 recompiles=1999 underruns=3 overruns=0 sleep_us=1777929 queue_ms=43
fps: 30.0
vis: 60.0
cpu: exceptions=1290 cacheResets=1 batches=634 verts=10236 texStalls=0 recompiles=2006 underruns=3 overruns=0 sleep_us=2093548 queue_ms=34
fps: 30.0
vis: 60.0
cpu: exceptions=1480 cacheResets=1 batches=964 verts=15837 texStalls=0 recompiles=2009 underruns=3 overruns=0 sleep_us=2401987 queue_ms=39
fps: 30.0
vis: 60.0
cpu: exceptions=1657 cacheResets=1 batches=1290 verts=21522 texStalls=0 recompiles=2010 underruns=3 overruns=0 sleep_us=2712612 queue_ms=43
fps: 30.0
vis: 60.0
cpu: exceptions=1840 cacheResets=1 batches=1597 verts=27042 texStalls=0 recompiles=2012 underruns=3 overruns=0 sleep_us=3023507 queue_ms=48
fps: 30.0
vis: 60.0
cpu: exceptions=2031 cacheResets=1 batches=1897 verts=32493 texStalls=0 recompiles=2029 underruns=3 overruns=0 sleep_us=3329934 queue_ms=44
fps: 30.0
vis: 60.0
cpu: exceptions=2218 cacheResets=1 batches=2197 verts=37902 texStalls=0 recompiles=2029 underruns=3 overruns=0 sleep_us=3644372 queue_ms=35
fps: 30.0
vis: 60.0
cpu: exceptions=2399 cacheResets=1 batches=2601 verts=44799 texStalls=0 recompiles=2031 underruns=3 overruns=0 sleep_us=3934337 queue_ms=39
fps: 30.0
vis: 60.0
cpu: exceptions=2607 cacheResets=1 batches=3436 verts=59331 texStalls=0 recompiles=2036 underruns=3 overruns=0 sleep_us=4190472 queue_ms=44
fps: 30.0
vis: 60.0
cpu: exceptions=2786 cacheResets=1 batches=4112 verts=66897 texStalls=0 recompiles=2047 underruns=3 overruns=0 sleep_us=4465942 queue_ms=40
fps: 30.0
vis: 60.0
cpu: exceptions=2963 cacheResets=1 batches=4696 verts=73983 texStalls=0 recompiles=2063 underruns=3 overruns=0 sleep_us=4764168 queue_ms=44
fps: 30.0
vis: 60.0
cpu: exceptions=3134 cacheResets=1 batches=5193 verts=80391 texStalls=0 recompiles=2063 underruns=3 overruns=0 sleep_us=5078289 queue_ms=35
fps: 30.0
vis: 60.0
cpu: exceptions=3311 cacheResets=1 batches=5510 verts=85866 texStalls=0 recompiles=2064 underruns=3 overruns=0 sleep_us=5399855 queue_ms=40
fps: 29.4
vis: 60.0
cpu: exceptions=3496 cacheResets=1 batches=5810 verts=91350 texStalls=0 recompiles=2064 underruns=3 overruns=0 sleep_us=5714429 queue_ms=31
fps: 30.0
vis: 60.0
cpu: exceptions=3685 cacheResets=1 batches=6110 verts=96747 texStalls=0 recompiles=2064 underruns=3 overruns=0 sleep_us=6019107 queue_ms=27
fps: 30.0
vis: 60.0
cpu: exceptions=3873 cacheResets=1 batches=6809 verts=109164 texStalls=0 recompiles=2064 underruns=3 overruns=0 sleep_us=6299305 queue_ms=31
vis: 60.0
cpu: exceptions=4147 cacheResets=1 batches=8233 verts=127503 texStalls=0 recompiles=2081 underruns=3 overruns=0 sleep_us=6652899 queue_ms=46
fps: 30.0
vis: 60.0
cpu: exceptions=4342 cacheResets=1 batches=11734 verts=153633 texStalls=0 recompiles=2081 underruns=3 overruns=0 sleep_us=6890686 queue_ms=37
fps: 29.8
vis: 60.0
cpu: exceptions=4531 cacheResets=1 batches=16787 verts=192711 texStalls=0 recompiles=2081 underruns=3 overruns=0 sleep_us=7112055 queue_ms=33
fps: 30.0
vis: 60.0
cpu: exceptions=4720 cacheResets=1 batches=20787 verts=226176 texStalls=0 recompiles=2082 underruns=3 overruns=0 sleep_us=7352062 queue_ms=37
fps: 30.1
vis: 60.0
cpu: exceptions=4920 cacheResets=1 batches=22747 verts=247449 texStalls=0 recompiles=2083 underruns=3 overruns=0 sleep_us=7614212 queue_ms=42
fps: 30.1
vis: 60.0
cpu: exceptions=5116 cacheResets=1 batches=23518 verts=261633 texStalls=0 recompiles=2083 underruns=3 overruns=0 sleep_us=7887180 queue_ms=46
fps: 30.0
vis: 60.0
cpu: exceptions=5322 cacheResets=1 batches=24508 verts=279000 texStalls=0 recompiles=2083 underruns=3 overruns=0 sleep_us=8140482 queue_ms=37
fps: 30.0
mark: stop reason: chain guest VI limit
mark: stop_it requested
audio: alist_resample_calls=7273 alist_resample_samples=1338232 alist_zoh_calls=0 alist_zoh_samples=0 musyx_subframes=0 musyx_voices=0 musyx_voice_peak=0
audio_stages: adpcm_calls=5684 adpcm_samples=629344 envmix_calls=5654 envmix_samples=1040336 mix_calls=32380 mix_samples=5957920 musyx_fx_calls=0 musyx_fx_taps=0 output_calls=405 output_samples=297160
audio_envmix: exp_calls=0 ge_calls=0 lin_calls=5654 nead_calls=0 exp_steady=0 ge_steady=0 lin_steady=5208
audio_gaps: nead_mats=0 nead_efz=0 resample_flag2=0 musyx_ptr10=0
audio_output: stream_requests=3353 stream_fed=1029 input_hz=21998 playback_hz=21998 queue_peak_ms=82
audio_time: stage=resample sampled_calls=57 sampled_samples=10488 sampled_us=413
audio_time: stage=zoh sampled_calls=0 sampled_samples=0 sampled_us=0
audio_time: stage=adpcm sampled_calls=44 sampled_samples=4752 sampled_us=204
audio_time: stage=envmix_exp sampled_calls=0 sampled_samples=0 sampled_us=0
audio_time: stage=envmix_ge sampled_calls=0 sampled_samples=0 sampled_us=0
audio_time: stage=envmix_lin sampled_calls=44 sampled_samples=8096 sampled_us=691
audio_time: stage=envmix_nead sampled_calls=0 sampled_samples=0 sampled_us=0
audio_time: stage=mix sampled_calls=254 sampled_samples=46736 sampled_us=775
audio_time: stage=musyx_voice sampled_calls=0 sampled_samples=0 sampled_us=0
audio_time: stage=musyx_fx sampled_calls=0 sampled_samples=0 sampled_us=0
audio_time: stage=output sampled_calls=3 sampled_samples=2208 sampled_us=39
game: n=3/8 how=vis vis=900 vi_rate=60 vi0_retrace=5996 wall_us=15165611 sleep_us=8312849 avg_vis=58.13 avg_fps=26.49 exceptions=5450 cacheResets=1 recompiles=2084 batches=25112 verts=292893 texStalls=0 treeDepthMax=31 underruns=3 overruns=0 queue_peak_ms=48 dsp_avg=1.39 dsp_peak=1.65 pmc1=4825683617 pmc2=4393416464 pmc3=0 pmc4=0 mmcr0=00000042 mmcr1=00000000 heap_used=10501632 heap_free=44840 arena1_free=339968 arena2_free=577472 flushes=3 flush_us=30909 padtrace=0 rom=sd:/wii64/roms/Banjo-Kazooie.V64
=== chain 3/8 end vis=900 how=vis rom=sd:/wii64/roms/Banjo-Kazooie.V64 ===
mark: pad replay records: 11
mark: loadROM: enter
mark: loadROM: before rom_read
mark: ROMCache_load: enter
menufps: 0.1
menufps: 0.2
mark: ROMCache_load: before first read
mark: ROMCache_load: first read returned
mark: ROMCache_load: byte_swap_type set
mark: ROMCache_load: first byte_swap done
menufps: 0.2
menufps: 8.5
menufps: 8.4
menufps: 8.0
menufps: 8.2
menufps: 8.1
menufps: 7.8
menufps: 1.3
menufps: 1.3
menufps: 1.3
menufps: 1.3
menufps: 1.3
menufps: 1.2
menufps: 1.2
menufps: 3.6
menufps: 8.3
menufps: 8.3
menufps: 8.3
menufps: 8.0
mark: ROMCache_load: loop exited normally
mark: ROMCache_load: preflush_us=17320333
mark: ROMCache_load: elapsed_us=39432518 bytes=33554432 vm=1
mark: loadROM: after rom_read
mark: loadROM: before init_memory
mark: loadROM: after init_memory
mark: loadROM: before romOpen_gfx
mark: loadROM: after romOpen_gfx / before romOpen_audio
mark: loadROM: after romOpen_audio / before romOpen_input
mark: loadROM: after romOpen_input / before cpu_init
mark: loadROM: after cpu_init
menufps: 0.2
menufps: 0.7
fps: 0.1
first_vi: vi0_retrace=9485
vis: 0.5
cpu: exceptions=0 cacheResets=0 batches=0 verts=0 texStalls=0 recompiles=0 underruns=0 overruns=0 sleep_us=0 queue_ms=0
mark: CPU core dispatch: dynarec
vis: 60.0
cpu: exceptions=420 cacheResets=1 batches=0 verts=0 texStalls=0 recompiles=315 underruns=0 overruns=0 sleep_us=170806 queue_ms=0
vis: 60.0
cpu: exceptions=660 cacheResets=1 batches=0 verts=0 texStalls=0 recompiles=315 underruns=0 overruns=0 sleep_us=662784 queue_ms=0
vis: 60.0
cpu: exceptions=2154 cacheResets=1 batches=0 verts=0 texStalls=0 recompiles=336 underruns=0 overruns=0 sleep_us=1123302 queue_ms=0
fps: 0.5
vis: 60.0
cpu: exceptions=2416 cacheResets=1 batches=0 verts=0 texStalls=0 recompiles=660 underruns=1 overruns=0 sleep_us=1580674 queue_ms=5
fps: 55.8
vis: 60.0
cpu: exceptions=2622 cacheResets=1 batches=0 verts=0 texStalls=0 recompiles=786 underruns=1 overruns=0 sleep_us=1975230 queue_ms=10
fps: 62.0
vis: 60.0
cpu: exceptions=2787 cacheResets=1 batches=0 verts=0 texStalls=0 recompiles=786 underruns=1 overruns=0 sleep_us=2418159 queue_ms=6
vis: 60.0
cpu: exceptions=2952 cacheResets=1 batches=0 verts=0 texStalls=0 recompiles=791 underruns=1 overruns=0 sleep_us=2861249 queue_ms=12
fps: 58.1
vis: 60.0
cpu: exceptions=3117 cacheResets=1 batches=0 verts=0 texStalls=0 recompiles=791 underruns=1 overruns=0 sleep_us=3304714 queue_ms=8
fps: 60.0
vis: 60.0
cpu: exceptions=3282 cacheResets=1 batches=0 verts=0 texStalls=0 recompiles=791 underruns=1 overruns=0 sleep_us=3748083 queue_ms=13
fps: 58.7
vis: 60.0
cpu: exceptions=3447 cacheResets=1 batches=0 verts=0 texStalls=0 recompiles=805 underruns=2 overruns=0 sleep_us=4190897 queue_ms=9
fps: 60.1
vis: 60.0
cpu: exceptions=3614 cacheResets=1 batches=0 verts=0 texStalls=0 recompiles=805 underruns=2 overruns=0 sleep_us=4614678 queue_ms=5
fps: 54.1
vis: 60.0
cpu: exceptions=3794 cacheResets=1 batches=0 verts=0 texStalls=0 recompiles=807 underruns=2 overruns=0 sleep_us=5057774 queue_ms=2
fps: 62.0
vis: 60.0
cpu: exceptions=3974 cacheResets=1 batches=0 verts=0 texStalls=0 recompiles=807 underruns=2 overruns=0 sleep_us=5501267 queue_ms=7
fps: 60.0
vis: 60.0
cpu: exceptions=4154 cacheResets=1 batches=0 verts=0 texStalls=0 recompiles=807 underruns=2 overruns=0 sleep_us=5944774 queue_ms=4
fps: 60.0
vis: 60.0
cpu: exceptions=4334 cacheResets=1 batches=0 verts=0 texStalls=0 recompiles=807 underruns=2 overruns=0 sleep_us=6387924 queue_ms=8
fps: 58.2
vis: 60.0
cpu: exceptions=4516 cacheResets=1 batches=0 verts=0 texStalls=0 recompiles=808 underruns=2 overruns=0 sleep_us=6810258 queue_ms=5
fps: 54.1
vis: 60.0
cpu: exceptions=4696 cacheResets=1 batches=0 verts=0 texStalls=0 recompiles=809 underruns=2 overruns=0 sleep_us=7253412 queue_ms=10
fps: 60.0
vis: 60.0
cpu: exceptions=4876 cacheResets=1 batches=0 verts=0 texStalls=0 recompiles=809 underruns=2 overruns=0 sleep_us=7696950 queue_ms=7
fps: 60.0
vis: 60.0
cpu: exceptions=5056 cacheResets=1 batches=0 verts=0 texStalls=0 recompiles=809 underruns=2 overruns=0 sleep_us=8140410 queue_ms=11
fps: 60.0
vis: 60.0
cpu: exceptions=5236 cacheResets=1 batches=0 verts=0 texStalls=0 recompiles=811 underruns=2 overruns=0 sleep_us=8583594 queue_ms=8
fps: 60.0
vis: 59.0
cpu: exceptions=5510 cacheResets=1 batches=0 verts=0 texStalls=0 recompiles=1101 underruns=3 overruns=0 sleep_us=8954940 queue_ms=14
vis: 60.0
cpu: exceptions=5769 cacheResets=1 batches=0 verts=0 texStalls=0 recompiles=1125 underruns=4 overruns=0 sleep_us=9242180 queue_ms=18
vis: 60.0
cpu: exceptions=6021 cacheResets=1 batches=0 verts=0 texStalls=0 recompiles=1125 underruns=4 overruns=0 sleep_us=9542836 queue_ms=15
vis: 59.6
cpu: exceptions=6264 cacheResets=1 batches=0 verts=0 texStalls=0 recompiles=1125 underruns=4 overruns=0 sleep_us=9855763 queue_ms=11
vis: 60.0
cpu: exceptions=6489 cacheResets=1 batches=0 verts=0 texStalls=0 recompiles=1125 underruns=4 overruns=0 sleep_us=10160296 queue_ms=16
vis: 60.0
cpu: exceptions=6709 cacheResets=1 batches=0 verts=0 texStalls=0 recompiles=1125 underruns=4 overruns=0 sleep_us=10451847 queue_ms=12
vis: 60.0
cpu: exceptions=6928 cacheResets=1 batches=0 verts=0 texStalls=0 recompiles=1125 underruns=4 overruns=0 sleep_us=10752475 queue_ms=18
fps: 5.7
vis: 59.2
cpu: exceptions=7134 cacheResets=1 batches=658 verts=4521 texStalls=0 recompiles=1295 underruns=4 overruns=0 sleep_us=11024904 queue_ms=5
fps: 148.9
vis: 60.0
cpu: exceptions=7408 cacheResets=1 batches=10483 verts=72159 texStalls=0 recompiles=1419 underruns=4 overruns=0 sleep_us=11197779 queue_ms=10
mark: stop reason: chain guest VI limit
mark: stop_it requested
audio: alist_resample_calls=643 alist_resample_samples=78816 alist_zoh_calls=0 alist_zoh_samples=0 musyx_subframes=0 musyx_voices=0 musyx_voice_peak=0
audio_stages: adpcm_calls=643 adpcm_samples=57600 envmix_calls=643 envmix_samples=78816 mix_calls=31250 mix_samples=4170080 musyx_fx_calls=0 musyx_fx_taps=0 output_calls=781 output_samples=417008
audio_envmix: exp_calls=643 ge_calls=0 lin_calls=0 nead_calls=0 exp_steady=570 ge_steady=0 lin_steady=0
audio_gaps: nead_mats=0 nead_efz=0 resample_flag2=0 musyx_ptr10=0
audio_output: stream_requests=4009 stream_fed=1447 input_hz=32006 playback_hz=32006 queue_peak_ms=39
audio_time: stage=resample sampled_calls=5 sampled_samples=656 sampled_us=29
audio_time: stage=zoh sampled_calls=0 sampled_samples=0 sampled_us=0
audio_time: stage=adpcm sampled_calls=5 sampled_samples=496 sampled_us=24
audio_time: stage=envmix_exp sampled_calls=5 sampled_samples=656 sampled_us=61
audio_time: stage=envmix_ge sampled_calls=0 sampled_samples=0 sampled_us=0
audio_time: stage=envmix_lin sampled_calls=0 sampled_samples=0 sampled_us=0
audio_time: stage=envmix_nead sampled_calls=0 sampled_samples=0 sampled_us=0
audio_time: stage=mix sampled_calls=246 sampled_samples=32752 sampled_us=529
audio_time: stage=musyx_voice sampled_calls=0 sampled_samples=0 sampled_us=0
audio_time: stage=musyx_fx sampled_calls=0 sampled_samples=0 sampled_us=0
audio_time: stage=output sampled_calls=6 sampled_samples=3168 sampled_us=40
game: n=4/8 how=vis vis=900 vi_rate=60 vi0_retrace=9485 wall_us=15203126 sleep_us=11365886 avg_vis=57.94 avg_fps=54.92 exceptions=7670 cacheResets=1 recompiles=1420 batches=19559 verts=134406 texStalls=0 treeDepthMax=25 underruns=7 overruns=0 queue_peak_ms=18 dsp_avg=1.57 dsp_peak=4.05 pmc1=2347731396 pmc2=2447375971 pmc3=0 pmc4=0 mmcr0=00000042 mmcr1=00000000 heap_used=10467904 heap_free=78568 arena1_free=339968 arena2_free=577472 flushes=3 flush_us=40146 padtrace=4 rom=sd:/wii64/roms/Mario Party.v64
=== chain 4/8 end vis=900 how=vis rom=sd:/wii64/roms/Mario Party.v64 ===
mark: pad replay records: 11
mark: loadROM: enter
mark: loadROM: before rom_read
mark: ROMCache_load: enter
mark: ROMCache_load: before first read
mark: ROMCache_load: first read returned
mark: ROMCache_load: byte_swap_type set
mark: ROMCache_load: first byte_swap done
menufps: 0.1
menufps: 8.5
menufps: 8.1
menufps: 8.0
menufps: 8.1
menufps: 8.3
menufps: 8.3
menufps: 2.1
menufps: 1.3
menufps: 1.2
menufps: 1.3
menufps: 1.3
menufps: 1.2
menufps: 1.3
menufps: 3.6
menufps: 8.3
menufps: 8.3
menufps: 8.3
menufps: 8.3
mark: ROMCache_load: loop exited normally
mark: ROMCache_load: preflush_us=17356982
mark: ROMCache_load: elapsed_us=29934891 bytes=33554432 vm=1
mark: loadROM: after rom_read
mark: loadROM: before init_memory
mark: loadROM: after init_memory
mark: loadROM: before romOpen_gfx
mark: loadROM: after romOpen_gfx / before romOpen_audio
mark: loadROM: after romOpen_audio / before romOpen_input
mark: loadROM: after romOpen_input / before cpu_init
mark: loadROM: after cpu_init
menufps: 0.2
menufps: 0.7
first_vi: vi0_retrace=12404
mark: CPU core dispatch: dynarec
vis: 50.0
cpu: exceptions=417 cacheResets=1 batches=0 verts=0 texStalls=0 recompiles=309 underruns=0 overruns=0 sleep_us=180912 queue_ms=0
vis: 50.0
cpu: exceptions=657 cacheResets=1 batches=0 verts=0 texStalls=0 recompiles=309 underruns=0 overruns=0 sleep_us=673424 queue_ms=0
vis: 50.0
cpu: exceptions=3133 cacheResets=1 batches=0 verts=0 texStalls=0 recompiles=333 underruns=0 overruns=0 sleep_us=1113517 queue_ms=0
vis: 50.0
cpu: exceptions=3373 cacheResets=1 batches=0 verts=0 texStalls=0 recompiles=333 underruns=0 overruns=0 sleep_us=1605548 queue_ms=0
fps: 0.4
vis: 49.0
cpu: exceptions=3641 cacheResets=1 batches=0 verts=0 texStalls=0 recompiles=924 underruns=2 overruns=0 sleep_us=1935288 queue_ms=11
fps: 34.9
vis: 50.0
cpu: exceptions=3789 cacheResets=1 batches=0 verts=0 texStalls=8 recompiles=965 underruns=2 overruns=0 sleep_us=2346315 queue_ms=9
fps: 50.0
vis: 50.0
cpu: exceptions=3941 cacheResets=1 batches=0 verts=0 texStalls=8 recompiles=965 underruns=2 overruns=0 sleep_us=2762237 queue_ms=14
fps: 50.0
vis: 50.0
cpu: exceptions=4089 cacheResets=1 batches=0 verts=0 texStalls=8 recompiles=972 underruns=2 overruns=0 sleep_us=3182186 queue_ms=11
fps: 50.0
vis: 50.0
cpu: exceptions=4241 cacheResets=1 batches=0 verts=0 texStalls=8 recompiles=972 underruns=2 overruns=0 sleep_us=3598265 queue_ms=17
fps: 50.0
vis: 50.0
cpu: exceptions=4389 cacheResets=1 batches=0 verts=0 texStalls=8 recompiles=972 underruns=2 overruns=0 sleep_us=4018716 queue_ms=15
fps: 50.0
vis: 50.0
cpu: exceptions=4541 cacheResets=1 batches=0 verts=0 texStalls=8 recompiles=972 underruns=2 overruns=0 sleep_us=4434841 queue_ms=20
fps: 50.0
vis: 50.0
cpu: exceptions=4689 cacheResets=1 batches=0 verts=0 texStalls=8 recompiles=972 underruns=2 overruns=0 sleep_us=4855330 queue_ms=17
fps: 49.9
vis: 50.0
cpu: exceptions=4847 cacheResets=1 batches=0 verts=0 texStalls=8 recompiles=1001 underruns=2 overruns=0 sleep_us=5255683 queue_ms=15
fps: 50.0
vis: 50.0
cpu: exceptions=4995 cacheResets=1 batches=0 verts=0 texStalls=8 recompiles=1002 underruns=2 overruns=0 sleep_us=5669662 queue_ms=21
fps: 50.0
vis: 50.0
cpu: exceptions=5147 cacheResets=1 batches=0 verts=0 texStalls=8 recompiles=1002 underruns=2 overruns=0 sleep_us=6078844 queue_ms=18
fps: 50.0
vis: 50.0
cpu: exceptions=5295 cacheResets=1 batches=0 verts=0 texStalls=8 recompiles=1002 underruns=2 overruns=0 sleep_us=6492933 queue_ms=23
fps: 50.0
vis: 50.0
cpu: exceptions=5447 cacheResets=1 batches=0 verts=0 texStalls=8 recompiles=1002 underruns=2 overruns=0 sleep_us=6902206 queue_ms=21
vis: 50.0
cpu: exceptions=5595 cacheResets=1 batches=0 verts=0 texStalls=8 recompiles=1002 underruns=2 overruns=0 sleep_us=7316294 queue_ms=27
fps: 50.0
vis: 50.0
cpu: exceptions=5747 cacheResets=1 batches=0 verts=0 texStalls=8 recompiles=1002 underruns=2 overruns=0 sleep_us=7725460 queue_ms=23
fps: 50.0
vis: 50.0
cpu: exceptions=5895 cacheResets=1 batches=0 verts=0 texStalls=8 recompiles=1002 underruns=2 overruns=0 sleep_us=8139461 queue_ms=31
fps: 48.4
vis: 50.0
cpu: exceptions=6047 cacheResets=1 batches=0 verts=0 texStalls=8 recompiles=1002 underruns=2 overruns=0 sleep_us=8548882 queue_ms=10
fps: 50.0
vis: 50.0
cpu: exceptions=6195 cacheResets=1 batches=0 verts=0 texStalls=8 recompiles=1002 underruns=2 overruns=0 sleep_us=8963108 queue_ms=15
fps: 50.0
vis: 50.0
cpu: exceptions=6347 cacheResets=1 batches=0 verts=0 texStalls=8 recompiles=1002 underruns=2 overruns=0 sleep_us=9372385 queue_ms=12
fps: 50.0
vis: 50.0
cpu: exceptions=6495 cacheResets=1 batches=0 verts=0 texStalls=8 recompiles=1002 underruns=2 overruns=0 sleep_us=9786497 queue_ms=9
fps: 50.0
vis: 50.0
cpu: exceptions=6650 cacheResets=1 batches=0 verts=0 texStalls=8 recompiles=1143 underruns=2 overruns=0 sleep_us=10179549 queue_ms=15
fps: 50.0
vis: 50.0
cpu: exceptions=6802 cacheResets=1 batches=0 verts=0 texStalls=8 recompiles=1143 underruns=2 overruns=0 sleep_us=10586817 queue_ms=12
fps: 50.0
vis: 50.0
cpu: exceptions=7022 cacheResets=1 batches=0 verts=0 texStalls=8 recompiles=1205 underruns=2 overruns=0 sleep_us=11012153 queue_ms=18
fps: 34.9
vis: 50.0
cpu: exceptions=7206 cacheResets=1 batches=0 verts=0 texStalls=8 recompiles=1245 underruns=3 overruns=0 sleep_us=11438653 queue_ms=3
fps: 43.9
vis: 50.0
cpu: exceptions=7355 cacheResets=1 batches=0 verts=0 texStalls=8 recompiles=1254 underruns=3 overruns=0 sleep_us=11871660 queue_ms=10
fps: 50.0
vis: 50.0
cpu: exceptions=7507 cacheResets=1 batches=0 verts=0 texStalls=8 recompiles=1254 underruns=3 overruns=0 sleep_us=12318898 queue_ms=7
fps: 50.0
vis: 50.0
cpu: exceptions=7655 cacheResets=1 batches=0 verts=0 texStalls=8 recompiles=1256 underruns=3 overruns=0 sleep_us=12768105 queue_ms=13
fps: 50.0
vis: 50.0
cpu: exceptions=7807 cacheResets=1 batches=0 verts=0 texStalls=8 recompiles=1256 underruns=3 overruns=0 sleep_us=13215680 queue_ms=9
fps: 50.0
vis: 50.0
cpu: exceptions=7955 cacheResets=1 batches=0 verts=0 texStalls=8 recompiles=1256 underruns=3 overruns=0 sleep_us=13665231 queue_ms=16
fps: 50.0
vis: 50.0
cpu: exceptions=8106 cacheResets=1 batches=0 verts=0 texStalls=8 recompiles=1256 underruns=3 overruns=0 sleep_us=14112585 queue_ms=13
fps: 50.1
vis: 50.0
cpu: exceptions=8254 cacheResets=1 batches=0 verts=0 texStalls=8 recompiles=1258 underruns=3 overruns=0 sleep_us=14569354 queue_ms=9
fps: 46.1
mark: stop reason: chain guest VI limit
mark: stop_it requested
audio: alist_resample_calls=262 alist_resample_samples=38912 alist_zoh_calls=0 alist_zoh_samples=0 musyx_subframes=0 musyx_voices=0 musyx_voice_peak=0
audio_stages: adpcm_calls=262 adpcm_samples=26816 envmix_calls=262 envmix_samples=38912 mix_calls=34450 mix_samples=5036320 musyx_fx_calls=0 musyx_fx_taps=0 output_calls=784 output_samples=503008
audio_envmix: exp_calls=262 ge_calls=0 lin_calls=0 nead_calls=0 exp_steady=262 ge_steady=0 lin_steady=0
audio_gaps: nead_mats=0 nead_efz=0 resample_flag2=0 musyx_ptr10=0
audio_output: stream_requests=4445 stream_fed=1746 input_hz=31995 playback_hz=31995 queue_peak_ms=51
audio_time: stage=resample sampled_calls=2 sampled_samples=304 sampled_us=12
audio_time: stage=zoh sampled_calls=0 sampled_samples=0 sampled_us=0
audio_time: stage=adpcm sampled_calls=2 sampled_samples=208 sampled_us=8
audio_time: stage=envmix_exp sampled_calls=2 sampled_samples=304 sampled_us=26
audio_time: stage=envmix_ge sampled_calls=0 sampled_samples=0 sampled_us=0
audio_time: stage=envmix_lin sampled_calls=0 sampled_samples=0 sampled_us=0
audio_time: stage=envmix_nead sampled_calls=0 sampled_samples=0 sampled_us=0
audio_time: stage=mix sampled_calls=271 sampled_samples=39248 sampled_us=635
audio_time: stage=musyx_voice sampled_calls=0 sampled_samples=0 sampled_us=0
audio_time: stage=musyx_fx sampled_calls=0 sampled_samples=0 sampled_us=0
audio_time: stage=output sampled_calls=6 sampled_samples=3856 sampled_us=52
game: n=5/8 how=vis vis=900 vi_rate=50 vi0_retrace=12404 wall_us=18177873 sleep_us=14952927 avg_vis=49.97 avg_fps=47.05 exceptions=8400 cacheResets=1 recompiles=1258 batches=0 verts=0 texStalls=8 treeDepthMax=17 underruns=4 overruns=0 queue_peak_ms=31 dsp_avg=1.47 dsp_peak=1.65 pmc1=2102869696 pmc2=1973746164 pmc3=0 pmc4=0 mmcr0=00000042 mmcr1=00000000 heap_used=10455520 heap_free=90952 arena1_free=339968 arena2_free=577472 flushes=3 flush_us=43273 padtrace=4 rom=sd:/wii64/roms/Mario Party 2 (E) (M5) [!].z64
=== chain 5/8 end vis=900 how=vis rom=sd:/wii64/roms/Mario Party 2 (E) (M5) [!].z64 ===
mark: pad replay records: 11
mark: loadROM: enter
mark: loadROM: before rom_read
mark: ROMCache_load: enter
mark: ROMCache_load: before first read
mark: ROMCache_load: first read returned
mark: ROMCache_load: byte_swap_type set
mark: ROMCache_load: first byte_swap done
menufps: 0.1
menufps: 8.4
menufps: 8.1
menufps: 8.1
menufps: 8.1
menufps: 8.3
menufps: 7.8
menufps: 1.2
menufps: 1.3
menufps: 1.3
menufps: 1.3
menufps: 1.3
menufps: 1.3
menufps: 1.2
menufps: 3.7
menufps: 8.3
menufps: 8.3
menufps: 8.4
menufps: 8.3
mark: ROMCache_load: loop exited normally
mark: ROMCache_load: preflush_us=17262509
mark: ROMCache_load: elapsed_us=29780971 bytes=33554432 vm=1
mark: loadROM: after rom_read
mark: loadROM: before init_memory
mark: loadROM: after init_memory
mark: loadROM: before romOpen_gfx
mark: loadROM: after romOpen_gfx / before romOpen_audio
mark: loadROM: after romOpen_audio / before romOpen_input
mark: loadROM: after romOpen_input / before cpu_init
mark: loadROM: after cpu_init
menufps: 0.2
menufps: 0.7
first_vi: vi0_retrace=15493
mark: CPU core dispatch: dynarec
vis: 50.0
cpu: exceptions=1751 cacheResets=1 batches=0 verts=0 texStalls=0 recompiles=367 underruns=0 overruns=0 sleep_us=143317 queue_ms=0
fps: 1.3
vis: 50.0
cpu: exceptions=2779 cacheResets=1 batches=0 verts=0 texStalls=0 recompiles=807 underruns=1 overruns=0 sleep_us=507854 queue_ms=38
fps: 33.9
vis: 50.0
cpu: exceptions=2991 cacheResets=1 batches=0 verts=0 texStalls=7 recompiles=1244 underruns=1 overruns=0 sleep_us=823404 queue_ms=17
fps: 49.8
vis: 50.0
cpu: exceptions=3124 cacheResets=1 batches=0 verts=0 texStalls=7 recompiles=1253 underruns=1 overruns=0 sleep_us=1236543 queue_ms=28
fps: 50.2
vis: 50.0
cpu: exceptions=3276 cacheResets=1 batches=0 verts=0 texStalls=7 recompiles=1267 underruns=1 overruns=0 sleep_us=1629738 queue_ms=36
fps: 48.1
vis: 50.0
cpu: exceptions=3433 cacheResets=1 batches=0 verts=0 texStalls=7 recompiles=1269 underruns=1 overruns=0 sleep_us=2017351 queue_ms=20
fps: 50.1
vis: 50.0
cpu: exceptions=3584 cacheResets=1 batches=0 verts=0 texStalls=7 recompiles=1277 underruns=1 overruns=0 sleep_us=2399175 queue_ms=2
fps: 49.8
vis: 50.0
cpu: exceptions=3731 cacheResets=1 batches=0 verts=0 texStalls=7 recompiles=1277 underruns=1 overruns=0 sleep_us=2789123 queue_ms=10
fps: 50.2
vis: 50.0
cpu: exceptions=3882 cacheResets=1 batches=0 verts=0 texStalls=7 recompiles=1278 underruns=1 overruns=0 sleep_us=3177099 queue_ms=27
fps: 49.9
vis: 50.0
cpu: exceptions=4024 cacheResets=1 batches=0 verts=0 texStalls=7 recompiles=1279 underruns=1 overruns=0 sleep_us=3565811 queue_ms=23
fps: 50.1
vis: 50.0
cpu: exceptions=4173 cacheResets=1 batches=0 verts=0 texStalls=7 recompiles=1279 underruns=1 overruns=0 sleep_us=3952705 queue_ms=11
vis: 50.0
cpu: exceptions=4325 cacheResets=1 batches=0 verts=0 texStalls=7 recompiles=1280 underruns=1 overruns=0 sleep_us=4346040 queue_ms=19
fps: 49.8
vis: 50.0
cpu: exceptions=4483 cacheResets=1 batches=0 verts=0 texStalls=7 recompiles=1313 underruns=1 overruns=0 sleep_us=4720400 queue_ms=30
fps: 50.1
vis: 50.0
cpu: exceptions=4632 cacheResets=1 batches=0 verts=0 texStalls=7 recompiles=1315 underruns=1 overruns=0 sleep_us=5099975 queue_ms=32
fps: 50.0
vis: 50.0
cpu: exceptions=4774 cacheResets=1 batches=0 verts=0 texStalls=7 recompiles=1318 underruns=1 overruns=0 sleep_us=5477904 queue_ms=20
fps: 50.0
vis: 50.0
cpu: exceptions=4912 cacheResets=1 batches=0 verts=0 texStalls=7 recompiles=1318 underruns=1 overruns=0 sleep_us=5862920 queue_ms=22
fps: 50.0
vis: 50.0
cpu: exceptions=5056 cacheResets=1 batches=0 verts=0 texStalls=7 recompiles=1318 underruns=1 overruns=0 sleep_us=6250782 queue_ms=29
fps: 50.1
vis: 50.0
cpu: exceptions=5203 cacheResets=1 batches=0 verts=0 texStalls=7 recompiles=1318 underruns=1 overruns=0 sleep_us=6645264 queue_ms=35
fps: 49.9
vis: 50.0
cpu: exceptions=5352 cacheResets=1 batches=0 verts=0 texStalls=7 recompiles=1318 underruns=1 overruns=0 sleep_us=7032027 queue_ms=14
fps: 50.1
vis: 50.0
cpu: exceptions=5502 cacheResets=1 batches=0 verts=0 texStalls=7 recompiles=1318 underruns=1 overruns=0 sleep_us=7419235 queue_ms=30
fps: 49.9
vis: 50.0
cpu: exceptions=5651 cacheResets=1 batches=0 verts=0 texStalls=7 recompiles=1318 underruns=1 overruns=0 sleep_us=7804259 queue_ms=32
fps: 50.0
vis: 50.0
cpu: exceptions=5792 cacheResets=1 batches=0 verts=0 texStalls=7 recompiles=1318 underruns=1 overruns=0 sleep_us=8194929 queue_ms=43
fps: 49.9
vis: 50.0
cpu: exceptions=5946 cacheResets=1 batches=0 verts=0 texStalls=7 recompiles=1318 underruns=1 overruns=0 sleep_us=8579010 queue_ms=22
fps: 50.0
vis: 50.0
cpu: exceptions=6095 cacheResets=1 batches=0 verts=0 texStalls=7 recompiles=1318 underruns=1 overruns=0 sleep_us=8959241 queue_ms=24
fps: 49.9
vis: 50.0
cpu: exceptions=6252 cacheResets=1 batches=0 verts=0 texStalls=7 recompiles=1425 underruns=1 overruns=0 sleep_us=9326479 queue_ms=41
fps: 48.9
vis: 50.0
cpu: exceptions=6432 cacheResets=1 batches=0 verts=0 texStalls=7 recompiles=1436 underruns=1 overruns=0 sleep_us=9703571 queue_ms=34
fps: 50.1
vis: 50.0
cpu: exceptions=6575 cacheResets=1 batches=0 verts=0 texStalls=7 recompiles=1457 underruns=1 overruns=0 sleep_us=10130830 queue_ms=7
fps: 46.5
vis: 50.0
cpu: exceptions=6746 cacheResets=1 batches=0 verts=0 texStalls=7 recompiles=1475 underruns=1 overruns=0 sleep_us=10546511 queue_ms=24
fps: 50.0
vis: 50.0
cpu: exceptions=6886 cacheResets=1 batches=0 verts=0 texStalls=7 recompiles=1475 underruns=1 overruns=0 sleep_us=10999712 queue_ms=26
fps: 50.0
vis: 50.0
cpu: exceptions=7021 cacheResets=1 batches=0 verts=0 texStalls=7 recompiles=1477 underruns=1 overruns=0 sleep_us=11454631 queue_ms=37
fps: 50.0
vis: 50.0
cpu: exceptions=7161 cacheResets=1 batches=0 verts=0 texStalls=7 recompiles=1477 underruns=1 overruns=0 sleep_us=11908384 queue_ms=16
fps: 50.0
vis: 50.0
cpu: exceptions=7297 cacheResets=1 batches=0 verts=0 texStalls=7 recompiles=1477 underruns=1 overruns=0 sleep_us=12363901 queue_ms=27
fps: 50.0
vis: 50.0
cpu: exceptions=7436 cacheResets=1 batches=0 verts=0 texStalls=7 recompiles=1482 underruns=1 overruns=0 sleep_us=12817228 queue_ms=35
fps: 50.1
vis: 50.0
cpu: exceptions=7571 cacheResets=1 batches=0 verts=0 texStalls=7 recompiles=1484 underruns=1 overruns=0 sleep_us=13276719 queue_ms=46
fps: 46.0
vis: 50.0
cpu: exceptions=7712 cacheResets=1 batches=0 verts=0 texStalls=7 recompiles=1484 underruns=1 overruns=0 sleep_us=13705106 queue_ms=19
fps: 50.0
mark: stop reason: chain guest VI limit
mark: stop_it requested
audio: alist_resample_calls=19920 alist_resample_samples=3665280 alist_zoh_calls=0 alist_zoh_samples=0 musyx_subframes=0 musyx_voices=0 musyx_voice_peak=0
audio_stages: adpcm_calls=20583 adpcm_samples=3302304 envmix_calls=19920 envmix_samples=3665280 mix_calls=30350 mix_samples=5584400 musyx_fx_calls=0 musyx_fx_taps=0 output_calls=652 output_samples=557520
audio_envmix: exp_calls=0 ge_calls=0 lin_calls=19920 nead_calls=0 exp_steady=0 ge_steady=0 lin_steady=10752
audio_gaps: nead_mats=0 nead_efz=0 resample_flag2=0 musyx_ptr10=0
audio_output: stream_requests=3813 stream_fed=1935 input_hz=31995 playback_hz=31995 queue_peak_ms=67
audio_time: stage=resample sampled_calls=156 sampled_samples=28704 sampled_us=1135
audio_time: stage=zoh sampled_calls=0 sampled_samples=0 sampled_us=0
audio_time: stage=adpcm sampled_calls=162 sampled_samples=27264 sampled_us=1131
audio_time: stage=envmix_exp sampled_calls=0 sampled_samples=0 sampled_us=0
audio_time: stage=envmix_ge sampled_calls=0 sampled_samples=0 sampled_us=0
audio_time: stage=envmix_lin sampled_calls=156 sampled_samples=28704 sampled_us=2921
audio_time: stage=envmix_nead sampled_calls=0 sampled_samples=0 sampled_us=0
audio_time: stage=mix sampled_calls=238 sampled_samples=43792 sampled_us=718
audio_time: stage=musyx_voice sampled_calls=0 sampled_samples=0 sampled_us=0
audio_time: stage=musyx_fx sampled_calls=0 sampled_samples=0 sampled_us=0
audio_time: stage=output sampled_calls=5 sampled_samples=4232 sampled_us=63
game: n=6/8 how=vis vis=900 vi_rate=50 vi0_retrace=15493 wall_us=18174391 sleep_us=14123947 avg_vis=50.00 avg_fps=47.78 exceptions=7845 cacheResets=1 recompiles=1485 batches=0 verts=0 texStalls=7 treeDepthMax=18 underruns=1 overruns=0 queue_peak_ms=46 dsp_avg=1.45 dsp_peak=1.65 pmc1=2699459231 pmc2=2589553738 pmc3=0 pmc4=0 mmcr0=00000042 mmcr1=00000000 heap_used=10467776 heap_free=78696 arena1_free=339968 arena2_free=577472 flushes=4 flush_us=58429 padtrace=4 rom=sd:/wii64/roms/Mario Party 3 (E) (M4) [!].z64
=== chain 6/8 end vis=900 how=vis rom=sd:/wii64/roms/Mario Party 3 (E) (M4) [!].z64 ===
mark: pad replay records: 1
mark: loadROM: enter
mark: loadROM: before rom_read
mark: ROMCache_load: enter
mark: ROMCache_load: before first read
mark: ROMCache_load: first read returned
mark: ROMCache_load: byte_swap_type set
mark: ROMCache_load: first byte_swap done
menufps: 0.1
menufps: 8.4
menufps: 8.1
menufps: 8.3
menufps: 8.3
menufps: 7.5
menufps: 8.3
mark: ROMCache_load: loop exited normally
mark: ROMCache_load: elapsed_us=3778834 bytes=16777216 vm=0
mark: loadROM: after rom_read
mark: loadROM: before init_memory
mark: loadROM: after init_memory
mark: loadROM: before romOpen_gfx
mark: loadROM: after romOpen_gfx / before romOpen_audio
mark: loadROM: after romOpen_audio / before romOpen_input
mark: loadROM: after romOpen_input / before cpu_init
mark: loadROM: after cpu_init
menufps: 1.2
fps: 0.3
first_vi: vi0_retrace=17021
vis: 3.1
cpu: exceptions=0 cacheResets=0 batches=0 verts=0 texStalls=0 recompiles=0 underruns=0 overruns=0 sleep_us=0 queue_ms=0
mark: CPU core dispatch: dynarec
vis: 60.0
cpu: exceptions=1472 cacheResets=1 batches=0 verts=0 texStalls=0 recompiles=421 underruns=0 overruns=0 sleep_us=149586 queue_ms=157
fps: 3.1
vis: 60.0
cpu: exceptions=2356 cacheResets=1 batches=0 verts=0 texStalls=0 recompiles=425 underruns=0 overruns=0 sleep_us=532299 queue_ms=151
fps: 60.6
vis: 60.0
cpu: exceptions=2626 cacheResets=1 batches=0 verts=0 texStalls=0 recompiles=425 underruns=0 overruns=0 sleep_us=965232 queue_ms=147
fps: 60.0
vis: 60.0
cpu: exceptions=2919 cacheResets=1 batches=0 verts=0 texStalls=0 recompiles=468 underruns=0 overruns=0 sleep_us=1384563 queue_ms=153
vis: 60.0
cpu: exceptions=3299 cacheResets=1 batches=0 verts=0 texStalls=0 recompiles=468 underruns=0 overruns=0 sleep_us=1745572 queue_ms=148
fps: 14.8
vis: 60.0
cpu: exceptions=3657 cacheResets=1 batches=1177 verts=22395 texStalls=0 recompiles=750 underruns=0 overruns=0 sleep_us=1939298 queue_ms=145
fps: 64.2
vis: 60.0
cpu: exceptions=3948 cacheResets=1 batches=4104 verts=78084 texStalls=0 recompiles=763 underruns=0 overruns=0 sleep_us=2138567 queue_ms=141
fps: 60.0
vis: 60.0
cpu: exceptions=4245 cacheResets=1 batches=7211 verts=134430 texStalls=0 recompiles=775 underruns=0 overruns=0 sleep_us=2338013 queue_ms=146
fps: 60.0
vis: 60.0
cpu: exceptions=4543 cacheResets=1 batches=10356 verts=190776 texStalls=0 recompiles=775 underruns=0 overruns=0 sleep_us=2537050 queue_ms=143
fps: 56.8
vis: 60.0
cpu: exceptions=4834 cacheResets=1 batches=13427 verts=245856 texStalls=0 recompiles=775 underruns=0 overruns=0 sleep_us=2739683 queue_ms=121
fps: 60.0
vis: 60.0
cpu: exceptions=5122 cacheResets=1 batches=16506 verts=300504 texStalls=0 recompiles=775 underruns=0 overruns=0 sleep_us=2944271 queue_ms=117
fps: 60.0
vis: 60.0
cpu: exceptions=5416 cacheResets=1 batches=19686 verts=356133 texStalls=0 recompiles=775 underruns=0 overruns=0 sleep_us=3145138 queue_ms=113
fps: 60.0
vis: 60.0
cpu: exceptions=5704 cacheResets=1 batches=22983 verts=412098 texStalls=0 recompiles=777 underruns=0 overruns=0 sleep_us=3347893 queue_ms=119
fps: 60.0
vis: 60.0
cpu: exceptions=5998 cacheResets=1 batches=26387 verts=468024 texStalls=0 recompiles=777 underruns=0 overruns=0 sleep_us=3543491 queue_ms=114
fps: 60.0
vis: 60.0
cpu: exceptions=6296 cacheResets=1 batches=29890 verts=523374 texStalls=0 recompiles=777 underruns=0 overruns=0 sleep_us=3736364 queue_ms=120
fps: 60.0
vis: 60.0
cpu: exceptions=6589 cacheResets=1 batches=33615 verts=579522 texStalls=0 recompiles=777 underruns=0 overruns=0 sleep_us=3928944 queue_ms=117
fps: 60.0
vis: 60.0
cpu: exceptions=6888 cacheResets=1 batches=37557 verts=633534 texStalls=0 recompiles=777 underruns=0 overruns=0 sleep_us=4116041 queue_ms=121
fps: 60.0
vis: 60.0
cpu: exceptions=7179 cacheResets=1 batches=41554 verts=686907 texStalls=0 recompiles=777 underruns=0 overruns=0 sleep_us=4305875 queue_ms=118
fps: 60.0
vis: 60.0
cpu: exceptions=7471 cacheResets=1 batches=45541 verts=739578 texStalls=0 recompiles=777 underruns=0 overruns=0 sleep_us=4497577 queue_ms=114
fps: 60.0
vis: 60.0
cpu: exceptions=7761 cacheResets=1 batches=49578 verts=792489 texStalls=0 recompiles=777 underruns=0 overruns=0 sleep_us=4690245 queue_ms=119
fps: 60.0
vis: 60.0
cpu: exceptions=8050 cacheResets=1 batches=53619 verts=846087 texStalls=0 recompiles=777 underruns=0 overruns=0 sleep_us=4886221 queue_ms=117
fps: 60.0
vis: 60.0
cpu: exceptions=8348 cacheResets=1 batches=57768 verts=901041 texStalls=0 recompiles=777 underruns=0 overruns=0 sleep_us=5075471 queue_ms=121
fps: 60.0
vis: 60.0
cpu: exceptions=8642 cacheResets=1 batches=62012 verts=956436 texStalls=0 recompiles=777 underruns=0 overruns=0 sleep_us=5256619 queue_ms=117
fps: 60.0
vis: 60.0
cpu: exceptions=8953 cacheResets=1 batches=66422 verts=1013907 texStalls=0 recompiles=777 underruns=0 overruns=0 sleep_us=5424231 queue_ms=123
fps: 60.0
vis: 60.0
cpu: exceptions=9272 cacheResets=1 batches=70989 verts=1074573 texStalls=0 recompiles=777 underruns=0 overruns=0 sleep_us=5587039 queue_ms=119
fps: 60.0
vis: 60.0
cpu: exceptions=9591 cacheResets=1 batches=75569 verts=1136145 texStalls=0 recompiles=777 underruns=0 overruns=0 sleep_us=5751006 queue_ms=115
fps: 60.0
vis: 60.0
cpu: exceptions=9903 cacheResets=1 batches=80250 verts=1199115 texStalls=0 recompiles=777 underruns=0 overruns=0 sleep_us=5915161 queue_ms=121
fps: 60.0
vis: 60.0
cpu: exceptions=10212 cacheResets=1 batches=84959 verts=1262799 texStalls=0 recompiles=777 underruns=0 overruns=0 sleep_us=6081023 queue_ms=116
fps: 59.8
vis: 60.0
cpu: exceptions=10525 cacheResets=1 batches=90150 verts=1339956 texStalls=0 recompiles=777 underruns=0 overruns=0 sleep_us=6237850 queue_ms=122
fps: 57.8
mark: stop reason: chain guest VI limit
mark: stop_it requested
audio: alist_resample_calls=10077 alist_resample_samples=1250096 alist_zoh_calls=0 alist_zoh_samples=0 musyx_subframes=0 musyx_voices=0 musyx_voice_peak=0
audio_stages: adpcm_calls=9759 adpcm_samples=1154016 envmix_calls=10077 envmix_samples=1250096 mix_calls=79024 mix_samples=10544864 musyx_fx_calls=0 musyx_fx_taps=0 output_calls=897 output_samples=478768
audio_envmix: exp_calls=10077 ge_calls=0 lin_calls=0 nead_calls=0 exp_steady=5510 ge_steady=0 lin_steady=0
audio_gaps: nead_mats=0 nead_efz=0 resample_flag2=0 musyx_ptr10=0
audio_output: stream_requests=3314 stream_fed=1653 input_hz=32006 playback_hz=32006 queue_peak_ms=176
audio_time: stage=resample sampled_calls=79 sampled_samples=10240 sampled_us=442
audio_time: stage=zoh sampled_calls=0 sampled_samples=0 sampled_us=0
audio_time: stage=adpcm sampled_calls=76 sampled_samples=8016 sampled_us=365
audio_time: stage=envmix_exp sampled_calls=79 sampled_samples=10240 sampled_us=1212
audio_time: stage=envmix_ge sampled_calls=0 sampled_samples=0 sampled_us=0
audio_time: stage=envmix_lin sampled_calls=0 sampled_samples=0 sampled_us=0
audio_time: stage=envmix_nead sampled_calls=0 sampled_samples=0 sampled_us=0
audio_time: stage=mix sampled_calls=622 sampled_samples=83008 sampled_us=1352
audio_time: stage=musyx_voice sampled_calls=0 sampled_samples=0 sampled_us=0
audio_time: stage=musyx_fx sampled_calls=0 sampled_samples=0 sampled_us=0
audio_time: stage=output sampled_calls=7 sampled_samples=3712 sampled_us=68
game: n=7/8 how=vis vis=900 vi_rate=60 vi0_retrace=17021 wall_us=15211663 sleep_us=6354681 avg_vis=58.10 avg_fps=54.39 exceptions=10824 cacheResets=1 recompiles=777 batches=96372 verts=1451760 texStalls=0 treeDepthMax=12 underruns=0 overruns=0 queue_peak_ms=157 dsp_avg=1.55 dsp_peak=1.75 pmc1=6289581617 pmc2=6029296470 pmc3=0 pmc4=0 mmcr0=00000042 mmcr1=00000000 heap_used=10426528 heap_free=119944 arena1_free=339968 arena2_free=577472 flushes=4 flush_us=60820 padtrace=0 rom=sd:/wii64/roms/Pokemon Snap.rom
=== chain 7/8 end vis=900 how=vis rom=sd:/wii64/roms/Pokemon Snap.rom ===
mark: pad replay records: 1
mark: loadROM: enter
mark: loadROM: before rom_read
mark: ROMCache_load: enter
mark: ROMCache_load: before first read
mark: ROMCache_load: first read returned
mark: ROMCache_load: byte_swap_type set
mark: ROMCache_load: first byte_swap done
menufps: 0.1
menufps: 8.4
menufps: 7.8
menufps: 7.5
menufps: 8.0
menufps: 8.0
menufps: 8.1
menufps: 8.0
mark: ROMCache_load: loop exited normally
mark: ROMCache_load: elapsed_us=3937550 bytes=16777216 vm=0
mark: loadROM: after rom_read
mark: loadROM: before init_memory
mark: loadROM: after init_memory
mark: loadROM: before romOpen_gfx
mark: loadROM: after romOpen_gfx / before romOpen_audio
mark: loadROM: after romOpen_audio / before romOpen_input
mark: loadROM: after romOpen_input / before cpu_init
mark: loadROM: after cpu_init
menufps: 0.9
fps: 1.0
first_vi: vi0_retrace=18378
vis: 3.7
cpu: exceptions=0 cacheResets=0 batches=0 verts=0 texStalls=0 recompiles=0 underruns=0 overruns=0 sleep_us=0 queue_ms=0
mark: CPU core dispatch: dynarec
vis: 60.0
cpu: exceptions=3983 cacheResets=1 batches=0 verts=0 texStalls=0 recompiles=223 underruns=0 overruns=0 sleep_us=121954 queue_ms=138
fps: 1.1
vis: 60.0
cpu: exceptions=8400 cacheResets=1 batches=0 verts=0 texStalls=0 recompiles=394 underruns=0 overruns=0 sleep_us=331484 queue_ms=143
fps: 61.0
vis: 60.0
cpu: exceptions=8583 cacheResets=1 batches=0 verts=0 texStalls=0 recompiles=410 underruns=0 overruns=0 sleep_us=765586 queue_ms=139
vis: 60.0
cpu: exceptions=8853 cacheResets=1 batches=0 verts=0 texStalls=0 recompiles=437 underruns=0 overruns=0 sleep_us=1163029 queue_ms=145
fps: 20.6
vis: 58.0
cpu: exceptions=9576 cacheResets=1 batches=27 verts=186 texStalls=0 recompiles=695 underruns=0 overruns=0 sleep_us=1464555 queue_ms=123
vis: 60.0
cpu: exceptions=9774 cacheResets=1 batches=825 verts=5673 texStalls=0 recompiles=765 underruns=0 overruns=0 sleep_us=1781076 queue_ms=128
fps: 61.3
vis: 60.0
cpu: exceptions=9987 cacheResets=1 batches=1522 verts=10407 texStalls=0 recompiles=765 underruns=0 overruns=0 sleep_us=2102446 queue_ms=124
fps: 60.0
vis: 60.0
cpu: exceptions=10198 cacheResets=1 batches=2198 verts=15180 texStalls=0 recompiles=767 underruns=0 overruns=0 sleep_us=2421964 queue_ms=121
fps: 60.0
vis: 60.0
cpu: exceptions=10435 cacheResets=1 batches=3450 verts=31107 texStalls=0 recompiles=784 underruns=0 overruns=0 sleep_us=2719094 queue_ms=126
fps: 59.9
vis: 60.0
cpu: exceptions=10656 cacheResets=1 batches=5272 verts=59304 texStalls=0 recompiles=784 underruns=0 overruns=0 sleep_us=3025367 queue_ms=122
fps: 60.1
vis: 60.0
cpu: exceptions=10877 cacheResets=1 batches=7102 verts=92082 texStalls=0 recompiles=784 underruns=0 overruns=0 sleep_us=3335037 queue_ms=127
fps: 60.0
vis: 60.0
cpu: exceptions=11098 cacheResets=1 batches=9003 verts=122175 texStalls=0 recompiles=784 underruns=0 overruns=0 sleep_us=3644705 queue_ms=124
fps: 60.0
vis: 60.0
cpu: exceptions=11323 cacheResets=1 batches=10903 verts=152469 texStalls=0 recompiles=784 underruns=0 overruns=0 sleep_us=3954202 queue_ms=129
fps: 59.9
vis: 60.0
cpu: exceptions=11543 cacheResets=1 batches=12840 verts=180060 texStalls=0 recompiles=784 underruns=0 overruns=0 sleep_us=4264655 queue_ms=125
fps: 60.0
vis: 60.0
cpu: exceptions=11796 cacheResets=1 batches=15456 verts=220431 texStalls=0 recompiles=816 underruns=0 overruns=0 sleep_us=4524013 queue_ms=130
fps: 59.9
vis: 60.0
cpu: exceptions=12050 cacheResets=1 batches=18193 verts=262119 texStalls=0 recompiles=816 underruns=0 overruns=0 sleep_us=4782059 queue_ms=127
fps: 60.1
vis: 60.0
cpu: exceptions=12281 cacheResets=1 batches=21061 verts=305931 texStalls=0 recompiles=816 underruns=0 overruns=0 sleep_us=5051284 queue_ms=123
fps: 59.9
vis: 60.0
cpu: exceptions=12555 cacheResets=1 batches=23851 verts=350346 texStalls=0 recompiles=819 underruns=0 overruns=0 sleep_us=5299494 queue_ms=128
fps: 60.0
vis: 60.0
cpu: exceptions=12858 cacheResets=1 batches=25670 verts=372744 texStalls=0 recompiles=819 underruns=0 overruns=0 sleep_us=5553642 queue_ms=124
fps: 58.4
vis: 60.0
cpu: exceptions=13133 cacheResets=1 batches=27542 verts=394698 texStalls=0 recompiles=822 underruns=0 overruns=0 sleep_us=5821269 queue_ms=112
fps: 60.0
vis: 60.0
cpu: exceptions=13391 cacheResets=1 batches=29380 verts=416355 texStalls=0 recompiles=822 underruns=0 overruns=0 sleep_us=6094563 queue_ms=108
fps: 60.0
vis: 60.0
cpu: exceptions=13672 cacheResets=1 batches=31310 verts=438465 texStalls=0 recompiles=826 underruns=0 overruns=0 sleep_us=6355827 queue_ms=113
fps: 60.0
vis: 60.0
cpu: exceptions=13916 cacheResets=1 batches=33272 verts=460821 texStalls=0 recompiles=826 underruns=0 overruns=0 sleep_us=6635210 queue_ms=109
fps: 60.0
vis: 60.0
cpu: exceptions=14174 cacheResets=1 batches=35224 verts=483156 texStalls=0 recompiles=840 underruns=0 overruns=0 sleep_us=6897406 queue_ms=115
fps: 60.0
vis: 60.0
cpu: exceptions=14435 cacheResets=1 batches=37275 verts=507126 texStalls=0 recompiles=840 underruns=0 overruns=0 sleep_us=7166283 queue_ms=111
fps: 60.0
vis: 60.0
cpu: exceptions=14707 cacheResets=1 batches=39272 verts=530976 texStalls=0 recompiles=840 underruns=0 overruns=0 sleep_us=7429854 queue_ms=116
fps: 60.0
vis: 60.0
cpu: exceptions=14997 cacheResets=1 batches=41586 verts=560997 texStalls=0 recompiles=840 underruns=0 overruns=0 sleep_us=7680590 queue_ms=112
fps: 60.0
vis: 60.0
cpu: exceptions=15268 cacheResets=1 batches=44576 verts=604731 texStalls=0 recompiles=840 underruns=0 overruns=0 sleep_us=7927510 queue_ms=109
fps: 59.9
vis: 60.0
cpu: exceptions=15541 cacheResets=1 batches=47652 verts=650379 texStalls=0 recompiles=847 underruns=0 overruns=0 sleep_us=8152929 queue_ms=114
fps: 59.9
mark: stop reason: chain guest VI limit
mark: stop_it requested
vis: 57.6
cpu: exceptions=15796 cacheResets=1 batches=50839 verts=699294 texStalls=0 recompiles=847 underruns=0 overruns=0 sleep_us=8370261 queue_ms=93
audio: alist_resample_calls=16730 alist_resample_samples=3078320 alist_zoh_calls=0 alist_zoh_samples=0 musyx_subframes=0 musyx_voices=0 musyx_voice_peak=0
audio_stages: adpcm_calls=16390 adpcm_samples=2635248 envmix_calls=16730 envmix_samples=3078320 mix_calls=106152 mix_samples=19531968 musyx_fx_calls=0 musyx_fx_taps=0 output_calls=897 output_samples=478768
audio_envmix: exp_calls=0 ge_calls=0 lin_calls=16730 nead_calls=0 exp_steady=0 ge_steady=0 lin_steady=10608
audio_gaps: nead_mats=0 nead_efz=0 resample_flag2=0 musyx_ptr10=0
audio_output: stream_requests=3311 stream_fed=1652 input_hz=32006 playback_hz=32006 queue_peak_ms=165
audio_time: stage=resample sampled_calls=131 sampled_samples=24104 sampled_us=949
audio_time: stage=zoh sampled_calls=0 sampled_samples=0 sampled_us=0
audio_time: stage=adpcm sampled_calls=129 sampled_samples=20256 sampled_us=851
audio_time: stage=envmix_exp sampled_calls=0 sampled_samples=0 sampled_us=0
audio_time: stage=envmix_ge sampled_calls=0 sampled_samples=0 sampled_us=0
audio_time: stage=envmix_lin sampled_calls=131 sampled_samples=24104 sampled_us=2500
audio_time: stage=envmix_nead sampled_calls=0 sampled_samples=0 sampled_us=0
audio_time: stage=mix sampled_calls=835 sampled_samples=153640 sampled_us=2515
audio_time: stage=musyx_voice sampled_calls=0 sampled_samples=0 sampled_us=0
audio_time: stage=musyx_fx sampled_calls=0 sampled_samples=0 sampled_us=0
audio_time: stage=output sampled_calls=7 sampled_samples=3680 sampled_us=67
game: n=8/8 how=vis vis=900 vi_rate=60 vi0_retrace=18378 wall_us=15187086 sleep_us=8370261 avg_vis=58.04 avg_fps=54.39 exceptions=15797 cacheResets=1 recompiles=847 batches=50839 verts=699294 texStalls=0 treeDepthMax=14 underruns=0 overruns=0 queue_peak_ms=145 dsp_avg=1.51 dsp_peak=1.70 pmc1=4832419826 pmc2=4485869329 pmc3=0 pmc4=0 mmcr0=00000042 mmcr1=00000000 heap_used=10439232 heap_free=107240 arena1_free=339968 arena2_free=577472 flushes=3 flush_us=35940 padtrace=0 rom=sd:/wii64/roms/Super Smash Bros. (U) [!].z64
=== chain 8/8 end vis=900 how=vis rom=sd:/wii64/roms/Super Smash Bros. (U) [!].z64 ===
