--- wii64 perf log ---
mark: diag config: wiiload arguments
mark: wiiload dynacore argument received
mark: diag received dynacore line
mark: diag requested core: dynarec
mark: pad replay records: 1
selftest:
  raw[0]=51279520311066126
  raw[1]=51279520311066128
  raw[2]=51279520311066142
  raw[3]=51279520311066154
  raw[4]=51279520311066166
  delta[0]=0us
  delta[1]=0us
  delta[2]=0us
  delta[3]=0us
mark: audio quality: accurate
mark: audio modes: n64=0 output=0 mixer=0 latency=2 sync=0
mark: diag applied core: dynarec
mark: HBC agent ready
mark: loadROM: enter
mark: loadROM: before rom_read
mark: ROMCache_load: enter
menufps: 0.4
mark: ROMCache_load: before first read
mark: ROMCache_load: first read returned
mark: ROMCache_load: byte_swap_type set
mark: ROMCache_load: first byte_swap done
menufps: 0.2
menufps: 8.5
menufps: 2.0
menufps: 8.2
menufps: 8.1
menufps: 8.3
menufps: 8.3
menufps: 3.4
menufps: 1.3
menufps: 1.3
menufps: 1.3
menufps: 1.3
menufps: 1.3
menufps: 1.2
menufps: 3.7
menufps: 8.3
menufps: 8.3
menufps: 8.3
menufps: 8.3
mark: ROMCache_load: loop exited normally
mark: ROMCache_load: VM writeback complete
mark: loadROM: after rom_read
mark: loadROM: before init_memory
mark: loadROM: after init_memory
mark: loadROM: before romOpen_gfx
mark: loadROM: after romOpen_gfx / before romOpen_audio
mark: loadROM: after romOpen_audio / before romOpen_input
mark: loadROM: after romOpen_input / before cpu_init
mark: loadROM: after cpu_init
menufps: 0.1
menufps: 0.7
fps: 0.0
first_vi: vi0_retrace=2599
vis: 0.0
cpu: exceptions=0 cacheResets=0 batches=0 verts=0 texStalls=0 recompiles=0 underruns=0 overruns=0 sleep_us=0 queue_ms=0
mark: CPU core dispatch: dynarec
vis: 50.0
cpu: exceptions=1751 cacheResets=1 batches=0 verts=0 texStalls=0 recompiles=367 underruns=0 overruns=0 sleep_us=138231 queue_ms=0
fps: 1.3
vis: 50.0
cpu: exceptions=2778 cacheResets=1 batches=0 verts=0 texStalls=0 recompiles=807 underruns=1 overruns=0 sleep_us=498748 queue_ms=38
fps: 33.8
vis: 50.0
cpu: exceptions=2989 cacheResets=1 batches=0 verts=0 texStalls=0 recompiles=1244 underruns=1 overruns=0 sleep_us=806996 queue_ms=17
fps: 49.7
vis: 50.0
cpu: exceptions=3125 cacheResets=1 batches=0 verts=0 texStalls=0 recompiles=1253 underruns=1 overruns=0 sleep_us=1210512 queue_ms=28
fps: 50.2
vis: 50.0
cpu: exceptions=3277 cacheResets=1 batches=0 verts=0 texStalls=0 recompiles=1267 underruns=1 overruns=0 sleep_us=1593785 queue_ms=36
fps: 49.9
vis: 50.0
cpu: exceptions=3433 cacheResets=1 batches=0 verts=0 texStalls=0 recompiles=1269 underruns=1 overruns=0 sleep_us=1971977 queue_ms=47
fps: 50.1
vis: 50.0
cpu: exceptions=3584 cacheResets=1 batches=0 verts=0 texStalls=0 recompiles=1277 underruns=1 overruns=0 sleep_us=2343822 queue_ms=20
fps: 49.8
vis: 50.0
cpu: exceptions=3730 cacheResets=1 batches=0 verts=0 texStalls=0 recompiles=1277 underruns=1 overruns=0 sleep_us=2724385 queue_ms=37
fps: 50.2
vis: 50.0
cpu: exceptions=3881 cacheResets=1 batches=0 verts=0 texStalls=0 recompiles=1278 underruns=1 overruns=0 sleep_us=3102486 queue_ms=45
fps: 49.9
vis: 50.0
cpu: exceptions=4020 cacheResets=1 batches=0 verts=0 texStalls=0 recompiles=1279 underruns=1 overruns=0 sleep_us=3481810 queue_ms=50
fps: 50.1
vis: 50.0
cpu: exceptions=4172 cacheResets=1 batches=0 verts=0 texStalls=0 recompiles=1279 underruns=1 overruns=0 sleep_us=3858716 queue_ms=29
vis: 50.0
cpu: exceptions=4325 cacheResets=1 batches=0 verts=0 texStalls=0 recompiles=1280 underruns=1 overruns=0 sleep_us=4242564 queue_ms=46
fps: 49.8
vis: 50.0
cpu: exceptions=4476 cacheResets=1 batches=0 verts=0 texStalls=0 recompiles=1280 underruns=1 overruns=0 sleep_us=4619776 queue_ms=48
fps: 50.1
vis: 50.0
cpu: exceptions=4626 cacheResets=1 batches=0 verts=0 texStalls=0 recompiles=1280 underruns=1 overruns=0 sleep_us=4993473 queue_ms=50
fps: 50.0
vis: 50.0
cpu: exceptions=4770 cacheResets=1 batches=0 verts=0 texStalls=0 recompiles=1283 underruns=1 overruns=0 sleep_us=5364246 queue_ms=38
fps: 50.0
vis: 50.0
cpu: exceptions=4908 cacheResets=1 batches=0 verts=0 texStalls=0 recompiles=1283 underruns=1 overruns=0 sleep_us=5742328 queue_ms=40
fps: 50.0
vis: 50.0
cpu: exceptions=5050 cacheResets=1 batches=0 verts=0 texStalls=0 recompiles=1283 underruns=1 overruns=0 sleep_us=6123622 queue_ms=56
fps: 50.1
vis: 50.0
cpu: exceptions=5192 cacheResets=1 batches=0 verts=0 texStalls=0 recompiles=1283 underruns=1 overruns=0 sleep_us=6511373 queue_ms=53
fps: 49.9
vis: 50.0
cpu: exceptions=5343 cacheResets=1 batches=0 verts=0 texStalls=0 recompiles=1283 underruns=1 overruns=0 sleep_us=6890996 queue_ms=41
fps: 48.7
vis: 50.0
cpu: exceptions=5490 cacheResets=1 batches=0 verts=0 texStalls=0 recompiles=1283 underruns=1 overruns=0 sleep_us=7271794 queue_ms=30
fps: 49.9
vis: 50.0
cpu: exceptions=5638 cacheResets=1 batches=0 verts=0 texStalls=0 recompiles=1283 underruns=1 overruns=0 sleep_us=7649762 queue_ms=41
fps: 50.0
vis: 50.0
cpu: exceptions=5781 cacheResets=1 batches=0 verts=0 texStalls=0 recompiles=1283 underruns=1 overruns=0 sleep_us=8033710 queue_ms=43
fps: 49.9
vis: 50.0
cpu: exceptions=5935 cacheResets=1 batches=0 verts=0 texStalls=0 recompiles=1283 underruns=1 overruns=0 sleep_us=8411053 queue_ms=31
fps: 50.0
vis: 50.0
cpu: exceptions=6084 cacheResets=1 batches=0 verts=0 texStalls=0 recompiles=1283 underruns=1 overruns=0 sleep_us=8784313 queue_ms=33
fps: 50.0
vis: 50.0
cpu: exceptions=6235 cacheResets=1 batches=0 verts=0 texStalls=0 recompiles=1283 underruns=1 overruns=0 sleep_us=9160892 queue_ms=50
fps: 50.1
vis: 50.0
cpu: exceptions=6379 cacheResets=1 batches=0 verts=0 texStalls=0 recompiles=1283 underruns=1 overruns=0 sleep_us=9538901 queue_ms=52
fps: 49.9
vis: 50.0
cpu: exceptions=6523 cacheResets=1 batches=0 verts=0 texStalls=0 recompiles=1283 underruns=1 overruns=0 sleep_us=9911483 queue_ms=34
fps: 50.2
vis: 50.0
cpu: exceptions=6672 cacheResets=1 batches=0 verts=0 texStalls=0 recompiles=1283 underruns=1 overruns=0 sleep_us=10280940 queue_ms=42
fps: 50.0
vis: 50.0
cpu: exceptions=6820 cacheResets=1 batches=0 verts=0 texStalls=0 recompiles=1283 underruns=1 overruns=0 sleep_us=10644902 queue_ms=44
fps: 50.0
vis: 50.0
cpu: exceptions=6962 cacheResets=1 batches=0 verts=0 texStalls=0 recompiles=1283 underruns=1 overruns=0 sleep_us=11009419 queue_ms=55
fps: 49.9
vis: 50.0
cpu: exceptions=7104 cacheResets=1 batches=0 verts=0 texStalls=0 recompiles=1283 underruns=1 overruns=0 sleep_us=11375453 queue_ms=34
fps: 50.1
vis: 50.0
cpu: exceptions=7257 cacheResets=1 batches=0 verts=0 texStalls=0 recompiles=1283 underruns=1 overruns=0 sleep_us=11751718 queue_ms=45
fps: 49.9
vis: 50.0
cpu: exceptions=7425 cacheResets=1 batches=0 verts=0 texStalls=0 recompiles=1286 underruns=1 overruns=0 sleep_us=12119710 queue_ms=53
fps: 50.1
vis: 50.0
cpu: exceptions=7575 cacheResets=1 batches=0 verts=0 texStalls=0 recompiles=1286 underruns=1 overruns=0 sleep_us=12488648 queue_ms=64
fps: 49.8
vis: 50.0
cpu: exceptions=7732 cacheResets=1 batches=0 verts=0 texStalls=0 recompiles=1286 underruns=1 overruns=0 sleep_us=12856753 queue_ms=37
fps: 50.1
mark: stop reason: chain guest VI limit
mark: stop_it requested
audio: alist_resample_calls=29202 alist_resample_samples=5373168 alist_zoh_calls=0 alist_zoh_samples=0 musyx_subframes=0 musyx_voices=0 musyx_voice_peak=0
audio_stages: adpcm_calls=30702 adpcm_samples=5024896 envmix_calls=29202 envmix_samples=5373168 mix_calls=30350 mix_samples=5584400 musyx_fx_calls=0 musyx_fx_taps=0 output_calls=652 output_samples=557520
audio_envmix: exp_calls=0 ge_calls=0 lin_calls=29202 nead_calls=0 exp_steady=0 ge_steady=0 lin_steady=16497
audio_gaps: nead_mats=0 nead_efz=0 resample_flag2=0 musyx_ptr10=0
audio_output: stream_requests=3809 stream_fed=1933 input_hz=31995 playback_hz=31995 queue_peak_ms=85
vm_io: read_ahead=1 reads=41 hits=251 read_bytes=1343488 writes=0 write_bytes=0 errors=0
subsystem_time: stage=rsp_gfx calls=852 timed_calls=852 period=1 timed_us=782920
subsystem_time: stage=rsp_audio calls=653 timed_calls=653 period=1 timed_us=1139819
subsystem_time: stage=rsp_other calls=0 timed_calls=0 period=1 timed_us=0
subsystem_time: stage=lookup calls=1674434 timed_calls=13184 period=127 timed_us=3220
subsystem_time: stage=compile calls=1286 timed_calls=1286 period=1 timed_us=81086
subsystem_time: stage=dispatch calls=1671878 timed_calls=13164 period=127 timed_us=5344
subsystem_time: stage=execute_inclusive calls=1671878 timed_calls=13164 period=127 timed_us=104866
subsystem_time: stage=rom_copy calls=940 timed_calls=940 period=1 timed_us=185026
subsystem_time: stage=present calls=899 timed_calls=899 period=1 timed_us=20049
subsystem_time: stage=limiter calls=880 timed_calls=880 period=1 timed_us=13204127
subsystem_time: stage=vm_fault calls=292 timed_calls=292 period=1 timed_us=166400
subsystem_time: stage=vm_victim calls=292 timed_calls=292 period=1 timed_us=297
subsystem_time: stage=vm_read calls=41 timed_calls=41 period=1 timed_us=152729
subsystem_time: stage=vm_write calls=0 timed_calls=0 period=1 timed_us=0
audio_time: stage=resample sampled_calls=229 sampled_samples=42136 sampled_us=1640
audio_time: stage=zoh sampled_calls=0 sampled_samples=0 sampled_us=0
audio_time: stage=adpcm sampled_calls=241 sampled_samples=40144 sampled_us=1632
audio_time: stage=envmix_exp sampled_calls=0 sampled_samples=0 sampled_us=0
audio_time: stage=envmix_ge sampled_calls=0 sampled_samples=0 sampled_us=0
audio_time: stage=envmix_lin sampled_calls=229 sampled_samples=42136 sampled_us=4310
audio_time: stage=envmix_nead sampled_calls=0 sampled_samples=0 sampled_us=0
audio_time: stage=mix sampled_calls=238 sampled_samples=43792 sampled_us=724
audio_time: stage=musyx_voice sampled_calls=0 sampled_samples=0 sampled_us=0
audio_time: stage=musyx_fx sampled_calls=0 sampled_samples=0 sampled_us=0
audio_time: stage=output sampled_calls=5 sampled_samples=4232 sampled_us=66
game: n=1/3 how=vis vis=900 vi_rate=50 vi0_retrace=2599 wall_us=18181158 sleep_us=13201500 avg_vis=48.61 avg_fps=46.67 exceptions=7885 cacheResets=1 recompiles=1286 batches=0 verts=0 texStalls=0 treeDepthMax=18 underruns=1 overruns=0 queue_peak_ms=64 dsp_avg=1.49 dsp_peak=1.65 pmc1=3380706808 pmc2=3285266098 pmc3=0 pmc4=0 mmcr0=00000042 mmcr1=00000000 heap_used=10865792 heap_free=36648 arena1_free=557056 arena2_free=577472 flushes=3 flush_us=34786 padtrace=4 rom=sd:/wii64/roms/Mario Party 3 (E) (M4) [!].z64
=== chain 1/3 end vis=900 how=vis rom=sd:/wii64/roms/Mario Party 3 (E) (M4) [!].z64 ===
mark: pad replay records: 1
mark: loadROM: enter
mark: loadROM: before rom_read
mark: ROMCache_load: enter
mark: ROMCache_load: before first read
mark: ROMCache_load: first read returned
mark: ROMCache_load: byte_swap_type set
mark: ROMCache_load: first byte_swap done
menufps: 0.1
menufps: 8.5
menufps: 8.0
menufps: 8.1
menufps: 8.3
menufps: 8.3
menufps: 7.1
menufps: 2.9
menufps: 1.3
menufps: 1.3
menufps: 1.3
menufps: 1.3
menufps: 1.3
menufps: 1.3
menufps: 3.7
menufps: 8.3
menufps: 8.3
menufps: 8.3
menufps: 8.4
mark: ROMCache_load: loop exited normally
mark: ROMCache_load: VM writeback complete
mark: loadROM: after rom_read
mark: loadROM: before init_memory
mark: loadROM: after init_memory
mark: loadROM: before romOpen_gfx
mark: loadROM: after romOpen_gfx / before romOpen_audio
mark: loadROM: after romOpen_audio / before romOpen_input
mark: loadROM: after romOpen_input / before cpu_init
mark: loadROM: after cpu_init
menufps: 0.1
menufps: 0.7
first_vi: vi0_retrace=5689
mark: CPU core dispatch: dynarec
vis: 60.0
cpu: exceptions=81 cacheResets=1 batches=0 verts=0 texStalls=0 recompiles=242 underruns=1 overruns=0 sleep_us=27806 queue_ms=117
vis: 60.0
cpu: exceptions=211 cacheResets=1 batches=0 verts=0 texStalls=0 recompiles=372 underruns=1 overruns=0 sleep_us=436254 queue_ms=104
vis: 60.0
cpu: exceptions=314 cacheResets=1 batches=0 verts=0 texStalls=0 recompiles=452 underruns=1 overruns=0 sleep_us=783636 queue_ms=113
vis: 60.0
cpu: exceptions=1400 cacheResets=1 batches=0 verts=0 texStalls=0 recompiles=713 underruns=1 overruns=0 sleep_us=1019277 queue_ms=113
vis: 60.0
cpu: exceptions=1963 cacheResets=1 batches=0 verts=0 texStalls=0 recompiles=717 underruns=1 overruns=0 sleep_us=1310511 queue_ms=100
vis: 60.0
cpu: exceptions=6118 cacheResets=1 batches=0 verts=0 texStalls=0 recompiles=1011 underruns=1 overruns=0 sleep_us=1397275 queue_ms=95
fps: 0.3
vis: 60.0
cpu: exceptions=6941 cacheResets=1 batches=14 verts=1764 texStalls=0 recompiles=1178 underruns=1 overruns=0 sleep_us=1794577 queue_ms=95
fps: 31.9
vis: 60.0
cpu: exceptions=7088 cacheResets=1 batches=29 verts=3654 texStalls=0 recompiles=1178 underruns=1 overruns=0 sleep_us=2231623 queue_ms=95
fps: 30.0
vis: 60.0
cpu: exceptions=7236 cacheResets=1 batches=44 verts=5544 texStalls=0 recompiles=1178 underruns=1 overruns=0 sleep_us=2668644 queue_ms=91
fps: 30.0
vis: 60.0
cpu: exceptions=7382 cacheResets=1 batches=59 verts=7434 texStalls=0 recompiles=1178 underruns=1 overruns=0 sleep_us=3106047 queue_ms=91
fps: 30.0
vis: 60.0
cpu: exceptions=7529 cacheResets=1 batches=74 verts=9324 texStalls=0 recompiles=1178 underruns=1 overruns=0 sleep_us=3543115 queue_ms=91
fps: 30.0
vis: 60.0
cpu: exceptions=7676 cacheResets=1 batches=89 verts=11214 texStalls=0 recompiles=1178 underruns=1 overruns=0 sleep_us=3980485 queue_ms=100
fps: 30.0
vis: 60.0
cpu: exceptions=7822 cacheResets=1 batches=104 verts=13104 texStalls=0 recompiles=1178 underruns=1 overruns=0 sleep_us=4417551 queue_ms=87
fps: 30.0
vis: 60.0
cpu: exceptions=7969 cacheResets=1 batches=119 verts=14994 texStalls=0 recompiles=1178 underruns=1 overruns=0 sleep_us=4854582 queue_ms=87
fps: 30.0
vis: 60.0
cpu: exceptions=8116 cacheResets=1 batches=134 verts=16884 texStalls=0 recompiles=1179 underruns=1 overruns=0 sleep_us=5304543 queue_ms=95
fps: 30.0
vis: 60.0
cpu: exceptions=8263 cacheResets=1 batches=149 verts=18774 texStalls=0 recompiles=1179 underruns=1 overruns=0 sleep_us=5755259 queue_ms=95
fps: 30.0
vis: 60.0
cpu: exceptions=8411 cacheResets=1 batches=164 verts=20664 texStalls=0 recompiles=1179 underruns=1 overruns=0 sleep_us=6206036 queue_ms=91
fps: 30.0
vis: 60.0
cpu: exceptions=8557 cacheResets=1 batches=179 verts=22554 texStalls=0 recompiles=1179 underruns=1 overruns=0 sleep_us=6657231 queue_ms=91
fps: 30.0
vis: 60.0
cpu: exceptions=8704 cacheResets=1 batches=194 verts=24444 texStalls=0 recompiles=1179 underruns=1 overruns=0 sleep_us=7108022 queue_ms=91
fps: 30.0
vis: 60.0
cpu: exceptions=8852 cacheResets=1 batches=209 verts=26334 texStalls=0 recompiles=1179 underruns=1 overruns=0 sleep_us=7558770 queue_ms=87
fps: 30.0
vis: 60.0
cpu: exceptions=8998 cacheResets=1 batches=224 verts=28224 texStalls=0 recompiles=1179 underruns=1 overruns=0 sleep_us=8009970 queue_ms=87
fps: 30.0
vis: 60.0
cpu: exceptions=9145 cacheResets=1 batches=239 verts=30114 texStalls=0 recompiles=1179 underruns=1 overruns=0 sleep_us=8460629 queue_ms=87
fps: 30.0
vis: 60.0
cpu: exceptions=9292 cacheResets=1 batches=254 verts=32004 texStalls=0 recompiles=1179 underruns=1 overruns=0 sleep_us=8913664 queue_ms=95
fps: 30.0
vis: 60.0
cpu: exceptions=9438 cacheResets=1 batches=269 verts=33894 texStalls=0 recompiles=1179 underruns=1 overruns=0 sleep_us=9365255 queue_ms=82
fps: 29.0
vis: 60.0
cpu: exceptions=9586 cacheResets=1 batches=284 verts=35784 texStalls=0 recompiles=1179 underruns=1 overruns=0 sleep_us=9816835 queue_ms=78
fps: 30.0
vis: 60.0
cpu: exceptions=9732 cacheResets=1 batches=299 verts=37674 texStalls=0 recompiles=1179 underruns=1 overruns=0 sleep_us=10268887 queue_ms=65
fps: 30.0
vis: 60.0
cpu: exceptions=9879 cacheResets=1 batches=314 verts=39564 texStalls=0 recompiles=1179 underruns=1 overruns=0 sleep_us=10720478 queue_ms=65
fps: 30.0
vis: 60.0
cpu: exceptions=10027 cacheResets=1 batches=329 verts=41454 texStalls=0 recompiles=1179 underruns=1 overruns=0 sleep_us=11172077 queue_ms=74
fps: 30.0
vis: 60.0
cpu: exceptions=10173 cacheResets=1 batches=344 verts=43344 texStalls=0 recompiles=1179 underruns=1 overruns=0 sleep_us=11624111 queue_ms=74
fps: 30.0
mark: stop reason: chain guest VI limit
mark: stop_it requested
audio: alist_resample_calls=0 alist_resample_samples=0 alist_zoh_calls=0 alist_zoh_samples=0 musyx_subframes=1679 musyx_voices=0 musyx_voice_peak=0
audio_stages: adpcm_calls=0 adpcm_samples=0 envmix_calls=0 envmix_samples=0 mix_calls=0 mix_samples=0 musyx_fx_calls=1610 musyx_fx_taps=3220 output_calls=1686 output_samples=323712
audio_envmix: exp_calls=0 ge_calls=0 lin_calls=0 nead_calls=0 exp_steady=0 ge_steady=0 lin_steady=0
audio_gaps: nead_mats=0 nead_efz=0 resample_flag2=0 musyx_ptr10=0
audio_output: stream_requests=2905 stream_fed=1120 input_hz=22047 playback_hz=22047 queue_peak_ms=134
vm_io: read_ahead=1 reads=77 hits=294 read_bytes=2523136 writes=0 write_bytes=0 errors=0
subsystem_time: stage=rsp_gfx calls=358 timed_calls=358 period=1 timed_us=505913
subsystem_time: stage=rsp_audio calls=439 timed_calls=439 period=1 timed_us=45961
subsystem_time: stage=rsp_other calls=0 timed_calls=0 period=1 timed_us=0
subsystem_time: stage=lookup calls=829427 timed_calls=6530 period=127 timed_us=1352
subsystem_time: stage=compile calls=1179 timed_calls=1179 period=1 timed_us=71834
subsystem_time: stage=dispatch calls=827324 timed_calls=6514 period=127 timed_us=3151
subsystem_time: stage=execute_inclusive calls=827324 timed_calls=6514 period=127 timed_us=60096
subsystem_time: stage=rom_copy calls=4991 timed_calls=4991 period=1 timed_us=314344
subsystem_time: stage=present calls=899 timed_calls=899 period=1 timed_us=65645
subsystem_time: stage=limiter calls=840 timed_calls=840 period=1 timed_us=12047949
subsystem_time: stage=vm_fault calls=371 timed_calls=371 period=1 timed_us=306214
subsystem_time: stage=vm_victim calls=371 timed_calls=371 period=1 timed_us=384
subsystem_time: stage=vm_read calls=77 timed_calls=77 period=1 timed_us=288797
subsystem_time: stage=vm_write calls=0 timed_calls=0 period=1 timed_us=0
audio_time: stage=resample sampled_calls=0 sampled_samples=0 sampled_us=0
audio_time: stage=zoh sampled_calls=0 sampled_samples=0 sampled_us=0
audio_time: stage=adpcm sampled_calls=0 sampled_samples=0 sampled_us=0
audio_time: stage=envmix_exp sampled_calls=0 sampled_samples=0 sampled_us=0
audio_time: stage=envmix_ge sampled_calls=0 sampled_samples=0 sampled_us=0
audio_time: stage=envmix_lin sampled_calls=0 sampled_samples=0 sampled_us=0
audio_time: stage=envmix_nead sampled_calls=0 sampled_samples=0 sampled_us=0
audio_time: stage=mix sampled_calls=0 sampled_samples=0 sampled_us=0
audio_time: stage=musyx_voice sampled_calls=0 sampled_samples=0 sampled_us=0
audio_time: stage=musyx_fx sampled_calls=12 sampled_samples=24 sampled_us=244
audio_time: stage=output sampled_calls=13 sampled_samples=2496 sampled_us=52
game: n=2/3 how=vis vis=900 vi_rate=60 vi0_retrace=5689 wall_us=15177752 sleep_us=12045597 avg_vis=60.00 avg_fps=28.80 exceptions=10316 cacheResets=1 recompiles=1179 batches=358 verts=45108 texStalls=0 treeDepthMax=19 underruns=1 overruns=0 queue_peak_ms=117 dsp_avg=1.37 dsp_peak=1.55 pmc1=1930956245 pmc2=2066942380 pmc3=0 pmc4=0 mmcr0=00000042 mmcr1=00000000 heap_used=10857344 heap_free=45096 arena1_free=557056 arena2_free=577472 flushes=4 flush_us=48459 padtrace=0 rom=sd:/wii64/roms/007 - The World Is Not Enough (USA).z64
=== chain 2/3 end vis=900 how=vis rom=sd:/wii64/roms/007 - The World Is Not Enough (USA).z64 ===
mark: pad replay records: 1
mark: loadROM: enter
mark: loadROM: before rom_read
mark: ROMCache_load: enter
mark: ROMCache_load: before first read
mark: ROMCache_load: first read returned
mark: ROMCache_load: byte_swap_type set
mark: ROMCache_load: first byte_swap done
menufps: 0.1
menufps: 8.1
menufps: 8.4
menufps: 8.3
menufps: 8.3
menufps: 8.3
menufps: 7.6
menufps: 1.3
menufps: 1.3
menufps: 1.3
menufps: 1.3
menufps: 1.3
menufps: 1.2
menufps: 1.2
menufps: 3.7
menufps: 8.0
menufps: 8.2
menufps: 8.3
menufps: 8.3
mark: ROMCache_load: loop exited normally
mark: ROMCache_load: VM writeback complete
mark: loadROM: after rom_read
mark: loadROM: before init_memory
mark: loadROM: after init_memory
mark: loadROM: before romOpen_gfx
mark: loadROM: after romOpen_gfx / before romOpen_audio
mark: loadROM: after romOpen_audio / before romOpen_input
mark: loadROM: after romOpen_input / before cpu_init
mark: loadROM: after cpu_init
menufps: 0.1
menufps: 0.7
fps: 0.3
first_vi: vi0_retrace=8602
vis: 0.9
cpu: exceptions=0 cacheResets=0 batches=0 verts=0 texStalls=0 recompiles=0 underruns=0 overruns=0 sleep_us=0 queue_ms=0
mark: CPU core dispatch: dynarec
vis: 60.0
cpu: exceptions=33 cacheResets=1 batches=0 verts=0 texStalls=0 recompiles=82 underruns=0 overruns=0 sleep_us=48000 queue_ms=0
vis: 60.0
cpu: exceptions=63 cacheResets=1 batches=0 verts=0 texStalls=0 recompiles=82 underruns=0 overruns=0 sleep_us=416969 queue_ms=0
vis: 60.0
cpu: exceptions=93 cacheResets=1 batches=0 verts=0 texStalls=0 recompiles=82 underruns=0 overruns=0 sleep_us=785267 queue_ms=0
vis: 60.0
cpu: exceptions=205 cacheResets=1 batches=0 verts=0 texStalls=0 recompiles=182 underruns=0 overruns=0 sleep_us=1109338 queue_ms=0
vis: 60.0
cpu: exceptions=246 cacheResets=1 batches=0 verts=0 texStalls=0 recompiles=188 underruns=0 overruns=0 sleep_us=1456608 queue_ms=0
vis: 60.0
cpu: exceptions=288 cacheResets=1 batches=0 verts=0 texStalls=0 recompiles=188 underruns=0 overruns=0 sleep_us=1798766 queue_ms=0
vis: 60.0
cpu: exceptions=318 cacheResets=1 batches=0 verts=0 texStalls=0 recompiles=188 underruns=0 overruns=0 sleep_us=2138387 queue_ms=0
vis: 60.0
cpu: exceptions=395 cacheResets=1 batches=0 verts=0 texStalls=0 recompiles=314 underruns=1 overruns=0 sleep_us=2561843 queue_ms=37
vis: 60.0
cpu: exceptions=472 cacheResets=1 batches=0 verts=0 texStalls=0 recompiles=323 underruns=1 overruns=0 sleep_us=3013293 queue_ms=28
vis: 60.0
cpu: exceptions=547 cacheResets=1 batches=0 verts=0 texStalls=0 recompiles=323 underruns=1 overruns=0 sleep_us=3469037 queue_ms=33
vis: 60.0
cpu: exceptions=741 cacheResets=1 batches=0 verts=0 texStalls=0 recompiles=434 underruns=2 overruns=0 sleep_us=3720641 queue_ms=50
vis: 60.0
cpu: exceptions=966 cacheResets=1 batches=0 verts=0 texStalls=0 recompiles=434 underruns=2 overruns=0 sleep_us=3960370 queue_ms=54
vis: 60.0
cpu: exceptions=1153 cacheResets=1 batches=0 verts=0 texStalls=0 recompiles=448 underruns=2 overruns=0 sleep_us=4215414 queue_ms=46
vis: 59.9
cpu: exceptions=1394 cacheResets=1 batches=0 verts=0 texStalls=0 recompiles=497 underruns=2 overruns=0 sleep_us=4446147 queue_ms=50
fps: 0.1
vis: 60.0
cpu: exceptions=1688 cacheResets=1 batches=591 verts=8424 texStalls=0 recompiles=1254 underruns=3 overruns=0 sleep_us=4606516 queue_ms=107
fps: 31.0
vis: 60.0
cpu: exceptions=1962 cacheResets=1 batches=1476 verts=20754 texStalls=0 recompiles=1255 underruns=3 overruns=0 sleep_us=4958719 queue_ms=111
fps: 30.0
vis: 60.0
cpu: exceptions=2239 cacheResets=1 batches=2361 verts=33084 texStalls=0 recompiles=1276 underruns=3 overruns=0 sleep_us=5300020 queue_ms=115
fps: 30.0
vis: 60.0
cpu: exceptions=2516 cacheResets=1 batches=3246 verts=45414 texStalls=0 recompiles=1279 underruns=3 overruns=0 sleep_us=5661255 queue_ms=107
fps: 30.0
vis: 60.0
cpu: exceptions=2791 cacheResets=1 batches=4131 verts=57744 texStalls=0 recompiles=1280 underruns=3 overruns=0 sleep_us=6022983 queue_ms=111
fps: 30.0
vis: 60.0
cpu: exceptions=3077 cacheResets=1 batches=5016 verts=70074 texStalls=0 recompiles=1300 underruns=3 overruns=0 sleep_us=6370535 queue_ms=115
fps: 30.0
vis: 60.0
cpu: exceptions=3360 cacheResets=1 batches=5901 verts=82404 texStalls=0 recompiles=1300 underruns=3 overruns=0 sleep_us=6717603 queue_ms=120
fps: 30.0
vis: 60.0
cpu: exceptions=3640 cacheResets=1 batches=6786 verts=94734 texStalls=0 recompiles=1302 underruns=3 overruns=0 sleep_us=7070005 queue_ms=111
fps: 30.0
vis: 60.0
cpu: exceptions=3921 cacheResets=1 batches=7671 verts=107064 texStalls=0 recompiles=1351 underruns=3 overruns=0 sleep_us=7420402 queue_ms=115
fps: 30.1
vis: 60.0
cpu: exceptions=4199 cacheResets=1 batches=7971 verts=112194 texStalls=0 recompiles=1366 underruns=3 overruns=0 sleep_us=7794156 queue_ms=120
fps: 30.0
vis: 60.0
cpu: exceptions=4353 cacheResets=1 batches=8071 verts=113904 texStalls=0 recompiles=1383 underruns=3 overruns=0 sleep_us=8158497 queue_ms=124
fps: 30.0
vis: 60.0
cpu: exceptions=4500 cacheResets=1 batches=8476 verts=141129 texStalls=0 recompiles=1384 underruns=3 overruns=0 sleep_us=8515439 queue_ms=115
fps: 30.0
vis: 60.0
cpu: exceptions=4648 cacheResets=1 batches=8881 verts=168354 texStalls=0 recompiles=1386 underruns=3 overruns=0 sleep_us=8875455 queue_ms=120
fps: 30.0
vis: 60.0
cpu: exceptions=4795 cacheResets=1 batches=9286 verts=195579 texStalls=0 recompiles=1387 underruns=3 overruns=0 sleep_us=9244563 queue_ms=124
fps: 30.0
vis: 60.0
cpu: exceptions=4941 cacheResets=1 batches=9691 verts=222804 texStalls=0 recompiles=1387 underruns=3 overruns=0 sleep_us=9610855 queue_ms=115
fps: 30.0
mark: stop reason: chain guest VI limit
mark: stop_it requested
vis: 57.8
cpu: exceptions=5086 cacheResets=1 batches=10096 verts=250029 texStalls=0 recompiles=1389 underruns=3 overruns=0 sleep_us=9949716 queue_ms=86
audio: alist_resample_calls=11186 alist_resample_samples=2058224 alist_zoh_calls=0 alist_zoh_samples=0 musyx_subframes=0 musyx_voices=0 musyx_voice_peak=0
audio_stages: adpcm_calls=6590 adpcm_samples=722912 envmix_calls=8440 envmix_samples=1552960 mix_calls=54920 mix_samples=10105280 musyx_fx_calls=0 musyx_fx_taps=0 output_calls=342 output_samples=251896
audio_envmix: exp_calls=0 ge_calls=0 lin_calls=8440 nead_calls=0 exp_steady=0 ge_steady=0 lin_steady=7902
audio_gaps: nead_mats=0 nead_efz=0 resample_flag2=0 musyx_ptr10=0
audio_output: stream_requests=4237 stream_fed=868 input_hz=22047 playback_hz=22047 queue_peak_ms=138
vm_io: read_ahead=1 reads=58 hits=277 read_bytes=1900544 writes=0 write_bytes=0 errors=0
subsystem_time: stage=rsp_gfx calls=238 timed_calls=238 period=1 timed_us=295754
subsystem_time: stage=rsp_audio calls=343 timed_calls=343 period=1 timed_us=472088
subsystem_time: stage=rsp_other calls=1 timed_calls=1 period=1 timed_us=4
subsystem_time: stage=lookup calls=1606013 timed_calls=12645 period=127 timed_us=2510
subsystem_time: stage=compile calls=1389 timed_calls=1389 period=1 timed_us=203228
subsystem_time: stage=dispatch calls=1604438 timed_calls=12633 period=127 timed_us=5770
subsystem_time: stage=execute_inclusive calls=1604438 timed_calls=12633 period=127 timed_us=64121
subsystem_time: stage=rom_copy calls=1048 timed_calls=1048 period=1 timed_us=251730
subsystem_time: stage=present calls=899 timed_calls=899 period=1 timed_us=240081
subsystem_time: stage=limiter calls=850 timed_calls=850 period=1 timed_us=9951924
subsystem_time: stage=vm_fault calls=335 timed_calls=335 period=1 timed_us=234223
subsystem_time: stage=vm_victim calls=335 timed_calls=335 period=1 timed_us=366
subsystem_time: stage=vm_read calls=58 timed_calls=58 period=1 timed_us=218429
subsystem_time: stage=vm_write calls=0 timed_calls=0 period=1 timed_us=0
audio_time: stage=resample sampled_calls=88 sampled_samples=16192 sampled_us=630
audio_time: stage=zoh sampled_calls=0 sampled_samples=0 sampled_us=0
audio_time: stage=adpcm sampled_calls=51 sampled_samples=5680 sampled_us=248
audio_time: stage=envmix_exp sampled_calls=0 sampled_samples=0 sampled_us=0
audio_time: stage=envmix_ge sampled_calls=0 sampled_samples=0 sampled_us=0
audio_time: stage=envmix_lin sampled_calls=66 sampled_samples=12144 sampled_us=1005
audio_time: stage=envmix_nead sampled_calls=0 sampled_samples=0 sampled_us=0
audio_time: stage=mix sampled_calls=432 sampled_samples=79488 sampled_us=1269
audio_time: stage=musyx_voice sampled_calls=0 sampled_samples=0 sampled_us=0
audio_time: stage=musyx_fx sampled_calls=0 sampled_samples=0 sampled_us=0
audio_time: stage=output sampled_calls=2 sampled_samples=1472 sampled_us=28
game: n=3/3 how=vis vis=900 vi_rate=60 vi0_retrace=8602 wall_us=15183070 sleep_us=9949716 avg_vis=58.02 avg_fps=26.56 exceptions=5087 cacheResets=1 recompiles=1389 batches=10096 verts=250029 texStalls=0 treeDepthMax=15 underruns=3 overruns=0 queue_peak_ms=124 dsp_avg=1.37 dsp_peak=1.65 pmc1=3506554718 pmc2=3699153126 pmc3=0 pmc4=0 mmcr0=00000042 mmcr1=00000000 heap_used=10881152 heap_free=33576 arena1_free=544768 arena2_free=577472 flushes=3 flush_us=39961 padtrace=0 rom=sd:/wii64/roms/Donkey Kong 64 (USA).z64
=== chain 3/3 end vis=900 how=vis rom=sd:/wii64/roms/Donkey Kong 64 (USA).z64 ===
