--- wii64 perf log ---
mark: diag config: wiiload arguments
mark: wiiload dynacore argument received
mark: diag received dynacore line
mark: diag requested core: dynarec
mark: pad replay records: 1
selftest:
  raw[0]=51281081221915341
  raw[1]=51281081221915345
  raw[2]=51281081221915357
  raw[3]=51281081221915370
  raw[4]=51281081221915382
  delta[0]=0us
  delta[1]=0us
  delta[2]=0us
  delta[3]=0us
mark: audio quality: accurate
mark: audio modes: n64=0 output=0 mixer=0 latency=2 sync=0
mark: diag applied core: dynarec
mark: HBC agent ready
mark: loadROM: enter
mark: loadROM: before rom_read
mark: ROMCache_load: enter
mark: ROMCache_load: before first read
mark: ROMCache_load: first read returned
mark: ROMCache_load: byte_swap_type set
mark: ROMCache_load: first byte_swap done
menufps: 10.2
menufps: 8.1
menufps: 7.9
mark: ROMCache_load: loop exited normally
mark: ROMCache_load: elapsed_us=1954558 bytes=8388608 vm=0
mark: loadROM: after rom_read
mark: loadROM: before init_memory
mark: loadROM: after init_memory
mark: loadROM: before romOpen_gfx
mark: loadROM: after romOpen_gfx / before romOpen_audio
mark: loadROM: after romOpen_audio / before romOpen_input
mark: loadROM: after romOpen_input / before cpu_init
mark: loadROM: after cpu_init
menufps: 1.2
fps: 0.1
first_vi: vi0_retrace=319
vis: 0.1
cpu: exceptions=0 cacheResets=0 batches=0 verts=0 texStalls=0 recompiles=0 underruns=0 overruns=0 sleep_us=0 queue_ms=0
mark: CPU core dispatch: dynarec
vis: 60.0
cpu: exceptions=240 cacheResets=1 batches=0 verts=0 texStalls=0 recompiles=189 underruns=2 overruns=0 sleep_us=268473 queue_ms=91
vis: 60.0
cpu: exceptions=540 cacheResets=1 batches=0 verts=0 texStalls=0 recompiles=198 underruns=2 overruns=0 sleep_us=748448 queue_ms=87
vis: 60.0
cpu: exceptions=840 cacheResets=1 batches=0 verts=0 texStalls=0 recompiles=204 underruns=2 overruns=0 sleep_us=1228417 queue_ms=93
vis: 60.0
cpu: exceptions=1134 cacheResets=1 batches=0 verts=0 texStalls=0 recompiles=204 underruns=2 overruns=0 sleep_us=1708930 queue_ms=88
fps: 0.5
vis: 60.0
cpu: exceptions=1429 cacheResets=1 batches=414 verts=9387 texStalls=0 recompiles=468 underruns=3 overruns=0 sleep_us=2060290 queue_ms=11
fps: 20.0
vis: 60.0
cpu: exceptions=1586 cacheResets=1 batches=2484 verts=56322 texStalls=0 recompiles=475 underruns=3 overruns=0 sleep_us=2480150 queue_ms=9
fps: 30.0
vis: 60.0
cpu: exceptions=1750 cacheResets=1 batches=4554 verts=103257 texStalls=0 recompiles=478 underruns=3 overruns=0 sleep_us=2898907 queue_ms=15
fps: 30.0
vis: 60.0
cpu: exceptions=1892 cacheResets=1 batches=6624 verts=150192 texStalls=0 recompiles=478 underruns=3 overruns=0 sleep_us=3326435 queue_ms=11
fps: 30.0
vis: 60.0
cpu: exceptions=2034 cacheResets=1 batches=8694 verts=197127 texStalls=0 recompiles=478 underruns=3 overruns=0 sleep_us=3753714 queue_ms=7
fps: 30.0
vis: 60.0
cpu: exceptions=2176 cacheResets=1 batches=10767 verts=244080 texStalls=0 recompiles=489 underruns=3 overruns=0 sleep_us=4179781 queue_ms=13
fps: 30.0
vis: 60.0
cpu: exceptions=2317 cacheResets=1 batches=12574 verts=284835 texStalls=0 recompiles=498 underruns=3 overruns=0 sleep_us=4610444 queue_ms=9
vis: 60.0
cpu: exceptions=2636 cacheResets=1 batches=12574 verts=284835 texStalls=0 recompiles=675 underruns=4 overruns=0 sleep_us=4826517 queue_ms=14
vis: 60.0
cpu: exceptions=2726 cacheResets=1 batches=12574 verts=284835 texStalls=0 recompiles=733 underruns=4 overruns=0 sleep_us=5062355 queue_ms=19
vis: 60.0
cpu: exceptions=2816 cacheResets=1 batches=12574 verts=284835 texStalls=0 recompiles=784 underruns=4 overruns=0 sleep_us=5361739 queue_ms=16
fps: 4.9
vis: 60.0
cpu: exceptions=2959 cacheResets=1 batches=13906 verts=302151 texStalls=0 recompiles=910 underruns=6 overruns=0 sleep_us=5628801 queue_ms=17
fps: 15.2
vis: 60.0
cpu: exceptions=3116 cacheResets=1 batches=18795 verts=366450 texStalls=0 recompiles=910 underruns=6 overruns=0 sleep_us=5802925 queue_ms=13
fps: 30.0
vis: 60.0
cpu: exceptions=3271 cacheResets=1 batches=23670 verts=430413 texStalls=0 recompiles=927 underruns=6 overruns=0 sleep_us=5976594 queue_ms=17
fps: 30.0
vis: 60.0
cpu: exceptions=3434 cacheResets=1 batches=28528 verts=494256 texStalls=0 recompiles=927 underruns=6 overruns=0 sleep_us=6150737 queue_ms=14
fps: 30.0
vis: 60.0
cpu: exceptions=3589 cacheResets=1 batches=33391 verts=558129 texStalls=0 recompiles=927 underruns=6 overruns=0 sleep_us=6334926 queue_ms=19
fps: 29.2
vis: 60.0
cpu: exceptions=3760 cacheResets=1 batches=38264 verts=622062 texStalls=0 recompiles=927 underruns=7 overruns=0 sleep_us=6503869 queue_ms=15
fps: 29.9
vis: 60.0
cpu: exceptions=3972 cacheResets=1 batches=43118 verts=685881 texStalls=0 recompiles=928 underruns=7 overruns=0 sleep_us=6660423 queue_ms=12
fps: 30.0
vis: 60.0
cpu: exceptions=4195 cacheResets=1 batches=47985 verts=749778 texStalls=0 recompiles=928 underruns=7 overruns=0 sleep_us=6802238 queue_ms=8
fps: 30.0
vis: 60.0
cpu: exceptions=4422 cacheResets=1 batches=52853 verts=813681 texStalls=0 recompiles=928 underruns=7 overruns=0 sleep_us=6945853 queue_ms=13
fps: 30.0
vis: 60.0
cpu: exceptions=4642 cacheResets=1 batches=57713 verts=877536 texStalls=0 recompiles=928 underruns=7 overruns=0 sleep_us=7092839 queue_ms=9
fps: 30.0
vis: 60.0
cpu: exceptions=4856 cacheResets=1 batches=62581 verts=941439 texStalls=0 recompiles=928 underruns=7 overruns=0 sleep_us=7244158 queue_ms=15
fps: 30.0
vis: 60.0
cpu: exceptions=5075 cacheResets=1 batches=67438 verts=1005276 texStalls=0 recompiles=928 underruns=7 overruns=0 sleep_us=7394104 queue_ms=10
fps: 30.0
vis: 60.0
cpu: exceptions=5292 cacheResets=1 batches=72308 verts=1069191 texStalls=0 recompiles=928 underruns=7 overruns=0 sleep_us=7541542 queue_ms=16
fps: 30.0
vis: 60.0
cpu: exceptions=5518 cacheResets=1 batches=77168 verts=1133046 texStalls=0 recompiles=928 underruns=7 overruns=0 sleep_us=7685657 queue_ms=13
fps: 30.0
vis: 60.0
cpu: exceptions=5751 cacheResets=1 batches=82039 verts=1196967 texStalls=0 recompiles=928 underruns=7 overruns=0 sleep_us=7825299 queue_ms=17
fps: 30.0
mark: stop reason: chain guest VI limit
mark: stop_it requested
vis: 57.9
cpu: exceptions=5977 cacheResets=1 batches=86574 verts=1256559 texStalls=0 recompiles=928 underruns=8 overruns=0 sleep_us=7955750 queue_ms=7
audio: alist_resample_calls=16766 alist_resample_samples=2210288 alist_zoh_calls=0 alist_zoh_samples=0 musyx_subframes=0 musyx_voices=0 musyx_voice_peak=0
audio_stages: adpcm_calls=16492 adpcm_samples=2666048 envmix_calls=16200 envmix_samples=2161744 mix_calls=3500 mix_samples=1120000 musyx_fx_calls=0 musyx_fx_taps=0 output_calls=876 output_samples=467088
audio_envmix: exp_calls=16200 ge_calls=0 lin_calls=0 nead_calls=0 exp_steady=13256 ge_steady=0 lin_steady=0
audio_gaps: nead_mats=0 nead_efz=0 resample_flag2=0 musyx_ptr10=0
audio_output: stream_requests=3323 stream_fed=1621 input_hz=32006 playback_hz=32006 queue_peak_ms=111
vm_io: read_ahead=1 reads=0 hits=0 read_bytes=0 writes=0 write_bytes=0 errors=0
subsystem_time: stage=rsp_gfx calls=326 timed_calls=326 period=1 timed_us=1542377
subsystem_time: stage=rsp_audio calls=875 timed_calls=875 period=1 timed_us=431982
subsystem_time: stage=rsp_other calls=0 timed_calls=0 period=1 timed_us=0
subsystem_time: stage=lookup calls=4329007 timed_calls=34086 period=127 timed_us=4618
subsystem_time: stage=compile calls=928 timed_calls=928 period=1 timed_us=105154
subsystem_time: stage=dispatch calls=4324449 timed_calls=34050 period=127 timed_us=11270
subsystem_time: stage=execute_inclusive calls=4324449 timed_calls=34050 period=127 timed_us=78532
subsystem_time: stage=rom_copy calls=1548 timed_calls=1548 period=1 timed_us=25043
subsystem_time: stage=present calls=899 timed_calls=899 period=1 timed_us=18492
subsystem_time: stage=limiter calls=881 timed_calls=881 period=1 timed_us=7958347
subsystem_time: stage=vm_fault calls=0 timed_calls=0 period=1 timed_us=0
subsystem_time: stage=vm_victim calls=0 timed_calls=0 period=1 timed_us=0
subsystem_time: stage=vm_read calls=0 timed_calls=0 period=1 timed_us=0
subsystem_time: stage=vm_write calls=0 timed_calls=0 period=1 timed_us=0
subsystem_time: stage=tex_hash calls=29092 timed_calls=29092 period=1 timed_us=281514
subsystem_time: stage=tex_lookup calls=29092 timed_calls=29092 period=1 timed_us=5198
subsystem_time: stage=tex_load calls=37 timed_calls=37 period=1 timed_us=2241
subsystem_time: stage=tex_activate calls=29092 timed_calls=29092 period=1 timed_us=17694
subsystem_time: stage=draw_triangles calls=86574 timed_calls=86574 period=1 timed_us=208224
subsystem_time: stage=draw_rect calls=2010 timed_calls=2010 period=1 timed_us=15244
subsystem_time: stage=gfx_list calls=326 timed_calls=326 period=1 timed_us=1541790
subsystem_time: stage=gfx_command calls=1051265 timed_calls=8277 period=127 timed_us=12025
subsystem_time: stage=vertex calls=899846 timed_calls=7085 period=127 timed_us=2042
subsystem_time: stage=gfx_state calls=45000 timed_calls=354 period=127 timed_us=2939
subsystem_time: stage=gx_wait calls=0 timed_calls=0 period=1 timed_us=0
subsystem_time: stage=dma_pi calls=1548 timed_calls=1548 period=1 timed_us=27450
subsystem_time: stage=dma_sp calls=2402 timed_calls=2402 period=1 timed_us=2032
subsystem_time: stage=dma_si calls=971 timed_calls=971 period=1 timed_us=7358
subsystem_time: stage=tlb_translate calls=200897 timed_calls=1581 period=127 timed_us=77
subsystem_time: stage=pif calls=972 timed_calls=972 period=1 timed_us=6760
subsystem_time: stage=input calls=1304 timed_calls=1304 period=1 timed_us=5614
subsystem_time: stage=guest_interrupt calls=7494 timed_calls=7494 period=1 timed_us=8024039
subsystem_time: stage=interpreter_inclusive calls=0 timed_calls=0 period=1 timed_us=0
subsystem_time: stage=audio_submit calls=876 timed_calls=876 period=1 timed_us=10100
subsystem_time: stage=audio_callback calls=9346 timed_calls=9346 period=1 timed_us=6011
subsystem_time: stage=memory_slow calls=581937 timed_calls=4582 period=127 timed_us=16245
subsystem_time: stage=jit_invalidate calls=4558 timed_calls=35 period=127 timed_us=5
audio_time: stage=resample sampled_calls=132 sampled_samples=17488 sampled_us=738
audio_time: stage=zoh sampled_calls=0 sampled_samples=0 sampled_us=0
audio_time: stage=adpcm sampled_calls=129 sampled_samples=20784 sampled_us=860
audio_time: stage=envmix_exp sampled_calls=127 sampled_samples=16960 sampled_us=1198
audio_time: stage=envmix_ge sampled_calls=0 sampled_samples=0 sampled_us=0
audio_time: stage=envmix_lin sampled_calls=0 sampled_samples=0 sampled_us=0
audio_time: stage=envmix_nead sampled_calls=0 sampled_samples=0 sampled_us=0
audio_time: stage=mix sampled_calls=27 sampled_samples=8640 sampled_us=153
audio_time: stage=musyx_voice sampled_calls=0 sampled_samples=0 sampled_us=0
audio_time: stage=musyx_fx sampled_calls=0 sampled_samples=0 sampled_us=0
audio_time: stage=output sampled_calls=6 sampled_samples=3200 sampled_us=59
game: n=1/3 how=vis vis=900 vi_rate=60 vi0_retrace=319 wall_us=15186420 sleep_us=7955750 avg_vis=58.00 avg_fps=25.40 exceptions=5978 cacheResets=1 recompiles=928 batches=86574 verts=1256559 texStalls=0 treeDepthMax=14 underruns=8 overruns=0 queue_peak_ms=93 dsp_avg=1.50 dsp_peak=1.80 pmc1=5116089447 pmc2=5069263109 pmc3=0 pmc4=0 mmcr0=00000042 mmcr1=00000000 heap_used=10848680 heap_free=36552 arena1_free=565248 arena2_free=577472 flushes=3 flush_us=33564 padtrace=4 rom=sd:/wii64/roms/Super Mario 64.v64
=== chain 1/3 end vis=900 how=vis rom=sd:/wii64/roms/Super Mario 64.v64 ===
mark: pad replay records: 1
mark: loadROM: enter
mark: loadROM: before rom_read
mark: ROMCache_load: enter
mark: ROMCache_load: before first read
mark: ROMCache_load: first read returned
mark: ROMCache_load: byte_swap_type set
mark: ROMCache_load: first byte_swap done
menufps: 0.1
menufps: 8.5
menufps: 8.3
menufps: 8.3
menufps: 8.1
menufps: 8.3
menufps: 7.9
mark: ROMCache_load: loop exited normally
mark: ROMCache_load: elapsed_us=3763592 bytes=16777216 vm=0
mark: loadROM: after rom_read
mark: loadROM: before init_memory
mark: loadROM: after init_memory
mark: loadROM: before romOpen_gfx
mark: loadROM: after romOpen_gfx / before romOpen_audio
mark: loadROM: after romOpen_audio / before romOpen_input
mark: loadROM: after romOpen_input / before cpu_init
mark: loadROM: after cpu_init
menufps: 0.9
fps: 0.5
first_vi: vi0_retrace=1661
vis: 0.1
cpu: exceptions=0 cacheResets=0 batches=0 verts=0 texStalls=0 recompiles=0 underruns=0 overruns=0 sleep_us=0 queue_ms=0
mark: CPU core dispatch: dynarec
vis: 60.0
cpu: exceptions=37 cacheResets=1 batches=0 verts=0 texStalls=0 recompiles=138 underruns=0 overruns=0 sleep_us=54696 queue_ms=0
vis: 60.0
cpu: exceptions=67 cacheResets=1 batches=0 verts=0 texStalls=0 recompiles=138 underruns=0 overruns=0 sleep_us=395248 queue_ms=0
vis: 60.0
cpu: exceptions=368 cacheResets=1 batches=0 verts=0 texStalls=0 recompiles=390 underruns=0 overruns=0 sleep_us=691496 queue_ms=0
vis: 60.0
cpu: exceptions=570 cacheResets=1 batches=0 verts=0 texStalls=0 recompiles=668 underruns=2 overruns=0 sleep_us=997936 queue_ms=17
fps: 0.4
vis: 60.0
cpu: exceptions=766 cacheResets=1 batches=44 verts=2262 texStalls=0 recompiles=1899 underruns=3 overruns=0 sleep_us=1168062 queue_ms=34
vis: 60.0
cpu: exceptions=919 cacheResets=1 batches=44 verts=2262 texStalls=0 recompiles=1913 underruns=3 overruns=0 sleep_us=1432390 queue_ms=39
fps: 1.3
vis: 60.0
cpu: exceptions=1111 cacheResets=1 batches=523 verts=18168 texStalls=0 recompiles=1998 underruns=3 overruns=0 sleep_us=1708703 queue_ms=43
fps: 30.0
vis: 60.0
cpu: exceptions=1290 cacheResets=1 batches=1367 verts=39522 texStalls=0 recompiles=2005 underruns=3 overruns=0 sleep_us=1995893 queue_ms=34
fps: 29.3
vis: 60.0
cpu: exceptions=1480 cacheResets=1 batches=2414 verts=62094 texStalls=0 recompiles=2008 underruns=3 overruns=0 sleep_us=2272383 queue_ms=26
fps: 30.0
vis: 60.0
cpu: exceptions=1657 cacheResets=1 batches=3477 verts=84762 texStalls=0 recompiles=2009 underruns=3 overruns=0 sleep_us=2550736 queue_ms=30
fps: 30.0
vis: 60.0
cpu: exceptions=1840 cacheResets=1 batches=4530 verts=107034 texStalls=0 recompiles=2011 underruns=3 overruns=0 sleep_us=2829305 queue_ms=34
fps: 30.0
vis: 60.0
cpu: exceptions=2031 cacheResets=1 batches=5594 verts=129078 texStalls=0 recompiles=2028 underruns=3 overruns=0 sleep_us=3103096 queue_ms=30
fps: 30.0
vis: 60.0
cpu: exceptions=2218 cacheResets=1 batches=6620 verts=150894 texStalls=0 recompiles=2028 underruns=3 overruns=0 sleep_us=3385724 queue_ms=35
fps: 30.0
vis: 60.0
cpu: exceptions=2399 cacheResets=1 batches=7874 verts=182286 texStalls=0 recompiles=2030 underruns=3 overruns=0 sleep_us=3636963 queue_ms=26
fps: 29.9
vis: 60.0
cpu: exceptions=2607 cacheResets=1 batches=9515 verts=221466 texStalls=0 recompiles=2035 underruns=3 overruns=0 sleep_us=3850462 queue_ms=30
fps: 30.0
vis: 60.0
cpu: exceptions=2786 cacheResets=1 batches=11160 verts=252474 texStalls=0 recompiles=2046 underruns=3 overruns=0 sleep_us=4080236 queue_ms=26
fps: 30.0
vis: 60.0
cpu: exceptions=2963 cacheResets=1 batches=12648 verts=277062 texStalls=0 recompiles=2062 underruns=3 overruns=0 sleep_us=4341704 queue_ms=31
fps: 30.0
vis: 60.0
cpu: exceptions=3134 cacheResets=1 batches=13893 verts=300192 texStalls=0 recompiles=2062 underruns=3 overruns=0 sleep_us=4623277 queue_ms=35
fps: 30.0
vis: 60.0
cpu: exceptions=3311 cacheResets=1 batches=14955 verts=322224 texStalls=0 recompiles=2063 underruns=3 overruns=0 sleep_us=4913127 queue_ms=26
fps: 30.0
vis: 60.0
cpu: exceptions=3496 cacheResets=1 batches=15990 verts=344094 texStalls=0 recompiles=2063 underruns=3 overruns=0 sleep_us=5196617 queue_ms=31
fps: 30.0
vis: 60.0
cpu: exceptions=3685 cacheResets=1 batches=17051 verts=367944 texStalls=0 recompiles=2063 underruns=3 overruns=0 sleep_us=5470054 queue_ms=27
fps: 29.9
vis: 60.0
cpu: exceptions=3873 cacheResets=1 batches=18373 verts=405216 texStalls=0 recompiles=2063 underruns=3 overruns=0 sleep_us=5712285 queue_ms=31
fps: 30.0
vis: 60.0
cpu: exceptions=4080 cacheResets=1 batches=19710 verts=442578 texStalls=0 recompiles=2071 underruns=3 overruns=0 sleep_us=5950211 queue_ms=36
fps: 29.9
vis: 60.0
cpu: exceptions=4276 cacheResets=1 batches=22471 verts=477696 texStalls=0 recompiles=2080 underruns=3 overruns=0 sleep_us=6158575 queue_ms=40
fps: 29.8
vis: 60.0
cpu: exceptions=4471 cacheResets=1 batches=27669 verts=520134 texStalls=0 recompiles=2080 underruns=3 overruns=0 sleep_us=6325693 queue_ms=31
fps: 30.0
vis: 60.0
cpu: exceptions=4657 cacheResets=1 batches=32960 verts=563130 texStalls=0 recompiles=2080 underruns=3 overruns=0 sleep_us=6498220 queue_ms=27
fps: 30.0
vis: 60.0
cpu: exceptions=4854 cacheResets=1 batches=37986 verts=604536 texStalls=0 recompiles=2082 underruns=3 overruns=0 sleep_us=6681010 queue_ms=32
fps: 30.0
vis: 60.0
cpu: exceptions=5048 cacheResets=1 batches=43113 verts=646548 texStalls=0 recompiles=2082 underruns=3 overruns=0 sleep_us=6862188 queue_ms=36
fps: 29.1
vis: 60.0
cpu: exceptions=5255 cacheResets=1 batches=48350 verts=691956 texStalls=0 recompiles=2082 underruns=3 overruns=0 sleep_us=7019646 queue_ms=14
fps: 30.1
mark: stop reason: chain guest VI limit
mark: stop_it requested
audio: alist_resample_calls=7273 alist_resample_samples=1338232 alist_zoh_calls=0 alist_zoh_samples=0 musyx_subframes=0 musyx_voices=0 musyx_voice_peak=0
audio_stages: adpcm_calls=5684 adpcm_samples=629344 envmix_calls=5654 envmix_samples=1040336 mix_calls=32380 mix_samples=5957920 musyx_fx_calls=0 musyx_fx_taps=0 output_calls=405 output_samples=297160
audio_envmix: exp_calls=0 ge_calls=0 lin_calls=5654 nead_calls=0 exp_steady=0 ge_steady=0 lin_steady=5208
audio_gaps: nead_mats=0 nead_efz=0 resample_flag2=0 musyx_ptr10=0
audio_output: stream_requests=3350 stream_fed=1031 input_hz=21998 playback_hz=21998 queue_peak_ms=75
vm_io: read_ahead=1 reads=0 hits=0 read_bytes=0 writes=0 write_bytes=0 errors=0
subsystem_time: stage=rsp_gfx calls=358 timed_calls=358 period=1 timed_us=1407306
subsystem_time: stage=rsp_audio calls=406 timed_calls=406 period=1 timed_us=306298
subsystem_time: stage=rsp_other calls=0 timed_calls=0 period=1 timed_us=0
subsystem_time: stage=lookup calls=4415588 timed_calls=34768 period=127 timed_us=5640
subsystem_time: stage=compile calls=2083 timed_calls=2083 period=1 timed_us=177081
subsystem_time: stage=dispatch calls=4132147 timed_calls=32536 period=127 timed_us=12017
subsystem_time: stage=execute_inclusive calls=4132147 timed_calls=32536 period=127 timed_us=128066
subsystem_time: stage=rom_copy calls=640 timed_calls=640 period=1 timed_us=14400
subsystem_time: stage=present calls=899 timed_calls=899 period=1 timed_us=62011
subsystem_time: stage=limiter calls=861 timed_calls=861 period=1 timed_us=7203682
subsystem_time: stage=vm_fault calls=0 timed_calls=0 period=1 timed_us=0
subsystem_time: stage=vm_victim calls=0 timed_calls=0 period=1 timed_us=0
subsystem_time: stage=vm_read calls=0 timed_calls=0 period=1 timed_us=0
subsystem_time: stage=vm_write calls=0 timed_calls=0 period=1 timed_us=0
subsystem_time: stage=tex_hash calls=48848 timed_calls=48848 period=1 timed_us=383579
subsystem_time: stage=tex_lookup calls=48848 timed_calls=48848 period=1 timed_us=7698
subsystem_time: stage=tex_load calls=28 timed_calls=28 period=1 timed_us=1979
subsystem_time: stage=tex_activate calls=48848 timed_calls=48848 period=1 timed_us=27430
subsystem_time: stage=draw_triangles calls=52520 timed_calls=52520 period=1 timed_us=196516
subsystem_time: stage=draw_rect calls=0 timed_calls=0 period=1 timed_us=0
subsystem_time: stage=gfx_list calls=358 timed_calls=358 period=1 timed_us=1406690
subsystem_time: stage=gfx_command calls=1088190 timed_calls=8568 period=127 timed_us=10772
subsystem_time: stage=vertex calls=360552 timed_calls=2838 period=127 timed_us=624
subsystem_time: stage=gfx_state calls=84009 timed_calls=661 period=127 timed_us=4481
subsystem_time: stage=gx_wait calls=0 timed_calls=0 period=1 timed_us=0
subsystem_time: stage=dma_pi calls=640 timed_calls=640 period=1 timed_us=15968
subsystem_time: stage=dma_sp calls=1528 timed_calls=1528 period=1 timed_us=1639
subsystem_time: stage=dma_si calls=1147 timed_calls=1147 period=1 timed_us=11325
subsystem_time: stage=tlb_translate calls=0 timed_calls=0 period=127 timed_us=0
subsystem_time: stage=pif calls=1149 timed_calls=1149 period=1 timed_us=10645
subsystem_time: stage=input calls=807 timed_calls=807 period=1 timed_us=8577
subsystem_time: stage=guest_interrupt calls=6623 timed_calls=6623 period=1 timed_us=7327747
subsystem_time: stage=interpreter_inclusive calls=0 timed_calls=0 period=1 timed_us=0
subsystem_time: stage=audio_submit calls=405 timed_calls=405 period=1 timed_us=6450
subsystem_time: stage=audio_callback calls=9373 timed_calls=9373 period=1 timed_us=4289
subsystem_time: stage=memory_slow calls=487976 timed_calls=3842 period=127 timed_us=3731
subsystem_time: stage=jit_invalidate calls=283441 timed_calls=2231 period=127 timed_us=317
audio_time: stage=resample sampled_calls=57 sampled_samples=10488 sampled_us=416
audio_time: stage=zoh sampled_calls=0 sampled_samples=0 sampled_us=0
audio_time: stage=adpcm sampled_calls=44 sampled_samples=4752 sampled_us=204
audio_time: stage=envmix_exp sampled_calls=0 sampled_samples=0 sampled_us=0
audio_time: stage=envmix_ge sampled_calls=0 sampled_samples=0 sampled_us=0
audio_time: stage=envmix_lin sampled_calls=44 sampled_samples=8096 sampled_us=689
audio_time: stage=envmix_nead sampled_calls=0 sampled_samples=0 sampled_us=0
audio_time: stage=mix sampled_calls=254 sampled_samples=46736 sampled_us=774
audio_time: stage=musyx_voice sampled_calls=0 sampled_samples=0 sampled_us=0
audio_time: stage=musyx_fx sampled_calls=0 sampled_samples=0 sampled_us=0
audio_time: stage=output sampled_calls=3 sampled_samples=2208 sampled_us=39
game: n=2/3 how=vis vis=900 vi_rate=60 vi0_retrace=1661 wall_us=15177327 sleep_us=7201050 avg_vis=58.00 avg_fps=26.55 exceptions=5450 cacheResets=1 recompiles=2083 batches=52520 verts=741906 texStalls=0 treeDepthMax=31 underruns=3 overruns=0 queue_peak_ms=43 dsp_avg=1.36 dsp_peak=1.60 pmc1=5564051308 pmc2=5264719320 pmc3=0 pmc4=0 mmcr0=00000042 mmcr1=00000000 heap_used=10926056 heap_free=37000 arena1_free=487424 arena2_free=577472 flushes=4 flush_us=47299 padtrace=0 rom=sd:/wii64/roms/Banjo-Kazooie.V64
=== chain 2/3 end vis=900 how=vis rom=sd:/wii64/roms/Banjo-Kazooie.V64 ===
mark: pad replay records: 1
mark: loadROM: enter
mark: loadROM: before rom_read
mark: ROMCache_load: enter
mark: ROMCache_load: before first read
mark: ROMCache_load: first read returned
mark: ROMCache_load: byte_swap_type set
mark: ROMCache_load: first byte_swap done
menufps: 0.1
menufps: 8.4
menufps: 8.3
menufps: 7.7
menufps: 8.3
menufps: 8.3
menufps: 8.3
mark: ROMCache_load: loop exited normally
mark: ROMCache_load: elapsed_us=3744804 bytes=16777216 vm=0
mark: loadROM: after rom_read
mark: loadROM: before init_memory
mark: loadROM: after init_memory
mark: loadROM: before romOpen_gfx
mark: loadROM: after romOpen_gfx / before romOpen_audio
mark: loadROM: after romOpen_audio / before romOpen_input
mark: loadROM: after romOpen_input / before cpu_init
mark: loadROM: after cpu_init
menufps: 1.2
fps: 0.5
first_vi: vi0_retrace=3002
vis: 3.8
cpu: exceptions=0 cacheResets=0 batches=0 verts=0 texStalls=0 recompiles=0 underruns=0 overruns=0 sleep_us=0 queue_ms=0
mark: CPU core dispatch: dynarec
vis: 60.0
cpu: exceptions=1472 cacheResets=1 batches=0 verts=0 texStalls=0 recompiles=421 underruns=0 overruns=0 sleep_us=143322 queue_ms=139
fps: 3.1
vis: 60.0
cpu: exceptions=2356 cacheResets=1 batches=0 verts=0 texStalls=0 recompiles=425 underruns=0 overruns=0 sleep_us=512312 queue_ms=142
fps: 60.6
vis: 60.0
cpu: exceptions=2626 cacheResets=1 batches=0 verts=0 texStalls=0 recompiles=425 underruns=0 overruns=0 sleep_us=940097 queue_ms=138
fps: 60.0
vis: 60.0
cpu: exceptions=2919 cacheResets=1 batches=0 verts=0 texStalls=0 recompiles=468 underruns=0 overruns=0 sleep_us=1354575 queue_ms=144
vis: 60.0
cpu: exceptions=3299 cacheResets=1 batches=0 verts=0 texStalls=0 recompiles=468 underruns=0 overruns=0 sleep_us=1713021 queue_ms=139
fps: 14.9
vis: 55.0
cpu: exceptions=3638 cacheResets=1 batches=2160 verts=57624 texStalls=0 recompiles=742 underruns=0 overruns=0 sleep_us=1905233 queue_ms=94
fps: 59.0
vis: 60.0
cpu: exceptions=3928 cacheResets=1 batches=8940 verts=235104 texStalls=0 recompiles=763 underruns=0 overruns=0 sleep_us=1971735 queue_ms=99
fps: 60.0
vis: 60.0
cpu: exceptions=4224 cacheResets=1 batches=15711 verts=412530 texStalls=0 recompiles=771 underruns=0 overruns=0 sleep_us=2041035 queue_ms=94
fps: 60.0
vis: 60.0
cpu: exceptions=4523 cacheResets=1 batches=22461 verts=589830 texStalls=0 recompiles=775 underruns=0 overruns=0 sleep_us=2110063 queue_ms=101
fps: 60.0
vis: 60.0
cpu: exceptions=4814 cacheResets=1 batches=29211 verts=767130 texStalls=0 recompiles=775 underruns=0 overruns=0 sleep_us=2182101 queue_ms=96
fps: 60.0
vis: 60.0
cpu: exceptions=5102 cacheResets=1 batches=35961 verts=944430 texStalls=0 recompiles=775 underruns=0 overruns=0 sleep_us=2256535 queue_ms=93
fps: 60.0
vis: 60.0
cpu: exceptions=5397 cacheResets=1 batches=42711 verts=1121730 texStalls=0 recompiles=775 underruns=0 overruns=0 sleep_us=2327639 queue_ms=97
fps: 60.0
vis: 60.0
cpu: exceptions=5683 cacheResets=1 batches=49461 verts=1299030 texStalls=0 recompiles=777 underruns=0 overruns=0 sleep_us=2402241 queue_ms=95
fps: 60.0
vis: 60.0
cpu: exceptions=5977 cacheResets=1 batches=56211 verts=1476330 texStalls=0 recompiles=777 underruns=0 overruns=0 sleep_us=2469299 queue_ms=99
fps: 60.0
vis: 60.0
cpu: exceptions=6275 cacheResets=1 batches=62961 verts=1653630 texStalls=0 recompiles=777 underruns=0 overruns=0 sleep_us=2534266 queue_ms=96
fps: 60.0
vis: 60.0
cpu: exceptions=6570 cacheResets=1 batches=69711 verts=1830930 texStalls=0 recompiles=777 underruns=0 overruns=0 sleep_us=2599865 queue_ms=101
fps: 60.0
vis: 60.0
cpu: exceptions=6868 cacheResets=1 batches=76461 verts=2008230 texStalls=0 recompiles=777 underruns=0 overruns=0 sleep_us=2662495 queue_ms=97
fps: 60.0
vis: 60.0
cpu: exceptions=7160 cacheResets=1 batches=83211 verts=2185530 texStalls=0 recompiles=777 underruns=0 overruns=0 sleep_us=2727083 queue_ms=103
fps: 58.3
vis: 60.0
cpu: exceptions=7452 cacheResets=1 batches=89961 verts=2362830 texStalls=0 recompiles=777 underruns=0 overruns=0 sleep_us=2793859 queue_ms=80
fps: 60.0
vis: 60.0
cpu: exceptions=7741 cacheResets=1 batches=96711 verts=2540130 texStalls=0 recompiles=777 underruns=0 overruns=0 sleep_us=2862260 queue_ms=86
vis: 60.0
cpu: exceptions=8079 cacheResets=1 batches=104586 verts=2746980 texStalls=0 recompiles=777 underruns=0 overruns=0 sleep_us=2944678 queue_ms=85
fps: 60.3
vis: 60.0
cpu: exceptions=8378 cacheResets=1 batches=111336 verts=2924280 texStalls=0 recompiles=777 underruns=0 overruns=0 sleep_us=3007972 queue_ms=89
fps: 59.9
vis: 60.0
cpu: exceptions=8672 cacheResets=1 batches=118086 verts=3101580 texStalls=0 recompiles=777 underruns=0 overruns=0 sleep_us=3062496 queue_ms=87
fps: 60.0
vis: 60.0
cpu: exceptions=8985 cacheResets=1 batches=124836 verts=3278880 texStalls=0 recompiles=777 underruns=0 overruns=0 sleep_us=3105120 queue_ms=82
fps: 60.0
vis: 60.0
cpu: exceptions=9303 cacheResets=1 batches=131586 verts=3456180 texStalls=0 recompiles=777 underruns=0 overruns=0 sleep_us=3144612 queue_ms=88
fps: 60.0
vis: 60.0
cpu: exceptions=9622 cacheResets=1 batches=138336 verts=3633480 texStalls=0 recompiles=777 underruns=0 overruns=0 sleep_us=3186505 queue_ms=84
fps: 60.0
vis: 60.0
cpu: exceptions=9935 cacheResets=1 batches=145086 verts=3810780 texStalls=0 recompiles=777 underruns=0 overruns=0 sleep_us=3230122 queue_ms=89
fps: 60.0
vis: 60.0
cpu: exceptions=10243 cacheResets=1 batches=151838 verts=3988080 texStalls=0 recompiles=777 underruns=0 overruns=0 sleep_us=3276409 queue_ms=86
fps: 60.0
vis: 59.4
cpu: exceptions=10556 cacheResets=1 batches=159358 verts=4190163 texStalls=0 recompiles=777 underruns=0 overruns=0 sleep_us=3308463 queue_ms=81
fps: 59.2
mark: stop reason: chain guest VI limit
mark: stop_it requested
audio: alist_resample_calls=10077 alist_resample_samples=1250096 alist_zoh_calls=0 alist_zoh_samples=0 musyx_subframes=0 musyx_voices=0 musyx_voice_peak=0
audio_stages: adpcm_calls=9759 adpcm_samples=1154016 envmix_calls=10077 envmix_samples=1250096 mix_calls=79024 mix_samples=10544864 musyx_fx_calls=0 musyx_fx_taps=0 output_calls=897 output_samples=478768
audio_envmix: exp_calls=10077 ge_calls=0 lin_calls=0 nead_calls=0 exp_steady=5510 ge_steady=0 lin_steady=0
audio_gaps: nead_mats=0 nead_efz=0 resample_flag2=0 musyx_ptr10=0
audio_output: stream_requests=3318 stream_fed=1657 input_hz=32006 playback_hz=32006 queue_peak_ms=164
vm_io: read_ahead=1 reads=0 hits=0 read_bytes=0 writes=0 write_bytes=0 errors=0
subsystem_time: stage=rsp_gfx calls=810 timed_calls=810 period=1 timed_us=6087471
subsystem_time: stage=rsp_audio calls=898 timed_calls=898 period=1 timed_us=591918
subsystem_time: stage=rsp_other calls=0 timed_calls=0 period=1 timed_us=0
subsystem_time: stage=lookup calls=3610028 timed_calls=28425 period=127 timed_us=3902
subsystem_time: stage=compile calls=777 timed_calls=777 period=1 timed_us=106177
subsystem_time: stage=dispatch calls=3517129 timed_calls=27693 period=127 timed_us=9303
subsystem_time: stage=execute_inclusive calls=3517129 timed_calls=27693 period=127 timed_us=73101
subsystem_time: stage=rom_copy calls=1024 timed_calls=1024 period=1 timed_us=14761
subsystem_time: stage=present calls=899 timed_calls=899 period=1 timed_us=42224
subsystem_time: stage=limiter calls=838 timed_calls=838 period=1 timed_us=3311143
subsystem_time: stage=vm_fault calls=0 timed_calls=0 period=1 timed_us=0
subsystem_time: stage=vm_victim calls=0 timed_calls=0 period=1 timed_us=0
subsystem_time: stage=vm_read calls=0 timed_calls=0 period=1 timed_us=0
subsystem_time: stage=vm_write calls=0 timed_calls=0 period=1 timed_us=0
subsystem_time: stage=tex_hash calls=147492 timed_calls=147492 period=1 timed_us=1589881
subsystem_time: stage=tex_lookup calls=147492 timed_calls=147492 period=1 timed_us=41987
subsystem_time: stage=tex_load calls=136 timed_calls=136 period=1 timed_us=18834
subsystem_time: stage=tex_activate calls=147492 timed_calls=147492 period=1 timed_us=96100
subsystem_time: stage=draw_triangles calls=167028 timed_calls=167028 period=1 timed_us=653642
subsystem_time: stage=draw_rect calls=5440 timed_calls=5440 period=1 timed_us=115331
subsystem_time: stage=gfx_list calls=810 timed_calls=810 period=1 timed_us=6086060
subsystem_time: stage=gfx_command calls=5319454 timed_calls=41885 period=127 timed_us=48510
subsystem_time: stage=vertex calls=2761556 timed_calls=21744 period=127 timed_us=3530
subsystem_time: stage=gfx_state calls=147504 timed_calls=1161 period=127 timed_us=16223
subsystem_time: stage=gx_wait calls=0 timed_calls=0 period=1 timed_us=0
subsystem_time: stage=dma_pi calls=2023 timed_calls=2023 period=1 timed_us=18051
subsystem_time: stage=dma_sp calls=3416 timed_calls=3416 period=1 timed_us=3437
subsystem_time: stage=dma_si calls=4478 timed_calls=4478 period=1 timed_us=20663
subsystem_time: stage=tlb_translate calls=0 timed_calls=0 period=127 timed_us=0
subsystem_time: stage=pif calls=4479 timed_calls=4479 period=1 timed_us=20063
subsystem_time: stage=input calls=3508 timed_calls=3508 period=1 timed_us=14643
subsystem_time: stage=guest_interrupt calls=12491 timed_calls=12491 period=1 timed_us=3413850
subsystem_time: stage=interpreter_inclusive calls=0 timed_calls=0 period=1 timed_us=0
subsystem_time: stage=audio_submit calls=898 timed_calls=898 period=1 timed_us=10597
subsystem_time: stage=audio_callback calls=9372 timed_calls=9372 period=1 timed_us=7368
subsystem_time: stage=memory_slow calls=833887 timed_calls=6566 period=127 timed_us=50532
subsystem_time: stage=jit_invalidate calls=92899 timed_calls=731 period=127 timed_us=96
audio_time: stage=resample sampled_calls=79 sampled_samples=10240 sampled_us=439
audio_time: stage=zoh sampled_calls=0 sampled_samples=0 sampled_us=0
audio_time: stage=adpcm sampled_calls=76 sampled_samples=8016 sampled_us=354
audio_time: stage=envmix_exp sampled_calls=79 sampled_samples=10240 sampled_us=1199
audio_time: stage=envmix_ge sampled_calls=0 sampled_samples=0 sampled_us=0
audio_time: stage=envmix_lin sampled_calls=0 sampled_samples=0 sampled_us=0
audio_time: stage=envmix_nead sampled_calls=0 sampled_samples=0 sampled_us=0
audio_time: stage=mix sampled_calls=622 sampled_samples=83008 sampled_us=1359
audio_time: stage=musyx_voice sampled_calls=0 sampled_samples=0 sampled_us=0
audio_time: stage=musyx_fx sampled_calls=0 sampled_samples=0 sampled_us=0
audio_time: stage=output sampled_calls=7 sampled_samples=3712 sampled_us=69
game: n=3/3 how=vis vis=900 vi_rate=60 vi0_retrace=3002 wall_us=15249062 sleep_us=3308463 avg_vis=57.94 avg_fps=54.14 exceptions=10824 cacheResets=1 recompiles=777 batches=167028 verts=4402401 texStalls=0 treeDepthMax=12 underruns=0 overruns=0 queue_peak_ms=144 dsp_avg=1.62 dsp_peak=1.90 pmc1=8535274569 pmc2=8139405839 pmc3=0 pmc4=0 mmcr0=00000042 mmcr1=00000000 heap_used=10838280 heap_free=157544 arena1_free=454656 arena2_free=577472 flushes=3 flush_us=37137 padtrace=0 rom=sd:/wii64/roms/Pokemon Snap.rom
=== chain 3/3 end vis=900 how=vis rom=sd:/wii64/roms/Pokemon Snap.rom ===
