--- wii64 perf log ---
mark: diag config: wiiload arguments
mark: wiiload dynacore argument received
mark: diag received dynacore line
mark: diag requested core: dynarec
mark: pad replay records: 1
selftest:
  raw[0]=51281086506971577
  raw[1]=51281086506971582
  raw[2]=51281086506971593
  raw[3]=51281086506971606
  raw[4]=51281086506971619
  delta[0]=0us
  delta[1]=0us
  delta[2]=0us
  delta[3]=0us
mark: audio quality: accurate
mark: audio modes: n64=0 output=0 mixer=0 latency=2 sync=0
mark: diag applied core: dynarec
mark: HBC agent ready
mark: loadROM: enter
mark: loadROM: before rom_read
mark: ROMCache_load: enter
mark: ROMCache_load: before first read
mark: ROMCache_load: first read returned
mark: ROMCache_load: byte_swap_type set
mark: ROMCache_load: first byte_swap done
menufps: 10.4
menufps: 8.3
menufps: 7.9
mark: ROMCache_load: loop exited normally
mark: ROMCache_load: elapsed_us=1904873 bytes=8388608 vm=0
mark: loadROM: after rom_read
mark: loadROM: before init_memory
mark: loadROM: after init_memory
mark: loadROM: before romOpen_gfx
mark: loadROM: after romOpen_gfx / before romOpen_audio
mark: loadROM: after romOpen_audio / before romOpen_input
mark: loadROM: after romOpen_input / before cpu_init
mark: loadROM: after cpu_init
menufps: 1.2
fps: 0.0
first_vi: vi0_retrace=315
vis: 0.0
cpu: exceptions=0 cacheResets=0 batches=0 verts=0 texStalls=0 recompiles=0 underruns=0 overruns=0 sleep_us=0 queue_ms=0
mark: CPU core dispatch: dynarec
vis: 60.0
cpu: exceptions=240 cacheResets=1 batches=0 verts=0 texStalls=0 recompiles=189 underruns=1 overruns=0 sleep_us=260886 queue_ms=91
vis: 60.0
cpu: exceptions=540 cacheResets=1 batches=0 verts=0 texStalls=0 recompiles=198 underruns=1 overruns=0 sleep_us=740613 queue_ms=96
vis: 60.0
cpu: exceptions=840 cacheResets=1 batches=0 verts=0 texStalls=0 recompiles=204 underruns=1 overruns=0 sleep_us=1220379 queue_ms=93
vis: 60.0
cpu: exceptions=1135 cacheResets=1 batches=0 verts=0 texStalls=0 recompiles=204 underruns=1 overruns=0 sleep_us=1700679 queue_ms=88
fps: 0.5
vis: 60.0
cpu: exceptions=1431 cacheResets=1 batches=414 verts=9387 texStalls=0 recompiles=468 underruns=2 overruns=0 sleep_us=2046311 queue_ms=11
fps: 20.0
vis: 60.0
cpu: exceptions=1588 cacheResets=1 batches=2484 verts=56322 texStalls=0 recompiles=475 underruns=2 overruns=0 sleep_us=2465610 queue_ms=9
fps: 30.0
vis: 60.0
cpu: exceptions=1752 cacheResets=1 batches=4554 verts=103257 texStalls=0 recompiles=478 underruns=2 overruns=0 sleep_us=2883742 queue_ms=15
fps: 30.0
vis: 60.0
cpu: exceptions=1894 cacheResets=1 batches=6624 verts=150192 texStalls=0 recompiles=478 underruns=2 overruns=0 sleep_us=3310928 queue_ms=11
fps: 30.0
vis: 60.0
cpu: exceptions=2036 cacheResets=1 batches=8694 verts=197127 texStalls=0 recompiles=478 underruns=2 overruns=0 sleep_us=3737697 queue_ms=16
fps: 30.0
vis: 60.0
cpu: exceptions=2178 cacheResets=1 batches=10767 verts=244080 texStalls=0 recompiles=489 underruns=2 overruns=0 sleep_us=4163299 queue_ms=13
fps: 30.0
vis: 60.0
cpu: exceptions=2319 cacheResets=1 batches=12574 verts=284835 texStalls=0 recompiles=498 underruns=2 overruns=0 sleep_us=4593519 queue_ms=9
vis: 60.0
cpu: exceptions=2638 cacheResets=1 batches=12574 verts=284835 texStalls=0 recompiles=675 underruns=3 overruns=0 sleep_us=4800121 queue_ms=23
vis: 60.0
cpu: exceptions=2728 cacheResets=1 batches=12574 verts=284835 texStalls=0 recompiles=733 underruns=3 overruns=0 sleep_us=5030837 queue_ms=19
vis: 60.0
cpu: exceptions=2818 cacheResets=1 batches=12574 verts=284835 texStalls=0 recompiles=784 underruns=3 overruns=0 sleep_us=5325168 queue_ms=25
fps: 4.9
vis: 60.0
cpu: exceptions=2961 cacheResets=1 batches=13906 verts=302151 texStalls=0 recompiles=910 underruns=5 overruns=0 sleep_us=5588134 queue_ms=8
fps: 15.1
vis: 60.0
cpu: exceptions=3118 cacheResets=1 batches=18795 verts=366450 texStalls=0 recompiles=910 underruns=5 overruns=0 sleep_us=5761570 queue_ms=13
fps: 30.0
vis: 60.0
cpu: exceptions=3273 cacheResets=1 batches=23671 verts=430419 texStalls=0 recompiles=927 underruns=5 overruns=0 sleep_us=5934470 queue_ms=8
fps: 30.0
vis: 60.0
cpu: exceptions=3436 cacheResets=1 batches=28534 verts=494292 texStalls=0 recompiles=927 underruns=5 overruns=0 sleep_us=6107816 queue_ms=5
fps: 30.0
vis: 60.0
cpu: exceptions=3591 cacheResets=1 batches=33400 verts=558183 texStalls=0 recompiles=927 underruns=5 overruns=0 sleep_us=6290992 queue_ms=10
fps: 29.2
vis: 60.0
cpu: exceptions=3762 cacheResets=1 batches=38271 verts=622104 texStalls=0 recompiles=927 underruns=7 overruns=0 sleep_us=6459242 queue_ms=15
fps: 29.9
vis: 60.0
cpu: exceptions=3974 cacheResets=1 batches=43132 verts=685965 texStalls=0 recompiles=928 underruns=7 overruns=0 sleep_us=6614343 queue_ms=12
fps: 30.0
vis: 60.0
cpu: exceptions=4198 cacheResets=1 batches=47997 verts=749850 texStalls=0 recompiles=928 underruns=7 overruns=0 sleep_us=6754747 queue_ms=17
fps: 30.0
vis: 60.0
cpu: exceptions=4425 cacheResets=1 batches=52864 verts=813747 texStalls=0 recompiles=928 underruns=7 overruns=0 sleep_us=6897265 queue_ms=13
fps: 30.0
vis: 60.0
cpu: exceptions=4645 cacheResets=1 batches=57731 verts=877644 texStalls=0 recompiles=928 underruns=7 overruns=0 sleep_us=7042393 queue_ms=18
fps: 30.0
vis: 60.0
cpu: exceptions=4859 cacheResets=1 batches=62593 verts=941511 texStalls=0 recompiles=928 underruns=7 overruns=0 sleep_us=7192476 queue_ms=15
fps: 30.0
vis: 60.0
cpu: exceptions=5079 cacheResets=1 batches=67461 verts=1005414 texStalls=0 recompiles=928 underruns=7 overruns=0 sleep_us=7340116 queue_ms=11
fps: 30.0
vis: 60.0
cpu: exceptions=5295 cacheResets=1 batches=72323 verts=1069281 texStalls=0 recompiles=928 underruns=7 overruns=0 sleep_us=7487173 queue_ms=16
fps: 30.0
vis: 60.0
cpu: exceptions=5521 cacheResets=1 batches=77187 verts=1133160 texStalls=0 recompiles=928 underruns=7 overruns=0 sleep_us=7629727 queue_ms=13
fps: 30.0
vis: 60.0
cpu: exceptions=5754 cacheResets=1 batches=82053 verts=1197051 texStalls=0 recompiles=928 underruns=7 overruns=0 sleep_us=7768642 queue_ms=17
fps: 30.0
mark: stop reason: chain guest VI limit
mark: stop_it requested
vis: 57.8
cpu: exceptions=5980 cacheResets=1 batches=86586 verts=1256631 texStalls=0 recompiles=928 underruns=8 overruns=0 sleep_us=7898139 queue_ms=7
audio: alist_resample_calls=16770 alist_resample_samples=2210760 alist_zoh_calls=0 alist_zoh_samples=0 musyx_subframes=0 musyx_voices=0 musyx_voice_peak=0
audio_stages: adpcm_calls=16496 adpcm_samples=2666016 envmix_calls=16204 envmix_samples=2162216 mix_calls=3500 mix_samples=1120000 musyx_fx_calls=0 musyx_fx_taps=0 output_calls=876 output_samples=467088
audio_envmix: exp_calls=16204 ge_calls=0 lin_calls=0 nead_calls=0 exp_steady=13261 ge_steady=0 lin_steady=0
audio_gaps: nead_mats=0 nead_efz=0 resample_flag2=0 musyx_ptr10=0
audio_output: stream_requests=3407 stream_fed=1621 input_hz=32006 playback_hz=32006 queue_peak_ms=115
vm_io: read_ahead=1 reads=0 hits=0 read_bytes=0 writes=0 write_bytes=0 errors=0
subsystem_time: stage=rsp_gfx calls=326 timed_calls=326 period=1 timed_us=1523549
subsystem_time: stage=rsp_audio calls=875 timed_calls=875 period=1 timed_us=429888
subsystem_time: stage=rsp_other calls=0 timed_calls=0 period=1 timed_us=0
subsystem_time: stage=lookup calls=4330086 timed_calls=34095 period=127 timed_us=4595
subsystem_time: stage=compile calls=928 timed_calls=928 period=1 timed_us=105342
subsystem_time: stage=dispatch calls=4325528 timed_calls=34059 period=127 timed_us=10776
subsystem_time: stage=execute_inclusive calls=4325528 timed_calls=34059 period=127 timed_us=65868
subsystem_time: stage=rom_copy calls=1548 timed_calls=1548 period=1 timed_us=25051
subsystem_time: stage=present calls=899 timed_calls=899 period=1 timed_us=18442
subsystem_time: stage=limiter calls=879 timed_calls=879 period=1 timed_us=7900764
subsystem_time: stage=vm_fault calls=0 timed_calls=0 period=1 timed_us=0
subsystem_time: stage=vm_victim calls=0 timed_calls=0 period=1 timed_us=0
subsystem_time: stage=vm_read calls=0 timed_calls=0 period=1 timed_us=0
subsystem_time: stage=vm_write calls=0 timed_calls=0 period=1 timed_us=0
subsystem_time: stage=tex_hash calls=29104 timed_calls=29104 period=1 timed_us=281751
subsystem_time: stage=tex_lookup calls=29104 timed_calls=29104 period=1 timed_us=5119
subsystem_time: stage=tex_load calls=37 timed_calls=37 period=1 timed_us=2245
subsystem_time: stage=tex_activate calls=29104 timed_calls=29104 period=1 timed_us=14762
subsystem_time: stage=draw_triangles calls=86586 timed_calls=86586 period=1 timed_us=202450
subsystem_time: stage=draw_rect calls=2010 timed_calls=2010 period=1 timed_us=14903
subsystem_time: stage=gfx_list calls=326 timed_calls=326 period=1 timed_us=1522940
subsystem_time: stage=gfx_command calls=1051565 timed_calls=8280 period=127 timed_us=11952
subsystem_time: stage=vertex calls=899894 timed_calls=7085 period=127 timed_us=2010
subsystem_time: stage=gfx_state calls=45012 timed_calls=354 period=127 timed_us=2967
subsystem_time: stage=gx_wait calls=0 timed_calls=0 period=1 timed_us=0
subsystem_time: stage=dma_pi calls=1548 timed_calls=1548 period=1 timed_us=48029
subsystem_time: stage=dma_sp calls=2402 timed_calls=2402 period=1 timed_us=1936
subsystem_time: stage=dma_si calls=971 timed_calls=971 period=1 timed_us=7486
subsystem_time: stage=tlb_translate calls=200897 timed_calls=1581 period=127 timed_us=80
subsystem_time: stage=pif calls=972 timed_calls=972 period=1 timed_us=6880
subsystem_time: stage=input calls=1304 timed_calls=1304 period=1 timed_us=5723
subsystem_time: stage=guest_interrupt calls=7496 timed_calls=7496 period=1 timed_us=7969061
subsystem_time: stage=interpreter_inclusive calls=0 timed_calls=0 period=1 timed_us=0
subsystem_time: stage=audio_submit calls=876 timed_calls=876 period=1 timed_us=10373
subsystem_time: stage=audio_callback calls=9437 timed_calls=9437 period=1 timed_us=6104
subsystem_time: stage=memory_slow calls=582032 timed_calls=4582 period=127 timed_us=10556
subsystem_time: stage=jit_invalidate calls=4558 timed_calls=35 period=127 timed_us=5
audio_time: stage=resample sampled_calls=132 sampled_samples=17512 sampled_us=747
audio_time: stage=zoh sampled_calls=0 sampled_samples=0 sampled_us=0
audio_time: stage=adpcm sampled_calls=129 sampled_samples=20528 sampled_us=853
audio_time: stage=envmix_exp sampled_calls=127 sampled_samples=16960 sampled_us=1222
audio_time: stage=envmix_ge sampled_calls=0 sampled_samples=0 sampled_us=0
audio_time: stage=envmix_lin sampled_calls=0 sampled_samples=0 sampled_us=0
audio_time: stage=envmix_nead sampled_calls=0 sampled_samples=0 sampled_us=0
audio_time: stage=mix sampled_calls=27 sampled_samples=8640 sampled_us=151
audio_time: stage=musyx_voice sampled_calls=0 sampled_samples=0 sampled_us=0
audio_time: stage=musyx_fx sampled_calls=0 sampled_samples=0 sampled_us=0
audio_time: stage=output sampled_calls=6 sampled_samples=3200 sampled_us=60
game: n=1/3 how=vis vis=900 vi_rate=60 vi0_retrace=315 wall_us=15193329 sleep_us=7898139 avg_vis=57.99 avg_fps=25.40 exceptions=5981 cacheResets=1 recompiles=928 batches=86586 verts=1256631 texStalls=0 treeDepthMax=14 underruns=8 overruns=0 queue_peak_ms=96 dsp_avg=1.54 dsp_peak=1.80 pmc1=5159221070 pmc2=5117024704 pmc3=0 pmc4=0 mmcr0=00000042 mmcr1=00000000 heap_used=10848744 heap_free=35432 arena1_free=565248 arena2_free=577472 flushes=3 flush_us=32999 padtrace=4 rom=sd:/wii64/roms/Super Mario 64.v64
=== chain 1/3 end vis=900 how=vis rom=sd:/wii64/roms/Super Mario 64.v64 ===
mark: pad replay records: 1
mark: loadROM: enter
mark: loadROM: before rom_read
mark: ROMCache_load: enter
mark: ROMCache_load: before first read
mark: ROMCache_load: first read returned
mark: ROMCache_load: byte_swap_type set
mark: ROMCache_load: first byte_swap done
menufps: 0.1
menufps: 8.5
menufps: 8.0
menufps: 8.1
menufps: 8.3
menufps: 8.3
menufps: 8.0
mark: ROMCache_load: loop exited normally
mark: ROMCache_load: elapsed_us=3761514 bytes=16777216 vm=0
mark: loadROM: after rom_read
mark: loadROM: before init_memory
mark: loadROM: after init_memory
mark: loadROM: before romOpen_gfx
mark: loadROM: after romOpen_gfx / before romOpen_audio
mark: loadROM: after romOpen_audio / before romOpen_input
mark: loadROM: after romOpen_input / before cpu_init
mark: loadROM: after cpu_init
menufps: 1.4
fps: 0.5
first_vi: vi0_retrace=1659
vis: 0.1
cpu: exceptions=0 cacheResets=0 batches=0 verts=0 texStalls=0 recompiles=0 underruns=0 overruns=0 sleep_us=0 queue_ms=0
mark: CPU core dispatch: dynarec
vis: 60.0
cpu: exceptions=37 cacheResets=1 batches=0 verts=0 texStalls=0 recompiles=138 underruns=0 overruns=0 sleep_us=37740 queue_ms=0
vis: 60.0
cpu: exceptions=67 cacheResets=1 batches=0 verts=0 texStalls=0 recompiles=138 underruns=0 overruns=0 sleep_us=372866 queue_ms=0
vis: 60.0
cpu: exceptions=368 cacheResets=1 batches=0 verts=0 texStalls=0 recompiles=390 underruns=0 overruns=0 sleep_us=660676 queue_ms=0
vis: 60.0
cpu: exceptions=570 cacheResets=1 batches=0 verts=0 texStalls=0 recompiles=668 underruns=2 overruns=0 sleep_us=961362 queue_ms=17
fps: 0.4
vis: 60.0
cpu: exceptions=766 cacheResets=1 batches=44 verts=2262 texStalls=0 recompiles=1899 underruns=3 overruns=0 sleep_us=1128512 queue_ms=34
vis: 60.0
cpu: exceptions=919 cacheResets=1 batches=44 verts=2262 texStalls=0 recompiles=1913 underruns=3 overruns=0 sleep_us=1392668 queue_ms=39
fps: 1.3
vis: 60.0
cpu: exceptions=1111 cacheResets=1 batches=523 verts=18168 texStalls=0 recompiles=1999 underruns=3 overruns=0 sleep_us=1666418 queue_ms=43
fps: 30.0
vis: 60.0
cpu: exceptions=1290 cacheResets=1 batches=1367 verts=39522 texStalls=0 recompiles=2006 underruns=3 overruns=0 sleep_us=1952431 queue_ms=34
fps: 29.4
vis: 60.0
cpu: exceptions=1480 cacheResets=1 batches=2414 verts=62094 texStalls=0 recompiles=2009 underruns=3 overruns=0 sleep_us=2227860 queue_ms=26
fps: 30.0
vis: 60.0
cpu: exceptions=1657 cacheResets=1 batches=3477 verts=84762 texStalls=0 recompiles=2010 underruns=3 overruns=0 sleep_us=2505261 queue_ms=30
fps: 30.0
vis: 60.0
cpu: exceptions=1840 cacheResets=1 batches=4530 verts=107034 texStalls=0 recompiles=2012 underruns=3 overruns=0 sleep_us=2782773 queue_ms=34
fps: 30.0
vis: 60.0
cpu: exceptions=2031 cacheResets=1 batches=5594 verts=129078 texStalls=0 recompiles=2029 underruns=3 overruns=0 sleep_us=3055441 queue_ms=30
fps: 30.0
vis: 60.0
cpu: exceptions=2218 cacheResets=1 batches=6620 verts=150894 texStalls=0 recompiles=2029 underruns=3 overruns=0 sleep_us=3336920 queue_ms=35
fps: 30.0
vis: 60.0
cpu: exceptions=2399 cacheResets=1 batches=7874 verts=182286 texStalls=0 recompiles=2031 underruns=3 overruns=0 sleep_us=3587008 queue_ms=26
fps: 29.9
vis: 60.0
cpu: exceptions=2607 cacheResets=1 batches=9515 verts=221466 texStalls=0 recompiles=2036 underruns=3 overruns=0 sleep_us=3799358 queue_ms=30
fps: 30.0
vis: 60.0
cpu: exceptions=2786 cacheResets=1 batches=11160 verts=252474 texStalls=0 recompiles=2047 underruns=3 overruns=0 sleep_us=4027858 queue_ms=26
fps: 30.0
vis: 60.0
cpu: exceptions=2963 cacheResets=1 batches=12648 verts=277062 texStalls=0 recompiles=2063 underruns=3 overruns=0 sleep_us=4288373 queue_ms=31
fps: 30.0
vis: 60.0
cpu: exceptions=3134 cacheResets=1 batches=13893 verts=300192 texStalls=0 recompiles=2063 underruns=3 overruns=0 sleep_us=4569044 queue_ms=35
fps: 30.0
vis: 60.0
cpu: exceptions=3311 cacheResets=1 batches=14955 verts=322224 texStalls=0 recompiles=2064 underruns=3 overruns=0 sleep_us=4857956 queue_ms=40
fps: 30.0
vis: 60.0
cpu: exceptions=3496 cacheResets=1 batches=15990 verts=344094 texStalls=0 recompiles=2064 underruns=3 overruns=0 sleep_us=5140441 queue_ms=31
fps: 30.0
vis: 60.0
cpu: exceptions=3685 cacheResets=1 batches=17051 verts=367944 texStalls=0 recompiles=2064 underruns=3 overruns=0 sleep_us=5412687 queue_ms=27
fps: 29.9
vis: 60.0
cpu: exceptions=3873 cacheResets=1 batches=18373 verts=405216 texStalls=0 recompiles=2064 underruns=3 overruns=0 sleep_us=5654081 queue_ms=31
fps: 30.0
vis: 60.0
cpu: exceptions=4080 cacheResets=1 batches=19710 verts=442578 texStalls=0 recompiles=2072 underruns=3 overruns=0 sleep_us=5891026 queue_ms=36
fps: 29.9
vis: 60.0
cpu: exceptions=4276 cacheResets=1 batches=22471 verts=477696 texStalls=0 recompiles=2081 underruns=3 overruns=0 sleep_us=6098008 queue_ms=40
fps: 29.8
vis: 60.0
cpu: exceptions=4471 cacheResets=1 batches=27669 verts=520134 texStalls=0 recompiles=2081 underruns=3 overruns=0 sleep_us=6263676 queue_ms=31
fps: 30.0
vis: 60.0
cpu: exceptions=4657 cacheResets=1 batches=32960 verts=563130 texStalls=0 recompiles=2081 underruns=3 overruns=0 sleep_us=6434807 queue_ms=27
fps: 30.0
vis: 60.0
cpu: exceptions=4854 cacheResets=1 batches=37986 verts=604536 texStalls=0 recompiles=2083 underruns=3 overruns=0 sleep_us=6616138 queue_ms=32
fps: 30.0
vis: 60.0
cpu: exceptions=5048 cacheResets=1 batches=43113 verts=646548 texStalls=0 recompiles=2083 underruns=3 overruns=0 sleep_us=6795749 queue_ms=36
fps: 29.1
vis: 60.0
cpu: exceptions=5255 cacheResets=1 batches=48350 verts=691956 texStalls=0 recompiles=2083 underruns=3 overruns=0 sleep_us=6951429 queue_ms=14
fps: 30.1
mark: stop reason: chain guest VI limit
mark: stop_it requested
audio: alist_resample_calls=7273 alist_resample_samples=1338232 alist_zoh_calls=0 alist_zoh_samples=0 musyx_subframes=0 musyx_voices=0 musyx_voice_peak=0
audio_stages: adpcm_calls=5684 adpcm_samples=629344 envmix_calls=5654 envmix_samples=1040336 mix_calls=32380 mix_samples=5957920 musyx_fx_calls=0 musyx_fx_taps=0 output_calls=405 output_samples=297160
audio_envmix: exp_calls=0 ge_calls=0 lin_calls=5654 nead_calls=0 exp_steady=0 ge_steady=0 lin_steady=5208
audio_gaps: nead_mats=0 nead_efz=0 resample_flag2=0 musyx_ptr10=0
audio_output: stream_requests=3364 stream_fed=1031 input_hz=21998 playback_hz=21998 queue_peak_ms=75
vm_io: read_ahead=1 reads=0 hits=0 read_bytes=0 writes=0 write_bytes=0 errors=0
subsystem_time: stage=rsp_gfx calls=358 timed_calls=358 period=1 timed_us=1383242
subsystem_time: stage=rsp_audio calls=406 timed_calls=406 period=1 timed_us=306436
subsystem_time: stage=rsp_other calls=0 timed_calls=0 period=1 timed_us=0
subsystem_time: stage=lookup calls=4415483 timed_calls=34767 period=127 timed_us=6039
subsystem_time: stage=compile calls=2084 timed_calls=2084 period=1 timed_us=177497
subsystem_time: stage=dispatch calls=4132042 timed_calls=32535 period=127 timed_us=12146
subsystem_time: stage=execute_inclusive calls=4132042 timed_calls=32535 period=127 timed_us=128204
subsystem_time: stage=rom_copy calls=640 timed_calls=640 period=1 timed_us=14339
subsystem_time: stage=present calls=899 timed_calls=899 period=1 timed_us=61857
subsystem_time: stage=limiter calls=858 timed_calls=858 period=1 timed_us=7134454
subsystem_time: stage=vm_fault calls=0 timed_calls=0 period=1 timed_us=0
subsystem_time: stage=vm_victim calls=0 timed_calls=0 period=1 timed_us=0
subsystem_time: stage=vm_read calls=0 timed_calls=0 period=1 timed_us=0
subsystem_time: stage=vm_write calls=0 timed_calls=0 period=1 timed_us=0
subsystem_time: stage=tex_hash calls=48848 timed_calls=48848 period=1 timed_us=383883
subsystem_time: stage=tex_lookup calls=48848 timed_calls=48848 period=1 timed_us=7468
subsystem_time: stage=tex_load calls=28 timed_calls=28 period=1 timed_us=1979
subsystem_time: stage=tex_activate calls=48848 timed_calls=48848 period=1 timed_us=23771
subsystem_time: stage=draw_triangles calls=52520 timed_calls=52520 period=1 timed_us=190827
subsystem_time: stage=draw_rect calls=0 timed_calls=0 period=1 timed_us=0
subsystem_time: stage=gfx_list calls=358 timed_calls=358 period=1 timed_us=1382596
subsystem_time: stage=gfx_command calls=1088190 timed_calls=8568 period=127 timed_us=10966
subsystem_time: stage=vertex calls=360552 timed_calls=2838 period=127 timed_us=635
subsystem_time: stage=gfx_state calls=84009 timed_calls=661 period=127 timed_us=4436
subsystem_time: stage=gx_wait calls=0 timed_calls=0 period=1 timed_us=0
subsystem_time: stage=dma_pi calls=640 timed_calls=640 period=1 timed_us=27332
subsystem_time: stage=dma_sp calls=1528 timed_calls=1528 period=1 timed_us=1597
subsystem_time: stage=dma_si calls=1147 timed_calls=1147 period=1 timed_us=11654
subsystem_time: stage=tlb_translate calls=0 timed_calls=0 period=127 timed_us=0
subsystem_time: stage=pif calls=1149 timed_calls=1149 period=1 timed_us=10784
subsystem_time: stage=input calls=807 timed_calls=807 period=1 timed_us=8713
subsystem_time: stage=guest_interrupt calls=6608 timed_calls=6608 period=1 timed_us=7254874
subsystem_time: stage=interpreter_inclusive calls=0 timed_calls=0 period=1 timed_us=0
subsystem_time: stage=audio_submit calls=405 timed_calls=405 period=1 timed_us=6445
subsystem_time: stage=audio_callback calls=9368 timed_calls=9368 period=1 timed_us=4155
subsystem_time: stage=memory_slow calls=487752 timed_calls=3840 period=127 timed_us=30684
subsystem_time: stage=jit_invalidate calls=283441 timed_calls=2231 period=127 timed_us=357
audio_time: stage=resample sampled_calls=57 sampled_samples=10488 sampled_us=415
audio_time: stage=zoh sampled_calls=0 sampled_samples=0 sampled_us=0
audio_time: stage=adpcm sampled_calls=44 sampled_samples=4752 sampled_us=205
audio_time: stage=envmix_exp sampled_calls=0 sampled_samples=0 sampled_us=0
audio_time: stage=envmix_ge sampled_calls=0 sampled_samples=0 sampled_us=0
audio_time: stage=envmix_lin sampled_calls=44 sampled_samples=8096 sampled_us=704
audio_time: stage=envmix_nead sampled_calls=0 sampled_samples=0 sampled_us=0
audio_time: stage=mix sampled_calls=254 sampled_samples=46736 sampled_us=780
audio_time: stage=musyx_voice sampled_calls=0 sampled_samples=0 sampled_us=0
audio_time: stage=musyx_fx sampled_calls=0 sampled_samples=0 sampled_us=0
audio_time: stage=output sampled_calls=3 sampled_samples=2208 sampled_us=39
game: n=2/3 how=vis vis=900 vi_rate=60 vi0_retrace=1659 wall_us=15168576 sleep_us=7131624 avg_vis=58.00 avg_fps=26.56 exceptions=5450 cacheResets=1 recompiles=2084 batches=52520 verts=741906 texStalls=0 treeDepthMax=31 underruns=3 overruns=0 queue_peak_ms=43 dsp_avg=1.39 dsp_peak=1.60 pmc1=5611307018 pmc2=5314464263 pmc3=0 pmc4=0 mmcr0=00000042 mmcr1=00000000 heap_used=10926216 heap_free=35784 arena1_free=487424 arena2_free=577472 flushes=4 flush_us=44298 padtrace=0 rom=sd:/wii64/roms/Banjo-Kazooie.V64
=== chain 2/3 end vis=900 how=vis rom=sd:/wii64/roms/Banjo-Kazooie.V64 ===
mark: pad replay records: 1
mark: loadROM: enter
mark: loadROM: before rom_read
mark: ROMCache_load: enter
mark: ROMCache_load: before first read
mark: ROMCache_load: first read returned
mark: ROMCache_load: byte_swap_type set
mark: ROMCache_load: first byte_swap done
menufps: 0.1
menufps: 8.4
menufps: 8.3
menufps: 8.3
menufps: 8.0
menufps: 8.2
menufps: 8.1
mark: ROMCache_load: loop exited normally
mark: ROMCache_load: elapsed_us=3767710 bytes=16777216 vm=0
mark: loadROM: after rom_read
mark: loadROM: before init_memory
mark: loadROM: after init_memory
mark: loadROM: before romOpen_gfx
mark: loadROM: after romOpen_gfx / before romOpen_audio
mark: loadROM: after romOpen_audio / before romOpen_input
mark: loadROM: after romOpen_input / before cpu_init
mark: loadROM: after cpu_init
menufps: 0.9
first_vi: vi0_retrace=3000
mark: CPU core dispatch: dynarec
vis: 60.0
cpu: exceptions=1472 cacheResets=1 batches=0 verts=0 texStalls=0 recompiles=421 underruns=0 overruns=0 sleep_us=131089 queue_ms=157
fps: 3.1
vis: 60.0
cpu: exceptions=2356 cacheResets=1 batches=0 verts=0 texStalls=0 recompiles=425 underruns=0 overruns=0 sleep_us=498893 queue_ms=151
fps: 60.6
vis: 60.0
cpu: exceptions=2626 cacheResets=1 batches=0 verts=0 texStalls=0 recompiles=425 underruns=0 overruns=0 sleep_us=925835 queue_ms=156
fps: 60.0
vis: 60.0
cpu: exceptions=2919 cacheResets=1 batches=0 verts=0 texStalls=0 recompiles=468 underruns=0 overruns=0 sleep_us=1339382 queue_ms=153
vis: 60.0
cpu: exceptions=3299 cacheResets=1 batches=0 verts=0 texStalls=0 recompiles=468 underruns=0 overruns=0 sleep_us=1696246 queue_ms=157
fps: 14.9
vis: 55.0
cpu: exceptions=3638 cacheResets=1 batches=2160 verts=57624 texStalls=0 recompiles=742 underruns=0 overruns=0 sleep_us=1884773 queue_ms=112
fps: 59.0
vis: 60.0
cpu: exceptions=3928 cacheResets=1 batches=8940 verts=235104 texStalls=0 recompiles=763 underruns=0 overruns=0 sleep_us=1952651 queue_ms=108
fps: 60.0
vis: 60.0
cpu: exceptions=4224 cacheResets=1 batches=15711 verts=412530 texStalls=0 recompiles=771 underruns=0 overruns=0 sleep_us=2023315 queue_ms=112
fps: 60.0
vis: 60.0
cpu: exceptions=4523 cacheResets=1 batches=22461 verts=589830 texStalls=0 recompiles=775 underruns=0 overruns=0 sleep_us=2093840 queue_ms=110
fps: 60.0
vis: 60.0
cpu: exceptions=4814 cacheResets=1 batches=29211 verts=767130 texStalls=0 recompiles=775 underruns=0 overruns=0 sleep_us=2167444 queue_ms=114
fps: 60.0
vis: 60.0
cpu: exceptions=5102 cacheResets=1 batches=35961 verts=944430 texStalls=0 recompiles=775 underruns=0 overruns=0 sleep_us=2243272 queue_ms=111
fps: 60.0
vis: 60.0
cpu: exceptions=5397 cacheResets=1 batches=42711 verts=1121730 texStalls=0 recompiles=775 underruns=0 overruns=0 sleep_us=2315793 queue_ms=115
fps: 60.0
vis: 60.0
cpu: exceptions=5683 cacheResets=1 batches=49461 verts=1299030 texStalls=0 recompiles=777 underruns=0 overruns=0 sleep_us=2391818 queue_ms=113
fps: 60.0
vis: 60.0
cpu: exceptions=5977 cacheResets=1 batches=56211 verts=1476330 texStalls=0 recompiles=777 underruns=0 overruns=0 sleep_us=2460394 queue_ms=108
fps: 60.0
vis: 60.0
cpu: exceptions=6275 cacheResets=1 batches=62961 verts=1653630 texStalls=0 recompiles=777 underruns=0 overruns=0 sleep_us=2526767 queue_ms=114
fps: 60.0
vis: 60.0
cpu: exceptions=6570 cacheResets=1 batches=69711 verts=1830930 texStalls=0 recompiles=777 underruns=0 overruns=0 sleep_us=2593855 queue_ms=110
fps: 60.0
vis: 60.0
cpu: exceptions=6868 cacheResets=1 batches=76461 verts=2008230 texStalls=0 recompiles=777 underruns=0 overruns=0 sleep_us=2657888 queue_ms=115
fps: 60.0
vis: 60.0
cpu: exceptions=7160 cacheResets=1 batches=83211 verts=2185530 texStalls=0 recompiles=777 underruns=0 overruns=0 sleep_us=2724018 queue_ms=112
fps: 60.0
vis: 60.0
cpu: exceptions=7452 cacheResets=1 batches=89961 verts=2362830 texStalls=0 recompiles=777 underruns=0 overruns=0 sleep_us=2792536 queue_ms=116
fps: 58.1
vis: 60.0
cpu: exceptions=7741 cacheResets=1 batches=96711 verts=2540130 texStalls=0 recompiles=777 underruns=0 overruns=0 sleep_us=2862347 queue_ms=95
fps: 60.0
vis: 60.0
cpu: exceptions=8031 cacheResets=1 batches=103461 verts=2717430 texStalls=0 recompiles=777 underruns=0 overruns=0 sleep_us=2935549 queue_ms=100
fps: 59.9
vis: 60.0
cpu: exceptions=8328 cacheResets=1 batches=110211 verts=2894730 texStalls=0 recompiles=777 underruns=0 overruns=0 sleep_us=3002375 queue_ms=97
fps: 60.0
vis: 60.0
cpu: exceptions=8622 cacheResets=1 batches=116961 verts=3072030 texStalls=0 recompiles=777 underruns=0 overruns=0 sleep_us=3058431 queue_ms=101
fps: 60.0
vis: 60.0
cpu: exceptions=8933 cacheResets=1 batches=123711 verts=3249330 texStalls=0 recompiles=777 underruns=0 overruns=0 sleep_us=3101853 queue_ms=99
fps: 60.0
vis: 60.0
cpu: exceptions=9251 cacheResets=1 batches=130461 verts=3426630 texStalls=0 recompiles=777 underruns=0 overruns=0 sleep_us=3142458 queue_ms=94
fps: 60.0
vis: 60.0
cpu: exceptions=9570 cacheResets=1 batches=137211 verts=3603930 texStalls=0 recompiles=777 underruns=0 overruns=0 sleep_us=3184761 queue_ms=100
fps: 60.0
vis: 60.0
cpu: exceptions=9883 cacheResets=1 batches=143961 verts=3781230 texStalls=0 recompiles=777 underruns=0 overruns=0 sleep_us=3228192 queue_ms=96
fps: 60.0
vis: 60.0
cpu: exceptions=10192 cacheResets=1 batches=150711 verts=3958530 texStalls=0 recompiles=777 underruns=0 overruns=0 sleep_us=3274438 queue_ms=101
fps: 60.0
vis: 59.6
cpu: exceptions=10505 cacheResets=1 batches=157883 verts=4149348 texStalls=0 recompiles=777 underruns=0 overruns=0 sleep_us=3315721 queue_ms=98
fps: 58.6
vis: 60.0
cpu: exceptions=10814 cacheResets=1 batches=166733 verts=4394238 texStalls=0 recompiles=777 underruns=0 overruns=0 sleep_us=3315721 queue_ms=94
mark: stop reason: chain guest VI limit
mark: stop_it requested
audio: alist_resample_calls=10077 alist_resample_samples=1250096 alist_zoh_calls=0 alist_zoh_samples=0 musyx_subframes=0 musyx_voices=0 musyx_voice_peak=0
audio_stages: adpcm_calls=9759 adpcm_samples=1154016 envmix_calls=10077 envmix_samples=1250096 mix_calls=79024 mix_samples=10544864 musyx_fx_calls=0 musyx_fx_taps=0 output_calls=897 output_samples=478768
audio_envmix: exp_calls=10077 ge_calls=0 lin_calls=0 nead_calls=0 exp_steady=5510 ge_steady=0 lin_steady=0
audio_gaps: nead_mats=0 nead_efz=0 resample_flag2=0 musyx_ptr10=0
audio_output: stream_requests=3317 stream_fed=1656 input_hz=32006 playback_hz=32006 queue_peak_ms=181
vm_io: read_ahead=1 reads=0 hits=0 read_bytes=0 writes=0 write_bytes=0 errors=0
subsystem_time: stage=rsp_gfx calls=810 timed_calls=810 period=1 timed_us=5998077
subsystem_time: stage=rsp_audio calls=898 timed_calls=898 period=1 timed_us=592266
subsystem_time: stage=rsp_other calls=0 timed_calls=0 period=1 timed_us=0
subsystem_time: stage=lookup calls=3609998 timed_calls=28425 period=127 timed_us=3982
subsystem_time: stage=compile calls=777 timed_calls=777 period=1 timed_us=106236
subsystem_time: stage=dispatch calls=3517099 timed_calls=27693 period=127 timed_us=9514
subsystem_time: stage=execute_inclusive calls=3517099 timed_calls=27693 period=127 timed_us=127212
subsystem_time: stage=rom_copy calls=1024 timed_calls=1024 period=1 timed_us=14741
subsystem_time: stage=present calls=899 timed_calls=899 period=1 timed_us=42031
subsystem_time: stage=limiter calls=836 timed_calls=836 period=1 timed_us=3318431
subsystem_time: stage=vm_fault calls=0 timed_calls=0 period=1 timed_us=0
subsystem_time: stage=vm_victim calls=0 timed_calls=0 period=1 timed_us=0
subsystem_time: stage=vm_read calls=0 timed_calls=0 period=1 timed_us=0
subsystem_time: stage=vm_write calls=0 timed_calls=0 period=1 timed_us=0
subsystem_time: stage=tex_hash calls=147492 timed_calls=147492 period=1 timed_us=1591922
subsystem_time: stage=tex_lookup calls=147492 timed_calls=147492 period=1 timed_us=38633
subsystem_time: stage=tex_load calls=136 timed_calls=136 period=1 timed_us=18868
subsystem_time: stage=tex_activate calls=147492 timed_calls=147492 period=1 timed_us=84111
subsystem_time: stage=draw_triangles calls=167028 timed_calls=167028 period=1 timed_us=624758
subsystem_time: stage=draw_rect calls=5440 timed_calls=5440 period=1 timed_us=114385
subsystem_time: stage=gfx_list calls=810 timed_calls=810 period=1 timed_us=5996615
subsystem_time: stage=gfx_command calls=5319454 timed_calls=41885 period=127 timed_us=47342
subsystem_time: stage=vertex calls=2761556 timed_calls=21744 period=127 timed_us=3711
subsystem_time: stage=gfx_state calls=147504 timed_calls=1161 period=127 timed_us=16144
subsystem_time: stage=gx_wait calls=0 timed_calls=0 period=1 timed_us=0
subsystem_time: stage=dma_pi calls=2023 timed_calls=2023 period=1 timed_us=29854
subsystem_time: stage=dma_sp calls=3416 timed_calls=3416 period=1 timed_us=3263
subsystem_time: stage=dma_si calls=4478 timed_calls=4478 period=1 timed_us=21182
subsystem_time: stage=tlb_translate calls=0 timed_calls=0 period=127 timed_us=0
subsystem_time: stage=pif calls=4479 timed_calls=4479 period=1 timed_us=20442
subsystem_time: stage=input calls=3508 timed_calls=3508 period=1 timed_us=14821
subsystem_time: stage=guest_interrupt calls=12492 timed_calls=12492 period=1 timed_us=3420344
subsystem_time: stage=interpreter_inclusive calls=0 timed_calls=0 period=1 timed_us=0
subsystem_time: stage=audio_submit calls=898 timed_calls=898 period=1 timed_us=10604
subsystem_time: stage=audio_callback calls=9371 timed_calls=9371 period=1 timed_us=7245
subsystem_time: stage=memory_slow calls=833888 timed_calls=6566 period=127 timed_us=41580
subsystem_time: stage=jit_invalidate calls=92899 timed_calls=731 period=127 timed_us=91
audio_time: stage=resample sampled_calls=79 sampled_samples=10240 sampled_us=453
audio_time: stage=zoh sampled_calls=0 sampled_samples=0 sampled_us=0
audio_time: stage=adpcm sampled_calls=76 sampled_samples=8016 sampled_us=361
audio_time: stage=envmix_exp sampled_calls=79 sampled_samples=10240 sampled_us=1193
audio_time: stage=envmix_ge sampled_calls=0 sampled_samples=0 sampled_us=0
audio_time: stage=envmix_lin sampled_calls=0 sampled_samples=0 sampled_us=0
audio_time: stage=envmix_nead sampled_calls=0 sampled_samples=0 sampled_us=0
audio_time: stage=mix sampled_calls=622 sampled_samples=83008 sampled_us=1407
audio_time: stage=musyx_voice sampled_calls=0 sampled_samples=0 sampled_us=0
audio_time: stage=musyx_fx sampled_calls=0 sampled_samples=0 sampled_us=0
audio_time: stage=output sampled_calls=7 sampled_samples=3712 sampled_us=69
game: n=3/3 how=vis vis=900 vi_rate=60 vi0_retrace=3000 wall_us=15241458 sleep_us=3315721 avg_vis=59.82 avg_fps=56.23 exceptions=10824 cacheResets=1 recompiles=777 batches=167028 verts=4402401 texStalls=0 treeDepthMax=12 underruns=0 overruns=0 queue_peak_ms=157 dsp_avg=1.53 dsp_peak=1.85 pmc1=8530212779 pmc2=8189447684 pmc3=0 pmc4=0 mmcr0=00000042 mmcr1=00000000 heap_used=10838408 heap_free=160456 arena1_free=450560 arena2_free=577472 flushes=3 flush_us=36281 padtrace=0 rom=sd:/wii64/roms/Pokemon Snap.rom
=== chain 3/3 end vis=900 how=vis rom=sd:/wii64/roms/Pokemon Snap.rom ===
