--- wii64 perf log ---
mark: diag config: wiiload arguments
mark: wiiload dynacore argument received
mark: diag received dynacore line
mark: diag requested core: dynarec
mark: pad replay records: 1
selftest:
  raw[0]=51280908935040076
  raw[1]=51280908935040078
  raw[2]=51280908935040093
  raw[3]=51280908935040105
  raw[4]=51280908935040117
  delta[0]=0us
  delta[1]=0us
  delta[2]=0us
  delta[3]=0us
mark: audio quality: accurate
mark: audio modes: n64=0 output=0 mixer=0 latency=2 sync=0
mark: diag applied core: dynarec
mark: HBC agent ready
mark: loadROM: enter
mark: loadROM: before rom_read
mark: ROMCache_load: enter
mark: ROMCache_load: before first read
mark: ROMCache_load: first read returned
mark: ROMCache_load: byte_swap_type set
mark: ROMCache_load: first byte_swap done
menufps: 10.4
menufps: 8.4
menufps: 7.9
menufps: 8.0
menufps: 2.7
mark: ROMCache_load: loop exited normally
mark: ROMCache_load: elapsed_us=3581946 bytes=12582912 vm=0
mark: loadROM: after rom_read
mark: loadROM: before init_memory
mark: loadROM: after init_memory
mark: loadROM: before romOpen_gfx
mark: loadROM: after romOpen_gfx / before romOpen_audio
mark: loadROM: after romOpen_audio / before romOpen_input
mark: loadROM: after romOpen_input / before cpu_init
mark: loadROM: after cpu_init
menufps: 1.2
fps: 0.1
first_vi: vi0_retrace=416
vis: 0.1
cpu: exceptions=0 cacheResets=0 batches=0 verts=0 texStalls=0 recompiles=0 underruns=0 overruns=0 sleep_us=0 queue_ms=0
mark: CPU core dispatch: dynarec
vis: 60.0
cpu: exceptions=100 cacheResets=1 batches=0 verts=0 texStalls=0 recompiles=296 underruns=0 overruns=0 sleep_us=130876 queue_ms=0
vis: 60.0
cpu: exceptions=266 cacheResets=1 batches=0 verts=0 texStalls=0 recompiles=472 underruns=1 overruns=0 sleep_us=408443 queue_ms=5
fps: 0.8
vis: 60.0
cpu: exceptions=427 cacheResets=1 batches=0 verts=0 texStalls=0 recompiles=675 underruns=1 overruns=0 sleep_us=773736 queue_ms=9
vis: 60.0
cpu: exceptions=697 cacheResets=1 batches=0 verts=0 texStalls=0 recompiles=675 underruns=1 overruns=0 sleep_us=1245101 queue_ms=13
vis: 60.0
cpu: exceptions=930 cacheResets=1 batches=0 verts=0 texStalls=0 recompiles=677 underruns=1 overruns=0 sleep_us=1716672 queue_ms=5
vis: 60.0
cpu: exceptions=1154 cacheResets=1 batches=0 verts=0 texStalls=0 recompiles=677 underruns=1 overruns=0 sleep_us=2188804 queue_ms=9
vis: 60.0
cpu: exceptions=1370 cacheResets=1 batches=0 verts=0 texStalls=0 recompiles=685 underruns=1 overruns=0 sleep_us=2660615 queue_ms=13
vis: 60.0
cpu: exceptions=1594 cacheResets=1 batches=0 verts=0 texStalls=0 recompiles=685 underruns=1 overruns=0 sleep_us=3133135 queue_ms=18
fps: 1.4
vis: 60.0
cpu: exceptions=1747 cacheResets=1 batches=348 verts=1044 texStalls=0 recompiles=713 underruns=1 overruns=0 sleep_us=3485456 queue_ms=9
fps: 60.2
vis: 60.0
cpu: exceptions=1897 cacheResets=1 batches=708 verts=2124 texStalls=0 recompiles=713 underruns=1 overruns=0 sleep_us=3842207 queue_ms=13
fps: 60.0
vis: 60.0
cpu: exceptions=2074 cacheResets=1 batches=4160 verts=45240 texStalls=0 recompiles=796 underruns=1 overruns=0 sleep_us=4198301 queue_ms=15
fps: 56.0
vis: 60.0
cpu: exceptions=2253 cacheResets=1 batches=11300 verts=136860 texStalls=0 recompiles=796 underruns=1 overruns=0 sleep_us=4553885 queue_ms=5
fps: 60.0
vis: 60.0
cpu: exceptions=2440 cacheResets=1 batches=18440 verts=228480 texStalls=0 recompiles=809 underruns=1 overruns=0 sleep_us=4895766 queue_ms=10
fps: 60.0
vis: 60.0
cpu: exceptions=2616 cacheResets=1 batches=25580 verts=320100 texStalls=0 recompiles=809 underruns=1 overruns=0 sleep_us=5240962 queue_ms=13
fps: 60.0
vis: 60.0
cpu: exceptions=2821 cacheResets=1 batches=32720 verts=411720 texStalls=0 recompiles=812 underruns=2 overruns=0 sleep_us=5583856 queue_ms=14
fps: 60.0
vis: 60.0
cpu: exceptions=3001 cacheResets=1 batches=39860 verts=503340 texStalls=0 recompiles=812 underruns=2 overruns=0 sleep_us=5926152 queue_ms=18
fps: 60.0
vis: 60.0
cpu: exceptions=3171 cacheResets=1 batches=47000 verts=594960 texStalls=0 recompiles=813 underruns=2 overruns=0 sleep_us=6272252 queue_ms=23
fps: 60.0
vis: 60.0
cpu: exceptions=3353 cacheResets=1 batches=54140 verts=686580 texStalls=0 recompiles=813 underruns=2 overruns=0 sleep_us=6614651 queue_ms=27
fps: 60.0
vis: 60.0
cpu: exceptions=3554 cacheResets=1 batches=61280 verts=778200 texStalls=0 recompiles=813 underruns=2 overruns=0 sleep_us=6955712 queue_ms=15
fps: 58.3
vis: 60.0
cpu: exceptions=3721 cacheResets=1 batches=68420 verts=869820 texStalls=0 recompiles=813 underruns=3 overruns=0 sleep_us=7303069 queue_ms=18
fps: 60.0
vis: 60.0
cpu: exceptions=3894 cacheResets=1 batches=75560 verts=961440 texStalls=0 recompiles=813 underruns=3 overruns=0 sleep_us=7645998 queue_ms=24
fps: 60.0
vis: 60.0
cpu: exceptions=4067 cacheResets=1 batches=82700 verts=1053060 texStalls=0 recompiles=813 underruns=3 overruns=0 sleep_us=7988261 queue_ms=14
fps: 60.0
vis: 60.0
cpu: exceptions=4263 cacheResets=1 batches=89840 verts=1144680 texStalls=0 recompiles=813 underruns=3 overruns=0 sleep_us=8334005 queue_ms=15
fps: 60.0
vis: 60.0
cpu: exceptions=4436 cacheResets=1 batches=96980 verts=1236300 texStalls=0 recompiles=813 underruns=3 overruns=0 sleep_us=8675090 queue_ms=19
fps: 60.0
vis: 60.0
cpu: exceptions=4607 cacheResets=1 batches=104120 verts=1327920 texStalls=0 recompiles=813 underruns=3 overruns=0 sleep_us=9018559 queue_ms=23
fps: 60.0
vis: 60.0
cpu: exceptions=4774 cacheResets=1 batches=111260 verts=1419540 texStalls=0 recompiles=813 underruns=3 overruns=0 sleep_us=9365661 queue_ms=15
fps: 60.0
vis: 60.0
cpu: exceptions=4973 cacheResets=1 batches=118400 verts=1511160 texStalls=0 recompiles=813 underruns=3 overruns=0 sleep_us=9706365 queue_ms=16
fps: 60.0
vis: 60.0
cpu: exceptions=5150 cacheResets=1 batches=119363 verts=1534314 texStalls=0 recompiles=835 underruns=3 overruns=0 sleep_us=10098566 queue_ms=19
fps: 59.9
vis: 60.0
cpu: exceptions=5339 cacheResets=1 batches=120233 verts=1558434 texStalls=0 recompiles=836 underruns=3 overruns=0 sleep_us=10491666 queue_ms=25
fps: 59.9
mark: stop reason: chain guest VI limit
mark: stop_it requested
audio: alist_resample_calls=18199 alist_resample_samples=2623744 alist_zoh_calls=0 alist_zoh_samples=0 musyx_subframes=0 musyx_voices=0 musyx_voice_peak=0
audio_stages: adpcm_calls=15527 adpcm_samples=620464 envmix_calls=16034 envmix_samples=2305456 mix_calls=41135 mix_samples=6047472 musyx_fx_calls=0 musyx_fx_taps=0 output_calls=433 output_samples=318288
audio_envmix: exp_calls=0 ge_calls=16034 lin_calls=0 nead_calls=0 exp_steady=0 ge_steady=14219 lin_steady=0
audio_gaps: nead_mats=0 nead_efz=0 resample_flag2=0 musyx_ptr10=0
audio_output: stream_requests=2958 stream_fed=1104 input_hz=22047 playback_hz=22047 queue_peak_ms=60
audio_time: stage=resample sampled_calls=143 sampled_samples=20368 sampled_us=863
audio_time: stage=zoh sampled_calls=0 sampled_samples=0 sampled_us=0
audio_time: stage=adpcm sampled_calls=122 sampled_samples=4912 sampled_us=233
audio_time: stage=envmix_exp sampled_calls=0 sampled_samples=0 sampled_us=0
audio_time: stage=envmix_ge sampled_calls=126 sampled_samples=18352 sampled_us=1776
audio_time: stage=envmix_lin sampled_calls=0 sampled_samples=0 sampled_us=0
audio_time: stage=envmix_nead sampled_calls=0 sampled_samples=0 sampled_us=0
audio_time: stage=mix sampled_calls=323 sampled_samples=47968 sampled_us=777
audio_time: stage=musyx_voice sampled_calls=0 sampled_samples=0 sampled_us=0
audio_time: stage=musyx_fx sampled_calls=0 sampled_samples=0 sampled_us=0
audio_time: stage=output sampled_calls=3 sampled_samples=2192 sampled_us=36
game: n=1/6 how=vis vis=900 vi_rate=60 vi0_retrace=416 wall_us=15184339 sleep_us=10851389 avg_vis=58.00 avg_fps=52.36 exceptions=5542 cacheResets=1 recompiles=837 batches=121074 verts=1581750 texStalls=0 treeDepthMax=15 underruns=3 overruns=0 queue_peak_ms=27 dsp_avg=1.30 dsp_peak=1.55 pmc1=3011732609 pmc2=3021366343 pmc3=0 pmc4=0 mmcr0=00000042 mmcr1=00000000 heap_used=10842020 heap_free=35976 arena1_free=585728 arena2_free=577472 flushes=3 flush_us=33273 padtrace=4 rom=sd:/wii64/roms/GoldenEye 007 (USA).z64
=== chain 1/6 end vis=900 how=vis rom=sd:/wii64/roms/GoldenEye 007 (USA).z64 ===
mark: pad replay records: 1
mark: loadROM: enter
mark: loadROM: before rom_read
mark: ROMCache_load: enter
mark: ROMCache_load: before first read
mark: ROMCache_load: first read returned
mark: ROMCache_load: byte_swap_type set
mark: ROMCache_load: first byte_swap done
menufps: 0.1
menufps: 8.5
menufps: 8.3
menufps: 8.3
menufps: 8.3
mark: ROMCache_load: loop exited normally
mark: ROMCache_load: elapsed_us=2810846 bytes=12582912 vm=0
mark: loadROM: after rom_read
mark: loadROM: before init_memory
mark: loadROM: after init_memory
mark: loadROM: before romOpen_gfx
mark: loadROM: after romOpen_gfx / before romOpen_audio
mark: loadROM: after romOpen_audio / before romOpen_input
mark: loadROM: after romOpen_input / before cpu_init
mark: loadROM: after cpu_init
menufps: 5.7
menufps: 0.7
fps: 3.8
first_vi: vi0_retrace=1701
vis: 4.3
cpu: exceptions=0 cacheResets=0 batches=0 verts=0 texStalls=0 recompiles=0 underruns=0 overruns=0 sleep_us=0 queue_ms=0
mark: CPU core dispatch: dynarec
vis: 60.0
cpu: exceptions=923 cacheResets=1 batches=0 verts=0 texStalls=0 recompiles=327 underruns=0 overruns=0 sleep_us=213909 queue_ms=112
fps: 1.8
vis: 60.0
cpu: exceptions=1659 cacheResets=1 batches=0 verts=0 texStalls=0 recompiles=534 underruns=0 overruns=0 sleep_us=563059 queue_ms=116
fps: 12.1
vis: 60.0
cpu: exceptions=1963 cacheResets=1 batches=40 verts=960 texStalls=0 recompiles=683 underruns=0 overruns=0 sleep_us=924861 queue_ms=121
vis: 60.0
cpu: exceptions=2840 cacheResets=1 batches=70 verts=1680 texStalls=0 recompiles=692 underruns=0 overruns=0 sleep_us=1301413 queue_ms=112
fps: 18.7
vis: 60.0
cpu: exceptions=2945 cacheResets=1 batches=145 verts=3480 texStalls=0 recompiles=692 underruns=0 overruns=0 sleep_us=1745346 queue_ms=116
fps: 30.0
vis: 60.0
cpu: exceptions=3053 cacheResets=1 batches=225 verts=5400 texStalls=0 recompiles=692 underruns=0 overruns=0 sleep_us=2187487 queue_ms=121
fps: 31.1
vis: 60.0
cpu: exceptions=3158 cacheResets=1 batches=300 verts=7200 texStalls=0 recompiles=692 underruns=0 overruns=0 sleep_us=2631404 queue_ms=112
fps: 30.0
vis: 60.0
cpu: exceptions=3263 cacheResets=1 batches=375 verts=9000 texStalls=0 recompiles=697 underruns=0 overruns=0 sleep_us=3079435 queue_ms=116
vis: 60.0
cpu: exceptions=3607 cacheResets=1 batches=380 verts=9120 texStalls=0 recompiles=765 underruns=0 overruns=0 sleep_us=3392311 queue_ms=121
fps: 12.0
vis: 60.0
cpu: exceptions=3921 cacheResets=1 batches=759 verts=17781 texStalls=0 recompiles=890 underruns=0 overruns=0 sleep_us=3717204 queue_ms=112
fps: 29.9
vis: 60.0
cpu: exceptions=4038 cacheResets=1 batches=1743 verts=38949 texStalls=0 recompiles=905 underruns=0 overruns=0 sleep_us=4096413 queue_ms=116
fps: 31.1
vis: 60.0
cpu: exceptions=4174 cacheResets=1 batches=2680 verts=58968 texStalls=0 recompiles=907 underruns=0 overruns=0 sleep_us=4475996 queue_ms=108
fps: 30.0
vis: 60.0
cpu: exceptions=4295 cacheResets=1 batches=3610 verts=78903 texStalls=0 recompiles=919 underruns=0 overruns=0 sleep_us=4850315 queue_ms=112
fps: 30.0
vis: 60.0
cpu: exceptions=4413 cacheResets=1 batches=4540 verts=98838 texStalls=0 recompiles=919 underruns=0 overruns=0 sleep_us=5227970 queue_ms=116
fps: 30.0
vis: 60.0
cpu: exceptions=4530 cacheResets=1 batches=5470 verts=118773 texStalls=0 recompiles=925 underruns=0 overruns=0 sleep_us=5606206 queue_ms=121
fps: 30.0
vis: 60.0
cpu: exceptions=4648 cacheResets=1 batches=6400 verts=138708 texStalls=0 recompiles=925 underruns=0 overruns=0 sleep_us=5986617 queue_ms=112
fps: 30.0
vis: 60.0
cpu: exceptions=4761 cacheResets=1 batches=7330 verts=158643 texStalls=0 recompiles=926 underruns=0 overruns=0 sleep_us=6371511 queue_ms=116
fps: 30.0
vis: 60.0
cpu: exceptions=4872 cacheResets=1 batches=8260 verts=178578 texStalls=0 recompiles=926 underruns=0 overruns=0 sleep_us=6758884 queue_ms=121
fps: 30.0
vis: 60.0
cpu: exceptions=4983 cacheResets=1 batches=9190 verts=198513 texStalls=0 recompiles=926 underruns=0 overruns=0 sleep_us=7145379 queue_ms=112
fps: 30.0
vis: 60.0
cpu: exceptions=5096 cacheResets=1 batches=10120 verts=218448 texStalls=0 recompiles=926 underruns=0 overruns=0 sleep_us=7529439 queue_ms=116
fps: 30.0
vis: 60.0
cpu: exceptions=5209 cacheResets=1 batches=10924 verts=234561 texStalls=0 recompiles=926 underruns=0 overruns=0 sleep_us=7919234 queue_ms=121
fps: 30.0
vis: 60.0
cpu: exceptions=5334 cacheResets=1 batches=11448 verts=246147 texStalls=0 recompiles=935 underruns=0 overruns=0 sleep_us=8303056 queue_ms=125
fps: 30.0
vis: 60.0
cpu: exceptions=5461 cacheResets=1 batches=12239 verts=261468 texStalls=0 recompiles=935 underruns=0 overruns=0 sleep_us=8671104 queue_ms=116
fps: 30.0
vis: 60.0
cpu: exceptions=5586 cacheResets=1 batches=13268 verts=278217 texStalls=0 recompiles=935 underruns=0 overruns=0 sleep_us=9027972 queue_ms=121
fps: 30.0
vis: 60.0
cpu: exceptions=5704 cacheResets=1 batches=14399 verts=295578 texStalls=0 recompiles=946 underruns=0 overruns=0 sleep_us=9376619 queue_ms=125
fps: 30.0
vis: 60.0
cpu: exceptions=5824 cacheResets=1 batches=15194 verts=310923 texStalls=0 recompiles=947 underruns=0 overruns=0 sleep_us=9726887 queue_ms=116
fps: 30.0
vis: 60.0
cpu: exceptions=5945 cacheResets=1 batches=15934 verts=325938 texStalls=0 recompiles=947 underruns=0 overruns=0 sleep_us=10083638 queue_ms=121
fps: 30.0
vis: 60.0
cpu: exceptions=6066 cacheResets=1 batches=16588 verts=340437 texStalls=0 recompiles=947 underruns=0 overruns=0 sleep_us=10458815 queue_ms=125
fps: 30.0
vis: 60.0
cpu: exceptions=6187 cacheResets=1 batches=17048 verts=353772 texStalls=0 recompiles=947 underruns=0 overruns=0 sleep_us=10848799 queue_ms=129
mark: stop reason: chain guest VI limit
mark: stop_it requested
audio: alist_resample_calls=9757 alist_resample_samples=1397968 alist_zoh_calls=0 alist_zoh_samples=0 musyx_subframes=0 musyx_voices=0 musyx_voice_peak=0
audio_stages: adpcm_calls=7520 adpcm_samples=460832 envmix_calls=7516 envmix_samples=1068128 mix_calls=67230 mix_samples=9895200 musyx_fx_calls=0 musyx_fx_taps=0 output_calls=448 output_samples=329840
audio_envmix: exp_calls=0 ge_calls=7516 lin_calls=0 nead_calls=0 exp_steady=0 ge_steady=7194 lin_steady=0
audio_gaps: nead_mats=0 nead_efz=0 resample_flag2=0 musyx_ptr10=0
audio_output: stream_requests=2796 stream_fed=1136 input_hz=22047 playback_hz=22047 queue_peak_ms=162
audio_time: stage=resample sampled_calls=76 sampled_samples=10832 sampled_us=469
audio_time: stage=zoh sampled_calls=0 sampled_samples=0 sampled_us=0
audio_time: stage=adpcm sampled_calls=59 sampled_samples=3808 sampled_us=176
audio_time: stage=envmix_exp sampled_calls=0 sampled_samples=0 sampled_us=0
audio_time: stage=envmix_ge sampled_calls=59 sampled_samples=8240 sampled_us=737
audio_time: stage=envmix_lin sampled_calls=0 sampled_samples=0 sampled_us=0
audio_time: stage=envmix_nead sampled_calls=0 sampled_samples=0 sampled_us=0
audio_time: stage=mix sampled_calls=529 sampled_samples=77792 sampled_us=1245
audio_time: stage=musyx_voice sampled_calls=0 sampled_samples=0 sampled_us=0
audio_time: stage=musyx_fx sampled_calls=0 sampled_samples=0 sampled_us=0
audio_time: stage=output sampled_calls=3 sampled_samples=2176 sampled_us=30
game: n=2/6 how=vis vis=900 vi_rate=60 vi0_retrace=1701 wall_us=15161266 sleep_us=11217411 avg_vis=58.14 avg_fps=26.32 exceptions=6299 cacheResets=1 recompiles=947 batches=17454 verts=366078 texStalls=0 treeDepthMax=13 underruns=0 overruns=0 queue_peak_ms=129 dsp_avg=1.32 dsp_peak=1.55 pmc1=2743158606 pmc2=2659899825 pmc3=0 pmc4=0 mmcr0=00000042 mmcr1=00000000 heap_used=10851364 heap_free=34824 arena1_free=577536 arena2_free=577472 flushes=3 flush_us=32492 padtrace=0 rom=sd:/wii64/roms/Diddy Kong Racing (USA) (En,Fr) (Rev 1).z64
=== chain 2/6 end vis=900 how=vis rom=sd:/wii64/roms/Diddy Kong Racing (USA) (En,Fr) (Rev 1).z64 ===
mark: pad replay records: 1
mark: loadROM: enter
mark: loadROM: before rom_read
mark: ROMCache_load: enter
mark: ROMCache_load: before first read
mark: ROMCache_load: first read returned
mark: ROMCache_load: byte_swap_type set
mark: ROMCache_load: first byte_swap done
menufps: 0.1
menufps: 8.4
menufps: 8.3
menufps: 7.8
mark: ROMCache_load: loop exited normally
mark: ROMCache_load: elapsed_us=1942797 bytes=8388608 vm=0
mark: loadROM: after rom_read
mark: loadROM: before init_memory
mark: loadROM: after init_memory
mark: loadROM: before romOpen_gfx
mark: loadROM: after romOpen_gfx / before romOpen_audio
mark: loadROM: after romOpen_audio / before romOpen_input
mark: loadROM: after romOpen_input / before cpu_init
mark: loadROM: after cpu_init
menufps: 1.2
fps: 2.5
first_vi: vi0_retrace=2932
vis: 5.0
cpu: exceptions=0 cacheResets=0 batches=0 verts=0 texStalls=0 recompiles=0 underruns=0 overruns=0 sleep_us=0 queue_ms=0
mark: CPU core dispatch: dynarec
vis: 60.0
cpu: exceptions=60 cacheResets=1 batches=0 verts=0 texStalls=0 recompiles=163 underruns=3 overruns=0 sleep_us=136328 queue_ms=12
fps: 1.2
vis: 60.0
cpu: exceptions=216 cacheResets=1 batches=0 verts=0 texStalls=0 recompiles=207 underruns=3 overruns=0 sleep_us=595215 queue_ms=7
vis: 60.0
cpu: exceptions=516 cacheResets=1 batches=0 verts=0 texStalls=0 recompiles=207 underruns=3 overruns=0 sleep_us=1067631 queue_ms=12
vis: 60.0
cpu: exceptions=815 cacheResets=1 batches=0 verts=0 texStalls=0 recompiles=233 underruns=3 overruns=0 sleep_us=1537769 queue_ms=8
vis: 60.0
cpu: exceptions=1068 cacheResets=1 batches=0 verts=0 texStalls=0 recompiles=287 underruns=3 overruns=0 sleep_us=2000562 queue_ms=14
vis: 60.0
cpu: exceptions=1139 cacheResets=1 batches=0 verts=0 texStalls=0 recompiles=288 underruns=4 overruns=0 sleep_us=2434665 queue_ms=0
fps: 0.4
vis: 60.0
cpu: exceptions=1282 cacheResets=1 batches=0 verts=0 texStalls=0 recompiles=508 underruns=5 overruns=0 sleep_us=2697999 queue_ms=20
vis: 53.3
cpu: exceptions=1424 cacheResets=1 batches=0 verts=0 texStalls=0 recompiles=731 underruns=6 overruns=0 sleep_us=2950779 queue_ms=3
fps: 1.7
vis: 60.0
cpu: exceptions=1612 cacheResets=1 batches=3470 verts=86430 texStalls=0 recompiles=834 underruns=8 overruns=0 sleep_us=3127538 queue_ms=43
fps: 21.5
vis: 60.0
cpu: exceptions=1796 cacheResets=1 batches=6940 verts=172860 texStalls=0 recompiles=835 underruns=8 overruns=0 sleep_us=3357274 queue_ms=50
fps: 20.0
vis: 60.0
cpu: exceptions=1991 cacheResets=1 batches=10410 verts=259290 texStalls=0 recompiles=836 underruns=8 overruns=0 sleep_us=3582979 queue_ms=45
fps: 20.0
vis: 60.0
cpu: exceptions=2189 cacheResets=1 batches=13932 verts=345876 texStalls=0 recompiles=837 underruns=8 overruns=0 sleep_us=3806789 queue_ms=51
fps: 20.0
vis: 60.0
cpu: exceptions=2383 cacheResets=1 batches=17632 verts=432996 texStalls=0 recompiles=840 underruns=8 overruns=0 sleep_us=4034210 queue_ms=46
fps: 20.0
vis: 60.0
cpu: exceptions=2602 cacheResets=1 batches=21426 verts=520398 texStalls=0 recompiles=844 underruns=8 overruns=0 sleep_us=4240615 queue_ms=52
fps: 20.0
vis: 60.0
cpu: exceptions=2838 cacheResets=1 batches=25296 verts=608028 texStalls=0 recompiles=844 underruns=8 overruns=0 sleep_us=4446060 queue_ms=48
fps: 20.0
vis: 60.0
cpu: exceptions=3089 cacheResets=1 batches=29228 verts=695844 texStalls=0 recompiles=844 underruns=8 overruns=0 sleep_us=4644391 queue_ms=44
fps: 20.0
vis: 60.0
cpu: exceptions=3368 cacheResets=1 batches=33212 verts=786168 texStalls=0 recompiles=845 underruns=8 overruns=0 sleep_us=4826453 queue_ms=49
fps: 20.0
vis: 60.0
cpu: exceptions=3651 cacheResets=1 batches=37128 verts=877296 texStalls=0 recompiles=845 underruns=8 overruns=0 sleep_us=5012190 queue_ms=46
fps: 20.0
vis: 60.0
cpu: exceptions=3925 cacheResets=1 batches=40784 verts=968244 texStalls=0 recompiles=845 underruns=8 overruns=0 sleep_us=5203136 queue_ms=51
fps: 19.5
vis: 60.0
cpu: exceptions=4189 cacheResets=1 batches=44354 verts=1058934 texStalls=0 recompiles=845 underruns=8 overruns=0 sleep_us=5400018 queue_ms=38
fps: 20.0
vis: 60.0
cpu: exceptions=4460 cacheResets=1 batches=47924 verts=1149624 texStalls=0 recompiles=845 underruns=8 overruns=0 sleep_us=5592755 queue_ms=35
fps: 20.0
vis: 60.0
cpu: exceptions=4731 cacheResets=1 batches=51496 verts=1240320 texStalls=0 recompiles=845 underruns=8 overruns=0 sleep_us=5782562 queue_ms=39
fps: 20.0
vis: 60.0
cpu: exceptions=5005 cacheResets=1 batches=55121 verts=1331796 texStalls=0 recompiles=846 underruns=8 overruns=0 sleep_us=5970852 queue_ms=36
fps: 20.0
vis: 60.0
cpu: exceptions=5287 cacheResets=1 batches=58815 verts=1423758 texStalls=0 recompiles=848 underruns=8 overruns=0 sleep_us=6156555 queue_ms=41
fps: 20.0
vis: 60.0
cpu: exceptions=5572 cacheResets=1 batches=62576 verts=1515885 texStalls=0 recompiles=856 underruns=8 overruns=0 sleep_us=6333450 queue_ms=38
fps: 20.0
vis: 60.0
cpu: exceptions=5809 cacheResets=1 batches=66571 verts=1608882 texStalls=0 recompiles=863 underruns=8 overruns=0 sleep_us=6522383 queue_ms=33
fps: 20.0
vis: 60.0
cpu: exceptions=6012 cacheResets=1 batches=70752 verts=1702950 texStalls=0 recompiles=864 underruns=8 overruns=0 sleep_us=6728273 queue_ms=40
fps: 20.0
vis: 60.0
cpu: exceptions=6178 cacheResets=1 batches=74691 verts=1796568 texStalls=0 recompiles=866 underruns=8 overruns=0 sleep_us=6942905 queue_ms=35
fps: 20.0
vis: 60.0
cpu: exceptions=6398 cacheResets=1 batches=78397 verts=1889010 texStalls=0 recompiles=866 underruns=8 overruns=0 sleep_us=7148685 queue_ms=41
fps: 20.0
vis: 60.0
cpu: exceptions=6580 cacheResets=1 batches=82056 verts=1980924 texStalls=0 recompiles=866 underruns=8 overruns=0 sleep_us=7358716 queue_ms=37
mark: stop reason: chain guest VI limit
mark: stop_it requested
audio: alist_resample_calls=30582 alist_resample_samples=4080152 alist_zoh_calls=0 alist_zoh_samples=0 musyx_subframes=0 musyx_voices=0 musyx_voice_peak=0
audio_stages: adpcm_calls=23953 adpcm_samples=3233952 envmix_calls=23750 envmix_samples=3168504 mix_calls=21026 mix_samples=6632320 musyx_fx_calls=0 musyx_fx_taps=0 output_calls=862 output_samples=459344
audio_envmix: exp_calls=23750 ge_calls=0 lin_calls=0 nead_calls=0 exp_steady=20211 ge_steady=0 lin_steady=0
audio_gaps: nead_mats=0 nead_efz=0 resample_flag2=0 musyx_ptr10=0
audio_output: stream_requests=3468 stream_fed=1594 input_hz=32006 playback_hz=32006 queue_peak_ms=70
audio_time: stage=resample sampled_calls=240 sampled_samples=32032 sampled_us=1358
audio_time: stage=zoh sampled_calls=0 sampled_samples=0 sampled_us=0
audio_time: stage=adpcm sampled_calls=188 sampled_samples=25424 sampled_us=1098
audio_time: stage=envmix_exp sampled_calls=187 sampled_samples=24952 sampled_us=2541
audio_time: stage=envmix_ge sampled_calls=0 sampled_samples=0 sampled_us=0
audio_time: stage=envmix_lin sampled_calls=0 sampled_samples=0 sampled_us=0
audio_time: stage=envmix_nead sampled_calls=0 sampled_samples=0 sampled_us=0
audio_time: stage=mix sampled_calls=165 sampled_samples=51712 sampled_us=846
audio_time: stage=musyx_voice sampled_calls=0 sampled_samples=0 sampled_us=0
audio_time: stage=musyx_fx sampled_calls=0 sampled_samples=0 sampled_us=0
audio_time: stage=output sampled_calls=6 sampled_samples=3232 sampled_us=57
game: n=3/6 how=vis vis=900 vi_rate=60 vi0_retrace=2932 wall_us=15256294 sleep_us=7366276 avg_vis=58.01 avg_fps=17.07 exceptions=6594 cacheResets=1 recompiles=866 batches=82420 verts=1990089 texStalls=0 treeDepthMax=12 underruns=9 overruns=0 queue_peak_ms=52 dsp_avg=1.50 dsp_peak=1.65 pmc1=5590979597 pmc2=5311172567 pmc3=0 pmc4=0 mmcr0=00000042 mmcr1=00000000 heap_used=10847204 heap_free=75848 arena1_free=540672 arena2_free=577472 flushes=3 flush_us=36256 padtrace=0 rom=sd:/wii64/roms/Wave Race 64 - Kawasaki Jet Ski (USA) (Rev 1).z64
=== chain 3/6 end vis=900 how=vis rom=sd:/wii64/roms/Wave Race 64 - Kawasaki Jet Ski (USA) (Rev 1).z64 ===
mark: pad replay records: 1
mark: loadROM: enter
mark: loadROM: before rom_read
mark: ROMCache_load: enter
menufps: 0.1
menufps: 0.2
mark: ROMCache_load: before first read
mark: ROMCache_load: first read returned
mark: ROMCache_load: byte_swap_type set
mark: ROMCache_load: first byte_swap done
menufps: 0.2
menufps: 8.4
menufps: 8.3
menufps: 8.3
menufps: 7.8
menufps: 8.3
menufps: 8.3
menufps: 2.2
menufps: 1.3
menufps: 1.3
menufps: 1.3
menufps: 1.3
menufps: 1.3
menufps: 1.3
menufps: 3.7
menufps: 8.3
menufps: 8.3
menufps: 8.4
menufps: 7.8
mark: ROMCache_load: loop exited normally
mark: ROMCache_load: preflush_us=17213392
mark: ROMCache_load: elapsed_us=39132404 bytes=33554432 vm=1
mark: loadROM: after rom_read
mark: loadROM: before init_memory
mark: loadROM: after init_memory
mark: loadROM: before romOpen_gfx
mark: loadROM: after romOpen_gfx / before romOpen_audio
mark: loadROM: after romOpen_audio / before romOpen_input
mark: loadROM: after romOpen_input / before cpu_init
mark: loadROM: after cpu_init
menufps: 0.2
menufps: 0.7
first_vi: vi0_retrace=6405
mark: CPU core dispatch: dynarec
vis: 60.0
cpu: exceptions=81 cacheResets=1 batches=0 verts=0 texStalls=0 recompiles=242 underruns=1 overruns=0 sleep_us=27008 queue_ms=117
vis: 60.0
cpu: exceptions=211 cacheResets=1 batches=0 verts=0 texStalls=0 recompiles=372 underruns=1 overruns=0 sleep_us=437052 queue_ms=104
vis: 60.0
cpu: exceptions=314 cacheResets=1 batches=0 verts=0 texStalls=0 recompiles=452 underruns=1 overruns=0 sleep_us=784979 queue_ms=113
vis: 60.0
cpu: exceptions=1399 cacheResets=1 batches=0 verts=0 texStalls=0 recompiles=713 underruns=1 overruns=0 sleep_us=1028185 queue_ms=113
vis: 60.0
cpu: exceptions=1962 cacheResets=1 batches=0 verts=0 texStalls=0 recompiles=717 underruns=1 overruns=0 sleep_us=1322748 queue_ms=113
vis: 60.0
cpu: exceptions=6123 cacheResets=1 batches=0 verts=0 texStalls=0 recompiles=1011 underruns=1 overruns=0 sleep_us=1430933 queue_ms=108
fps: 0.3
vis: 60.0
cpu: exceptions=6942 cacheResets=1 batches=14 verts=1764 texStalls=0 recompiles=1178 underruns=1 overruns=0 sleep_us=1831019 queue_ms=108
fps: 31.9
vis: 60.0
cpu: exceptions=7089 cacheResets=1 batches=29 verts=3654 texStalls=0 recompiles=1178 underruns=1 overruns=0 sleep_us=2269588 queue_ms=108
fps: 30.0
vis: 60.0
cpu: exceptions=7236 cacheResets=1 batches=44 verts=5544 texStalls=0 recompiles=1178 underruns=1 overruns=0 sleep_us=2708188 queue_ms=104
fps: 29.4
vis: 60.0
cpu: exceptions=7382 cacheResets=1 batches=59 verts=7434 texStalls=0 recompiles=1178 underruns=1 overruns=0 sleep_us=3147108 queue_ms=91
fps: 30.0
vis: 60.0
cpu: exceptions=7529 cacheResets=1 batches=74 verts=9324 texStalls=0 recompiles=1178 underruns=1 overruns=0 sleep_us=3585717 queue_ms=91
fps: 30.0
vis: 60.0
cpu: exceptions=7676 cacheResets=1 batches=89 verts=11214 texStalls=0 recompiles=1178 underruns=1 overruns=0 sleep_us=4024765 queue_ms=100
fps: 30.0
vis: 60.0
cpu: exceptions=7823 cacheResets=1 batches=104 verts=13104 texStalls=0 recompiles=1178 underruns=1 overruns=0 sleep_us=4463493 queue_ms=100
fps: 30.0
vis: 60.0
cpu: exceptions=7970 cacheResets=1 batches=119 verts=14994 texStalls=0 recompiles=1178 underruns=1 overruns=0 sleep_us=4902150 queue_ms=87
fps: 30.0
vis: 60.0
cpu: exceptions=8117 cacheResets=1 batches=134 verts=16884 texStalls=0 recompiles=1179 underruns=1 overruns=0 sleep_us=5353515 queue_ms=95
fps: 30.0
vis: 60.0
cpu: exceptions=8264 cacheResets=1 batches=149 verts=18774 texStalls=0 recompiles=1179 underruns=1 overruns=0 sleep_us=5805595 queue_ms=95
fps: 30.0
vis: 60.0
cpu: exceptions=8412 cacheResets=1 batches=164 verts=20664 texStalls=0 recompiles=1179 underruns=1 overruns=0 sleep_us=6257703 queue_ms=104
fps: 30.0
vis: 60.0
cpu: exceptions=8558 cacheResets=1 batches=179 verts=22554 texStalls=0 recompiles=1179 underruns=1 overruns=0 sleep_us=6710160 queue_ms=91
fps: 30.0
vis: 60.0
cpu: exceptions=8705 cacheResets=1 batches=194 verts=24444 texStalls=0 recompiles=1179 underruns=1 overruns=0 sleep_us=7162194 queue_ms=91
fps: 30.0
vis: 60.0
cpu: exceptions=8853 cacheResets=1 batches=209 verts=26334 texStalls=0 recompiles=1179 underruns=1 overruns=0 sleep_us=7614171 queue_ms=100
fps: 30.0
vis: 60.0
cpu: exceptions=8999 cacheResets=1 batches=224 verts=28224 texStalls=0 recompiles=1179 underruns=1 overruns=0 sleep_us=8066633 queue_ms=87
fps: 30.0
vis: 60.0
cpu: exceptions=9146 cacheResets=1 batches=239 verts=30114 texStalls=0 recompiles=1179 underruns=1 overruns=0 sleep_us=8518711 queue_ms=87
fps: 30.0
vis: 60.0
cpu: exceptions=9292 cacheResets=1 batches=254 verts=32004 texStalls=0 recompiles=1179 underruns=1 overruns=0 sleep_us=8972971 queue_ms=95
fps: 30.0
vis: 60.0
cpu: exceptions=9439 cacheResets=1 batches=269 verts=33894 texStalls=0 recompiles=1179 underruns=1 overruns=0 sleep_us=9425796 queue_ms=95
fps: 30.0
vis: 60.0
cpu: exceptions=9587 cacheResets=1 batches=284 verts=35784 texStalls=0 recompiles=1179 underruns=1 overruns=0 sleep_us=9878703 queue_ms=91
fps: 30.0
vis: 60.0
cpu: exceptions=9733 cacheResets=1 batches=299 verts=37674 texStalls=0 recompiles=1179 underruns=1 overruns=0 sleep_us=10332042 queue_ms=91
fps: 30.0
vis: 60.0
cpu: exceptions=9880 cacheResets=1 batches=314 verts=39564 texStalls=0 recompiles=1179 underruns=1 overruns=0 sleep_us=10784938 queue_ms=91
fps: 30.0
vis: 60.0
cpu: exceptions=10028 cacheResets=1 batches=329 verts=41454 texStalls=0 recompiles=1179 underruns=1 overruns=0 sleep_us=11237845 queue_ms=87
fps: 30.0
vis: 60.0
cpu: exceptions=10173 cacheResets=1 batches=344 verts=43344 texStalls=0 recompiles=1179 underruns=1 overruns=0 sleep_us=11691159 queue_ms=87
fps: 29.1
mark: stop reason: chain guest VI limit
mark: stop_it requested
audio: alist_resample_calls=0 alist_resample_samples=0 alist_zoh_calls=0 alist_zoh_samples=0 musyx_subframes=1679 musyx_voices=0 musyx_voice_peak=0
audio_stages: adpcm_calls=0 adpcm_samples=0 envmix_calls=0 envmix_samples=0 mix_calls=0 mix_samples=0 musyx_fx_calls=1610 musyx_fx_taps=3220 output_calls=1686 output_samples=323712
audio_envmix: exp_calls=0 ge_calls=0 lin_calls=0 nead_calls=0 exp_steady=0 ge_steady=0 lin_steady=0
audio_gaps: nead_mats=0 nead_efz=0 resample_flag2=0 musyx_ptr10=0
audio_output: stream_requests=2899 stream_fed=1119 input_hz=22047 playback_hz=22047 queue_peak_ms=134
audio_time: stage=resample sampled_calls=0 sampled_samples=0 sampled_us=0
audio_time: stage=zoh sampled_calls=0 sampled_samples=0 sampled_us=0
audio_time: stage=adpcm sampled_calls=0 sampled_samples=0 sampled_us=0
audio_time: stage=envmix_exp sampled_calls=0 sampled_samples=0 sampled_us=0
audio_time: stage=envmix_ge sampled_calls=0 sampled_samples=0 sampled_us=0
audio_time: stage=envmix_lin sampled_calls=0 sampled_samples=0 sampled_us=0
audio_time: stage=envmix_nead sampled_calls=0 sampled_samples=0 sampled_us=0
audio_time: stage=mix sampled_calls=0 sampled_samples=0 sampled_us=0
audio_time: stage=musyx_voice sampled_calls=0 sampled_samples=0 sampled_us=0
audio_time: stage=musyx_fx sampled_calls=12 sampled_samples=24 sampled_us=249
audio_time: stage=output sampled_calls=13 sampled_samples=2496 sampled_us=50
game: n=4/6 how=vis vis=900 vi_rate=60 vi0_retrace=6405 wall_us=15185816 sleep_us=12113798 avg_vis=60.00 avg_fps=28.78 exceptions=10316 cacheResets=1 recompiles=1179 batches=358 verts=45108 texStalls=0 treeDepthMax=19 underruns=1 overruns=0 queue_peak_ms=117 dsp_avg=1.36 dsp_peak=1.55 pmc1=1879627757 pmc2=1986242721 pmc3=0 pmc4=0 mmcr0=00000042 mmcr1=00000000 heap_used=10857316 heap_free=65736 arena1_free=540672 arena2_free=577472 flushes=4 flush_us=43401 padtrace=0 rom=sd:/wii64/roms/007 - The World Is Not Enough (USA).z64
=== chain 4/6 end vis=900 how=vis rom=sd:/wii64/roms/007 - The World Is Not Enough (USA).z64 ===
mark: pad replay records: 1
mark: loadROM: enter
mark: loadROM: before rom_read
mark: ROMCache_load: enter
mark: ROMCache_load: before first read
mark: ROMCache_load: first read returned
mark: ROMCache_load: byte_swap_type set
mark: ROMCache_load: first byte_swap done
menufps: 0.1
menufps: 8.4
menufps: 8.4
menufps: 8.3
menufps: 8.3
menufps: 8.3
menufps: 7.8
menufps: 1.3
menufps: 1.2
menufps: 1.3
menufps: 1.3
menufps: 1.3
menufps: 1.3
menufps: 1.3
menufps: 3.6
menufps: 8.4
menufps: 8.3
menufps: 8.3
menufps: 8.3
mark: ROMCache_load: loop exited normally
mark: ROMCache_load: preflush_us=17359831
mark: ROMCache_load: elapsed_us=29818309 bytes=33554432 vm=1
mark: loadROM: after rom_read
mark: loadROM: before init_memory
mark: loadROM: after init_memory
mark: loadROM: before romOpen_gfx
mark: loadROM: after romOpen_gfx / before romOpen_audio
mark: loadROM: after romOpen_audio / before romOpen_input
mark: loadROM: after romOpen_input / before cpu_init
mark: loadROM: after cpu_init
menufps: 0.2
menufps: 0.7
first_vi: vi0_retrace=9311
mark: CPU core dispatch: dynarec
vis: 60.0
cpu: exceptions=33 cacheResets=1 batches=0 verts=0 texStalls=0 recompiles=82 underruns=0 overruns=0 sleep_us=48714 queue_ms=0
vis: 60.0
cpu: exceptions=63 cacheResets=1 batches=0 verts=0 texStalls=0 recompiles=82 underruns=0 overruns=0 sleep_us=417886 queue_ms=0
vis: 60.0
cpu: exceptions=93 cacheResets=1 batches=0 verts=0 texStalls=0 recompiles=82 underruns=0 overruns=0 sleep_us=786430 queue_ms=0
vis: 60.0
cpu: exceptions=205 cacheResets=1 batches=0 verts=0 texStalls=0 recompiles=182 underruns=0 overruns=0 sleep_us=1114711 queue_ms=0
vis: 60.0
cpu: exceptions=246 cacheResets=1 batches=0 verts=0 texStalls=0 recompiles=188 underruns=0 overruns=0 sleep_us=1470166 queue_ms=0
vis: 60.0
cpu: exceptions=288 cacheResets=1 batches=0 verts=0 texStalls=0 recompiles=188 underruns=0 overruns=0 sleep_us=1820560 queue_ms=0
vis: 60.0
cpu: exceptions=318 cacheResets=1 batches=0 verts=0 texStalls=0 recompiles=188 underruns=0 overruns=0 sleep_us=2168328 queue_ms=0
vis: 60.0
cpu: exceptions=395 cacheResets=1 batches=0 verts=0 texStalls=0 recompiles=314 underruns=1 overruns=0 sleep_us=2594311 queue_ms=37
vis: 60.0
cpu: exceptions=472 cacheResets=1 batches=0 verts=0 texStalls=0 recompiles=323 underruns=1 overruns=0 sleep_us=3047657 queue_ms=28
vis: 60.0
cpu: exceptions=547 cacheResets=1 batches=0 verts=0 texStalls=0 recompiles=323 underruns=1 overruns=0 sleep_us=3505233 queue_ms=33
vis: 60.0
cpu: exceptions=741 cacheResets=1 batches=0 verts=0 texStalls=0 recompiles=434 underruns=2 overruns=0 sleep_us=3760309 queue_ms=50
vis: 60.0
cpu: exceptions=965 cacheResets=1 batches=0 verts=0 texStalls=0 recompiles=434 underruns=2 overruns=0 sleep_us=4005190 queue_ms=54
vis: 60.0
cpu: exceptions=1152 cacheResets=1 batches=0 verts=0 texStalls=0 recompiles=448 underruns=2 overruns=0 sleep_us=4265459 queue_ms=46
vis: 59.9
cpu: exceptions=1392 cacheResets=1 batches=0 verts=0 texStalls=0 recompiles=497 underruns=2 overruns=0 sleep_us=4501440 queue_ms=50
fps: 0.1
vis: 60.0
cpu: exceptions=1686 cacheResets=1 batches=591 verts=8424 texStalls=0 recompiles=1254 underruns=3 overruns=0 sleep_us=4667756 queue_ms=107
fps: 31.0
vis: 60.0
cpu: exceptions=1960 cacheResets=1 batches=1476 verts=20754 texStalls=0 recompiles=1255 underruns=3 overruns=0 sleep_us=5024733 queue_ms=111
fps: 30.0
vis: 60.0
cpu: exceptions=2237 cacheResets=1 batches=2361 verts=33084 texStalls=0 recompiles=1276 underruns=3 overruns=0 sleep_us=5370748 queue_ms=102
fps: 30.0
vis: 60.0
cpu: exceptions=2514 cacheResets=1 batches=3246 verts=45414 texStalls=0 recompiles=1279 underruns=3 overruns=0 sleep_us=5736636 queue_ms=107
fps: 30.0
vis: 60.0
cpu: exceptions=2789 cacheResets=1 batches=4131 verts=57744 texStalls=0 recompiles=1280 underruns=3 overruns=0 sleep_us=6102884 queue_ms=111
fps: 30.0
vis: 60.0
cpu: exceptions=3075 cacheResets=1 batches=5016 verts=70074 texStalls=0 recompiles=1300 underruns=3 overruns=0 sleep_us=6455202 queue_ms=102
fps: 28.4
vis: 60.0
cpu: exceptions=3358 cacheResets=1 batches=5901 verts=82404 texStalls=0 recompiles=1300 underruns=3 overruns=0 sleep_us=6807030 queue_ms=80
fps: 30.0
vis: 60.0
cpu: exceptions=3638 cacheResets=1 batches=6786 verts=94734 texStalls=0 recompiles=1302 underruns=3 overruns=0 sleep_us=7164030 queue_ms=85
fps: 30.0
vis: 60.0
cpu: exceptions=3919 cacheResets=1 batches=7671 verts=107064 texStalls=0 recompiles=1351 underruns=3 overruns=0 sleep_us=7518971 queue_ms=76
fps: 30.0
vis: 60.0
cpu: exceptions=4197 cacheResets=1 batches=7971 verts=112194 texStalls=0 recompiles=1366 underruns=3 overruns=0 sleep_us=7897131 queue_ms=80
fps: 30.0
vis: 60.0
cpu: exceptions=4351 cacheResets=1 batches=8071 verts=113904 texStalls=0 recompiles=1383 underruns=3 overruns=0 sleep_us=8265925 queue_ms=85
fps: 30.0
vis: 60.0
cpu: exceptions=4498 cacheResets=1 batches=8476 verts=141129 texStalls=0 recompiles=1384 underruns=3 overruns=0 sleep_us=8627476 queue_ms=76
fps: 30.0
vis: 60.0
cpu: exceptions=4646 cacheResets=1 batches=8881 verts=168354 texStalls=0 recompiles=1386 underruns=3 overruns=0 sleep_us=8991981 queue_ms=80
fps: 30.0
vis: 60.0
cpu: exceptions=4793 cacheResets=1 batches=9286 verts=195579 texStalls=0 recompiles=1387 underruns=3 overruns=0 sleep_us=9365193 queue_ms=85
fps: 30.0
vis: 60.0
cpu: exceptions=4939 cacheResets=1 batches=9691 verts=222804 texStalls=0 recompiles=1387 underruns=3 overruns=0 sleep_us=9735569 queue_ms=89
fps: 30.0
mark: stop reason: chain guest VI limit
mark: stop_it requested
vis: 57.4
cpu: exceptions=5084 cacheResets=1 batches=10096 verts=250029 texStalls=0 recompiles=1389 underruns=3 overruns=0 sleep_us=10078226 queue_ms=47
audio: alist_resample_calls=11186 alist_resample_samples=2058224 alist_zoh_calls=0 alist_zoh_samples=0 musyx_subframes=0 musyx_voices=0 musyx_voice_peak=0
audio_stages: adpcm_calls=6590 adpcm_samples=722912 envmix_calls=8440 envmix_samples=1552960 mix_calls=54920 mix_samples=10105280 musyx_fx_calls=0 musyx_fx_taps=0 output_calls=342 output_samples=251896
audio_envmix: exp_calls=0 ge_calls=0 lin_calls=8440 nead_calls=0 exp_steady=0 ge_steady=0 lin_steady=7902
audio_gaps: nead_mats=0 nead_efz=0 resample_flag2=0 musyx_ptr10=0
audio_output: stream_requests=4244 stream_fed=871 input_hz=22047 playback_hz=22047 queue_peak_ms=125
audio_time: stage=resample sampled_calls=88 sampled_samples=16192 sampled_us=640
audio_time: stage=zoh sampled_calls=0 sampled_samples=0 sampled_us=0
audio_time: stage=adpcm sampled_calls=51 sampled_samples=5680 sampled_us=243
audio_time: stage=envmix_exp sampled_calls=0 sampled_samples=0 sampled_us=0
audio_time: stage=envmix_ge sampled_calls=0 sampled_samples=0 sampled_us=0
audio_time: stage=envmix_lin sampled_calls=66 sampled_samples=12144 sampled_us=1005
audio_time: stage=envmix_nead sampled_calls=0 sampled_samples=0 sampled_us=0
audio_time: stage=mix sampled_calls=432 sampled_samples=79488 sampled_us=1316
audio_time: stage=musyx_voice sampled_calls=0 sampled_samples=0 sampled_us=0
audio_time: stage=musyx_fx sampled_calls=0 sampled_samples=0 sampled_us=0
audio_time: stage=output sampled_calls=2 sampled_samples=1472 sampled_us=26
game: n=5/6 how=vis vis=900 vi_rate=60 vi0_retrace=9311 wall_us=15189754 sleep_us=10078226 avg_vis=59.91 avg_fps=28.10 exceptions=5085 cacheResets=1 recompiles=1389 batches=10096 verts=250029 texStalls=0 treeDepthMax=15 underruns=3 overruns=0 queue_peak_ms=111 dsp_avg=1.33 dsp_peak=1.60 pmc1=3412932105 pmc2=3544702019 pmc3=0 pmc4=0 mmcr0=00000042 mmcr1=00000000 heap_used=10881124 heap_free=46024 arena1_free=536576 arena2_free=577472 flushes=3 flush_us=56987 padtrace=0 rom=sd:/wii64/roms/Donkey Kong 64 (USA).z64
=== chain 5/6 end vis=900 how=vis rom=sd:/wii64/roms/Donkey Kong 64 (USA).z64 ===
mark: pad replay records: 11
mark: loadROM: enter
mark: loadROM: before rom_read
mark: ROMCache_load: enter
mark: ROMCache_load: before first read
mark: ROMCache_load: first read returned
mark: ROMCache_load: byte_swap_type set
mark: ROMCache_load: first byte_swap done
menufps: 0.1
menufps: 8.4
menufps: 8.3
menufps: 8.1
menufps: 7.8
menufps: 8.3
menufps: 8.3
menufps: 2.1
menufps: 1.3
menufps: 1.3
menufps: 1.3
menufps: 1.2
menufps: 1.3
menufps: 1.2
menufps: 3.7
menufps: 8.3
menufps: 8.4
menufps: 8.4
menufps: 8.3
mark: ROMCache_load: loop exited normally
mark: ROMCache_load: preflush_us=17376297
mark: ROMCache_load: elapsed_us=29906673 bytes=33554432 vm=1
mark: loadROM: after rom_read
mark: loadROM: before init_memory
mark: loadROM: after init_memory
mark: loadROM: before romOpen_gfx
mark: loadROM: after romOpen_gfx / before romOpen_audio
mark: loadROM: after romOpen_audio / before romOpen_input
mark: loadROM: after romOpen_input / before cpu_init
mark: loadROM: after cpu_init
menufps: 0.2
menufps: 0.7
fps: 0.3
first_vi: vi0_retrace=12223
vis: 0.0
cpu: exceptions=0 cacheResets=0 batches=0 verts=0 texStalls=0 recompiles=0 underruns=0 overruns=0 sleep_us=0 queue_ms=0
mark: CPU core dispatch: dynarec
vis: 50.0
cpu: exceptions=1751 cacheResets=1 batches=0 verts=0 texStalls=0 recompiles=367 underruns=0 overruns=0 sleep_us=141895 queue_ms=0
fps: 1.3
vis: 50.0
cpu: exceptions=2780 cacheResets=1 batches=0 verts=0 texStalls=0 recompiles=807 underruns=1 overruns=0 sleep_us=506542 queue_ms=38
fps: 33.8
vis: 50.0
cpu: exceptions=2994 cacheResets=1 batches=0 verts=0 texStalls=0 recompiles=1244 underruns=1 overruns=0 sleep_us=818389 queue_ms=26
fps: 49.7
vis: 50.0
cpu: exceptions=3126 cacheResets=1 batches=0 verts=0 texStalls=0 recompiles=1253 underruns=1 overruns=0 sleep_us=1224723 queue_ms=28
fps: 50.2
vis: 50.0
cpu: exceptions=3281 cacheResets=1 batches=0 verts=0 texStalls=0 recompiles=1267 underruns=1 overruns=0 sleep_us=1611318 queue_ms=36
fps: 49.9
vis: 50.0
cpu: exceptions=3440 cacheResets=1 batches=0 verts=0 texStalls=0 recompiles=1269 underruns=1 overruns=0 sleep_us=1993147 queue_ms=47
fps: 50.1
vis: 50.0
cpu: exceptions=3590 cacheResets=1 batches=0 verts=0 texStalls=0 recompiles=1277 underruns=1 overruns=0 sleep_us=2368657 queue_ms=20
fps: 49.8
vis: 50.0
cpu: exceptions=3736 cacheResets=1 batches=0 verts=0 texStalls=0 recompiles=1277 underruns=1 overruns=0 sleep_us=2752801 queue_ms=37
fps: 50.2
vis: 50.0
cpu: exceptions=3886 cacheResets=1 batches=0 verts=0 texStalls=0 recompiles=1278 underruns=1 overruns=0 sleep_us=3134418 queue_ms=45
fps: 48.4
vis: 50.0
cpu: exceptions=4029 cacheResets=1 batches=0 verts=0 texStalls=0 recompiles=1279 underruns=1 overruns=0 sleep_us=3517146 queue_ms=32
fps: 50.1
vis: 50.0
cpu: exceptions=4180 cacheResets=1 batches=0 verts=0 texStalls=0 recompiles=1279 underruns=1 overruns=0 sleep_us=3897554 queue_ms=11
vis: 50.0
cpu: exceptions=4398 cacheResets=1 batches=0 verts=0 texStalls=0 recompiles=1285 underruns=1 overruns=0 sleep_us=4430128 queue_ms=28
fps: 49.9
vis: 50.0
cpu: exceptions=4548 cacheResets=1 batches=0 verts=0 texStalls=0 recompiles=1313 underruns=1 overruns=0 sleep_us=4801180 queue_ms=44
fps: 50.1
vis: 50.0
cpu: exceptions=4700 cacheResets=1 batches=0 verts=0 texStalls=0 recompiles=1318 underruns=1 overruns=0 sleep_us=5174777 queue_ms=52
fps: 49.8
vis: 50.0
cpu: exceptions=4841 cacheResets=1 batches=0 verts=0 texStalls=0 recompiles=1318 underruns=1 overruns=0 sleep_us=5546790 queue_ms=57
fps: 50.2
vis: 50.0
cpu: exceptions=4982 cacheResets=1 batches=0 verts=0 texStalls=0 recompiles=1318 underruns=1 overruns=0 sleep_us=5921831 queue_ms=36
fps: 50.0
vis: 50.0
cpu: exceptions=5124 cacheResets=1 batches=0 verts=0 texStalls=0 recompiles=1318 underruns=1 overruns=0 sleep_us=6312387 queue_ms=53
fps: 50.1
vis: 50.0
cpu: exceptions=5273 cacheResets=1 batches=0 verts=0 texStalls=0 recompiles=1318 underruns=1 overruns=0 sleep_us=6694577 queue_ms=55
fps: 49.9
vis: 50.0
cpu: exceptions=5414 cacheResets=1 batches=0 verts=0 texStalls=0 recompiles=1318 underruns=1 overruns=0 sleep_us=7082191 queue_ms=57
fps: 50.0
vis: 50.0
cpu: exceptions=5565 cacheResets=1 batches=0 verts=0 texStalls=0 recompiles=1318 underruns=1 overruns=0 sleep_us=7452938 queue_ms=45
fps: 50.2
vis: 50.0
cpu: exceptions=5709 cacheResets=1 batches=0 verts=0 texStalls=0 recompiles=1318 underruns=1 overruns=0 sleep_us=7834493 queue_ms=47
fps: 49.9
vis: 50.0
cpu: exceptions=5857 cacheResets=1 batches=0 verts=0 texStalls=0 recompiles=1318 underruns=1 overruns=0 sleep_us=8214561 queue_ms=64
fps: 49.8
vis: 50.0
cpu: exceptions=6007 cacheResets=1 batches=0 verts=0 texStalls=0 recompiles=1318 underruns=1 overruns=0 sleep_us=8590470 queue_ms=66
fps: 50.1
vis: 50.0
cpu: exceptions=6151 cacheResets=1 batches=0 verts=0 texStalls=0 recompiles=1425 underruns=1 overruns=0 sleep_us=8960689 queue_ms=39
fps: 49.9
vis: 50.0
cpu: exceptions=6306 cacheResets=1 batches=0 verts=0 texStalls=0 recompiles=1425 underruns=1 overruns=0 sleep_us=9333230 queue_ms=56
fps: 50.4
vis: 50.0
cpu: exceptions=6492 cacheResets=1 batches=0 verts=0 texStalls=0 recompiles=1436 underruns=1 overruns=0 sleep_us=9721349 queue_ms=58
fps: 50.1
vis: 50.0
cpu: exceptions=6658 cacheResets=1 batches=0 verts=0 texStalls=0 recompiles=1475 underruns=1 overruns=0 sleep_us=10129142 queue_ms=69
fps: 46.1
vis: 50.0
cpu: exceptions=6798 cacheResets=1 batches=0 verts=0 texStalls=0 recompiles=1475 underruns=1 overruns=0 sleep_us=10578965 queue_ms=48
fps: 50.0
vis: 50.0
cpu: exceptions=6933 cacheResets=1 batches=0 verts=0 texStalls=0 recompiles=1475 underruns=1 overruns=0 sleep_us=11031144 queue_ms=59
fps: 49.0
vis: 50.0
cpu: exceptions=7073 cacheResets=1 batches=0 verts=0 texStalls=0 recompiles=1477 underruns=1 overruns=0 sleep_us=11480348 queue_ms=58
fps: 50.0
vis: 50.0
cpu: exceptions=7208 cacheResets=1 batches=0 verts=0 texStalls=0 recompiles=1477 underruns=1 overruns=0 sleep_us=11932261 queue_ms=69
fps: 50.0
vis: 50.0
cpu: exceptions=7348 cacheResets=1 batches=0 verts=0 texStalls=0 recompiles=1477 underruns=1 overruns=0 sleep_us=12382226 queue_ms=42
fps: 50.0
vis: 50.0
cpu: exceptions=7483 cacheResets=1 batches=0 verts=0 texStalls=0 recompiles=1482 underruns=1 overruns=0 sleep_us=12833910 queue_ms=50
fps: 50.2
vis: 50.0
cpu: exceptions=7624 cacheResets=1 batches=0 verts=0 texStalls=0 recompiles=1484 underruns=1 overruns=0 sleep_us=13282264 queue_ms=66
fps: 46.0
vis: 50.0
cpu: exceptions=7759 cacheResets=1 batches=0 verts=0 texStalls=0 recompiles=1485 underruns=1 overruns=0 sleep_us=13723332 queue_ms=63
mark: stop reason: chain guest VI limit
mark: stop_it requested
audio: alist_resample_calls=19920 alist_resample_samples=3665280 alist_zoh_calls=0 alist_zoh_samples=0 musyx_subframes=0 musyx_voices=0 musyx_voice_peak=0
audio_stages: adpcm_calls=20583 adpcm_samples=3302304 envmix_calls=19920 envmix_samples=3665280 mix_calls=30350 mix_samples=5584400 musyx_fx_calls=0 musyx_fx_taps=0 output_calls=652 output_samples=557520
audio_envmix: exp_calls=0 ge_calls=0 lin_calls=19920 nead_calls=0 exp_steady=0 ge_steady=0 lin_steady=10752
audio_gaps: nead_mats=0 nead_efz=0 resample_flag2=0 musyx_ptr10=0
audio_output: stream_requests=3810 stream_fed=1933 input_hz=31995 playback_hz=31995 queue_peak_ms=96
audio_time: stage=resample sampled_calls=156 sampled_samples=28704 sampled_us=1137
audio_time: stage=zoh sampled_calls=0 sampled_samples=0 sampled_us=0
audio_time: stage=adpcm sampled_calls=162 sampled_samples=27264 sampled_us=1123
audio_time: stage=envmix_exp sampled_calls=0 sampled_samples=0 sampled_us=0
audio_time: stage=envmix_ge sampled_calls=0 sampled_samples=0 sampled_us=0
audio_time: stage=envmix_lin sampled_calls=156 sampled_samples=28704 sampled_us=2921
audio_time: stage=envmix_nead sampled_calls=0 sampled_samples=0 sampled_us=0
audio_time: stage=mix sampled_calls=238 sampled_samples=43792 sampled_us=741
audio_time: stage=musyx_voice sampled_calls=0 sampled_samples=0 sampled_us=0
audio_time: stage=musyx_fx sampled_calls=0 sampled_samples=0 sampled_us=0
audio_time: stage=output sampled_calls=5 sampled_samples=4232 sampled_us=63
game: n=6/6 how=vis vis=900 vi_rate=50 vi0_retrace=12223 wall_us=18155740 sleep_us=13939816 avg_vis=48.61 avg_fps=46.33 exceptions=7834 cacheResets=1 recompiles=1485 batches=0 verts=0 texStalls=0 treeDepthMax=18 underruns=1 overruns=0 queue_peak_ms=69 dsp_avg=1.41 dsp_peak=1.65 pmc1=2821393472 pmc2=2641291874 pmc3=0 pmc4=0 mmcr0=00000042 mmcr1=00000000 heap_used=10877604 heap_free=49544 arena1_free=536576 arena2_free=577472 flushes=4 flush_us=52425 padtrace=4 rom=sd:/wii64/roms/Mario Party 3 (E) (M4) [!].z64
=== chain 6/6 end vis=900 how=vis rom=sd:/wii64/roms/Mario Party 3 (E) (M4) [!].z64 ===
