--- wii64 perf log ---
mark: diag config: wiiload arguments
mark: wiiload dynacore argument received
mark: diag received dynacore line
mark: diag requested core: dynarec
mark: pad replay records: 7
selftest:
  raw[0]=51283479935053973
  raw[1]=51283479935053977
  raw[2]=51283479935053992
  raw[3]=51283479935054000
  raw[4]=51283479935054013
  delta[0]=0us
  delta[1]=0us
  delta[2]=0us
  delta[3]=0us
mark: audio quality: accurate
mark: audio modes: n64=0 output=0 mixer=0 latency=2 sync=0
mark: diag applied core: dynarec
mark: HBC agent ready
mark: loadROM: enter
mark: loadROM: before rom_read
mark: ROMCache_load: enter
mark: ROMCache_load: before first read
mark: ROMCache_load: first read returned
mark: ROMCache_load: byte_swap_type set
mark: ROMCache_load: first byte_swap done
menufps: 10.2
menufps: 8.4
menufps: 7.9
mark: ROMCache_load: loop exited normally
mark: ROMCache_load: elapsed_us=1926853 bytes=8388608 vm=0
mark: loadROM: after rom_read
mark: loadROM: before init_memory
mark: loadROM: after init_memory
mark: loadROM: before romOpen_gfx
mark: loadROM: after romOpen_gfx / before romOpen_audio
mark: loadROM: after romOpen_audio / before romOpen_input
mark: loadROM: after romOpen_input / before cpu_init
mark: loadROM: after cpu_init
menufps: 2.9
menufps: 0.7
menufps: 1.0
fps: 0.0
first_vi: vi0_retrace=342
vis: 0.0
cpu: exceptions=0 cacheResets=0 batches=0 verts=0 texStalls=0 recompiles=0 underruns=0 overruns=0 sleep_us=0 queue_ms=0
mark: CPU core dispatch: dynarec
vis: 60.0
cpu: exceptions=240 cacheResets=1 batches=0 verts=0 texStalls=0 recompiles=189 underruns=1 overruns=0 sleep_us=266790 queue_ms=91
vis: 60.0
cpu: exceptions=540 cacheResets=1 batches=0 verts=0 texStalls=0 recompiles=198 underruns=1 overruns=0 sleep_us=748070 queue_ms=87
vis: 60.0
cpu: exceptions=840 cacheResets=1 batches=0 verts=0 texStalls=0 recompiles=204 underruns=1 overruns=0 sleep_us=1229438 queue_ms=93
vis: 60.0
cpu: exceptions=1135 cacheResets=1 batches=0 verts=0 texStalls=0 recompiles=204 underruns=1 overruns=0 sleep_us=1711313 queue_ms=88
fps: 0.5
vis: 60.0
cpu: exceptions=1431 cacheResets=1 batches=414 verts=9387 texStalls=0 recompiles=468 underruns=2 overruns=0 sleep_us=2064201 queue_ms=2
fps: 20.0
vis: 60.0
cpu: exceptions=1588 cacheResets=1 batches=2484 verts=56322 texStalls=0 recompiles=475 underruns=2 overruns=0 sleep_us=2487914 queue_ms=9
fps: 30.0
vis: 60.0
cpu: exceptions=1752 cacheResets=1 batches=4554 verts=103257 texStalls=0 recompiles=478 underruns=2 overruns=0 sleep_us=2910495 queue_ms=6
fps: 30.0
vis: 60.0
cpu: exceptions=1894 cacheResets=1 batches=6624 verts=150192 texStalls=0 recompiles=478 underruns=2 overruns=0 sleep_us=3342016 queue_ms=11
fps: 30.0
vis: 60.0
cpu: exceptions=2036 cacheResets=1 batches=8694 verts=197127 texStalls=0 recompiles=478 underruns=2 overruns=0 sleep_us=3773204 queue_ms=7
fps: 30.0
vis: 60.0
cpu: exceptions=2178 cacheResets=1 batches=10767 verts=244080 texStalls=0 recompiles=489 underruns=2 overruns=0 sleep_us=4203200 queue_ms=13
fps: 30.0
vis: 60.0
cpu: exceptions=2319 cacheResets=1 batches=12574 verts=284835 texStalls=0 recompiles=498 underruns=2 overruns=0 sleep_us=4637640 queue_ms=9
vis: 60.0
cpu: exceptions=2638 cacheResets=1 batches=12574 verts=284835 texStalls=0 recompiles=675 underruns=3 overruns=0 sleep_us=4874471 queue_ms=14
vis: 60.0
cpu: exceptions=2728 cacheResets=1 batches=12574 verts=284835 texStalls=0 recompiles=733 underruns=3 overruns=0 sleep_us=5138226 queue_ms=19
vis: 60.0
cpu: exceptions=2818 cacheResets=1 batches=12574 verts=284835 texStalls=0 recompiles=784 underruns=3 overruns=0 sleep_us=5463160 queue_ms=16
fps: 4.9
vis: 60.0
cpu: exceptions=2961 cacheResets=1 batches=13906 verts=302151 texStalls=0 recompiles=910 underruns=5 overruns=0 sleep_us=5741635 queue_ms=17
fps: 15.2
vis: 60.0
cpu: exceptions=3118 cacheResets=1 batches=18798 verts=366468 texStalls=0 recompiles=910 underruns=5 overruns=0 sleep_us=5937342 queue_ms=13
fps: 30.0
vis: 60.0
cpu: exceptions=3273 cacheResets=1 batches=23674 verts=430437 texStalls=0 recompiles=927 underruns=5 overruns=0 sleep_us=6132602 queue_ms=17
fps: 30.0
vis: 60.0
cpu: exceptions=3436 cacheResets=1 batches=28536 verts=494304 texStalls=0 recompiles=927 underruns=5 overruns=0 sleep_us=6328528 queue_ms=14
fps: 30.0
vis: 60.0
cpu: exceptions=3591 cacheResets=1 batches=33399 verts=558177 texStalls=0 recompiles=927 underruns=5 overruns=0 sleep_us=6533753 queue_ms=10
fps: 29.2
vis: 60.0
cpu: exceptions=3762 cacheResets=1 batches=38263 verts=622056 texStalls=0 recompiles=927 underruns=6 overruns=0 sleep_us=6725328 queue_ms=6
fps: 29.9
vis: 60.0
cpu: exceptions=3978 cacheResets=1 batches=43145 verts=686043 texStalls=0 recompiles=936 underruns=6 overruns=0 sleep_us=6898779 queue_ms=12
fps: 20.0
vis: 60.0
cpu: exceptions=4234 cacheResets=1 batches=43740 verts=693786 texStalls=0 recompiles=1065 underruns=8 overruns=0 sleep_us=7213677 queue_ms=13
fps: 31.5
vis: 60.0
cpu: exceptions=4401 cacheResets=1 batches=44546 verts=704202 texStalls=0 recompiles=1065 underruns=8 overruns=0 sleep_us=7610158 queue_ms=17
fps: 30.0
vis: 60.0
cpu: exceptions=4573 cacheResets=1 batches=45341 verts=714552 texStalls=0 recompiles=1065 underruns=8 overruns=0 sleep_us=8006190 queue_ms=13
fps: 30.0
vis: 60.0
cpu: exceptions=4738 cacheResets=1 batches=46136 verts=724902 texStalls=0 recompiles=1065 underruns=8 overruns=0 sleep_us=8411760 queue_ms=18
fps: 30.0
vis: 60.0
cpu: exceptions=4911 cacheResets=1 batches=46931 verts=735252 texStalls=0 recompiles=1065 underruns=8 overruns=0 sleep_us=8806604 queue_ms=15
fps: 30.0
vis: 60.0
cpu: exceptions=5090 cacheResets=1 batches=47726 verts=745602 texStalls=0 recompiles=1065 underruns=8 overruns=0 sleep_us=9196007 queue_ms=10
fps: 30.0
vis: 60.0
cpu: exceptions=5263 cacheResets=1 batches=48521 verts=755952 texStalls=0 recompiles=1065 underruns=8 overruns=0 sleep_us=9588896 queue_ms=16
fps: 30.0
vis: 60.0
cpu: exceptions=5432 cacheResets=1 batches=49316 verts=766302 texStalls=0 recompiles=1065 underruns=8 overruns=0 sleep_us=9988090 queue_ms=13
fps: 30.0
mark: stop reason: chain guest VI limit
mark: stop_it requested
audio: alist_resample_calls=12384 alist_resample_samples=1625832 alist_zoh_calls=0 alist_zoh_samples=0 musyx_subframes=0 musyx_voices=0 musyx_voice_peak=0
audio_stages: adpcm_calls=12114 adpcm_samples=1459184 envmix_calls=11818 envmix_samples=1577288 mix_calls=3468 mix_samples=1109760 musyx_fx_calls=0 musyx_fx_taps=0 output_calls=868 output_samples=462864
audio_envmix: exp_calls=11818 ge_calls=0 lin_calls=0 nead_calls=0 exp_steady=9585 ge_steady=0 lin_steady=0
audio_gaps: nead_mats=0 nead_efz=0 resample_flag2=0 musyx_ptr10=0
audio_output: stream_requests=3618 stream_fed=1607 input_hz=32006 playback_hz=32006 queue_peak_ms=110
audio_time: stage=resample sampled_calls=97 sampled_samples=12824 sampled_us=544
audio_time: stage=zoh sampled_calls=0 sampled_samples=0 sampled_us=0
audio_time: stage=adpcm sampled_calls=95 sampled_samples=11424 sampled_us=484
audio_time: stage=envmix_exp sampled_calls=93 sampled_samples=12456 sampled_us=1120
audio_time: stage=envmix_ge sampled_calls=0 sampled_samples=0 sampled_us=0
audio_time: stage=envmix_lin sampled_calls=0 sampled_samples=0 sampled_us=0
audio_time: stage=envmix_nead sampled_calls=0 sampled_samples=0 sampled_us=0
audio_time: stage=mix sampled_calls=27 sampled_samples=8640 sampled_us=150
audio_time: stage=musyx_voice sampled_calls=0 sampled_samples=0 sampled_us=0
audio_time: stage=musyx_fx sampled_calls=0 sampled_samples=0 sampled_us=0
audio_time: stage=output sampled_calls=6 sampled_samples=3200 sampled_us=58
game: n=1/4 how=vis vis=900 vi_rate=60 vi0_retrace=342 wall_us=15182034 sleep_us=10366822 avg_vis=58.00 avg_fps=25.04 exceptions=5594 cacheResets=1 recompiles=1065 batches=50111 verts=776652 texStalls=0 treeDepthMax=14 underruns=9 overruns=0 queue_peak_ms=93 dsp_avg=1.52 dsp_peak=1.70 dsp_samples=30 pmc1=3343723833 pmc2=3266358504 pmc3=0 pmc4=0 mmcr0=00000042 mmcr1=00000000 heap_used=10835864 heap_free=37224 arena1_free=589824 arena2_free=577472 flushes=3 flush_us=33033 padtrace=6 rom=sd:/wii64/roms/Super Mario 64.v64
=== chain 1/4 end vis=900 how=vis rom=sd:/wii64/roms/Super Mario 64.v64 ===
mark: pad replay records: 22
mark: loadROM: enter
mark: loadROM: before rom_read
mark: ROMCache_load: enter
mark: ROMCache_load: before first read
mark: ROMCache_load: first read returned
mark: ROMCache_load: byte_swap_type set
mark: ROMCache_load: first byte_swap done
menufps: 0.1
menufps: 8.4
menufps: 8.3
menufps: 8.3
menufps: 8.3
mark: ROMCache_load: loop exited normally
mark: ROMCache_load: elapsed_us=3068212 bytes=13893632 vm=0
mark: loadROM: after rom_read
mark: loadROM: before init_memory
mark: loadROM: after init_memory
mark: loadROM: before romOpen_gfx
mark: loadROM: after romOpen_gfx / before romOpen_audio
mark: loadROM: after romOpen_audio / before romOpen_input
mark: loadROM: after romOpen_input / before cpu_init
mark: loadROM: after cpu_init
menufps: 6.3
menufps: 1.9
menufps: 1.0
menufps: 1.0
first_vi: vi0_retrace=1646
mark: CPU core dispatch: dynarec
vis: 60.0
cpu: exceptions=1028 cacheResets=1 batches=0 verts=0 texStalls=0 recompiles=316 underruns=1 overruns=0 sleep_us=157345 queue_ms=41
vis: 60.0
cpu: exceptions=1328 cacheResets=1 batches=0 verts=0 texStalls=0 recompiles=316 underruns=1 overruns=0 sleep_us=633942 queue_ms=38
vis: 60.0
cpu: exceptions=1628 cacheResets=1 batches=0 verts=0 texStalls=0 recompiles=331 underruns=1 overruns=0 sleep_us=1108709 queue_ms=45
vis: 60.0
cpu: exceptions=1926 cacheResets=1 batches=0 verts=0 texStalls=0 recompiles=331 underruns=1 overruns=0 sleep_us=1584820 queue_ms=41
vis: 60.0
cpu: exceptions=2226 cacheResets=1 batches=0 verts=0 texStalls=0 recompiles=331 underruns=1 overruns=0 sleep_us=2061032 queue_ms=48
vis: 60.0
cpu: exceptions=2525 cacheResets=1 batches=0 verts=0 texStalls=0 recompiles=331 underruns=1 overruns=0 sleep_us=2537160 queue_ms=45
vis: 60.0
cpu: exceptions=2861 cacheResets=1 batches=0 verts=0 texStalls=0 recompiles=344 underruns=1 overruns=0 sleep_us=3007512 queue_ms=51
fps: 0.8
vis: 60.0
cpu: exceptions=3435 cacheResets=1 batches=64 verts=4140 texStalls=0 recompiles=468 underruns=1 overruns=0 sleep_us=3436669 queue_ms=47
fps: 1.6
vis: 60.0
cpu: exceptions=3540 cacheResets=1 batches=576 verts=37260 texStalls=0 recompiles=528 underruns=4 overruns=0 sleep_us=3686215 queue_ms=28
fps: 31.0
vis: 60.0
cpu: exceptions=3681 cacheResets=1 batches=1536 verts=99360 texStalls=0 recompiles=528 underruns=4 overruns=0 sleep_us=3841715 queue_ms=25
fps: 29.3
vis: 60.0
cpu: exceptions=3817 cacheResets=1 batches=2304 verts=149040 texStalls=0 recompiles=566 underruns=4 overruns=0 sleep_us=4020064 queue_ms=10
vis: 60.0
cpu: exceptions=3913 cacheResets=1 batches=2304 verts=149040 texStalls=0 recompiles=566 underruns=4 overruns=0 sleep_us=4295110 queue_ms=17
fps: 3.9
vis: 60.0
cpu: exceptions=4012 cacheResets=1 batches=2424 verts=149760 texStalls=0 recompiles=598 underruns=5 overruns=0 sleep_us=4621534 queue_ms=23
fps: 1.6
vis: 58.2
cpu: exceptions=4114 cacheResets=1 batches=2904 verts=152640 texStalls=0 recompiles=610 underruns=7 overruns=0 sleep_us=4969142 queue_ms=7
fps: 30.1
vis: 58.8
cpu: exceptions=4328 cacheResets=1 batches=4704 verts=163440 texStalls=0 recompiles=611 underruns=8 overruns=0 sleep_us=5035204 queue_ms=11
fps: 29.4
vis: 58.8
cpu: exceptions=4529 cacheResets=1 batches=6504 verts=174240 texStalls=0 recompiles=614 underruns=9 overruns=0 sleep_us=5098317 queue_ms=8
fps: 29.4
vis: 58.8
cpu: exceptions=4722 cacheResets=1 batches=8304 verts=185040 texStalls=0 recompiles=614 underruns=10 overruns=0 sleep_us=5157795 queue_ms=15
fps: 29.4
vis: 58.8
cpu: exceptions=4916 cacheResets=1 batches=10104 verts=195840 texStalls=0 recompiles=614 underruns=11 overruns=0 sleep_us=5218554 queue_ms=10
fps: 29.4
vis: 58.8
cpu: exceptions=5095 cacheResets=1 batches=11904 verts=206640 texStalls=0 recompiles=614 underruns=12 overruns=0 sleep_us=5282346 queue_ms=16
fps: 29.4
vis: 58.8
cpu: exceptions=5273 cacheResets=1 batches=13704 verts=217440 texStalls=0 recompiles=618 underruns=13 overruns=0 sleep_us=5345498 queue_ms=13
vis: 60.0
cpu: exceptions=5453 cacheResets=1 batches=15024 verts=225360 texStalls=0 recompiles=625 underruns=13 overruns=0 sleep_us=5444153 queue_ms=19
vis: 60.0
cpu: exceptions=5604 cacheResets=1 batches=15024 verts=225360 texStalls=0 recompiles=625 underruns=13 overruns=0 sleep_us=5681901 queue_ms=14
vis: 60.0
cpu: exceptions=5712 cacheResets=1 batches=15024 verts=225360 texStalls=0 recompiles=631 underruns=13 overruns=0 sleep_us=5970487 queue_ms=21
fps: 7.0
vis: 58.8
cpu: exceptions=5834 cacheResets=1 batches=15024 verts=225360 texStalls=0 recompiles=674 underruns=14 overruns=0 sleep_us=6236882 queue_ms=17
fps: 31.1
vis: 59.0
cpu: exceptions=6047 cacheResets=1 batches=15024 verts=225360 texStalls=0 recompiles=674 underruns=14 overruns=0 sleep_us=6331625 queue_ms=13
fps: 29.5
vis: 59.1
cpu: exceptions=6236 cacheResets=1 batches=15024 verts=225360 texStalls=0 recompiles=674 underruns=15 overruns=0 sleep_us=6427223 queue_ms=19
fps: 29.5
vis: 59.1
cpu: exceptions=6407 cacheResets=1 batches=15024 verts=225360 texStalls=0 recompiles=674 underruns=15 overruns=0 sleep_us=6526870 queue_ms=5
fps: 29.6
vis: 59.1
cpu: exceptions=6574 cacheResets=1 batches=15024 verts=225360 texStalls=0 recompiles=674 underruns=16 overruns=0 sleep_us=6627694 queue_ms=12
fps: 29.5
vis: 59.1
cpu: exceptions=6744 cacheResets=1 batches=15024 verts=225360 texStalls=0 recompiles=674 underruns=17 overruns=0 sleep_us=6729283 queue_ms=19
fps: 29.5
vis: 58.6
cpu: exceptions=6917 cacheResets=1 batches=15024 verts=225360 texStalls=0 recompiles=681 underruns=17 overruns=0 sleep_us=6830271 queue_ms=5
fps: 28.4
vis: 59.0
cpu: exceptions=7083 cacheResets=1 batches=15024 verts=225360 texStalls=0 recompiles=686 underruns=20 overruns=0 sleep_us=6917892 queue_ms=11
fps: 29.5
vis: 59.1
cpu: exceptions=7252 cacheResets=1 batches=15024 verts=225360 texStalls=0 recompiles=686 underruns=20 overruns=0 sleep_us=7015656 queue_ms=7
fps: 29.6
vis: 59.1
cpu: exceptions=7424 cacheResets=1 batches=15024 verts=225360 texStalls=0 recompiles=686 underruns=21 overruns=0 sleep_us=7122777 queue_ms=14
fps: 29.6
vis: 59.2
cpu: exceptions=7584 cacheResets=1 batches=15024 verts=225360 texStalls=0 recompiles=686 underruns=22 overruns=0 sleep_us=7231810 queue_ms=21
fps: 29.6
vis: 59.1
cpu: exceptions=7758 cacheResets=1 batches=15024 verts=225360 texStalls=0 recompiles=686 underruns=22 overruns=0 sleep_us=7338455 queue_ms=17
fps: 29.5
vis: 59.2
cpu: exceptions=7934 cacheResets=1 batches=15024 verts=225360 texStalls=0 recompiles=686 underruns=23 overruns=0 sleep_us=7445906 queue_ms=14
fps: 29.6
vis: 59.1
cpu: exceptions=8102 cacheResets=1 batches=15024 verts=225360 texStalls=0 recompiles=686 underruns=23 overruns=0 sleep_us=7553793 queue_ms=10
fps: 29.6
vis: 59.1
cpu: exceptions=8277 cacheResets=1 batches=15024 verts=225360 texStalls=0 recompiles=686 underruns=24 overruns=0 sleep_us=7661429 queue_ms=17
fps: 29.6
vis: 59.2
cpu: exceptions=8446 cacheResets=1 batches=15024 verts=225360 texStalls=0 recompiles=686 underruns=24 overruns=0 sleep_us=7771679 queue_ms=12
fps: 29.6
vis: 59.0
cpu: exceptions=8612 cacheResets=1 batches=15024 verts=225360 texStalls=0 recompiles=688 underruns=25 overruns=0 sleep_us=7900522 queue_ms=8
fps: 29.4
vis: 59.2
cpu: exceptions=8771 cacheResets=1 batches=15024 verts=225360 texStalls=0 recompiles=688 underruns=26 overruns=0 sleep_us=8027520 queue_ms=16
fps: 29.6
vis: 59.1
cpu: exceptions=8937 cacheResets=1 batches=15024 verts=225360 texStalls=0 recompiles=688 underruns=26 overruns=0 sleep_us=8150641 queue_ms=11
fps: 29.6
vis: 59.1
cpu: exceptions=9128 cacheResets=1 batches=15024 verts=225360 texStalls=0 recompiles=688 underruns=27 overruns=0 sleep_us=8254081 queue_ms=17
fps: 29.6
vis: 59.2
cpu: exceptions=9301 cacheResets=1 batches=15024 verts=225360 texStalls=0 recompiles=688 underruns=28 overruns=0 sleep_us=8364237 queue_ms=25
fps: 29.6
vis: 59.2
cpu: exceptions=9457 cacheResets=1 batches=15024 verts=225360 texStalls=0 recompiles=688 underruns=28 overruns=0 sleep_us=8486052 queue_ms=10
fps: 29.5
vis: 59.2
cpu: exceptions=9614 cacheResets=1 batches=15024 verts=225360 texStalls=0 recompiles=688 underruns=28 overruns=0 sleep_us=8607410 queue_ms=6
fps: 29.6
vis: 59.2
cpu: exceptions=9767 cacheResets=1 batches=15024 verts=225360 texStalls=0 recompiles=688 underruns=29 overruns=0 sleep_us=8729906 queue_ms=13
fps: 29.6
vis: 59.2
cpu: exceptions=9925 cacheResets=1 batches=15024 verts=225360 texStalls=0 recompiles=688 underruns=30 overruns=0 sleep_us=8855882 queue_ms=19
fps: 29.6
vis: 59.2
cpu: exceptions=10080 cacheResets=1 batches=15024 verts=225360 texStalls=0 recompiles=688 underruns=30 overruns=0 sleep_us=8983453 queue_ms=4
fps: 29.6
vis: 59.2
cpu: exceptions=10242 cacheResets=1 batches=15024 verts=225360 texStalls=0 recompiles=688 underruns=31 overruns=0 sleep_us=9111475 queue_ms=10
fps: 28.7
vis: 59.2
cpu: exceptions=10394 cacheResets=1 batches=15024 verts=225360 texStalls=0 recompiles=688 underruns=33 overruns=0 sleep_us=9237158 queue_ms=17
fps: 29.6
vis: 59.2
cpu: exceptions=10550 cacheResets=1 batches=15024 verts=225360 texStalls=0 recompiles=688 underruns=33 overruns=0 sleep_us=9359240 queue_ms=13
fps: 29.6
vis: 59.2
cpu: exceptions=10699 cacheResets=1 batches=15024 verts=225360 texStalls=0 recompiles=688 underruns=34 overruns=0 sleep_us=9493669 queue_ms=20
fps: 29.6
vis: 59.0
cpu: exceptions=10901 cacheResets=1 batches=15024 verts=225360 texStalls=0 recompiles=688 underruns=34 overruns=0 sleep_us=9598967 queue_ms=5
fps: 29.5
vis: 59.1
cpu: exceptions=11094 cacheResets=1 batches=15024 verts=225360 texStalls=0 recompiles=688 underruns=35 overruns=0 sleep_us=9695853 queue_ms=11
fps: 29.5
vis: 59.1
cpu: exceptions=11276 cacheResets=1 batches=15024 verts=225360 texStalls=0 recompiles=688 underruns=36 overruns=0 sleep_us=9800003 queue_ms=17
fps: 29.6
vis: 59.1
cpu: exceptions=11451 cacheResets=1 batches=15024 verts=225360 texStalls=0 recompiles=688 underruns=36 overruns=0 sleep_us=9907792 queue_ms=2
fps: 29.6
vis: 59.2
cpu: exceptions=11622 cacheResets=1 batches=15024 verts=225360 texStalls=0 recompiles=688 underruns=37 overruns=0 sleep_us=10016064 queue_ms=10
fps: 29.6
vis: 59.1
cpu: exceptions=11794 cacheResets=1 batches=15024 verts=225360 texStalls=0 recompiles=688 underruns=37 overruns=0 sleep_us=10124167 queue_ms=5
fps: 29.5
vis: 59.0
cpu: exceptions=11968 cacheResets=1 batches=15024 verts=225360 texStalls=0 recompiles=692 underruns=38 overruns=0 sleep_us=10231217 queue_ms=12
vis: 60.0
cpu: exceptions=12127 cacheResets=1 batches=15024 verts=225360 texStalls=0 recompiles=692 underruns=39 overruns=0 sleep_us=10369702 queue_ms=19
vis: 60.0
cpu: exceptions=12254 cacheResets=1 batches=15024 verts=225360 texStalls=0 recompiles=692 underruns=39 overruns=0 sleep_us=10613021 queue_ms=26
vis: 60.0
cpu: exceptions=12373 cacheResets=1 batches=15024 verts=225360 texStalls=0 recompiles=692 underruns=39 overruns=0 sleep_us=10888625 queue_ms=22
fps: 7.1
vis: 58.0
cpu: exceptions=12552 cacheResets=1 batches=15024 verts=225360 texStalls=0 recompiles=720 underruns=40 overruns=0 sleep_us=11122878 queue_ms=19
fps: 30.8
vis: 57.6
cpu: exceptions=12745 cacheResets=1 batches=15024 verts=225360 texStalls=0 recompiles=721 underruns=40 overruns=0 sleep_us=11207942 queue_ms=4
fps: 28.4
vis: 60.0
cpu: exceptions=12966 cacheResets=1 batches=15024 verts=225360 texStalls=0 recompiles=721 underruns=43 overruns=0 sleep_us=11256526 queue_ms=32
fps: 30.5
vis: 58.9
cpu: exceptions=13177 cacheResets=1 batches=15024 verts=225360 texStalls=0 recompiles=721 underruns=43 overruns=0 sleep_us=11294660 queue_ms=28
fps: 29.4
vis: 58.8
cpu: exceptions=13381 cacheResets=1 batches=15024 verts=225360 texStalls=0 recompiles=721 underruns=43 overruns=0 sleep_us=11351205 queue_ms=13
fps: 29.4
vis: 58.8
cpu: exceptions=13569 cacheResets=1 batches=15024 verts=225360 texStalls=0 recompiles=721 underruns=43 overruns=0 sleep_us=11446569 queue_ms=10
fps: 29.5
vis: 58.6
cpu: exceptions=13756 cacheResets=1 batches=15024 verts=225360 texStalls=0 recompiles=724 underruns=44 overruns=0 sleep_us=11538306 queue_ms=6
fps: 28.7
vis: 59.1
cpu: exceptions=13942 cacheResets=1 batches=15024 verts=225360 texStalls=0 recompiles=731 underruns=46 overruns=0 sleep_us=11625161 queue_ms=13
fps: 29.6
vis: 59.0
cpu: exceptions=14122 cacheResets=1 batches=15024 verts=225360 texStalls=0 recompiles=731 underruns=47 overruns=0 sleep_us=11733721 queue_ms=10
fps: 29.5
vis: 58.1
cpu: exceptions=14315 cacheResets=1 batches=15024 verts=225360 texStalls=0 recompiles=731 underruns=48 overruns=0 sleep_us=11838694 queue_ms=5
fps: 29.2
vis: 59.1
cpu: exceptions=14502 cacheResets=1 batches=15024 verts=225360 texStalls=0 recompiles=731 underruns=49 overruns=0 sleep_us=11942190 queue_ms=11
fps: 29.5
vis: 59.1
cpu: exceptions=14678 cacheResets=1 batches=15024 verts=225360 texStalls=0 recompiles=731 underruns=50 overruns=0 sleep_us=12050533 queue_ms=19
fps: 29.6
vis: 59.1
cpu: exceptions=14846 cacheResets=1 batches=15024 verts=225360 texStalls=0 recompiles=731 underruns=50 overruns=0 sleep_us=12171309 queue_ms=15
fps: 29.6
vis: 59.1
cpu: exceptions=15021 cacheResets=1 batches=15024 verts=225360 texStalls=0 recompiles=731 underruns=51 overruns=0 sleep_us=12285223 queue_ms=11
fps: 29.6
vis: 59.2
cpu: exceptions=15179 cacheResets=1 batches=15024 verts=225360 texStalls=0 recompiles=731 underruns=51 overruns=0 sleep_us=12414213 queue_ms=7
fps: 29.6
vis: 59.2
cpu: exceptions=15340 cacheResets=1 batches=15024 verts=225360 texStalls=0 recompiles=731 underruns=52 overruns=0 sleep_us=12543538 queue_ms=13
fps: 29.4
vis: 59.0
cpu: exceptions=15524 cacheResets=1 batches=15024 verts=225360 texStalls=0 recompiles=732 underruns=52 overruns=0 sleep_us=12648418 queue_ms=9
vis: 60.0
cpu: exceptions=15695 cacheResets=1 batches=15024 verts=225360 texStalls=0 recompiles=732 underruns=53 overruns=0 sleep_us=12782858 queue_ms=16
vis: 60.0
cpu: exceptions=15802 cacheResets=1 batches=15024 verts=225360 texStalls=0 recompiles=732 underruns=53 overruns=0 sleep_us=13039849 queue_ms=23
vis: 60.0
cpu: exceptions=15952 cacheResets=1 batches=15024 verts=225360 texStalls=0 recompiles=733 underruns=53 overruns=0 sleep_us=13324180 queue_ms=19
vis: 60.0
cpu: exceptions=16114 cacheResets=1 batches=15024 verts=225360 texStalls=0 recompiles=734 underruns=53 overruns=0 sleep_us=13610512 queue_ms=14
fps: 6.4
vis: 59.0
cpu: exceptions=16295 cacheResets=1 batches=15024 verts=225360 texStalls=0 recompiles=761 underruns=55 overruns=0 sleep_us=13679441 queue_ms=42
fps: 31.8
vis: 59.0
cpu: exceptions=16474 cacheResets=1 batches=15024 verts=225360 texStalls=0 recompiles=761 underruns=55 overruns=0 sleep_us=13771926 queue_ms=38
fps: 29.5
vis: 59.1
cpu: exceptions=16650 cacheResets=1 batches=15024 verts=225360 texStalls=0 recompiles=761 underruns=55 overruns=0 sleep_us=13866295 queue_ms=34
fps: 29.6
vis: 59.0
cpu: exceptions=16823 cacheResets=1 batches=15024 verts=225360 texStalls=0 recompiles=761 underruns=55 overruns=0 sleep_us=13961496 queue_ms=19
fps: 29.5
vis: 59.0
cpu: exceptions=16998 cacheResets=1 batches=15024 verts=225360 texStalls=0 recompiles=761 underruns=55 overruns=0 sleep_us=14059723 queue_ms=16
fps: 29.5
vis: 58.4
cpu: exceptions=17169 cacheResets=1 batches=15024 verts=225360 texStalls=0 recompiles=765 underruns=55 overruns=0 sleep_us=14155985 queue_ms=0
fps: 28.3
vis: 58.9
cpu: exceptions=17347 cacheResets=1 batches=15024 verts=225360 texStalls=0 recompiles=767 underruns=58 overruns=0 sleep_us=14231778 queue_ms=6
fps: 29.4
vis: 59.0
cpu: exceptions=17514 cacheResets=1 batches=15024 verts=225360 texStalls=0 recompiles=767 underruns=59 overruns=0 sleep_us=14310228 queue_ms=13
fps: 29.5
vis: 58.9
cpu: exceptions=17684 cacheResets=1 batches=15024 verts=225360 texStalls=0 recompiles=767 underruns=60 overruns=0 sleep_us=14401206 queue_ms=20
fps: 29.5
vis: 58.7
cpu: exceptions=17864 cacheResets=1 batches=15024 verts=225360 texStalls=0 recompiles=767 underruns=60 overruns=0 sleep_us=14489695 queue_ms=5
fps: 29.3
vis: 59.0
cpu: exceptions=18042 cacheResets=1 batches=15024 verts=225360 texStalls=0 recompiles=767 underruns=61 overruns=0 sleep_us=14573565 queue_ms=12
fps: 29.5
vis: 59.0
cpu: exceptions=18217 cacheResets=1 batches=15024 verts=225360 texStalls=0 recompiles=767 underruns=62 overruns=0 sleep_us=14660387 queue_ms=8
fps: 29.5
vis: 59.1
cpu: exceptions=18383 cacheResets=1 batches=15024 verts=225360 texStalls=0 recompiles=767 underruns=63 overruns=0 sleep_us=14754227 queue_ms=14
fps: 29.6
vis: 58.8
cpu: exceptions=18551 cacheResets=1 batches=15024 verts=225360 texStalls=0 recompiles=767 underruns=63 overruns=0 sleep_us=14865134 queue_ms=11
fps: 29.4
vis: 59.1
cpu: exceptions=18708 cacheResets=1 batches=15024 verts=225360 texStalls=0 recompiles=767 underruns=64 overruns=0 sleep_us=14979932 queue_ms=7
fps: 29.6
vis: 59.0
cpu: exceptions=18867 cacheResets=1 batches=15024 verts=225360 texStalls=0 recompiles=767 underruns=65 overruns=0 sleep_us=15092474 queue_ms=14
fps: 29.5
vis: 60.0
cpu: exceptions=20024 cacheResets=1 batches=15024 verts=225360 texStalls=0 recompiles=776 underruns=66 overruns=0 sleep_us=15201336 queue_ms=21
vis: 60.0
cpu: exceptions=20191 cacheResets=1 batches=15024 verts=225360 texStalls=0 recompiles=829 underruns=66 overruns=0 sleep_us=15515003 queue_ms=28
vis: 60.0
cpu: exceptions=20289 cacheResets=1 batches=15024 verts=225360 texStalls=0 recompiles=829 underruns=66 overruns=0 sleep_us=15878290 queue_ms=23
vis: 60.0
cpu: exceptions=20478 cacheResets=1 batches=15024 verts=225360 texStalls=0 recompiles=1016 underruns=66 overruns=0 sleep_us=16209635 queue_ms=31
vis: 60.0
cpu: exceptions=20557 cacheResets=1 batches=15024 verts=225360 texStalls=0 recompiles=1016 underruns=67 overruns=0 sleep_us=16674443 queue_ms=5
fps: 3.6
vis: 59.8
cpu: exceptions=20763 cacheResets=1 batches=19639 verts=268494 texStalls=0 recompiles=1373 underruns=69 overruns=0 sleep_us=16745492 queue_ms=35
fps: 31.0
vis: 59.4
cpu: exceptions=21000 cacheResets=1 batches=25239 verts=319914 texStalls=0 recompiles=1405 underruns=69 overruns=0 sleep_us=16799810 queue_ms=31
fps: 29.6
vis: 59.1
cpu: exceptions=21296 cacheResets=1 batches=31151 verts=373206 texStalls=0 recompiles=1410 underruns=69 overruns=0 sleep_us=16823387 queue_ms=17
fps: 29.5
vis: 58.2
cpu: exceptions=21639 cacheResets=1 batches=37274 verts=427764 texStalls=0 recompiles=1410 underruns=69 overruns=0 sleep_us=16832390 queue_ms=2
fps: 28.8
vis: 57.5
cpu: exceptions=22000 cacheResets=1 batches=43472 verts=482772 texStalls=0 recompiles=1416 underruns=71 overruns=0 sleep_us=16839177 queue_ms=10
fps: 28.2
vis: 59.8
cpu: exceptions=22331 cacheResets=1 batches=48637 verts=531582 texStalls=0 recompiles=1417 underruns=73 overruns=0 sleep_us=16889793 queue_ms=27
fps: 30.9
vis: 60.0
cpu: exceptions=22632 cacheResets=1 batches=52720 verts=573900 texStalls=0 recompiles=1417 underruns=73 overruns=0 sleep_us=16987944 queue_ms=22
fps: 30.0
vis: 60.0
cpu: exceptions=22952 cacheResets=1 batches=56184 verts=612504 texStalls=0 recompiles=1421 underruns=73 overruns=0 sleep_us=17074623 queue_ms=29
fps: 30.1
vis: 60.0
cpu: exceptions=23262 cacheResets=1 batches=59247 verts=648702 texStalls=0 recompiles=1422 underruns=73 overruns=0 sleep_us=17185251 queue_ms=26
fps: 29.9
vis: 60.0
cpu: exceptions=23572 cacheResets=1 batches=62264 verts=684624 texStalls=0 recompiles=1435 underruns=73 overruns=0 sleep_us=17287941 queue_ms=32
fps: 29.9
vis: 60.0
cpu: exceptions=23869 cacheResets=1 batches=65183 verts=719958 texStalls=0 recompiles=1502 underruns=73 overruns=0 sleep_us=17376117 queue_ms=29
fps: 30.0
vis: 60.0
cpu: exceptions=24184 cacheResets=1 batches=68086 verts=755196 texStalls=0 recompiles=1504 underruns=73 overruns=0 sleep_us=17472581 queue_ms=24
fps: 30.1
vis: 60.0
cpu: exceptions=24494 cacheResets=1 batches=70983 verts=790398 texStalls=0 recompiles=1504 underruns=73 overruns=0 sleep_us=17588833 queue_ms=31
fps: 30.0
vis: 60.0
cpu: exceptions=24786 cacheResets=1 batches=73865 verts=825510 texStalls=0 recompiles=1504 underruns=73 overruns=0 sleep_us=17712382 queue_ms=27
fps: 30.1
mark: stop reason: chain guest VI limit
mark: stop_it requested
vis: 56.1
cpu: exceptions=25068 cacheResets=1 batches=76811 verts=861006 texStalls=0 recompiles=1504 underruns=74 overruns=0 sleep_us=17831828 queue_ms=6
audio: alist_resample_calls=124134 alist_resample_samples=18520696 alist_zoh_calls=0 alist_zoh_samples=0 musyx_subframes=0 musyx_voices=0 musyx_voice_peak=0
audio_stages: adpcm_calls=128102 adpcm_samples=19590016 envmix_calls=124134 envmix_samples=18520696 mix_calls=21240 mix_samples=8156160 musyx_fx_calls=0 musyx_fx_taps=0 output_calls=3566 output_samples=1595408
audio_envmix: exp_calls=0 ge_calls=0 lin_calls=0 nead_calls=124134 exp_steady=0 ge_steady=0 lin_steady=0
audio_gaps: nead_mats=0 nead_efz=0 resample_flag2=0 musyx_ptr10=0
audio_output: stream_requests=7399 stream_fed=5539 input_hz=26807 playback_hz=26807 queue_peak_ms=72
audio_time: stage=resample sampled_calls=977 sampled_samples=145512 sampled_us=6188
audio_time: stage=zoh sampled_calls=0 sampled_samples=0 sampled_us=0
audio_time: stage=adpcm sampled_calls=1008 sampled_samples=155232 sampled_us=6497
audio_time: stage=envmix_exp sampled_calls=0 sampled_samples=0 sampled_us=0
audio_time: stage=envmix_ge sampled_calls=0 sampled_samples=0 sampled_us=0
audio_time: stage=envmix_lin sampled_calls=0 sampled_samples=0 sampled_us=0
audio_time: stage=envmix_nead sampled_calls=977 sampled_samples=145512 sampled_us=8753
audio_time: stage=mix sampled_calls=167 sampled_samples=64128 sampled_us=1042
audio_time: stage=musyx_voice sampled_calls=0 sampled_samples=0 sampled_us=0
audio_time: stage=musyx_fx sampled_calls=0 sampled_samples=0 sampled_us=0
audio_time: stage=output sampled_calls=28 sampled_samples=12480 sampled_us=227
game: n=2/4 how=vis vis=3600 vi_rate=60 vi0_retrace=1646 wall_us=60967469 sleep_us=17831828 avg_vis=59.26 avg_fps=27.51 exceptions=25069 cacheResets=1 recompiles=1504 batches=76811 verts=861006 texStalls=0 treeDepthMax=14 underruns=74 overruns=0 queue_peak_ms=51 dsp_avg=1.50 dsp_peak=1.80 dsp_samples=120 pmc1=31297911560 pmc2=29628762849 pmc3=0 pmc4=0 mmcr0=00000042 mmcr1=00000000 heap_used=10891352 heap_free=34984 arena1_free=536576 arena2_free=577472 flushes=8 flush_us=99700 padtrace=20 rom=sd:/wii64/roms/Mario Kart 64.v64
=== chain 2/4 end vis=3600 how=vis rom=sd:/wii64/roms/Mario Kart 64.v64 ===
mark: pad replay records: 1
mark: loadROM: enter
mark: loadROM: before rom_read
mark: ROMCache_load: enter
mark: ROMCache_load: before first read
mark: ROMCache_load: first read returned
mark: ROMCache_load: byte_swap_type set
mark: ROMCache_load: first byte_swap done
menufps: 0.0
menufps: 8.6
menufps: 8.3
menufps: 7.8
menufps: 8.2
menufps: 8.3
menufps: 8.3
mark: ROMCache_load: loop exited normally
mark: ROMCache_load: elapsed_us=3738325 bytes=16777216 vm=0
mark: loadROM: after rom_read
mark: loadROM: before init_memory
mark: loadROM: after init_memory
mark: loadROM: before romOpen_gfx
mark: loadROM: after romOpen_gfx / before romOpen_audio
mark: loadROM: after romOpen_audio / before romOpen_input
mark: loadROM: after romOpen_input / before cpu_init
mark: loadROM: after cpu_init
menufps: 2.9
menufps: 1.0
menufps: 1.0
fps: 0.8
first_vi: vi0_retrace=5734
vis: 0.1
cpu: exceptions=0 cacheResets=0 batches=0 verts=0 texStalls=0 recompiles=0 underruns=0 overruns=0 sleep_us=0 queue_ms=0
mark: CPU core dispatch: dynarec
vis: 60.0
cpu: exceptions=2257 cacheResets=1 batches=0 verts=0 texStalls=0 recompiles=425 underruns=0 overruns=0 sleep_us=363095 queue_ms=156
fps: 37.7
vis: 60.0
cpu: exceptions=2527 cacheResets=1 batches=0 verts=0 texStalls=0 recompiles=425 underruns=0 overruns=0 sleep_us=795685 queue_ms=152
fps: 60.0
vis: 60.0
cpu: exceptions=2797 cacheResets=1 batches=0 verts=0 texStalls=0 recompiles=426 underruns=0 overruns=0 sleep_us=1228063 queue_ms=158
fps: 60.0
vis: 60.0
cpu: exceptions=3155 cacheResets=1 batches=0 verts=0 texStalls=0 recompiles=468 underruns=0 overruns=0 sleep_us=1602748 queue_ms=154
fps: 1.1
vis: 55.6
cpu: exceptions=3553 cacheResets=1 batches=352 verts=10296 texStalls=0 recompiles=634 underruns=0 overruns=0 sleep_us=1929280 queue_ms=114
vis: 60.0
cpu: exceptions=3837 cacheResets=1 batches=6906 verts=181860 texStalls=0 recompiles=763 underruns=0 overruns=0 sleep_us=2014263 queue_ms=119
fps: 59.1
vis: 60.0
cpu: exceptions=4135 cacheResets=1 batches=13686 verts=359340 texStalls=0 recompiles=771 underruns=0 overruns=0 sleep_us=2116944 queue_ms=117
fps: 60.0
vis: 60.0
cpu: exceptions=4431 cacheResets=1 batches=20436 verts=536640 texStalls=0 recompiles=775 underruns=0 overruns=0 sleep_us=2225974 queue_ms=121
fps: 60.0
vis: 60.0
cpu: exceptions=4725 cacheResets=1 batches=27186 verts=713940 texStalls=0 recompiles=775 underruns=0 overruns=0 sleep_us=2333784 queue_ms=118
fps: 56.9
vis: 60.0
cpu: exceptions=5016 cacheResets=1 batches=33936 verts=891240 texStalls=0 recompiles=775 underruns=0 overruns=0 sleep_us=2443951 queue_ms=86
fps: 60.0
vis: 60.0
cpu: exceptions=5310 cacheResets=1 batches=40686 verts=1068540 texStalls=0 recompiles=775 underruns=0 overruns=0 sleep_us=2553052 queue_ms=92
fps: 60.0
vis: 60.0
cpu: exceptions=5595 cacheResets=1 batches=47436 verts=1245840 texStalls=0 recompiles=777 underruns=0 overruns=0 sleep_us=2666812 queue_ms=88
fps: 60.0
vis: 60.0
cpu: exceptions=5890 cacheResets=1 batches=54186 verts=1423140 texStalls=0 recompiles=777 underruns=0 overruns=0 sleep_us=2770904 queue_ms=93
fps: 60.0
vis: 60.0
cpu: exceptions=6186 cacheResets=1 batches=60936 verts=1600440 texStalls=0 recompiles=777 underruns=0 overruns=0 sleep_us=2874963 queue_ms=90
fps: 60.0
vis: 60.0
cpu: exceptions=6484 cacheResets=1 batches=67686 verts=1777740 texStalls=0 recompiles=777 underruns=0 overruns=0 sleep_us=2975752 queue_ms=95
fps: 60.0
vis: 60.0
cpu: exceptions=6779 cacheResets=1 batches=74436 verts=1955040 texStalls=0 recompiles=777 underruns=0 overruns=0 sleep_us=3077905 queue_ms=91
fps: 60.0
vis: 60.0
cpu: exceptions=7074 cacheResets=1 batches=81186 verts=2132340 texStalls=0 recompiles=777 underruns=0 overruns=0 sleep_us=3178237 queue_ms=88
fps: 60.0
vis: 60.0
cpu: exceptions=7365 cacheResets=1 batches=87936 verts=2309640 texStalls=0 recompiles=777 underruns=0 overruns=0 sleep_us=3281709 queue_ms=93
fps: 60.0
vis: 60.0
cpu: exceptions=7655 cacheResets=1 batches=94686 verts=2486940 texStalls=0 recompiles=777 underruns=0 overruns=0 sleep_us=3387186 queue_ms=89
fps: 60.0
vis: 60.0
cpu: exceptions=7941 cacheResets=1 batches=101436 verts=2664240 texStalls=0 recompiles=777 underruns=0 overruns=0 sleep_us=3495944 queue_ms=95
fps: 60.0
vis: 60.0
cpu: exceptions=8238 cacheResets=1 batches=108186 verts=2841540 texStalls=0 recompiles=777 underruns=0 overruns=0 sleep_us=3605483 queue_ms=90
fps: 59.9
vis: 60.0
cpu: exceptions=8530 cacheResets=1 batches=114936 verts=3018840 texStalls=0 recompiles=777 underruns=0 overruns=0 sleep_us=3697221 queue_ms=96
fps: 60.0
vis: 60.0
cpu: exceptions=8841 cacheResets=1 batches=121686 verts=3196140 texStalls=0 recompiles=777 underruns=0 overruns=0 sleep_us=3778907 queue_ms=92
fps: 60.0
vis: 60.0
cpu: exceptions=9158 cacheResets=1 batches=128436 verts=3373440 texStalls=0 recompiles=777 underruns=0 overruns=0 sleep_us=3856330 queue_ms=88
fps: 60.0
vis: 60.0
cpu: exceptions=9472 cacheResets=1 batches=135186 verts=3550740 texStalls=0 recompiles=777 underruns=0 overruns=0 sleep_us=3935398 queue_ms=93
fps: 60.0
vis: 60.0
cpu: exceptions=9790 cacheResets=1 batches=141936 verts=3728040 texStalls=0 recompiles=777 underruns=0 overruns=0 sleep_us=4012966 queue_ms=90
fps: 60.0
vis: 60.0
cpu: exceptions=10099 cacheResets=1 batches=148686 verts=3905340 texStalls=0 recompiles=777 underruns=0 overruns=0 sleep_us=4095408 queue_ms=95
fps: 60.0
vis: 60.0
cpu: exceptions=10409 cacheResets=1 batches=155438 verts=4082640 texStalls=0 recompiles=777 underruns=0 overruns=0 sleep_us=4181447 queue_ms=91
fps: 59.8
vis: 60.0
cpu: exceptions=10720 cacheResets=1 batches=164078 verts=4320771 texStalls=0 recompiles=777 underruns=0 overruns=0 sleep_us=4214170 queue_ms=97
fps: 55.9
mark: stop reason: chain guest VI limit
mark: stop_it requested
audio: alist_resample_calls=10077 alist_resample_samples=1250096 alist_zoh_calls=0 alist_zoh_samples=0 musyx_subframes=0 musyx_voices=0 musyx_voice_peak=0
audio_stages: adpcm_calls=9759 adpcm_samples=1154016 envmix_calls=10077 envmix_samples=1250096 mix_calls=79024 mix_samples=10544864 musyx_fx_calls=0 musyx_fx_taps=0 output_calls=897 output_samples=478768
audio_envmix: exp_calls=10077 ge_calls=0 lin_calls=0 nead_calls=0 exp_steady=5510 ge_steady=0 lin_steady=0
audio_gaps: nead_mats=0 nead_efz=0 resample_flag2=0 musyx_ptr10=0
audio_output: stream_requests=3346 stream_fed=1659 input_hz=32006 playback_hz=32006 queue_peak_ms=181
audio_time: stage=resample sampled_calls=79 sampled_samples=10240 sampled_us=450
audio_time: stage=zoh sampled_calls=0 sampled_samples=0 sampled_us=0
audio_time: stage=adpcm sampled_calls=76 sampled_samples=8016 sampled_us=375
audio_time: stage=envmix_exp sampled_calls=79 sampled_samples=10240 sampled_us=1197
audio_time: stage=envmix_ge sampled_calls=0 sampled_samples=0 sampled_us=0
audio_time: stage=envmix_lin sampled_calls=0 sampled_samples=0 sampled_us=0
audio_time: stage=envmix_nead sampled_calls=0 sampled_samples=0 sampled_us=0
audio_time: stage=mix sampled_calls=622 sampled_samples=83008 sampled_us=1360
audio_time: stage=musyx_voice sampled_calls=0 sampled_samples=0 sampled_us=0
audio_time: stage=musyx_fx sampled_calls=0 sampled_samples=0 sampled_us=0
audio_time: stage=output sampled_calls=7 sampled_samples=3712 sampled_us=70
game: n=3/4 how=vis vis=900 vi_rate=60 vi0_retrace=5734 wall_us=15257300 sleep_us=4227971 avg_vis=57.86 avg_fps=54.87 exceptions=10824 cacheResets=1 recompiles=777 batches=167028 verts=4402401 texStalls=0 treeDepthMax=12 underruns=0 overruns=0 queue_peak_ms=158 dsp_avg=1.58 dsp_peak=1.90 dsp_samples=30 pmc1=7852525726 pmc2=7371149048 pmc3=0 pmc4=0 mmcr0=00000042 mmcr1=00000000 heap_used=10838424 heap_free=124776 arena1_free=499712 arena2_free=577472 flushes=4 flush_us=80475 padtrace=0 rom=sd:/wii64/roms/Pokemon Snap.rom
=== chain 3/4 end vis=900 how=vis rom=sd:/wii64/roms/Pokemon Snap.rom ===
mark: pad replay records: 1
mark: loadROM: enter
mark: loadROM: before rom_read
mark: ROMCache_load: enter
menufps: 0.1
menufps: 0.2
mark: ROMCache_load: before first read
mark: ROMCache_load: first read returned
mark: ROMCache_load: byte_swap_type set
mark: ROMCache_load: first byte_swap done
menufps: 0.2
menufps: 8.5
menufps: 8.3
menufps: 8.3
menufps: 8.3
menufps: 8.3
menufps: 7.7
menufps: 1.3
menufps: 1.2
menufps: 1.3
menufps: 1.3
menufps: 1.3
menufps: 1.3
menufps: 1.3
menufps: 3.6
menufps: 7.8
menufps: 7.7
menufps: 7.9
menufps: 8.4
menufps: 7.8
mark: ROMCache_load: loop exited normally
menufps: 2.2
menufps: 1.1
menufps: 1.2
menufps: 1.1
menufps: 1.1
menufps: 1.2
menufps: 1.2
menufps: 1.1
menufps: 1.1
menufps: 1.1
menufps: 1.2
menufps: 1.1
menufps: 1.1
menufps: 1.1
menufps: 1.1
menufps: 1.1
menufps: 1.1
menufps: 1.1
menufps: 1.1
menufps: 1.1
mark: ROMCache_load: preflush_us=17622841
mark: ROMCache_load: elapsed_us=39670281 bytes=33554432 vm=1
mark: loadROM: after rom_read
mark: loadROM: before init_memory
mark: loadROM: after init_memory
mark: loadROM: before romOpen_gfx
mark: loadROM: after romOpen_gfx / before romOpen_audio
mark: loadROM: after romOpen_audio / before romOpen_input
mark: loadROM: after romOpen_input / before cpu_init
mark: loadROM: after cpu_init
menufps: 3.0
menufps: 1.0
menufps: 1.0
fps: 0.2
first_vi: vi0_retrace=9243
vis: 0.3
cpu: exceptions=0 cacheResets=0 batches=0 verts=0 texStalls=0 recompiles=0 underruns=0 overruns=0 sleep_us=0 queue_ms=0
mark: CPU core dispatch: dynarec
vis: 60.0
cpu: exceptions=33 cacheResets=1 batches=0 verts=0 texStalls=0 recompiles=82 underruns=0 overruns=0 sleep_us=48264 queue_ms=0
vis: 60.0
cpu: exceptions=63 cacheResets=1 batches=0 verts=0 texStalls=0 recompiles=82 underruns=0 overruns=0 sleep_us=417440 queue_ms=0
vis: 60.0
cpu: exceptions=93 cacheResets=1 batches=0 verts=0 texStalls=0 recompiles=82 underruns=0 overruns=0 sleep_us=785976 queue_ms=0
vis: 60.0
cpu: exceptions=205 cacheResets=1 batches=0 verts=0 texStalls=0 recompiles=182 underruns=0 overruns=0 sleep_us=1114260 queue_ms=0
vis: 60.0
cpu: exceptions=246 cacheResets=1 batches=0 verts=0 texStalls=0 recompiles=188 underruns=0 overruns=0 sleep_us=1469945 queue_ms=0
vis: 60.0
cpu: exceptions=288 cacheResets=1 batches=0 verts=0 texStalls=0 recompiles=188 underruns=0 overruns=0 sleep_us=1820468 queue_ms=0
vis: 60.0
cpu: exceptions=318 cacheResets=1 batches=0 verts=0 texStalls=0 recompiles=188 underruns=0 overruns=0 sleep_us=2168344 queue_ms=0
vis: 60.0
cpu: exceptions=395 cacheResets=1 batches=0 verts=0 texStalls=0 recompiles=314 underruns=2 overruns=0 sleep_us=2594397 queue_ms=37
vis: 60.0
cpu: exceptions=472 cacheResets=1 batches=0 verts=0 texStalls=0 recompiles=323 underruns=2 overruns=0 sleep_us=3047759 queue_ms=41
vis: 60.0
cpu: exceptions=547 cacheResets=1 batches=0 verts=0 texStalls=0 recompiles=323 underruns=2 overruns=0 sleep_us=3505327 queue_ms=33
vis: 60.0
cpu: exceptions=740 cacheResets=1 batches=0 verts=0 texStalls=0 recompiles=434 underruns=2 overruns=0 sleep_us=3760316 queue_ms=37
vis: 60.0
cpu: exceptions=965 cacheResets=1 batches=0 verts=0 texStalls=0 recompiles=434 underruns=2 overruns=0 sleep_us=4004275 queue_ms=41
vis: 60.0
cpu: exceptions=1152 cacheResets=1 batches=0 verts=0 texStalls=0 recompiles=448 underruns=2 overruns=0 sleep_us=4263517 queue_ms=33
vis: 59.9
cpu: exceptions=1393 cacheResets=1 batches=0 verts=0 texStalls=0 recompiles=497 underruns=2 overruns=0 sleep_us=4498531 queue_ms=37
fps: 0.1
vis: 60.0
cpu: exceptions=1687 cacheResets=1 batches=591 verts=8424 texStalls=0 recompiles=1254 underruns=3 overruns=0 sleep_us=4665404 queue_ms=107
fps: 31.0
vis: 60.0
cpu: exceptions=1961 cacheResets=1 batches=1476 verts=20754 texStalls=0 recompiles=1255 underruns=3 overruns=0 sleep_us=5023234 queue_ms=98
fps: 30.0
vis: 60.0
cpu: exceptions=2238 cacheResets=1 batches=2361 verts=33084 texStalls=0 recompiles=1276 underruns=3 overruns=0 sleep_us=5370225 queue_ms=102
fps: 30.0
vis: 60.0
cpu: exceptions=2515 cacheResets=1 batches=3246 verts=45414 texStalls=0 recompiles=1279 underruns=3 overruns=0 sleep_us=5737003 queue_ms=107
fps: 30.0
vis: 60.0
cpu: exceptions=2790 cacheResets=1 batches=4131 verts=57744 texStalls=0 recompiles=1294 underruns=3 overruns=0 sleep_us=6103456 queue_ms=111
fps: 29.0
vis: 60.0
cpu: exceptions=3076 cacheResets=1 batches=5016 verts=70074 texStalls=0 recompiles=1300 underruns=3 overruns=0 sleep_us=6457259 queue_ms=89
fps: 30.0
vis: 60.0
cpu: exceptions=3359 cacheResets=1 batches=5901 verts=82404 texStalls=0 recompiles=1300 underruns=3 overruns=0 sleep_us=6809869 queue_ms=93
fps: 30.0
vis: 60.0
cpu: exceptions=3639 cacheResets=1 batches=6786 verts=94734 texStalls=0 recompiles=1302 underruns=3 overruns=0 sleep_us=7167735 queue_ms=85
fps: 30.0
vis: 60.0
cpu: exceptions=3920 cacheResets=1 batches=7671 verts=107064 texStalls=0 recompiles=1351 underruns=3 overruns=0 sleep_us=7523578 queue_ms=89
fps: 30.0
vis: 60.0
cpu: exceptions=4198 cacheResets=1 batches=7971 verts=112194 texStalls=0 recompiles=1366 underruns=3 overruns=0 sleep_us=7902008 queue_ms=93
fps: 30.0
vis: 60.0
cpu: exceptions=4489 cacheResets=1 batches=8449 verts=139314 texStalls=0 recompiles=1384 underruns=3 overruns=0 sleep_us=8601359 queue_ms=95
fps: 29.9
vis: 60.0
cpu: exceptions=4636 cacheResets=1 batches=8854 verts=166539 texStalls=0 recompiles=1386 underruns=3 overruns=0 sleep_us=8965633 queue_ms=99
fps: 30.0
vis: 60.0
cpu: exceptions=4781 cacheResets=1 batches=9259 verts=193764 texStalls=0 recompiles=1387 underruns=3 overruns=0 sleep_us=9338876 queue_ms=104
fps: 30.0
vis: 60.0
cpu: exceptions=4931 cacheResets=1 batches=9664 verts=220989 texStalls=0 recompiles=1387 underruns=3 overruns=0 sleep_us=9708940 queue_ms=108
fps: 30.0
vis: 60.0
cpu: exceptions=5081 cacheResets=1 batches=10069 verts=248214 texStalls=0 recompiles=1389 underruns=3 overruns=0 sleep_us=10076128 queue_ms=99
mark: stop reason: chain guest VI limit
mark: stop_it requested
audio: alist_resample_calls=11186 alist_resample_samples=2058224 alist_zoh_calls=0 alist_zoh_samples=0 musyx_subframes=0 musyx_voices=0 musyx_voice_peak=0
audio_stages: adpcm_calls=6590 adpcm_samples=722912 envmix_calls=8440 envmix_samples=1552960 mix_calls=54920 mix_samples=10105280 musyx_fx_calls=0 musyx_fx_taps=0 output_calls=342 output_samples=251896
audio_envmix: exp_calls=0 ge_calls=0 lin_calls=8440 nead_calls=0 exp_steady=0 ge_steady=0 lin_steady=7902
audio_gaps: nead_mats=0 nead_efz=0 resample_flag2=0 musyx_ptr10=0
audio_output: stream_requests=4271 stream_fed=869 input_hz=22047 playback_hz=22047 queue_peak_ms=124
audio_time: stage=resample sampled_calls=88 sampled_samples=16192 sampled_us=634
audio_time: stage=zoh sampled_calls=0 sampled_samples=0 sampled_us=0
audio_time: stage=adpcm sampled_calls=51 sampled_samples=5680 sampled_us=244
audio_time: stage=envmix_exp sampled_calls=0 sampled_samples=0 sampled_us=0
audio_time: stage=envmix_ge sampled_calls=0 sampled_samples=0 sampled_us=0
audio_time: stage=envmix_lin sampled_calls=66 sampled_samples=12144 sampled_us=1020
audio_time: stage=envmix_nead sampled_calls=0 sampled_samples=0 sampled_us=0
audio_time: stage=mix sampled_calls=432 sampled_samples=79488 sampled_us=1292
audio_time: stage=musyx_voice sampled_calls=0 sampled_samples=0 sampled_us=0
audio_time: stage=musyx_fx sampled_calls=0 sampled_samples=0 sampled_us=0
audio_time: stage=output sampled_calls=2 sampled_samples=1472 sampled_us=27
game: n=4/4 how=vis vis=900 vi_rate=60 vi0_retrace=9243 wall_us=15194347 sleep_us=10076128 avg_vis=58.00 avg_fps=26.27 exceptions=5086 cacheResets=1 recompiles=1389 batches=10096 verts=250029 texStalls=0 treeDepthMax=15 underruns=3 overruns=0 queue_peak_ms=111 dsp_avg=1.37 dsp_peak=1.60 dsp_samples=30 pmc1=3409228872 pmc2=3534301814 pmc3=0 pmc4=0 mmcr0=00000042 mmcr1=00000000 heap_used=10881304 heap_free=81896 arena1_free=499712 arena2_free=577472 flushes=3 flush_us=37290 padtrace=0 rom=sd:/wii64/roms/Donkey Kong 64 (USA).z64
=== chain 4/4 end vis=900 how=vis rom=sd:/wii64/roms/Donkey Kong 64 (USA).z64 ===
